 ------------------------------------------------------------------------------------------------------------------------------------------------------------------- 
| Snapshot                | WNS                  | TNS                  | Density (%) | Hotspot                   | Resource               | DRVs       | Layer-OPT |
|                         | HEPG (ns) | ALL (ns) | HEPG (ns) | ALL (ns) |             | Max (bins) | Total (bins) | Real (s) | Memory (MB) | Tran | Cap | M4        |
|-------------------------+-----------+----------+-----------+----------+-------------+------------+--------------+----------+-------------+------+-----+-----------|
| initial_summary         |           |    0.300 |           |        0 |       24.01 |            |              | 0:00:06  |       10715 |   11 |   0 |           |
| route_type_refinement   |           |          |           |          |             |            |              | 0:00:04  |       10715 |      |     |       841 |
| simplify_netlist        |           |          |           |          |             |            |              | 0:00:04  |       10715 |      |     |           |
| excluded_clk_net_fixing |           |          |           |          |             |            |              | 0:00:00  |       10715 |      |     |           |
| drv_fixing              |     0.713 |    0.300 |         0 |        0 |       24.01 |            |              | 0:00:09  |       10745 |   13 |   0 |       842 |
| global_opt              |           |    0.300 |           |        0 |       24.01 |            |              | 0:00:05  |       10745 |      |     |       842 |
| global_opt_2            |           |    0.300 |           |        0 |       24.01 |            |              | 0:00:05  |       10745 |      |     |       842 |
| area_reclaiming         |     0.713 |    0.300 |         0 |        0 |       23.96 |            |              | 0:00:12  |       10745 |      |     |       148 |
| drv_fixing_2            |     0.713 |    0.300 |         0 |        0 |       23.99 |            |              | 0:00:12  |       10795 |   13 |   0 |       412 |
| area_reclaiming_2       |     0.679 |    0.300 |         0 |        0 |       23.95 |            |              | 0:00:27  |       10796 |      |     |      1076 |
| area_reclaiming_3       |     0.673 |    0.300 |         0 |        0 |       23.93 |            |              | 0:00:15  |       10796 |      |     |       167 |
| local_wire_reclaim      |           |          |           |          |             |            |              | 0:00:33  |       10796 |      |     |           |
| global_route            |           |          |           |          |             |       0.00 |         0.00 | 0:00:11  |       10705 |      |     |           |
| route_type_refinement_2 |           |          |           |          |             |            |              | 0:00:01  |       10705 |      |     |       167 |
| drv_eco_fixing          |     0.669 |    0.301 |         0 |        0 |       24.00 |            |              | 0:00:07  |       10796 |   10 |   0 |       771 |
| initial_summary_2       |     0.670 |    0.301 |           |        0 |       24.00 |            |              | 0:00:49  |       10716 |    9 |   0 |           |
| hold_fixing             |     0.591 |    0.301 |         0 |        0 |       26.69 |            |              | 0:01:58  |       10853 |      |     |       787 |
| global_route_2          |           |          |           |          |             |            |              | 0:00:00  |       10853 |      |     |           |
| final_summary           |     0.591 |    0.301 |           |        0 |       26.69 |       0.00 |         0.00 | 0:00:40  |       10724 |   12 |   0 |           |
 ------------------------------------------------------------------------------------------------------------------------------------------------------------------- 
