###############################################################
#  Generated by:      Cadence Innovus 23.14-s088_1
#  OS:                Linux x86_64(Host ID user1-EliteMini)
#  Generated on:      Sat Jul 11 22:14:11 2026
#  Design:            Multiplier32
#  Command:           verifyConnectivity -type all -error 1000 -warning 50 -report ./verify_rpt/connectivity_pnr.rpt
###############################################################
Verify Connectivity Report is created on Sat Jul 11 22:14:11 2026




Multi-CPU acceleration using 12 CPU


Use pthread

Net VDD: has special routes with opens at (1.200, 1.200) (81.528, 80.880)
Net VDD: has regular routing with opens at (2.160, 79.884) (80.568, 79.956)
Net VDD: has regular routing with opens at (2.160, 71.244) (80.568, 71.316)
Net VDD: has regular routing with opens at (2.160, 62.604) (80.568, 62.676)
Net VDD: has regular routing with opens at (2.160, 53.964) (80.568, 54.036)
Net VDD: has regular routing with opens at (2.160, 45.324) (80.568, 45.396)
Net VDD: has regular routing with opens at (2.160, 36.684) (80.568, 36.756)
Net VDD: has regular routing with opens at (2.160, 28.044) (80.568, 28.116)
Net VDD: has regular routing with opens at (2.160, 19.404) (80.568, 19.476)
Net VDD: has regular routing with opens at (2.160, 10.764) (80.568, 10.836)
Net VSS: has special routes with opens at (0.240, 0.240) (82.488, 81.840)
Net VDD: has regular routing with opens at (2.160, 2.124) (80.568, 2.196)
Net VSS: has regular routing with opens at (2.160, 76.644) (80.568, 76.716)
Net VSS: has regular routing with opens at (2.160, 68.004) (80.568, 68.076)
Net VSS: has regular routing with opens at (2.160, 59.364) (80.568, 59.436)
Net VSS: has regular routing with opens at (2.160, 50.724) (80.568, 50.796)
Net VSS: has regular routing with opens at (2.160, 42.084) (80.568, 42.156)
Net VSS: has regular routing with opens at (2.160, 33.444) (80.568, 33.516)
Net VSS: has regular routing with opens at (2.160, 24.804) (80.568, 24.876)
Net VSS: has regular routing with opens at (2.160, 16.164) (80.568, 16.236)
Net VSS: has regular routing with opens at (2.160, 7.524) (80.568, 7.596)

Begin Summary
    2 Problem(s) (IMPVFC-200): Special Wires: Pieces of the net are not connected together.
    19 Problem(s) (IMPVFC-92): Pieces of the net are not connected together.
    21 total info(s) created.
End Summary
