Library cell information:
 -----------------------------------------------------
| Cell                    |  Instance  |  Area(um^2)  |
|-----------------------------------------------------|
| A2O1A1Ixp33_ASAP7_75t_R |          3 |        4.199 | 
| AND2x2_ASAP7_75t_R      |         26 |       36.392 | 
| AND2x4_ASAP7_75t_R      |          1 |        2.333 | 
| AND3x1_ASAP7_75t_R      |          2 |        2.799 | 
| AO21x1_ASAP7_75t_R      |          5 |        6.998 | 
| AO21x2_ASAP7_75t_R      |          1 |        1.633 | 
| AO22x1_ASAP7_75t_R      |         28 |       58.787 | 
| AOI211xp5_ASAP7_75t_R   |          2 |        2.799 | 
| AOI21xp33_ASAP7_75t_R   |         39 |       45.490 | 
| AOI21xp5_ASAP7_75t_R    |          8 |        9.331 | 
| AOI221xp5_ASAP7_75t_R   |          9 |       14.697 | 
| AOI22x1_ASAP7_75t_R     |          7 |       16.330 | 
| AOI22xp33_ASAP7_75t_R   |        462 |      646.652 | 
| AOI22xp5_ASAP7_75t_R    |          9 |       12.597 | 
| AOI321xp33_ASAP7_75t_R  |          2 |        3.732 | 
| BUFx12_ASAP7_75t_R      |          1 |        3.732 | 
| BUFx2_ASAP7_75t_R       |         36 |       41.990 | 
| BUFx3_ASAP7_75t_R       |          2 |        2.799 | 
| DFFASRHQNx1_ASAP7_75t_R |         64 |      388.178 | 
| FAx1_ASAP7_75t_R        |         56 |      182.892 | 
| FILLER_ASAP7_75t_R      |       4402 |     2053.797 | 
| FILLERxp5_ASAP7_75t_R   |       1857 |      433.201 | 
| HAxp5_ASAP7_75t_R       |          9 |       18.896 | 
| HB1xp67_ASAP7_75t_R     |         51 |       47.589 | 
| HB2xp67_ASAP7_75t_R     |          1 |        1.166 | 
| HB3xp67_ASAP7_75t_R     |          1 |        1.400 | 
| HB4xp67_ASAP7_75t_R     |          3 |        4.899 | 
| INVx1_ASAP7_75t_R       |         70 |       48.989 | 
| INVx2_ASAP7_75t_R       |         67 |       62.519 | 
| INVx3_ASAP7_75t_R       |          5 |        5.832 | 
| INVx4_ASAP7_75t_R       |          3 |        4.199 | 
| INVxp33_ASAP7_75t_R     |        349 |      244.244 | 
| INVxp67_ASAP7_75t_R     |         53 |       37.092 | 
| MAJIxp5_ASAP7_75t_R     |        315 |      514.382 | 
| MAJx2_ASAP7_75t_R       |        153 |      321.227 | 
| NAND2x1_ASAP7_75t_R     |          1 |        1.400 | 
| NAND2xp33_ASAP7_75t_R   |        121 |      112.908 | 
| NAND2xp5_ASAP7_75t_R    |         28 |       26.127 | 
| NAND3xp33_ASAP7_75t_R   |          7 |        8.165 | 
| NAND4xp25_ASAP7_75t_R   |          2 |        2.799 | 
| NOR2x1_ASAP7_75t_R      |          2 |        2.799 | 
| NOR2xp33_ASAP7_75t_R    |         91 |       84.914 | 
| NOR2xp67_ASAP7_75t_R    |          1 |        1.400 | 
| NOR3x1_ASAP7_75t_R      |          1 |        2.566 | 
| NOR3xp33_ASAP7_75t_R    |          4 |        4.666 | 
| NOR4xp25_ASAP7_75t_R    |          1 |        1.400 | 
| O2A1O1Ixp33_ASAP7_75t_R |          7 |        9.798 | 
| OA21x2_ASAP7_75t_R      |          3 |        4.899 | 
| OA22x2_ASAP7_75t_R      |          1 |        2.333 | 
| OAI211xp5_ASAP7_75t_R   |          8 |       11.197 | 
| OAI21x1_ASAP7_75t_R     |          1 |        1.866 | 
| OAI21xp33_ASAP7_75t_R   |         82 |       95.645 | 
| OAI21xp5_ASAP7_75t_R    |          7 |        8.165 | 
| OAI221xp5_ASAP7_75t_R   |          1 |        1.633 | 
| OAI22xp33_ASAP7_75t_R   |        509 |      712.437 | 
| OAI22xp5_ASAP7_75t_R    |         13 |       18.196 | 
| OAI311xp33_ASAP7_75t_R  |          1 |        1.633 | 
| OAI31xp33_ASAP7_75t_R   |          2 |        2.799 | 
| OR2x2_ASAP7_75t_R       |         14 |       19.596 | 
| OR3x1_ASAP7_75t_R       |          1 |        1.400 | 
| XNOR2xp5_ASAP7_75t_R    |        594 |     1247.115 | 
| XOR2xp5_ASAP7_75t_R     |        322 |      676.045 | 
|-----------------------------------------------------|
| Total                   |       9927 |     8347.692 |
 -----------------------------------------------------
Library cell type information:
 -------------------------------------------------------
| Cell Type        |   Instance   |        Area         |
|                  |              |       um^2  |   %   |
|-------------------------------------------------------|
| Buffer           |           95 |     103.576 |   1.2 | 
| Inverter         |          547 |     402.875 |   4.8 | 
| Combinational    |         2962 |    4966.065 |  59.5 | 
| Flop             |           64 |     388.178 |   4.7 | 
| Multi-Bit Flop   |            0 |       0.000 |   0.0 | 
| Latch            |            0 |       0.000 |   0.0 | 
| Clock Gater      |            0 |       0.000 |   0.0 | 
| Macro            |            0 |       0.000 |   0.0 | 
| Physical Cell    |         6259 |    2486.998 |  29.8 | 
|-------------------------------------------------------|
| Total            |         9927 |    8347.692 | 100.0 | 
 -------------------------------------------------------
