###############################################################
#  Generated by:      Cadence Innovus 23.14-s088_1
#  OS:                Linux x86_64(Host ID user1-EliteMini)
#  Generated on:      Sun Jul 19 00:54:00 2026
#  Design:            Multiplier32
#  Command:           report_timing > ./verify_rpt/postCTS_timing.rpt
###############################################################
Path 1: VIOLATED Setup Check with Pin oP_reg[60]/CLK 
Endpoint:   oP_reg[60]/D (^) checked with  leading edge of 'CLK'
Beginpoint: iB[5]        (^) triggered by  leading edge of 'CLK'
Path Groups: {CLK}
Analysis View: tt
Other End Arrival Time        146.400
- Setup                        11.143
+ Phase Shift                 1000.000
- Uncertainty                  50.000
= Required Time               1085.257
- Arrival Time                1085.400
= Slack Time                   -0.143
     Clock Rise Edge                      0.000
     + Input Delay                      250.000
     + Source Insertion Delay           150.000
     = Beginpoint Arrival Time          400.000
     +---------------------------------------------------------------------------------------------------+ 
     |          Instance          |     Arc     |          Cell           |  Delay |  Arrival | Required | 
     |                            |             |                         |        |   Time   |   Time   | 
     |----------------------------+-------------+-------------------------+--------+----------+----------| 
     |                            | iB[5] ^     |                         |        |  400.000 |  399.857 | 
     | FE_OFC190_iB_5             | A ^ -> Y v  | INVx2_ASAP7_75t_R       | 27.200 |  427.200 |  427.057 | 
     | mul_17_30_g50300           | A2 v -> Y ^ | AOI22x1_ASAP7_75t_R     | 24.200 |  451.400 |  451.257 | 
     | mul_17_30_g49436           | B ^ -> Y ^  | AND2x2_ASAP7_75t_R      | 33.900 |  485.300 |  485.157 | 
     | FE_OFC130_mul_17_30_n_1138 | A ^ -> Y ^  | BUFx2_ASAP7_75t_R       | 34.500 |  519.800 |  519.657 | 
     | FE_RC_72_0                 | B2 ^ -> Y v | AOI22xp5_ASAP7_75t_R    | 33.200 |  553.000 |  552.857 | 
     | mul_17_30_g48469           | C v -> Y v  | MAJx2_ASAP7_75t_R       | 41.200 |  594.200 |  594.057 | 
     | g51868                     | A v -> SN ^ | FAx1_ASAP7_75t_R        | 57.300 |  651.500 |  651.357 | 
     | mul_17_30_g47705__2883     | A ^ -> Y ^  | XOR2xp5_ASAP7_75t_R     | 39.100 |  690.600 |  690.457 | 
     | mul_17_30_g47552__4733     | B ^ -> Y ^  | XOR2xp5_ASAP7_75t_R     | 31.600 |  722.200 |  722.057 | 
     | FE_OFC849_mul_17_30_n_2948 | A ^ -> Y v  | INVxp33_ASAP7_75t_R     | 16.500 |  738.700 |  738.557 | 
     | mul_17_30_g47417__7098     | A v -> Y ^  | MAJIxp5_ASAP7_75t_R     | 27.300 |  766.000 |  765.857 | 
     | mul_17_30_g47132__2398     | A ^ -> Y ^  | XOR2xp5_ASAP7_75t_R     | 32.400 |  798.400 |  798.257 | 
     | mul_17_30_g47075__5122     | B ^ -> Y v  | NOR2xp33_ASAP7_75t_R    | 24.000 |  822.400 |  822.257 | 
     | mul_17_30_g47005__5122     | A1 v -> Y ^ | AOI21xp33_ASAP7_75t_R   | 23.600 |  846.000 |  845.857 | 
     | mul_17_30_g46942__9315     | A2 ^ -> Y ^ | OA21x2_ASAP7_75t_R      | 26.200 |  872.200 |  872.057 | 
     | mul_17_30_g46916__2398     | A2 ^ -> Y v | OAI21xp33_ASAP7_75t_R   | 10.600 |  882.800 |  882.657 | 
     | mul_17_30_g46905__9315     | B v -> Y ^  | AOI21xp5_ASAP7_75t_R    | 29.500 |  912.300 |  912.157 | 
     | mul_17_30_g46877__1666     | A2 ^ -> Y ^ | OA21x2_ASAP7_75t_R      | 36.200 |  948.500 |  948.357 | 
     | mul_17_30_g46872__9315     | A ^ -> Y v  | NOR3x1_ASAP7_75t_R      | 20.700 |  969.200 |  969.057 | 
     | mul_17_30_g46858__1617     | A2 v -> Y v | AO21x2_ASAP7_75t_R      | 42.000 | 1011.200 | 1011.057 | 
     | FE_OFC978_mul_17_30_n_3607 | A v -> Y ^  | INVx2_ASAP7_75t_R       | 19.900 | 1031.100 | 1030.957 | 
     | mul_17_30_g46840__9315     | B ^ -> Y v  | NOR2x1_ASAP7_75t_R      | 14.200 | 1045.300 | 1045.157 | 
     | mul_17_30_g46814__2883     | A1 v -> Y ^ | AOI21xp5_ASAP7_75t_R    | 17.800 | 1063.100 | 1062.957 | 
     | g51792                     | B ^ -> Y ^  | XNOR2xp5_ASAP7_75t_R    | 22.200 | 1085.300 | 1085.157 | 
     | oP_reg[60]                 | D ^         | DFFASRHQNx1_ASAP7_75t_R |  0.100 | 1085.400 | 1085.257 | 
     +---------------------------------------------------------------------------------------------------+ 

