Using Power View: tt.
AAE_INFO: opIsDesignInPostRouteState() is 1
AAE_INFO: resetNetProps viewIdx 0 
Starting SI iteration 1 using Infinite Timing Windows
#################################################################################
# Design Stage: PostRoute
# Design Name: Multiplier32
# Design Mode: 7nm
# Analysis Mode: MMMC OCV 
# Parasitics Mode: SPEF/RCDB 
# Signoff Settings: SI On (EWM-WFP)
#################################################################################
Start delay calculation (fullDC) (12 T). (MEM=6599.84)
Reading RCDB with compressed RC data.
AAE_INFO: 12 threads acquired from CTE.
Total number of fetched objects 3799
AAE_INFO: Total number of nets for which stage creation was skipped for all views 0
AAE_INFO-618: Total number of nets in the design is 3802,  100.0 percent of the nets selected for SI analysis
End delay calculation. (MEM=6637.14 CPU=0:00:03.5 REAL=0:00:00.0)
End delay calculation (fullDC). (MEM=6637.14 CPU=0:00:03.5 REAL=0:00:01.0)
Save waveform /home/user1/Desktop/Script_Backend/Asap7/run_workspace/Multiplier/innovus_temp_2467745_4feb0a1e-42f2-44ce-bc64-ac16e221865e_user1-EliteMini_user1_yKb7uZ/.AAE_wFsZMT/.AAE_2467745_4feb0a1e-42f2-44ce-bc64-ac16e221865e/waveform.data...
Loading CTE timing window with TwFlowType 0...(CPU = 0:00:00.0, REAL = 0:00:00.0, MEM = 6640.6M)
Add other clocks and setupCteToAAEClockMapping during iter 1
Loading CTE timing window is completed (CPU = 0:00:00.0, REAL = 0:00:00.0, MEM = 6640.6M)
Starting SI iteration 2
Start delay calculation (fullDC) (12 T). (MEM=6761.9)
Create and load waveform data /home/user1/Desktop/Script_Backend/Asap7/run_workspace/Multiplier/innovus_temp_2467745_4feb0a1e-42f2-44ce-bc64-ac16e221865e_user1-EliteMini_user1_yKb7uZ/.AAE_wFsZMT/.AAE_2467745_4feb0a1e-42f2-44ce-bc64-ac16e221865e/waveform.data...
Glitch Analysis: View tt -- Total Number of Nets Skipped = 40. 
Glitch Analysis: View tt -- Total Number of Nets Analyzed = 3799. 
Total number of fetched objects 3799
AAE_INFO: Total number of nets for which stage creation was skipped for all views 0
AAE_INFO-618: Total number of nets in the design is 3802,  6.3 percent of the nets selected for SI analysis
End delay calculation. (MEM=6787.15 CPU=0:00:00.4 REAL=0:00:00.0)
End delay calculation (fullDC). (MEM=6787.15 CPU=0:00:00.4 REAL=0:00:00.0)
Load RC corner of view tt

Begin Power Analysis

             0V	    VSS
           0.7V	    VDD
Begin Processing Timing Library for Power Calculation

Ended Processing Timing Library for Power Calculation: (cpu=0:00:00, real=0:00:00, mem(process/total/peak)=6750.50MB/unknown/unknown)



Begin Processing Power Net/Grid for Power Calculation

Ended Processing Power Net/Grid for Power Calculation: (cpu=0:00:00, real=0:00:00, mem(process/total/peak)=6750.50MB/unknown/unknown)

Begin Processing Timing Window Data for Power Calculation

CK: assigning clock CLK to net iclk
Ended Processing Timing Window Data for Power Calculation: (cpu=0:00:00, real=0:00:00, mem(process/total/peak)=6759.62MB/unknown/unknown)

Begin Processing User Attributes

Ended Processing User Attributes: (cpu=0:00:00, real=0:00:00, mem(process/total/peak)=6759.62MB/unknown/unknown)

Begin Processing Signal Activity


Starting Activity Propagation
2026-Jul-19 00:55:52 (2026-Jul-18 15:55:52 GMT)
2026-Jul-19 00:55:52 (2026-Jul-18 15:55:52 GMT): 10%
2026-Jul-19 00:55:52 (2026-Jul-18 15:55:52 GMT): 20%
2026-Jul-19 00:55:52 (2026-Jul-18 15:55:52 GMT): 30%

Finished Activity Propagation
2026-Jul-19 00:55:52 (2026-Jul-18 15:55:52 GMT)
Ended Processing Signal Activity: (cpu=0:00:00, real=0:00:00, mem(process/total/peak)=6759.62MB/unknown/unknown)

Begin Power Computation

      ----------------------------------------------------------
      # of cell(s) missing both power/leakage table: 0
      # of cell(s) missing power table: 0
      # of cell(s) missing leakage table: 0
      ----------------------------------------------------------



Starting Calculating power
2026-Jul-19 00:55:52 (2026-Jul-18 15:55:52 GMT)
2026-Jul-19 00:55:52 (2026-Jul-18 15:55:52 GMT): 10%
2026-Jul-19 00:55:52 (2026-Jul-18 15:55:52 GMT): 20%
2026-Jul-19 00:55:52 (2026-Jul-18 15:55:52 GMT): 30%
2026-Jul-19 00:55:52 (2026-Jul-18 15:55:52 GMT): 40%
2026-Jul-19 00:55:52 (2026-Jul-18 15:55:52 GMT): 50%
2026-Jul-19 00:55:52 (2026-Jul-18 15:55:52 GMT): 60%
2026-Jul-19 00:55:52 (2026-Jul-18 15:55:52 GMT): 70%
2026-Jul-19 00:55:52 (2026-Jul-18 15:55:52 GMT): 80%
2026-Jul-19 00:55:52 (2026-Jul-18 15:55:52 GMT): 90%

Finished Calculating power
2026-Jul-19 00:55:52 (2026-Jul-18 15:55:52 GMT)
      # of MSMV cell(s) missing power_level: 0
Ended Power Computation: (cpu=0:00:00, real=0:00:00, mem(process/total/peak)=6770.14MB/unknown/unknown)

Begin Processing User Attributes

Begin Processing set_power
Ended Processing set_power: (cpu=0:00:00, real=0:00:00,
mem(process/total/peak)=6770.14MB/unknown/unknown)
Ended Processing User Attributes: (cpu=0:00:00, real=0:00:00, mem(process/total/peak)=6770.14MB/unknown/unknown)

Ended Power Analysis: (cpu=0:00:00, real=0:00:00, mem(process/total/peak)=6770.14MB/unknown/unknown)

Begin Boundary Leakage Calculation
Ended Boundary Leakage Calculation: (cpu=0:00:00, real=0:00:00,
mem(process/total/peak)=6770.14MB/unknown/unknown)
Begin Static Power Report Generation
*----------------------------------------------------------------------------------------
*	Innovus 23.14-s088_1 (64bit) 02/28/2025 12:25 (Linux 3.10.0-693.el7.x86_64)
*	
*
* 	Date & Time:	2026-Jul-19 00:55:53 (2026-Jul-18 15:55:53 GMT)
*
*----------------------------------------------------------------------------------------
*
*	Design: Multiplier32
*
*	Parasitic Files used:
*
*       Power View : tt
*
*       User-Defined Activity : N.A.
*
*       Activity File: N.A.
*
*       Hierarchical Global Activity: N.A.
*
*       Global Activity: N.A.
*
*       Sequential Element Activity: 0.200000
*
*       Primary Input Activity: 0.200000
*
*       Default icg ratio: N.A.
*
*       Global Comb ClockGate Ratio: N.A.
*
*	Power Units = 1mW
*
*	Time Units = 1e-12 secs
*
*       report_power
*
-----------------------------------------------------------------------------------------
*



Total Power
-----------------------------------------------------------------------------------------
Total Internal Power:        0.56108474 	   38.7011%
Total Switching Power:       0.88837590 	   61.2761%
Total Leakage Power:         0.00033103 	    0.0228%
Total Power:                 1.44979167
-----------------------------------------------------------------------------------------


Group                           Internal   Switching     Leakage       Total  Percentage 
                                Power      Power         Power         Power  (%)        
-----------------------------------------------------------------------------------------
Sequential                       0.09284     0.03208   1.874e-05      0.1249       8.618
Macro                                  0           0           0           0           0
IO                                     0           0           0           0           0
Combinational                     0.4629      0.8391   0.0003116       1.302       89.82
Clock (Combinational)           0.005386     0.01719   7.162e-07     0.02258       1.557
Clock (Sequential)                     0           0           0           0           0
-----------------------------------------------------------------------------------------
Total                             0.5611      0.8884    0.000331        1.45         100
-----------------------------------------------------------------------------------------


Rail                  Voltage   Internal   Switching     Leakage       Total  Percentage 
                                Power      Power         Power         Power  (%)        
-----------------------------------------------------------------------------------------
VDD                       0.7     0.5611      0.8884    0.000331        1.45         100


Clock                           Internal   Switching     Leakage       Total  Percentage 
                                Power      Power         Power         Power  (%)        
-----------------------------------------------------------------------------------------
CLK                             0.005386     0.01719   7.162e-07     0.02258       1.557
-----------------------------------------------------------------------------------------
Total                           0.005386     0.01719   7.162e-07     0.02258       1.557
-----------------------------------------------------------------------------------------
Clock: CLK
Clock Period: 0.001000 usec 
Clock Toggle Rate:  2000.0000 Mhz 
Clock Static Probability:  0.5000
  
 
 
-----------------------------------------------------------------------------------------
*	Power Distribution Summary: 
*              Highest Average Power:       CTS_ccl_a_buf_00001 (BUFx12_ASAP7_75t_R):          0.02258
*              Highest Leakage Power:       CTS_ccl_a_buf_00001 (BUFx12_ASAP7_75t_R):        7.162e-07
*                Total Cap:      7.39897e-12 F
*                Total instances in design:  3668
*                Total instances in design with no power:     0
*                Total instances in design with no activty:     0

*                Total Fillers and Decap:     0
-----------------------------------------------------------------------------------------
 
** INFO:  (VOLTUS_POWR-3465): There are 0 decaps and 0 fillers in the design

Ended Static Power Report Generation: (cpu=0:00:00, real=0:00:00,
mem(process/total/peak)=6770.89MB/unknown/unknown)

