###############################################################
#  Generated by:      Cadence Innovus 23.14-s088_1
#  OS:                Linux x86_64(Host ID user1-EliteMini)
#  Generated on:      Sun Jul 19 00:51:38 2026
#  Design:            Multiplier32
#  Command:           report_timing > ./verify_rpt/preCTS_timing.rpt
###############################################################
Path 1: VIOLATED Setup Check with Pin oP_reg[60]/CLK 
Endpoint:   oP_reg[60]/D (^) checked with  leading edge of 'CLK'
Beginpoint: iB[11]       (^) triggered by  leading edge of 'CLK'
Path Groups: {CLK}
Analysis View: tt
Other End Arrival Time        100.000
- Setup                        14.121
+ Phase Shift                 1000.000
- Uncertainty                  50.000
= Required Time               1035.879
- Arrival Time                1037.200
= Slack Time                   -1.321
     Clock Rise Edge                      0.000
     + Input Delay                      250.000
     + Source Insertion Delay           150.000
     = Beginpoint Arrival Time          400.000
     +-----------------------------------------------------------------------------------------------------+ 
     |          Instance          |      Arc      |          Cell           |  Delay |  Arrival | Required | 
     |                            |               |                         |        |   Time   |   Time   | 
     |----------------------------+---------------+-------------------------+--------+----------+----------| 
     |                            | iB[11] ^      |                         |        |  400.000 |  398.679 | 
     | FE_OFC489_iB_11            | A ^ -> Y v    | INVx8_ASAP7_75t_R       | 16.200 |  416.200 |  414.879 | 
     | mul_17_30_g50307           | A2 v -> Y ^   | AOI22x1_ASAP7_75t_R     | 35.600 |  451.800 |  450.479 | 
     | mul_17_30_g49432           | B ^ -> Y ^    | AND2x4_ASAP7_75t_R      | 40.000 |  491.800 |  490.479 | 
     | mul_17_30_g49229           | A2 ^ -> Y v   | AOI22xp33_ASAP7_75t_R   | 34.400 |  526.200 |  524.879 | 
     | mul_17_30_g48684           | B v -> Y v    | XNOR2xp5_ASAP7_75t_R    | 32.400 |  558.600 |  557.279 | 
     | mul_17_30_g48344           | B v -> Y v    | XOR2xp5_ASAP7_75t_R     | 29.300 |  587.900 |  586.579 | 
     | mul_17_30_g47963           | C v -> Y v    | MAJx2_ASAP7_75t_R       | 37.200 |  625.100 |  623.779 | 
     | FE_RC_25_0                 | A v -> Y v    | XNOR2xp5_ASAP7_75t_R    | 24.600 |  649.700 |  648.379 | 
     | FE_RC_24_0                 | A v -> Y v    | XOR2xp5_ASAP7_75t_R     | 26.600 |  676.300 |  674.979 | 
     | g51891                     | CI v -> CON ^ | FAx1_ASAP7_75t_R        | 35.000 |  711.300 |  709.979 | 
     | mul_17_30_g47214__7098     | A ^ -> Y ^    | XOR2xp5_ASAP7_75t_R     | 38.000 |  749.300 |  747.979 | 
     | mul_17_30_g47118__6161     | B ^ -> Y v    | XOR2xp5_ASAP7_75t_R     | 24.600 |  773.900 |  772.579 | 
     | mul_17_30_g47049__7482     | B v -> Y v    | XNOR2x1_ASAP7_75t_R     | 30.100 |  804.000 |  802.679 | 
     | mul_17_30_g46985__6417     | B v -> Y ^    | NAND2x1_ASAP7_75t_R     | 26.000 |  830.000 |  828.679 | 
     | mul_17_30_g46935__6131     | A1 ^ -> Y v   | OAI21xp5_ASAP7_75t_R    | 21.200 |  851.200 |  849.879 | 
     | mul_17_30_g46929           | A v -> Y ^    | INVxp67_ASAP7_75t_R     | 12.600 |  863.800 |  862.479 | 
     | FE_RC_10_0                 | A2 ^ -> Y v   | OAI21xp5_ASAP7_75t_R    | 10.700 |  874.500 |  873.179 | 
     | mul_17_30_g46890__3680     | A1 v -> Y ^   | AOI21xp5_ASAP7_75t_R    | 18.100 |  892.600 |  891.279 | 
     | mul_17_30_g46885__4319     | B ^ -> Y v    | OAI21x1_ASAP7_75t_R     | 19.300 |  911.900 |  910.579 | 
     | mul_17_30_g46884           | A v -> Y ^    | INVx1_ASAP7_75t_R       | 12.400 |  924.300 |  922.979 | 
     | mul_17_30_g46865__7098     | A2 ^ -> Y v   | OAI21xp5_ASAP7_75t_R    | 10.500 |  934.800 |  933.479 | 
     | mul_17_30_g46858__1617     | B v -> Y v    | AO21x2_ASAP7_75t_R      | 36.700 |  971.500 |  970.179 | 
     | FE_OFC548_mul_17_30_n_3607 | A v -> Y ^    | INVx4_ASAP7_75t_R       | 17.500 |  989.000 |  987.679 | 
     | mul_17_30_g46840__9315     | B ^ -> Y v    | NOR2x1p5_ASAP7_75t_R    | 12.800 | 1001.800 | 1000.479 | 
     | mul_17_30_g46814__2883     | A1 v -> Y ^   | AOI21x1_ASAP7_75t_R     | 13.800 | 1015.600 | 1014.279 | 
     | g51792                     | B ^ -> Y ^    | XNOR2xp5_ASAP7_75t_R    | 21.500 | 1037.100 | 1035.779 | 
     | oP_reg[60]                 | D ^           | DFFASRHQNx1_ASAP7_75t_R |  0.100 | 1037.200 | 1035.879 | 
     +-----------------------------------------------------------------------------------------------------+ 

