###############################################################
#  Generated by:      Cadence Innovus 23.14-s088_1
#  OS:                Linux x86_64(Host ID user1-EliteMini)
#  Generated on:      Sun Jul 19 00:55:53 2026
#  Design:            Multiplier32
#  Command:           report_timing > ./verify_rpt/timing_pnr.rpt
###############################################################
Path 1: MET Setup Check with Pin oP_reg[56]/CLK 
Endpoint:   oP_reg[56]/D (^) checked with  leading edge of 'CLK'
Beginpoint: iB[17]       (^) triggered by  leading edge of 'CLK'
Path Groups: {CLK}
Analysis View: tt
Other End Arrival Time        145.100
- Setup                        11.737
+ Phase Shift                 1000.000
- Uncertainty                  50.000
= Required Time               1083.363
- Arrival Time                1083.200
= Slack Time                    0.163
     Clock Rise Edge                      0.000
     + Input Delay                      250.000
     + Source Insertion Delay           150.000
     = Beginpoint Arrival Time          400.000
     +-----------------------------------------------------------------------------------------------------+ 
     |          Instance          |      Arc      |          Cell           |  Delay |  Arrival | Required | 
     |                            |               |                         |        |   Time   |   Time   | 
     |----------------------------+---------------+-------------------------+--------+----------+----------| 
     |                            | iB[17] ^      |                         |        |  400.000 |  400.163 | 
     | FE_OFC443_iB_17            | A ^ -> Y v    | INVx3_ASAP7_75t_R       | 21.200 |  421.200 |  421.363 | 
     | mul_17_30_g50302           | A2 v -> Y ^   | AOI22xp5_ASAP7_75t_R    | 45.500 |  466.700 |  466.863 | 
     | FE_OFC924_mul_17_30_n_200  | A ^ -> Y v    | INVx1_ASAP7_75t_R       | 43.500 |  510.200 |  510.363 | 
     | mul_17_30_g49219           | B2 v -> Y ^   | AOI22xp5_ASAP7_75t_R    | 39.900 |  550.100 |  550.263 | 
     | mul_17_30_g48725           | A ^ -> Y ^    | XNOR2xp5_ASAP7_75t_R    | 27.600 |  577.700 |  577.863 | 
     | mul_17_30_g48299           | B ^ -> Y ^    | XOR2xp5_ASAP7_75t_R     | 39.200 |  616.900 |  617.063 | 
     | mul_17_30_g47913__9945     | C ^ -> Y ^    | MAJx2_ASAP7_75t_R       | 34.800 |  651.700 |  651.863 | 
     | FE_RC_25_0                 | B ^ -> Y ^    | XNOR2xp5_ASAP7_75t_R    | 20.600 |  672.300 |  672.463 | 
     | FE_RC_24_0                 | A ^ -> Y ^    | XOR2xp5_ASAP7_75t_R     | 34.500 |  706.800 |  706.963 | 
     | g51891                     | CI ^ -> CON v | FAx1_ASAP7_75t_R        | 28.600 |  735.400 |  735.563 | 
     | mul_17_30_g47282__3680     | A v -> Y ^    | MAJIxp5_ASAP7_75t_R     | 32.700 |  768.100 |  768.263 | 
     | FE_RC_92_0                 | A ^ -> Y ^    | XOR2xp5_ASAP7_75t_R     | 35.200 |  803.300 |  803.463 | 
     | FE_RC_91_0                 | A ^ -> Y v    | XNOR2xp5_ASAP7_75t_R    | 27.800 |  831.100 |  831.263 | 
     | mul_17_30_g47010__5115     | B v -> Y ^    | NOR2xp33_ASAP7_75t_R    | 31.400 |  862.500 |  862.663 | 
     | mul_17_30_g46935__6131     | A2 ^ -> Y v   | OAI21xp33_ASAP7_75t_R   | 23.600 |  886.100 |  886.263 | 
     | FE_OFC844_mul_17_30_n_3534 | A v -> Y ^    | INVxp67_ASAP7_75t_R     | 12.400 |  898.500 |  898.663 | 
     | FE_RC_10_0                 | A2 ^ -> Y v   | OAI21xp33_ASAP7_75t_R   | 11.900 |  910.400 |  910.563 | 
     | mul_17_30_g46890__3680     | A1 v -> Y ^   | AOI21xp5_ASAP7_75t_R    | 18.900 |  929.300 |  929.463 | 
     | mul_17_30_g46885__4319     | B ^ -> Y v    | OAI21x1_ASAP7_75t_R     | 19.400 |  948.700 |  948.863 | 
     | FE_OFC980_mul_17_30_n_3579 | A v -> Y ^    | INVxp67_ASAP7_75t_R     | 13.100 |  961.800 |  961.963 | 
     | mul_17_30_g46865__7098     | A2 ^ -> Y v   | OAI21xp5_ASAP7_75t_R    | 10.600 |  972.400 |  972.563 | 
     | mul_17_30_g46858__1617     | B v -> Y v    | AO21x2_ASAP7_75t_R      | 35.600 | 1008.000 | 1008.163 | 
     | FE_OFC978_mul_17_30_n_3607 | A v -> Y ^    | INVx2_ASAP7_75t_R       | 19.300 | 1027.300 | 1027.463 | 
     | mul_17_30_g46840__9315     | B ^ -> Y v    | NOR2x1_ASAP7_75t_R      | 12.500 | 1039.800 | 1039.963 | 
     | mul_17_30_g46831__5122     | B v -> Y ^    | NOR2xp33_ASAP7_75t_R    | 19.900 | 1059.700 | 1059.863 | 
     | g51780                     | B ^ -> Y ^    | XNOR2xp5_ASAP7_75t_R    | 23.400 | 1083.100 | 1083.263 | 
     | oP_reg[56]                 | D ^           | DFFASRHQNx1_ASAP7_75t_R |  0.100 | 1083.200 | 1083.363 | 
     +-----------------------------------------------------------------------------------------------------+ 

