-------------------------------------------------------------------------------
Name     : Shielded net name
Length   : Shielded net length
Shield   : Total length of shielding wire
Ratio    : Average shielding ratio
-------------------------------------------------------------------------------
Name          Length    Shield    Ratio   
                                         Layer:      Length     Shield  Ratio
-------------------------------------------------------------------------------
iclk:   preferred: M4 - M5
                68.2     135.0    0.989
                                             M2:        0.1        0.0  0.000
                                             M3:        0.1        0.1  0.500
                                             M5:       67.5      134.1  0.993
                                             M6:        0.1        0.1  0.500
                                             M7:        0.3        0.6  1.000
-------------------------------------------------------------------------------

 Average ratio:                   0.989
                                             M2:          0.1        0.0  0.000
                                             M3:          0.1        0.1  0.500
                                             M5:         67.5      134.1  0.993
                                             M6:          0.1        0.1  0.500
                                             M7:          0.3        0.6  1.000


