 -------------------------------------------------------------------------------------------------------------------------------------------------------------------------------------------------------------------- 
| Snapshot                | WNS                  | TNS                  | Density (%) | Power estimated                                            | Hotspot                   | Resource               | DRVs       |
|                         | HEPG (ns) | ALL (ns) | HEPG (ns) | ALL (ns) |             | Total (mW) | Leakage (mW) | Switching (mW) | Internal (mW) | Max (bins) | Total (bins) | Real (s) | Memory (MB) | Tran | Cap |
|-------------------------+-----------+----------+-----------+----------+-------------+------------+--------------+----------------+---------------+------------+--------------+----------+-------------+------+-----|
| initial_summary         |           |          |           |          |       80.35 |            |              |                |               |            |              | 0:00:01  |        8054 |    0 |   0 |
| route_type_refinement   |           |          |           |          |             |            |              |                |               |            |              | 0:00:00  |        8054 |      |     |
| simplify_netlist        |           |          |           |          |             |       0.16 |         0.00 |           0.11 |          0.05 |            |              | 0:00:01  |        8429 |      |     |
| excluded_clk_net_fixing |           |          |           |          |             |            |              |                |               |            |              | 0:00:00  |        8429 |      |     |
| drv_fixing              |     0.000 |    0.000 |         0 |        0 |       80.35 |       0.16 |         0.00 |           0.11 |          0.05 |            |              | 0:00:01  |        8429 |    0 |   0 |
| global_opt              |           |    0.000 |           |        0 |       80.35 |       0.16 |         0.00 |           0.11 |          0.05 |            |              | 0:00:02  |        8429 |      |     |
| area_reclaiming         |     0.000 |    0.000 |         0 |        0 |       80.35 |       0.16 |         0.00 |           0.11 |          0.05 |            |              | 0:00:00  |        8429 |      |     |
| drv_fixing_2            |     0.000 |    0.000 |         0 |        0 |       80.35 |       0.16 |         0.00 |           0.11 |          0.05 |            |              | 0:00:01  |        8429 |    0 |   0 |
| wns_fixing              |     0.000 |    0.000 |         0 |        0 |       80.35 |       0.16 |         0.00 |           0.11 |          0.05 |            |              | 0:00:01  |        8621 |      |     |
| tns_fixing              |     0.000 |    0.000 |         0 |        0 |       80.35 |       0.16 |         0.00 |           0.11 |          0.05 |            |              | 0:00:02  |        8621 |      |     |
| area_reclaiming_2       |     0.000 |    0.000 |         0 |        0 |       80.33 |       0.16 |         0.00 |           0.11 |          0.05 |            |              | 0:00:01  |        8489 |      |     |
| area_reclaiming_3       |     0.000 |    0.000 |         0 |        0 |       80.33 |       0.16 |         0.00 |           0.11 |          0.05 |            |              | 0:00:00  |        8489 |      |     |
| power_reclaiming        |     0.000 |    0.000 |         0 |        0 |       80.33 |       0.16 |         0.00 |           0.11 |          0.05 |            |              | 0:00:01  |        8785 |      |     |
| local_wire_reclaim      |           |          |           |          |             |            |              |                |               |            |              | 0:00:04  |        8593 |      |     |
| global_route            |           |          |           |          |             |            |              |                |               |       0.00 |         0.00 | 0:00:01  |        8535 |      |     |
| route_type_refinement_2 |           |          |           |          |             |            |              |                |               |            |              | 0:00:00  |        8535 |      |     |
| drv_eco_fixing          |     0.000 |    0.000 |         0 |        0 |       80.36 |       0.16 |         0.00 |           0.11 |          0.05 |            |              | 0:00:01  |        8658 |    0 |   0 |
| tns_eco_fixing          |     0.000 |    0.000 |         0 |        0 |       80.36 |       0.16 |         0.00 |           0.11 |          0.05 |            |              | 0:00:01  |        8850 |      |     |
| power_reclaiming_2      |     0.000 |    0.000 |         0 |        0 |       80.36 |       0.16 |         0.00 |           0.11 |          0.05 |            |              | 0:00:02  |        9524 |      |     |
| initial_summary_2       |           |          |           |          |       80.36 |            |              |                |               |            |              | 0:00:02  |        9338 |    0 |   0 |
| hold_fixing             |           |          |           |          |             |       0.16 |         0.00 |           0.11 |          0.05 |            |              | 0:00:00  |        9498 |      |     |
| final_summary           |           |    0.000 |           |        0 |       80.36 |            |              |                |               |       0.00 |         0.00 | 0:00:03  |        9487 |    0 |   0 |
 -------------------------------------------------------------------------------------------------------------------------------------------------------------------------------------------------------------------- 
