###############################################################
#  Generated by:      Cadence Innovus 23.14-s088_1
#  OS:                Linux x86_64(Host ID user1-EliteMini)
#  Generated on:      Fri Aug 14 13:48:40 2026
#  Design:            axi_ram
#  Command:           checkPinAssignment -outFile ./verify_rpt/checkPinAssignment_after_pin.rpt
###############################################################

Start Checking pins of top cell: [axi_ram] 
Summary report for top level: [axi_ram] 
	Total Pins                         : 228
	Legally Assigned Pins              : 228
End of Summary report
End Checking pins of top cell: [axi_ram] 


===========================================================================================================================
                                                checkPinAssignment Summary
===========================================================================================================================
Partition   | pads  | pins   | legal  | illegal | internal | internal illegal | FT     | FT illegal | constant | unplaced |
===========================================================================================================================
axi_ram     |     0 |    228 |    228 |       0 |        0 |                0 |      0 |          0 |        0 |        0 |
===========================================================================================================================
TOTAL       |     0 |    228 |    228 |       0 |        0 |                0 |      0 |          0 |        0 |        0 |
===========================================================================================================================
