###############################################################
#  Generated by:      Cadence Innovus 23.14-s088_1
#  OS:                Linux x86_64(Host ID user1-EliteMini)
#  Generated on:      Fri Aug 14 18:17:51 2026
#  Design:            axi_ram
#  Command:           checkPlace ./verify_rpt/checkPlace_after_place.rpt
###############################################################

#########################################################
## Total instances with placement violations: 36
#########################################################

## Insts placed overlapping with other insts (36) ##
#########################################################
### 36 Overlapping with other instance>
set pchkOverlapList [list \
	{FE_OFC396_rst_n} \
	{FE_OFC395_n_618} \
	{FE_OFC393_n_38} \
	{FE_OFC390_n_39} \
	{FE_OFC389_n_39} \
	{FE_OFC385_n_44} \
	{FE_OFC371_mem_rdata_10} \
	{FE_OFC370_mem_rdata_1} \
	{u_mem/FE_OFC398_read_bank_q_2} \
	{u_mem/FE_OFC388_n_55} \
	{u_mem/FE_OFC387_n_69} \
	{u_mem/FE_OFC382_n_61} \
	{u_mem/FE_OFC381_FE_RN_0_0} \
	{u_mem/FE_OFC364_mem_wdata_6} \
	{u_mem/FE_OFC362_mem_wdata_2} \
	{u_mem/FE_OFC358_mem_wdata_0} \
	{u_mem/FE_OFC345_n} \
	{u_mem/FE_RC_0_0} \
	{u_mem/FE_OFC327_mem_wdata_5} \
	{u_mem/FE_OFC287_mem_wdata_15} \
	{u_mem/FE_OFC246_mem_wdata_10} \
	{u_mem/g9640__5115} \
	{u_mem/g9643__6161} \
	{u_mem/g9715__3680} \
	{u_mem/g9805__7098} \
	{u_mem/g9869__9945} \
	{u_mem/g9931__5477} \
	{u_mem/g9960__2398} \
	{u_mem/g9984__9945} \
	{u_mem/g9994__2398} \
	{u_mem/g2837__1617} \
	{g11266__5115} \
	{g11410__9315} \
	{g11633__5115} \
	{g11694__4733} \
	{g11739__5115} \
	]

## Summary: 
#########################################################
## Number of Placed Instances = 1402
##   of which 16 are fixed.
## Number of Unplaced Instances = 0
## Placement Density:1.94%(2361/121700)
## Placement Density (including fixed std cells):1.94%(2361/121700)
