###############################################################
#  Generated by:      Cadence Innovus 23.14-s088_1
#  OS:                Linux x86_64(Host ID user1-EliteMini)
#  Generated on:      Thu Aug 27 19:24:21 2026
#  Design:            axi_ram
#  Command:           verifyConnectivity -type all -error 1000 -warning 1000 -report ./verify_rpt/connectivity_postroute.rpt
###############################################################
Verify Connectivity Report is created on Thu Aug 27 19:24:21 2026




Multi-CPU acceleration using 12 CPU


Use pthread

Net VSS: has special routes with opens at (0.264, 0.288) (624.624, 769.536)
Net VSS: has regular routing with opens at (376.056, 109.044) (378.216, 109.116)
Net VSS: has regular routing with opens at (250.344, 433.044) (252.504, 433.116)
Net VSS: has regular routing with opens at (250.344, 430.884) (252.504, 430.956)
Net VSS: has regular routing with opens at (250.344, 428.724) (252.504, 428.796)
Net VSS: has regular routing with opens at (376.056, 303.444) (378.216, 303.516)
Net VSS: has regular routing with opens at (376.056, 299.124) (378.216, 299.196)
Net VSS: has regular routing with opens at (250.344, 398.484) (252.504, 398.556)
Net VSS: has regular routing with opens at (376.056, 171.684) (378.216, 171.756)
Net VSS: has regular routing with opens at (250.344, 389.844) (252.504, 389.916)
Net VSS: has regular routing with opens at (376.056, 165.204) (378.216, 165.276)
Net VSS: has regular routing with opens at (376.056, 163.044) (378.216, 163.116)
Net VSS: has regular routing with opens at (376.056, 139.284) (378.216, 139.356)
Net VSS: has regular routing with opens at (250.344, 255.924) (252.504, 255.996)
Net VSS: has regular routing with opens at (250.344, 253.764) (252.504, 253.836)
Net VSS: has regular routing with opens at (376.056, 46.404) (378.216, 46.476)
Net VSS: has regular routing with opens at (250.344, 251.604) (252.504, 251.676)
Net VSS: has regular routing with opens at (376.056, 128.484) (378.216, 128.556)
Net VSS: has regular routing with opens at (376.056, 35.604) (378.216, 35.676)
Net VSS: has regular routing with opens at (250.344, 677.124) (252.504, 677.196)
Net VSS: has regular routing with opens at (376.056, 124.164) (378.216, 124.236)
Net VSS: has regular routing with opens at (250.344, 674.964) (252.504, 675.036)
Net VSS: has regular routing with opens at (376.056, 119.844) (378.216, 119.916)
Net VSS: has regular routing with opens at (376.056, 219.204) (378.216, 219.276)
Net VSS: has regular routing with opens at (376.056, 217.044) (378.216, 217.116)
Net VSS: has regular routing with opens at (250.344, 217.044) (252.504, 217.116)
Net VSS: has regular routing with opens at (124.632, 217.044) (126.792, 217.116)
Net VSS: has regular routing with opens at (376.056, 541.044) (378.216, 541.116)
Net VSS: has regular routing with opens at (250.344, 541.044) (252.504, 541.116)
Net VSS: has regular routing with opens at (124.632, 541.044) (126.792, 541.116)
Net VSS: has regular routing with opens at (376.056, 214.884) (378.216, 214.956)
Net VSS: has regular routing with opens at (250.344, 214.884) (252.504, 214.956)
Net VSS: has regular routing with opens at (124.632, 214.884) (126.792, 214.956)
Net VSS: has regular routing with opens at (376.056, 538.884) (378.216, 538.956)
Net VSS: has regular routing with opens at (124.632, 538.884) (126.792, 538.956)
Net VSS: has regular routing with opens at (376.056, 212.724) (378.216, 212.796)
Net VSS: has regular routing with opens at (250.344, 212.724) (252.504, 212.796)
Net VSS: has regular routing with opens at (124.632, 212.724) (126.792, 212.796)
Net VSS: has regular routing with opens at (376.056, 536.724) (378.216, 536.796)
Net VSS: has regular routing with opens at (250.344, 536.724) (252.504, 536.796)
Net VSS: has regular routing with opens at (124.632, 536.724) (126.792, 536.796)
Net VSS: has regular routing with opens at (376.056, 210.564) (378.216, 210.636)
Net VSS: has regular routing with opens at (250.344, 210.564) (252.504, 210.636)
Net VSS: has regular routing with opens at (124.632, 210.564) (126.792, 210.636)
Net VSS: has regular routing with opens at (376.056, 534.564) (378.216, 534.636)
Net VSS: has regular routing with opens at (124.632, 534.564) (126.792, 534.636)
Net VSS: has regular routing with opens at (376.056, 208.404) (378.216, 208.476)
Net VSS: has regular routing with opens at (250.344, 208.404) (252.504, 208.476)
Net VSS: has regular routing with opens at (124.632, 208.404) (126.792, 208.476)
Net VSS: has regular routing with opens at (250.344, 109.044) (252.504, 109.116)
Net VSS: has regular routing with opens at (124.632, 109.044) (126.792, 109.116)
Net VSS: has regular routing with opens at (376.056, 206.244) (378.216, 206.316)
Net VSS: has regular routing with opens at (250.344, 206.244) (252.504, 206.316)
Net VSS: has regular routing with opens at (124.632, 206.244) (126.792, 206.316)
Net VSS: has regular routing with opens at (376.056, 106.884) (378.216, 106.956)
Net VSS: has regular routing with opens at (250.344, 106.884) (252.504, 106.956)
Net VSS: has regular routing with opens at (124.632, 106.884) (126.792, 106.956)
Net VSS: has regular routing with opens at (250.344, 104.724) (252.504, 104.796)
Net VSS: has regular routing with opens at (124.632, 104.724) (126.792, 104.796)
Net VSS: has regular routing with opens at (376.056, 204.084) (378.216, 204.156)
Net VSS: has regular routing with opens at (250.344, 204.084) (252.504, 204.156)
Net VSS: has regular routing with opens at (124.632, 204.084) (126.792, 204.156)
Net VSS: has regular routing with opens at (376.056, 102.564) (378.216, 102.636)
Net VSS: has regular routing with opens at (250.344, 102.564) (252.504, 102.636)
Net VSS: has regular routing with opens at (124.632, 102.564) (126.792, 102.636)
Net VSS: has regular routing with opens at (376.056, 433.044) (378.216, 433.116)
Net VSS: has regular routing with opens at (124.632, 433.044) (126.792, 433.116)
Net VSS: has regular routing with opens at (376.056, 649.044) (378.216, 649.116)
Net VSS: has regular routing with opens at (250.344, 649.044) (252.504, 649.116)
Net VSS: has regular routing with opens at (124.632, 649.044) (126.792, 649.116)
Net VSS: has regular routing with opens at (376.056, 201.924) (378.216, 201.996)
Net VSS: has regular routing with opens at (250.344, 201.924) (252.504, 201.996)
Net VSS: has regular routing with opens at (124.632, 201.924) (126.792, 201.996)
Net VSS: has regular routing with opens at (376.056, 646.884) (378.216, 646.956)
Net VSS: has regular routing with opens at (250.344, 646.884) (252.504, 646.956)
Net VSS: has regular routing with opens at (124.632, 646.884) (126.792, 646.956)
Net VSS: has regular routing with opens at (376.056, 430.884) (378.216, 430.956)
Net VSS: has regular routing with opens at (124.632, 430.884) (126.792, 430.956)
Net VSS: has regular routing with opens at (376.056, 100.404) (378.216, 100.476)
Net VSS: has regular routing with opens at (250.344, 100.404) (252.504, 100.476)
Net VSS: has regular routing with opens at (124.632, 100.404) (126.792, 100.476)
Net VSS: has regular routing with opens at (376.056, 644.724) (378.216, 644.796)
Net VSS: has regular routing with opens at (250.344, 644.724) (252.504, 644.796)
Net VSS: has regular routing with opens at (124.632, 644.724) (126.792, 644.796)
Net VSS: has regular routing with opens at (376.056, 199.764) (378.216, 199.836)
Net VSS: has regular routing with opens at (250.344, 199.764) (252.504, 199.836)
Net VSS: has regular routing with opens at (124.632, 199.764) (126.792, 199.836)
Net VSS: has regular routing with opens at (376.056, 98.244) (378.216, 98.316)
Net VSS: has regular routing with opens at (250.344, 98.244) (252.504, 98.316)
Net VSS: has regular routing with opens at (124.632, 98.244) (126.792, 98.316)
Net VSS: has regular routing with opens at (376.056, 642.564) (378.216, 642.636)
Net VSS: has regular routing with opens at (250.344, 642.564) (252.504, 642.636)
Net VSS: has regular routing with opens at (124.632, 642.564) (126.792, 642.636)
Net VSS: has regular routing with opens at (376.056, 428.724) (378.216, 428.796)
Net VSS: has regular routing with opens at (124.632, 428.724) (126.792, 428.796)
Net VSS: has regular routing with opens at (376.056, 197.604) (378.216, 197.676)
Net VSS: has regular routing with opens at (250.344, 197.604) (252.504, 197.676)
Net VSS: has regular routing with opens at (124.632, 197.604) (126.792, 197.676)
Net VSS: has regular routing with opens at (376.056, 640.404) (378.216, 640.476)
Net VSS: has regular routing with opens at (250.344, 640.404) (252.504, 640.476)
Net VSS: has regular routing with opens at (124.632, 640.404) (126.792, 640.476)
Net VSS: has regular routing with opens at (376.056, 96.084) (378.216, 96.156)
Net VSS: has regular routing with opens at (250.344, 96.084) (252.504, 96.156)
Net VSS: has regular routing with opens at (124.632, 96.084) (126.792, 96.156)
Net VSS: has regular routing with opens at (376.056, 426.564) (378.216, 426.636)
Net VSS: has regular routing with opens at (250.344, 426.564) (252.504, 426.636)
Net VSS: has regular routing with opens at (124.632, 426.564) (126.792, 426.636)
Net VSS: has regular routing with opens at (376.056, 638.244) (378.216, 638.316)
Net VSS: has regular routing with opens at (250.344, 638.244) (252.504, 638.316)
Net VSS: has regular routing with opens at (124.632, 638.244) (126.792, 638.316)
Net VSS: has regular routing with opens at (376.056, 195.444) (378.216, 195.516)
Net VSS: has regular routing with opens at (250.344, 195.444) (252.504, 195.516)
Net VSS: has regular routing with opens at (124.632, 195.444) (126.792, 195.516)
Net VSS: has regular routing with opens at (376.056, 528.084) (378.216, 528.156)
Net VSS: has regular routing with opens at (250.344, 528.084) (252.504, 528.156)
Net VSS: has regular routing with opens at (124.632, 528.084) (126.792, 528.156)
Net VSS: has regular routing with opens at (376.056, 424.404) (378.216, 424.476)
Net VSS: has regular routing with opens at (376.056, 93.924) (378.216, 93.996)
Net VSS: has regular routing with opens at (250.344, 424.404) (252.504, 424.476)
Net VSS: has regular routing with opens at (250.344, 93.924) (252.504, 93.996)
Net VSS: has regular routing with opens at (124.632, 424.404) (126.792, 424.476)
Net VSS: has regular routing with opens at (124.632, 93.924) (126.792, 93.996)
Net VSS: has regular routing with opens at (376.056, 193.284) (378.216, 193.356)
Net VSS: has regular routing with opens at (250.344, 193.284) (252.504, 193.356)
Net VSS: has regular routing with opens at (124.632, 193.284) (126.792, 193.356)
Net VSS: has regular routing with opens at (376.056, 636.084) (378.216, 636.156)
Net VSS: has regular routing with opens at (250.344, 636.084) (252.504, 636.156)
Net VSS: has regular routing with opens at (124.632, 636.084) (126.792, 636.156)
Net VSS: has regular routing with opens at (376.056, 525.924) (378.216, 525.996)
Net VSS: has regular routing with opens at (250.344, 525.924) (252.504, 525.996)
Net VSS: has regular routing with opens at (124.632, 525.924) (126.792, 525.996)
Net VSS: has regular routing with opens at (376.056, 191.124) (378.216, 191.196)
Net VSS: has regular routing with opens at (250.344, 191.124) (252.504, 191.196)
Net VSS: has regular routing with opens at (124.632, 191.124) (126.792, 191.196)
Net VSS: has regular routing with opens at (376.056, 91.764) (378.216, 91.836)
Net VSS: has regular routing with opens at (250.344, 91.764) (252.504, 91.836)
Net VSS: has regular routing with opens at (124.632, 91.764) (126.792, 91.836)
Net VSS: has regular routing with opens at (376.056, 633.924) (378.216, 633.996)
Net VSS: has regular routing with opens at (124.632, 633.924) (126.792, 633.996)
Net VSS: has regular routing with opens at (376.056, 523.764) (378.216, 523.836)
Net VSS: has regular routing with opens at (250.344, 523.764) (252.504, 523.836)
Net VSS: has regular routing with opens at (124.632, 523.764) (126.792, 523.836)
Net VSS: has regular routing with opens at (376.056, 188.964) (378.216, 189.036)
Net VSS: has regular routing with opens at (250.344, 188.964) (252.504, 189.036)
Net VSS: has regular routing with opens at (124.632, 188.964) (126.792, 189.036)
Net VSS: has regular routing with opens at (376.056, 422.244) (378.216, 422.316)
Net VSS: has regular routing with opens at (250.344, 422.244) (252.504, 422.316)
Net VSS: has regular routing with opens at (124.632, 422.244) (126.792, 422.316)
Net VSS: has regular routing with opens at (376.056, 89.604) (378.216, 89.676)
Net VSS: has regular routing with opens at (250.344, 89.604) (252.504, 89.676)
Net VSS: has regular routing with opens at (124.632, 89.604) (126.792, 89.676)
Net VSS: has regular routing with opens at (376.056, 186.804) (378.216, 186.876)
Net VSS: has regular routing with opens at (250.344, 186.804) (252.504, 186.876)
Net VSS: has regular routing with opens at (124.632, 186.804) (126.792, 186.876)
Net VSS: has regular routing with opens at (376.056, 631.764) (378.216, 631.836)
Net VSS: has regular routing with opens at (250.344, 631.764) (252.504, 631.836)
Net VSS: has regular routing with opens at (124.632, 631.764) (126.792, 631.836)
Net VSS: has regular routing with opens at (376.056, 521.604) (378.216, 521.676)
Net VSS: has regular routing with opens at (250.344, 521.604) (252.504, 521.676)
Net VSS: has regular routing with opens at (124.632, 521.604) (126.792, 521.676)
Net VSS: has regular routing with opens at (376.056, 420.084) (378.216, 420.156)
Net VSS: has regular routing with opens at (250.344, 420.084) (252.504, 420.156)
Net VSS: has regular routing with opens at (124.632, 420.084) (126.792, 420.156)
Net VSS: has regular routing with opens at (376.056, 87.444) (378.216, 87.516)
Net VSS: has regular routing with opens at (250.344, 87.444) (252.504, 87.516)
Net VSS: has regular routing with opens at (124.632, 87.444) (126.792, 87.516)
Net VSS: has regular routing with opens at (376.056, 325.044) (378.216, 325.116)
Net VSS: has regular routing with opens at (250.344, 325.044) (252.504, 325.116)
Net VSS: has regular routing with opens at (376.056, 417.924) (378.216, 417.996)
Net VSS: has regular routing with opens at (124.632, 325.044) (126.792, 325.116)
Net VSS: has regular routing with opens at (250.344, 417.924) (252.504, 417.996)
Net VSS: has regular routing with opens at (124.632, 417.924) (126.792, 417.996)
Net VSS: has regular routing with opens at (376.056, 629.604) (378.216, 629.676)
Net VSS: has regular routing with opens at (250.344, 629.604) (252.504, 629.676)
Net VSS: has regular routing with opens at (124.632, 629.604) (126.792, 629.676)
Net VSS: has regular routing with opens at (376.056, 184.644) (378.216, 184.716)
Net VSS: has regular routing with opens at (250.344, 184.644) (252.504, 184.716)
Net VSS: has regular routing with opens at (124.632, 184.644) (126.792, 184.716)
Net VSS: has regular routing with opens at (376.056, 85.284) (378.216, 85.356)
Net VSS: has regular routing with opens at (250.344, 85.284) (252.504, 85.356)
Net VSS: has regular routing with opens at (124.632, 85.284) (126.792, 85.356)
Net VSS: has regular routing with opens at (376.056, 322.884) (378.216, 322.956)
Net VSS: has regular routing with opens at (250.344, 322.884) (252.504, 322.956)
Net VSS: has regular routing with opens at (124.632, 322.884) (126.792, 322.956)
Net VSS: has regular routing with opens at (376.056, 519.444) (378.216, 519.516)
Net VSS: has regular routing with opens at (250.344, 519.444) (252.504, 519.516)
Net VSS: has regular routing with opens at (124.632, 519.444) (126.792, 519.516)
Net VSS: has regular routing with opens at (376.056, 627.444) (378.216, 627.516)
Net VSS: has regular routing with opens at (250.344, 627.444) (252.504, 627.516)
Net VSS: has regular routing with opens at (124.632, 627.444) (126.792, 627.516)
Net VSS: has regular routing with opens at (376.056, 320.724) (378.216, 320.796)
Net VSS: has regular routing with opens at (250.344, 320.724) (252.504, 320.796)
Net VSS: has regular routing with opens at (124.632, 320.724) (126.792, 320.796)
Net VSS: has regular routing with opens at (376.056, 83.124) (378.216, 83.196)
Net VSS: has regular routing with opens at (250.344, 83.124) (252.504, 83.196)
Net VSS: has regular routing with opens at (124.632, 83.124) (126.792, 83.196)
Net VSS: has regular routing with opens at (376.056, 182.484) (378.216, 182.556)
Net VSS: has regular routing with opens at (250.344, 182.484) (252.504, 182.556)
Net VSS: has regular routing with opens at (124.632, 182.484) (126.792, 182.556)
Net VSS: has regular routing with opens at (376.056, 415.764) (378.216, 415.836)
Net VSS: has regular routing with opens at (124.632, 415.764) (126.792, 415.836)
Net VSS: has regular routing with opens at (376.056, 517.284) (378.216, 517.356)
Net VSS: has regular routing with opens at (250.344, 517.284) (252.504, 517.356)
Net VSS: has regular routing with opens at (124.632, 517.284) (126.792, 517.356)
Net VSS: has regular routing with opens at (376.056, 318.564) (378.216, 318.636)
Net VSS: has regular routing with opens at (250.344, 318.564) (252.504, 318.636)
Net VSS: has regular routing with opens at (124.632, 318.564) (126.792, 318.636)
Net VSS: has regular routing with opens at (376.056, 625.284) (378.216, 625.356)
Net VSS: has regular routing with opens at (250.344, 625.284) (252.504, 625.356)
Net VSS: has regular routing with opens at (124.632, 625.284) (126.792, 625.356)
Net VSS: has regular routing with opens at (376.056, 180.324) (378.216, 180.396)
Net VSS: has regular routing with opens at (250.344, 180.324) (252.504, 180.396)
Net VSS: has regular routing with opens at (124.632, 180.324) (126.792, 180.396)
Net VSS: has regular routing with opens at (376.056, 316.404) (378.216, 316.476)
Net VSS: has regular routing with opens at (250.344, 316.404) (252.504, 316.476)
Net VSS: has regular routing with opens at (124.632, 316.404) (126.792, 316.476)
Net VSS: has regular routing with opens at (376.056, 80.964) (378.216, 81.036)
Net VSS: has regular routing with opens at (250.344, 80.964) (252.504, 81.036)
Net VSS: has regular routing with opens at (124.632, 80.964) (126.792, 81.036)
Net VSS: has regular routing with opens at (376.056, 515.124) (378.216, 515.196)
Net VSS: has regular routing with opens at (250.344, 515.124) (252.504, 515.196)
Net VSS: has regular routing with opens at (124.632, 515.124) (126.792, 515.196)
Net VSS: has regular routing with opens at (250.344, 413.604) (252.504, 413.676)
Net VSS: has regular routing with opens at (124.632, 413.604) (126.792, 413.676)
Net VSS: has regular routing with opens at (376.056, 623.124) (378.216, 623.196)
Net VSS: has regular routing with opens at (250.344, 623.124) (252.504, 623.196)
Net VSS: has regular routing with opens at (124.632, 623.124) (126.792, 623.196)
Net VSS: has regular routing with opens at (376.056, 314.244) (378.216, 314.316)
Net VSS: has regular routing with opens at (250.344, 314.244) (252.504, 314.316)
Net VSS: has regular routing with opens at (124.632, 314.244) (126.792, 314.316)
Net VSS: has regular routing with opens at (376.056, 78.804) (378.216, 78.876)
Net VSS: has regular routing with opens at (250.344, 78.804) (252.504, 78.876)
Net VSS: has regular routing with opens at (124.632, 78.804) (126.792, 78.876)
Net VSS: has regular routing with opens at (376.056, 512.964) (378.216, 513.036)
Net VSS: has regular routing with opens at (250.344, 512.964) (252.504, 513.036)
Net VSS: has regular routing with opens at (124.632, 512.964) (126.792, 513.036)
Net VSS: has regular routing with opens at (376.056, 620.964) (378.216, 621.036)
Net VSS: has regular routing with opens at (250.344, 620.964) (252.504, 621.036)
Net VSS: has regular routing with opens at (124.632, 620.964) (126.792, 621.036)
Net VSS: has regular routing with opens at (376.056, 411.444) (378.216, 411.516)
Net VSS: has regular routing with opens at (250.344, 411.444) (252.504, 411.516)
Net VSS: has regular routing with opens at (124.632, 411.444) (126.792, 411.516)
Net VSS: has regular routing with opens at (376.056, 312.084) (378.216, 312.156)
Net VSS: has regular routing with opens at (250.344, 312.084) (252.504, 312.156)
Net VSS: has regular routing with opens at (124.632, 312.084) (126.792, 312.156)
Net VSS: has regular routing with opens at (376.056, 309.924) (378.216, 309.996)
Net VSS: has regular routing with opens at (250.344, 309.924) (252.504, 309.996)
Net VSS: has regular routing with opens at (124.632, 309.924) (126.792, 309.996)
Net VSS: has regular routing with opens at (376.056, 618.804) (378.216, 618.876)
Net VSS: has regular routing with opens at (250.344, 618.804) (252.504, 618.876)
Net VSS: has regular routing with opens at (124.632, 618.804) (126.792, 618.876)
Net VSS: has regular routing with opens at (376.056, 510.804) (378.216, 510.876)
Net VSS: has regular routing with opens at (250.344, 510.804) (252.504, 510.876)
Net VSS: has regular routing with opens at (124.632, 510.804) (126.792, 510.876)
Net VSS: has regular routing with opens at (376.056, 76.644) (378.216, 76.716)
Net VSS: has regular routing with opens at (250.344, 76.644) (252.504, 76.716)
Net VSS: has regular routing with opens at (124.632, 76.644) (126.792, 76.716)
Net VSS: has regular routing with opens at (376.056, 409.284) (378.216, 409.356)
Net VSS: has regular routing with opens at (250.344, 409.284) (252.504, 409.356)
Net VSS: has regular routing with opens at (124.632, 409.284) (126.792, 409.356)
Net VSS: has regular routing with opens at (376.056, 307.764) (378.216, 307.836)
Net VSS: has regular routing with opens at (250.344, 307.764) (252.504, 307.836)
Net VSS: has regular routing with opens at (124.632, 307.764) (126.792, 307.836)
Net VSS: has regular routing with opens at (376.056, 616.644) (378.216, 616.716)
Net VSS: has regular routing with opens at (250.344, 616.644) (252.504, 616.716)
Net VSS: has regular routing with opens at (124.632, 616.644) (126.792, 616.716)
Net VSS: has regular routing with opens at (376.056, 508.644) (378.216, 508.716)
Net VSS: has regular routing with opens at (250.344, 508.644) (252.504, 508.716)
Net VSS: has regular routing with opens at (124.632, 508.644) (126.792, 508.716)
Net VSS: has regular routing with opens at (376.056, 74.484) (378.216, 74.556)
Net VSS: has regular routing with opens at (250.344, 74.484) (252.504, 74.556)
Net VSS: has regular routing with opens at (124.632, 74.484) (126.792, 74.556)
Net VSS: has regular routing with opens at (376.056, 407.124) (378.216, 407.196)
Net VSS: has regular routing with opens at (250.344, 407.124) (252.504, 407.196)
Net VSS: has regular routing with opens at (124.632, 407.124) (126.792, 407.196)
Net VSS: has regular routing with opens at (376.056, 305.604) (378.216, 305.676)
Net VSS: has regular routing with opens at (250.344, 305.604) (252.504, 305.676)
Net VSS: has regular routing with opens at (124.632, 305.604) (126.792, 305.676)
Net VSS: has regular routing with opens at (376.056, 614.484) (378.216, 614.556)
Net VSS: has regular routing with opens at (250.344, 303.444) (252.504, 303.516)
Net VSS: has regular routing with opens at (124.632, 303.444) (126.792, 303.516)
Net VSS: has regular routing with opens at (250.344, 614.484) (252.504, 614.556)
Net VSS: has regular routing with opens at (124.632, 614.484) (126.792, 614.556)
Net VSS: has regular routing with opens at (376.056, 72.324) (378.216, 72.396)
Net VSS: has regular routing with opens at (250.344, 72.324) (252.504, 72.396)
Net VSS: has regular routing with opens at (124.632, 72.324) (126.792, 72.396)
Net VSS: has regular routing with opens at (376.056, 506.484) (378.216, 506.556)
Net VSS: has regular routing with opens at (250.344, 506.484) (252.504, 506.556)
Net VSS: has regular routing with opens at (124.632, 506.484) (126.792, 506.556)
Net VSS: has regular routing with opens at (376.056, 404.964) (378.216, 405.036)
Net VSS: has regular routing with opens at (250.344, 404.964) (252.504, 405.036)
Net VSS: has regular routing with opens at (124.632, 404.964) (126.792, 405.036)
Net VSS: has regular routing with opens at (376.056, 301.284) (378.216, 301.356)
Net VSS: has regular routing with opens at (250.344, 301.284) (252.504, 301.356)
Net VSS: has regular routing with opens at (124.632, 301.284) (126.792, 301.356)
Net VSS: has regular routing with opens at (376.056, 612.324) (378.216, 612.396)
Net VSS: has regular routing with opens at (250.344, 612.324) (252.504, 612.396)
Net VSS: has regular routing with opens at (124.632, 612.324) (126.792, 612.396)
Net VSS: has regular routing with opens at (376.056, 70.164) (378.216, 70.236)
Net VSS: has regular routing with opens at (250.344, 70.164) (252.504, 70.236)
Net VSS: has regular routing with opens at (124.632, 70.164) (126.792, 70.236)
Net VSS: has regular routing with opens at (376.056, 402.804) (378.216, 402.876)
Net VSS: has regular routing with opens at (250.344, 402.804) (252.504, 402.876)
Net VSS: has regular routing with opens at (124.632, 402.804) (126.792, 402.876)
Net VSS: has regular routing with opens at (376.056, 504.324) (378.216, 504.396)
Net VSS: has regular routing with opens at (250.344, 504.324) (252.504, 504.396)
Net VSS: has regular routing with opens at (124.632, 504.324) (126.792, 504.396)
Net VSS: has regular routing with opens at (250.344, 299.124) (252.504, 299.196)
Net VSS: has regular routing with opens at (124.632, 299.124) (126.792, 299.196)
Net VSS: has regular routing with opens at (376.056, 610.164) (378.216, 610.236)
Net VSS: has regular routing with opens at (250.344, 610.164) (252.504, 610.236)
Net VSS: has regular routing with opens at (124.632, 610.164) (126.792, 610.236)
Net VSS: has regular routing with opens at (376.056, 296.964) (378.216, 297.036)
Net VSS: has regular routing with opens at (250.344, 296.964) (252.504, 297.036)
Net VSS: has regular routing with opens at (124.632, 296.964) (126.792, 297.036)
Net VSS: has regular routing with opens at (376.056, 400.644) (378.216, 400.716)
Net VSS: has regular routing with opens at (250.344, 400.644) (252.504, 400.716)
Net VDD: has special routes with opens at (1.248, 1.356) (623.904, 768.768)
Net VSS: has regular routing with opens at (124.632, 400.644) (126.792, 400.716)
Net VSS: has regular routing with opens at (376.056, 68.004) (378.216, 68.076)
Net VSS: has regular routing with opens at (376.056, 502.164) (378.216, 502.236)
Net VSS: has regular routing with opens at (250.344, 502.164) (252.504, 502.236)
Net VSS: has regular routing with opens at (250.344, 68.004) (252.504, 68.076)
Net VSS: has regular routing with opens at (124.632, 502.164) (126.792, 502.236)
Net VSS: has regular routing with opens at (124.632, 68.004) (126.792, 68.076)
Net VSS: has regular routing with opens at (376.056, 294.804) (378.216, 294.876)
Net VSS: has regular routing with opens at (250.344, 294.804) (252.504, 294.876)
Net VSS: has regular routing with opens at (124.632, 294.804) (126.792, 294.876)
Net VSS: has regular routing with opens at (376.056, 608.004) (378.216, 608.076)
Net VSS: has regular routing with opens at (250.344, 608.004) (252.504, 608.076)
Net VSS: has regular routing with opens at (124.632, 608.004) (126.792, 608.076)
Net VSS: has regular routing with opens at (376.056, 398.484) (378.216, 398.556)
Net VDD: has regular routing with opens at (376.056, 110.124) (378.216, 110.196)
Net VSS: has regular routing with opens at (124.632, 398.484) (126.792, 398.556)
Net VSS: has regular routing with opens at (376.056, 500.004) (378.216, 500.076)
Net VDD: has regular routing with opens at (250.344, 431.964) (252.504, 432.036)
Net VSS: has regular routing with opens at (250.344, 500.004) (252.504, 500.076)
Net VDD: has regular routing with opens at (250.344, 429.804) (252.504, 429.876)
Net VSS: has regular routing with opens at (124.632, 500.004) (126.792, 500.076)
Net VSS: has regular routing with opens at (376.056, 292.644) (378.216, 292.716)
Net VDD: has regular routing with opens at (250.344, 427.644) (252.504, 427.716)
Net VSS: has regular routing with opens at (250.344, 292.644) (252.504, 292.716)
Net VDD: has regular routing with opens at (376.056, 302.364) (378.216, 302.436)
Net VSS: has regular routing with opens at (124.632, 292.644) (126.792, 292.716)
Net VDD: has regular routing with opens at (376.056, 298.044) (378.216, 298.116)
Net VSS: has regular routing with opens at (376.056, 173.844) (378.216, 173.916)
Net VDD: has regular routing with opens at (250.344, 397.404) (252.504, 397.476)
Net VSS: has regular routing with opens at (250.344, 173.844) (252.504, 173.916)
Net VDD: has regular routing with opens at (376.056, 170.604) (378.216, 170.676)
Net VSS: has regular routing with opens at (124.632, 173.844) (126.792, 173.916)
Net VDD: has regular routing with opens at (250.344, 388.764) (252.504, 388.836)
Net VSS: has regular routing with opens at (376.056, 65.844) (378.216, 65.916)
Net VDD: has regular routing with opens at (376.056, 164.124) (378.216, 164.196)
Net VSS: has regular routing with opens at (250.344, 65.844) (252.504, 65.916)
Net VDD: has regular routing with opens at (376.056, 161.964) (378.216, 162.036)
Net VSS: has regular routing with opens at (124.632, 65.844) (126.792, 65.916)
Net VDD: has regular routing with opens at (376.056, 138.204) (378.216, 138.276)
Net VSS: has regular routing with opens at (376.056, 290.484) (378.216, 290.556)
Net VDD: has regular routing with opens at (250.344, 254.844) (252.504, 254.916)
Net VSS: has regular routing with opens at (376.056, 396.324) (378.216, 396.396)
Net VDD: has regular routing with opens at (376.056, 47.484) (378.216, 47.556)
Net VSS: has regular routing with opens at (250.344, 290.484) (252.504, 290.556)
Net VDD: has regular routing with opens at (250.344, 252.684) (252.504, 252.756)
Net VSS: has regular routing with opens at (250.344, 396.324) (252.504, 396.396)
Net VDD: has regular routing with opens at (250.344, 250.524) (252.504, 250.596)
Net VSS: has regular routing with opens at (124.632, 290.484) (126.792, 290.556)
Net VDD: has regular routing with opens at (376.056, 127.404) (378.216, 127.476)
Net VSS: has regular routing with opens at (124.632, 396.324) (126.792, 396.396)
Net VDD: has regular routing with opens at (376.056, 34.524) (378.216, 34.596)
Net VSS: has regular routing with opens at (376.056, 497.844) (378.216, 497.916)
Net VDD: has regular routing with opens at (250.344, 678.204) (252.504, 678.276)
Net VSS: has regular routing with opens at (250.344, 497.844) (252.504, 497.916)
Net VDD: has regular routing with opens at (376.056, 125.244) (378.216, 125.316)
Net VSS: has regular routing with opens at (124.632, 497.844) (126.792, 497.916)
Net VSS: has regular routing with opens at (376.056, 63.684) (378.216, 63.756)
Net VDD: has regular routing with opens at (250.344, 673.884) (252.504, 673.956)
Net VSS: has regular routing with opens at (250.344, 63.684) (252.504, 63.756)
Net VDD: has regular routing with opens at (376.056, 120.924) (378.216, 120.996)
Net VSS: has regular routing with opens at (124.632, 63.684) (126.792, 63.756)
Net VDD: has regular routing with opens at (376.056, 220.284) (378.216, 220.356)
Net VSS: has regular routing with opens at (376.056, 605.844) (378.216, 605.916)
Net VDD: has regular routing with opens at (376.056, 218.124) (378.216, 218.196)
Net VSS: has regular routing with opens at (250.344, 605.844) (252.504, 605.916)
Net VDD: has regular routing with opens at (250.344, 218.124) (252.504, 218.196)
Net VSS: has regular routing with opens at (250.344, 171.684) (252.504, 171.756)
Net VDD: has regular routing with opens at (124.632, 218.124) (126.792, 218.196)
Net VSS: has regular routing with opens at (124.632, 171.684) (126.792, 171.756)
Net VDD: has regular routing with opens at (376.056, 215.964) (378.216, 216.036)
Net VSS: has regular routing with opens at (124.632, 605.844) (126.792, 605.916)
Net VDD: has regular routing with opens at (250.344, 215.964) (252.504, 216.036)
Net VSS: has regular routing with opens at (376.056, 288.324) (378.216, 288.396)
Net VDD: has regular routing with opens at (124.632, 215.964) (126.792, 216.036)
Net VSS: has regular routing with opens at (250.344, 288.324) (252.504, 288.396)
Net VDD: has regular routing with opens at (376.056, 542.124) (378.216, 542.196)
Net VSS: has regular routing with opens at (124.632, 288.324) (126.792, 288.396)
Net VDD: has regular routing with opens at (250.344, 542.124) (252.504, 542.196)
Net VSS: has regular routing with opens at (376.056, 394.164) (378.216, 394.236)
Net VDD: has regular routing with opens at (124.632, 542.124) (126.792, 542.196)
Net VSS: has regular routing with opens at (250.344, 394.164) (252.504, 394.236)
Net VDD: has regular routing with opens at (376.056, 539.964) (378.216, 540.036)
Net VSS: has regular routing with opens at (124.632, 394.164) (126.792, 394.236)
Net VDD: has regular routing with opens at (250.344, 539.964) (252.504, 540.036)
Net VSS: has regular routing with opens at (376.056, 495.684) (378.216, 495.756)
Net VDD: has regular routing with opens at (124.632, 539.964) (126.792, 540.036)
Net VSS: has regular routing with opens at (250.344, 495.684) (252.504, 495.756)
Net VDD: has regular routing with opens at (376.056, 213.804) (378.216, 213.876)
Net VSS: has regular routing with opens at (124.632, 495.684) (126.792, 495.756)
Net VSS: has regular routing with opens at (376.056, 286.164) (378.216, 286.236)
Net VDD: has regular routing with opens at (250.344, 213.804) (252.504, 213.876)
Net VSS: has regular routing with opens at (250.344, 286.164) (252.504, 286.236)
Net VDD: has regular routing with opens at (124.632, 213.804) (126.792, 213.876)
Net VSS: has regular routing with opens at (124.632, 286.164) (126.792, 286.236)
Net VDD: has regular routing with opens at (376.056, 537.804) (378.216, 537.876)
Net VSS: has regular routing with opens at (376.056, 61.524) (378.216, 61.596)
Net VDD: has regular routing with opens at (124.632, 537.804) (126.792, 537.876)
Net VSS: has regular routing with opens at (250.344, 61.524) (252.504, 61.596)
Net VDD: has regular routing with opens at (376.056, 211.644) (378.216, 211.716)
Net VSS: has regular routing with opens at (124.632, 61.524) (126.792, 61.596)
Net VDD: has regular routing with opens at (250.344, 211.644) (252.504, 211.716)
Net VSS: has regular routing with opens at (376.056, 392.004) (378.216, 392.076)
Net VDD: has regular routing with opens at (124.632, 211.644) (126.792, 211.716)
Net VSS: has regular routing with opens at (376.056, 169.524) (378.216, 169.596)
Net VDD: has regular routing with opens at (376.056, 535.644) (378.216, 535.716)
Net VSS: has regular routing with opens at (250.344, 392.004) (252.504, 392.076)
Net VDD: has regular routing with opens at (124.632, 535.644) (126.792, 535.716)
Net VSS: has regular routing with opens at (124.632, 392.004) (126.792, 392.076)
Net VDD: has regular routing with opens at (376.056, 209.484) (378.216, 209.556)
Net VSS: has regular routing with opens at (250.344, 169.524) (252.504, 169.596)
Net VDD: has regular routing with opens at (250.344, 209.484) (252.504, 209.556)
Net VSS: has regular routing with opens at (124.632, 169.524) (126.792, 169.596)
Net VDD: has regular routing with opens at (124.632, 209.484) (126.792, 209.556)
Net VSS: has regular routing with opens at (376.056, 284.004) (378.216, 284.076)
Net VDD: has regular routing with opens at (376.056, 533.484) (378.216, 533.556)
Net VSS: has regular routing with opens at (376.056, 493.524) (378.216, 493.596)
Net VDD: has regular routing with opens at (250.344, 533.484) (252.504, 533.556)
Net VSS: has regular routing with opens at (250.344, 284.004) (252.504, 284.076)
Net VDD: has regular routing with opens at (124.632, 533.484) (126.792, 533.556)
Net VSS: has regular routing with opens at (376.056, 603.684) (378.216, 603.756)
Net VDD: has regular routing with opens at (250.344, 110.124) (252.504, 110.196)
Net VSS: has regular routing with opens at (250.344, 493.524) (252.504, 493.596)
Net VDD: has regular routing with opens at (124.632, 110.124) (126.792, 110.196)
Net VSS: has regular routing with opens at (124.632, 284.004) (126.792, 284.076)
Net VDD: has regular routing with opens at (376.056, 207.324) (378.216, 207.396)
Net VSS: has regular routing with opens at (124.632, 493.524) (126.792, 493.596)
Net VDD: has regular routing with opens at (250.344, 207.324) (252.504, 207.396)
Net VSS: has regular routing with opens at (250.344, 603.684) (252.504, 603.756)
Net VDD: has regular routing with opens at (124.632, 207.324) (126.792, 207.396)
Net VSS: has regular routing with opens at (124.632, 603.684) (126.792, 603.756)
Net VDD: has regular routing with opens at (376.056, 107.964) (378.216, 108.036)
Net VSS: has regular routing with opens at (376.056, 281.844) (378.216, 281.916)
Net VSS: has regular routing with opens at (250.344, 281.844) (252.504, 281.916)
Net VDD: has regular routing with opens at (250.344, 107.964) (252.504, 108.036)
Net VSS: has regular routing with opens at (376.056, 389.844) (378.216, 389.916)
Net VDD: has regular routing with opens at (124.632, 107.964) (126.792, 108.036)
Net VSS: has regular routing with opens at (124.632, 281.844) (126.792, 281.916)
Net VDD: has regular routing with opens at (376.056, 105.804) (378.216, 105.876)
Net VSS: has regular routing with opens at (124.632, 389.844) (126.792, 389.916)
Net VDD: has regular routing with opens at (250.344, 105.804) (252.504, 105.876)
Net VSS: has regular routing with opens at (376.056, 59.364) (378.216, 59.436)
Net VDD: has regular routing with opens at (124.632, 105.804) (126.792, 105.876)
Net VSS: has regular routing with opens at (250.344, 59.364) (252.504, 59.436)
Net VDD: has regular routing with opens at (376.056, 205.164) (378.216, 205.236)
Net VSS: has regular routing with opens at (124.632, 59.364) (126.792, 59.436)
Net VDD: has regular routing with opens at (250.344, 205.164) (252.504, 205.236)
Net VSS: has regular routing with opens at (376.056, 167.364) (378.216, 167.436)
Net VDD: has regular routing with opens at (124.632, 205.164) (126.792, 205.236)
Net VSS: has regular routing with opens at (250.344, 167.364) (252.504, 167.436)
Net VDD: has regular routing with opens at (250.344, 103.644) (252.504, 103.716)
Net VSS: has regular routing with opens at (124.632, 167.364) (126.792, 167.436)
Net VDD: has regular routing with opens at (124.632, 103.644) (126.792, 103.716)
Net VSS: has regular routing with opens at (376.056, 491.364) (378.216, 491.436)
Net VDD: has regular routing with opens at (376.056, 434.124) (378.216, 434.196)
Net VSS: has regular routing with opens at (250.344, 491.364) (252.504, 491.436)
Net VDD: has regular routing with opens at (376.056, 203.004) (378.216, 203.076)
Net VSS: has regular routing with opens at (124.632, 491.364) (126.792, 491.436)
Net VDD: has regular routing with opens at (250.344, 434.124) (252.504, 434.196)
Net VSS: has regular routing with opens at (376.056, 601.524) (378.216, 601.596)
Net VDD: has regular routing with opens at (250.344, 203.004) (252.504, 203.076)
Net VSS: has regular routing with opens at (124.632, 601.524) (126.792, 601.596)
Net VDD: has regular routing with opens at (124.632, 203.004) (126.792, 203.076)
Net VSS: has regular routing with opens at (376.056, 279.684) (378.216, 279.756)
Net VDD: has regular routing with opens at (124.632, 434.124) (126.792, 434.196)
Net VSS: has regular routing with opens at (250.344, 279.684) (252.504, 279.756)
Net VDD: has regular routing with opens at (376.056, 650.124) (378.216, 650.196)
Net VSS: has regular routing with opens at (124.632, 279.684) (126.792, 279.756)
Net VDD: has regular routing with opens at (250.344, 650.124) (252.504, 650.196)
Net VSS: has regular routing with opens at (376.056, 387.684) (378.216, 387.756)
Net VDD: has regular routing with opens at (124.632, 650.124) (126.792, 650.196)
Net VSS: has regular routing with opens at (250.344, 387.684) (252.504, 387.756)
Net VDD: has regular routing with opens at (376.056, 647.964) (378.216, 648.036)
Net VSS: has regular routing with opens at (124.632, 387.684) (126.792, 387.756)
Net VDD: has regular routing with opens at (250.344, 647.964) (252.504, 648.036)
Net VSS: has regular routing with opens at (376.056, 277.524) (378.216, 277.596)
Net VDD: has regular routing with opens at (124.632, 647.964) (126.792, 648.036)
Net VSS: has regular routing with opens at (250.344, 277.524) (252.504, 277.596)
Net VDD: has regular routing with opens at (376.056, 431.964) (378.216, 432.036)
Net VSS: has regular routing with opens at (124.632, 277.524) (126.792, 277.596)
Net VDD: has regular routing with opens at (124.632, 431.964) (126.792, 432.036)
Net VSS: has regular routing with opens at (376.056, 385.524) (378.216, 385.596)
Net VDD: has regular routing with opens at (376.056, 101.484) (378.216, 101.556)
Net VSS: has regular routing with opens at (250.344, 385.524) (252.504, 385.596)
Net VDD: has regular routing with opens at (250.344, 101.484) (252.504, 101.556)
Net VSS: has regular routing with opens at (124.632, 385.524) (126.792, 385.596)
Net VDD: has regular routing with opens at (124.632, 101.484) (126.792, 101.556)
Net VSS: has regular routing with opens at (376.056, 599.364) (378.216, 599.436)
Net VDD: has regular routing with opens at (376.056, 200.844) (378.216, 200.916)
Net VSS: has regular routing with opens at (250.344, 599.364) (252.504, 599.436)
Net VDD: has regular routing with opens at (250.344, 200.844) (252.504, 200.916)
Net VSS: has regular routing with opens at (124.632, 599.364) (126.792, 599.436)
Net VDD: has regular routing with opens at (124.632, 200.844) (126.792, 200.916)
Net VSS: has regular routing with opens at (376.056, 57.204) (378.216, 57.276)
Net VDD: has regular routing with opens at (376.056, 645.804) (378.216, 645.876)
Net VSS: has regular routing with opens at (250.344, 57.204) (252.504, 57.276)
Net VDD: has regular routing with opens at (250.344, 645.804) (252.504, 645.876)
Net VSS: has regular routing with opens at (124.632, 57.204) (126.792, 57.276)
Net VDD: has regular routing with opens at (124.632, 645.804) (126.792, 645.876)
Net VSS: has regular routing with opens at (376.056, 275.364) (378.216, 275.436)
Net VDD: has regular routing with opens at (376.056, 99.324) (378.216, 99.396)
Net VSS: has regular routing with opens at (250.344, 275.364) (252.504, 275.436)
Net VDD: has regular routing with opens at (250.344, 99.324) (252.504, 99.396)
Net VSS: has regular routing with opens at (124.632, 275.364) (126.792, 275.436)
Net VDD: has regular routing with opens at (124.632, 99.324) (126.792, 99.396)
Net VSS: has regular routing with opens at (376.056, 489.204) (378.216, 489.276)
Net VDD: has regular routing with opens at (376.056, 429.804) (378.216, 429.876)
Net VSS: has regular routing with opens at (250.344, 489.204) (252.504, 489.276)
Net VDD: has regular routing with opens at (124.632, 429.804) (126.792, 429.876)
Net VDD: has regular routing with opens at (376.056, 643.644) (378.216, 643.716)
Net VSS: has regular routing with opens at (250.344, 165.204) (252.504, 165.276)
Net VDD: has regular routing with opens at (250.344, 643.644) (252.504, 643.716)
Net VSS: has regular routing with opens at (124.632, 489.204) (126.792, 489.276)
Net VDD: has regular routing with opens at (124.632, 643.644) (126.792, 643.716)
Net VSS: has regular routing with opens at (124.632, 165.204) (126.792, 165.276)
Net VDD: has regular routing with opens at (376.056, 198.684) (378.216, 198.756)
Net VSS: has regular routing with opens at (376.056, 705.204) (378.216, 705.276)
Net VDD: has regular routing with opens at (250.344, 198.684) (252.504, 198.756)
Net VSS: has regular routing with opens at (376.056, 383.364) (378.216, 383.436)
Net VDD: has regular routing with opens at (124.632, 198.684) (126.792, 198.756)
Net VSS: has regular routing with opens at (250.344, 383.364) (252.504, 383.436)
Net VDD: has regular routing with opens at (376.056, 641.484) (378.216, 641.556)
Net VSS: has regular routing with opens at (124.632, 383.364) (126.792, 383.436)
Net VDD: has regular routing with opens at (250.344, 641.484) (252.504, 641.556)
Net VSS: has regular routing with opens at (250.344, 705.204) (252.504, 705.276)
Net VDD: has regular routing with opens at (124.632, 641.484) (126.792, 641.556)
Net VSS: has regular routing with opens at (124.632, 705.204) (126.792, 705.276)
Net VSS: has regular routing with opens at (376.056, 597.204) (378.216, 597.276)
Net VDD: has regular routing with opens at (376.056, 97.164) (378.216, 97.236)
Net VSS: has regular routing with opens at (124.632, 597.204) (126.792, 597.276)
Net VDD: has regular routing with opens at (250.344, 97.164) (252.504, 97.236)
Net VSS: has regular routing with opens at (376.056, 273.204) (378.216, 273.276)
Net VDD: has regular routing with opens at (124.632, 97.164) (126.792, 97.236)
Net VSS: has regular routing with opens at (250.344, 273.204) (252.504, 273.276)
Net VDD: has regular routing with opens at (376.056, 427.644) (378.216, 427.716)
Net VSS: has regular routing with opens at (124.632, 273.204) (126.792, 273.276)
Net VDD: has regular routing with opens at (124.632, 427.644) (126.792, 427.716)
Net VSS: has regular routing with opens at (376.056, 381.204) (378.216, 381.276)
Net VDD: has regular routing with opens at (376.056, 196.524) (378.216, 196.596)
Net VSS: has regular routing with opens at (250.344, 381.204) (252.504, 381.276)
Net VDD: has regular routing with opens at (250.344, 196.524) (252.504, 196.596)
Net VSS: has regular routing with opens at (124.632, 381.204) (126.792, 381.276)
Net VDD: has regular routing with opens at (124.632, 196.524) (126.792, 196.596)
Net VSS: has regular routing with opens at (376.056, 271.044) (378.216, 271.116)
Net VDD: has regular routing with opens at (376.056, 639.324) (378.216, 639.396)
Net VSS: has regular routing with opens at (250.344, 271.044) (252.504, 271.116)
Net VDD: has regular routing with opens at (250.344, 639.324) (252.504, 639.396)
Net VSS: has regular routing with opens at (124.632, 271.044) (126.792, 271.116)
Net VDD: has regular routing with opens at (124.632, 639.324) (126.792, 639.396)
Net VSS: has regular routing with opens at (250.344, 163.044) (252.504, 163.116)
Net VDD: has regular routing with opens at (376.056, 529.164) (378.216, 529.236)
Net VSS: has regular routing with opens at (124.632, 163.044) (126.792, 163.116)
Net VDD: has regular routing with opens at (250.344, 529.164) (252.504, 529.236)
Net VSS: has regular routing with opens at (376.056, 268.884) (378.216, 268.956)
Net VDD: has regular routing with opens at (124.632, 529.164) (126.792, 529.236)
Net VSS: has regular routing with opens at (250.344, 268.884) (252.504, 268.956)
Net VDD: has regular routing with opens at (376.056, 95.004) (378.216, 95.076)
Net VSS: has regular routing with opens at (124.632, 268.884) (126.792, 268.956)
Net VDD: has regular routing with opens at (250.344, 95.004) (252.504, 95.076)
Net VSS: has regular routing with opens at (376.056, 55.044) (378.216, 55.116)
Net VDD: has regular routing with opens at (124.632, 95.004) (126.792, 95.076)
Net VSS: has regular routing with opens at (250.344, 55.044) (252.504, 55.116)
Net VSS: has regular routing with opens at (124.632, 55.044) (126.792, 55.116)
Net VDD: has regular routing with opens at (376.056, 425.484) (378.216, 425.556)
Net VSS: has regular routing with opens at (376.056, 160.884) (378.216, 160.956)
Net VDD: has regular routing with opens at (250.344, 425.484) (252.504, 425.556)
Net VSS: has regular routing with opens at (250.344, 160.884) (252.504, 160.956)
Net VDD: has regular routing with opens at (124.632, 425.484) (126.792, 425.556)
Net VSS: has regular routing with opens at (124.632, 160.884) (126.792, 160.956)
Net VDD: has regular routing with opens at (376.056, 637.164) (378.216, 637.236)
Net VSS: has regular routing with opens at (376.056, 266.724) (378.216, 266.796)
Net VDD: has regular routing with opens at (250.344, 637.164) (252.504, 637.236)
Net VSS: has regular routing with opens at (250.344, 266.724) (252.504, 266.796)
Net VDD: has regular routing with opens at (124.632, 637.164) (126.792, 637.236)
Net VSS: has regular routing with opens at (124.632, 266.724) (126.792, 266.796)
Net VDD: has regular routing with opens at (376.056, 194.364) (378.216, 194.436)
Net VSS: has regular routing with opens at (376.056, 52.884) (378.216, 52.956)
Net VDD: has regular routing with opens at (250.344, 194.364) (252.504, 194.436)
Net VSS: has regular routing with opens at (250.344, 52.884) (252.504, 52.956)
Net VDD: has regular routing with opens at (124.632, 194.364) (126.792, 194.436)
Net VSS: has regular routing with opens at (124.632, 52.884) (126.792, 52.956)
Net VDD: has regular routing with opens at (376.056, 527.004) (378.216, 527.076)
Net VSS: has regular routing with opens at (376.056, 158.724) (378.216, 158.796)
Net VDD: has regular routing with opens at (250.344, 527.004) (252.504, 527.076)
Net VSS: has regular routing with opens at (250.344, 158.724) (252.504, 158.796)
Net VDD: has regular routing with opens at (124.632, 527.004) (126.792, 527.076)
Net VSS: has regular routing with opens at (124.632, 158.724) (126.792, 158.796)
Net VDD: has regular routing with opens at (376.056, 92.844) (378.216, 92.916)
Net VSS: has regular routing with opens at (376.056, 50.724) (378.216, 50.796)
Net VDD: has regular routing with opens at (250.344, 92.844) (252.504, 92.916)
Net VSS: has regular routing with opens at (250.344, 50.724) (252.504, 50.796)
Net VDD: has regular routing with opens at (124.632, 92.844) (126.792, 92.916)
Net VSS: has regular routing with opens at (124.632, 50.724) (126.792, 50.796)
Net VDD: has regular routing with opens at (376.056, 192.204) (378.216, 192.276)
Net VSS: has regular routing with opens at (376.056, 156.564) (378.216, 156.636)
Net VDD: has regular routing with opens at (250.344, 192.204) (252.504, 192.276)
Net VSS: has regular routing with opens at (250.344, 156.564) (252.504, 156.636)
Net VDD: has regular routing with opens at (124.632, 192.204) (126.792, 192.276)
Net VSS: has regular routing with opens at (124.632, 156.564) (126.792, 156.636)
Net VDD: has regular routing with opens at (376.056, 635.004) (378.216, 635.076)
Net VSS: has regular routing with opens at (376.056, 264.564) (378.216, 264.636)
Net VDD: has regular routing with opens at (124.632, 635.004) (126.792, 635.076)
Net VSS: has regular routing with opens at (250.344, 264.564) (252.504, 264.636)
Net VDD: has regular routing with opens at (376.056, 423.324) (378.216, 423.396)
Net VSS: has regular routing with opens at (124.632, 264.564) (126.792, 264.636)
Net VDD: has regular routing with opens at (250.344, 423.324) (252.504, 423.396)
Net VSS: has regular routing with opens at (376.056, 48.564) (378.216, 48.636)
Net VDD: has regular routing with opens at (124.632, 423.324) (126.792, 423.396)
Net VSS: has regular routing with opens at (250.344, 48.564) (252.504, 48.636)
Net VDD: has regular routing with opens at (376.056, 524.844) (378.216, 524.916)
Net VSS: has regular routing with opens at (124.632, 48.564) (126.792, 48.636)
Net VDD: has regular routing with opens at (250.344, 524.844) (252.504, 524.916)
Net VSS: has regular routing with opens at (376.056, 154.404) (378.216, 154.476)
Net VDD: has regular routing with opens at (124.632, 524.844) (126.792, 524.916)
Net VSS: has regular routing with opens at (376.056, 262.404) (378.216, 262.476)
Net VDD: has regular routing with opens at (376.056, 190.044) (378.216, 190.116)
Net VSS: has regular routing with opens at (250.344, 262.404) (252.504, 262.476)
Net VSS: has regular routing with opens at (250.344, 154.404) (252.504, 154.476)
Net VDD: has regular routing with opens at (250.344, 190.044) (252.504, 190.116)
Net VSS: has regular routing with opens at (124.632, 262.404) (126.792, 262.476)
Net VDD: has regular routing with opens at (124.632, 190.044) (126.792, 190.116)
Net VSS: has regular routing with opens at (124.632, 154.404) (126.792, 154.476)
Net VDD: has regular routing with opens at (376.056, 90.684) (378.216, 90.756)
Net VSS: has regular routing with opens at (250.344, 46.404) (252.504, 46.476)
Net VDD: has regular routing with opens at (250.344, 90.684) (252.504, 90.756)
Net VSS: has regular routing with opens at (124.632, 46.404) (126.792, 46.476)
Net VDD: has regular routing with opens at (124.632, 90.684) (126.792, 90.756)
Net VSS: has regular routing with opens at (376.056, 44.244) (378.216, 44.316)
Net VDD: has regular routing with opens at (376.056, 632.844) (378.216, 632.916)
Net VSS: has regular routing with opens at (250.344, 44.244) (252.504, 44.316)
Net VDD: has regular routing with opens at (250.344, 632.844) (252.504, 632.916)
Net VSS: has regular routing with opens at (124.632, 44.244) (126.792, 44.316)
Net VSS: has regular routing with opens at (376.056, 260.244) (378.216, 260.316)
Net VDD: has regular routing with opens at (124.632, 632.844) (126.792, 632.916)
Net VSS: has regular routing with opens at (250.344, 260.244) (252.504, 260.316)
Net VDD: has regular routing with opens at (376.056, 187.884) (378.216, 187.956)
Net VSS: has regular routing with opens at (124.632, 260.244) (126.792, 260.316)
Net VDD: has regular routing with opens at (250.344, 187.884) (252.504, 187.956)
Net VSS: has regular routing with opens at (250.344, 152.244) (252.504, 152.316)
Net VDD: has regular routing with opens at (124.632, 187.884) (126.792, 187.956)
Net VSS: has regular routing with opens at (124.632, 152.244) (126.792, 152.316)
Net VDD: has regular routing with opens at (376.056, 522.684) (378.216, 522.756)
Net VSS: has regular routing with opens at (376.056, 42.084) (378.216, 42.156)
Net VDD: has regular routing with opens at (250.344, 522.684) (252.504, 522.756)
Net VSS: has regular routing with opens at (250.344, 42.084) (252.504, 42.156)
Net VDD: has regular routing with opens at (124.632, 522.684) (126.792, 522.756)
Net VSS: has regular routing with opens at (124.632, 42.084) (126.792, 42.156)
Net VDD: has regular routing with opens at (376.056, 421.164) (378.216, 421.236)
Net VSS: has regular routing with opens at (376.056, 595.044) (378.216, 595.116)
Net VDD: has regular routing with opens at (250.344, 421.164) (252.504, 421.236)
Net VSS: has regular routing with opens at (250.344, 595.044) (252.504, 595.116)
Net VDD: has regular routing with opens at (124.632, 421.164) (126.792, 421.236)
Net VSS: has regular routing with opens at (124.632, 595.044) (126.792, 595.116)
Net VDD: has regular routing with opens at (376.056, 88.524) (378.216, 88.596)
Net VSS: has regular routing with opens at (376.056, 150.084) (378.216, 150.156)
Net VDD: has regular routing with opens at (250.344, 88.524) (252.504, 88.596)
Net VSS: has regular routing with opens at (250.344, 150.084) (252.504, 150.156)
Net VDD: has regular routing with opens at (124.632, 88.524) (126.792, 88.596)
Net VSS: has regular routing with opens at (124.632, 150.084) (126.792, 150.156)
Net VDD: has regular routing with opens at (376.056, 185.724) (378.216, 185.796)
Net VSS: has regular routing with opens at (376.056, 258.084) (378.216, 258.156)
Net VDD: has regular routing with opens at (250.344, 185.724) (252.504, 185.796)
Net VSS: has regular routing with opens at (250.344, 258.084) (252.504, 258.156)
Net VDD: has regular routing with opens at (124.632, 185.724) (126.792, 185.796)
Net VSS: has regular routing with opens at (124.632, 258.084) (126.792, 258.156)
Net VDD: has regular routing with opens at (376.056, 630.684) (378.216, 630.756)
Net VSS: has regular routing with opens at (376.056, 592.884) (378.216, 592.956)
Net VDD: has regular routing with opens at (250.344, 630.684) (252.504, 630.756)
Net VSS: has regular routing with opens at (250.344, 592.884) (252.504, 592.956)
Net VDD: has regular routing with opens at (124.632, 630.684) (126.792, 630.756)
Net VSS: has regular routing with opens at (124.632, 592.884) (126.792, 592.956)
Net VDD: has regular routing with opens at (376.056, 419.004) (378.216, 419.076)
Net VSS: has regular routing with opens at (376.056, 147.924) (378.216, 147.996)
Net VDD: has regular routing with opens at (250.344, 419.004) (252.504, 419.076)
Net VSS: has regular routing with opens at (250.344, 147.924) (252.504, 147.996)
Net VDD: has regular routing with opens at (124.632, 419.004) (126.792, 419.076)
Net VSS: has regular routing with opens at (124.632, 147.924) (126.792, 147.996)
Net VDD: has regular routing with opens at (376.056, 326.124) (378.216, 326.196)
Net VSS: has regular routing with opens at (376.056, 39.924) (378.216, 39.996)
Net VDD: has regular routing with opens at (250.344, 326.124) (252.504, 326.196)
Net VSS: has regular routing with opens at (250.344, 39.924) (252.504, 39.996)
Net VDD: has regular routing with opens at (124.632, 326.124) (126.792, 326.196)
Net VSS: has regular routing with opens at (124.632, 39.924) (126.792, 39.996)
Net VDD: has regular routing with opens at (376.056, 520.524) (378.216, 520.596)
Net VSS: has regular routing with opens at (376.056, 590.724) (378.216, 590.796)
Net VDD: has regular routing with opens at (250.344, 520.524) (252.504, 520.596)
Net VSS: has regular routing with opens at (124.632, 590.724) (126.792, 590.796)
Net VDD: has regular routing with opens at (124.632, 520.524) (126.792, 520.596)
Net VSS: has regular routing with opens at (376.056, 487.044) (378.216, 487.116)
Net VDD: has regular routing with opens at (376.056, 86.364) (378.216, 86.436)
Net VSS: has regular routing with opens at (250.344, 487.044) (252.504, 487.116)
Net VDD: has regular routing with opens at (250.344, 86.364) (252.504, 86.436)
Net VSS: has regular routing with opens at (124.632, 487.044) (126.792, 487.116)
Net VDD: has regular routing with opens at (124.632, 86.364) (126.792, 86.436)
Net VDD: has regular routing with opens at (376.056, 323.964) (378.216, 324.036)
Net VSS: has regular routing with opens at (376.056, 145.764) (378.216, 145.836)
Net VDD: has regular routing with opens at (250.344, 323.964) (252.504, 324.036)
Net VSS: has regular routing with opens at (250.344, 145.764) (252.504, 145.836)
Net VDD: has regular routing with opens at (124.632, 323.964) (126.792, 324.036)
Net VSS: has regular routing with opens at (124.632, 145.764) (126.792, 145.836)
Net VDD: has regular routing with opens at (376.056, 628.524) (378.216, 628.596)
Net VSS: has regular routing with opens at (376.056, 255.924) (378.216, 255.996)
Net VDD: has regular routing with opens at (250.344, 628.524) (252.504, 628.596)
Net VSS: has regular routing with opens at (124.632, 255.924) (126.792, 255.996)
Net VDD: has regular routing with opens at (124.632, 628.524) (126.792, 628.596)
Net VSS: has regular routing with opens at (376.056, 379.044) (378.216, 379.116)
Net VDD: has regular routing with opens at (376.056, 416.844) (378.216, 416.916)
Net VSS: has regular routing with opens at (250.344, 379.044) (252.504, 379.116)
Net VDD: has regular routing with opens at (250.344, 416.844) (252.504, 416.916)
Net VSS: has regular routing with opens at (376.056, 588.564) (378.216, 588.636)
Net VDD: has regular routing with opens at (124.632, 416.844) (126.792, 416.916)
Net VSS: has regular routing with opens at (124.632, 379.044) (126.792, 379.116)
Net VSS: has regular routing with opens at (250.344, 588.564) (252.504, 588.636)
Net VDD: has regular routing with opens at (376.056, 84.204) (378.216, 84.276)
Net VSS: has regular routing with opens at (124.632, 588.564) (126.792, 588.636)
Net VDD: has regular routing with opens at (250.344, 84.204) (252.504, 84.276)
Net VSS: has regular routing with opens at (376.056, 484.884) (378.216, 484.956)
Net VDD: has regular routing with opens at (124.632, 84.204) (126.792, 84.276)
Net VSS: has regular routing with opens at (250.344, 484.884) (252.504, 484.956)
Net VDD: has regular routing with opens at (376.056, 321.804) (378.216, 321.876)
Net VSS: has regular routing with opens at (124.632, 484.884) (126.792, 484.956)
Net VDD: has regular routing with opens at (250.344, 321.804) (252.504, 321.876)
Net VSS: has regular routing with opens at (376.056, 143.604) (378.216, 143.676)
Net VDD: has regular routing with opens at (124.632, 321.804) (126.792, 321.876)
Net VSS: has regular routing with opens at (250.344, 143.604) (252.504, 143.676)
Net VDD: has regular routing with opens at (376.056, 183.564) (378.216, 183.636)
Net VSS: has regular routing with opens at (124.632, 143.604) (126.792, 143.676)
Net VSS: has regular routing with opens at (376.056, 703.044) (378.216, 703.116)
Net VSS: has regular routing with opens at (250.344, 703.044) (252.504, 703.116)
Net VDD: has regular routing with opens at (250.344, 183.564) (252.504, 183.636)
Net VSS: has regular routing with opens at (376.056, 37.764) (378.216, 37.836)
Net VSS: has regular routing with opens at (124.632, 703.044) (126.792, 703.116)
Net VSS: has regular routing with opens at (250.344, 37.764) (252.504, 37.836)
Net VDD: has regular routing with opens at (124.632, 183.564) (126.792, 183.636)
Net VSS: has regular routing with opens at (124.632, 37.764) (126.792, 37.836)
Net VDD: has regular routing with opens at (376.056, 518.364) (378.216, 518.436)
Net VSS: has regular routing with opens at (376.056, 376.884) (378.216, 376.956)
Net VDD: has regular routing with opens at (250.344, 518.364) (252.504, 518.436)
Net VSS: has regular routing with opens at (250.344, 376.884) (252.504, 376.956)
Net VDD: has regular routing with opens at (124.632, 518.364) (126.792, 518.436)
Net VSS: has regular routing with opens at (124.632, 376.884) (126.792, 376.956)
Net VDD: has regular routing with opens at (376.056, 626.364) (378.216, 626.436)
Net VSS: has regular routing with opens at (376.056, 253.764) (378.216, 253.836)
Net VDD: has regular routing with opens at (250.344, 626.364) (252.504, 626.436)
Net VSS: has regular routing with opens at (124.632, 253.764) (126.792, 253.836)
Net VDD: has regular routing with opens at (124.632, 626.364) (126.792, 626.436)
Net VSS: has regular routing with opens at (376.056, 586.404) (378.216, 586.476)
Net VDD: has regular routing with opens at (376.056, 319.644) (378.216, 319.716)
Net VSS: has regular routing with opens at (124.632, 586.404) (126.792, 586.476)
Net VDD: has regular routing with opens at (250.344, 319.644) (252.504, 319.716)
Net VSS: has regular routing with opens at (250.344, 35.604) (252.504, 35.676)
Net VDD: has regular routing with opens at (124.632, 319.644) (126.792, 319.716)
Net VSS: has regular routing with opens at (124.632, 35.604) (126.792, 35.676)
Net VDD: has regular routing with opens at (376.056, 82.044) (378.216, 82.116)
Net VSS: has regular routing with opens at (376.056, 141.444) (378.216, 141.516)
Net VDD: has regular routing with opens at (250.344, 82.044) (252.504, 82.116)
Net VSS: has regular routing with opens at (376.056, 700.884) (378.216, 700.956)
Net VDD: has regular routing with opens at (124.632, 82.044) (126.792, 82.116)
Net VSS: has regular routing with opens at (250.344, 141.444) (252.504, 141.516)
Net VDD: has regular routing with opens at (376.056, 181.404) (378.216, 181.476)
Net VSS: has regular routing with opens at (124.632, 141.444) (126.792, 141.516)
Net VDD: has regular routing with opens at (250.344, 181.404) (252.504, 181.476)
Net VSS: has regular routing with opens at (250.344, 700.884) (252.504, 700.956)
Net VDD: has regular routing with opens at (124.632, 181.404) (126.792, 181.476)
Net VSS: has regular routing with opens at (124.632, 700.884) (126.792, 700.956)
Net VDD: has regular routing with opens at (124.632, 414.684) (126.792, 414.756)
Net VSS: has regular routing with opens at (376.056, 374.724) (378.216, 374.796)
Net VSS: has regular routing with opens at (250.344, 374.724) (252.504, 374.796)
Net VDD: has regular routing with opens at (376.056, 516.204) (378.216, 516.276)
Net VSS: has regular routing with opens at (124.632, 374.724) (126.792, 374.796)
Net VDD: has regular routing with opens at (376.056, 317.484) (378.216, 317.556)
Net VSS: has regular routing with opens at (376.056, 482.724) (378.216, 482.796)
Net VDD: has regular routing with opens at (250.344, 516.204) (252.504, 516.276)
Net VSS: has regular routing with opens at (250.344, 482.724) (252.504, 482.796)
Net VDD: has regular routing with opens at (250.344, 317.484) (252.504, 317.556)
Net VSS: has regular routing with opens at (124.632, 482.724) (126.792, 482.796)
Net VDD: has regular routing with opens at (124.632, 516.204) (126.792, 516.276)
Net VSS: has regular routing with opens at (376.056, 251.604) (378.216, 251.676)
Net VDD: has regular routing with opens at (124.632, 317.484) (126.792, 317.556)
Net VSS: has regular routing with opens at (124.632, 251.604) (126.792, 251.676)
Net VDD: has regular routing with opens at (376.056, 624.204) (378.216, 624.276)
Net VSS: has regular routing with opens at (376.056, 584.244) (378.216, 584.316)
Net VDD: has regular routing with opens at (250.344, 624.204) (252.504, 624.276)
Net VSS: has regular routing with opens at (250.344, 584.244) (252.504, 584.316)
Net VDD: has regular routing with opens at (124.632, 624.204) (126.792, 624.276)
Net VSS: has regular routing with opens at (124.632, 584.244) (126.792, 584.316)
Net VDD: has regular routing with opens at (376.056, 179.244) (378.216, 179.316)
Net VSS: has regular routing with opens at (376.056, 698.724) (378.216, 698.796)
Net VDD: has regular routing with opens at (250.344, 179.244) (252.504, 179.316)
Net VSS: has regular routing with opens at (250.344, 698.724) (252.504, 698.796)
Net VDD: has regular routing with opens at (376.056, 315.324) (378.216, 315.396)
Net VSS: has regular routing with opens at (376.056, 372.564) (378.216, 372.636)
Net VDD: has regular routing with opens at (250.344, 315.324) (252.504, 315.396)
Net VSS: has regular routing with opens at (124.632, 698.724) (126.792, 698.796)
Net VDD: has regular routing with opens at (124.632, 315.324) (126.792, 315.396)
Net VSS: has regular routing with opens at (250.344, 372.564) (252.504, 372.636)
Net VDD: has regular routing with opens at (376.056, 79.884) (378.216, 79.956)
Net VSS: has regular routing with opens at (124.632, 372.564) (126.792, 372.636)
Net VDD: has regular routing with opens at (250.344, 79.884) (252.504, 79.956)
Net VSS: has regular routing with opens at (250.344, 139.284) (252.504, 139.356)
Net VDD: has regular routing with opens at (124.632, 79.884) (126.792, 79.956)
Net VSS: has regular routing with opens at (124.632, 139.284) (126.792, 139.356)
Net VDD: has regular routing with opens at (376.056, 514.044) (378.216, 514.116)
Net VSS: has regular routing with opens at (376.056, 249.444) (378.216, 249.516)
Net VDD: has regular routing with opens at (250.344, 514.044) (252.504, 514.116)
Net VSS: has regular routing with opens at (250.344, 249.444) (252.504, 249.516)
Net VDD: has regular routing with opens at (124.632, 514.044) (126.792, 514.116)
Net VSS: has regular routing with opens at (124.632, 249.444) (126.792, 249.516)
Net VDD: has regular routing with opens at (376.056, 412.524) (378.216, 412.596)
Net VSS: has regular routing with opens at (376.056, 33.444) (378.216, 33.516)
Net VDD: has regular routing with opens at (250.344, 412.524) (252.504, 412.596)
Net VSS: has regular routing with opens at (250.344, 33.444) (252.504, 33.516)
Net VDD: has regular routing with opens at (124.632, 412.524) (126.792, 412.596)
Net VSS: has regular routing with opens at (124.632, 33.444) (126.792, 33.516)
Net VDD: has regular routing with opens at (376.056, 622.044) (378.216, 622.116)
Net VSS: has regular routing with opens at (376.056, 480.564) (378.216, 480.636)
Net VDD: has regular routing with opens at (250.344, 622.044) (252.504, 622.116)
Net VSS: has regular routing with opens at (250.344, 480.564) (252.504, 480.636)
Net VDD: has regular routing with opens at (124.632, 622.044) (126.792, 622.116)
Net VSS: has regular routing with opens at (124.632, 480.564) (126.792, 480.636)
Net VDD: has regular routing with opens at (376.056, 313.164) (378.216, 313.236)
Net VDD: has regular routing with opens at (250.344, 313.164) (252.504, 313.236)
Net VSS: has regular routing with opens at (376.056, 370.404) (378.216, 370.476)
Net VDD: has regular routing with opens at (124.632, 313.164) (126.792, 313.236)
Net VSS: has regular routing with opens at (250.344, 370.404) (252.504, 370.476)
Net VDD: has regular routing with opens at (376.056, 77.724) (378.216, 77.796)
Net VDD: has regular routing with opens at (250.344, 77.724) (252.504, 77.796)
Net VSS: has regular routing with opens at (124.632, 370.404) (126.792, 370.476)
Net VDD: has regular routing with opens at (124.632, 77.724) (126.792, 77.796)
Net VSS: has regular routing with opens at (376.056, 696.564) (378.216, 696.636)
Net VDD: has regular routing with opens at (376.056, 511.884) (378.216, 511.956)
Net VDD: has regular routing with opens at (250.344, 511.884) (252.504, 511.956)
Net VSS: has regular routing with opens at (250.344, 696.564) (252.504, 696.636)
Net VDD: has regular routing with opens at (124.632, 511.884) (126.792, 511.956)
Net VSS: has regular routing with opens at (124.632, 696.564) (126.792, 696.636)
Net VDD: has regular routing with opens at (376.056, 619.884) (378.216, 619.956)
Net VSS: has regular routing with opens at (376.056, 582.084) (378.216, 582.156)
Net VDD: has regular routing with opens at (250.344, 619.884) (252.504, 619.956)
Net VSS: has regular routing with opens at (250.344, 582.084) (252.504, 582.156)
Net VDD: has regular routing with opens at (124.632, 619.884) (126.792, 619.956)
Net VSS: has regular routing with opens at (124.632, 582.084) (126.792, 582.156)
Net VDD: has regular routing with opens at (376.056, 311.004) (378.216, 311.076)
Net VSS: has regular routing with opens at (376.056, 31.284) (378.216, 31.356)
Net VSS: has regular routing with opens at (250.344, 31.284) (252.504, 31.356)
Net VDD: has regular routing with opens at (250.344, 311.004) (252.504, 311.076)
Net VDD: has regular routing with opens at (124.632, 311.004) (126.792, 311.076)
Net VSS: has regular routing with opens at (124.632, 31.284) (126.792, 31.356)
Net VDD: has regular routing with opens at (376.056, 410.364) (378.216, 410.436)
Net VSS: has regular routing with opens at (376.056, 247.284) (378.216, 247.356)
Net VDD: has regular routing with opens at (250.344, 410.364) (252.504, 410.436)
Net VDD: has regular routing with opens at (124.632, 410.364) (126.792, 410.436)
Net VSS: has regular routing with opens at (250.344, 247.284) (252.504, 247.356)
Net VDD: has regular routing with opens at (376.056, 308.844) (378.216, 308.916)
Net VDD: has regular routing with opens at (250.344, 308.844) (252.504, 308.916)
Net VSS: has regular routing with opens at (124.632, 247.284) (126.792, 247.356)
Net VDD: has regular routing with opens at (124.632, 308.844) (126.792, 308.916)
Net VSS: has regular routing with opens at (376.056, 478.404) (378.216, 478.476)
Net VDD: has regular routing with opens at (376.056, 509.724) (378.216, 509.796)
Net VDD: has regular routing with opens at (250.344, 509.724) (252.504, 509.796)
Net VSS: has regular routing with opens at (124.632, 478.404) (126.792, 478.476)
Net VDD: has regular routing with opens at (124.632, 509.724) (126.792, 509.796)
Net VSS: has regular routing with opens at (376.056, 137.124) (378.216, 137.196)
Net VDD: has regular routing with opens at (376.056, 617.724) (378.216, 617.796)
Net VSS: has regular routing with opens at (250.344, 137.124) (252.504, 137.196)
Net VDD: has regular routing with opens at (250.344, 617.724) (252.504, 617.796)
Net VSS: has regular routing with opens at (124.632, 137.124) (126.792, 137.196)
Net VDD: has regular routing with opens at (124.632, 617.724) (126.792, 617.796)
Net VSS: has regular routing with opens at (376.056, 368.244) (378.216, 368.316)
Net VDD: has regular routing with opens at (376.056, 75.564) (378.216, 75.636)
Net VSS: has regular routing with opens at (250.344, 368.244) (252.504, 368.316)
Net VDD: has regular routing with opens at (250.344, 75.564) (252.504, 75.636)
Net VSS: has regular routing with opens at (124.632, 368.244) (126.792, 368.316)
Net VDD: has regular routing with opens at (124.632, 75.564) (126.792, 75.636)
Net VSS: has regular routing with opens at (376.056, 29.124) (378.216, 29.196)
Net VDD: has regular routing with opens at (376.056, 408.204) (378.216, 408.276)
Net VSS: has regular routing with opens at (250.344, 29.124) (252.504, 29.196)
Net VDD: has regular routing with opens at (250.344, 408.204) (252.504, 408.276)
Net VSS: has regular routing with opens at (124.632, 29.124) (126.792, 29.196)
Net VDD: has regular routing with opens at (124.632, 408.204) (126.792, 408.276)
Net VSS: has regular routing with opens at (376.056, 694.404) (378.216, 694.476)
Net VDD: has regular routing with opens at (376.056, 306.684) (378.216, 306.756)
Net VSS: has regular routing with opens at (250.344, 694.404) (252.504, 694.476)
Net VDD: has regular routing with opens at (250.344, 306.684) (252.504, 306.756)
Net VSS: has regular routing with opens at (124.632, 694.404) (126.792, 694.476)
Net VSS: has regular routing with opens at (376.056, 579.924) (378.216, 579.996)
Net VDD: has regular routing with opens at (124.632, 306.684) (126.792, 306.756)
Net VSS: has regular routing with opens at (124.632, 579.924) (126.792, 579.996)
Net VDD: has regular routing with opens at (376.056, 615.564) (378.216, 615.636)
Net VSS: has regular routing with opens at (376.056, 476.244) (378.216, 476.316)
Net VDD: has regular routing with opens at (250.344, 615.564) (252.504, 615.636)
Net VSS: has regular routing with opens at (250.344, 476.244) (252.504, 476.316)
Net VDD: has regular routing with opens at (124.632, 615.564) (126.792, 615.636)
Net VSS: has regular routing with opens at (124.632, 476.244) (126.792, 476.316)
Net VDD: has regular routing with opens at (376.056, 73.404) (378.216, 73.476)
Net VSS: has regular routing with opens at (376.056, 366.084) (378.216, 366.156)
Net VDD: has regular routing with opens at (250.344, 73.404) (252.504, 73.476)
Net VSS: has regular routing with opens at (250.344, 366.084) (252.504, 366.156)
Net VDD: has regular routing with opens at (124.632, 73.404) (126.792, 73.476)
Net VSS: has regular routing with opens at (124.632, 366.084) (126.792, 366.156)
Net VDD: has regular routing with opens at (376.056, 304.524) (378.216, 304.596)
Net VSS: has regular routing with opens at (376.056, 245.124) (378.216, 245.196)
Net VDD: has regular routing with opens at (250.344, 304.524) (252.504, 304.596)
Net VSS: has regular routing with opens at (250.344, 245.124) (252.504, 245.196)
Net VDD: has regular routing with opens at (124.632, 304.524) (126.792, 304.596)
Net VSS: has regular routing with opens at (124.632, 245.124) (126.792, 245.196)
Net VDD: has regular routing with opens at (376.056, 507.564) (378.216, 507.636)
Net VSS: has regular routing with opens at (376.056, 26.964) (378.216, 27.036)
Net VDD: has regular routing with opens at (376.056, 406.044) (378.216, 406.116)
Net VSS: has regular routing with opens at (250.344, 26.964) (252.504, 27.036)
Net VDD: has regular routing with opens at (250.344, 507.564) (252.504, 507.636)
Net VSS: has regular routing with opens at (124.632, 26.964) (126.792, 27.036)
Net VDD: has regular routing with opens at (250.344, 406.044) (252.504, 406.116)
Net VSS: has regular routing with opens at (376.056, 134.964) (378.216, 135.036)
Net VDD: has regular routing with opens at (124.632, 507.564) (126.792, 507.636)
Net VSS: has regular routing with opens at (376.056, 474.084) (378.216, 474.156)
Net VDD: has regular routing with opens at (124.632, 406.044) (126.792, 406.116)
Net VSS: has regular routing with opens at (250.344, 134.964) (252.504, 135.036)
Net VDD: has regular routing with opens at (250.344, 302.364) (252.504, 302.436)
Net VSS: has regular routing with opens at (250.344, 474.084) (252.504, 474.156)
Net VDD: has regular routing with opens at (124.632, 302.364) (126.792, 302.436)
Net VSS: has regular routing with opens at (124.632, 474.084) (126.792, 474.156)
Net VDD: has regular routing with opens at (376.056, 613.404) (378.216, 613.476)
Net VSS: has regular routing with opens at (124.632, 134.964) (126.792, 135.036)
Net VDD: has regular routing with opens at (250.344, 613.404) (252.504, 613.476)
Net VSS: has regular routing with opens at (376.056, 692.244) (378.216, 692.316)
Net VDD: has regular routing with opens at (124.632, 613.404) (126.792, 613.476)
Net VSS: has regular routing with opens at (250.344, 692.244) (252.504, 692.316)
Net VDD: has regular routing with opens at (376.056, 71.244) (378.216, 71.316)
Net VSS: has regular routing with opens at (124.632, 692.244) (126.792, 692.316)
Net VDD: has regular routing with opens at (250.344, 71.244) (252.504, 71.316)
Net VSS: has regular routing with opens at (376.056, 577.764) (378.216, 577.836)
Net VSS: has regular routing with opens at (250.344, 577.764) (252.504, 577.836)
Net VDD: has regular routing with opens at (124.632, 71.244) (126.792, 71.316)
Net VSS: has regular routing with opens at (124.632, 577.764) (126.792, 577.836)
Net VDD: has regular routing with opens at (376.056, 403.884) (378.216, 403.956)
Net VSS: has regular routing with opens at (376.056, 363.924) (378.216, 363.996)
Net VDD: has regular routing with opens at (250.344, 403.884) (252.504, 403.956)
Net VSS: has regular routing with opens at (250.344, 363.924) (252.504, 363.996)
Net VDD: has regular routing with opens at (124.632, 403.884) (126.792, 403.956)
Net VSS: has regular routing with opens at (124.632, 363.924) (126.792, 363.996)
Net VDD: has regular routing with opens at (376.056, 505.404) (378.216, 505.476)
Net VSS: has regular routing with opens at (376.056, 24.804) (378.216, 24.876)
Net VDD: has regular routing with opens at (250.344, 505.404) (252.504, 505.476)
Net VSS: has regular routing with opens at (250.344, 24.804) (252.504, 24.876)
Net VDD: has regular routing with opens at (124.632, 505.404) (126.792, 505.476)
Net VSS: has regular routing with opens at (124.632, 24.804) (126.792, 24.876)
Net VDD: has regular routing with opens at (376.056, 300.204) (378.216, 300.276)
Net VSS: has regular routing with opens at (376.056, 471.924) (378.216, 471.996)
Net VDD: has regular routing with opens at (250.344, 300.204) (252.504, 300.276)
Net VSS: has regular routing with opens at (250.344, 471.924) (252.504, 471.996)
Net VDD: has regular routing with opens at (124.632, 300.204) (126.792, 300.276)
Net VSS: has regular routing with opens at (376.056, 690.084) (378.216, 690.156)
Net VDD: has regular routing with opens at (376.056, 611.244) (378.216, 611.316)
Net VSS: has regular routing with opens at (250.344, 690.084) (252.504, 690.156)
Net VDD: has regular routing with opens at (250.344, 611.244) (252.504, 611.316)
Net VSS: has regular routing with opens at (124.632, 471.924) (126.792, 471.996)
Net VDD: has regular routing with opens at (124.632, 611.244) (126.792, 611.316)
Net VSS: has regular routing with opens at (124.632, 690.084) (126.792, 690.156)
Net VDD: has regular routing with opens at (376.056, 69.084) (378.216, 69.156)
Net VSS: has regular routing with opens at (376.056, 242.964) (378.216, 243.036)
Net VDD: has regular routing with opens at (250.344, 69.084) (252.504, 69.156)
Net VSS: has regular routing with opens at (250.344, 242.964) (252.504, 243.036)
Net VDD: has regular routing with opens at (124.632, 69.084) (126.792, 69.156)
Net VSS: has regular routing with opens at (124.632, 242.964) (126.792, 243.036)
Net VDD: has regular routing with opens at (376.056, 401.724) (378.216, 401.796)
Net VSS: has regular routing with opens at (376.056, 361.764) (378.216, 361.836)
Net VDD: has regular routing with opens at (250.344, 401.724) (252.504, 401.796)
Net VSS: has regular routing with opens at (250.344, 361.764) (252.504, 361.836)
Net VDD: has regular routing with opens at (124.632, 401.724) (126.792, 401.796)
Net VSS: has regular routing with opens at (124.632, 361.764) (126.792, 361.836)
Net VDD: has regular routing with opens at (250.344, 298.044) (252.504, 298.116)
Net VSS: has regular routing with opens at (376.056, 132.804) (378.216, 132.876)
Net VDD: has regular routing with opens at (124.632, 298.044) (126.792, 298.116)
Net VSS: has regular routing with opens at (250.344, 132.804) (252.504, 132.876)
Net VDD: has regular routing with opens at (376.056, 503.244) (378.216, 503.316)
Net VSS: has regular routing with opens at (376.056, 575.604) (378.216, 575.676)
Net VDD: has regular routing with opens at (250.344, 503.244) (252.504, 503.316)
Net VSS: has regular routing with opens at (124.632, 132.804) (126.792, 132.876)
Net VDD: has regular routing with opens at (124.632, 503.244) (126.792, 503.316)
Net VSS: has regular routing with opens at (250.344, 575.604) (252.504, 575.676)
Net VDD: has regular routing with opens at (376.056, 295.884) (378.216, 295.956)
Net VSS: has regular routing with opens at (124.632, 575.604) (126.792, 575.676)
Net VDD: has regular routing with opens at (250.344, 295.884) (252.504, 295.956)
Net VSS: has regular routing with opens at (376.056, 687.924) (378.216, 687.996)

Begin Summary
    2 Problem(s) (IMPVFC-200): Special Wires: Pieces of the net are not connected together.
    998 Problem(s) (IMPVFC-92): Pieces of the net are not connected together.
    1000 total info(s) created.
End Summary
