Library cell information:
 -----------------------------------------------------
| Cell                    |  Instance  |  Area(um^2)  |
|-----------------------------------------------------|
| A2O1A1Ixp33_ASAP7_75t_R |        152 |      212.751 | 
| AND2x2_ASAP7_75t_R      |         65 |       90.979 | 
| AND3x1_ASAP7_75t_R      |         34 |       47.589 | 
| AND4x1_ASAP7_75t_R      |         28 |       45.723 | 
| AND4x2_ASAP7_75t_R      |          4 |        7.465 | 
| AO21x1_ASAP7_75t_R      |          2 |        2.799 | 
| AO22x1_ASAP7_75t_L      |          4 |        8.398 | 
| AO22x1_ASAP7_75t_R      |         42 |       88.180 | 
| AO22x2_ASAP7_75t_R      |          1 |        2.333 | 
| AOI211xp5_ASAP7_75t_R   |          2 |        2.799 | 
| AOI21xp33_ASAP7_75t_R   |          5 |        5.832 | 
| AOI221xp5_ASAP7_75t_R   |          3 |        4.899 | 
| AOI22x1_ASAP7_75t_R     |          1 |        2.333 | 
| AOI22xp33_ASAP7_75t_L   |         23 |       32.193 | 
| AOI22xp33_ASAP7_75t_R   |        245 |      342.922 | 
| AOI22xp5_ASAP7_75t_L    |          4 |        5.599 | 
| AOI22xp5_ASAP7_75t_R    |          1 |        1.400 | 
| AOI333xp33_ASAP7_75t_R  |          1 |        2.566 | 
| BUFx10_ASAP7_75t_L      |          4 |       13.064 | 
| BUFx12_ASAP7_75t_L      |          1 |        3.732 | 
| BUFx12f_ASAP7_75t_L     |          5 |       20.995 | 
| BUFx16f_ASAP7_75t_L     |         11 |       56.454 | 
| BUFx24_ASAP7_75t_L      |          2 |       13.997 | 
| BUFx2_ASAP7_75t_L       |          8 |        9.331 | 
| BUFx2_ASAP7_75t_R       |         23 |       26.827 | 
| BUFx3_ASAP7_75t_R       |          7 |        9.798 | 
| BUFx4_ASAP7_75t_R       |         13 |       21.228 | 
| BUFx8_ASAP7_75t_L       |          8 |       22.395 | 
| BUFx8_ASAP7_75t_R       |          7 |       19.596 | 
| DFFHQNx1_ASAP7_75t_R    |        159 |      741.830 | 
| FILLER_ASAP7_75t_L      |     254401 |   118693.331 | 
| FILLERxp5_ASAP7_75t_L   |        959 |      223.716 | 
| HAxp5_ASAP7_75t_R       |          4 |        8.398 | 
| HB1xp67_ASAP7_75t_L     |         23 |       21.462 | 
| HB1xp67_ASAP7_75t_R     |        210 |      195.955 | 
| HB2xp67_ASAP7_75t_R     |         39 |       45.490 | 
| HB3xp67_ASAP7_75t_R     |         47 |       65.785 | 
| HB4xp67_ASAP7_75t_R     |         11 |       17.963 | 
| INVx1_ASAP7_75t_L       |          4 |        2.799 | 
| INVx1_ASAP7_75t_R       |         24 |       16.796 | 
| INVx2_ASAP7_75t_L       |          2 |        1.866 | 
| INVx2_ASAP7_75t_R       |          6 |        5.599 | 
| INVxp33_ASAP7_75t_L     |         17 |       11.897 | 
| INVxp33_ASAP7_75t_R     |        108 |       75.583 | 
| INVxp67_ASAP7_75t_L     |          7 |        4.899 | 
| INVxp67_ASAP7_75t_R     |         45 |       31.493 | 
| NAND2xp33_ASAP7_75t_L   |          7 |        6.532 | 
| NAND2xp33_ASAP7_75t_R   |         57 |       53.188 | 
| NAND2xp5_ASAP7_75t_R    |          1 |        0.933 | 
| NAND3xp33_ASAP7_75t_R   |          6 |        6.998 | 
| NAND4xp25_ASAP7_75t_R   |          1 |        1.400 | 
| NAND5xp2_ASAP7_75t_L    |          3 |        4.899 | 
| NAND5xp2_ASAP7_75t_R    |         30 |       48.989 | 
| NOR2x1_ASAP7_75t_R      |          1 |        1.400 | 
| NOR2xp33_ASAP7_75t_L    |          4 |        3.732 | 
| NOR2xp33_ASAP7_75t_R    |         82 |       76.516 | 
| NOR2xp67_ASAP7_75t_R    |          4 |        5.599 | 
| NOR3xp33_ASAP7_75t_R    |         28 |       32.659 | 
| NOR4xp25_ASAP7_75t_R    |          3 |        4.199 | 
| NOR5xp2_ASAP7_75t_R     |          5 |        8.165 | 
| O2A1O1Ixp33_ASAP7_75t_R |         20 |       27.994 | 
| OAI211xp5_ASAP7_75t_R   |          2 |        2.799 | 
| OAI21xp33_ASAP7_75t_L   |          1 |        1.166 | 
| OAI21xp33_ASAP7_75t_R   |          5 |        5.832 | 
| OAI221xp5_ASAP7_75t_R   |          4 |        6.532 | 
| OAI22xp33_ASAP7_75t_R   |          1 |        1.400 | 
| OAI311xp33_ASAP7_75t_R  |          1 |        1.633 | 
| OAI32xp33_ASAP7_75t_R   |          1 |        1.633 | 
| OAI33xp33_ASAP7_75t_R   |          1 |        1.866 | 
| OR2x2_ASAP7_75t_R       |          1 |        1.400 | 
| OR3x1_ASAP7_75t_R       |          1 |        1.400 | 
| XNOR2xp5_ASAP7_75t_R    |         23 |       48.289 | 
| XOR2xp5_ASAP7_75t_R     |         26 |       54.588 | 
| srambank_256x4x32_6t122 |         16 |   335624.602 | 
|-----------------------------------------------------|
| Total                   |     257107 |   457325.378 |
 -----------------------------------------------------
Library cell type information:
 -------------------------------------------------------
| Cell Type        |   Instance   |        Area         |
|                  |              |       um^2  |   %   |
|-------------------------------------------------------|
| Buffer           |          419 |     564.071 |   0.1 | 
| Inverter         |          213 |     150.932 |   0.0 | 
| Combinational    |          940 |    1326.897 |   0.3 | 
| Flop             |          159 |     741.830 |   0.2 | 
| Multi-Bit Flop   |            0 |       0.000 |   0.0 | 
| Latch            |            0 |       0.000 |   0.0 | 
| Clock Gater      |            0 |       0.000 |   0.0 | 
| Macro            |            0 |       0.000 |   0.0 | 
| Physical Cell    |       255360 |  118917.046 |  26.0 | 
|-------------------------------------------------------|
| Total            |       257107 |  457325.378 | 100.0 | 
 -------------------------------------------------------
