###############################################################
#  Generated by:      Cadence Innovus 23.14-s088_1
#  OS:                Linux x86_64(Host ID user1-EliteMini)
#  Generated on:      Thu Aug 27 19:22:53 2026
#  Design:            axi_ram
#  Command:           verifyConnectivity -type special -net {VDD VSS} -allPGPinPort -noUnroutedNet -report ./verify_rpt/pg_connectivity_after_postroute_opt.rpt
###############################################################
Verify Connectivity Report is created on Thu Aug 27 19:22:53 2026




Multi-CPU acceleration using 12 CPU


Use pthread

Net VSS, Pin Pin: FE_OFC1032_n_35/VSS; Direction: INPUT; Use: GROUND;: has an unconnected terminal at (621.864, 286.164) (622.512, 286.236)
Net VSS, Pin Pin: FE_OFC941_mem_rdata_19/VSS; Direction: INPUT; Use: GROUND;: has an unconnected terminal at (502.416, 299.124) (503.280, 299.196)
Net VSS, Pin Pin: CTS_ccl_buf_00041/VSS; Direction: INPUT; Use: GROUND;: has an unconnected terminal at (2.160, 353.124) (6.048, 353.196)
Net VSS, Pin Pin: FE_OFC372_s_axi_awready/VSS; Direction: INPUT; Use: GROUND;: has an unconnected terminal at (2.160, 176.004) (3.024, 176.076)
Net VSS, Pin Pin: FE_OFC315_s_axi_wready/VSS; Direction: INPUT; Use: GROUND;: has an unconnected terminal at (125.496, 264.564) (126.360, 264.636)
Net VSS, Pin Pin: u_mem/FE_OFC1061_n_334/VSS; Direction: INPUT; Use: GROUND;: has an unconnected terminal at (250.344, 677.124) (251.856, 677.196)
Net VSS, Pin Pin: u_mem/FE_OFC1060_n_298/VSS; Direction: INPUT; Use: GROUND;: has an unconnected terminal at (250.344, 674.964) (251.856, 675.036)
Net VSS, Pin Pin: u_mem/FE_OFC1043_mem_wdata_18/VSS; Direction: INPUT; Use: GROUND;: has an unconnected terminal at (501.984, 497.844) (502.848, 497.916)
Net VSS, Pin Pin: u_mem/FE_OFC1042_mem_wdata_18/VSS; Direction: INPUT; Use: GROUND;: has an unconnected terminal at (501.984, 467.604) (503.064, 467.676)
Net VSS, Pin Pin: u_mem/FE_OFC1041_FE_GLN804_mem_wdata_14/VSS; Direction: INPUT; Use: GROUND;: has an unconnected terminal at (501.984, 446.004) (502.848, 446.076)
Net VSS, Pin Pin: u_mem/FE_USKC935_CTS_12/VSS; Direction: INPUT; Use: GROUND;: has an unconnected terminal at (59.616, 353.124) (62.208, 353.196)
Net VSS, Pin Pin: u_mem/FE_OFC974_n_60/VSS; Direction: INPUT; Use: GROUND;: has an unconnected terminal at (501.768, 584.244) (502.632, 584.316)
Net VSS, Pin Pin: u_mem/FE_OFC821_mem_wdata_14/VSS; Direction: INPUT; Use: GROUND;: has an unconnected terminal at (502.632, 329.364) (503.496, 329.436)
Net VSS, Pin Pin: u_mem/FE_OFC816_mem_wdata_21/VSS; Direction: INPUT; Use: GROUND;: has an unconnected terminal at (377.352, 696.564) (378.216, 696.636)
Net VSS, Pin Pin: u_mem/FE_OFC785_mem_wdata_2/VSS; Direction: INPUT; Use: GROUND;: has an unconnected terminal at (501.768, 14.004) (502.632, 14.076)
Net VSS, Pin Pin: u_mem/CTS_ccl_a_buf_00015/VSS; Direction: INPUT; Use: GROUND;: has an unconnected terminal at (250.560, 398.484) (252.072, 398.556)
Net VSS, Pin Pin: u_mem/CTS_ccl_a_buf_00014/VSS; Direction: INPUT; Use: GROUND;: has an unconnected terminal at (250.992, 389.844) (252.504, 389.916)
Net VSS, Pin Pin: u_mem/FE_OFC561_mem_wdata_29/VSS; Direction: INPUT; Use: GROUND;: has an unconnected terminal at (377.136, 163.044) (377.784, 163.116)
Net VSS, Pin Pin: u_mem/FE_OFC499_mem_wdata_18/VSS; Direction: INPUT; Use: GROUND;: has an unconnected terminal at (377.352, 290.484) (378.216, 290.556)
Net VSS, Pin Pin: u_mem/FE_OFC498_mem_wdata_18/VSS; Direction: INPUT; Use: GROUND;: has an unconnected terminal at (377.352, 115.524) (378.216, 115.596)
Net VSS, Pin Pin: u_mem/FE_OFC494_mem_wdata_19/VSS; Direction: INPUT; Use: GROUND;: has an unconnected terminal at (376.056, 119.844) (377.136, 119.916)
Net VSS, Pin Pin: u_mem/FE_OFC492_mem_wdata_20/VSS; Direction: INPUT; Use: GROUND;: has an unconnected terminal at (376.704, 299.124) (377.568, 299.196)
Net VSS, Pin Pin: u_mem/FE_OFC491_mem_wdata_20/VSS; Direction: INPUT; Use: GROUND;: has an unconnected terminal at (376.704, 124.164) (377.568, 124.236)
Net VSS, Pin Pin: u_mem/FE_OFC489_mem_wdata_21/VSS; Direction: INPUT; Use: GROUND;: has an unconnected terminal at (376.704, 303.444) (377.568, 303.516)
Net VSS, Pin Pin: u_mem/FE_OFC488_mem_wdata_21/VSS; Direction: INPUT; Use: GROUND;: has an unconnected terminal at (376.704, 128.484) (377.568, 128.556)
Net VSS, Pin Pin: u_mem/FE_OFC482_mem_wdata_6/VSS; Direction: INPUT; Use: GROUND;: has an unconnected terminal at (501.768, 100.404) (502.632, 100.476)
Net VSS, Pin Pin: u_mem/FE_OFC480_mem_wdata_25/VSS; Direction: INPUT; Use: GROUND;: has an unconnected terminal at (376.920, 320.724) (377.784, 320.796)
Net VSS, Pin Pin: u_mem/FE_OFC477_mem_wdata_16/VSS; Direction: INPUT; Use: GROUND;: has an unconnected terminal at (376.056, 109.044) (377.136, 109.116)
Net VSS, Pin Pin: u_mem/FE_OFC475_mem_wdata_24/VSS; Direction: INPUT; Use: GROUND;: has an unconnected terminal at (376.920, 316.404) (377.784, 316.476)
Net VSS, Pin Pin: u_mem/FE_OFC446_mem_wdata_15/VSS; Direction: INPUT; Use: GROUND;: has an unconnected terminal at (376.056, 422.244) (376.920, 422.316)
Net VSS, Pin Pin: u_mem/FE_OFC443_mem_wdata_15/VSS; Direction: INPUT; Use: GROUND;: has an unconnected terminal at (376.920, 245.124) (377.784, 245.196)
Net VSS, Pin Pin: u_mem/FE_OFC442_mem_wdata_15/VSS; Direction: INPUT; Use: GROUND;: has an unconnected terminal at (376.056, 70.164) (376.920, 70.236)
Net VSS, Pin Pin: u_mem/FE_GLC433_mem_wdata_4/VSS; Direction: INPUT; Use: GROUND;: has an unconnected terminal at (376.056, 165.204) (377.136, 165.276)
Net VSS, Pin Pin: u_mem/FE_GLC432_FE_OFN625_mem_wdata_0/VSS; Direction: INPUT; Use: GROUND;: has an unconnected terminal at (501.768, 65.844) (502.632, 65.916)
Net VSS, Pin Pin: u_mem/FE_GLC430_mem_wdata_9/VSS; Direction: INPUT; Use: GROUND;: has an unconnected terminal at (376.056, 219.204) (377.136, 219.276)
Net VSS, Pin Pin: u_mem/FE_GLC425_mem_wdata_13/VSS; Direction: INPUT; Use: GROUND;: has an unconnected terminal at (376.056, 236.484) (376.920, 236.556)
Net VSS, Pin Pin: u_mem/FE_GLC420_mem_wdata_10/VSS; Direction: INPUT; Use: GROUND;: has an unconnected terminal at (376.056, 46.404) (377.136, 46.476)
Net VSS, Pin Pin: u_mem/FE_OFC415_n_409/VSS; Direction: INPUT; Use: GROUND;: has an unconnected terminal at (376.056, 435.204) (376.920, 435.276)
Net VSS, Pin Pin: u_mem/FE_OFC406_mem_addr_8/VSS; Direction: INPUT; Use: GROUND;: has an unconnected terminal at (250.992, 255.924) (251.856, 255.996)
Net VSS, Pin Pin: u_mem/FE_OFC404_mem_addr_7/VSS; Direction: INPUT; Use: GROUND;: has an unconnected terminal at (251.640, 249.444) (252.504, 249.516)
Net VSS, Pin Pin: u_mem/FE_OFC384_mem_addr_8/VSS; Direction: INPUT; Use: GROUND;: has an unconnected terminal at (250.992, 433.044) (251.856, 433.116)
Net VSS, Pin Pin: u_mem/FE_OFC352_n/VSS; Direction: INPUT; Use: GROUND;: has an unconnected terminal at (376.920, 251.604) (377.784, 251.676)
Net VSS, Pin Pin: u_mem/FE_OFC331_n_54/VSS; Direction: INPUT; Use: GROUND;: has an unconnected terminal at (376.920, 605.844) (377.784, 605.916)
Net VSS, Pin Pin: u_mem/FE_OFC327_mem_wdata_7/VSS; Direction: INPUT; Use: GROUND;: has an unconnected terminal at (377.136, 35.604) (378.000, 35.676)
Net VSS, Pin Pin: u_mem/FE_OFC326_mem_wdata_7/VSS; Direction: INPUT; Use: GROUND;: has an unconnected terminal at (377.352, 210.564) (378.216, 210.636)
Net VSS, Pin Pin: u_mem/FE_OFC226_mem_wdata_8/VSS; Direction: INPUT; Use: GROUND;: has an unconnected terminal at (377.136, 171.684) (378.000, 171.756)
Net VSS, Pin Pin: u_mem/FE_OFC210_mem_wdata_1/VSS; Direction: INPUT; Use: GROUND;: has an unconnected terminal at (377.136, 139.284) (378.000, 139.356)
Net VSS, Pin Pin: u_mem/FE_OFC165_mem_wdata_27/VSS; Direction: INPUT; Use: GROUND;: has an unconnected terminal at (376.056, 154.404) (376.920, 154.476)
Net VSS, Pin Pin: g8090__7482/VSS; Direction: INPUT; Use: GROUND;: has an unconnected terminal at (502.848, 653.364) (503.712, 653.436)
Net VSS, Pin Pin: g12037/VSS; Direction: INPUT; Use: GROUND;: has an unconnected terminal at (4.752, 707.364) (5.400, 707.436)
Net VSS: has special routes with opens at (0.264, 0.288) (624.624, 769.536)
Net VSS: has regular routing with opens at (250.560, 251.604) (252.288, 251.676)
Net VSS: has regular routing with opens at (250.560, 430.884) (252.288, 430.956)
Net VSS: has regular routing with opens at (250.560, 428.724) (252.288, 428.796)
Net VSS: has regular routing with opens at (250.560, 253.764) (252.288, 253.836)
Net VSS: has regular routing with opens at (376.056, 55.044) (376.920, 55.116)
Net VSS: dangling Wire at (376.884, 104.724) (376.884, 104.724) on layer: M1
Net VSS: dangling Wire at (376.884, 117.684) (376.884, 117.684) on layer: M1
Net VSS: dangling Wire at (376.884, 152.244) (376.884, 152.244) on layer: M1
Net VSS: dangling Wire at (376.884, 413.604) (376.884, 413.604) on layer: M1
Net VSS: dangling Wire at (251.172, 551.844) (251.172, 551.844) on layer: M1
Net VSS: dangling Wire at (251.172, 579.924) (251.172, 579.924) on layer: M1
Net VSS: dangling Wire at (251.172, 597.204) (251.172, 597.204) on layer: M1
Net VSS: dangling Wire at (501.984, 124.200) (501.984, 124.200) on layer: M1
Net VSS: dangling Wire at (501.984, 128.520) (501.984, 128.520) on layer: M1
Net VSS: dangling Wire at (501.984, 130.680) (501.984, 130.680) on layer: M1
Net VSS: dangling Wire at (501.984, 135.000) (501.984, 135.000) on layer: M1
Net VSS: dangling Wire at (2.160, 355.320) (2.160, 355.320) on layer: M1
Net VSS: dangling Wire at (501.768, 422.280) (501.768, 422.280) on layer: M1
Net VSS: dangling Wire at (501.984, 428.760) (501.984, 428.760) on layer: M1
Net VSS: dangling Wire at (501.984, 433.080) (501.984, 433.080) on layer: M1
Net VSS: dangling Wire at (501.984, 452.520) (501.984, 452.520) on layer: M1
Net VSS: dangling Wire at (501.768, 463.320) (501.768, 463.320) on layer: M1
Net VSS: dangling Wire at (252.504, 534.600) (252.504, 534.600) on layer: M1
Net VSS: dangling Wire at (252.504, 547.560) (252.504, 547.560) on layer: M1
Net VSS: dangling Wire at (252.504, 558.360) (252.504, 558.360) on layer: M1
Net VSS: dangling Wire at (252.504, 562.680) (252.504, 562.680) on layer: M1
Net VSS: dangling Wire at (252.504, 567.000) (252.504, 567.000) on layer: M1
Net VSS: dangling Wire at (252.504, 569.160) (252.504, 569.160) on layer: M1
Net VSS: dangling Wire at (252.504, 573.480) (252.504, 573.480) on layer: M1
Net VSS: dangling Wire at (252.504, 586.440) (252.504, 586.440) on layer: M1
Net VSS: dangling Wire at (252.504, 590.760) (252.504, 590.760) on layer: M1
Net VSS: dangling Wire at (622.944, 592.920) (622.944, 592.920) on layer: M1
Net VSS: dangling Wire at (252.504, 601.560) (252.504, 601.560) on layer: M1
Net VSS: dangling Wire at (503.712, 629.640) (503.712, 629.640) on layer: M1
Net VSS: dangling Wire at (503.496, 631.800) (503.496, 631.800) on layer: M1
Net VSS: dangling Wire at (503.496, 633.960) (503.496, 633.960) on layer: M1
Net VSS: dangling Wire at (252.504, 633.960) (252.504, 633.960) on layer: M1
Net VSS: dangling Wire at (503.496, 636.120) (503.496, 636.120) on layer: M1
Net VSS: dangling Wire at (503.280, 640.440) (503.280, 640.440) on layer: M1
Net VSS: dangling Wire at (503.712, 642.600) (503.712, 642.600) on layer: M1
Net VSS: dangling Wire at (503.496, 644.760) (503.496, 644.760) on layer: M1
Net VDD, Pin Pin: FE_OFC372_s_axi_awready/VDD; Direction: INPUT; Use: POWER;: has an unconnected terminal at (2.160, 177.084) (3.024, 177.156)
Net VDD, Pin Pin: FE_OFC315_s_axi_wready/VDD; Direction: INPUT; Use: POWER;: has an unconnected terminal at (125.496, 265.644) (126.360, 265.716)
Net VDD, Pin Pin: u_mem/FE_OFC1061_n_334/VDD; Direction: INPUT; Use: POWER;: has an unconnected terminal at (250.344, 678.204) (251.856, 678.276)
Net VDD, Pin Pin: u_mem/FE_OFC1060_n_298/VDD; Direction: INPUT; Use: POWER;: has an unconnected terminal at (250.344, 673.884) (251.856, 673.956)
Net VDD, Pin Pin: u_mem/FE_OFC816_mem_wdata_21/VDD; Direction: INPUT; Use: POWER;: has an unconnected terminal at (377.352, 697.644) (378.216, 697.716)
Net VDD, Pin Pin: u_mem/CTS_ccl_a_buf_00015/VDD; Direction: INPUT; Use: POWER;: has an unconnected terminal at (250.560, 397.404) (252.072, 397.476)
Net VDD, Pin Pin: u_mem/CTS_ccl_a_buf_00014/VDD; Direction: INPUT; Use: POWER;: has an unconnected terminal at (250.992, 388.764) (252.504, 388.836)
Net VDD, Pin Pin: u_mem/FE_OFC561_mem_wdata_29/VDD; Direction: INPUT; Use: POWER;: has an unconnected terminal at (377.136, 161.964) (377.784, 162.036)
Net VDD, Pin Pin: u_mem/FE_OFC531_n_182/VDD; Direction: INPUT; Use: POWER;: has an unconnected terminal at (157.680, 531.324) (158.328, 531.396)
Net VDD, Pin Pin: u_mem/FE_OFC499_mem_wdata_18/VDD; Direction: INPUT; Use: POWER;: has an unconnected terminal at (377.352, 291.564) (378.216, 291.636)
Net VDD, Pin Pin: u_mem/FE_OFC498_mem_wdata_18/VDD; Direction: INPUT; Use: POWER;: has an unconnected terminal at (377.352, 114.444) (378.216, 114.516)
Net VDD, Pin Pin: u_mem/FE_OFC494_mem_wdata_19/VDD; Direction: INPUT; Use: POWER;: has an unconnected terminal at (376.056, 120.924) (377.136, 120.996)
Net VDD, Pin Pin: u_mem/FE_OFC492_mem_wdata_20/VDD; Direction: INPUT; Use: POWER;: has an unconnected terminal at (376.704, 298.044) (377.568, 298.116)
Net VDD, Pin Pin: u_mem/FE_OFC491_mem_wdata_20/VDD; Direction: INPUT; Use: POWER;: has an unconnected terminal at (376.704, 125.244) (377.568, 125.316)
Net VDD, Pin Pin: u_mem/FE_OFC489_mem_wdata_21/VDD; Direction: INPUT; Use: POWER;: has an unconnected terminal at (376.704, 302.364) (377.568, 302.436)
Net VDD, Pin Pin: u_mem/FE_OFC488_mem_wdata_21/VDD; Direction: INPUT; Use: POWER;: has an unconnected terminal at (376.704, 127.404) (377.568, 127.476)
Net VDD, Pin Pin: u_mem/FE_OFC480_mem_wdata_25/VDD; Direction: INPUT; Use: POWER;: has an unconnected terminal at (376.920, 321.804) (377.784, 321.876)
Net VDD, Pin Pin: u_mem/FE_OFC477_mem_wdata_16/VDD; Direction: INPUT; Use: POWER;: has an unconnected terminal at (376.056, 110.124) (377.136, 110.196)
Net VDD, Pin Pin: u_mem/FE_OFC475_mem_wdata_24/VDD; Direction: INPUT; Use: POWER;: has an unconnected terminal at (376.920, 317.484) (377.784, 317.556)
Net VDD, Pin Pin: u_mem/FE_OFC446_mem_wdata_15/VDD; Direction: INPUT; Use: POWER;: has an unconnected terminal at (376.056, 423.324) (376.920, 423.396)
Net VDD, Pin Pin: u_mem/FE_OFC443_mem_wdata_15/VDD; Direction: INPUT; Use: POWER;: has an unconnected terminal at (376.920, 246.204) (377.784, 246.276)
Net VDD, Pin Pin: u_mem/FE_OFC442_mem_wdata_15/VDD; Direction: INPUT; Use: POWER;: has an unconnected terminal at (376.056, 69.084) (376.920, 69.156)
Net VDD, Pin Pin: u_mem/FE_GLC436_mem_wdata_11/VDD; Direction: INPUT; Use: POWER;: has an unconnected terminal at (376.056, 53.964) (376.920, 54.036)
Net VDD, Pin Pin: u_mem/FE_GLC433_mem_wdata_4/VDD; Direction: INPUT; Use: POWER;: has an unconnected terminal at (376.056, 164.124) (377.136, 164.196)
Net VDD, Pin Pin: u_mem/FE_GLC430_mem_wdata_9/VDD; Direction: INPUT; Use: POWER;: has an unconnected terminal at (376.056, 220.284) (377.136, 220.356)
Net VDD, Pin Pin: u_mem/FE_GLC428_mem_wdata_12/VDD; Direction: INPUT; Use: POWER;: has an unconnected terminal at (376.056, 56.124) (376.920, 56.196)
Net VDD, Pin Pin: u_mem/FE_GLC425_mem_wdata_13/VDD; Direction: INPUT; Use: POWER;: has an unconnected terminal at (376.056, 237.564) (376.920, 237.636)
Net VDD, Pin Pin: u_mem/FE_GLC420_mem_wdata_10/VDD; Direction: INPUT; Use: POWER;: has an unconnected terminal at (376.056, 47.484) (377.136, 47.556)
Net VDD, Pin Pin: u_mem/FE_OFC415_n_409/VDD; Direction: INPUT; Use: POWER;: has an unconnected terminal at (376.056, 436.284) (376.920, 436.356)
Net VDD, Pin Pin: u_mem/FE_OFC383_mem_addr_7/VDD; Direction: INPUT; Use: POWER;: has an unconnected terminal at (250.992, 427.644) (251.856, 427.716)
Net VDD, Pin Pin: u_mem/FE_OFC352_n/VDD; Direction: INPUT; Use: POWER;: has an unconnected terminal at (376.920, 252.684) (377.784, 252.756)
Net VDD, Pin Pin: u_mem/FE_OFC331_n_54/VDD; Direction: INPUT; Use: POWER;: has an unconnected terminal at (376.920, 606.924) (377.784, 606.996)
Net VDD, Pin Pin: u_mem/FE_OFC327_mem_wdata_7/VDD; Direction: INPUT; Use: POWER;: has an unconnected terminal at (377.136, 34.524) (378.000, 34.596)
Net VDD, Pin Pin: u_mem/FE_OFC326_mem_wdata_7/VDD; Direction: INPUT; Use: POWER;: has an unconnected terminal at (377.352, 209.484) (378.216, 209.556)
Net VDD, Pin Pin: u_mem/FE_OFC226_mem_wdata_8/VDD; Direction: INPUT; Use: POWER;: has an unconnected terminal at (377.136, 170.604) (378.000, 170.676)
Net VDD, Pin Pin: u_mem/FE_OFC210_mem_wdata_1/VDD; Direction: INPUT; Use: POWER;: has an unconnected terminal at (377.136, 138.204) (378.000, 138.276)
Net VDD, Pin Pin: u_mem/FE_OFC165_mem_wdata_27/VDD; Direction: INPUT; Use: POWER;: has an unconnected terminal at (376.056, 153.324) (376.920, 153.396)
Net VDD: has regular routing with opens at (250.560, 250.524) (252.504, 250.596)
Net VDD: has regular routing with opens at (250.560, 431.964) (252.288, 432.036)
Net VDD: has regular routing with opens at (250.560, 429.804) (252.288, 429.876)
Net VDD: has regular routing with opens at (250.560, 254.844) (252.288, 254.916)
Net VDD: has regular routing with opens at (250.992, 252.684) (251.856, 252.756)
Net VDD: dangling Wire at (377.316, 103.644) (377.316, 103.644) on layer: M1
Net VDD: dangling Wire at (377.316, 118.764) (377.316, 118.764) on layer: M1
Net VDD: dangling Wire at (377.316, 153.324) (377.316, 153.324) on layer: M1
Net VDD: dangling Wire at (251.388, 174.924) (251.388, 174.924) on layer: M1
Net VDD: dangling Wire at (125.892, 179.244) (125.892, 179.244) on layer: M1
Net VDD: dangling Wire at (251.388, 550.764) (251.388, 550.764) on layer: M1
Net VDD: dangling Wire at (251.388, 581.004) (251.388, 581.004) on layer: M1
Net VDD: dangling Wire at (251.388, 596.124) (251.388, 596.124) on layer: M1
Net VDD: dangling Wire at (376.056, 414.720) (376.056, 414.720) on layer: M1
Net VDD: dangling Wire at (501.768, 423.360) (501.768, 423.360) on layer: M1
Net VDD: dangling Wire at (501.768, 464.400) (501.768, 464.400) on layer: M1
Net VDD: dangling Wire at (167.184, 531.360) (167.184, 531.360) on layer: M1
Net VDD: dangling Wire at (252.504, 535.680) (252.504, 535.680) on layer: M1
Net VDD: dangling Wire at (252.504, 548.640) (252.504, 548.640) on layer: M1
Net VDD: dangling Wire at (252.504, 557.280) (252.504, 557.280) on layer: M1
Net VDD: dangling Wire at (252.504, 561.600) (252.504, 561.600) on layer: M1
Net VDD: dangling Wire at (252.504, 565.920) (252.504, 565.920) on layer: M1
Net VDD: dangling Wire at (252.504, 570.240) (252.504, 570.240) on layer: M1
Net VDD: dangling Wire at (252.504, 572.400) (252.504, 572.400) on layer: M1
Net VDD: dangling Wire at (252.504, 585.360) (252.504, 585.360) on layer: M1
Net VDD: dangling Wire at (252.504, 589.680) (252.504, 589.680) on layer: M1
Net VDD: dangling Wire at (622.944, 594.000) (622.944, 594.000) on layer: M1
Net VDD: dangling Wire at (252.504, 600.480) (252.504, 600.480) on layer: M1
Net VDD: dangling Wire at (252.504, 602.640) (252.504, 602.640) on layer: M1
Net VDD: dangling Wire at (252.504, 635.040) (252.504, 635.040) on layer: M1
Net VDD: dangling Wire at (4.968, 710.640) (4.968, 710.640) on layer: M1

Begin Summary
    87 Problem(s) (IMPVFC-96): Terminal(s) are not connected.
    1 Problem(s) (IMPVFC-200): Special Wires: Pieces of the net are not connected together.
    10 Problem(s) (IMPVFC-92): Pieces of the net are not connected together.
    62 Problem(s) (IMPVFC-94): The net has dangling wire(s).
    160 total info(s) created.
End Summary
