###############################################################
#  Generated by:      Cadence Innovus 23.14-s088_1
#  OS:                Linux x86_64(Host ID user1-EliteMini)
#  Generated on:      Wed Aug 12 17:52:27 2026
#  Design:            axi_ram
#  Command:           verifyConnectivity -type special -net {VDD VSS} -noUnroutedNet -report ./verify_rpt/pg_connectivity_before_trim.rpt
###############################################################
Verify Connectivity Report is created on Wed Aug 12 17:52:27 2026




Multi-CPU acceleration using 12 CPU


Use pthread

Net VSS: dangling Wire at (502.848, 3.240) (502.848, 3.240) on layer: M1
Net VSS: dangling Wire at (622.944, 3.240) (622.944, 3.240) on layer: M1
Net VSS: dangling Wire at (502.848, 5.400) (502.848, 5.400) on layer: M1
Net VSS: dangling Wire at (622.944, 5.400) (622.944, 5.400) on layer: M1
Net VSS: dangling Wire at (502.848, 7.560) (502.848, 7.560) on layer: M1
Net VSS: dangling Wire at (622.944, 7.560) (622.944, 7.560) on layer: M1
Net VSS: dangling Wire at (502.848, 9.720) (502.848, 9.720) on layer: M1
Net VSS: dangling Wire at (622.944, 9.720) (622.944, 9.720) on layer: M1
Net VSS: dangling Wire at (502.848, 11.880) (502.848, 11.880) on layer: M1
Net VSS: dangling Wire at (622.944, 11.880) (622.944, 11.880) on layer: M1
Net VSS: dangling Wire at (502.848, 14.040) (502.848, 14.040) on layer: M1
Net VSS: dangling Wire at (622.944, 14.040) (622.944, 14.040) on layer: M1
Net VSS: dangling Wire at (502.848, 16.200) (502.848, 16.200) on layer: M1
Net VSS: dangling Wire at (622.944, 16.200) (622.944, 16.200) on layer: M1
Net VSS: dangling Wire at (502.848, 18.360) (502.848, 18.360) on layer: M1
Net VSS: dangling Wire at (622.944, 18.360) (622.944, 18.360) on layer: M1
Net VSS: dangling Wire at (502.848, 20.520) (502.848, 20.520) on layer: M1
Net VSS: dangling Wire at (622.944, 20.520) (622.944, 20.520) on layer: M1
Net VSS: dangling Wire at (502.848, 22.680) (502.848, 22.680) on layer: M1
Net VSS: dangling Wire at (622.944, 22.680) (622.944, 22.680) on layer: M1
Net VSS: dangling Wire at (502.848, 24.840) (502.848, 24.840) on layer: M1
Net VSS: dangling Wire at (622.944, 24.840) (622.944, 24.840) on layer: M1
Net VSS: dangling Wire at (502.848, 27.000) (502.848, 27.000) on layer: M1
Net VSS: dangling Wire at (622.944, 27.000) (622.944, 27.000) on layer: M1
Net VSS: dangling Wire at (502.848, 29.160) (502.848, 29.160) on layer: M1
Net VSS: dangling Wire at (622.944, 29.160) (622.944, 29.160) on layer: M1
Net VSS: dangling Wire at (502.848, 31.320) (502.848, 31.320) on layer: M1
Net VSS: dangling Wire at (622.944, 31.320) (622.944, 31.320) on layer: M1
Net VSS: dangling Wire at (502.848, 33.480) (502.848, 33.480) on layer: M1
Net VSS: dangling Wire at (622.944, 33.480) (622.944, 33.480) on layer: M1
Net VSS: dangling Wire at (502.848, 35.640) (502.848, 35.640) on layer: M1
Net VSS: dangling Wire at (622.944, 35.640) (622.944, 35.640) on layer: M1
Net VSS: dangling Wire at (502.848, 37.800) (502.848, 37.800) on layer: M1
Net VSS: dangling Wire at (622.944, 37.800) (622.944, 37.800) on layer: M1
Net VSS: dangling Wire at (502.848, 39.960) (502.848, 39.960) on layer: M1
Net VSS: dangling Wire at (622.944, 39.960) (622.944, 39.960) on layer: M1
Net VSS: dangling Wire at (502.848, 42.120) (502.848, 42.120) on layer: M1
Net VSS: dangling Wire at (622.944, 42.120) (622.944, 42.120) on layer: M1
Net VSS: dangling Wire at (502.848, 44.280) (502.848, 44.280) on layer: M1
Net VSS: dangling Wire at (622.944, 44.280) (622.944, 44.280) on layer: M1
Net VSS: dangling Wire at (502.848, 46.440) (502.848, 46.440) on layer: M1
Net VSS: dangling Wire at (622.944, 46.440) (622.944, 46.440) on layer: M1
Net VSS: dangling Wire at (502.848, 48.600) (502.848, 48.600) on layer: M1
Net VSS: dangling Wire at (622.944, 48.600) (622.944, 48.600) on layer: M1
Net VSS: dangling Wire at (502.848, 50.760) (502.848, 50.760) on layer: M1
Net VSS: dangling Wire at (622.944, 50.760) (622.944, 50.760) on layer: M1
Net VSS: dangling Wire at (502.848, 52.920) (502.848, 52.920) on layer: M1
Net VSS: dangling Wire at (622.944, 52.920) (622.944, 52.920) on layer: M1
Net VSS: dangling Wire at (502.848, 55.080) (502.848, 55.080) on layer: M1
Net VSS: dangling Wire at (622.944, 55.080) (622.944, 55.080) on layer: M1
Net VSS: dangling Wire at (502.848, 57.240) (502.848, 57.240) on layer: M1
Net VSS: dangling Wire at (622.944, 57.240) (622.944, 57.240) on layer: M1
Net VSS: dangling Wire at (502.848, 59.400) (502.848, 59.400) on layer: M1
Net VSS: dangling Wire at (622.944, 59.400) (622.944, 59.400) on layer: M1
Net VSS: dangling Wire at (502.848, 61.560) (502.848, 61.560) on layer: M1
Net VSS: dangling Wire at (622.944, 61.560) (622.944, 61.560) on layer: M1
Net VSS: dangling Wire at (502.848, 63.720) (502.848, 63.720) on layer: M1
Net VSS: dangling Wire at (622.944, 63.720) (622.944, 63.720) on layer: M1
Net VSS: dangling Wire at (502.848, 65.880) (502.848, 65.880) on layer: M1
Net VSS: dangling Wire at (622.944, 65.880) (622.944, 65.880) on layer: M1
Net VSS: dangling Wire at (502.848, 68.040) (502.848, 68.040) on layer: M1
Net VSS: dangling Wire at (622.944, 68.040) (622.944, 68.040) on layer: M1
Net VSS: dangling Wire at (502.848, 70.200) (502.848, 70.200) on layer: M1
Net VSS: dangling Wire at (622.944, 70.200) (622.944, 70.200) on layer: M1
Net VSS: dangling Wire at (502.848, 72.360) (502.848, 72.360) on layer: M1
Net VSS: dangling Wire at (622.944, 72.360) (622.944, 72.360) on layer: M1
Net VSS: dangling Wire at (502.848, 74.520) (502.848, 74.520) on layer: M1
Net VSS: dangling Wire at (622.944, 74.520) (622.944, 74.520) on layer: M1
Net VSS: dangling Wire at (502.848, 76.680) (502.848, 76.680) on layer: M1
Net VSS: dangling Wire at (622.944, 76.680) (622.944, 76.680) on layer: M1
Net VSS: dangling Wire at (502.848, 78.840) (502.848, 78.840) on layer: M1
Net VSS: dangling Wire at (622.944, 78.840) (622.944, 78.840) on layer: M1
Net VSS: dangling Wire at (502.848, 81.000) (502.848, 81.000) on layer: M1
Net VSS: dangling Wire at (622.944, 81.000) (622.944, 81.000) on layer: M1
Net VSS: dangling Wire at (502.848, 83.160) (502.848, 83.160) on layer: M1
Net VSS: dangling Wire at (622.944, 83.160) (622.944, 83.160) on layer: M1
Net VSS: dangling Wire at (502.848, 85.320) (502.848, 85.320) on layer: M1
Net VSS: dangling Wire at (622.944, 85.320) (622.944, 85.320) on layer: M1
Net VSS: dangling Wire at (502.848, 87.480) (502.848, 87.480) on layer: M1
Net VSS: dangling Wire at (622.944, 87.480) (622.944, 87.480) on layer: M1
Net VSS: dangling Wire at (502.848, 89.640) (502.848, 89.640) on layer: M1
Net VSS: dangling Wire at (622.944, 89.640) (622.944, 89.640) on layer: M1
Net VSS: dangling Wire at (502.848, 91.800) (502.848, 91.800) on layer: M1
Net VSS: dangling Wire at (622.944, 91.800) (622.944, 91.800) on layer: M1
Net VSS: dangling Wire at (502.848, 93.960) (502.848, 93.960) on layer: M1
Net VSS: dangling Wire at (622.944, 93.960) (622.944, 93.960) on layer: M1
Net VSS: dangling Wire at (502.848, 96.120) (502.848, 96.120) on layer: M1
Net VSS: dangling Wire at (622.944, 96.120) (622.944, 96.120) on layer: M1
Net VSS: dangling Wire at (502.848, 98.280) (502.848, 98.280) on layer: M1
Net VSS: dangling Wire at (622.944, 98.280) (622.944, 98.280) on layer: M1
Net VSS: dangling Wire at (502.848, 100.440) (502.848, 100.440) on layer: M1
Net VSS: dangling Wire at (622.944, 100.440) (622.944, 100.440) on layer: M1
Net VSS: dangling Wire at (502.848, 102.600) (502.848, 102.600) on layer: M1
Net VSS: dangling Wire at (622.944, 102.600) (622.944, 102.600) on layer: M1
Net VSS: dangling Wire at (502.848, 104.760) (502.848, 104.760) on layer: M1
Net VSS: dangling Wire at (622.944, 104.760) (622.944, 104.760) on layer: M1
Net VSS: dangling Wire at (502.848, 106.920) (502.848, 106.920) on layer: M1
Net VSS: dangling Wire at (622.944, 106.920) (622.944, 106.920) on layer: M1
Net VSS: dangling Wire at (502.848, 109.080) (502.848, 109.080) on layer: M1
Net VSS: dangling Wire at (622.944, 109.080) (622.944, 109.080) on layer: M1
Net VSS: dangling Wire at (502.848, 111.240) (502.848, 111.240) on layer: M1
Net VSS: dangling Wire at (622.944, 111.240) (622.944, 111.240) on layer: M1
Net VSS: dangling Wire at (502.848, 113.400) (502.848, 113.400) on layer: M1
Net VSS: dangling Wire at (622.944, 113.400) (622.944, 113.400) on layer: M1
Net VSS: dangling Wire at (502.848, 115.560) (502.848, 115.560) on layer: M1
Net VSS: dangling Wire at (622.944, 115.560) (622.944, 115.560) on layer: M1
Net VSS: dangling Wire at (502.848, 117.720) (502.848, 117.720) on layer: M1
Net VSS: dangling Wire at (622.944, 117.720) (622.944, 117.720) on layer: M1
Net VSS: dangling Wire at (502.848, 119.880) (502.848, 119.880) on layer: M1
Net VSS: dangling Wire at (622.944, 119.880) (622.944, 119.880) on layer: M1
Net VSS: dangling Wire at (502.848, 122.040) (502.848, 122.040) on layer: M1
Net VSS: dangling Wire at (622.944, 122.040) (622.944, 122.040) on layer: M1
Net VSS: dangling Wire at (502.848, 124.200) (502.848, 124.200) on layer: M1
Net VSS: dangling Wire at (622.944, 124.200) (622.944, 124.200) on layer: M1
Net VSS: dangling Wire at (502.848, 126.360) (502.848, 126.360) on layer: M1
Net VSS: dangling Wire at (622.944, 126.360) (622.944, 126.360) on layer: M1
Net VSS: dangling Wire at (502.848, 128.520) (502.848, 128.520) on layer: M1
Net VSS: dangling Wire at (622.944, 128.520) (622.944, 128.520) on layer: M1
Net VSS: dangling Wire at (502.848, 130.680) (502.848, 130.680) on layer: M1
Net VSS: dangling Wire at (502.848, 132.840) (502.848, 132.840) on layer: M1
Net VSS: dangling Wire at (622.944, 132.840) (622.944, 132.840) on layer: M1
Net VSS: dangling Wire at (502.848, 135.000) (502.848, 135.000) on layer: M1
Net VSS: dangling Wire at (622.944, 135.000) (622.944, 135.000) on layer: M1
Net VSS: dangling Wire at (502.848, 137.160) (502.848, 137.160) on layer: M1
Net VSS: dangling Wire at (622.944, 137.160) (622.944, 137.160) on layer: M1
Net VSS: dangling Wire at (502.848, 139.320) (502.848, 139.320) on layer: M1
Net VSS: dangling Wire at (622.944, 139.320) (622.944, 139.320) on layer: M1
Net VSS: dangling Wire at (502.848, 141.480) (502.848, 141.480) on layer: M1
Net VSS: dangling Wire at (622.944, 141.480) (622.944, 141.480) on layer: M1
Net VSS: dangling Wire at (502.848, 143.640) (502.848, 143.640) on layer: M1
Net VSS: dangling Wire at (622.944, 143.640) (622.944, 143.640) on layer: M1
Net VSS: dangling Wire at (502.848, 145.800) (502.848, 145.800) on layer: M1
Net VSS: dangling Wire at (622.944, 145.800) (622.944, 145.800) on layer: M1
Net VSS: dangling Wire at (502.848, 147.960) (502.848, 147.960) on layer: M1
Net VSS: dangling Wire at (622.944, 147.960) (622.944, 147.960) on layer: M1
Net VSS: dangling Wire at (502.848, 150.120) (502.848, 150.120) on layer: M1
Net VSS: dangling Wire at (622.944, 150.120) (622.944, 150.120) on layer: M1
Net VSS: dangling Wire at (502.848, 152.280) (502.848, 152.280) on layer: M1
Net VSS: dangling Wire at (622.944, 152.280) (622.944, 152.280) on layer: M1
Net VSS: dangling Wire at (502.848, 154.440) (502.848, 154.440) on layer: M1
Net VSS: dangling Wire at (622.944, 154.440) (622.944, 154.440) on layer: M1
Net VSS: dangling Wire at (502.848, 156.600) (502.848, 156.600) on layer: M1
Net VSS: dangling Wire at (622.944, 156.600) (622.944, 156.600) on layer: M1
Net VSS: dangling Wire at (502.848, 158.760) (502.848, 158.760) on layer: M1
Net VSS: dangling Wire at (622.944, 158.760) (622.944, 158.760) on layer: M1
Net VSS: dangling Wire at (502.848, 160.920) (502.848, 160.920) on layer: M1
Net VSS: dangling Wire at (622.944, 160.920) (622.944, 160.920) on layer: M1
Net VSS: dangling Wire at (502.848, 163.080) (502.848, 163.080) on layer: M1
Net VSS: dangling Wire at (502.848, 165.240) (502.848, 165.240) on layer: M1
Net VSS: dangling Wire at (622.944, 165.240) (622.944, 165.240) on layer: M1
Net VSS: dangling Wire at (502.848, 167.400) (502.848, 167.400) on layer: M1
Net VSS: dangling Wire at (622.944, 167.400) (622.944, 167.400) on layer: M1
Net VSS: dangling Wire at (502.848, 169.560) (502.848, 169.560) on layer: M1
Net VSS: dangling Wire at (622.944, 169.560) (622.944, 169.560) on layer: M1
Net VSS: dangling Wire at (502.848, 171.720) (502.848, 171.720) on layer: M1
Net VSS: dangling Wire at (622.944, 171.720) (622.944, 171.720) on layer: M1
Net VSS: dangling Wire at (502.848, 173.880) (502.848, 173.880) on layer: M1
Net VSS: dangling Wire at (622.944, 173.880) (622.944, 173.880) on layer: M1
Net VSS: dangling Wire at (502.848, 176.040) (502.848, 176.040) on layer: M1
Net VSS: dangling Wire at (622.944, 176.040) (622.944, 176.040) on layer: M1
Net VSS: dangling Wire at (502.848, 178.200) (502.848, 178.200) on layer: M1
Net VSS: dangling Wire at (502.848, 180.360) (502.848, 180.360) on layer: M1
Net VSS: dangling Wire at (622.944, 180.360) (622.944, 180.360) on layer: M1
Net VSS: dangling Wire at (502.848, 182.520) (502.848, 182.520) on layer: M1
Net VSS: dangling Wire at (622.944, 182.520) (622.944, 182.520) on layer: M1
Net VSS: dangling Wire at (502.848, 184.680) (502.848, 184.680) on layer: M1
Net VSS: dangling Wire at (622.944, 184.680) (622.944, 184.680) on layer: M1
Net VSS: dangling Wire at (502.848, 186.840) (502.848, 186.840) on layer: M1
Net VSS: dangling Wire at (622.944, 186.840) (622.944, 186.840) on layer: M1
Net VSS: dangling Wire at (502.848, 189.000) (502.848, 189.000) on layer: M1
Net VSS: dangling Wire at (622.944, 189.000) (622.944, 189.000) on layer: M1
Net VSS: dangling Wire at (502.848, 191.160) (502.848, 191.160) on layer: M1
Net VSS: dangling Wire at (622.944, 191.160) (622.944, 191.160) on layer: M1
Net VSS: dangling Wire at (502.848, 193.320) (502.848, 193.320) on layer: M1
Net VSS: dangling Wire at (622.944, 193.320) (622.944, 193.320) on layer: M1
Net VSS: dangling Wire at (502.848, 195.480) (502.848, 195.480) on layer: M1
Net VSS: dangling Wire at (622.944, 195.480) (622.944, 195.480) on layer: M1
Net VSS: dangling Wire at (502.848, 197.640) (502.848, 197.640) on layer: M1
Net VSS: dangling Wire at (622.944, 197.640) (622.944, 197.640) on layer: M1
Net VSS: dangling Wire at (502.848, 199.800) (502.848, 199.800) on layer: M1
Net VSS: dangling Wire at (622.944, 199.800) (622.944, 199.800) on layer: M1
Net VSS: dangling Wire at (502.848, 201.960) (502.848, 201.960) on layer: M1
Net VSS: dangling Wire at (622.944, 201.960) (622.944, 201.960) on layer: M1
Net VSS: dangling Wire at (502.848, 204.120) (502.848, 204.120) on layer: M1
Net VSS: dangling Wire at (622.944, 204.120) (622.944, 204.120) on layer: M1
Net VSS: dangling Wire at (502.848, 206.280) (502.848, 206.280) on layer: M1
Net VSS: dangling Wire at (622.944, 206.280) (622.944, 206.280) on layer: M1
Net VSS: dangling Wire at (502.848, 208.440) (502.848, 208.440) on layer: M1
Net VSS: dangling Wire at (622.944, 208.440) (622.944, 208.440) on layer: M1
Net VSS: dangling Wire at (502.848, 210.600) (502.848, 210.600) on layer: M1
Net VSS: dangling Wire at (622.944, 210.600) (622.944, 210.600) on layer: M1
Net VSS: dangling Wire at (502.848, 212.760) (502.848, 212.760) on layer: M1
Net VSS: dangling Wire at (622.944, 212.760) (622.944, 212.760) on layer: M1
Net VSS: dangling Wire at (502.848, 214.920) (502.848, 214.920) on layer: M1
Net VSS: dangling Wire at (622.944, 214.920) (622.944, 214.920) on layer: M1
Net VSS: dangling Wire at (502.848, 217.080) (502.848, 217.080) on layer: M1
Net VSS: dangling Wire at (622.944, 217.080) (622.944, 217.080) on layer: M1
Net VSS: dangling Wire at (502.848, 219.240) (502.848, 219.240) on layer: M1
Net VSS: dangling Wire at (622.944, 219.240) (622.944, 219.240) on layer: M1
Net VSS: dangling Wire at (502.848, 221.400) (502.848, 221.400) on layer: M1
Net VSS: dangling Wire at (622.944, 221.400) (622.944, 221.400) on layer: M1
Net VSS: dangling Wire at (502.848, 223.560) (502.848, 223.560) on layer: M1
Net VSS: dangling Wire at (622.944, 223.560) (622.944, 223.560) on layer: M1
Net VSS: dangling Wire at (502.848, 225.720) (502.848, 225.720) on layer: M1
Net VSS: dangling Wire at (622.944, 225.720) (622.944, 225.720) on layer: M1
Net VSS: dangling Wire at (502.848, 227.880) (502.848, 227.880) on layer: M1
Net VSS: dangling Wire at (622.944, 227.880) (622.944, 227.880) on layer: M1
Net VSS: dangling Wire at (502.848, 230.040) (502.848, 230.040) on layer: M1
Net VSS: dangling Wire at (622.944, 230.040) (622.944, 230.040) on layer: M1
Net VSS: dangling Wire at (502.848, 232.200) (502.848, 232.200) on layer: M1
Net VSS: dangling Wire at (622.944, 232.200) (622.944, 232.200) on layer: M1
Net VSS: dangling Wire at (502.848, 234.360) (502.848, 234.360) on layer: M1
Net VSS: dangling Wire at (622.944, 234.360) (622.944, 234.360) on layer: M1
Net VSS: dangling Wire at (502.848, 236.520) (502.848, 236.520) on layer: M1
Net VSS: dangling Wire at (622.944, 236.520) (622.944, 236.520) on layer: M1
Net VSS: dangling Wire at (502.848, 238.680) (502.848, 238.680) on layer: M1
Net VSS: dangling Wire at (622.944, 238.680) (622.944, 238.680) on layer: M1
Net VSS: dangling Wire at (502.848, 240.840) (502.848, 240.840) on layer: M1
Net VSS: dangling Wire at (622.944, 240.840) (622.944, 240.840) on layer: M1
Net VSS: dangling Wire at (502.848, 243.000) (502.848, 243.000) on layer: M1
Net VSS: dangling Wire at (622.944, 243.000) (622.944, 243.000) on layer: M1
Net VSS: dangling Wire at (502.848, 245.160) (502.848, 245.160) on layer: M1
Net VSS: dangling Wire at (622.944, 245.160) (622.944, 245.160) on layer: M1
Net VSS: dangling Wire at (502.848, 247.320) (502.848, 247.320) on layer: M1
Net VSS: dangling Wire at (622.944, 247.320) (622.944, 247.320) on layer: M1
Net VSS: dangling Wire at (502.848, 249.480) (502.848, 249.480) on layer: M1
Net VSS: dangling Wire at (622.944, 249.480) (622.944, 249.480) on layer: M1
Net VSS: dangling Wire at (502.848, 251.640) (502.848, 251.640) on layer: M1
Net VSS: dangling Wire at (622.944, 251.640) (622.944, 251.640) on layer: M1
Net VSS: dangling Wire at (502.848, 253.800) (502.848, 253.800) on layer: M1
Net VSS: dangling Wire at (622.944, 253.800) (622.944, 253.800) on layer: M1
Net VSS: dangling Wire at (502.848, 255.960) (502.848, 255.960) on layer: M1
Net VSS: dangling Wire at (622.944, 255.960) (622.944, 255.960) on layer: M1
Net VSS: dangling Wire at (502.848, 258.120) (502.848, 258.120) on layer: M1
Net VSS: dangling Wire at (622.944, 258.120) (622.944, 258.120) on layer: M1
Net VSS: dangling Wire at (502.848, 260.280) (502.848, 260.280) on layer: M1
Net VSS: dangling Wire at (622.944, 260.280) (622.944, 260.280) on layer: M1
Net VSS: dangling Wire at (502.848, 262.440) (502.848, 262.440) on layer: M1
Net VSS: dangling Wire at (622.944, 262.440) (622.944, 262.440) on layer: M1
Net VSS: dangling Wire at (502.848, 264.600) (502.848, 264.600) on layer: M1
Net VSS: dangling Wire at (622.944, 264.600) (622.944, 264.600) on layer: M1
Net VSS: dangling Wire at (502.848, 266.760) (502.848, 266.760) on layer: M1
Net VSS: dangling Wire at (622.944, 266.760) (622.944, 266.760) on layer: M1
Net VSS: dangling Wire at (502.848, 268.920) (502.848, 268.920) on layer: M1
Net VSS: dangling Wire at (622.944, 268.920) (622.944, 268.920) on layer: M1
Net VSS: dangling Wire at (502.848, 271.080) (502.848, 271.080) on layer: M1
Net VSS: dangling Wire at (622.944, 271.080) (622.944, 271.080) on layer: M1
Net VSS: dangling Wire at (502.848, 273.240) (502.848, 273.240) on layer: M1
Net VSS: dangling Wire at (622.944, 273.240) (622.944, 273.240) on layer: M1
Net VSS: dangling Wire at (502.848, 275.400) (502.848, 275.400) on layer: M1
Net VSS: dangling Wire at (622.944, 275.400) (622.944, 275.400) on layer: M1
Net VSS: dangling Wire at (502.848, 277.560) (502.848, 277.560) on layer: M1
Net VSS: dangling Wire at (622.944, 277.560) (622.944, 277.560) on layer: M1
Net VSS: dangling Wire at (502.848, 279.720) (502.848, 279.720) on layer: M1
Net VSS: dangling Wire at (622.944, 279.720) (622.944, 279.720) on layer: M1
Net VSS: dangling Wire at (502.848, 281.880) (502.848, 281.880) on layer: M1
Net VSS: dangling Wire at (622.944, 281.880) (622.944, 281.880) on layer: M1
Net VSS: dangling Wire at (502.848, 284.040) (502.848, 284.040) on layer: M1
Net VSS: dangling Wire at (622.944, 284.040) (622.944, 284.040) on layer: M1
Net VSS: dangling Wire at (502.848, 286.200) (502.848, 286.200) on layer: M1
Net VSS: dangling Wire at (622.944, 286.200) (622.944, 286.200) on layer: M1
Net VSS: dangling Wire at (502.848, 288.360) (502.848, 288.360) on layer: M1
Net VSS: dangling Wire at (622.944, 288.360) (622.944, 288.360) on layer: M1
Net VSS: dangling Wire at (502.848, 290.520) (502.848, 290.520) on layer: M1
Net VSS: dangling Wire at (622.944, 290.520) (622.944, 290.520) on layer: M1
Net VSS: dangling Wire at (502.848, 292.680) (502.848, 292.680) on layer: M1
Net VSS: dangling Wire at (622.944, 292.680) (622.944, 292.680) on layer: M1
Net VSS: dangling Wire at (502.848, 294.840) (502.848, 294.840) on layer: M1
Net VSS: dangling Wire at (622.944, 294.840) (622.944, 294.840) on layer: M1
Net VSS: dangling Wire at (502.848, 297.000) (502.848, 297.000) on layer: M1
Net VSS: dangling Wire at (622.944, 297.000) (622.944, 297.000) on layer: M1
Net VSS: dangling Wire at (502.848, 299.160) (502.848, 299.160) on layer: M1
Net VSS: dangling Wire at (622.944, 299.160) (622.944, 299.160) on layer: M1
Net VSS: dangling Wire at (502.848, 301.320) (502.848, 301.320) on layer: M1
Net VSS: dangling Wire at (622.944, 301.320) (622.944, 301.320) on layer: M1
Net VSS: dangling Wire at (502.848, 303.480) (502.848, 303.480) on layer: M1
Net VSS: dangling Wire at (622.944, 303.480) (622.944, 303.480) on layer: M1
Net VSS: dangling Wire at (502.848, 305.640) (502.848, 305.640) on layer: M1
Net VSS: dangling Wire at (622.944, 305.640) (622.944, 305.640) on layer: M1
Net VSS: dangling Wire at (502.848, 307.800) (502.848, 307.800) on layer: M1
Net VSS: dangling Wire at (622.944, 307.800) (622.944, 307.800) on layer: M1
Net VSS: dangling Wire at (502.848, 309.960) (502.848, 309.960) on layer: M1
Net VSS: dangling Wire at (622.944, 309.960) (622.944, 309.960) on layer: M1
Net VSS: dangling Wire at (502.848, 312.120) (502.848, 312.120) on layer: M1
Net VSS: dangling Wire at (622.944, 312.120) (622.944, 312.120) on layer: M1
Net VSS: dangling Wire at (502.848, 314.280) (502.848, 314.280) on layer: M1
Net VSS: dangling Wire at (622.944, 314.280) (622.944, 314.280) on layer: M1
Net VSS: dangling Wire at (502.848, 316.440) (502.848, 316.440) on layer: M1
Net VSS: dangling Wire at (622.944, 316.440) (622.944, 316.440) on layer: M1
Net VSS: dangling Wire at (502.848, 318.600) (502.848, 318.600) on layer: M1
Net VSS: dangling Wire at (622.944, 318.600) (622.944, 318.600) on layer: M1
Net VSS: dangling Wire at (502.848, 320.760) (502.848, 320.760) on layer: M1
Net VSS: dangling Wire at (622.944, 320.760) (622.944, 320.760) on layer: M1
Net VSS: dangling Wire at (502.848, 322.920) (502.848, 322.920) on layer: M1
Net VSS: dangling Wire at (622.944, 322.920) (622.944, 322.920) on layer: M1
Net VSS: dangling Wire at (502.848, 325.080) (502.848, 325.080) on layer: M1
Net VSS: dangling Wire at (622.944, 325.080) (622.944, 325.080) on layer: M1
Net VSS: dangling Wire at (502.848, 327.240) (502.848, 327.240) on layer: M1
Net VSS: dangling Wire at (622.944, 327.240) (622.944, 327.240) on layer: M1
Net VSS: dangling Wire at (502.848, 329.400) (502.848, 329.400) on layer: M1
Net VSS: dangling Wire at (622.944, 329.400) (622.944, 329.400) on layer: M1
Net VSS: dangling Wire at (502.848, 331.560) (502.848, 331.560) on layer: M1
Net VSS: dangling Wire at (622.944, 331.560) (622.944, 331.560) on layer: M1
Net VSS: dangling Wire at (502.848, 333.720) (502.848, 333.720) on layer: M1
Net VSS: dangling Wire at (622.944, 333.720) (622.944, 333.720) on layer: M1
Net VSS: dangling Wire at (502.848, 335.880) (502.848, 335.880) on layer: M1
Net VSS: dangling Wire at (622.944, 335.880) (622.944, 335.880) on layer: M1
Net VSS: dangling Wire at (502.848, 338.040) (502.848, 338.040) on layer: M1
Net VSS: dangling Wire at (622.944, 338.040) (622.944, 338.040) on layer: M1
Net VSS: dangling Wire at (502.848, 340.200) (502.848, 340.200) on layer: M1
Net VSS: dangling Wire at (622.944, 340.200) (622.944, 340.200) on layer: M1
Net VSS: dangling Wire at (502.848, 342.360) (502.848, 342.360) on layer: M1
Net VSS: dangling Wire at (622.944, 342.360) (622.944, 342.360) on layer: M1
Net VSS: dangling Wire at (502.848, 344.520) (502.848, 344.520) on layer: M1
Net VSS: dangling Wire at (622.944, 344.520) (622.944, 344.520) on layer: M1
Net VSS: dangling Wire at (502.848, 346.680) (502.848, 346.680) on layer: M1
Net VSS: dangling Wire at (622.944, 346.680) (622.944, 346.680) on layer: M1
Net VSS: dangling Wire at (502.848, 348.840) (502.848, 348.840) on layer: M1
Net VSS: dangling Wire at (622.944, 348.840) (622.944, 348.840) on layer: M1
Net VSS: dangling Wire at (502.848, 351.000) (502.848, 351.000) on layer: M1
Net VSS: dangling Wire at (622.944, 351.000) (622.944, 351.000) on layer: M1
Net VSS: dangling Wire at (502.848, 353.160) (502.848, 353.160) on layer: M1
Net VSS: dangling Wire at (622.944, 353.160) (622.944, 353.160) on layer: M1
Net VSS: dangling Wire at (502.848, 355.320) (502.848, 355.320) on layer: M1
Net VSS: dangling Wire at (622.944, 355.320) (622.944, 355.320) on layer: M1
Net VSS: dangling Wire at (502.848, 357.480) (502.848, 357.480) on layer: M1
Net VSS: dangling Wire at (622.944, 357.480) (622.944, 357.480) on layer: M1
Net VSS: dangling Wire at (502.848, 359.640) (502.848, 359.640) on layer: M1
Net VSS: dangling Wire at (622.944, 359.640) (622.944, 359.640) on layer: M1
Net VSS: dangling Wire at (502.848, 361.800) (502.848, 361.800) on layer: M1
Net VSS: dangling Wire at (622.944, 361.800) (622.944, 361.800) on layer: M1
Net VSS: dangling Wire at (502.848, 363.960) (502.848, 363.960) on layer: M1
Net VSS: dangling Wire at (622.944, 363.960) (622.944, 363.960) on layer: M1
Net VSS: dangling Wire at (502.848, 366.120) (502.848, 366.120) on layer: M1
Net VSS: dangling Wire at (622.944, 366.120) (622.944, 366.120) on layer: M1
Net VSS: dangling Wire at (502.848, 368.280) (502.848, 368.280) on layer: M1
Net VSS: dangling Wire at (622.944, 368.280) (622.944, 368.280) on layer: M1
Net VSS: dangling Wire at (502.848, 370.440) (502.848, 370.440) on layer: M1
Net VSS: dangling Wire at (622.944, 370.440) (622.944, 370.440) on layer: M1
Net VSS: dangling Wire at (502.848, 372.600) (502.848, 372.600) on layer: M1
Net VSS: dangling Wire at (622.944, 372.600) (622.944, 372.600) on layer: M1
Net VSS: dangling Wire at (502.848, 374.760) (502.848, 374.760) on layer: M1
Net VSS: dangling Wire at (622.944, 374.760) (622.944, 374.760) on layer: M1
Net VSS: dangling Wire at (502.848, 376.920) (502.848, 376.920) on layer: M1
Net VSS: dangling Wire at (622.944, 376.920) (622.944, 376.920) on layer: M1
Net VSS: dangling Wire at (502.848, 379.080) (502.848, 379.080) on layer: M1
Net VSS: dangling Wire at (622.944, 379.080) (622.944, 379.080) on layer: M1
Net VSS: dangling Wire at (502.848, 381.240) (502.848, 381.240) on layer: M1
Net VSS: dangling Wire at (622.944, 381.240) (622.944, 381.240) on layer: M1
Net VSS: dangling Wire at (502.848, 383.400) (502.848, 383.400) on layer: M1
Net VSS: dangling Wire at (622.944, 383.400) (622.944, 383.400) on layer: M1
Net VSS: dangling Wire at (502.848, 385.560) (502.848, 385.560) on layer: M1
Net VSS: dangling Wire at (622.944, 385.560) (622.944, 385.560) on layer: M1
Net VSS: dangling Wire at (502.848, 387.720) (502.848, 387.720) on layer: M1
Net VSS: dangling Wire at (622.944, 387.720) (622.944, 387.720) on layer: M1
Net VSS: dangling Wire at (502.848, 389.880) (502.848, 389.880) on layer: M1
Net VSS: dangling Wire at (622.944, 389.880) (622.944, 389.880) on layer: M1
Net VSS: dangling Wire at (502.848, 392.040) (502.848, 392.040) on layer: M1
Net VSS: dangling Wire at (622.944, 392.040) (622.944, 392.040) on layer: M1
Net VSS: dangling Wire at (502.848, 394.200) (502.848, 394.200) on layer: M1
Net VSS: dangling Wire at (622.944, 394.200) (622.944, 394.200) on layer: M1
Net VSS: dangling Wire at (502.848, 396.360) (502.848, 396.360) on layer: M1
Net VSS: dangling Wire at (622.944, 396.360) (622.944, 396.360) on layer: M1
Net VSS: dangling Wire at (502.848, 398.520) (502.848, 398.520) on layer: M1
Net VSS: dangling Wire at (622.944, 398.520) (622.944, 398.520) on layer: M1
Net VSS: dangling Wire at (502.848, 400.680) (502.848, 400.680) on layer: M1
Net VSS: dangling Wire at (622.944, 400.680) (622.944, 400.680) on layer: M1
Net VSS: dangling Wire at (502.848, 402.840) (502.848, 402.840) on layer: M1
Net VSS: dangling Wire at (622.944, 402.840) (622.944, 402.840) on layer: M1
Net VSS: dangling Wire at (502.848, 405.000) (502.848, 405.000) on layer: M1
Net VSS: dangling Wire at (622.944, 405.000) (622.944, 405.000) on layer: M1
Net VSS: dangling Wire at (502.848, 407.160) (502.848, 407.160) on layer: M1
Net VSS: dangling Wire at (622.944, 407.160) (622.944, 407.160) on layer: M1
Net VSS: dangling Wire at (502.848, 409.320) (502.848, 409.320) on layer: M1
Net VSS: dangling Wire at (622.944, 409.320) (622.944, 409.320) on layer: M1
Net VSS: dangling Wire at (502.848, 411.480) (502.848, 411.480) on layer: M1
Net VSS: dangling Wire at (622.944, 411.480) (622.944, 411.480) on layer: M1
Net VSS: dangling Wire at (502.848, 413.640) (502.848, 413.640) on layer: M1
Net VSS: dangling Wire at (622.944, 413.640) (622.944, 413.640) on layer: M1
Net VSS: dangling Wire at (502.848, 415.800) (502.848, 415.800) on layer: M1
Net VSS: dangling Wire at (622.944, 415.800) (622.944, 415.800) on layer: M1
Net VSS: dangling Wire at (502.848, 417.960) (502.848, 417.960) on layer: M1
Net VSS: dangling Wire at (622.944, 417.960) (622.944, 417.960) on layer: M1
Net VSS: dangling Wire at (502.848, 420.120) (502.848, 420.120) on layer: M1
Net VSS: dangling Wire at (622.944, 420.120) (622.944, 420.120) on layer: M1
Net VSS: dangling Wire at (502.848, 422.280) (502.848, 422.280) on layer: M1
Net VSS: dangling Wire at (622.944, 422.280) (622.944, 422.280) on layer: M1
Net VSS: dangling Wire at (502.848, 424.440) (502.848, 424.440) on layer: M1
Net VSS: dangling Wire at (622.944, 424.440) (622.944, 424.440) on layer: M1
Net VSS: dangling Wire at (502.848, 426.600) (502.848, 426.600) on layer: M1
Net VSS: dangling Wire at (622.944, 426.600) (622.944, 426.600) on layer: M1
Net VSS: dangling Wire at (502.848, 428.760) (502.848, 428.760) on layer: M1
Net VSS: dangling Wire at (622.944, 428.760) (622.944, 428.760) on layer: M1
Net VSS: dangling Wire at (502.848, 430.920) (502.848, 430.920) on layer: M1
Net VSS: dangling Wire at (622.944, 430.920) (622.944, 430.920) on layer: M1
Net VSS: dangling Wire at (502.848, 433.080) (502.848, 433.080) on layer: M1
Net VSS: dangling Wire at (622.944, 433.080) (622.944, 433.080) on layer: M1
Net VSS: dangling Wire at (502.848, 435.240) (502.848, 435.240) on layer: M1
Net VSS: dangling Wire at (622.944, 435.240) (622.944, 435.240) on layer: M1
Net VSS: dangling Wire at (502.848, 437.400) (502.848, 437.400) on layer: M1
Net VSS: dangling Wire at (622.944, 437.400) (622.944, 437.400) on layer: M1
Net VSS: dangling Wire at (502.848, 439.560) (502.848, 439.560) on layer: M1
Net VSS: dangling Wire at (622.944, 439.560) (622.944, 439.560) on layer: M1
Net VSS: dangling Wire at (502.848, 441.720) (502.848, 441.720) on layer: M1
Net VSS: dangling Wire at (622.944, 441.720) (622.944, 441.720) on layer: M1
Net VSS: dangling Wire at (502.848, 443.880) (502.848, 443.880) on layer: M1
Net VSS: dangling Wire at (622.944, 443.880) (622.944, 443.880) on layer: M1
Net VSS: dangling Wire at (502.848, 446.040) (502.848, 446.040) on layer: M1
Net VSS: dangling Wire at (622.944, 446.040) (622.944, 446.040) on layer: M1
Net VSS: dangling Wire at (502.848, 448.200) (502.848, 448.200) on layer: M1
Net VSS: dangling Wire at (622.944, 448.200) (622.944, 448.200) on layer: M1
Net VSS: dangling Wire at (502.848, 450.360) (502.848, 450.360) on layer: M1
Net VSS: dangling Wire at (622.944, 450.360) (622.944, 450.360) on layer: M1
Net VSS: dangling Wire at (502.848, 452.520) (502.848, 452.520) on layer: M1
Net VSS: dangling Wire at (622.944, 452.520) (622.944, 452.520) on layer: M1
Net VSS: dangling Wire at (502.848, 454.680) (502.848, 454.680) on layer: M1
Net VSS: dangling Wire at (622.944, 454.680) (622.944, 454.680) on layer: M1
Net VSS: dangling Wire at (502.848, 456.840) (502.848, 456.840) on layer: M1
Net VSS: dangling Wire at (622.944, 456.840) (622.944, 456.840) on layer: M1
Net VSS: dangling Wire at (502.848, 459.000) (502.848, 459.000) on layer: M1
Net VSS: dangling Wire at (622.944, 459.000) (622.944, 459.000) on layer: M1
Net VSS: dangling Wire at (502.848, 461.160) (502.848, 461.160) on layer: M1
Net VSS: dangling Wire at (622.944, 461.160) (622.944, 461.160) on layer: M1
Net VSS: dangling Wire at (502.848, 463.320) (502.848, 463.320) on layer: M1
Net VSS: dangling Wire at (622.944, 463.320) (622.944, 463.320) on layer: M1
Net VSS: dangling Wire at (502.848, 465.480) (502.848, 465.480) on layer: M1
Net VSS: dangling Wire at (622.944, 465.480) (622.944, 465.480) on layer: M1
Net VSS: dangling Wire at (502.848, 467.640) (502.848, 467.640) on layer: M1
Net VSS: dangling Wire at (622.944, 467.640) (622.944, 467.640) on layer: M1
Net VSS: dangling Wire at (502.848, 469.800) (502.848, 469.800) on layer: M1
Net VSS: dangling Wire at (622.944, 469.800) (622.944, 469.800) on layer: M1
Net VSS: dangling Wire at (502.848, 471.960) (502.848, 471.960) on layer: M1
Net VSS: dangling Wire at (622.944, 471.960) (622.944, 471.960) on layer: M1
Net VSS: dangling Wire at (502.848, 474.120) (502.848, 474.120) on layer: M1
Net VSS: dangling Wire at (622.944, 474.120) (622.944, 474.120) on layer: M1
Net VSS: dangling Wire at (502.848, 476.280) (502.848, 476.280) on layer: M1
Net VSS: dangling Wire at (622.944, 476.280) (622.944, 476.280) on layer: M1
Net VSS: dangling Wire at (502.848, 478.440) (502.848, 478.440) on layer: M1
Net VSS: dangling Wire at (622.944, 478.440) (622.944, 478.440) on layer: M1
Net VSS: dangling Wire at (502.848, 480.600) (502.848, 480.600) on layer: M1
Net VSS: dangling Wire at (622.944, 480.600) (622.944, 480.600) on layer: M1
Net VSS: dangling Wire at (502.848, 482.760) (502.848, 482.760) on layer: M1
Net VSS: dangling Wire at (622.944, 482.760) (622.944, 482.760) on layer: M1
Net VSS: dangling Wire at (502.848, 484.920) (502.848, 484.920) on layer: M1
Net VSS: dangling Wire at (622.944, 484.920) (622.944, 484.920) on layer: M1
Net VSS: dangling Wire at (502.848, 487.080) (502.848, 487.080) on layer: M1
Net VSS: dangling Wire at (622.944, 487.080) (622.944, 487.080) on layer: M1
Net VSS: dangling Wire at (502.848, 489.240) (502.848, 489.240) on layer: M1
Net VSS: dangling Wire at (622.944, 489.240) (622.944, 489.240) on layer: M1
Net VSS: dangling Wire at (502.848, 491.400) (502.848, 491.400) on layer: M1
Net VSS: dangling Wire at (622.944, 491.400) (622.944, 491.400) on layer: M1
Net VSS: dangling Wire at (502.848, 493.560) (502.848, 493.560) on layer: M1
Net VSS: dangling Wire at (622.944, 493.560) (622.944, 493.560) on layer: M1
Net VSS: dangling Wire at (502.848, 495.720) (502.848, 495.720) on layer: M1
Net VSS: dangling Wire at (622.944, 495.720) (622.944, 495.720) on layer: M1
Net VSS: dangling Wire at (502.848, 497.880) (502.848, 497.880) on layer: M1
Net VSS: dangling Wire at (622.944, 497.880) (622.944, 497.880) on layer: M1
Net VSS: dangling Wire at (502.848, 500.040) (502.848, 500.040) on layer: M1
Net VSS: dangling Wire at (622.944, 500.040) (622.944, 500.040) on layer: M1
Net VSS: dangling Wire at (502.848, 502.200) (502.848, 502.200) on layer: M1
Net VSS: dangling Wire at (622.944, 502.200) (622.944, 502.200) on layer: M1
Net VSS: dangling Wire at (502.848, 504.360) (502.848, 504.360) on layer: M1
Net VSS: dangling Wire at (622.944, 504.360) (622.944, 504.360) on layer: M1
Net VSS: dangling Wire at (502.848, 506.520) (502.848, 506.520) on layer: M1
Net VSS: dangling Wire at (622.944, 506.520) (622.944, 506.520) on layer: M1
Net VSS: dangling Wire at (502.848, 508.680) (502.848, 508.680) on layer: M1
Net VSS: dangling Wire at (622.944, 508.680) (622.944, 508.680) on layer: M1
Net VSS: dangling Wire at (502.848, 510.840) (502.848, 510.840) on layer: M1
Net VSS: dangling Wire at (622.944, 510.840) (622.944, 510.840) on layer: M1
Net VSS: dangling Wire at (502.848, 513.000) (502.848, 513.000) on layer: M1
Net VSS: dangling Wire at (622.944, 513.000) (622.944, 513.000) on layer: M1
Net VSS: dangling Wire at (502.848, 515.160) (502.848, 515.160) on layer: M1
Net VSS: dangling Wire at (622.944, 515.160) (622.944, 515.160) on layer: M1
Net VSS: dangling Wire at (502.848, 517.320) (502.848, 517.320) on layer: M1
Net VSS: dangling Wire at (622.944, 517.320) (622.944, 517.320) on layer: M1
Net VSS: dangling Wire at (502.848, 519.480) (502.848, 519.480) on layer: M1
Net VSS: dangling Wire at (622.944, 519.480) (622.944, 519.480) on layer: M1
Net VSS: dangling Wire at (502.848, 521.640) (502.848, 521.640) on layer: M1
Net VSS: dangling Wire at (622.944, 521.640) (622.944, 521.640) on layer: M1
Net VSS: dangling Wire at (502.848, 523.800) (502.848, 523.800) on layer: M1
Net VSS: dangling Wire at (622.944, 523.800) (622.944, 523.800) on layer: M1
Net VSS: dangling Wire at (502.848, 525.960) (502.848, 525.960) on layer: M1
Net VSS: dangling Wire at (622.944, 525.960) (622.944, 525.960) on layer: M1
Net VSS: dangling Wire at (502.848, 528.120) (502.848, 528.120) on layer: M1
Net VSS: dangling Wire at (622.944, 528.120) (622.944, 528.120) on layer: M1
Net VSS: dangling Wire at (502.848, 530.280) (502.848, 530.280) on layer: M1
Net VSS: dangling Wire at (622.944, 530.280) (622.944, 530.280) on layer: M1
Net VSS: dangling Wire at (502.848, 532.440) (502.848, 532.440) on layer: M1
Net VSS: dangling Wire at (622.944, 532.440) (622.944, 532.440) on layer: M1
Net VSS: dangling Wire at (502.848, 534.600) (502.848, 534.600) on layer: M1
Net VSS: dangling Wire at (622.944, 534.600) (622.944, 534.600) on layer: M1
Net VSS: dangling Wire at (502.848, 536.760) (502.848, 536.760) on layer: M1
Net VSS: dangling Wire at (622.944, 536.760) (622.944, 536.760) on layer: M1
Net VSS: dangling Wire at (502.848, 538.920) (502.848, 538.920) on layer: M1
Net VSS: dangling Wire at (622.944, 538.920) (622.944, 538.920) on layer: M1
Net VSS: dangling Wire at (502.848, 541.080) (502.848, 541.080) on layer: M1
Net VSS: dangling Wire at (622.944, 541.080) (622.944, 541.080) on layer: M1
Net VSS: dangling Wire at (502.848, 543.240) (502.848, 543.240) on layer: M1
Net VSS: dangling Wire at (622.944, 543.240) (622.944, 543.240) on layer: M1
Net VSS: dangling Wire at (502.848, 545.400) (502.848, 545.400) on layer: M1
Net VSS: dangling Wire at (622.944, 545.400) (622.944, 545.400) on layer: M1
Net VSS: dangling Wire at (502.848, 547.560) (502.848, 547.560) on layer: M1
Net VSS: dangling Wire at (622.944, 547.560) (622.944, 547.560) on layer: M1
Net VSS: dangling Wire at (502.848, 549.720) (502.848, 549.720) on layer: M1
Net VSS: dangling Wire at (622.944, 549.720) (622.944, 549.720) on layer: M1
Net VSS: dangling Wire at (502.848, 551.880) (502.848, 551.880) on layer: M1
Net VSS: dangling Wire at (622.944, 551.880) (622.944, 551.880) on layer: M1
Net VSS: dangling Wire at (502.848, 554.040) (502.848, 554.040) on layer: M1
Net VSS: dangling Wire at (622.944, 554.040) (622.944, 554.040) on layer: M1
Net VSS: dangling Wire at (502.848, 556.200) (502.848, 556.200) on layer: M1
Net VSS: dangling Wire at (622.944, 556.200) (622.944, 556.200) on layer: M1
Net VSS: dangling Wire at (502.848, 558.360) (502.848, 558.360) on layer: M1
Net VSS: dangling Wire at (622.944, 558.360) (622.944, 558.360) on layer: M1
Net VSS: dangling Wire at (502.848, 560.520) (502.848, 560.520) on layer: M1
Net VSS: dangling Wire at (622.944, 560.520) (622.944, 560.520) on layer: M1
Net VSS: dangling Wire at (502.848, 562.680) (502.848, 562.680) on layer: M1
Net VSS: dangling Wire at (622.944, 562.680) (622.944, 562.680) on layer: M1
Net VSS: dangling Wire at (502.848, 564.840) (502.848, 564.840) on layer: M1
Net VSS: dangling Wire at (622.944, 564.840) (622.944, 564.840) on layer: M1
Net VSS: dangling Wire at (502.848, 567.000) (502.848, 567.000) on layer: M1
Net VSS: dangling Wire at (622.944, 567.000) (622.944, 567.000) on layer: M1
Net VSS: dangling Wire at (502.848, 569.160) (502.848, 569.160) on layer: M1
Net VSS: dangling Wire at (622.944, 569.160) (622.944, 569.160) on layer: M1
Net VSS: dangling Wire at (502.848, 571.320) (502.848, 571.320) on layer: M1
Net VSS: dangling Wire at (622.944, 571.320) (622.944, 571.320) on layer: M1
Net VSS: dangling Wire at (502.848, 573.480) (502.848, 573.480) on layer: M1
Net VSS: dangling Wire at (622.944, 573.480) (622.944, 573.480) on layer: M1
Net VSS: dangling Wire at (502.848, 575.640) (502.848, 575.640) on layer: M1
Net VSS: dangling Wire at (622.944, 575.640) (622.944, 575.640) on layer: M1
Net VSS: dangling Wire at (502.848, 577.800) (502.848, 577.800) on layer: M1
Net VSS: dangling Wire at (622.944, 577.800) (622.944, 577.800) on layer: M1
Net VSS: dangling Wire at (502.848, 579.960) (502.848, 579.960) on layer: M1
Net VSS: dangling Wire at (622.944, 579.960) (622.944, 579.960) on layer: M1
Net VSS: dangling Wire at (502.848, 582.120) (502.848, 582.120) on layer: M1
Net VSS: dangling Wire at (622.944, 582.120) (622.944, 582.120) on layer: M1
Net VSS: dangling Wire at (502.848, 584.280) (502.848, 584.280) on layer: M1
Net VSS: dangling Wire at (622.944, 584.280) (622.944, 584.280) on layer: M1
Net VSS: dangling Wire at (502.848, 586.440) (502.848, 586.440) on layer: M1
Net VSS: dangling Wire at (622.944, 586.440) (622.944, 586.440) on layer: M1
Net VSS: dangling Wire at (502.848, 588.600) (502.848, 588.600) on layer: M1
Net VSS: dangling Wire at (622.944, 588.600) (622.944, 588.600) on layer: M1
Net VSS: dangling Wire at (502.848, 590.760) (502.848, 590.760) on layer: M1
Net VSS: dangling Wire at (622.944, 590.760) (622.944, 590.760) on layer: M1
Net VSS: dangling Wire at (502.848, 592.920) (502.848, 592.920) on layer: M1
Net VSS: dangling Wire at (622.944, 592.920) (622.944, 592.920) on layer: M1
Net VSS: dangling Wire at (502.848, 595.080) (502.848, 595.080) on layer: M1
Net VSS: dangling Wire at (622.944, 595.080) (622.944, 595.080) on layer: M1
Net VSS: dangling Wire at (502.848, 597.240) (502.848, 597.240) on layer: M1
Net VSS: dangling Wire at (622.944, 597.240) (622.944, 597.240) on layer: M1
Net VSS: dangling Wire at (502.848, 599.400) (502.848, 599.400) on layer: M1
Net VSS: dangling Wire at (622.944, 599.400) (622.944, 599.400) on layer: M1
Net VSS: dangling Wire at (502.848, 601.560) (502.848, 601.560) on layer: M1
Net VSS: dangling Wire at (622.944, 601.560) (622.944, 601.560) on layer: M1
Net VSS: dangling Wire at (502.848, 603.720) (502.848, 603.720) on layer: M1
Net VSS: dangling Wire at (622.944, 603.720) (622.944, 603.720) on layer: M1
Net VSS: dangling Wire at (502.848, 605.880) (502.848, 605.880) on layer: M1
Net VSS: dangling Wire at (622.944, 605.880) (622.944, 605.880) on layer: M1
Net VSS: dangling Wire at (502.848, 608.040) (502.848, 608.040) on layer: M1
Net VSS: dangling Wire at (622.944, 608.040) (622.944, 608.040) on layer: M1
Net VSS: dangling Wire at (502.848, 610.200) (502.848, 610.200) on layer: M1
Net VSS: dangling Wire at (622.944, 610.200) (622.944, 610.200) on layer: M1
Net VSS: dangling Wire at (502.848, 612.360) (502.848, 612.360) on layer: M1
Net VSS: dangling Wire at (622.944, 612.360) (622.944, 612.360) on layer: M1
Net VSS: dangling Wire at (502.848, 614.520) (502.848, 614.520) on layer: M1
Net VSS: dangling Wire at (622.944, 614.520) (622.944, 614.520) on layer: M1
Net VSS: dangling Wire at (502.848, 616.680) (502.848, 616.680) on layer: M1
Net VSS: dangling Wire at (622.944, 616.680) (622.944, 616.680) on layer: M1
Net VSS: dangling Wire at (502.848, 618.840) (502.848, 618.840) on layer: M1
Net VSS: dangling Wire at (622.944, 618.840) (622.944, 618.840) on layer: M1
Net VSS: dangling Wire at (502.848, 621.000) (502.848, 621.000) on layer: M1
Net VSS: dangling Wire at (622.944, 621.000) (622.944, 621.000) on layer: M1
Net VSS: dangling Wire at (502.848, 623.160) (502.848, 623.160) on layer: M1
Net VSS: dangling Wire at (622.944, 623.160) (622.944, 623.160) on layer: M1
Net VSS: dangling Wire at (502.848, 625.320) (502.848, 625.320) on layer: M1
Net VSS: dangling Wire at (622.944, 625.320) (622.944, 625.320) on layer: M1
Net VSS: dangling Wire at (502.848, 627.480) (502.848, 627.480) on layer: M1
Net VSS: dangling Wire at (622.944, 627.480) (622.944, 627.480) on layer: M1
Net VSS: dangling Wire at (502.848, 629.640) (502.848, 629.640) on layer: M1
Net VSS: dangling Wire at (622.944, 629.640) (622.944, 629.640) on layer: M1
Net VSS: dangling Wire at (502.848, 631.800) (502.848, 631.800) on layer: M1
Net VSS: dangling Wire at (622.944, 631.800) (622.944, 631.800) on layer: M1
Net VSS: dangling Wire at (502.848, 633.960) (502.848, 633.960) on layer: M1
Net VSS: dangling Wire at (622.944, 633.960) (622.944, 633.960) on layer: M1
Net VSS: dangling Wire at (502.848, 636.120) (502.848, 636.120) on layer: M1
Net VSS: dangling Wire at (622.944, 636.120) (622.944, 636.120) on layer: M1
Net VSS: dangling Wire at (502.848, 638.280) (502.848, 638.280) on layer: M1
Net VSS: dangling Wire at (622.944, 638.280) (622.944, 638.280) on layer: M1
Net VSS: dangling Wire at (502.848, 640.440) (502.848, 640.440) on layer: M1
Net VSS: dangling Wire at (622.944, 640.440) (622.944, 640.440) on layer: M1
Net VSS: dangling Wire at (502.848, 642.600) (502.848, 642.600) on layer: M1
Net VSS: dangling Wire at (622.944, 642.600) (622.944, 642.600) on layer: M1
Net VSS: dangling Wire at (502.848, 644.760) (502.848, 644.760) on layer: M1
Net VSS: dangling Wire at (622.944, 644.760) (622.944, 644.760) on layer: M1
Net VSS: dangling Wire at (502.848, 646.920) (502.848, 646.920) on layer: M1
Net VSS: dangling Wire at (622.944, 646.920) (622.944, 646.920) on layer: M1
Net VSS: dangling Wire at (502.848, 649.080) (502.848, 649.080) on layer: M1
Net VSS: dangling Wire at (622.944, 649.080) (622.944, 649.080) on layer: M1
Net VSS: dangling Wire at (502.848, 651.240) (502.848, 651.240) on layer: M1
Net VSS: dangling Wire at (622.944, 651.240) (622.944, 651.240) on layer: M1
Net VSS: dangling Wire at (502.848, 653.400) (502.848, 653.400) on layer: M1
Net VSS: dangling Wire at (622.944, 653.400) (622.944, 653.400) on layer: M1
Net VSS: dangling Wire at (502.848, 655.560) (502.848, 655.560) on layer: M1
Net VSS: dangling Wire at (622.944, 655.560) (622.944, 655.560) on layer: M1
Net VSS: dangling Wire at (502.848, 657.720) (502.848, 657.720) on layer: M1
Net VSS: dangling Wire at (622.944, 657.720) (622.944, 657.720) on layer: M1
Net VSS: dangling Wire at (502.848, 659.880) (502.848, 659.880) on layer: M1
Net VSS: dangling Wire at (622.944, 659.880) (622.944, 659.880) on layer: M1
Net VSS: dangling Wire at (502.848, 662.040) (502.848, 662.040) on layer: M1
Net VSS: dangling Wire at (622.944, 662.040) (622.944, 662.040) on layer: M1
Net VSS: dangling Wire at (502.848, 664.200) (502.848, 664.200) on layer: M1
Net VSS: dangling Wire at (622.944, 664.200) (622.944, 664.200) on layer: M1
Net VSS: dangling Wire at (502.848, 666.360) (502.848, 666.360) on layer: M1
Net VSS: dangling Wire at (622.944, 666.360) (622.944, 666.360) on layer: M1
Net VSS: dangling Wire at (502.848, 668.520) (502.848, 668.520) on layer: M1
Net VSS: dangling Wire at (622.944, 668.520) (622.944, 668.520) on layer: M1
Net VSS: dangling Wire at (502.848, 670.680) (502.848, 670.680) on layer: M1
Net VSS: dangling Wire at (622.944, 670.680) (622.944, 670.680) on layer: M1
Net VSS: dangling Wire at (502.848, 672.840) (502.848, 672.840) on layer: M1
Net VSS: dangling Wire at (622.944, 672.840) (622.944, 672.840) on layer: M1
Net VSS: dangling Wire at (502.848, 675.000) (502.848, 675.000) on layer: M1
Net VSS: dangling Wire at (622.944, 675.000) (622.944, 675.000) on layer: M1
Net VSS: dangling Wire at (502.848, 677.160) (502.848, 677.160) on layer: M1
Net VSS: dangling Wire at (622.944, 677.160) (622.944, 677.160) on layer: M1
Net VSS: dangling Wire at (502.848, 679.320) (502.848, 679.320) on layer: M1
Net VSS: dangling Wire at (622.944, 679.320) (622.944, 679.320) on layer: M1
Net VSS: dangling Wire at (502.848, 681.480) (502.848, 681.480) on layer: M1
Net VSS: dangling Wire at (622.944, 681.480) (622.944, 681.480) on layer: M1
Net VSS: dangling Wire at (502.848, 683.640) (502.848, 683.640) on layer: M1
Net VSS: dangling Wire at (622.944, 683.640) (622.944, 683.640) on layer: M1
Net VSS: dangling Wire at (502.848, 685.800) (502.848, 685.800) on layer: M1
Net VSS: dangling Wire at (622.944, 685.800) (622.944, 685.800) on layer: M1
Net VSS: dangling Wire at (502.848, 687.960) (502.848, 687.960) on layer: M1
Net VSS: dangling Wire at (622.944, 687.960) (622.944, 687.960) on layer: M1
Net VSS: dangling Wire at (502.848, 690.120) (502.848, 690.120) on layer: M1
Net VSS: dangling Wire at (622.944, 690.120) (622.944, 690.120) on layer: M1
Net VSS: dangling Wire at (502.848, 692.280) (502.848, 692.280) on layer: M1
Net VSS: dangling Wire at (622.944, 692.280) (622.944, 692.280) on layer: M1
Net VSS: dangling Wire at (502.848, 694.440) (502.848, 694.440) on layer: M1
Net VSS: dangling Wire at (622.944, 694.440) (622.944, 694.440) on layer: M1
Net VSS: dangling Wire at (502.848, 696.600) (502.848, 696.600) on layer: M1
Net VSS: dangling Wire at (622.944, 696.600) (622.944, 696.600) on layer: M1
Net VSS: dangling Wire at (502.848, 698.760) (502.848, 698.760) on layer: M1
Net VSS: dangling Wire at (622.944, 698.760) (622.944, 698.760) on layer: M1
Net VSS: dangling Wire at (502.848, 700.920) (502.848, 700.920) on layer: M1
Net VSS: dangling Wire at (622.944, 700.920) (622.944, 700.920) on layer: M1
Net VSS: dangling Wire at (502.848, 703.080) (502.848, 703.080) on layer: M1
Net VSS: dangling Wire at (622.944, 703.080) (622.944, 703.080) on layer: M1
Net VSS: dangling Wire at (502.848, 705.240) (502.848, 705.240) on layer: M1
Net VSS: dangling Wire at (622.944, 705.240) (622.944, 705.240) on layer: M1
Net VSS: dangling Wire at (502.848, 707.400) (502.848, 707.400) on layer: M1
Net VSS: dangling Wire at (622.944, 707.400) (622.944, 707.400) on layer: M1
Net VSS: dangling Wire at (2.160, 709.560) (2.160, 709.560) on layer: M1
Net VSS: dangling Wire at (622.944, 709.560) (622.944, 709.560) on layer: M1
Net VSS: dangling Wire at (622.944, 711.720) (622.944, 711.720) on layer: M1
Net VSS: dangling Wire at (2.160, 713.880) (2.160, 713.880) on layer: M1
Net VSS: dangling Wire at (622.944, 713.880) (622.944, 713.880) on layer: M1
Net VSS: dangling Wire at (2.160, 716.040) (2.160, 716.040) on layer: M1
Net VSS: dangling Wire at (622.944, 716.040) (622.944, 716.040) on layer: M1
Net VSS: dangling Wire at (2.160, 718.200) (2.160, 718.200) on layer: M1
Net VSS: dangling Wire at (622.944, 718.200) (622.944, 718.200) on layer: M1
Net VSS: dangling Wire at (2.160, 720.360) (2.160, 720.360) on layer: M1
Net VSS: dangling Wire at (622.944, 720.360) (622.944, 720.360) on layer: M1
Net VSS: dangling Wire at (2.160, 722.520) (2.160, 722.520) on layer: M1
Net VSS: dangling Wire at (622.944, 722.520) (622.944, 722.520) on layer: M1
Net VSS: dangling Wire at (2.160, 724.680) (2.160, 724.680) on layer: M1
Net VSS: dangling Wire at (622.944, 724.680) (622.944, 724.680) on layer: M1
Net VSS: dangling Wire at (2.160, 726.840) (2.160, 726.840) on layer: M1
Net VSS: dangling Wire at (622.944, 726.840) (622.944, 726.840) on layer: M1
Net VSS: dangling Wire at (2.160, 729.000) (2.160, 729.000) on layer: M1
Net VSS: dangling Wire at (622.944, 729.000) (622.944, 729.000) on layer: M1
Net VSS: dangling Wire at (2.160, 731.160) (2.160, 731.160) on layer: M1
Net VSS: dangling Wire at (622.944, 731.160) (622.944, 731.160) on layer: M1
Net VSS: dangling Wire at (2.160, 733.320) (2.160, 733.320) on layer: M1
Net VSS: dangling Wire at (622.944, 733.320) (622.944, 733.320) on layer: M1
Net VSS: dangling Wire at (2.160, 735.480) (2.160, 735.480) on layer: M1
Net VSS: dangling Wire at (622.944, 735.480) (622.944, 735.480) on layer: M1
Net VSS: dangling Wire at (2.160, 737.640) (2.160, 737.640) on layer: M1
Net VSS: dangling Wire at (622.944, 737.640) (622.944, 737.640) on layer: M1
Net VSS: dangling Wire at (2.160, 739.800) (2.160, 739.800) on layer: M1
Net VSS: dangling Wire at (622.944, 739.800) (622.944, 739.800) on layer: M1
Net VSS: dangling Wire at (2.160, 741.960) (2.160, 741.960) on layer: M1
Net VSS: dangling Wire at (622.944, 741.960) (622.944, 741.960) on layer: M1
Net VSS: dangling Wire at (2.160, 744.120) (2.160, 744.120) on layer: M1
Net VSS: dangling Wire at (622.944, 744.120) (622.944, 744.120) on layer: M1
Net VSS: dangling Wire at (2.160, 746.280) (2.160, 746.280) on layer: M1
Net VSS: dangling Wire at (622.944, 746.280) (622.944, 746.280) on layer: M1
Net VSS: dangling Wire at (2.160, 748.440) (2.160, 748.440) on layer: M1
Net VSS: dangling Wire at (622.944, 748.440) (622.944, 748.440) on layer: M1
Net VSS: dangling Wire at (2.160, 750.600) (2.160, 750.600) on layer: M1
Net VSS: dangling Wire at (622.944, 750.600) (622.944, 750.600) on layer: M1
Net VSS: dangling Wire at (2.160, 752.760) (2.160, 752.760) on layer: M1
Net VSS: dangling Wire at (622.944, 752.760) (622.944, 752.760) on layer: M1
Net VSS: dangling Wire at (2.160, 754.920) (2.160, 754.920) on layer: M1
Net VSS: dangling Wire at (622.944, 754.920) (622.944, 754.920) on layer: M1
Net VSS: dangling Wire at (2.160, 757.080) (2.160, 757.080) on layer: M1
Net VSS: dangling Wire at (622.944, 757.080) (622.944, 757.080) on layer: M1
Net VSS: dangling Wire at (2.160, 759.240) (2.160, 759.240) on layer: M1
Net VSS: dangling Wire at (622.944, 759.240) (622.944, 759.240) on layer: M1
Net VSS: dangling Wire at (2.160, 761.400) (2.160, 761.400) on layer: M1
Net VSS: dangling Wire at (622.944, 761.400) (622.944, 761.400) on layer: M1
Net VSS: dangling Wire at (2.160, 763.560) (2.160, 763.560) on layer: M1
Net VSS: dangling Wire at (622.944, 763.560) (622.944, 763.560) on layer: M1
Net VSS: dangling Wire at (2.160, 765.720) (2.160, 765.720) on layer: M1
Net VSS: dangling Wire at (622.944, 765.720) (622.944, 765.720) on layer: M1
Net VSS: dangling Wire at (2.160, 767.880) (2.160, 767.880) on layer: M1
Net VSS: dangling Wire at (622.944, 767.880) (622.944, 767.880) on layer: M1
Net VSS: dangling Wire at (389.664, 708.480) (389.664, 708.480) on layer: M5
Net VSS: dangling Wire at (389.664, 768.672) (389.664, 768.672) on layer: M5
Net VSS: dangling Wire at (234.144, 708.480) (234.144, 708.480) on layer: M5
Net VSS: dangling Wire at (234.144, 768.672) (234.144, 768.672) on layer: M5
Net VSS: dangling Wire at (156.384, 708.480) (156.384, 708.480) on layer: M5
Net VSS: dangling Wire at (156.384, 768.672) (156.384, 768.672) on layer: M5
Net VSS: dangling Wire at (493.344, 708.480) (493.344, 708.480) on layer: M5
Net VSS: dangling Wire at (493.344, 768.672) (493.344, 768.672) on layer: M5
Net VSS: dangling Wire at (467.424, 708.480) (467.424, 708.480) on layer: M5
Net VSS: dangling Wire at (467.424, 768.672) (467.424, 768.672) on layer: M5
Net VSS: dangling Wire at (441.504, 708.480) (441.504, 708.480) on layer: M5
Net VSS: dangling Wire at (441.504, 768.672) (441.504, 768.672) on layer: M5
Net VSS: dangling Wire at (415.584, 708.480) (415.584, 708.480) on layer: M5
Net VSS: dangling Wire at (415.584, 768.672) (415.584, 768.672) on layer: M5
Net VSS: dangling Wire at (363.744, 708.480) (363.744, 708.480) on layer: M5
Net VSS: dangling Wire at (363.744, 768.672) (363.744, 768.672) on layer: M5
Net VSS: dangling Wire at (337.824, 708.480) (337.824, 708.480) on layer: M5
Net VSS: dangling Wire at (337.824, 768.672) (337.824, 768.672) on layer: M5
Net VSS: dangling Wire at (311.904, 708.480) (311.904, 708.480) on layer: M5
Net VSS: dangling Wire at (311.904, 768.672) (311.904, 768.672) on layer: M5
Net VSS: dangling Wire at (285.984, 708.480) (285.984, 708.480) on layer: M5
Net VSS: dangling Wire at (285.984, 768.672) (285.984, 768.672) on layer: M5
Net VSS: dangling Wire at (260.064, 708.480) (260.064, 708.480) on layer: M5
Net VSS: dangling Wire at (260.064, 768.672) (260.064, 768.672) on layer: M5
Net VSS: dangling Wire at (208.224, 708.480) (208.224, 708.480) on layer: M5
Net VSS: dangling Wire at (208.224, 768.672) (208.224, 768.672) on layer: M5
Net VSS: dangling Wire at (182.304, 708.480) (182.304, 708.480) on layer: M5
Net VSS: dangling Wire at (182.304, 768.672) (182.304, 768.672) on layer: M5
Net VSS: dangling Wire at (130.464, 708.480) (130.464, 708.480) on layer: M5
Net VSS: dangling Wire at (130.464, 768.672) (130.464, 768.672) on layer: M5
Net VSS: dangling Wire at (104.544, 708.480) (104.544, 708.480) on layer: M5
Net VSS: dangling Wire at (104.544, 768.672) (104.544, 768.672) on layer: M5
Net VSS: dangling Wire at (78.624, 708.480) (78.624, 708.480) on layer: M5
Net VSS: dangling Wire at (78.624, 768.672) (78.624, 768.672) on layer: M5
Net VSS: dangling Wire at (52.704, 708.480) (52.704, 708.480) on layer: M5
Net VSS: dangling Wire at (52.704, 768.672) (52.704, 768.672) on layer: M5
Net VSS: dangling Wire at (26.784, 708.480) (26.784, 708.480) on layer: M5
Net VSS: dangling Wire at (26.784, 768.672) (26.784, 768.672) on layer: M5
Net VSS: dangling Wire at (519.264, 2.160) (519.264, 2.160) on layer: M5
Net VSS: dangling Wire at (519.264, 768.672) (519.264, 768.672) on layer: M5
Net VSS: dangling Wire at (622.944, 2.160) (622.944, 2.160) on layer: M5
Net VSS: dangling Wire at (622.944, 768.672) (622.944, 768.672) on layer: M5
Net VSS: dangling Wire at (597.024, 2.160) (597.024, 2.160) on layer: M5
Net VSS: dangling Wire at (597.024, 768.672) (597.024, 768.672) on layer: M5
Net VSS: dangling Wire at (571.104, 2.160) (571.104, 2.160) on layer: M5
Net VSS: dangling Wire at (571.104, 768.672) (571.104, 768.672) on layer: M5
Net VSS: dangling Wire at (545.184, 2.160) (545.184, 2.160) on layer: M5
Net VSS: dangling Wire at (545.184, 768.672) (545.184, 768.672) on layer: M5
Net VSS: dangling Wire at (505.224, 2.160) (505.224, 2.160) on layer: M5
Net VSS: dangling Wire at (505.224, 768.672) (505.224, 768.672) on layer: M5
Net VSS: dangling Wire at (502.848, 677.808) (502.848, 677.808) on layer: M6
Net VSS: dangling Wire at (502.848, 643.248) (502.848, 643.248) on layer: M6
Net VSS: dangling Wire at (502.848, 608.688) (502.848, 608.688) on layer: M6
Net VSS: dangling Wire at (502.848, 574.128) (502.848, 574.128) on layer: M6
Net VSS: dangling Wire at (502.848, 539.568) (502.848, 539.568) on layer: M6
Net VSS: dangling Wire at (502.848, 505.008) (502.848, 505.008) on layer: M6
Net VSS: dangling Wire at (502.848, 470.448) (502.848, 470.448) on layer: M6
Net VSS: dangling Wire at (502.848, 435.888) (502.848, 435.888) on layer: M6
Net VSS: dangling Wire at (502.848, 401.328) (502.848, 401.328) on layer: M6
Net VSS: dangling Wire at (502.848, 366.768) (502.848, 366.768) on layer: M6
Net VSS: dangling Wire at (502.848, 332.208) (502.848, 332.208) on layer: M6
Net VSS: dangling Wire at (502.848, 297.648) (502.848, 297.648) on layer: M6
Net VSS: dangling Wire at (502.848, 263.088) (502.848, 263.088) on layer: M6
Net VSS: dangling Wire at (502.848, 228.528) (502.848, 228.528) on layer: M6
Net VSS: dangling Wire at (502.848, 193.968) (502.848, 193.968) on layer: M6
Net VSS: dangling Wire at (502.848, 159.408) (502.848, 159.408) on layer: M6
Net VSS: dangling Wire at (502.848, 124.848) (502.848, 124.848) on layer: M6
Net VSS: dangling Wire at (502.848, 90.288) (502.848, 90.288) on layer: M6
Net VSS: dangling Wire at (502.848, 55.728) (502.848, 55.728) on layer: M6
Net VSS: dangling Wire at (502.848, 21.168) (502.848, 21.168) on layer: M6
Net VSS: dangling Wire at (2.160, 746.928) (2.160, 746.928) on layer: M6
Net VSS: dangling Wire at (2.160, 712.368) (2.160, 712.368) on layer: M6
Net VSS: dangling Wire at (470.448, 708.480) (470.448, 708.480) on layer: M7
Net VSS: dangling Wire at (470.448, 768.672) (470.448, 768.672) on layer: M7
Net VSS: dangling Wire at (435.888, 708.480) (435.888, 708.480) on layer: M7
Net VSS: dangling Wire at (435.888, 768.672) (435.888, 768.672) on layer: M7
Net VSS: dangling Wire at (401.328, 708.480) (401.328, 708.480) on layer: M7
Net VSS: dangling Wire at (401.328, 768.672) (401.328, 768.672) on layer: M7
Net VSS: dangling Wire at (366.768, 708.480) (366.768, 708.480) on layer: M7
Net VSS: dangling Wire at (366.768, 768.672) (366.768, 768.672) on layer: M7
Net VSS: dangling Wire at (332.208, 708.480) (332.208, 708.480) on layer: M7
Net VSS: dangling Wire at (332.208, 768.672) (332.208, 768.672) on layer: M7
Net VSS: dangling Wire at (297.648, 708.480) (297.648, 708.480) on layer: M7
Net VSS: dangling Wire at (297.648, 768.672) (297.648, 768.672) on layer: M7
Net VSS: dangling Wire at (263.088, 708.480) (263.088, 708.480) on layer: M7
Net VSS: dangling Wire at (263.088, 768.672) (263.088, 768.672) on layer: M7
Net VSS: dangling Wire at (228.528, 708.480) (228.528, 708.480) on layer: M7
Net VSS: dangling Wire at (228.528, 768.672) (228.528, 768.672) on layer: M7
Net VSS: dangling Wire at (193.968, 708.480) (193.968, 708.480) on layer: M7
Net VSS: dangling Wire at (193.968, 768.672) (193.968, 768.672) on layer: M7
Net VSS: dangling Wire at (159.408, 708.480) (159.408, 708.480) on layer: M7
Net VSS: dangling Wire at (159.408, 768.672) (159.408, 768.672) on layer: M7
Net VSS: dangling Wire at (124.848, 708.480) (124.848, 708.480) on layer: M7
Net VSS: dangling Wire at (124.848, 768.672) (124.848, 768.672) on layer: M7
Net VSS: dangling Wire at (90.288, 708.480) (90.288, 708.480) on layer: M7
Net VSS: dangling Wire at (90.288, 768.672) (90.288, 768.672) on layer: M7
Net VSS: dangling Wire at (55.728, 708.480) (55.728, 708.480) on layer: M7
Net VSS: dangling Wire at (55.728, 768.672) (55.728, 768.672) on layer: M7
Net VSS: dangling Wire at (21.168, 708.480) (21.168, 708.480) on layer: M7
Net VSS: dangling Wire at (21.168, 768.672) (21.168, 768.672) on layer: M7
Net VSS: dangling Wire at (608.688, 2.160) (608.688, 2.160) on layer: M7
Net VSS: dangling Wire at (608.688, 768.672) (608.688, 768.672) on layer: M7
Net VSS: dangling Wire at (574.128, 2.160) (574.128, 2.160) on layer: M7
Net VSS: dangling Wire at (574.128, 768.672) (574.128, 768.672) on layer: M7
Net VSS: dangling Wire at (539.568, 2.160) (539.568, 2.160) on layer: M7
Net VSS: dangling Wire at (539.568, 768.672) (539.568, 768.672) on layer: M7
Net VSS: dangling Wire at (505.008, 2.160) (505.008, 2.160) on layer: M7
Net VSS: dangling Wire at (505.008, 768.672) (505.008, 768.672) on layer: M7
Net VSS: dangling Wire at (502.848, 679.824) (502.848, 679.824) on layer: M8
Net VSS: dangling Wire at (625.056, 679.824) (625.056, 679.824) on layer: M8
Net VSS: dangling Wire at (502.848, 645.264) (502.848, 645.264) on layer: M8
Net VSS: dangling Wire at (625.056, 645.264) (625.056, 645.264) on layer: M8
Net VSS: dangling Wire at (502.848, 610.704) (502.848, 610.704) on layer: M8
Net VSS: dangling Wire at (625.056, 610.704) (625.056, 610.704) on layer: M8
Net VSS: dangling Wire at (502.848, 576.144) (502.848, 576.144) on layer: M8
Net VSS: dangling Wire at (625.056, 576.144) (625.056, 576.144) on layer: M8
Net VSS: dangling Wire at (502.848, 541.584) (502.848, 541.584) on layer: M8
Net VSS: dangling Wire at (625.056, 541.584) (625.056, 541.584) on layer: M8
Net VSS: dangling Wire at (502.848, 507.024) (502.848, 507.024) on layer: M8
Net VSS: dangling Wire at (625.056, 507.024) (625.056, 507.024) on layer: M8
Net VSS: dangling Wire at (502.848, 472.464) (502.848, 472.464) on layer: M8
Net VSS: dangling Wire at (625.056, 472.464) (625.056, 472.464) on layer: M8
Net VSS: dangling Wire at (502.848, 437.904) (502.848, 437.904) on layer: M8
Net VSS: dangling Wire at (625.056, 437.904) (625.056, 437.904) on layer: M8
Net VSS: dangling Wire at (502.848, 403.344) (502.848, 403.344) on layer: M8
Net VSS: dangling Wire at (625.056, 403.344) (625.056, 403.344) on layer: M8
Net VSS: dangling Wire at (502.848, 368.784) (502.848, 368.784) on layer: M8
Net VSS: dangling Wire at (625.056, 368.784) (625.056, 368.784) on layer: M8
Net VSS: dangling Wire at (502.848, 334.224) (502.848, 334.224) on layer: M8
Net VSS: dangling Wire at (625.056, 334.224) (625.056, 334.224) on layer: M8
Net VSS: dangling Wire at (502.848, 299.664) (502.848, 299.664) on layer: M8
Net VSS: dangling Wire at (625.056, 299.664) (625.056, 299.664) on layer: M8
Net VSS: dangling Wire at (502.848, 265.104) (502.848, 265.104) on layer: M8
Net VSS: dangling Wire at (625.056, 265.104) (625.056, 265.104) on layer: M8
Net VSS: dangling Wire at (502.848, 230.544) (502.848, 230.544) on layer: M8
Net VSS: dangling Wire at (625.056, 230.544) (625.056, 230.544) on layer: M8
Net VSS: dangling Wire at (502.848, 195.984) (502.848, 195.984) on layer: M8
Net VSS: dangling Wire at (625.056, 195.984) (625.056, 195.984) on layer: M8
Net VSS: dangling Wire at (502.848, 161.424) (502.848, 161.424) on layer: M8
Net VSS: dangling Wire at (625.056, 161.424) (625.056, 161.424) on layer: M8
Net VSS: dangling Wire at (502.848, 126.864) (502.848, 126.864) on layer: M8
Net VSS: dangling Wire at (625.056, 126.864) (625.056, 126.864) on layer: M8
Net VSS: dangling Wire at (502.848, 92.304) (502.848, 92.304) on layer: M8
Net VSS: dangling Wire at (625.056, 92.304) (625.056, 92.304) on layer: M8
Net VSS: dangling Wire at (502.848, 57.744) (502.848, 57.744) on layer: M8
Net VSS: dangling Wire at (625.056, 57.744) (625.056, 57.744) on layer: M8
Net VSS: dangling Wire at (502.848, 23.184) (502.848, 23.184) on layer: M8
Net VSS: dangling Wire at (625.056, 23.184) (625.056, 23.184) on layer: M8
Net VSS: dangling Wire at (0.192, 748.944) (0.192, 748.944) on layer: M8
Net VSS: dangling Wire at (625.056, 748.944) (625.056, 748.944) on layer: M8
Net VSS: dangling Wire at (0.192, 714.384) (0.192, 714.384) on layer: M8
Net VSS: dangling Wire at (625.056, 714.384) (625.056, 714.384) on layer: M8
Net VSS: dangling Wire at (472.464, 708.480) (472.464, 708.480) on layer: M9
Net VSS: dangling Wire at (472.464, 770.640) (472.464, 770.640) on layer: M9
Net VSS: dangling Wire at (437.904, 708.480) (437.904, 708.480) on layer: M9
Net VSS: dangling Wire at (437.904, 770.640) (437.904, 770.640) on layer: M9
Net VSS: dangling Wire at (403.344, 708.480) (403.344, 708.480) on layer: M9
Net VSS: dangling Wire at (403.344, 770.640) (403.344, 770.640) on layer: M9
Net VSS: dangling Wire at (368.784, 708.480) (368.784, 708.480) on layer: M9
Net VSS: dangling Wire at (368.784, 770.640) (368.784, 770.640) on layer: M9
Net VSS: dangling Wire at (334.224, 708.480) (334.224, 708.480) on layer: M9
Net VSS: dangling Wire at (334.224, 770.640) (334.224, 770.640) on layer: M9
Net VSS: dangling Wire at (299.664, 708.480) (299.664, 708.480) on layer: M9
Net VSS: dangling Wire at (299.664, 770.640) (299.664, 770.640) on layer: M9
Net VSS: dangling Wire at (265.104, 708.480) (265.104, 708.480) on layer: M9
Net VSS: dangling Wire at (265.104, 770.640) (265.104, 770.640) on layer: M9
Net VSS: dangling Wire at (230.544, 708.480) (230.544, 708.480) on layer: M9
Net VSS: dangling Wire at (230.544, 770.640) (230.544, 770.640) on layer: M9
Net VSS: dangling Wire at (195.984, 708.480) (195.984, 708.480) on layer: M9
Net VSS: dangling Wire at (195.984, 770.640) (195.984, 770.640) on layer: M9
Net VSS: dangling Wire at (161.424, 708.480) (161.424, 708.480) on layer: M9
Net VSS: dangling Wire at (161.424, 770.640) (161.424, 770.640) on layer: M9
Net VSS: dangling Wire at (126.864, 708.480) (126.864, 708.480) on layer: M9
Net VSS: dangling Wire at (126.864, 770.640) (126.864, 770.640) on layer: M9
Net VSS: dangling Wire at (92.304, 708.480) (92.304, 708.480) on layer: M9
Net VSS: dangling Wire at (92.304, 770.640) (92.304, 770.640) on layer: M9
Net VSS: dangling Wire at (57.744, 708.480) (57.744, 708.480) on layer: M9
Net VSS: dangling Wire at (57.744, 770.640) (57.744, 770.640) on layer: M9
Net VSS: dangling Wire at (23.184, 708.480) (23.184, 708.480) on layer: M9
Net VSS: dangling Wire at (23.184, 770.640) (23.184, 770.640) on layer: M9
Net VSS: dangling Wire at (610.704, 770.640) (610.704, 770.640) on layer: M9
Net VSS: dangling Wire at (576.144, 770.640) (576.144, 770.640) on layer: M9
Net VSS: dangling Wire at (541.584, 770.640) (541.584, 770.640) on layer: M9
Net VSS: dangling Wire at (507.024, 770.640) (507.024, 770.640) on layer: M9
Net VDD: has special routes with opens at (0.192, 0.192) (625.056, 770.640)
Net VDD: has special routes with opens at (502.848, 2.124) (622.944, 2.196)
Net VDD: dangling Wire at (502.848, 2.160) (502.848, 2.160) on layer: M1
Net VDD: dangling Wire at (622.944, 2.160) (622.944, 2.160) on layer: M1
Net VDD: dangling Wire at (502.848, 4.320) (502.848, 4.320) on layer: M1
Net VDD: dangling Wire at (622.944, 4.320) (622.944, 4.320) on layer: M1
Net VDD: dangling Wire at (502.848, 6.480) (502.848, 6.480) on layer: M1
Net VDD: dangling Wire at (622.944, 6.480) (622.944, 6.480) on layer: M1
Net VDD: dangling Wire at (502.848, 8.640) (502.848, 8.640) on layer: M1
Net VDD: dangling Wire at (622.944, 8.640) (622.944, 8.640) on layer: M1
Net VDD: dangling Wire at (502.848, 10.800) (502.848, 10.800) on layer: M1
Net VDD: dangling Wire at (622.944, 10.800) (622.944, 10.800) on layer: M1
Net VDD: dangling Wire at (502.848, 12.960) (502.848, 12.960) on layer: M1
Net VDD: dangling Wire at (622.944, 12.960) (622.944, 12.960) on layer: M1
Net VDD: dangling Wire at (502.848, 15.120) (502.848, 15.120) on layer: M1
Net VDD: dangling Wire at (622.944, 15.120) (622.944, 15.120) on layer: M1
Net VDD: dangling Wire at (502.848, 17.280) (502.848, 17.280) on layer: M1
Net VDD: dangling Wire at (622.944, 17.280) (622.944, 17.280) on layer: M1
Net VDD: dangling Wire at (502.848, 19.440) (502.848, 19.440) on layer: M1
Net VDD: dangling Wire at (622.944, 19.440) (622.944, 19.440) on layer: M1
Net VDD: dangling Wire at (502.848, 21.600) (502.848, 21.600) on layer: M1
Net VDD: dangling Wire at (622.944, 21.600) (622.944, 21.600) on layer: M1
Net VDD: dangling Wire at (502.848, 23.760) (502.848, 23.760) on layer: M1
Net VDD: dangling Wire at (622.944, 23.760) (622.944, 23.760) on layer: M1
Net VDD: dangling Wire at (502.848, 25.920) (502.848, 25.920) on layer: M1
Net VDD: dangling Wire at (622.944, 25.920) (622.944, 25.920) on layer: M1
Net VDD: dangling Wire at (502.848, 28.080) (502.848, 28.080) on layer: M1
Net VDD: dangling Wire at (622.944, 28.080) (622.944, 28.080) on layer: M1
Net VDD: dangling Wire at (502.848, 30.240) (502.848, 30.240) on layer: M1
Net VDD: dangling Wire at (622.944, 30.240) (622.944, 30.240) on layer: M1
Net VDD: dangling Wire at (502.848, 32.400) (502.848, 32.400) on layer: M1
Net VDD: dangling Wire at (622.944, 32.400) (622.944, 32.400) on layer: M1
Net VDD: dangling Wire at (502.848, 34.560) (502.848, 34.560) on layer: M1
Net VDD: dangling Wire at (622.944, 34.560) (622.944, 34.560) on layer: M1
Net VDD: dangling Wire at (502.848, 36.720) (502.848, 36.720) on layer: M1
Net VDD: dangling Wire at (622.944, 36.720) (622.944, 36.720) on layer: M1
Net VDD: dangling Wire at (502.848, 38.880) (502.848, 38.880) on layer: M1
Net VDD: dangling Wire at (622.944, 38.880) (622.944, 38.880) on layer: M1
Net VDD: dangling Wire at (502.848, 41.040) (502.848, 41.040) on layer: M1
Net VDD: dangling Wire at (622.944, 41.040) (622.944, 41.040) on layer: M1
Net VDD: dangling Wire at (502.848, 43.200) (502.848, 43.200) on layer: M1
Net VDD: dangling Wire at (622.944, 43.200) (622.944, 43.200) on layer: M1
Net VDD: dangling Wire at (502.848, 45.360) (502.848, 45.360) on layer: M1
Net VDD: dangling Wire at (622.944, 45.360) (622.944, 45.360) on layer: M1
Net VDD: dangling Wire at (502.848, 47.520) (502.848, 47.520) on layer: M1
Net VDD: dangling Wire at (622.944, 47.520) (622.944, 47.520) on layer: M1
Net VDD: dangling Wire at (502.848, 49.680) (502.848, 49.680) on layer: M1
Net VDD: dangling Wire at (622.944, 49.680) (622.944, 49.680) on layer: M1
Net VDD: dangling Wire at (502.848, 51.840) (502.848, 51.840) on layer: M1
Net VDD: dangling Wire at (622.944, 51.840) (622.944, 51.840) on layer: M1
Net VDD: dangling Wire at (502.848, 54.000) (502.848, 54.000) on layer: M1
Net VDD: dangling Wire at (622.944, 54.000) (622.944, 54.000) on layer: M1
Net VDD: dangling Wire at (502.848, 56.160) (502.848, 56.160) on layer: M1
Net VDD: dangling Wire at (622.944, 56.160) (622.944, 56.160) on layer: M1
Net VDD: dangling Wire at (502.848, 58.320) (502.848, 58.320) on layer: M1
Net VDD: dangling Wire at (622.944, 58.320) (622.944, 58.320) on layer: M1
Net VDD: dangling Wire at (502.848, 60.480) (502.848, 60.480) on layer: M1
Net VDD: dangling Wire at (622.944, 60.480) (622.944, 60.480) on layer: M1
Net VDD: dangling Wire at (502.848, 62.640) (502.848, 62.640) on layer: M1
Net VDD: dangling Wire at (622.944, 62.640) (622.944, 62.640) on layer: M1
Net VDD: dangling Wire at (502.848, 64.800) (502.848, 64.800) on layer: M1
Net VDD: dangling Wire at (622.944, 64.800) (622.944, 64.800) on layer: M1
Net VDD: dangling Wire at (502.848, 66.960) (502.848, 66.960) on layer: M1
Net VDD: dangling Wire at (622.944, 66.960) (622.944, 66.960) on layer: M1
Net VDD: dangling Wire at (502.848, 69.120) (502.848, 69.120) on layer: M1
Net VDD: dangling Wire at (622.944, 69.120) (622.944, 69.120) on layer: M1
Net VDD: dangling Wire at (502.848, 71.280) (502.848, 71.280) on layer: M1
Net VDD: dangling Wire at (622.944, 71.280) (622.944, 71.280) on layer: M1
Net VDD: dangling Wire at (502.848, 73.440) (502.848, 73.440) on layer: M1
Net VDD: dangling Wire at (622.944, 73.440) (622.944, 73.440) on layer: M1
Net VDD: dangling Wire at (502.848, 75.600) (502.848, 75.600) on layer: M1
Net VDD: dangling Wire at (622.944, 75.600) (622.944, 75.600) on layer: M1
Net VDD: dangling Wire at (502.848, 77.760) (502.848, 77.760) on layer: M1
Net VDD: dangling Wire at (622.944, 77.760) (622.944, 77.760) on layer: M1
Net VDD: dangling Wire at (502.848, 79.920) (502.848, 79.920) on layer: M1
Net VDD: dangling Wire at (622.944, 79.920) (622.944, 79.920) on layer: M1
Net VDD: dangling Wire at (502.848, 82.080) (502.848, 82.080) on layer: M1
Net VDD: dangling Wire at (622.944, 82.080) (622.944, 82.080) on layer: M1
Net VDD: dangling Wire at (502.848, 84.240) (502.848, 84.240) on layer: M1
Net VDD: dangling Wire at (622.944, 84.240) (622.944, 84.240) on layer: M1
Net VDD: dangling Wire at (502.848, 86.400) (502.848, 86.400) on layer: M1
Net VDD: dangling Wire at (622.944, 86.400) (622.944, 86.400) on layer: M1
Net VDD: dangling Wire at (502.848, 88.560) (502.848, 88.560) on layer: M1
Net VDD: dangling Wire at (622.944, 88.560) (622.944, 88.560) on layer: M1
Net VDD: dangling Wire at (502.848, 90.720) (502.848, 90.720) on layer: M1
Net VDD: dangling Wire at (622.944, 90.720) (622.944, 90.720) on layer: M1
Net VDD: dangling Wire at (502.848, 92.880) (502.848, 92.880) on layer: M1
Net VDD: dangling Wire at (622.944, 92.880) (622.944, 92.880) on layer: M1
Net VDD: dangling Wire at (502.848, 95.040) (502.848, 95.040) on layer: M1
Net VDD: dangling Wire at (622.944, 95.040) (622.944, 95.040) on layer: M1
Net VDD: dangling Wire at (502.848, 97.200) (502.848, 97.200) on layer: M1
Net VDD: dangling Wire at (622.944, 97.200) (622.944, 97.200) on layer: M1
Net VDD: dangling Wire at (502.848, 99.360) (502.848, 99.360) on layer: M1
Net VDD: dangling Wire at (622.944, 99.360) (622.944, 99.360) on layer: M1
Net VDD: dangling Wire at (502.848, 101.520) (502.848, 101.520) on layer: M1
Net VDD: dangling Wire at (622.944, 101.520) (622.944, 101.520) on layer: M1
Net VDD: dangling Wire at (502.848, 103.680) (502.848, 103.680) on layer: M1
Net VDD: dangling Wire at (622.944, 103.680) (622.944, 103.680) on layer: M1
Net VDD: dangling Wire at (502.848, 105.840) (502.848, 105.840) on layer: M1
Net VDD: dangling Wire at (622.944, 105.840) (622.944, 105.840) on layer: M1
Net VDD: dangling Wire at (502.848, 108.000) (502.848, 108.000) on layer: M1
Net VDD: dangling Wire at (622.944, 108.000) (622.944, 108.000) on layer: M1
Net VDD: dangling Wire at (502.848, 110.160) (502.848, 110.160) on layer: M1
Net VDD: dangling Wire at (622.944, 110.160) (622.944, 110.160) on layer: M1
Net VDD: dangling Wire at (502.848, 112.320) (502.848, 112.320) on layer: M1
Net VDD: dangling Wire at (622.944, 112.320) (622.944, 112.320) on layer: M1
Net VDD: dangling Wire at (502.848, 114.480) (502.848, 114.480) on layer: M1
Net VDD: dangling Wire at (622.944, 114.480) (622.944, 114.480) on layer: M1
Net VDD: dangling Wire at (502.848, 116.640) (502.848, 116.640) on layer: M1
Net VDD: dangling Wire at (622.944, 116.640) (622.944, 116.640) on layer: M1

Begin Summary
    2 Problem(s) (IMPVFC-200): Special Wires: Pieces of the net are not connected together.
    998 Problem(s) (IMPVFC-94): The net has dangling wire(s).
    1000 total info(s) created.
End Summary
