###############################################################
#  Generated by:      Cadence Innovus 23.14-s088_1
#  OS:                Linux x86_64(Host ID user1-EliteMini)
#  Generated on:      Fri Jul 31 13:03:21 2026
#  Design:            axi_ram
#  Command:           verifyConnectivity -type special -noUnroutedNet -report ./verify_rpt/pg_connectivity_after_trim.rpt
###############################################################
Verify Connectivity Report is created on Fri Jul 31 13:03:21 2026




Multi-CPU acceleration using 12 CPU


Use pthread

Net VSS, Pin Pin: u_mem/FE_OFC1009_n_250/VSS; Direction: INPUT; Use: GROUND;: has an unconnected terminal at (428.760, 154.404) (429.624, 154.476)
Net VSS, Pin Pin: u_mem/FE_OFC967_mem_wdata_28/VSS; Direction: INPUT; Use: GROUND;: has an unconnected terminal at (245.160, 668.484) (246.024, 668.556)
Net VSS, Pin Pin: u_mem/FE_OFC946_mem_wdata_16/VSS; Direction: INPUT; Use: GROUND;: has an unconnected terminal at (245.160, 616.644) (246.240, 616.716)
Net VSS, Pin Pin: u_mem/FE_OFC944_mem_wdata_4/VSS; Direction: INPUT; Use: GROUND;: has an unconnected terminal at (245.160, 525.924) (246.240, 525.996)
Net VSS, Pin Pin: u_mem/FE_OFC894_bank_rdata_10__6/VSS; Direction: INPUT; Use: GROUND;: has an unconnected terminal at (423.144, 98.244) (427.032, 98.316)
Net VSS, Pin Pin: u_mem/FE_OFC893_bank_rdata_11__6/VSS; Direction: INPUT; Use: GROUND;: has an unconnected terminal at (423.144, 100.404) (427.032, 100.476)
Net VSS, Pin Pin: u_mem/FE_OFC843_n_227/VSS; Direction: INPUT; Use: GROUND;: has an unconnected terminal at (428.760, 124.164) (429.624, 124.236)
Net VSS, Pin Pin: u_mem/FE_OFC740_bank_rdata_10__3/VSS; Direction: INPUT; Use: GROUND;: has an unconnected terminal at (423.144, 91.764) (427.032, 91.836)
Net VSS, Pin Pin: u_mem/FE_OFC738_bank_rdata_8__25/VSS; Direction: INPUT; Use: GROUND;: has an unconnected terminal at (798.552, 223.524) (802.440, 223.596)
Net VSS, Pin Pin: u_mem/FE_OFC737_bank_rdata_11__3/VSS; Direction: INPUT; Use: GROUND;: has an unconnected terminal at (423.144, 93.924) (427.032, 93.996)
Net VSS, Pin Pin: u_mem/FE_OFC707_bank_rdata_11__9/VSS; Direction: INPUT; Use: GROUND;: has an unconnected terminal at (423.144, 115.524) (427.032, 115.596)
Net VSS, Pin Pin: u_mem/FE_OFC698_bank_rdata_11__4/VSS; Direction: INPUT; Use: GROUND;: has an unconnected terminal at (423.144, 122.004) (427.032, 122.076)
Net VSS, Pin Pin: u_mem/FE_OFC393_mem_wdata_8/VSS; Direction: INPUT; Use: GROUND;: has an unconnected terminal at (245.160, 543.204) (246.240, 543.276)
Net VSS, Pin Pin: u_mem/FE_OFC390_mem_wdata_9/VSS; Direction: INPUT; Use: GROUND;: has an unconnected terminal at (245.160, 547.524) (246.240, 547.596)
Net VSS, Pin Pin: u_mem/FE_OFC382_mem_wdata_12/VSS; Direction: INPUT; Use: GROUND;: has an unconnected terminal at (244.944, 558.324) (246.024, 558.396)
Net VSS, Pin Pin: u_mem/FE_OFC381_mem_wdata_13/VSS; Direction: INPUT; Use: GROUND;: has an unconnected terminal at (244.944, 564.804) (246.024, 564.876)
Net VSS, Pin Pin: u_mem/FE_OFC378_mem_wdata_14/VSS; Direction: INPUT; Use: GROUND;: has an unconnected terminal at (245.160, 566.964) (246.240, 567.036)
Net VSS, Pin Pin: u_mem/FE_OFC369_mem_wdata_17/VSS; Direction: INPUT; Use: GROUND;: has an unconnected terminal at (242.784, 614.484) (243.648, 614.556)
Net VSS, Pin Pin: u_mem/FE_OFC367_mem_wdata_18/VSS; Direction: INPUT; Use: GROUND;: has an unconnected terminal at (245.160, 618.804) (246.024, 618.876)
Net VSS, Pin Pin: u_mem/FE_OFC364_mem_wdata_20/VSS; Direction: INPUT; Use: GROUND;: has an unconnected terminal at (245.160, 627.444) (246.024, 627.516)
Net VSS, Pin Pin: u_mem/FE_OFC362_mem_wdata_21/VSS; Direction: INPUT; Use: GROUND;: has an unconnected terminal at (245.160, 631.764) (246.024, 631.836)
Net VSS, Pin Pin: u_mem/FE_OFC360_mem_wdata_22/VSS; Direction: INPUT; Use: GROUND;: has an unconnected terminal at (245.160, 633.924) (246.024, 633.996)
Net VSS, Pin Pin: u_mem/FE_OFC319_mem_wdata_19/VSS; Direction: INPUT; Use: GROUND;: has an unconnected terminal at (241.272, 623.124) (242.352, 623.196)
Net VSS, Pin Pin: u_mem/FE_OFC317_mem_wdata_23/VSS; Direction: INPUT; Use: GROUND;: has an unconnected terminal at (245.160, 640.404) (246.024, 640.476)
Net VSS, Pin Pin: u_mem/FE_OFC311_mem_wdata_31/VSS; Direction: INPUT; Use: GROUND;: has an unconnected terminal at (240.624, 674.964) (241.488, 675.036)
Net VSS, Pin Pin: u_mem/FE_OFC301_mem_addr_4/VSS; Direction: INPUT; Use: GROUND;: has an unconnected terminal at (244.080, 603.684) (245.376, 603.756)
Net VSS, Pin Pin: u_mem/FE_OFC298_mem_addr_5/VSS; Direction: INPUT; Use: GROUND;: has an unconnected terminal at (244.080, 605.844) (245.160, 605.916)
Net VSS, Pin Pin: u_mem/FE_OFC286_mem_addr_9/VSS; Direction: INPUT; Use: GROUND;: has an unconnected terminal at (417.744, 141.444) (418.608, 141.516)
Net VSS, Pin Pin: u_mem/FE_OFC191_n_237/VSS; Direction: INPUT; Use: GROUND;: has an unconnected terminal at (423.144, 221.364) (424.008, 221.436)
Net VSS, Pin Pin: u_mem/FE_OFC178_n_220/VSS; Direction: INPUT; Use: GROUND;: has an unconnected terminal at (422.712, 225.684) (423.576, 225.756)
Net VSS, Pin Pin: u_mem/FE_OFC7_n_54/VSS; Direction: INPUT; Use: GROUND;: has an unconnected terminal at (673.056, 141.444) (673.920, 141.516)
Net VSS, Pin Pin: u_mem/FE_OFC6_n_54/VSS; Direction: INPUT; Use: GROUND;: has an unconnected terminal at (241.488, 573.444) (242.352, 573.516)
Net VSS, Pin Pin: u_mem/G_SRAM_BANK[2].u_sram/VSS; Direction: INOUT; Use: GROUND;: has an unconnected terminal at (368.264, 535.664) (488.880, 535.856)
Net VSS, Pin Pin: u_mem/G_SRAM_BANK[4].u_sram/VSS; Direction: INOUT; Use: GROUND;: has an unconnected terminal at (81.208, 294.820) (201.824, 295.012)
Net VSS, Pin Pin: u_mem/G_SRAM_BANK[5].u_sram/VSS; Direction: INOUT; Use: GROUND;: has an unconnected terminal at (82.132, 512.156) (202.748, 512.348)
Net VSS, Pin Pin: u_mem/G_SRAM_BANK[10].u_sram/VSS; Direction: INOUT; Use: GROUND;: has an unconnected terminal at (295.688, 68.024) (416.304, 68.216)
Net VSS, Pin Pin: u_mem/G_SRAM_BANK[12].u_sram/VSS; Direction: INOUT; Use: GROUND;: has an unconnected terminal at (46.648, 101.664) (167.264, 101.856)
Net VSS, Pin Pin: u_mem/G_SRAM_BANK[13].u_sram/VSS; Direction: INOUT; Use: GROUND;: has an unconnected terminal at (174.176, 69.064) (294.792, 69.256)
Net VSS, Pin Pin: u_mem/g9761__7410/VSS; Direction: INOUT; Use: GROUND;: has an unconnected terminal at (427.032, 223.524) (428.328, 223.596)
Net VSS, Pin Pin: u_mem/g9794__6260/VSS; Direction: INOUT; Use: GROUND;: has an unconnected terminal at (422.280, 227.844) (424.440, 227.916)
Net VSS, Pin Pin: u_mem/g9813__9945/VSS; Direction: INOUT; Use: GROUND;: has an unconnected terminal at (422.712, 214.884) (424.008, 214.956)
Net VSS: has special routes with opens at (0.336, 0.336) (1104.720, 970.848)
Net VSS: has special routes with opens at (423.792, 106.884) (429.624, 106.956)
Net VSS: has special routes with opens at (422.712, 126.324) (429.192, 126.396)
Net VSS: has special routes with opens at (422.712, 128.484) (429.192, 128.556)
Net VSS: has special routes with opens at (416.880, 139.284) (420.552, 139.356)
Net VSS: has special routes with opens at (800.928, 234.324) (804.600, 234.396)
Net VSS: has regular routing with opens at (423.144, 117.684) (425.304, 117.756)
Net VSS: has regular routing with opens at (422.280, 219.204) (427.032, 219.276)
Net VSS: has regular routing with opens at (423.144, 201.924) (429.192, 201.996)
Net VSS: has regular routing with opens at (422.712, 109.044) (429.192, 109.116)
Net VSS: has regular routing with opens at (426.168, 234.324) (429.192, 234.396)
Net VSS: has regular routing with opens at (423.144, 102.564) (427.032, 102.636)
Net VSS: has regular routing with opens at (798.552, 230.004) (802.440, 230.076)
Net VSS: has regular routing with opens at (798.552, 232.164) (802.440, 232.236)
Net VSS: has regular routing with opens at (798.552, 227.844) (802.440, 227.916)
Net VDD, Pin Pin: u_mem/FE_OFC1009_n_250/VDD; Direction: INPUT; Use: POWER;: has an unconnected terminal at (428.760, 153.324) (429.624, 153.396)
Net VDD, Pin Pin: u_mem/FE_OFC967_mem_wdata_28/VDD; Direction: INPUT; Use: POWER;: has an unconnected terminal at (245.160, 667.404) (246.024, 667.476)
Net VDD, Pin Pin: u_mem/FE_OFC944_mem_wdata_4/VDD; Direction: INPUT; Use: POWER;: has an unconnected terminal at (245.160, 527.004) (246.240, 527.076)
Net VDD, Pin Pin: u_mem/FE_OFC903_bank_rdata_8__27/VDD; Direction: INPUT; Use: POWER;: has an unconnected terminal at (798.552, 226.764) (802.440, 226.836)
Net VDD, Pin Pin: u_mem/FE_OFC738_bank_rdata_8__25/VDD; Direction: INPUT; Use: POWER;: has an unconnected terminal at (798.552, 224.604) (802.440, 224.676)
Net VDD, Pin Pin: u_mem/FE_OFC721_bank_rdata_10__1/VDD; Direction: INPUT; Use: POWER;: has an unconnected terminal at (423.144, 101.484) (427.032, 101.556)
Net VDD, Pin Pin: u_mem/FE_OFC715_bank_rdata_11__1/VDD; Direction: INPUT; Use: POWER;: has an unconnected terminal at (423.144, 103.644) (427.032, 103.716)
Net VDD, Pin Pin: u_mem/FE_OFC698_bank_rdata_11__4/VDD; Direction: INPUT; Use: POWER;: has an unconnected terminal at (423.144, 120.924) (427.032, 120.996)
Net VDD, Pin Pin: u_mem/FE_OFC393_mem_wdata_8/VDD; Direction: INPUT; Use: POWER;: has an unconnected terminal at (245.160, 544.284) (246.240, 544.356)
Net VDD, Pin Pin: u_mem/FE_OFC390_mem_wdata_9/VDD; Direction: INPUT; Use: POWER;: has an unconnected terminal at (245.160, 548.604) (246.240, 548.676)
Net VDD, Pin Pin: u_mem/FE_OFC382_mem_wdata_12/VDD; Direction: INPUT; Use: POWER;: has an unconnected terminal at (244.944, 557.244) (246.024, 557.316)
Net VDD, Pin Pin: u_mem/FE_OFC381_mem_wdata_13/VDD; Direction: INPUT; Use: POWER;: has an unconnected terminal at (244.944, 565.884) (246.024, 565.956)
Net VDD, Pin Pin: u_mem/FE_OFC378_mem_wdata_14/VDD; Direction: INPUT; Use: POWER;: has an unconnected terminal at (245.160, 568.044) (246.240, 568.116)
Net VDD, Pin Pin: u_mem/FE_OFC367_mem_wdata_18/VDD; Direction: INPUT; Use: POWER;: has an unconnected terminal at (245.160, 617.724) (246.024, 617.796)
Net VDD, Pin Pin: u_mem/FE_OFC364_mem_wdata_20/VDD; Direction: INPUT; Use: POWER;: has an unconnected terminal at (245.160, 628.524) (246.024, 628.596)
Net VDD, Pin Pin: u_mem/FE_OFC362_mem_wdata_21/VDD; Direction: INPUT; Use: POWER;: has an unconnected terminal at (245.160, 630.684) (246.024, 630.756)
Net VDD, Pin Pin: u_mem/FE_OFC360_mem_wdata_22/VDD; Direction: INPUT; Use: POWER;: has an unconnected terminal at (245.160, 635.004) (246.024, 635.076)
Net VDD, Pin Pin: u_mem/FE_OFC319_mem_wdata_19/VDD; Direction: INPUT; Use: POWER;: has an unconnected terminal at (241.272, 624.204) (242.352, 624.276)
Net VDD, Pin Pin: u_mem/FE_OFC317_mem_wdata_23/VDD; Direction: INPUT; Use: POWER;: has an unconnected terminal at (245.160, 639.324) (246.024, 639.396)
Net VDD, Pin Pin: u_mem/FE_OFC311_mem_wdata_31/VDD; Direction: INPUT; Use: POWER;: has an unconnected terminal at (240.624, 676.044) (241.488, 676.116)
Net VDD, Pin Pin: u_mem/FE_OFC301_mem_addr_4/VDD; Direction: INPUT; Use: POWER;: has an unconnected terminal at (244.080, 604.764) (245.376, 604.836)
Net VDD, Pin Pin: u_mem/FE_OFC298_mem_addr_5/VDD; Direction: INPUT; Use: POWER;: has an unconnected terminal at (244.080, 606.924) (245.160, 606.996)
Net VDD, Pin Pin: u_mem/FE_OFC7_n_54/VDD; Direction: INPUT; Use: POWER;: has an unconnected terminal at (673.056, 142.524) (673.920, 142.596)
Net VDD, Pin Pin: u_mem/FE_OFC6_n_54/VDD; Direction: INPUT; Use: POWER;: has an unconnected terminal at (241.488, 572.364) (242.352, 572.436)
Net VDD, Pin Pin: u_mem/G_SRAM_BANK[2].u_sram/VDD; Direction: INOUT; Use: POWER;: has an unconnected terminal at (368.264, 536.048) (488.880, 536.240)
Net VDD, Pin Pin: u_mem/G_SRAM_BANK[3].u_sram/VDD; Direction: INOUT; Use: POWER;: has an unconnected terminal at (246.848, 519.040) (367.464, 519.232)
Net VDD, Pin Pin: u_mem/G_SRAM_BANK[4].u_sram/VDD; Direction: INOUT; Use: POWER;: has an unconnected terminal at (81.208, 295.204) (201.824, 295.396)
Net VDD, Pin Pin: u_mem/G_SRAM_BANK[5].u_sram/VDD; Direction: INOUT; Use: POWER;: has an unconnected terminal at (82.132, 512.540) (202.748, 512.732)
Net VDD, Pin Pin: u_mem/G_SRAM_BANK[10].u_sram/VDD; Direction: INOUT; Use: POWER;: has an unconnected terminal at (295.688, 68.408) (416.304, 68.600)
Net VDD, Pin Pin: u_mem/G_SRAM_BANK[12].u_sram/VDD; Direction: INOUT; Use: POWER;: has an unconnected terminal at (46.648, 102.048) (167.264, 102.240)
Net VDD, Pin Pin: u_mem/G_SRAM_BANK[13].u_sram/VDD; Direction: INOUT; Use: POWER;: has an unconnected terminal at (174.176, 69.448) (294.792, 69.640)
Net VDD, Pin Pin: u_mem/g9674__2883/VDD; Direction: INPUT; Use: POWER;: has an unconnected terminal at (426.168, 233.244) (427.680, 233.316)
Net VDD, Pin Pin: u_mem/g9761__7410/VDD; Direction: INOUT; Use: POWER;: has an unconnected terminal at (427.032, 224.604) (428.328, 224.676)
Net VDD, Pin Pin: u_mem/g9773__2802/VDD; Direction: INOUT; Use: POWER;: has an unconnected terminal at (423.360, 110.124) (424.656, 110.196)
Net VDD, Pin Pin: u_mem/g9783__6161/VDD; Direction: INOUT; Use: POWER;: has an unconnected terminal at (427.896, 127.404) (429.192, 127.476)
Net VDD, Pin Pin: u_mem/g9796__8428/VDD; Direction: INOUT; Use: POWER;: has an unconnected terminal at (422.280, 218.124) (424.440, 218.196)
Net VDD, Pin Pin: u_mem/g9813__9945/VDD; Direction: INOUT; Use: POWER;: has an unconnected terminal at (422.712, 213.804) (424.008, 213.876)
Net VDD: has special routes with opens at (0.000, 0.000) (1105.200, 970.848)
Net VDD: has special routes with opens at (422.712, 125.244) (429.624, 125.316)
Net VDD: has special routes with opens at (422.712, 129.564) (429.192, 129.636)
Net VDD: has special routes with opens at (417.096, 138.204) (419.256, 138.276)
Net VDD: has special routes with opens at (416.880, 140.364) (420.552, 140.436)
Net VDD: has special routes with opens at (798.552, 233.244) (804.600, 233.316)
Net VDD: has special routes with opens at (483.840, 354.204) (491.616, 354.276)
Net VDD: has special routes with opens at (242.784, 615.564) (246.240, 615.636)
Net VDD: has regular routing with opens at (802.656, 235.404) (803.952, 235.476)
Net VDD: has regular routing with opens at (423.144, 116.604) (427.032, 116.676)
Net VDD: has regular routing with opens at (423.144, 200.844) (429.192, 200.916)
Net VDD: has regular routing with opens at (422.280, 226.764) (424.440, 226.836)
Net VDD: has regular routing with opens at (422.712, 107.964) (429.624, 108.036)
Net VDD: has regular routing with opens at (426.168, 235.404) (429.192, 235.476)
Net VDD: has regular routing with opens at (423.144, 220.284) (427.032, 220.356)
Net VDD: has regular routing with opens at (798.552, 231.084) (802.440, 231.156)
Net VDD: has regular routing with opens at (423.144, 92.844) (427.032, 92.916)
Net VDD: has regular routing with opens at (798.552, 228.924) (802.440, 228.996)
Net VDD: has regular routing with opens at (423.144, 99.324) (427.032, 99.396)
Net VDD: dangling Wire at (952.736, 15.056) (952.736, 15.056) on layer: M7
Net VDD: dangling Wire at (918.176, 15.056) (918.176, 15.056) on layer: M7
Net VDD: dangling Wire at (883.616, 15.056) (883.616, 15.056) on layer: M7
Net VDD: dangling Wire at (849.056, 15.056) (849.056, 15.056) on layer: M7
Net VDD: dangling Wire at (1090.976, 15.056) (1090.976, 15.056) on layer: M7
Net VDD: dangling Wire at (1056.416, 15.056) (1056.416, 15.056) on layer: M7
Net VDD: dangling Wire at (1021.856, 15.056) (1021.856, 15.056) on layer: M7
Net VDD: dangling Wire at (987.296, 15.056) (987.296, 15.056) on layer: M7
Net VDD: dangling Wire at (503.456, 15.056) (503.456, 15.056) on layer: M7
Net VDD: dangling Wire at (538.016, 15.056) (538.016, 15.056) on layer: M7
Net VDD: dangling Wire at (572.576, 15.056) (572.576, 15.056) on layer: M7
Net VDD: dangling Wire at (607.136, 15.056) (607.136, 15.056) on layer: M7
Net VDD: dangling Wire at (641.696, 15.056) (641.696, 15.056) on layer: M7
Net VDD: dangling Wire at (676.256, 15.056) (676.256, 15.056) on layer: M7
Net VDD: dangling Wire at (710.816, 15.056) (710.816, 15.056) on layer: M7
Net VDD: dangling Wire at (745.376, 15.056) (745.376, 15.056) on layer: M7
Net VDD: dangling Wire at (779.936, 15.056) (779.936, 15.056) on layer: M7
Net VDD: dangling Wire at (814.496, 15.056) (814.496, 15.056) on layer: M7
Net VDD: dangling Wire at (952.736, 40.976) (952.736, 40.976) on layer: M7
Net VDD: dangling Wire at (918.176, 40.976) (918.176, 40.976) on layer: M7
Net VDD: dangling Wire at (883.616, 40.976) (883.616, 40.976) on layer: M7
Net VDD: dangling Wire at (849.056, 40.976) (849.056, 40.976) on layer: M7
Net VDD: dangling Wire at (1090.976, 40.976) (1090.976, 40.976) on layer: M7
Net VDD: dangling Wire at (1056.416, 40.976) (1056.416, 40.976) on layer: M7
Net VDD: dangling Wire at (1021.856, 40.976) (1021.856, 40.976) on layer: M7
Net VDD: dangling Wire at (987.296, 40.976) (987.296, 40.976) on layer: M7
Net VDD: dangling Wire at (503.456, 40.976) (503.456, 40.976) on layer: M7
Net VDD: dangling Wire at (538.016, 40.976) (538.016, 40.976) on layer: M7
Net VDD: dangling Wire at (572.576, 40.976) (572.576, 40.976) on layer: M7
Net VDD: dangling Wire at (607.136, 40.976) (607.136, 40.976) on layer: M7
Net VDD: dangling Wire at (641.696, 40.976) (641.696, 40.976) on layer: M7
Net VDD: dangling Wire at (676.256, 40.976) (676.256, 40.976) on layer: M7
Net VDD: dangling Wire at (710.816, 40.976) (710.816, 40.976) on layer: M7
Net VDD: dangling Wire at (745.376, 40.976) (745.376, 40.976) on layer: M7
Net VDD: dangling Wire at (779.936, 40.976) (779.936, 40.976) on layer: M7
Net VDD: dangling Wire at (814.496, 40.976) (814.496, 40.976) on layer: M7
Net VDD: dangling Wire at (952.736, 66.896) (952.736, 66.896) on layer: M7
Net VDD: dangling Wire at (1090.976, 66.896) (1090.976, 66.896) on layer: M7
Net VDD: dangling Wire at (1056.416, 66.896) (1056.416, 66.896) on layer: M7
Net VDD: dangling Wire at (1021.856, 66.896) (1021.856, 66.896) on layer: M7
Net VDD: dangling Wire at (987.296, 66.896) (987.296, 66.896) on layer: M7
Net VDD: dangling Wire at (952.736, 118.736) (952.736, 118.736) on layer: M7
Net VDD: dangling Wire at (1090.976, 118.736) (1090.976, 118.736) on layer: M7
Net VDD: dangling Wire at (1056.416, 118.736) (1056.416, 118.736) on layer: M7
Net VDD: dangling Wire at (1021.856, 118.736) (1021.856, 118.736) on layer: M7
Net VDD: dangling Wire at (987.296, 118.736) (987.296, 118.736) on layer: M7
Net VDD: dangling Wire at (952.736, 144.656) (952.736, 144.656) on layer: M7
Net VDD: dangling Wire at (1090.976, 144.656) (1090.976, 144.656) on layer: M7
Net VDD: dangling Wire at (1056.416, 144.656) (1056.416, 144.656) on layer: M7
Net VDD: dangling Wire at (1021.856, 144.656) (1021.856, 144.656) on layer: M7
Net VDD: dangling Wire at (987.296, 144.656) (987.296, 144.656) on layer: M7
Net VDD: dangling Wire at (952.736, 170.576) (952.736, 170.576) on layer: M7
Net VDD: dangling Wire at (1090.976, 170.576) (1090.976, 170.576) on layer: M7
Net VDD: dangling Wire at (1056.416, 170.576) (1056.416, 170.576) on layer: M7
Net VDD: dangling Wire at (1021.856, 170.576) (1021.856, 170.576) on layer: M7
Net VDD: dangling Wire at (987.296, 170.576) (987.296, 170.576) on layer: M7
Net VDD: dangling Wire at (952.736, 222.416) (952.736, 222.416) on layer: M7
Net VDD: dangling Wire at (1090.976, 222.416) (1090.976, 222.416) on layer: M7
Net VDD: dangling Wire at (1056.416, 222.416) (1056.416, 222.416) on layer: M7
Net VDD: dangling Wire at (1021.856, 222.416) (1021.856, 222.416) on layer: M7
Net VDD: dangling Wire at (987.296, 222.416) (987.296, 222.416) on layer: M7
Net VDD: dangling Wire at (952.736, 248.336) (952.736, 248.336) on layer: M7
Net VDD: dangling Wire at (918.176, 248.336) (918.176, 248.336) on layer: M7
Net VDD: dangling Wire at (883.616, 248.336) (883.616, 248.336) on layer: M7
Net VDD: dangling Wire at (849.056, 248.336) (849.056, 248.336) on layer: M7
Net VDD: dangling Wire at (1090.976, 248.336) (1090.976, 248.336) on layer: M7
Net VDD: dangling Wire at (1056.416, 248.336) (1056.416, 248.336) on layer: M7
Net VDD: dangling Wire at (1021.856, 248.336) (1021.856, 248.336) on layer: M7
Net VDD: dangling Wire at (987.296, 248.336) (987.296, 248.336) on layer: M7
Net VDD: dangling Wire at (503.456, 248.336) (503.456, 248.336) on layer: M7
Net VDD: dangling Wire at (538.016, 248.336) (538.016, 248.336) on layer: M7
Net VDD: dangling Wire at (572.576, 248.336) (572.576, 248.336) on layer: M7
Net VDD: dangling Wire at (607.136, 248.336) (607.136, 248.336) on layer: M7
Net VDD: dangling Wire at (641.696, 248.336) (641.696, 248.336) on layer: M7
Net VDD: dangling Wire at (676.256, 248.336) (676.256, 248.336) on layer: M7
Net VDD: dangling Wire at (710.816, 248.336) (710.816, 248.336) on layer: M7
Net VDD: dangling Wire at (745.376, 248.336) (745.376, 248.336) on layer: M7
Net VDD: dangling Wire at (779.936, 248.336) (779.936, 248.336) on layer: M7
Net VDD: dangling Wire at (814.496, 248.336) (814.496, 248.336) on layer: M7
Net VDD: dangling Wire at (952.736, 274.256) (952.736, 274.256) on layer: M7
Net VDD: dangling Wire at (918.176, 274.256) (918.176, 274.256) on layer: M7
Net VDD: dangling Wire at (883.616, 274.256) (883.616, 274.256) on layer: M7
Net VDD: dangling Wire at (849.056, 274.256) (849.056, 274.256) on layer: M7
Net VDD: dangling Wire at (1090.976, 274.256) (1090.976, 274.256) on layer: M7
Net VDD: dangling Wire at (1056.416, 274.256) (1056.416, 274.256) on layer: M7
Net VDD: dangling Wire at (1021.856, 274.256) (1021.856, 274.256) on layer: M7
Net VDD: dangling Wire at (987.296, 274.256) (987.296, 274.256) on layer: M7
Net VDD: dangling Wire at (503.456, 274.256) (503.456, 274.256) on layer: M7
Net VDD: dangling Wire at (538.016, 274.256) (538.016, 274.256) on layer: M7
Net VDD: dangling Wire at (572.576, 274.256) (572.576, 274.256) on layer: M7
Net VDD: dangling Wire at (607.136, 274.256) (607.136, 274.256) on layer: M7
Net VDD: dangling Wire at (641.696, 274.256) (641.696, 274.256) on layer: M7
Net VDD: dangling Wire at (676.256, 274.256) (676.256, 274.256) on layer: M7
Net VDD: dangling Wire at (710.816, 274.256) (710.816, 274.256) on layer: M7
Net VDD: dangling Wire at (745.376, 274.256) (745.376, 274.256) on layer: M7
Net VDD: dangling Wire at (779.936, 274.256) (779.936, 274.256) on layer: M7
Net VDD: dangling Wire at (814.496, 274.256) (814.496, 274.256) on layer: M7
Net VDD: dangling Wire at (952.736, 326.096) (952.736, 326.096) on layer: M7
Net VDD: dangling Wire at (918.176, 326.096) (918.176, 326.096) on layer: M7
Net VDD: dangling Wire at (883.616, 326.096) (883.616, 326.096) on layer: M7
Net VDD: dangling Wire at (1090.976, 326.096) (1090.976, 326.096) on layer: M7
Net VDD: dangling Wire at (1056.416, 326.096) (1056.416, 326.096) on layer: M7
Net VDD: dangling Wire at (1021.856, 326.096) (1021.856, 326.096) on layer: M7
Net VDD: dangling Wire at (987.296, 326.096) (987.296, 326.096) on layer: M7
Net VDD: dangling Wire at (745.376, 326.096) (745.376, 326.096) on layer: M7
Net VDD: dangling Wire at (952.736, 352.016) (952.736, 352.016) on layer: M7
Net VDD: dangling Wire at (918.176, 352.016) (918.176, 352.016) on layer: M7
Net VDD: dangling Wire at (883.616, 352.016) (883.616, 352.016) on layer: M7
Net VDD: dangling Wire at (1090.976, 352.016) (1090.976, 352.016) on layer: M7
Net VDD: dangling Wire at (1056.416, 352.016) (1056.416, 352.016) on layer: M7
Net VDD: dangling Wire at (1021.856, 352.016) (1021.856, 352.016) on layer: M7
Net VDD: dangling Wire at (987.296, 352.016) (987.296, 352.016) on layer: M7
Net VDD: dangling Wire at (745.376, 352.016) (745.376, 352.016) on layer: M7
Net VDD: dangling Wire at (952.736, 377.936) (952.736, 377.936) on layer: M7
Net VDD: dangling Wire at (918.176, 377.936) (918.176, 377.936) on layer: M7
Net VDD: dangling Wire at (883.616, 377.936) (883.616, 377.936) on layer: M7
Net VDD: dangling Wire at (1090.976, 377.936) (1090.976, 377.936) on layer: M7
Net VDD: dangling Wire at (1056.416, 377.936) (1056.416, 377.936) on layer: M7
Net VDD: dangling Wire at (1021.856, 377.936) (1021.856, 377.936) on layer: M7
Net VDD: dangling Wire at (987.296, 377.936) (987.296, 377.936) on layer: M7
Net VDD: dangling Wire at (745.376, 377.936) (745.376, 377.936) on layer: M7
Net VDD: dangling Wire at (952.736, 429.776) (952.736, 429.776) on layer: M7
Net VDD: dangling Wire at (918.176, 429.776) (918.176, 429.776) on layer: M7
Net VDD: dangling Wire at (883.616, 429.776) (883.616, 429.776) on layer: M7
Net VDD: dangling Wire at (1090.976, 429.776) (1090.976, 429.776) on layer: M7
Net VDD: dangling Wire at (1056.416, 429.776) (1056.416, 429.776) on layer: M7
Net VDD: dangling Wire at (1021.856, 429.776) (1021.856, 429.776) on layer: M7
Net VDD: dangling Wire at (987.296, 429.776) (987.296, 429.776) on layer: M7
Net VDD: dangling Wire at (745.376, 429.776) (745.376, 429.776) on layer: M7
Net VDD: dangling Wire at (952.736, 455.696) (952.736, 455.696) on layer: M7
Net VDD: dangling Wire at (918.176, 455.696) (918.176, 455.696) on layer: M7
Net VDD: dangling Wire at (883.616, 455.696) (883.616, 455.696) on layer: M7
Net VDD: dangling Wire at (1090.976, 455.696) (1090.976, 455.696) on layer: M7
Net VDD: dangling Wire at (1056.416, 455.696) (1056.416, 455.696) on layer: M7
Net VDD: dangling Wire at (1021.856, 455.696) (1021.856, 455.696) on layer: M7
Net VDD: dangling Wire at (987.296, 455.696) (987.296, 455.696) on layer: M7
Net VDD: dangling Wire at (745.376, 455.696) (745.376, 455.696) on layer: M7
Net VDD: dangling Wire at (952.736, 481.616) (952.736, 481.616) on layer: M7
Net VDD: dangling Wire at (918.176, 481.616) (918.176, 481.616) on layer: M7
Net VDD: dangling Wire at (883.616, 481.616) (883.616, 481.616) on layer: M7
Net VDD: dangling Wire at (849.056, 481.616) (849.056, 481.616) on layer: M7
Net VDD: dangling Wire at (1090.976, 481.616) (1090.976, 481.616) on layer: M7
Net VDD: dangling Wire at (1056.416, 481.616) (1056.416, 481.616) on layer: M7
Net VDD: dangling Wire at (1021.856, 481.616) (1021.856, 481.616) on layer: M7
Net VDD: dangling Wire at (987.296, 481.616) (987.296, 481.616) on layer: M7
Net VDD: dangling Wire at (503.456, 481.616) (503.456, 481.616) on layer: M7
Net VDD: dangling Wire at (538.016, 481.616) (538.016, 481.616) on layer: M7
Net VDD: dangling Wire at (572.576, 481.616) (572.576, 481.616) on layer: M7
Net VDD: dangling Wire at (607.136, 481.616) (607.136, 481.616) on layer: M7
Net VDD: dangling Wire at (641.696, 481.616) (641.696, 481.616) on layer: M7
Net VDD: dangling Wire at (676.256, 481.616) (676.256, 481.616) on layer: M7
Net VDD: dangling Wire at (710.816, 481.616) (710.816, 481.616) on layer: M7
Net VDD: dangling Wire at (745.376, 481.616) (745.376, 481.616) on layer: M7
Net VDD: dangling Wire at (779.936, 481.616) (779.936, 481.616) on layer: M7
Net VDD: dangling Wire at (814.496, 481.616) (814.496, 481.616) on layer: M7
Net VDD: dangling Wire at (952.736, 533.456) (952.736, 533.456) on layer: M7
Net VDD: dangling Wire at (918.176, 533.456) (918.176, 533.456) on layer: M7
Net VDD: dangling Wire at (883.616, 533.456) (883.616, 533.456) on layer: M7
Net VDD: dangling Wire at (849.056, 533.456) (849.056, 533.456) on layer: M7
Net VDD: dangling Wire at (1090.976, 533.456) (1090.976, 533.456) on layer: M7
Net VDD: dangling Wire at (1056.416, 533.456) (1056.416, 533.456) on layer: M7
Net VDD: dangling Wire at (1021.856, 533.456) (1021.856, 533.456) on layer: M7
Net VDD: dangling Wire at (987.296, 533.456) (987.296, 533.456) on layer: M7
Net VDD: dangling Wire at (503.456, 533.456) (503.456, 533.456) on layer: M7
Net VDD: dangling Wire at (538.016, 533.456) (538.016, 533.456) on layer: M7
Net VDD: dangling Wire at (572.576, 533.456) (572.576, 533.456) on layer: M7
Net VDD: dangling Wire at (607.136, 533.456) (607.136, 533.456) on layer: M7
Net VDD: dangling Wire at (641.696, 533.456) (641.696, 533.456) on layer: M7
Net VDD: dangling Wire at (676.256, 533.456) (676.256, 533.456) on layer: M7
Net VDD: dangling Wire at (710.816, 533.456) (710.816, 533.456) on layer: M7
Net VDD: dangling Wire at (745.376, 533.456) (745.376, 533.456) on layer: M7
Net VDD: dangling Wire at (779.936, 533.456) (779.936, 533.456) on layer: M7
Net VDD: dangling Wire at (814.496, 533.456) (814.496, 533.456) on layer: M7
Net VDD: dangling Wire at (952.736, 559.376) (952.736, 559.376) on layer: M7
Net VDD: dangling Wire at (918.176, 559.376) (918.176, 559.376) on layer: M7
Net VDD: dangling Wire at (883.616, 559.376) (883.616, 559.376) on layer: M7
Net VDD: dangling Wire at (1090.976, 559.376) (1090.976, 559.376) on layer: M7
Net VDD: dangling Wire at (1056.416, 559.376) (1056.416, 559.376) on layer: M7
Net VDD: dangling Wire at (1021.856, 559.376) (1021.856, 559.376) on layer: M7
Net VDD: dangling Wire at (987.296, 559.376) (987.296, 559.376) on layer: M7
Net VDD: dangling Wire at (503.456, 559.376) (503.456, 559.376) on layer: M7
Net VDD: dangling Wire at (538.016, 559.376) (538.016, 559.376) on layer: M7
Net VDD: dangling Wire at (572.576, 559.376) (572.576, 559.376) on layer: M7
Net VDD: dangling Wire at (607.136, 559.376) (607.136, 559.376) on layer: M7
Net VDD: dangling Wire at (952.736, 585.296) (952.736, 585.296) on layer: M7
Net VDD: dangling Wire at (918.176, 585.296) (918.176, 585.296) on layer: M7
Net VDD: dangling Wire at (883.616, 585.296) (883.616, 585.296) on layer: M7
Net VDD: dangling Wire at (1090.976, 585.296) (1090.976, 585.296) on layer: M7
Net VDD: dangling Wire at (1056.416, 585.296) (1056.416, 585.296) on layer: M7
Net VDD: dangling Wire at (1021.856, 585.296) (1021.856, 585.296) on layer: M7
Net VDD: dangling Wire at (987.296, 585.296) (987.296, 585.296) on layer: M7
Net VDD: dangling Wire at (503.456, 585.296) (503.456, 585.296) on layer: M7
Net VDD: dangling Wire at (538.016, 585.296) (538.016, 585.296) on layer: M7
Net VDD: dangling Wire at (572.576, 585.296) (572.576, 585.296) on layer: M7
Net VDD: dangling Wire at (607.136, 585.296) (607.136, 585.296) on layer: M7
Net VDD: dangling Wire at (952.736, 637.136) (952.736, 637.136) on layer: M7
Net VDD: dangling Wire at (918.176, 637.136) (918.176, 637.136) on layer: M7
Net VDD: dangling Wire at (883.616, 637.136) (883.616, 637.136) on layer: M7
Net VDD: dangling Wire at (1090.976, 637.136) (1090.976, 637.136) on layer: M7
Net VDD: dangling Wire at (1056.416, 637.136) (1056.416, 637.136) on layer: M7
Net VDD: dangling Wire at (1021.856, 637.136) (1021.856, 637.136) on layer: M7
Net VDD: dangling Wire at (987.296, 637.136) (987.296, 637.136) on layer: M7
Net VDD: dangling Wire at (503.456, 637.136) (503.456, 637.136) on layer: M7
Net VDD: dangling Wire at (538.016, 637.136) (538.016, 637.136) on layer: M7
Net VDD: dangling Wire at (572.576, 637.136) (572.576, 637.136) on layer: M7
Net VDD: dangling Wire at (607.136, 637.136) (607.136, 637.136) on layer: M7
Net VDD: dangling Wire at (952.736, 663.056) (952.736, 663.056) on layer: M7
Net VDD: dangling Wire at (918.176, 663.056) (918.176, 663.056) on layer: M7
Net VDD: dangling Wire at (883.616, 663.056) (883.616, 663.056) on layer: M7
Net VDD: dangling Wire at (1090.976, 663.056) (1090.976, 663.056) on layer: M7
Net VDD: dangling Wire at (1056.416, 663.056) (1056.416, 663.056) on layer: M7
Net VDD: dangling Wire at (1021.856, 663.056) (1021.856, 663.056) on layer: M7
Net VDD: dangling Wire at (987.296, 663.056) (987.296, 663.056) on layer: M7
Net VDD: dangling Wire at (503.456, 663.056) (503.456, 663.056) on layer: M7
Net VDD: dangling Wire at (538.016, 663.056) (538.016, 663.056) on layer: M7
Net VDD: dangling Wire at (572.576, 663.056) (572.576, 663.056) on layer: M7
Net VDD: dangling Wire at (607.136, 663.056) (607.136, 663.056) on layer: M7
Net VDD: dangling Wire at (952.736, 688.976) (952.736, 688.976) on layer: M7
Net VDD: dangling Wire at (918.176, 688.976) (918.176, 688.976) on layer: M7
Net VDD: dangling Wire at (883.616, 688.976) (883.616, 688.976) on layer: M7
Net VDD: dangling Wire at (1090.976, 688.976) (1090.976, 688.976) on layer: M7
Net VDD: dangling Wire at (1056.416, 688.976) (1056.416, 688.976) on layer: M7
Net VDD: dangling Wire at (1021.856, 688.976) (1021.856, 688.976) on layer: M7
Net VDD: dangling Wire at (987.296, 688.976) (987.296, 688.976) on layer: M7
Net VDD: dangling Wire at (503.456, 688.976) (503.456, 688.976) on layer: M7
Net VDD: dangling Wire at (538.016, 688.976) (538.016, 688.976) on layer: M7
Net VDD: dangling Wire at (572.576, 688.976) (572.576, 688.976) on layer: M7
Net VDD: dangling Wire at (607.136, 688.976) (607.136, 688.976) on layer: M7
Net VDD: dangling Wire at (468.896, 740.816) (468.896, 740.816) on layer: M7
Net VDD: dangling Wire at (434.336, 740.816) (434.336, 740.816) on layer: M7
Net VDD: dangling Wire at (399.776, 740.816) (399.776, 740.816) on layer: M7
Net VDD: dangling Wire at (192.416, 740.816) (192.416, 740.816) on layer: M7
Net VDD: dangling Wire at (157.856, 740.816) (157.856, 740.816) on layer: M7
Net VDD: dangling Wire at (123.324, 740.560) (123.324, 740.560) on layer: M7
Net VDD: dangling Wire at (88.736, 740.816) (88.736, 740.816) on layer: M7
Net VDD: dangling Wire at (54.176, 740.816) (54.176, 740.816) on layer: M7
Net VDD: dangling Wire at (19.616, 740.816) (19.616, 740.816) on layer: M7
Net VDD: dangling Wire at (365.216, 740.816) (365.216, 740.816) on layer: M7
Net VDD: dangling Wire at (330.656, 740.816) (330.656, 740.816) on layer: M7
Net VDD: dangling Wire at (296.096, 740.816) (296.096, 740.816) on layer: M7
Net VDD: dangling Wire at (261.536, 740.816) (261.536, 740.816) on layer: M7
Net VDD: dangling Wire at (226.976, 740.816) (226.976, 740.816) on layer: M7
Net VDD: dangling Wire at (952.736, 740.816) (952.736, 740.816) on layer: M7
Net VDD: dangling Wire at (918.176, 740.816) (918.176, 740.816) on layer: M7
Net VDD: dangling Wire at (883.616, 740.816) (883.616, 740.816) on layer: M7
Net VDD: dangling Wire at (849.056, 740.816) (849.056, 740.816) on layer: M7
Net VDD: dangling Wire at (1090.976, 740.816) (1090.976, 740.816) on layer: M7
Net VDD: dangling Wire at (1056.416, 740.816) (1056.416, 740.816) on layer: M7
Net VDD: dangling Wire at (1021.856, 740.816) (1021.856, 740.816) on layer: M7
Net VDD: dangling Wire at (987.296, 740.816) (987.296, 740.816) on layer: M7
Net VDD: dangling Wire at (503.456, 740.816) (503.456, 740.816) on layer: M7
Net VDD: dangling Wire at (538.016, 740.816) (538.016, 740.816) on layer: M7
Net VDD: dangling Wire at (572.576, 740.816) (572.576, 740.816) on layer: M7
Net VDD: dangling Wire at (607.136, 740.816) (607.136, 740.816) on layer: M7
Net VDD: dangling Wire at (641.696, 740.816) (641.696, 740.816) on layer: M7
Net VDD: dangling Wire at (676.256, 740.816) (676.256, 740.816) on layer: M7
Net VDD: dangling Wire at (710.816, 740.816) (710.816, 740.816) on layer: M7
Net VDD: dangling Wire at (745.376, 740.816) (745.376, 740.816) on layer: M7
Net VDD: dangling Wire at (779.936, 740.816) (779.936, 740.816) on layer: M7
Net VDD: dangling Wire at (814.496, 740.816) (814.496, 740.816) on layer: M7
Net VDD: dangling Wire at (468.896, 766.736) (468.896, 766.736) on layer: M7
Net VDD: dangling Wire at (434.336, 766.736) (434.336, 766.736) on layer: M7
Net VDD: dangling Wire at (399.776, 766.736) (399.776, 766.736) on layer: M7
Net VDD: dangling Wire at (192.416, 766.736) (192.416, 766.736) on layer: M7
Net VDD: dangling Wire at (157.856, 766.736) (157.856, 766.736) on layer: M7
Net VDD: dangling Wire at (123.324, 766.480) (123.324, 766.480) on layer: M7
Net VDD: dangling Wire at (88.736, 766.736) (88.736, 766.736) on layer: M7
Net VDD: dangling Wire at (54.176, 766.736) (54.176, 766.736) on layer: M7
Net VDD: dangling Wire at (19.616, 766.736) (19.616, 766.736) on layer: M7
Net VDD: dangling Wire at (365.216, 766.736) (365.216, 766.736) on layer: M7
Net VDD: dangling Wire at (330.656, 766.736) (330.656, 766.736) on layer: M7
Net VDD: dangling Wire at (296.096, 766.736) (296.096, 766.736) on layer: M7
Net VDD: dangling Wire at (261.536, 766.736) (261.536, 766.736) on layer: M7
Net VDD: dangling Wire at (226.976, 766.736) (226.976, 766.736) on layer: M7
Net VDD: dangling Wire at (952.736, 766.736) (952.736, 766.736) on layer: M7
Net VDD: dangling Wire at (918.176, 766.736) (918.176, 766.736) on layer: M7
Net VDD: dangling Wire at (883.616, 766.736) (883.616, 766.736) on layer: M7
Net VDD: dangling Wire at (849.056, 766.736) (849.056, 766.736) on layer: M7
Net VDD: dangling Wire at (1090.976, 766.736) (1090.976, 766.736) on layer: M7
Net VDD: dangling Wire at (1056.416, 766.736) (1056.416, 766.736) on layer: M7
Net VDD: dangling Wire at (1021.856, 766.736) (1021.856, 766.736) on layer: M7
Net VDD: dangling Wire at (987.296, 766.736) (987.296, 766.736) on layer: M7
Net VDD: dangling Wire at (503.456, 766.736) (503.456, 766.736) on layer: M7
Net VDD: dangling Wire at (538.016, 766.736) (538.016, 766.736) on layer: M7
Net VDD: dangling Wire at (572.576, 766.736) (572.576, 766.736) on layer: M7
Net VDD: dangling Wire at (607.136, 766.736) (607.136, 766.736) on layer: M7
Net VDD: dangling Wire at (641.696, 766.736) (641.696, 766.736) on layer: M7
Net VDD: dangling Wire at (676.256, 766.736) (676.256, 766.736) on layer: M7
Net VDD: dangling Wire at (710.816, 766.736) (710.816, 766.736) on layer: M7
Net VDD: dangling Wire at (745.376, 766.736) (745.376, 766.736) on layer: M7
Net VDD: dangling Wire at (779.936, 766.736) (779.936, 766.736) on layer: M7
Net VDD: dangling Wire at (814.496, 766.736) (814.496, 766.736) on layer: M7
Net VDD: dangling Wire at (468.896, 792.656) (468.896, 792.656) on layer: M7
Net VDD: dangling Wire at (434.336, 792.656) (434.336, 792.656) on layer: M7
Net VDD: dangling Wire at (399.776, 792.656) (399.776, 792.656) on layer: M7
Net VDD: dangling Wire at (192.416, 792.656) (192.416, 792.656) on layer: M7
Net VDD: dangling Wire at (157.856, 792.656) (157.856, 792.656) on layer: M7
Net VDD: dangling Wire at (123.324, 792.400) (123.324, 792.400) on layer: M7
Net VDD: dangling Wire at (88.736, 792.656) (88.736, 792.656) on layer: M7
Net VDD: dangling Wire at (54.176, 792.656) (54.176, 792.656) on layer: M7
Net VDD: dangling Wire at (19.616, 792.656) (19.616, 792.656) on layer: M7
Net VDD: dangling Wire at (365.216, 792.656) (365.216, 792.656) on layer: M7
Net VDD: dangling Wire at (330.656, 792.656) (330.656, 792.656) on layer: M7
Net VDD: dangling Wire at (296.096, 792.656) (296.096, 792.656) on layer: M7
Net VDD: dangling Wire at (261.536, 792.656) (261.536, 792.656) on layer: M7
Net VDD: dangling Wire at (226.976, 792.656) (226.976, 792.656) on layer: M7
Net VDD: dangling Wire at (952.736, 792.656) (952.736, 792.656) on layer: M7
Net VDD: dangling Wire at (918.176, 792.656) (918.176, 792.656) on layer: M7
Net VDD: dangling Wire at (883.616, 792.656) (883.616, 792.656) on layer: M7
Net VDD: dangling Wire at (849.056, 792.656) (849.056, 792.656) on layer: M7
Net VDD: dangling Wire at (1090.976, 792.656) (1090.976, 792.656) on layer: M7
Net VDD: dangling Wire at (1056.416, 792.656) (1056.416, 792.656) on layer: M7
Net VDD: dangling Wire at (1021.856, 792.656) (1021.856, 792.656) on layer: M7
Net VDD: dangling Wire at (987.296, 792.656) (987.296, 792.656) on layer: M7
Net VDD: dangling Wire at (503.456, 792.656) (503.456, 792.656) on layer: M7
Net VDD: dangling Wire at (538.016, 792.656) (538.016, 792.656) on layer: M7
Net VDD: dangling Wire at (572.576, 792.656) (572.576, 792.656) on layer: M7
Net VDD: dangling Wire at (607.136, 792.656) (607.136, 792.656) on layer: M7
Net VDD: dangling Wire at (641.696, 792.656) (641.696, 792.656) on layer: M7
Net VDD: dangling Wire at (676.256, 792.656) (676.256, 792.656) on layer: M7
Net VDD: dangling Wire at (710.816, 792.656) (710.816, 792.656) on layer: M7
Net VDD: dangling Wire at (745.376, 792.656) (745.376, 792.656) on layer: M7
Net VDD: dangling Wire at (779.936, 792.656) (779.936, 792.656) on layer: M7
Net VDD: dangling Wire at (814.496, 792.656) (814.496, 792.656) on layer: M7
Net VDD: dangling Wire at (468.896, 844.496) (468.896, 844.496) on layer: M7
Net VDD: dangling Wire at (434.336, 844.496) (434.336, 844.496) on layer: M7
Net VDD: dangling Wire at (399.776, 844.496) (399.776, 844.496) on layer: M7
Net VDD: dangling Wire at (192.416, 844.496) (192.416, 844.496) on layer: M7
Net VDD: dangling Wire at (157.856, 844.496) (157.856, 844.496) on layer: M7
Net VDD: dangling Wire at (123.324, 844.240) (123.324, 844.240) on layer: M7
Net VDD: dangling Wire at (88.736, 844.496) (88.736, 844.496) on layer: M7
Net VDD: dangling Wire at (54.176, 844.496) (54.176, 844.496) on layer: M7
Net VDD: dangling Wire at (19.616, 844.496) (19.616, 844.496) on layer: M7
Net VDD: dangling Wire at (365.216, 844.496) (365.216, 844.496) on layer: M7
Net VDD: dangling Wire at (330.656, 844.496) (330.656, 844.496) on layer: M7
Net VDD: dangling Wire at (296.096, 844.496) (296.096, 844.496) on layer: M7
Net VDD: dangling Wire at (261.536, 844.496) (261.536, 844.496) on layer: M7
Net VDD: dangling Wire at (226.976, 844.496) (226.976, 844.496) on layer: M7
Net VDD: dangling Wire at (952.736, 844.496) (952.736, 844.496) on layer: M7
Net VDD: dangling Wire at (918.176, 844.496) (918.176, 844.496) on layer: M7
Net VDD: dangling Wire at (883.616, 844.496) (883.616, 844.496) on layer: M7
Net VDD: dangling Wire at (849.056, 844.496) (849.056, 844.496) on layer: M7
Net VDD: dangling Wire at (1090.976, 844.496) (1090.976, 844.496) on layer: M7
Net VDD: dangling Wire at (1056.416, 844.496) (1056.416, 844.496) on layer: M7
Net VDD: dangling Wire at (1021.856, 844.496) (1021.856, 844.496) on layer: M7
Net VDD: dangling Wire at (987.296, 844.496) (987.296, 844.496) on layer: M7
Net VDD: dangling Wire at (503.456, 844.496) (503.456, 844.496) on layer: M7
Net VDD: dangling Wire at (538.016, 844.496) (538.016, 844.496) on layer: M7
Net VDD: dangling Wire at (572.576, 844.496) (572.576, 844.496) on layer: M7
Net VDD: dangling Wire at (607.136, 844.496) (607.136, 844.496) on layer: M7
Net VDD: dangling Wire at (641.696, 844.496) (641.696, 844.496) on layer: M7
Net VDD: dangling Wire at (676.256, 844.496) (676.256, 844.496) on layer: M7
Net VDD: dangling Wire at (710.816, 844.496) (710.816, 844.496) on layer: M7
Net VDD: dangling Wire at (745.376, 844.496) (745.376, 844.496) on layer: M7
Net VDD: dangling Wire at (779.936, 844.496) (779.936, 844.496) on layer: M7
Net VDD: dangling Wire at (814.496, 844.496) (814.496, 844.496) on layer: M7
Net VDD: dangling Wire at (468.896, 870.416) (468.896, 870.416) on layer: M7
Net VDD: dangling Wire at (434.336, 870.416) (434.336, 870.416) on layer: M7
Net VDD: dangling Wire at (399.776, 870.416) (399.776, 870.416) on layer: M7
Net VDD: dangling Wire at (192.416, 870.416) (192.416, 870.416) on layer: M7
Net VDD: dangling Wire at (157.856, 870.416) (157.856, 870.416) on layer: M7
Net VDD: dangling Wire at (123.324, 870.160) (123.324, 870.160) on layer: M7
Net VDD: dangling Wire at (88.736, 870.416) (88.736, 870.416) on layer: M7
Net VDD: dangling Wire at (54.176, 870.416) (54.176, 870.416) on layer: M7
Net VDD: dangling Wire at (19.616, 870.416) (19.616, 870.416) on layer: M7
Net VDD: dangling Wire at (365.216, 870.416) (365.216, 870.416) on layer: M7
Net VDD: dangling Wire at (330.656, 870.416) (330.656, 870.416) on layer: M7
Net VDD: dangling Wire at (296.096, 870.416) (296.096, 870.416) on layer: M7
Net VDD: dangling Wire at (261.536, 870.416) (261.536, 870.416) on layer: M7
Net VDD: dangling Wire at (226.976, 870.416) (226.976, 870.416) on layer: M7
Net VDD: dangling Wire at (952.736, 870.416) (952.736, 870.416) on layer: M7
Net VDD: dangling Wire at (918.176, 870.416) (918.176, 870.416) on layer: M7
Net VDD: dangling Wire at (883.616, 870.416) (883.616, 870.416) on layer: M7
Net VDD: dangling Wire at (849.056, 870.416) (849.056, 870.416) on layer: M7
Net VDD: dangling Wire at (1090.976, 870.416) (1090.976, 870.416) on layer: M7
Net VDD: dangling Wire at (1056.416, 870.416) (1056.416, 870.416) on layer: M7
Net VDD: dangling Wire at (1021.856, 870.416) (1021.856, 870.416) on layer: M7
Net VDD: dangling Wire at (987.296, 870.416) (987.296, 870.416) on layer: M7
Net VDD: dangling Wire at (503.456, 870.416) (503.456, 870.416) on layer: M7
Net VDD: dangling Wire at (538.016, 870.416) (538.016, 870.416) on layer: M7
Net VDD: dangling Wire at (572.576, 870.416) (572.576, 870.416) on layer: M7
Net VDD: dangling Wire at (607.136, 870.416) (607.136, 870.416) on layer: M7
Net VDD: dangling Wire at (641.696, 870.416) (641.696, 870.416) on layer: M7
Net VDD: dangling Wire at (676.256, 870.416) (676.256, 870.416) on layer: M7
Net VDD: dangling Wire at (710.816, 870.416) (710.816, 870.416) on layer: M7
Net VDD: dangling Wire at (745.376, 870.416) (745.376, 870.416) on layer: M7
Net VDD: dangling Wire at (779.936, 870.416) (779.936, 870.416) on layer: M7
Net VDD: dangling Wire at (814.496, 870.416) (814.496, 870.416) on layer: M7
Net VDD: dangling Wire at (468.896, 896.336) (468.896, 896.336) on layer: M7
Net VDD: dangling Wire at (434.336, 896.336) (434.336, 896.336) on layer: M7
Net VDD: dangling Wire at (399.776, 896.336) (399.776, 896.336) on layer: M7
Net VDD: dangling Wire at (192.416, 896.336) (192.416, 896.336) on layer: M7
Net VDD: dangling Wire at (157.856, 896.336) (157.856, 896.336) on layer: M7
Net VDD: dangling Wire at (123.324, 896.080) (123.324, 896.080) on layer: M7
Net VDD: dangling Wire at (88.736, 896.336) (88.736, 896.336) on layer: M7
Net VDD: dangling Wire at (54.176, 896.336) (54.176, 896.336) on layer: M7
Net VDD: dangling Wire at (19.616, 896.336) (19.616, 896.336) on layer: M7
Net VDD: dangling Wire at (365.216, 896.336) (365.216, 896.336) on layer: M7
Net VDD: dangling Wire at (330.656, 896.336) (330.656, 896.336) on layer: M7
Net VDD: dangling Wire at (296.096, 896.336) (296.096, 896.336) on layer: M7
Net VDD: dangling Wire at (261.536, 896.336) (261.536, 896.336) on layer: M7
Net VDD: dangling Wire at (226.976, 896.336) (226.976, 896.336) on layer: M7
Net VDD: dangling Wire at (952.736, 896.336) (952.736, 896.336) on layer: M7
Net VDD: dangling Wire at (918.176, 896.336) (918.176, 896.336) on layer: M7
Net VDD: dangling Wire at (883.616, 896.336) (883.616, 896.336) on layer: M7
Net VDD: dangling Wire at (849.056, 896.336) (849.056, 896.336) on layer: M7
Net VDD: dangling Wire at (1090.976, 896.336) (1090.976, 896.336) on layer: M7
Net VDD: dangling Wire at (1056.416, 896.336) (1056.416, 896.336) on layer: M7
Net VDD: dangling Wire at (1021.856, 896.336) (1021.856, 896.336) on layer: M7
Net VDD: dangling Wire at (987.296, 896.336) (987.296, 896.336) on layer: M7
Net VDD: dangling Wire at (503.456, 896.336) (503.456, 896.336) on layer: M7
Net VDD: dangling Wire at (538.016, 896.336) (538.016, 896.336) on layer: M7
Net VDD: dangling Wire at (572.576, 896.336) (572.576, 896.336) on layer: M7
Net VDD: dangling Wire at (607.136, 896.336) (607.136, 896.336) on layer: M7
Net VDD: dangling Wire at (641.696, 896.336) (641.696, 896.336) on layer: M7
Net VDD: dangling Wire at (676.256, 896.336) (676.256, 896.336) on layer: M7
Net VDD: dangling Wire at (710.816, 896.336) (710.816, 896.336) on layer: M7
Net VDD: dangling Wire at (745.376, 896.336) (745.376, 896.336) on layer: M7
Net VDD: dangling Wire at (779.936, 896.336) (779.936, 896.336) on layer: M7
Net VDD: dangling Wire at (814.496, 896.336) (814.496, 896.336) on layer: M7
Net VDD: dangling Wire at (468.896, 948.176) (468.896, 948.176) on layer: M7
Net VDD: dangling Wire at (434.336, 948.176) (434.336, 948.176) on layer: M7
Net VDD: dangling Wire at (399.776, 948.176) (399.776, 948.176) on layer: M7
Net VDD: dangling Wire at (192.416, 948.176) (192.416, 948.176) on layer: M7
Net VDD: dangling Wire at (157.856, 948.176) (157.856, 948.176) on layer: M7
Net VDD: dangling Wire at (123.324, 947.920) (123.324, 947.920) on layer: M7
Net VDD: dangling Wire at (88.736, 948.176) (88.736, 948.176) on layer: M7
Net VDD: dangling Wire at (54.176, 948.176) (54.176, 948.176) on layer: M7
Net VDD: dangling Wire at (19.616, 948.176) (19.616, 948.176) on layer: M7
Net VDD: dangling Wire at (365.216, 948.176) (365.216, 948.176) on layer: M7
Net VDD: dangling Wire at (330.656, 948.176) (330.656, 948.176) on layer: M7
Net VDD: dangling Wire at (296.096, 948.176) (296.096, 948.176) on layer: M7
Net VDD: dangling Wire at (261.536, 948.176) (261.536, 948.176) on layer: M7
Net VDD: dangling Wire at (226.976, 948.176) (226.976, 948.176) on layer: M7
Net VDD: dangling Wire at (952.736, 948.176) (952.736, 948.176) on layer: M7
Net VDD: dangling Wire at (918.176, 948.176) (918.176, 948.176) on layer: M7
Net VDD: dangling Wire at (883.616, 948.176) (883.616, 948.176) on layer: M7
Net VDD: dangling Wire at (849.056, 948.176) (849.056, 948.176) on layer: M7
Net VDD: dangling Wire at (1090.976, 948.176) (1090.976, 948.176) on layer: M7
Net VDD: dangling Wire at (1056.416, 948.176) (1056.416, 948.176) on layer: M7
Net VDD: dangling Wire at (1021.856, 948.176) (1021.856, 948.176) on layer: M7
Net VDD: dangling Wire at (987.296, 948.176) (987.296, 948.176) on layer: M7
Net VDD: dangling Wire at (503.456, 948.176) (503.456, 948.176) on layer: M7
Net VDD: dangling Wire at (538.016, 948.176) (538.016, 948.176) on layer: M7
Net VDD: dangling Wire at (572.576, 948.176) (572.576, 948.176) on layer: M7
Net VDD: dangling Wire at (607.136, 948.176) (607.136, 948.176) on layer: M7
Net VDD: dangling Wire at (641.696, 948.176) (641.696, 948.176) on layer: M7
Net VDD: dangling Wire at (676.256, 948.176) (676.256, 948.176) on layer: M7
Net VDD: dangling Wire at (710.816, 948.176) (710.816, 948.176) on layer: M7
Net VDD: dangling Wire at (745.376, 948.176) (745.376, 948.176) on layer: M7
Net VDD: dangling Wire at (779.936, 948.176) (779.936, 948.176) on layer: M7
Net VDD: dangling Wire at (814.496, 948.176) (814.496, 948.176) on layer: M7

Begin Summary
    78 Problem(s) (IMPVFC-96): Terminal(s) are not connected.
    14 Problem(s) (IMPVFC-200): Special Wires: Pieces of the net are not connected together.
    20 Problem(s) (IMPVFC-92): Pieces of the net are not connected together.
    452 Problem(s) (IMPVFC-94): The net has dangling wire(s).
    564 total info(s) created.
End Summary
