###############################################################
#  Generated by:      Cadence Innovus 23.14-s088_1
#  OS:                Linux x86_64(Host ID user1-EliteMini)
#  Generated on:      Mon Aug 10 02:02:44 2026
#  Design:            axi_ram
#  Command:           verifyConnectivity -type special -net {VDD VSS} -noUnroutedNet -report ./verify_rpt/pg_connectivity_after_filler.rpt
###############################################################
Verify Connectivity Report is created on Mon Aug 10 02:02:44 2026




Multi-CPU acceleration using 12 CPU


Use pthread

Net VSS: has special routes with opens at (0.264, 0.112) (1104.864, 969.600)
Net VSS: has regular routing with opens at (2.160, 865.044) (1102.896, 865.116)
Net VSS: has regular routing with opens at (2.160, 862.884) (1102.896, 862.956)
Net VSS: has regular routing with opens at (2.160, 860.724) (1102.896, 860.796)
Net VSS: has regular routing with opens at (2.160, 757.044) (1102.896, 757.116)
Net VSS: has regular routing with opens at (2.160, 858.564) (1102.896, 858.636)
Net VSS: has regular routing with opens at (2.160, 754.884) (1102.896, 754.956)
Net VSS: has regular routing with opens at (2.160, 856.404) (1102.896, 856.476)
Net VSS: has regular routing with opens at (2.160, 752.724) (1102.896, 752.796)
Net VSS: has regular routing with opens at (2.160, 854.244) (1102.896, 854.316)
Net VSS: has regular routing with opens at (2.160, 750.564) (1102.896, 750.636)
Net VSS: has regular routing with opens at (2.160, 852.084) (1102.896, 852.156)
Net VSS: has regular routing with opens at (2.160, 748.404) (1102.896, 748.476)
Net VSS: has regular routing with opens at (2.160, 849.924) (1102.896, 849.996)
Net VSS: has regular routing with opens at (2.160, 746.244) (1102.896, 746.316)
Net VSS: has regular routing with opens at (2.160, 847.764) (1102.896, 847.836)
Net VSS: has regular routing with opens at (2.160, 744.084) (1102.896, 744.156)
Net VSS: has regular routing with opens at (2.160, 741.924) (1102.896, 741.996)
Net VSS: has regular routing with opens at (2.160, 845.604) (1102.896, 845.676)
Net VSS: has regular routing with opens at (2.160, 739.764) (1102.896, 739.836)
Net VSS: has regular routing with opens at (2.160, 843.444) (1102.896, 843.516)
Net VSS: has regular routing with opens at (2.160, 737.604) (1102.896, 737.676)
Net VSS: has regular routing with opens at (2.160, 841.284) (1102.896, 841.356)
Net VSS: has regular routing with opens at (2.160, 839.124) (1102.896, 839.196)
Net VSS: has regular routing with opens at (502.848, 649.044) (1102.896, 649.116)
Net VSS: has regular routing with opens at (2.160, 836.964) (1102.896, 837.036)
Net VSS: has regular routing with opens at (502.848, 106.884) (1102.896, 106.956)
Net VSS: has regular routing with opens at (502.848, 646.884) (1102.896, 646.956)
Net VSS: has regular routing with opens at (502.848, 104.724) (1102.896, 104.796)
Net VSS: has regular routing with opens at (502.848, 644.724) (1102.896, 644.796)
Net VSS: has regular routing with opens at (2.160, 834.804) (1102.896, 834.876)
Net VSS: has regular routing with opens at (502.848, 642.564) (1102.896, 642.636)
Net VSS: has regular routing with opens at (502.848, 100.404) (1102.896, 100.476)
Net VSS: has regular routing with opens at (502.848, 98.244) (1102.896, 98.316)
Net VSS: has regular routing with opens at (502.848, 640.404) (1102.896, 640.476)
Net VSS: has regular routing with opens at (502.848, 96.084) (1102.896, 96.156)
Net VSS: has regular routing with opens at (2.160, 832.644) (1102.896, 832.716)
Net VSS: has regular routing with opens at (502.848, 638.244) (1102.896, 638.316)
Net VSS: has regular routing with opens at (502.848, 636.084) (1102.896, 636.156)
Net VSS: has regular routing with opens at (502.848, 633.924) (1102.896, 633.996)
Net VSS: has regular routing with opens at (2.160, 830.484) (1102.896, 830.556)
Net VSS: has regular routing with opens at (502.848, 89.604) (1102.896, 89.676)
Net VSS: has regular routing with opens at (502.848, 87.444) (1102.896, 87.516)
Net VSS: has regular routing with opens at (502.848, 85.284) (1102.896, 85.356)
Net VSS: has regular routing with opens at (2.160, 828.324) (1102.896, 828.396)
Net VSS: has regular routing with opens at (502.848, 83.124) (1102.896, 83.196)
Net VSS: has regular routing with opens at (502.848, 627.444) (1102.896, 627.516)
Net VSS: has regular routing with opens at (2.160, 936.324) (1102.896, 936.396)
Net VSS: has regular routing with opens at (2.160, 826.164) (1102.896, 826.236)
Net VSS: has regular routing with opens at (502.848, 78.804) (1102.896, 78.876)
Net VSS: has regular routing with opens at (2.160, 824.004) (1102.896, 824.076)
Net VSS: has regular routing with opens at (2.160, 934.164) (1102.896, 934.236)
Net VSS: has regular routing with opens at (502.848, 76.644) (1102.896, 76.716)
Net VSS: has regular routing with opens at (502.848, 292.644) (1102.896, 292.716)
Net VSS: has regular routing with opens at (502.848, 74.484) (1102.896, 74.556)
Net VSS: has regular routing with opens at (2.160, 932.004) (1102.896, 932.076)
Net VSS: has regular routing with opens at (502.848, 616.644) (1102.896, 616.716)
Net VSS: has regular routing with opens at (2.160, 821.844) (1102.896, 821.916)
Net VSS: has regular routing with opens at (502.848, 614.484) (1102.896, 614.556)
Net VSS: has regular routing with opens at (2.160, 929.844) (1102.896, 929.916)
Net VSS: has regular routing with opens at (502.848, 70.164) (1102.896, 70.236)
Net VSS: has regular routing with opens at (502.848, 612.324) (1102.896, 612.396)
Net VSS: has regular routing with opens at (2.160, 819.684) (1102.896, 819.756)
Net VSS: has regular routing with opens at (502.848, 610.164) (1102.896, 610.236)
Net VSS: has regular routing with opens at (2.160, 927.684) (1102.896, 927.756)
Net VSS: has regular routing with opens at (502.848, 68.004) (1102.896, 68.076)
Net VSS: has regular routing with opens at (2.160, 817.524) (1102.896, 817.596)
Net VSS: has regular routing with opens at (502.848, 65.844) (1102.896, 65.916)
Net VSS: has regular routing with opens at (2.160, 925.524) (1102.896, 925.596)
Net VSS: has regular routing with opens at (2.160, 815.364) (1102.896, 815.436)
Net VSS: has regular routing with opens at (2.160, 813.204) (1102.896, 813.276)
Net VSS: has regular routing with opens at (2.160, 921.204) (1102.896, 921.276)
Net VSS: has regular routing with opens at (502.848, 705.204) (1102.896, 705.276)
Net VSS: has regular routing with opens at (502.848, 57.204) (1102.896, 57.276)
Net VSS: has regular routing with opens at (2.160, 919.044) (1102.896, 919.116)
Net VSS: has regular routing with opens at (2.160, 916.884) (1102.896, 916.956)
Net VSS: has regular routing with opens at (2.160, 811.044) (1102.896, 811.116)
Net VSS: has regular routing with opens at (2.160, 914.724) (1102.896, 914.796)
Net VSS: has regular routing with opens at (2.160, 808.884) (1102.896, 808.956)
Net VSS: has regular routing with opens at (2.160, 806.724) (1102.896, 806.796)
Net VSS: has regular routing with opens at (2.160, 910.404) (1102.896, 910.476)
Net VSS: has regular routing with opens at (2.160, 804.564) (1102.896, 804.636)
Net VSS: has regular routing with opens at (2.160, 908.244) (1102.896, 908.316)
Net VSS: has regular routing with opens at (2.160, 802.404) (1102.896, 802.476)
Net VSS: has regular routing with opens at (2.160, 800.244) (1102.896, 800.316)
Net VSS: has regular routing with opens at (2.160, 906.084) (1102.896, 906.156)
Net VSS: has regular routing with opens at (2.160, 903.924) (1102.896, 903.996)
Net VSS: has regular routing with opens at (2.160, 795.924) (1102.896, 795.996)
Net VSS: has regular routing with opens at (2.160, 901.764) (1102.896, 901.836)
Net VSS: has regular routing with opens at (2.160, 793.764) (1102.896, 793.836)
Net VSS: has regular routing with opens at (2.160, 899.604) (1102.896, 899.676)
Net VSS: has regular routing with opens at (2.160, 791.604) (1102.896, 791.676)
Net VSS: has regular routing with opens at (2.160, 897.444) (1102.896, 897.516)
Net VSS: has regular routing with opens at (502.848, 55.044) (1102.896, 55.116)
Net VSS: has regular routing with opens at (2.160, 789.444) (1102.896, 789.516)
Net VSS: has regular routing with opens at (2.160, 895.284) (1102.896, 895.356)
Net VSS: has regular routing with opens at (502.848, 52.884) (1102.896, 52.956)
Net VSS: has regular routing with opens at (2.160, 787.284) (1102.896, 787.356)
Net VSS: has regular routing with opens at (502.848, 703.044) (1102.896, 703.116)
Net VSS: has regular routing with opens at (2.160, 893.124) (1102.896, 893.196)
Net VSS: has regular routing with opens at (502.848, 700.884) (1102.896, 700.956)
Net VSS: has regular routing with opens at (2.160, 785.124) (1102.896, 785.196)
Net VSS: has regular routing with opens at (2.160, 890.964) (1102.896, 891.036)
Net VSS: has regular routing with opens at (502.848, 156.564) (1102.896, 156.636)
Net VSS: has regular routing with opens at (502.848, 696.564) (1102.896, 696.636)
Net VSS: has regular routing with opens at (2.160, 782.964) (1102.896, 783.036)
Net VSS: has regular routing with opens at (502.848, 154.404) (1102.896, 154.476)
Net VSS: has regular routing with opens at (2.160, 888.804) (1102.896, 888.876)
Net VSS: has regular routing with opens at (2.160, 780.804) (1102.896, 780.876)
Net VSS: has regular routing with opens at (502.848, 150.084) (1102.896, 150.156)
Net VSS: has regular routing with opens at (2.160, 886.644) (1102.896, 886.716)
Net VSS: has regular routing with opens at (502.848, 690.084) (1102.896, 690.156)
Net VSS: has regular routing with opens at (2.160, 778.644) (1102.896, 778.716)
Net VSS: has regular routing with opens at (502.848, 687.924) (1102.896, 687.996)
Net VSS: has regular routing with opens at (502.848, 363.924) (1102.896, 363.996)
Net VSS: has regular routing with opens at (502.848, 145.764) (1102.896, 145.836)
Net VSS: has regular routing with opens at (2.160, 776.484) (1102.896, 776.556)
Net VSS: has regular routing with opens at (2.160, 884.484) (1102.896, 884.556)
Net VSS: has regular routing with opens at (502.848, 361.764) (1102.896, 361.836)
Net VSS: has regular routing with opens at (502.848, 35.604) (1102.896, 35.676)
Net VSS: has regular routing with opens at (502.848, 33.444) (1102.896, 33.516)
Net VSS: has regular routing with opens at (502.848, 141.444) (1102.896, 141.516)
Net VSS: has regular routing with opens at (2.160, 774.324) (1102.896, 774.396)
Net VSS: has regular routing with opens at (502.848, 681.444) (1102.896, 681.516)
Net VSS: has regular routing with opens at (2.160, 882.324) (1102.896, 882.396)
Net VSS: has regular routing with opens at (502.848, 137.124) (1102.896, 137.196)
Net VSS: has regular routing with opens at (2.160, 772.164) (1102.896, 772.236)
Net VSS: has regular routing with opens at (2.160, 880.164) (1102.896, 880.236)
Net VSS: has regular routing with opens at (502.848, 677.124) (1102.896, 677.196)
Net VSS: has regular routing with opens at (502.848, 26.964) (1102.896, 27.036)
Net VSS: has regular routing with opens at (502.848, 674.964) (1102.896, 675.036)
Net VSS: has regular routing with opens at (2.160, 878.004) (1102.896, 878.076)
Net VSS: has regular routing with opens at (2.160, 770.004) (1102.896, 770.076)
Net VSS: has regular routing with opens at (502.848, 672.804) (1102.896, 672.876)
Net VSS: has regular routing with opens at (502.848, 22.644) (1102.896, 22.716)
Net VSS: has regular routing with opens at (502.848, 670.644) (1102.896, 670.716)
Net VSS: has regular routing with opens at (2.160, 875.844) (1102.896, 875.916)
Net VSS: has regular routing with opens at (502.848, 128.484) (1102.896, 128.556)
Net VSS: has regular routing with opens at (2.160, 767.844) (1102.896, 767.916)
Net VSS: has regular routing with opens at (502.848, 668.484) (1102.896, 668.556)
Net VSS: has regular routing with opens at (502.848, 18.324) (1102.896, 18.396)
Net VSS: has regular routing with opens at (502.848, 126.324) (1102.896, 126.396)
Net VSS: has regular routing with opens at (502.848, 666.324) (1102.896, 666.396)
Net VSS: has regular routing with opens at (2.160, 873.684) (1102.896, 873.756)
Net VSS: has regular routing with opens at (502.848, 124.164) (1102.896, 124.236)
Net VSS: has regular routing with opens at (502.848, 664.164) (1102.896, 664.236)
Net VSS: has regular routing with opens at (2.160, 871.524) (1102.896, 871.596)
Net VSS: has regular routing with opens at (502.848, 662.004) (1102.896, 662.076)
Net VSS: has regular routing with opens at (502.848, 659.844) (1102.896, 659.916)
Net VSS: has regular routing with opens at (2.160, 869.364) (1102.896, 869.436)
Net VSS: has regular routing with opens at (2.160, 761.364) (1102.896, 761.436)
Net VSS: has regular routing with opens at (502.848, 115.524) (1102.896, 115.596)
Net VSS: has regular routing with opens at (502.848, 657.684) (1102.896, 657.756)
Net VSS: has regular routing with opens at (502.848, 7.524) (1102.896, 7.596)
Net VSS: has regular routing with opens at (502.848, 655.524) (1102.896, 655.596)
Net VSS: has regular routing with opens at (2.160, 867.204) (1102.896, 867.276)
Net VSS: has regular routing with opens at (502.848, 653.364) (1102.896, 653.436)
Net VSS: has regular routing with opens at (2.160, 759.204) (1102.896, 759.276)
Net VSS: has regular routing with opens at (502.848, 111.204) (1102.896, 111.276)
Net VSS: has regular routing with opens at (502.848, 651.204) (1102.896, 651.276)

Begin Summary
    1 Problem(s) (IMPVFC-200): Special Wires: Pieces of the net are not connected together.
    159 Problem(s) (IMPVFC-92): Pieces of the net are not connected together.
    160 total info(s) created.
End Summary
