###############################################################
#  Generated by:      Cadence Innovus 23.14-s088_1
#  OS:                Linux x86_64(Host ID user1-EliteMini)
#  Generated on:      Fri Aug 14 18:23:16 2026
#  Design:            axi_ram
#  Command:           verifyConnectivity -type special -net {VDD VSS} -allPGPinPort -noUnroutedNet -report ./verify_rpt/pg_connectivity_after_postcts.rpt
###############################################################
Verify Connectivity Report is created on Fri Aug 14 18:23:16 2026




Multi-CPU acceleration using 12 CPU


Use pthread

Net VSS, Pin Pin: FE_PHC1586_n_320/VSS; Direction: INPUT; Use: GROUND;: has an unconnected terminal at (521.640, 119.844) (522.504, 119.916)
Net VSS, Pin Pin: FE_PHC1581_n_452/VSS; Direction: INPUT; Use: GROUND;: has an unconnected terminal at (248.184, 728.964) (249.048, 729.036)
Net VSS, Pin Pin: FE_PHC1555_w_error_reg/VSS; Direction: INPUT; Use: GROUND;: has an unconnected terminal at (519.696, 651.204) (521.208, 651.276)
Net VSS, Pin Pin: FE_PHC1547_n_574/VSS; Direction: INPUT; Use: GROUND;: has an unconnected terminal at (175.824, 724.644) (176.688, 724.716)
Net VSS, Pin Pin: FE_PHC1532_n_308/VSS; Direction: INPUT; Use: GROUND;: has an unconnected terminal at (525.960, 139.284) (526.824, 139.356)
Net VSS, Pin Pin: FE_PHC1521_n_336/VSS; Direction: INPUT; Use: GROUND;: has an unconnected terminal at (519.696, 122.004) (520.560, 122.076)
Net VSS, Pin Pin: FE_PHC1493_n_407/VSS; Direction: INPUT; Use: GROUND;: has an unconnected terminal at (395.064, 735.444) (396.360, 735.516)
Net VSS, Pin Pin: FE_OFC1430_s_axi_awburst_1/VSS; Direction: INPUT; Use: GROUND;: has an unconnected terminal at (503.064, 424.404) (503.928, 424.476)
Net VSS, Pin Pin: FE_OFC1427_s_axi_wready/VSS; Direction: INPUT; Use: GROUND;: has an unconnected terminal at (503.064, 3.204) (504.144, 3.276)
Net VSS, Pin Pin: FE_OFC1425_s_axi_rvalid/VSS; Direction: INPUT; Use: GROUND;: has an unconnected terminal at (622.080, 29.124) (622.728, 29.196)
Net VSS, Pin Pin: FE_OFC1424_s_axi_rvalid/VSS; Direction: INPUT; Use: GROUND;: has an unconnected terminal at (621.864, 346.644) (622.512, 346.716)
Net VSS, Pin Pin: FE_OFC1421_s_axi_wlast/VSS; Direction: INPUT; Use: GROUND;: has an unconnected terminal at (513.216, 72.324) (513.864, 72.396)
Net VSS, Pin Pin: FE_OFC1397_n/VSS; Direction: INPUT; Use: GROUND;: has an unconnected terminal at (520.128, 104.724) (520.992, 104.796)
Net VSS, Pin Pin: FE_OFC1395_n/VSS; Direction: INPUT; Use: GROUND;: has an unconnected terminal at (519.048, 165.204) (519.696, 165.276)
Net VSS, Pin Pin: FE_OFC1393_n/VSS; Direction: INPUT; Use: GROUND;: has an unconnected terminal at (516.024, 562.644) (516.672, 562.716)
Net VSS, Pin Pin: FE_OFC1364_n_24/VSS; Direction: INPUT; Use: GROUND;: has an unconnected terminal at (523.584, 342.324) (524.232, 342.396)
Net VSS, Pin Pin: FE_OFC1337_mem_rdata_11/VSS; Direction: INPUT; Use: GROUND;: has an unconnected terminal at (514.944, 242.964) (515.808, 243.036)
Net VSS, Pin Pin: FE_OFC1333_mem_rdata_20/VSS; Direction: INPUT; Use: GROUND;: has an unconnected terminal at (516.024, 223.524) (516.888, 223.596)
Net VSS, Pin Pin: FE_OFC1247_s_axi_rlast/VSS; Direction: INPUT; Use: GROUND;: has an unconnected terminal at (618.192, 273.204) (619.056, 273.276)
Net VSS, Pin Pin: CTS_ccl_a_buf_00005/VSS; Direction: INPUT; Use: GROUND;: has an unconnected terminal at (504.576, 623.124) (508.464, 623.196)
Net VSS, Pin Pin: CTS_ccl_a_buf_00004/VSS; Direction: INPUT; Use: GROUND;: has an unconnected terminal at (502.848, 454.644) (504.360, 454.716)
Net VSS, Pin Pin: CTS_ccl_a_buf_00003/VSS; Direction: INPUT; Use: GROUND;: has an unconnected terminal at (506.520, 368.244) (508.032, 368.316)
Net VSS, Pin Pin: CTS_ccl_buf_00018/VSS; Direction: INPUT; Use: GROUND;: has an unconnected terminal at (506.088, 610.164) (509.976, 610.236)
Net VSS, Pin Pin: CTS_ccl_buf_00023/VSS; Direction: INPUT; Use: GROUND;: has an unconnected terminal at (507.600, 700.884) (511.488, 700.956)
Net VSS, Pin Pin: FE_OFC1009_rst_n/VSS; Direction: INPUT; Use: GROUND;: has an unconnected terminal at (508.896, 718.164) (509.976, 718.236)
Net VSS, Pin Pin: FE_OFC1005_n/VSS; Direction: INPUT; Use: GROUND;: has an unconnected terminal at (515.160, 353.124) (516.024, 353.196)
Net VSS, Pin Pin: FE_OFC1000_n_619/VSS; Direction: INPUT; Use: GROUND;: has an unconnected terminal at (520.776, 178.164) (521.424, 178.236)
Net VSS, Pin Pin: FE_OFC998_n_619/VSS; Direction: INPUT; Use: GROUND;: has an unconnected terminal at (519.480, 640.404) (520.128, 640.476)
Net VSS, Pin Pin: FE_OFC987_n_38/VSS; Direction: INPUT; Use: GROUND;: has an unconnected terminal at (518.616, 497.844) (519.264, 497.916)
Net VSS, Pin Pin: FE_OFC390_n_39/VSS; Direction: INPUT; Use: GROUND;: has an unconnected terminal at (267.624, 728.964) (268.272, 729.036)
Net VSS, Pin Pin: FE_OFC62_n_115/VSS; Direction: INPUT; Use: GROUND;: has an unconnected terminal at (521.208, 350.964) (522.072, 351.036)
Net VSS, Pin Pin: u_mem/FE_OFC1432_mem_wdata_10/VSS; Direction: INPUT; Use: GROUND;: has an unconnected terminal at (503.064, 484.884) (504.144, 484.956)
Net VSS, Pin Pin: u_mem/FE_OFC1426_read_bank_q_2/VSS; Direction: INPUT; Use: GROUND;: has an unconnected terminal at (511.056, 620.964) (512.136, 621.036)
Net VSS, Pin Pin: u_mem/FE_OFC1412_n_616/VSS; Direction: INPUT; Use: GROUND;: has an unconnected terminal at (506.088, 633.924) (506.736, 633.996)
Net VSS, Pin Pin: u_mem/FE_OFC1378_n_72/VSS; Direction: INPUT; Use: GROUND;: has an unconnected terminal at (510.408, 569.124) (511.056, 569.196)
Net VSS, Pin Pin: u_mem/FE_OFC1354_n_60/VSS; Direction: INPUT; Use: GROUND;: has an unconnected terminal at (513.432, 532.404) (514.296, 532.476)
Net VSS, Pin Pin: u_mem/FE_OFC1320_mem_wdata_5/VSS; Direction: INPUT; Use: GROUND;: has an unconnected terminal at (506.304, 255.924) (506.952, 255.996)
Net VSS, Pin Pin: u_mem/FE_OFC1314_mem_wdata_3/VSS; Direction: INPUT; Use: GROUND;: has an unconnected terminal at (513.864, 379.044) (514.728, 379.116)
Net VSS, Pin Pin: u_mem/FE_OFC1295_mem_wdata_15/VSS; Direction: INPUT; Use: GROUND;: has an unconnected terminal at (510.840, 208.404) (511.488, 208.476)
Net VSS, Pin Pin: u_mem/FE_OFC1281_n/VSS; Direction: INPUT; Use: GROUND;: has an unconnected terminal at (503.064, 389.844) (503.712, 389.916)
Net VSS, Pin Pin: u_mem/FE_OFC1229_n_62/VSS; Direction: INPUT; Use: GROUND;: has an unconnected terminal at (508.896, 590.724) (509.976, 590.796)
Net VSS, Pin Pin: u_mem/FE_OFC1225_n_69/VSS; Direction: INPUT; Use: GROUND;: has an unconnected terminal at (511.056, 68.004) (511.920, 68.076)
Net VSS, Pin Pin: u_mem/FE_OFC1223_n_69/VSS; Direction: INPUT; Use: GROUND;: has an unconnected terminal at (513.648, 407.124) (514.296, 407.196)
Net VSS, Pin Pin: u_mem/FE_OFC1180_mem_addr_5/VSS; Direction: INPUT; Use: GROUND;: has an unconnected terminal at (503.064, 631.764) (503.928, 631.836)
Net VSS, Pin Pin: u_mem/FE_OFC1179_mem_addr_5/VSS; Direction: INPUT; Use: GROUND;: has an unconnected terminal at (503.064, 707.364) (503.928, 707.436)
Net VSS, Pin Pin: u_mem/FE_OFC1099_mem_wdata_10/VSS; Direction: INPUT; Use: GROUND;: has an unconnected terminal at (511.488, 368.244) (512.136, 368.316)
Net VSS, Pin Pin: u_mem/FE_RC_9_0/VSS; Direction: INPUT; Use: GROUND;: has an unconnected terminal at (503.064, 489.204) (504.144, 489.276)
Net VSS, Pin Pin: u_mem/FE_OFC1078_mem_wdata_13/VSS; Direction: INPUT; Use: GROUND;: has an unconnected terminal at (509.112, 681.444) (509.976, 681.516)
Net VSS, Pin Pin: u_mem/FE_OFC1048_mem_wdata_11/VSS; Direction: INPUT; Use: GROUND;: has an unconnected terminal at (515.160, 374.724) (516.024, 374.796)
Net VSS, Pin Pin: u_mem/CTS_ccl_a_buf_00011/VSS; Direction: INPUT; Use: GROUND;: has an unconnected terminal at (502.848, 446.004) (504.360, 446.076)
Net VSS, Pin Pin: u_mem/CTS_ccl_buf_00014/VSS; Direction: INPUT; Use: GROUND;: has an unconnected terminal at (71.280, 713.844) (77.760, 713.916)
Net VSS, Pin Pin: u_mem/FE_OFC1026_read_bank_q_3/VSS; Direction: INPUT; Use: GROUND;: has an unconnected terminal at (507.384, 631.764) (508.032, 631.836)
Net VSS, Pin Pin: u_mem/FE_OFC1025_read_bank_q_1/VSS; Direction: INPUT; Use: GROUND;: has an unconnected terminal at (511.704, 461.124) (512.568, 461.196)
Net VSS, Pin Pin: u_mem/FE_OFC1024_read_bank_q_1/VSS; Direction: INPUT; Use: GROUND;: has an unconnected terminal at (510.192, 469.764) (510.840, 469.836)
Net VSS, Pin Pin: u_mem/FE_OFC999_n_619/VSS; Direction: INPUT; Use: GROUND;: has an unconnected terminal at (509.976, 633.924) (510.840, 633.996)
Net VSS, Pin Pin: u_mem/FE_OFC978_FE_RN_0_0/VSS; Direction: INPUT; Use: GROUND;: has an unconnected terminal at (512.136, 564.804) (512.784, 564.876)
Net VSS, Pin Pin: u_mem/FE_OFC974_n_60/VSS; Direction: INPUT; Use: GROUND;: has an unconnected terminal at (514.080, 530.244) (514.944, 530.316)
Net VSS, Pin Pin: u_mem/FE_OFC833_FE_GLN653_mem_wdata_21/VSS; Direction: INPUT; Use: GROUND;: has an unconnected terminal at (514.944, 55.044) (515.592, 55.116)
Net VSS, Pin Pin: u_mem/FE_OFC788_mem_wdata_11/VSS; Direction: INPUT; Use: GROUND;: has an unconnected terminal at (513.000, 348.804) (514.080, 348.876)
Net VSS, Pin Pin: u_mem/FE_OFC556_mem_wdata_8/VSS; Direction: INPUT; Use: GROUND;: has an unconnected terminal at (503.064, 141.444) (503.928, 141.516)
Net VSS, Pin Pin: u_mem/FE_GLC518_mem_wdata_24/VSS; Direction: INPUT; Use: GROUND;: has an unconnected terminal at (507.816, 89.604) (508.896, 89.676)
Net VSS, Pin Pin: u_mem/FE_RC_0_0/VSS; Direction: INPUT; Use: GROUND;: has an unconnected terminal at (514.512, 532.404) (515.808, 532.476)
Net VSS, Pin Pin: u_mem/FE_OFC139_mem_addr_2/VSS; Direction: INPUT; Use: GROUND;: has an unconnected terminal at (503.064, 290.484) (504.144, 290.556)
Net VSS, Pin Pin: u_mem/g9629__5526/VSS; Direction: INPUT; Use: GROUND;: has an unconnected terminal at (509.760, 255.924) (511.272, 255.996)
Net VSS, Pin Pin: u_mem/g9660__1617/VSS; Direction: INPUT; Use: GROUND;: has an unconnected terminal at (508.896, 532.404) (510.408, 532.476)
Net VSS, Pin Pin: u_mem/g9673__9945/VSS; Direction: INPUT; Use: GROUND;: has an unconnected terminal at (510.408, 566.964) (511.920, 567.036)
Net VSS, Pin Pin: u_mem/g9682__6260/VSS; Direction: INPUT; Use: GROUND;: has an unconnected terminal at (511.920, 538.884) (513.432, 538.956)
Net VSS, Pin Pin: u_mem/g9697__7482/VSS; Direction: INOUT; Use: GROUND;: has an unconnected terminal at (509.328, 584.244) (510.624, 584.316)
Net VSS, Pin Pin: u_mem/g9762__6417/VSS; Direction: INOUT; Use: GROUND;: has an unconnected terminal at (509.328, 558.324) (510.624, 558.396)
Net VSS, Pin Pin: u_mem/g9764__2398/VSS; Direction: INOUT; Use: GROUND;: has an unconnected terminal at (509.328, 545.364) (510.624, 545.436)
Net VSS, Pin Pin: u_mem/g9775__5122/VSS; Direction: INOUT; Use: GROUND;: has an unconnected terminal at (509.328, 538.884) (510.624, 538.956)
Net VSS, Pin Pin: u_mem/g9797__5526/VSS; Direction: INOUT; Use: GROUND;: has an unconnected terminal at (508.896, 601.524) (510.192, 601.596)
Net VSS, Pin Pin: u_mem/g9804__8246/VSS; Direction: INOUT; Use: GROUND;: has an unconnected terminal at (509.328, 411.444) (510.624, 411.516)
Net VSS, Pin Pin: u_mem/g9813__9945/VSS; Direction: INOUT; Use: GROUND;: has an unconnected terminal at (509.328, 389.844) (510.624, 389.916)
Net VSS, Pin Pin: u_mem/g9814__2883/VSS; Direction: INOUT; Use: GROUND;: has an unconnected terminal at (511.920, 426.564) (513.216, 426.636)
Net VSS, Pin Pin: u_mem/g9819__5477/VSS; Direction: INOUT; Use: GROUND;: has an unconnected terminal at (509.328, 422.244) (510.624, 422.316)
Net VSS, Pin Pin: u_mem/g9850__6260/VSS; Direction: INOUT; Use: GROUND;: has an unconnected terminal at (510.840, 63.684) (512.136, 63.756)
Net VSS, Pin Pin: u_mem/g9854__6783/VSS; Direction: INOUT; Use: GROUND;: has an unconnected terminal at (509.328, 20.484) (510.624, 20.556)
Net VSS, Pin Pin: u_mem/g9861__7098/VSS; Direction: INOUT; Use: GROUND;: has an unconnected terminal at (510.624, 65.844) (511.920, 65.916)
Net VSS, Pin Pin: u_mem/g9883__3680/VSS; Direction: INOUT; Use: GROUND;: has an unconnected terminal at (510.624, 487.044) (511.920, 487.116)
Net VSS, Pin Pin: u_mem/g9892__5115/VSS; Direction: INOUT; Use: GROUND;: has an unconnected terminal at (509.328, 14.004) (510.624, 14.076)
Net VSS, Pin Pin: u_mem/g9898__2883/VSS; Direction: INOUT; Use: GROUND;: has an unconnected terminal at (509.328, 11.844) (510.624, 11.916)
Net VSS, Pin Pin: u_mem/g9932__2398/VSS; Direction: INOUT; Use: GROUND;: has an unconnected terminal at (508.032, 33.444) (509.328, 33.516)
Net VSS, Pin Pin: u_mem/g9934__6260/VSS; Direction: INOUT; Use: GROUND;: has an unconnected terminal at (508.680, 70.164) (509.976, 70.236)
Net VSS, Pin Pin: u_mem/g9942__1705/VSS; Direction: INOUT; Use: GROUND;: has an unconnected terminal at (509.328, 44.244) (510.624, 44.316)
Net VSS, Pin Pin: u_mem/g9944__8246/VSS; Direction: INOUT; Use: GROUND;: has an unconnected terminal at (507.168, 14.004) (508.464, 14.076)
Net VSS, Pin Pin: u_mem/g9985__2883/VSS; Direction: INPUT; Use: GROUND;: has an unconnected terminal at (515.376, 530.244) (516.240, 530.316)
Net VSS, Pin Pin: u_mem/g9994__2398/VSS; Direction: INPUT; Use: GROUND;: has an unconnected terminal at (512.568, 549.684) (513.432, 549.756)
Net VSS, Pin Pin: u_mem/g10002__3680/VSS; Direction: INPUT; Use: GROUND;: has an unconnected terminal at (508.032, 636.084) (508.896, 636.156)
Net VSS, Pin Pin: g8835__5526/VSS; Direction: INOUT; Use: GROUND;: has an unconnected terminal at (516.024, 195.444) (517.968, 195.516)
Net VSS, Pin Pin: g8849__6161/VSS; Direction: INOUT; Use: GROUND;: has an unconnected terminal at (514.728, 180.324) (516.672, 180.396)
Net VSS, Pin Pin: r_count_reg_reg[4]/VSS; Direction: INOUT; Use: GROUND;: has an unconnected terminal at (400.248, 728.964) (404.568, 729.036)
Net VSS, Pin Pin: s_axi_rdata_reg[6]/VSS; Direction: INOUT; Use: GROUND;: has an unconnected terminal at (526.392, 173.844) (530.712, 173.916)
Net VSS, Pin Pin: s_axi_rdata_reg[10]/VSS; Direction: INOUT; Use: GROUND;: has an unconnected terminal at (525.960, 234.324) (530.280, 234.396)
Net VSS, Pin Pin: w_addr_reg_reg[3]/VSS; Direction: INOUT; Use: GROUND;: has an unconnected terminal at (194.400, 722.484) (198.720, 722.556)
Net VSS, Pin Pin: w_addr_reg_reg[5]/VSS; Direction: INOUT; Use: GROUND;: has an unconnected terminal at (169.560, 722.484) (173.880, 722.556)
Net VSS, Pin Pin: w_addr_reg_reg[10]/VSS; Direction: INOUT; Use: GROUND;: has an unconnected terminal at (145.584, 722.484) (149.904, 722.556)
Net VSS, Pin Pin: w_addr_reg_reg[12]/VSS; Direction: INOUT; Use: GROUND;: has an unconnected terminal at (155.520, 722.484) (159.840, 722.556)
Net VSS, Pin Pin: w_addr_reg_reg[13]/VSS; Direction: INOUT; Use: GROUND;: has an unconnected terminal at (160.272, 722.484) (164.592, 722.556)
Net VSS, Pin Pin: w_addr_reg_reg[14]/VSS; Direction: INOUT; Use: GROUND;: has an unconnected terminal at (165.024, 722.484) (169.344, 722.556)
Net VSS, Pin Pin: w_addr_reg_reg[15]/VSS; Direction: INOUT; Use: GROUND;: has an unconnected terminal at (181.008, 722.484) (185.328, 722.556)
Net VSS, Pin Pin: g11092__5477/VSS; Direction: INOUT; Use: GROUND;: has an unconnected terminal at (216.216, 728.964) (217.512, 729.036)
Net VSS, Pin Pin: g11108__5526/VSS; Direction: INOUT; Use: GROUND;: has an unconnected terminal at (219.888, 728.964) (221.184, 729.036)
Net VSS, Pin Pin: g11114__5122/VSS; Direction: INPUT; Use: GROUND;: has an unconnected terminal at (506.304, 672.804) (507.168, 672.876)
Net VSS, Pin Pin: g11235__2883/VSS; Direction: INPUT; Use: GROUND;: has an unconnected terminal at (516.240, 342.324) (517.320, 342.396)
Net VSS, Pin Pin: g11241__2398/VSS; Direction: INPUT; Use: GROUND;: has an unconnected terminal at (522.720, 327.204) (523.800, 327.276)
Net VSS, Pin Pin: g11242__5107/VSS; Direction: INPUT; Use: GROUND;: has an unconnected terminal at (523.152, 331.524) (524.232, 331.596)
Net VSS, Pin Pin: g11256__6783/VSS; Direction: INOUT; Use: GROUND;: has an unconnected terminal at (513.648, 543.204) (514.728, 543.276)
Net VSS, Pin Pin: g11271__9945/VSS; Direction: INOUT; Use: GROUND;: has an unconnected terminal at (526.824, 221.364) (528.120, 221.436)
Net VSS, Pin Pin: g11274__1666/VSS; Direction: INOUT; Use: GROUND;: has an unconnected terminal at (527.040, 191.124) (528.336, 191.196)
Net VSS, Pin Pin: g11302__1881/VSS; Direction: INOUT; Use: GROUND;: has an unconnected terminal at (234.144, 728.964) (235.440, 729.036)
Net VSS, Pin Pin: g11310__2346/VSS; Direction: INOUT; Use: GROUND;: has an unconnected terminal at (256.608, 728.964) (257.904, 729.036)
Net VSS, Pin Pin: g11314__5477/VSS; Direction: INPUT; Use: GROUND;: has an unconnected terminal at (149.472, 720.324) (151.416, 720.396)
Net VSS, Pin Pin: g11353__6161/VSS; Direction: INOUT; Use: GROUND;: has an unconnected terminal at (513.864, 562.644) (514.944, 562.716)
Net VSS, Pin Pin: g11370__1617/VSS; Direction: INPUT; Use: GROUND;: has an unconnected terminal at (524.232, 340.164) (525.096, 340.236)
Net VSS, Pin Pin: g11384__2883/VSS; Direction: INPUT; Use: GROUND;: has an unconnected terminal at (148.176, 720.324) (149.040, 720.396)
Net VSS, Pin Pin: g11386__1666/VSS; Direction: INPUT; Use: GROUND;: has an unconnected terminal at (522.288, 191.124) (523.584, 191.196)
Net VSS, Pin Pin: g11394__8428/VSS; Direction: INPUT; Use: GROUND;: has an unconnected terminal at (520.776, 284.004) (522.072, 284.076)
Net VSS, Pin Pin: g11398__1617/VSS; Direction: INPUT; Use: GROUND;: has an unconnected terminal at (522.072, 258.084) (523.368, 258.156)
Net VSS, Pin Pin: g11400__1705/VSS; Direction: INPUT; Use: GROUND;: has an unconnected terminal at (523.152, 262.404) (524.448, 262.476)
Net VSS, Pin Pin: g11404__6131/VSS; Direction: INPUT; Use: GROUND;: has an unconnected terminal at (522.072, 273.204) (523.368, 273.276)
Net VSS, Pin Pin: g11414__1666/VSS; Direction: INPUT; Use: GROUND;: has an unconnected terminal at (517.752, 342.324) (519.696, 342.396)
Net VSS, Pin Pin: g11618__5107/VSS; Direction: INPUT; Use: GROUND;: has an unconnected terminal at (521.208, 104.724) (522.504, 104.796)
Net VSS, Pin Pin: g11623__6783/VSS; Direction: INPUT; Use: GROUND;: has an unconnected terminal at (514.080, 91.764) (515.376, 91.836)
Net VSS, Pin Pin: g11637__9315/VSS; Direction: INPUT; Use: GROUND;: has an unconnected terminal at (505.224, 709.524) (506.520, 709.596)
Net VSS, Pin Pin: g11638__9945/VSS; Direction: INPUT; Use: GROUND;: has an unconnected terminal at (520.776, 93.924) (522.072, 93.996)
Net VSS, Pin Pin: g11645__2398/VSS; Direction: INPUT; Use: GROUND;: has an unconnected terminal at (508.680, 696.564) (509.976, 696.636)
Net VSS, Pin Pin: g11648__4319/VSS; Direction: INPUT; Use: GROUND;: has an unconnected terminal at (505.224, 718.164) (506.520, 718.236)
Net VSS, Pin Pin: g11652__5526/VSS; Direction: INPUT; Use: GROUND;: has an unconnected terminal at (525.528, 100.404) (526.824, 100.476)
Net VSS, Pin Pin: g11654__3680/VSS; Direction: INPUT; Use: GROUND;: has an unconnected terminal at (512.568, 102.564) (513.864, 102.636)
Net VSS, Pin Pin: g11662__1881/VSS; Direction: INPUT; Use: GROUND;: has an unconnected terminal at (520.560, 96.084) (521.856, 96.156)
Net VSS, Pin Pin: g11666__6161/VSS; Direction: INPUT; Use: GROUND;: has an unconnected terminal at (517.968, 91.764) (519.264, 91.836)
Net VSS, Pin Pin: g11668__9945/VSS; Direction: INPUT; Use: GROUND;: has an unconnected terminal at (520.560, 91.764) (521.856, 91.836)
Net VSS, Pin Pin: g11687__5122/VSS; Direction: INPUT; Use: GROUND;: has an unconnected terminal at (249.480, 728.964) (250.344, 729.036)
Net VSS, Pin Pin: g11689__7098/VSS; Direction: INPUT; Use: GROUND;: has an unconnected terminal at (255.312, 728.964) (256.176, 729.036)
Net VSS, Pin Pin: g11690__6131/VSS; Direction: INPUT; Use: GROUND;: has an unconnected terminal at (261.360, 731.124) (262.224, 731.196)
Net VSS, Pin Pin: g11691__1881/VSS; Direction: INPUT; Use: GROUND;: has an unconnected terminal at (253.584, 728.964) (254.448, 729.036)
Net VSS, Pin Pin: g11692__5115/VSS; Direction: INPUT; Use: GROUND;: has an unconnected terminal at (265.896, 731.124) (266.760, 731.196)
Net VSS, Pin Pin: g11693__7482/VSS; Direction: INPUT; Use: GROUND;: has an unconnected terminal at (251.208, 728.964) (252.072, 729.036)
Net VSS, Pin Pin: g11694__4733/VSS; Direction: INPUT; Use: GROUND;: has an unconnected terminal at (266.976, 731.124) (267.840, 731.196)
Net VSS, Pin Pin: g11695__6161/VSS; Direction: INPUT; Use: GROUND;: has an unconnected terminal at (262.872, 731.124) (263.736, 731.196)
Net VSS, Pin Pin: g11697__9945/VSS; Direction: INPUT; Use: GROUND;: has an unconnected terminal at (206.280, 728.964) (207.144, 729.036)
Net VSS, Pin Pin: g11699__2346/VSS; Direction: INPUT; Use: GROUND;: has an unconnected terminal at (218.592, 728.964) (219.456, 729.036)
Net VSS: has special routes with opens at (0.264, 0.288) (624.624, 769.536)
Net VSS: has regular routing with opens at (519.696, 340.164) (521.640, 340.236)
Net VSS: has regular routing with opens at (227.880, 728.964) (229.824, 729.036)
Net VSS: has regular routing with opens at (223.776, 728.964) (227.016, 729.036)
Net VSS: has regular routing with opens at (523.152, 338.004) (524.232, 338.076)
Net VSS: has regular routing with opens at (151.848, 720.324) (153.144, 720.396)
Net VSS: has regular routing with opens at (520.128, 102.564) (521.856, 102.636)
Net VSS: has regular routing with opens at (258.552, 728.964) (260.712, 729.036)
Net VSS: has regular routing with opens at (213.408, 728.964) (215.136, 729.036)
Net VSS: has regular routing with opens at (230.472, 728.964) (233.712, 729.036)
Net VSS: has regular routing with opens at (236.304, 728.964) (237.816, 729.036)
Net VSS: has regular routing with opens at (514.512, 89.604) (515.808, 89.676)
Net VSS: has regular routing with opens at (523.584, 104.724) (525.744, 104.796)
Net VSS: has regular routing with opens at (527.256, 100.404) (528.552, 100.476)
Net VSS: has regular routing with opens at (514.080, 102.564) (515.376, 102.636)
Net VSS: has regular routing with opens at (513.216, 98.244) (514.944, 98.316)
Net VSS: has regular routing with opens at (520.128, 106.884) (522.072, 106.956)
Net VSS: has regular routing with opens at (526.392, 102.564) (527.688, 102.636)
Net VSS: has regular routing with opens at (508.464, 454.644) (514.296, 454.716)
Net VSS: has regular routing with opens at (521.856, 335.844) (524.016, 335.916)
Net VSS: has regular routing with opens at (508.680, 720.324) (513.000, 720.396)
Net VSS: has regular routing with opens at (520.344, 132.804) (528.984, 132.876)
Net VSS: has regular routing with opens at (513.432, 426.564) (515.808, 426.636)
Net VSS: has regular routing with opens at (525.096, 141.444) (529.416, 141.516)
Net VSS: has regular routing with opens at (520.560, 115.524) (524.880, 115.596)
Net VSS: has regular routing with opens at (520.344, 130.644) (528.984, 130.716)
Net VSS: has regular routing with opens at (520.560, 113.364) (524.880, 113.436)
Net VSS: has regular routing with opens at (519.696, 117.684) (526.176, 117.756)
Net VSS: has regular routing with opens at (521.640, 134.964) (524.448, 135.036)
Net VSS: has regular routing with opens at (524.664, 134.964) (527.688, 135.036)
Net VSS: has regular routing with opens at (518.832, 124.164) (523.152, 124.236)
Net VSS: has regular routing with opens at (522.072, 255.924) (523.368, 255.996)
Net VSS: has regular routing with opens at (262.872, 728.964) (265.464, 729.036)
Net VSS: has regular routing with opens at (238.680, 728.964) (240.840, 729.036)
Net VSS: has regular routing with opens at (244.080, 728.964) (245.592, 729.036)
Net VSS: has regular routing with opens at (246.240, 728.964) (247.968, 729.036)
Net VSS: has regular routing with opens at (515.592, 340.164) (517.104, 340.236)
Net VSS: has regular routing with opens at (241.704, 728.964) (243.864, 729.036)
Net VSS: has regular routing with opens at (525.744, 223.524) (530.064, 223.596)
Net VSS: has regular routing with opens at (525.528, 301.284) (529.848, 301.356)
Net VSS: has regular routing with opens at (525.960, 206.244) (530.280, 206.316)
Net VSS: has regular routing with opens at (526.608, 152.244) (530.928, 152.316)
Net VSS: has regular routing with opens at (526.824, 150.084) (531.144, 150.156)
Net VSS: has regular routing with opens at (525.744, 255.924) (530.064, 255.996)
Net VSS: has regular routing with opens at (525.096, 286.164) (529.416, 286.236)
Net VSS: has regular routing with opens at (524.880, 288.324) (529.200, 288.396)
Net VSS: has regular routing with opens at (517.752, 340.164) (519.264, 340.236)
Net VSS: has regular routing with opens at (523.584, 333.684) (528.768, 333.756)
Net VSS: has regular routing with opens at (524.880, 327.204) (529.200, 327.276)
Net VSS: has regular routing with opens at (524.448, 331.524) (529.632, 331.596)
Net VSS: has regular routing with opens at (144.720, 720.324) (147.312, 720.396)
Net VSS: has regular routing with opens at (174.960, 722.484) (179.280, 722.556)
Net VSS: has regular routing with opens at (525.528, 145.764) (529.848, 145.836)
Net VSS: has regular routing with opens at (524.664, 137.124) (528.984, 137.196)
Net VSS: has regular routing with opens at (525.960, 320.724) (530.496, 320.796)
Net VSS: has regular routing with opens at (525.744, 325.044) (530.712, 325.116)
Net VSS: has regular routing with opens at (505.656, 722.484) (510.192, 722.556)
Net VSS: has regular routing with opens at (508.464, 631.764) (509.760, 631.836)
Net VSS: has regular routing with opens at (514.512, 461.124) (516.240, 461.196)
Net VSS: has regular routing with opens at (510.408, 465.444) (511.920, 465.516)
Net VSS: has regular routing with opens at (511.704, 357.444) (513.864, 357.516)
Net VSS: has regular routing with opens at (508.680, 562.644) (511.704, 562.716)
Net VSS: has regular routing with opens at (508.248, 638.244) (510.408, 638.316)
Net VSS: has regular routing with opens at (509.976, 357.444) (511.272, 357.516)
Net VSS: has regular routing with opens at (519.912, 560.484) (520.776, 560.556)
Net VSS: has regular routing with opens at (509.112, 87.444) (510.624, 87.516)
Net VSS: has regular routing with opens at (509.328, 57.204) (511.920, 57.276)
Net VSS: has regular routing with opens at (509.112, 242.964) (510.624, 243.036)
Net VSS: has regular routing with opens at (509.328, 238.644) (510.624, 238.716)
Net VSS: has regular routing with opens at (510.624, 476.244) (511.920, 476.316)
Net VSS: has regular routing with opens at (510.624, 474.084) (511.920, 474.156)
Net VSS: has regular routing with opens at (510.840, 532.404) (512.784, 532.476)
Net VSS: has regular routing with opens at (508.896, 569.124) (510.192, 569.196)
Net VSS: has regular routing with opens at (510.624, 430.884) (512.784, 430.956)
Net VSS: has regular routing with opens at (509.328, 379.044) (510.624, 379.116)
Net VSS: has regular routing with opens at (508.896, 551.844) (510.624, 551.916)
Net VSS: has regular routing with opens at (511.920, 530.244) (513.216, 530.316)
Net VSS: has regular routing with opens at (509.328, 543.204) (511.920, 543.276)
Net VSS: has regular routing with opens at (509.328, 564.804) (511.704, 564.876)
Net VSS: has regular routing with opens at (508.680, 245.124) (510.624, 245.196)
Net VSS: has regular routing with opens at (509.544, 597.204) (511.056, 597.276)
Net VSS: has regular routing with opens at (23.328, 757.044) (26.352, 757.116)
Net VSS: has regular routing with opens at (67.824, 716.004) (70.848, 716.076)
Net VSS: has regular routing with opens at (503.064, 182.484) (504.360, 182.556)
Net VSS: has regular routing with opens at (503.064, 361.764) (505.008, 361.836)
Net VSS: has regular routing with opens at (502.848, 353.124) (503.712, 353.196)
Net VSS: has regular routing with opens at (508.680, 530.244) (509.760, 530.316)
Net VSS: has regular routing with opens at (508.680, 672.804) (509.976, 672.876)
Net VSS: has regular routing with opens at (2.160, 750.564) (4.752, 750.636)
Net VSS: has regular routing with opens at (2.160, 748.404) (3.456, 748.476)
Net VSS: dangling Wire at (504.972, 696.564) (504.972, 696.564) on layer: M1
Net VSS: dangling Wire at (504.972, 638.244) (504.972, 638.244) on layer: M1
Net VSS: dangling Wire at (504.972, 612.324) (504.972, 612.324) on layer: M1
Net VSS: dangling Wire at (504.972, 487.044) (504.972, 487.044) on layer: M1
Net VSS: dangling Wire at (504.972, 14.004) (504.972, 14.004) on layer: M1
Net VDD, Pin Pin: FE_PHC1606_rst_n/VDD; Direction: INPUT; Use: POWER;: has an unconnected terminal at (2.160, 747.324) (3.456, 747.396)
Net VDD, Pin Pin: FE_PHC1601_rst_n/VDD; Direction: INPUT; Use: POWER;: has an unconnected terminal at (3.240, 751.644) (4.536, 751.716)
Net VDD, Pin Pin: FE_OFC1430_s_axi_awburst_1/VDD; Direction: INPUT; Use: POWER;: has an unconnected terminal at (503.064, 423.324) (503.928, 423.396)
Net VDD, Pin Pin: FE_OFC1427_s_axi_wready/VDD; Direction: INPUT; Use: POWER;: has an unconnected terminal at (503.064, 4.284) (504.144, 4.356)
Net VDD, Pin Pin: CTS_ccl_a_buf_00004/VDD; Direction: INPUT; Use: POWER;: has an unconnected terminal at (502.848, 453.564) (504.360, 453.636)
Net VDD, Pin Pin: u_mem/FE_OFC1432_mem_wdata_10/VDD; Direction: INPUT; Use: POWER;: has an unconnected terminal at (503.064, 483.804) (504.144, 483.876)
Net VDD, Pin Pin: u_mem/FE_OFC1326_mem_wdata_0/VDD; Direction: INPUT; Use: POWER;: has an unconnected terminal at (502.848, 352.044) (503.712, 352.116)
Net VDD, Pin Pin: u_mem/FE_OFC1325_mem_wdata_0/VDD; Direction: INPUT; Use: POWER;: has an unconnected terminal at (502.848, 354.204) (503.712, 354.276)
Net VDD, Pin Pin: u_mem/FE_OFC1284_n/VDD; Direction: INPUT; Use: POWER;: has an unconnected terminal at (503.496, 464.364) (504.144, 464.436)
Net VDD, Pin Pin: u_mem/FE_OFC1281_n/VDD; Direction: INPUT; Use: POWER;: has an unconnected terminal at (503.064, 390.924) (503.712, 390.996)
Net VDD, Pin Pin: u_mem/FE_OFC1180_mem_addr_5/VDD; Direction: INPUT; Use: POWER;: has an unconnected terminal at (503.064, 630.684) (503.928, 630.756)
Net VDD, Pin Pin: u_mem/FE_OFC1179_mem_addr_5/VDD; Direction: INPUT; Use: POWER;: has an unconnected terminal at (503.064, 706.284) (503.928, 706.356)
Net VDD, Pin Pin: u_mem/FE_RC_9_0/VDD; Direction: INPUT; Use: POWER;: has an unconnected terminal at (503.064, 488.124) (504.144, 488.196)
Net VDD, Pin Pin: u_mem/FE_OFC1041_mem_wdata_30/VDD; Direction: INPUT; Use: POWER;: has an unconnected terminal at (503.064, 183.564) (503.928, 183.636)
Net VDD, Pin Pin: u_mem/CTS_ccl_a_buf_00011/VDD; Direction: INPUT; Use: POWER;: has an unconnected terminal at (502.848, 444.924) (504.360, 444.996)
Net VDD, Pin Pin: u_mem/FE_OFC556_mem_wdata_8/VDD; Direction: INPUT; Use: POWER;: has an unconnected terminal at (503.064, 140.364) (503.928, 140.436)
Net VDD, Pin Pin: u_mem/FE_OFC139_mem_addr_2/VDD; Direction: INPUT; Use: POWER;: has an unconnected terminal at (503.064, 289.404) (504.144, 289.476)
Net VDD: has special routes with opens at (1.248, 1.356) (623.904, 768.768)
Net VDD: has regular routing with opens at (23.328, 755.964) (26.352, 756.036)
Net VDD: has regular routing with opens at (503.064, 360.684) (505.008, 360.756)
Net VDD: has regular routing with opens at (2.160, 749.484) (4.752, 749.556)

Begin Summary
    160 Problem(s) (IMPVFC-96): Terminal(s) are not connected.
    2 Problem(s) (IMPVFC-200): Special Wires: Pieces of the net are not connected together.
    92 Problem(s) (IMPVFC-92): Pieces of the net are not connected together.
    5 Problem(s) (IMPVFC-94): The net has dangling wire(s).
    259 total info(s) created.
End Summary
