###############################################################
#  Generated by:      Cadence Innovus 23.14-s088_1
#  OS:                Linux x86_64(Host ID user1-EliteMini)
#  Generated on:      Sun Aug 23 15:05:14 2026
#  Design:            axi_ram
#  Command:           verifyConnectivity -type special -net {VDD VSS} -allPGPinPort -noUnroutedNet -report ./verify_rpt/pg_connectivity_after_cts_preopt.rpt
###############################################################
Verify Connectivity Report is created on Sun Aug 23 15:05:14 2026




Multi-CPU acceleration using 12 CPU


Use pthread

Net VDD, Pin Pin: FE_OFC1317_s_axi_arready/VDD; Direction: INPUT; Use: POWER;: has an unconnected terminal at (503.064, 17.244) (505.224, 17.316)
Net VDD, Pin Pin: u_mem/FE_OFC1349_n/VDD; Direction: INPUT; Use: POWER;: has an unconnected terminal at (503.064, 477.324) (504.360, 477.396)
Net VDD, Pin Pin: u_mem/FE_OFC1342_mem_addr_6/VDD; Direction: INPUT; Use: POWER;: has an unconnected terminal at (503.064, 71.244) (503.712, 71.316)
Net VDD, Pin Pin: u_mem/FE_OFC1339_n/VDD; Direction: INPUT; Use: POWER;: has an unconnected terminal at (503.064, 269.964) (504.360, 270.036)
Net VDD, Pin Pin: u_mem/FE_OFC1331_mem_wdata_17/VDD; Direction: INPUT; Use: POWER;: has an unconnected terminal at (503.064, 183.564) (504.360, 183.636)
Net VDD, Pin Pin: u_mem/FE_OFC1326_n/VDD; Direction: INPUT; Use: POWER;: has an unconnected terminal at (503.064, 468.684) (504.792, 468.756)
Net VDD, Pin Pin: u_mem/FE_OFC1234_mem_addr_4/VDD; Direction: INPUT; Use: POWER;: has an unconnected terminal at (502.848, 254.844) (503.712, 254.916)
Net VDD, Pin Pin: u_mem/FE_OFC1204_mem_addr_6/VDD; Direction: INPUT; Use: POWER;: has an unconnected terminal at (503.064, 250.524) (503.928, 250.596)
Net VDD, Pin Pin: u_mem/FE_OFC1195_mem_addr_7/VDD; Direction: INPUT; Use: POWER;: has an unconnected terminal at (504.360, 304.524) (505.440, 304.596)
Net VDD, Pin Pin: u_mem/FE_OFC1150_mem_wdata_21/VDD; Direction: INPUT; Use: POWER;: has an unconnected terminal at (504.576, 408.204) (505.224, 408.276)
Net VDD, Pin Pin: u_mem/FE_OFC1128_n/VDD; Direction: INPUT; Use: POWER;: has an unconnected terminal at (503.064, 313.164) (503.928, 313.236)
Net VDD, Pin Pin: u_mem/FE_OFC1029_mem_addr_5/VDD; Direction: INPUT; Use: POWER;: has an unconnected terminal at (504.792, 293.724) (505.656, 293.796)
Net VDD, Pin Pin: u_mem/FE_OFC837_mem_wdata_31/VDD; Direction: INPUT; Use: POWER;: has an unconnected terminal at (502.848, 352.044) (503.712, 352.116)
Net VDD, Pin Pin: u_mem/FE_OFC834_mem_wdata_31/VDD; Direction: INPUT; Use: POWER;: has an unconnected terminal at (502.848, 174.924) (503.712, 174.996)
Net VDD, Pin Pin: u_mem/FE_OFC827_mem_wdata_0/VDD; Direction: INPUT; Use: POWER;: has an unconnected terminal at (503.064, 179.244) (503.712, 179.316)
Net VDD, Pin Pin: g11788__4733/VDD; Direction: INPUT; Use: POWER;: has an unconnected terminal at (3.240, 710.604) (4.104, 710.676)
Net VDD, Pin Pin: g12037/VDD; Direction: INPUT; Use: POWER;: has an unconnected terminal at (4.752, 710.604) (5.400, 710.676)
Net VDD: has special routes with opens at (1.248, 1.356) (623.904, 768.768)
Net VDD: has regular routing with opens at (503.496, 79.884) (504.360, 79.956)
Net VDD: has regular routing with opens at (503.928, 254.844) (505.224, 254.916)
Net VDD: has regular routing with opens at (502.848, 252.684) (504.792, 252.756)
Net VDD: dangling Wire at (503.064, 2.160) (503.064, 2.160) on layer: M1
Net VDD: dangling Wire at (503.064, 10.800) (503.064, 10.800) on layer: M1
Net VDD: dangling Wire at (504.792, 12.960) (504.792, 12.960) on layer: M1
Net VDD: dangling Wire at (504.792, 15.120) (504.792, 15.120) on layer: M1
Net VDD: dangling Wire at (505.440, 19.440) (505.440, 19.440) on layer: M1
Net VDD: dangling Wire at (504.792, 21.600) (504.792, 21.600) on layer: M1
Net VDD: dangling Wire at (505.440, 25.920) (505.440, 25.920) on layer: M1
Net VDD: dangling Wire at (505.656, 28.080) (505.656, 28.080) on layer: M1
Net VDD: dangling Wire at (504.792, 30.240) (504.792, 30.240) on layer: M1
Net VDD: dangling Wire at (505.656, 32.400) (505.656, 32.400) on layer: M1
Net VDD: dangling Wire at (505.440, 34.560) (505.440, 34.560) on layer: M1
Net VDD: dangling Wire at (505.872, 36.720) (505.872, 36.720) on layer: M1
Net VDD: dangling Wire at (504.360, 58.320) (504.360, 58.320) on layer: M1
Net VDD: dangling Wire at (504.792, 71.280) (504.792, 71.280) on layer: M1
Net VDD: dangling Wire at (504.792, 79.920) (504.792, 79.920) on layer: M1
Net VDD: dangling Wire at (505.872, 82.080) (505.872, 82.080) on layer: M1
Net VDD: dangling Wire at (506.088, 95.040) (506.088, 95.040) on layer: M1
Net VDD: dangling Wire at (505.872, 97.200) (505.872, 97.200) on layer: M1
Net VDD: dangling Wire at (503.280, 99.360) (503.280, 99.360) on layer: M1
Net VDD: dangling Wire at (503.496, 101.520) (503.496, 101.520) on layer: M1
Net VDD: dangling Wire at (503.496, 103.680) (503.496, 103.680) on layer: M1
Net VDD: dangling Wire at (505.656, 105.840) (505.656, 105.840) on layer: M1
Net VDD: dangling Wire at (504.360, 108.000) (504.360, 108.000) on layer: M1
Net VDD: dangling Wire at (505.656, 110.160) (505.656, 110.160) on layer: M1
Net VDD: dangling Wire at (505.008, 112.320) (505.008, 112.320) on layer: M1
Net VDD: dangling Wire at (505.224, 114.480) (505.224, 114.480) on layer: M1
Net VDD: dangling Wire at (504.144, 116.640) (504.144, 116.640) on layer: M1
Net VDD: dangling Wire at (504.792, 118.800) (504.792, 118.800) on layer: M1
Net VDD: dangling Wire at (503.712, 120.960) (503.712, 120.960) on layer: M1
Net VDD: dangling Wire at (505.008, 123.120) (505.008, 123.120) on layer: M1
Net VDD: dangling Wire at (503.280, 127.440) (503.280, 127.440) on layer: M1
Net VDD: dangling Wire at (503.496, 131.760) (503.496, 131.760) on layer: M1
Net VDD: dangling Wire at (503.496, 133.920) (503.496, 133.920) on layer: M1
Net VDD: dangling Wire at (503.712, 136.080) (503.712, 136.080) on layer: M1
Net VDD: dangling Wire at (503.496, 138.240) (503.496, 138.240) on layer: M1
Net VDD: dangling Wire at (504.360, 142.560) (504.360, 142.560) on layer: M1
Net VDD: dangling Wire at (504.576, 144.720) (504.576, 144.720) on layer: M1
Net VDD: dangling Wire at (503.496, 149.040) (503.496, 149.040) on layer: M1
Net VDD: dangling Wire at (503.496, 151.200) (503.496, 151.200) on layer: M1
Net VDD: dangling Wire at (505.440, 153.360) (505.440, 153.360) on layer: M1
Net VDD: dangling Wire at (505.008, 155.520) (505.008, 155.520) on layer: M1
Net VDD: dangling Wire at (503.712, 157.680) (503.712, 157.680) on layer: M1
Net VDD: dangling Wire at (503.496, 159.840) (503.496, 159.840) on layer: M1
Net VDD: dangling Wire at (505.656, 162.000) (505.656, 162.000) on layer: M1
Net VDD: dangling Wire at (504.144, 164.160) (504.144, 164.160) on layer: M1
Net VDD: dangling Wire at (504.360, 166.320) (504.360, 166.320) on layer: M1
Net VDD: dangling Wire at (503.712, 168.480) (503.712, 168.480) on layer: M1
Net VDD: dangling Wire at (503.064, 170.640) (503.064, 170.640) on layer: M1
Net VDD: dangling Wire at (504.792, 177.120) (504.792, 177.120) on layer: M1
Net VDD: dangling Wire at (504.144, 179.280) (504.144, 179.280) on layer: M1
Net VDD: dangling Wire at (505.656, 181.440) (505.656, 181.440) on layer: M1
Net VDD: dangling Wire at (503.280, 196.560) (503.280, 196.560) on layer: M1
Net VDD: dangling Wire at (503.928, 198.720) (503.928, 198.720) on layer: M1
Net VDD: dangling Wire at (503.928, 200.880) (503.928, 200.880) on layer: M1
Net VDD: dangling Wire at (503.496, 205.200) (503.496, 205.200) on layer: M1
Net VDD: dangling Wire at (503.928, 209.520) (503.928, 209.520) on layer: M1
Net VDD: dangling Wire at (503.064, 213.840) (503.064, 213.840) on layer: M1
Net VDD: dangling Wire at (503.496, 218.160) (503.496, 218.160) on layer: M1
Net VDD: dangling Wire at (503.712, 220.320) (503.712, 220.320) on layer: M1
Net VDD: dangling Wire at (503.928, 222.480) (503.928, 222.480) on layer: M1
Net VDD: dangling Wire at (503.928, 235.440) (503.928, 235.440) on layer: M1
Net VDD: dangling Wire at (503.928, 239.760) (503.928, 239.760) on layer: M1
Net VDD: dangling Wire at (503.496, 248.400) (503.496, 248.400) on layer: M1
Net VDD: dangling Wire at (506.088, 252.720) (506.088, 252.720) on layer: M1
Net VDD: dangling Wire at (503.064, 259.200) (503.064, 259.200) on layer: M1
Net VDD: dangling Wire at (505.656, 265.680) (505.656, 265.680) on layer: M1
Net VDD: dangling Wire at (505.224, 267.840) (505.224, 267.840) on layer: M1
Net VDD: dangling Wire at (504.792, 270.000) (504.792, 270.000) on layer: M1
Net VDD: dangling Wire at (504.360, 274.320) (504.360, 274.320) on layer: M1
Net VDD: dangling Wire at (504.360, 276.480) (504.360, 276.480) on layer: M1
Net VDD: dangling Wire at (504.144, 278.640) (504.144, 278.640) on layer: M1
Net VDD: dangling Wire at (505.656, 282.960) (505.656, 282.960) on layer: M1
Net VDD: dangling Wire at (505.872, 285.120) (505.872, 285.120) on layer: M1
Net VDD: dangling Wire at (504.360, 289.440) (504.360, 289.440) on layer: M1
Net VDD: dangling Wire at (505.656, 311.040) (505.656, 311.040) on layer: M1
Net VDD: dangling Wire at (505.656, 315.360) (505.656, 315.360) on layer: M1
Net VDD: dangling Wire at (504.144, 317.520) (504.144, 317.520) on layer: M1
Net VDD: dangling Wire at (505.224, 319.680) (505.224, 319.680) on layer: M1
Net VDD: dangling Wire at (505.224, 321.840) (505.224, 321.840) on layer: M1
Net VDD: dangling Wire at (505.008, 324.000) (505.008, 324.000) on layer: M1
Net VDD: dangling Wire at (504.576, 326.160) (504.576, 326.160) on layer: M1
Net VDD: dangling Wire at (504.360, 328.320) (504.360, 328.320) on layer: M1
Net VDD: dangling Wire at (505.008, 330.480) (505.008, 330.480) on layer: M1
Net VDD: dangling Wire at (505.008, 332.640) (505.008, 332.640) on layer: M1
Net VDD: dangling Wire at (503.928, 336.960) (503.928, 336.960) on layer: M1
Net VDD: dangling Wire at (505.656, 341.280) (505.656, 341.280) on layer: M1
Net VDD: dangling Wire at (505.224, 349.920) (505.224, 349.920) on layer: M1
Net VDD: dangling Wire at (504.144, 403.920) (504.144, 403.920) on layer: M1
Net VDD: dangling Wire at (505.656, 408.240) (505.656, 408.240) on layer: M1
Net VDD: dangling Wire at (505.008, 416.880) (505.008, 416.880) on layer: M1
Net VDD: dangling Wire at (505.224, 419.040) (505.224, 419.040) on layer: M1
Net VDD: dangling Wire at (505.872, 421.200) (505.872, 421.200) on layer: M1
Net VDD: dangling Wire at (505.224, 423.360) (505.224, 423.360) on layer: M1
Net VDD: dangling Wire at (504.792, 425.520) (504.792, 425.520) on layer: M1
Net VDD: dangling Wire at (504.576, 427.680) (504.576, 427.680) on layer: M1
Net VDD: dangling Wire at (503.928, 429.840) (503.928, 429.840) on layer: M1
Net VDD: dangling Wire at (504.360, 432.000) (504.360, 432.000) on layer: M1
Net VDD: dangling Wire at (505.224, 438.480) (505.224, 438.480) on layer: M1
Net VDD: dangling Wire at (505.008, 440.640) (505.008, 440.640) on layer: M1
Net VDD: dangling Wire at (506.088, 442.800) (506.088, 442.800) on layer: M1
Net VDD: dangling Wire at (505.656, 460.080) (505.656, 460.080) on layer: M1
Net VDD: dangling Wire at (505.872, 464.400) (505.872, 464.400) on layer: M1
Net VDD: dangling Wire at (505.872, 466.560) (505.872, 466.560) on layer: M1
Net VDD: dangling Wire at (503.496, 475.200) (503.496, 475.200) on layer: M1
Net VDD: dangling Wire at (505.872, 483.840) (505.872, 483.840) on layer: M1
Net VDD: dangling Wire at (503.064, 518.400) (503.064, 518.400) on layer: M1
Net VDD: dangling Wire at (504.792, 527.040) (504.792, 527.040) on layer: M1
Net VDD: dangling Wire at (622.944, 594.000) (622.944, 594.000) on layer: M1
Net VDD: dangling Wire at (503.712, 596.160) (503.712, 596.160) on layer: M1
Net VDD: dangling Wire at (503.928, 600.480) (503.928, 600.480) on layer: M1
Net VDD: dangling Wire at (503.928, 602.640) (503.928, 602.640) on layer: M1
Net VDD: dangling Wire at (503.496, 606.960) (503.496, 606.960) on layer: M1
Net VDD: dangling Wire at (503.712, 609.120) (503.712, 609.120) on layer: M1
Net VDD: dangling Wire at (505.656, 617.760) (505.656, 617.760) on layer: M1
Net VDD: dangling Wire at (504.360, 619.920) (504.360, 619.920) on layer: M1
Net VDD: dangling Wire at (504.792, 622.080) (504.792, 622.080) on layer: M1
Net VDD: dangling Wire at (504.792, 624.240) (504.792, 624.240) on layer: M1
Net VDD: dangling Wire at (504.576, 626.400) (504.576, 626.400) on layer: M1
Net VDD: dangling Wire at (504.144, 628.560) (504.144, 628.560) on layer: M1
Net VDD: dangling Wire at (503.928, 630.720) (503.928, 630.720) on layer: M1
Net VDD: dangling Wire at (503.712, 632.880) (503.712, 632.880) on layer: M1
Net VDD: dangling Wire at (503.496, 635.040) (503.496, 635.040) on layer: M1
Net VDD: dangling Wire at (503.712, 637.200) (503.712, 637.200) on layer: M1
Net VDD: dangling Wire at (503.712, 639.360) (503.712, 639.360) on layer: M1
Net VDD: dangling Wire at (503.712, 641.520) (503.712, 641.520) on layer: M1
Net VDD: dangling Wire at (503.064, 643.680) (503.064, 643.680) on layer: M1
Net VDD: dangling Wire at (503.280, 645.840) (503.280, 645.840) on layer: M1
Net VDD: dangling Wire at (503.928, 648.000) (503.928, 648.000) on layer: M1
Net VDD: dangling Wire at (503.928, 650.160) (503.928, 650.160) on layer: M1
Net VDD: dangling Wire at (503.928, 699.840) (503.928, 699.840) on layer: M1
Net VDD: dangling Wire at (503.496, 702.000) (503.496, 702.000) on layer: M1
Net VDD: dangling Wire at (16.632, 710.640) (16.632, 710.640) on layer: M1
Net VSS, Pin Pin: FE_OFC1325_s_axi_rvalid/VSS; Direction: INPUT; Use: GROUND;: has an unconnected terminal at (621.648, 111.204) (622.728, 111.276)
Net VSS, Pin Pin: FE_OFC1324_s_axi_rlast/VSS; Direction: INPUT; Use: GROUND;: has an unconnected terminal at (622.080, 42.084) (622.728, 42.156)
Net VSS, Pin Pin: FE_OFC1323_s_axi_rlast/VSS; Direction: INPUT; Use: GROUND;: has an unconnected terminal at (621.864, 359.604) (622.512, 359.676)
Net VSS, Pin Pin: FE_OFC1042_s_axi_arready/VSS; Direction: INPUT; Use: GROUND;: has an unconnected terminal at (613.224, 737.604) (614.088, 737.676)
Net VSS, Pin Pin: u_mem/FE_OFC1347_mem_addr_11/VSS; Direction: INPUT; Use: GROUND;: has an unconnected terminal at (503.064, 253.764) (503.712, 253.836)
Net VSS, Pin Pin: u_mem/FE_OFC1234_mem_addr_4/VSS; Direction: INPUT; Use: GROUND;: has an unconnected terminal at (502.848, 255.924) (503.712, 255.996)
Net VSS, Pin Pin: u_mem/FE_OFC837_mem_wdata_31/VSS; Direction: INPUT; Use: GROUND;: has an unconnected terminal at (502.848, 353.124) (503.712, 353.196)
Net VSS, Pin Pin: u_mem/FE_OFC834_mem_wdata_31/VSS; Direction: INPUT; Use: GROUND;: has an unconnected terminal at (502.848, 176.004) (503.712, 176.076)
Net VSS, Pin Pin: u_mem/FE_OFC827_mem_wdata_0/VSS; Direction: INPUT; Use: GROUND;: has an unconnected terminal at (503.064, 178.164) (503.712, 178.236)
Net VSS: has special routes with opens at (0.264, 0.288) (624.624, 769.536)
Net VSS: dangling Wire at (503.064, 3.240) (503.064, 3.240) on layer: M1
Net VSS: dangling Wire at (503.064, 9.720) (503.064, 9.720) on layer: M1
Net VSS: dangling Wire at (503.280, 98.280) (503.280, 98.280) on layer: M1
Net VSS: dangling Wire at (503.496, 102.600) (503.496, 102.600) on layer: M1
Net VSS: dangling Wire at (503.496, 104.760) (503.496, 104.760) on layer: M1
Net VSS: dangling Wire at (503.712, 122.040) (503.712, 122.040) on layer: M1
Net VSS: dangling Wire at (503.280, 126.360) (503.280, 126.360) on layer: M1
Net VSS: dangling Wire at (503.280, 128.520) (503.280, 128.520) on layer: M1
Net VSS: dangling Wire at (503.496, 132.840) (503.496, 132.840) on layer: M1
Net VSS: dangling Wire at (503.496, 135.000) (503.496, 135.000) on layer: M1
Net VSS: dangling Wire at (503.496, 137.160) (503.496, 137.160) on layer: M1
Net VSS: dangling Wire at (503.496, 150.120) (503.496, 150.120) on layer: M1
Net VSS: dangling Wire at (503.496, 152.280) (503.496, 152.280) on layer: M1
Net VSS: dangling Wire at (503.712, 156.600) (503.712, 156.600) on layer: M1
Net VSS: dangling Wire at (503.496, 158.760) (503.496, 158.760) on layer: M1
Net VSS: dangling Wire at (503.064, 169.560) (503.064, 169.560) on layer: M1
Net VSS: dangling Wire at (503.280, 197.640) (503.280, 197.640) on layer: M1
Net VSS: dangling Wire at (503.496, 204.120) (503.496, 204.120) on layer: M1
Net VSS: dangling Wire at (503.496, 206.280) (503.496, 206.280) on layer: M1
Net VSS: dangling Wire at (503.064, 212.760) (503.064, 212.760) on layer: M1
Net VSS: dangling Wire at (503.496, 217.080) (503.496, 217.080) on layer: M1
Net VSS: dangling Wire at (503.712, 221.400) (503.712, 221.400) on layer: M1
Net VSS: dangling Wire at (503.496, 249.480) (503.496, 249.480) on layer: M1
Net VSS: dangling Wire at (503.064, 260.280) (503.064, 260.280) on layer: M1
Net VSS: dangling Wire at (503.496, 474.120) (503.496, 474.120) on layer: M1
Net VSS: dangling Wire at (503.064, 519.480) (503.064, 519.480) on layer: M1
Net VSS: dangling Wire at (622.944, 595.080) (622.944, 595.080) on layer: M1
Net VSS: dangling Wire at (503.712, 597.240) (503.712, 597.240) on layer: M1
Net VSS: dangling Wire at (503.496, 605.880) (503.496, 605.880) on layer: M1
Net VSS: dangling Wire at (503.712, 608.040) (503.712, 608.040) on layer: M1
Net VSS: dangling Wire at (503.712, 631.800) (503.712, 631.800) on layer: M1
Net VSS: dangling Wire at (503.496, 633.960) (503.496, 633.960) on layer: M1
Net VSS: dangling Wire at (503.712, 636.120) (503.712, 636.120) on layer: M1
Net VSS: dangling Wire at (503.712, 638.280) (503.712, 638.280) on layer: M1
Net VSS: dangling Wire at (503.064, 642.600) (503.064, 642.600) on layer: M1
Net VSS: dangling Wire at (503.280, 644.760) (503.280, 644.760) on layer: M1
Net VSS: dangling Wire at (503.496, 703.080) (503.496, 703.080) on layer: M1

Begin Summary
    26 Problem(s) (IMPVFC-96): Terminal(s) are not connected.
    2 Problem(s) (IMPVFC-200): Special Wires: Pieces of the net are not connected together.
    3 Problem(s) (IMPVFC-92): Pieces of the net are not connected together.
    169 Problem(s) (IMPVFC-94): The net has dangling wire(s).
    200 total info(s) created.
End Summary
