###############################################################
#  Generated by:      Cadence Innovus 23.14-s088_1
#  OS:                Linux x86_64(Host ID user1-EliteMini)
#  Generated on:      Thu Aug  6 19:05:52 2026
#  Design:            axi_ram
#  Command:           verifyConnectivity -type special -noUnroutedNet -report ./verify_rpt/pg_connectivity_before_stdcell_place.rpt
###############################################################
Verify Connectivity Report is created on Thu Aug  6 19:05:52 2026




Multi-CPU acceleration using 12 CPU


Use pthread

Net VSS, Pin Pin: VSS; Direction: INOUT; Use: SIGNAL;: has an unconnected terminal at (0.000, 531.084) (0.096, 531.180)
Net VSS, Pin Pin: VSS; Direction: INOUT; Use: SIGNAL;: has an unconnected terminal at (1105.104, 531.084) (1105.200, 531.180)
Net VSS, Pin Pin: VSS; Direction: INOUT; Use: SIGNAL;: has an unconnected terminal at (0.000, 176.844) (0.096, 176.940)
Net VSS, Pin Pin: VSS; Direction: INOUT; Use: SIGNAL;: has an unconnected terminal at (1105.104, 176.844) (1105.200, 176.940)
Net VSS, Pin Pin: VSS; Direction: INOUT; Use: SIGNAL;: has an unconnected terminal at (0.336, 2.160) (0.816, 968.688)
Net VSS, Pin Pin: VSS; Direction: INOUT; Use: SIGNAL;: has an unconnected terminal at (2.160, 970.032) (1103.040, 970.512)
Net VSS, Pin Pin: VSS; Direction: INOUT; Use: SIGNAL;: has an unconnected terminal at (2.160, 0.336) (1103.040, 0.816)
Net VSS: has special routes with opens at (0.000, 0.000) (1105.200, 970.848)
Net VDD, Pin Pin: VDD; Direction: INOUT; Use: SIGNAL;: has an unconnected terminal at (251.376, 0.000) (251.472, 0.096)
Net VDD, Pin Pin: VDD; Direction: INOUT; Use: SIGNAL;: has an unconnected terminal at (0.000, 531.468) (0.096, 531.564)
Net VDD, Pin Pin: VDD; Direction: INOUT; Use: SIGNAL;: has an unconnected terminal at (0.000, 177.228) (0.096, 177.324)
Net VDD, Pin Pin: VDD; Direction: INOUT; Use: SIGNAL;: has an unconnected terminal at (2.160, 969.072) (1103.040, 969.552)
Net VDD: has special routes with opens at (0.000, 0.000) (1105.200, 970.848)

Begin Summary
    11 Problem(s) (IMPVFC-96): Terminal(s) are not connected.
    2 Problem(s) (IMPVFC-200): Special Wires: Pieces of the net are not connected together.
    13 total info(s) created.
End Summary
