###############################################################
#  Generated by:      Cadence Innovus 23.14-s088_1
#  OS:                Linux x86_64(Host ID user1-EliteMini)
#  Generated on:      Thu Aug  6 18:03:09 2026
#  Design:            axi_ram
#  Command:           verify_drc -report ./verify_rpt/pg_drc_before_stdcell_place.rpt
###############################################################

OFFGRID: ( Off Grid or Wrong Way ) Special Wire of Net VSS  ( M5 )
Bounds : ( 312.724, 532.048 ) ( 313.204, 532.688 )


WIDTH: ( WidthTable ) Pin of Cell u_mem/G_SRAM_BANK[7].u_sram  ( M3 )
Bounds : ( 312.892, 532.048 ) ( 313.036, 603.680 )


OFFGRID: ( Off Grid or Wrong Way ) Special Wire of Net VSS  ( M5 )
Bounds : ( 438.436, 532.048 ) ( 438.916, 532.688 )


WIDTH: ( WidthTable ) Pin of Cell u_mem/G_SRAM_BANK[3].u_sram  ( M3 )
Bounds : ( 438.604, 532.048 ) ( 438.748, 603.680 )


OFFGRID: ( Off Grid or Wrong Way ) Special Wire of Net VSS  ( M5 )
Bounds : ( 61.300, 532.048 ) ( 61.780, 532.688 )


WIDTH: ( WidthTable ) Pin of Cell u_mem/G_SRAM_BANK[4].u_sram  ( M3 )
Bounds : ( 61.468, 532.048 ) ( 61.612, 603.680 )


OFFGRID: ( Off Grid or Wrong Way ) Special Wire of Net VSS  ( M5 )
Bounds : ( 187.012, 532.048 ) ( 187.492, 532.688 )


WIDTH: ( WidthTable ) Pin of Cell u_mem/G_SRAM_BANK[1].u_sram  ( M3 )
Bounds : ( 187.180, 532.048 ) ( 187.324, 603.680 )


WIDTH: ( WidthTable ) Pin of Cell u_mem/G_SRAM_BANK[2].u_sram  ( M3 )
Bounds : ( 438.604, 354.444 ) ( 438.748, 426.560 )


WIDTH: ( WidthTable ) Pin of Cell u_mem/G_SRAM_BANK[6].u_sram  ( M3 )
Bounds : ( 312.892, 354.444 ) ( 313.036, 426.560 )


WIDTH: ( WidthTable ) Pin of Cell u_mem/G_SRAM_BANK[5].u_sram  ( M3 )
Bounds : ( 61.468, 354.444 ) ( 61.612, 426.560 )


WIDTH: ( WidthTable ) Pin of Cell u_mem/G_SRAM_BANK[0].u_sram  ( M3 )
Bounds : ( 187.180, 354.444 ) ( 187.324, 426.560 )


WIDTH: ( WidthTable ) Pin of Cell u_mem/G_SRAM_BANK[15].u_sram  ( M3 )
Bounds : ( 312.892, 0.588 ) ( 313.036, 72.320 )


WIDTH: ( WidthTable ) Pin of Cell u_mem/G_SRAM_BANK[12].u_sram  ( M3 )
Bounds : ( 438.604, 0.588 ) ( 438.748, 72.320 )


OFFGRID: ( Off Grid or Wrong Way ) Special Wire of Net VSS  ( M6 )
Bounds : ( 0.292, 0.640 ) ( 0.572, 0.768 )


WIDTH: ( WidthTable ) Pin of Cell u_mem/G_SRAM_BANK[9].u_sram  ( M3 )
Bounds : ( 61.468, 0.588 ) ( 61.612, 72.320 )


MINSTEP: ( MinStep ) Special Wire of Net VSS  ( M9 )
Bounds : ( 0.336, 0.816 ) ( 0.352, 0.864 )


MINSTEP: ( MinStep ) Special Wire of Net VSS  ( M9 )
Bounds : ( 0.512, 0.816 ) ( 0.512, 0.864 )


WIDTH: ( WidthTable ) Pin of Cell u_mem/G_SRAM_BANK[14].u_sram  ( M3 )
Bounds : ( 187.180, 0.588 ) ( 187.324, 72.320 )


WIDTH: ( WidthTable ) Pin of Cell u_mem/G_SRAM_BANK[8].u_sram  ( M3 )
Bounds : ( 61.468, 177.420 ) ( 61.612, 249.440 )


WIDTH: ( WidthTable ) Pin of Cell u_mem/G_SRAM_BANK[13].u_sram  ( M3 )
Bounds : ( 438.604, 177.420 ) ( 438.748, 249.440 )


WIDTH: ( WidthTable ) Pin of Cell u_mem/G_SRAM_BANK[11].u_sram  ( M3 )
Bounds : ( 312.892, 177.420 ) ( 313.036, 249.440 )


WIDTH: ( WidthTable ) Pin of Cell u_mem/G_SRAM_BANK[10].u_sram  ( M3 )
Bounds : ( 187.180, 177.420 ) ( 187.324, 249.440 )


  Total Violations : 23 Viols.
