###############################################################
#  Generated by:      Cadence Innovus 23.14-s088_1
#  OS:                Linux x86_64(Host ID user1-EliteMini)
#  Generated on:      Thu Aug 13 16:13:09 2026
#  Design:            axi_ram
#  Command:           verify_drc -check_only special -layer_range {M4 M9} -report ./verify_rpt/pg_drc_after_trim.rpt
###############################################################

Geometric: ( Rect Only ) Special Wire of Net VDD  ( M7 )
Bounds : ( 399.668, 768.640 ) ( 399.732, 768.736 )


Geometric: ( Rect Only ) Special Wire of Net VDD  ( M7 )
Bounds : ( 400.044, 768.640 ) ( 400.108, 768.736 )


Geometric: ( Rect Only ) Special Wire of Net VDD  ( M7 )
Bounds : ( 434.228, 768.640 ) ( 434.292, 768.736 )


Geometric: ( Rect Only ) Special Wire of Net VDD  ( M7 )
Bounds : ( 434.604, 768.640 ) ( 434.668, 768.736 )


WIDTH: ( WidthTable ) Special Wire of Net VDD  ( M7 )
Bounds : ( 399.668, 708.928 ) ( 400.108, 768.768 )


WIDTH: ( WidthTable ) Special Wire of Net VDD  ( M7 )
Bounds : ( 434.228, 708.928 ) ( 434.668, 768.768 )


Geometric: ( Rect Only ) Special Wire of Net VDD  ( M7 )
Bounds : ( 537.908, 768.640 ) ( 537.972, 768.736 )


Geometric: ( Rect Only ) Special Wire of Net VDD  ( M7 )
Bounds : ( 538.284, 768.640 ) ( 538.348, 768.736 )


Geometric: ( Rect Only ) Special Wire of Net VDD  ( M7 )
Bounds : ( 330.548, 768.640 ) ( 330.612, 768.736 )


Geometric: ( Rect Only ) Special Wire of Net VDD  ( M7 )
Bounds : ( 330.924, 768.640 ) ( 330.988, 768.736 )


Geometric: ( Rect Only ) Special Wire of Net VDD  ( M7 )
Bounds : ( 365.108, 768.640 ) ( 365.172, 768.736 )


Geometric: ( Rect Only ) Special Wire of Net VDD  ( M7 )
Bounds : ( 365.484, 768.640 ) ( 365.548, 768.736 )


WIDTH: ( WidthTable ) Special Wire of Net VDD  ( M7 )
Bounds : ( 330.548, 708.928 ) ( 330.988, 768.768 )


WIDTH: ( WidthTable ) Special Wire of Net VDD  ( M7 )
Bounds : ( 365.108, 708.928 ) ( 365.548, 768.768 )


Geometric: ( Rect Only ) Special Wire of Net VDD  ( M7 )
Bounds : ( 572.468, 768.640 ) ( 572.532, 768.736 )


Geometric: ( Rect Only ) Special Wire of Net VDD  ( M7 )
Bounds : ( 572.844, 768.640 ) ( 572.908, 768.736 )


Geometric: ( Rect Only ) Special Wire of Net VDD  ( M7 )
Bounds : ( 607.028, 768.640 ) ( 607.092, 768.736 )


Geometric: ( Rect Only ) Special Wire of Net VDD  ( M7 )
Bounds : ( 607.404, 768.640 ) ( 607.468, 768.736 )


Geometric: ( Rect Only ) Special Wire of Net VDD  ( M7 )
Bounds : ( 468.788, 768.640 ) ( 468.852, 768.736 )


Geometric: ( Rect Only ) Special Wire of Net VDD  ( M7 )
Bounds : ( 469.164, 768.640 ) ( 469.228, 768.736 )


WIDTH: ( WidthTable ) Special Wire of Net VDD  ( M7 )
Bounds : ( 468.788, 708.928 ) ( 469.228, 768.768 )


WIDTH: ( WidthTable ) Pin of Cell u_mem/G_SRAM_BANK[12].u_sram  ( M4 )
Bounds : ( 379.656, 535.012 ) ( 502.032, 535.204 )


WIDTH: ( WidthTable ) Pin of Cell u_mem/G_SRAM_BANK[12].u_sram  ( M4 )
Bounds : ( 379.656, 535.396 ) ( 501.600, 535.588 )


SPACING: ( ParallelRunLength Spacing ) Special Wire of Net VDD & Special Wire of Net VSS  ( M4 )
Bounds : ( 379.656, 535.204 ) ( 501.600, 535.396 )


Geometric: ( Rect Only ) Special Wire of Net VDD  ( M7 )
Bounds : ( 226.868, 768.640 ) ( 226.932, 768.736 )


Geometric: ( Rect Only ) Special Wire of Net VDD  ( M7 )
Bounds : ( 192.684, 768.640 ) ( 192.748, 768.736 )


Geometric: ( Rect Only ) Special Wire of Net VDD  ( M7 )
Bounds : ( 192.308, 768.640 ) ( 192.372, 768.736 )


WIDTH: ( WidthTable ) Special Wire of Net VDD  ( M7 )
Bounds : ( 123.188, 708.928 ) ( 123.628, 768.768 )


Geometric: ( Rect Only ) Special Wire of Net VDD  ( M7 )
Bounds : ( 123.564, 768.640 ) ( 123.628, 768.736 )


Geometric: ( Rect Only ) Special Wire of Net VDD  ( M7 )
Bounds : ( 123.188, 768.640 ) ( 123.252, 768.736 )


WIDTH: ( WidthTable ) Special Wire of Net VDD  ( M7 )
Bounds : ( 295.988, 708.928 ) ( 296.428, 768.768 )


WIDTH: ( WidthTable ) Special Wire of Net VDD  ( M7 )
Bounds : ( 261.428, 708.928 ) ( 261.868, 768.768 )


Geometric: ( Rect Only ) Special Wire of Net VDD  ( M7 )
Bounds : ( 296.364, 768.640 ) ( 296.428, 768.736 )


Geometric: ( Rect Only ) Special Wire of Net VDD  ( M7 )
Bounds : ( 295.988, 768.640 ) ( 296.052, 768.736 )


Geometric: ( Rect Only ) Special Wire of Net VDD  ( M7 )
Bounds : ( 261.804, 768.640 ) ( 261.868, 768.736 )


Geometric: ( Rect Only ) Special Wire of Net VDD  ( M7 )
Bounds : ( 261.428, 768.640 ) ( 261.492, 768.736 )


Geometric: ( Rect Only ) Special Wire of Net VDD  ( M7 )
Bounds : ( 157.748, 768.640 ) ( 157.812, 768.736 )


Geometric: ( Rect Only ) Special Wire of Net VDD  ( M7 )
Bounds : ( 158.124, 768.640 ) ( 158.188, 768.736 )


WIDTH: ( WidthTable ) Special Wire of Net VDD  ( M7 )
Bounds : ( 157.748, 708.928 ) ( 158.188, 768.768 )


Geometric: ( Rect Only ) Special Wire of Net VDD  ( M7 )
Bounds : ( 227.244, 768.640 ) ( 227.308, 768.736 )


WIDTH: ( WidthTable ) Special Wire of Net VDD  ( M7 )
Bounds : ( 192.308, 708.928 ) ( 192.748, 768.768 )


WIDTH: ( WidthTable ) Special Wire of Net VDD  ( M7 )
Bounds : ( 226.868, 708.928 ) ( 227.308, 768.768 )


WIDTH: ( WidthTable ) Special Wire of Net VDD  ( M7 )
Bounds : ( 88.628, 708.928 ) ( 89.068, 768.768 )


Geometric: ( Rect Only ) Special Wire of Net VDD  ( M7 )
Bounds : ( 89.004, 768.640 ) ( 89.068, 768.736 )


Geometric: ( Rect Only ) Special Wire of Net VDD  ( M7 )
Bounds : ( 88.628, 768.640 ) ( 88.692, 768.736 )


MINSTEP: ( MinStep ) Special Wire of Net VSS  ( M8 )
Bounds : ( 0.212, 678.072 ) ( 0.284, 678.088 )


MINSTEP: ( MinStep ) Special Wire of Net VSS  ( M8 )
Bounds : ( 0.212, 677.532 ) ( 0.284, 677.544 )


WIDTH: ( WidthTable ) Special Wire of Net VDD  ( M7 )
Bounds : ( 54.068, 708.928 ) ( 54.508, 768.768 )


WIDTH: ( WidthTable ) Special Wire of Net VDD  ( M7 )
Bounds : ( 19.508, 708.928 ) ( 19.948, 768.768 )


Geometric: ( Rect Only ) Special Wire of Net VDD  ( M7 )
Bounds : ( 54.444, 768.640 ) ( 54.508, 768.736 )


Geometric: ( Rect Only ) Special Wire of Net VDD  ( M7 )
Bounds : ( 54.068, 768.640 ) ( 54.132, 768.736 )


Geometric: ( Rect Only ) Special Wire of Net VDD  ( M7 )
Bounds : ( 19.884, 768.640 ) ( 19.948, 768.736 )


Geometric: ( Rect Only ) Special Wire of Net VDD  ( M7 )
Bounds : ( 19.508, 768.640 ) ( 19.572, 768.736 )


MINSTEP: ( MinStep ) Special Wire of Net VSS  ( M8 )
Bounds : ( 0.212, 643.512 ) ( 0.284, 643.528 )


MINSTEP: ( MinStep ) Special Wire of Net VSS  ( M8 )
Bounds : ( 0.212, 642.972 ) ( 0.284, 642.984 )


MINSTEP: ( MinStep ) Special Wire of Net VSS  ( M8 )
Bounds : ( 0.212, 608.952 ) ( 0.284, 608.968 )


MINSTEP: ( MinStep ) Special Wire of Net VSS  ( M8 )
Bounds : ( 0.212, 608.412 ) ( 0.284, 608.424 )


WIDTH: ( WidthTable ) Pin of Cell u_mem/G_SRAM_BANK[14].u_sram  ( M4 )
Bounds : ( 125.880, 535.012 ) ( 248.848, 535.204 )


MINSTEP: ( MinStep ) Special Wire of Net VSS  ( M8 )
Bounds : ( 0.212, 470.172 ) ( 0.284, 470.184 )


MINSTEP: ( MinStep ) Special Wire of Net VSS  ( M8 )
Bounds : ( 0.212, 470.712 ) ( 0.284, 470.728 )


MINSTEP: ( MinStep ) Special Wire of Net VSS  ( M8 )
Bounds : ( 0.212, 539.292 ) ( 0.284, 539.304 )


MINSTEP: ( MinStep ) Special Wire of Net VSS  ( M8 )
Bounds : ( 0.212, 539.832 ) ( 0.284, 539.848 )


MINSTEP: ( MinStep ) Special Wire of Net VSS  ( M8 )
Bounds : ( 0.212, 573.852 ) ( 0.284, 573.864 )


MINSTEP: ( MinStep ) Special Wire of Net VSS  ( M8 )
Bounds : ( 0.212, 574.392 ) ( 0.284, 574.408 )


WIDTH: ( WidthTable ) Pin of Cell u_mem/G_SRAM_BANK[15].u_sram  ( M4 )
Bounds : ( 0.816, 535.396 ) ( 123.136, 535.588 )


WIDTH: ( WidthTable ) Pin of Cell u_mem/G_SRAM_BANK[15].u_sram  ( M4 )
Bounds : ( 1.248, 535.012 ) ( 123.136, 535.204 )


MINSTEP: ( MinStep ) Special Wire of Net VSS  ( M8 )
Bounds : ( 0.212, 504.732 ) ( 0.284, 504.744 )


MINSTEP: ( MinStep ) Special Wire of Net VSS  ( M8 )
Bounds : ( 0.212, 505.272 ) ( 0.284, 505.288 )


SPACING: ( ParallelRunLength Spacing ) Special Wire of Net VDD & Special Wire of Net VSS  ( M4 )
Bounds : ( 1.248, 535.204 ) ( 123.136, 535.396 )


Geometric: ( Rect Only ) Special Wire of Net VDD  ( M5 )
Bounds : ( 251.424, 535.012 ) ( 251.520, 535.060 )


Geometric: ( Rect Only ) Special Wire of Net VDD  ( M5 )
Bounds : ( 251.424, 535.156 ) ( 251.520, 535.204 )


WIDTH: ( WidthTable ) Pin of Cell u_mem/G_SRAM_BANK[14].u_sram  ( M4 )
Bounds : ( 128.232, 535.396 ) ( 251.256, 535.588 )


WIDTH: ( WidthTable ) Special Wire of Net VDD  ( M5 )
Bounds : ( 251.376, 535.012 ) ( 251.904, 535.204 )


SPACING: ( ParallelRunLength Spacing ) Special Wire of Net VSS & Special Wire of Net VDD  ( M5 )
Bounds : ( 251.256, 535.012 ) ( 251.376, 535.204 )


WIDTH: ( WidthTable ) Pin of Cell u_mem/G_SRAM_BANK[13].u_sram  ( M4 )
Bounds : ( 251.808, 535.012 ) ( 374.560, 535.204 )


WIDTH: ( WidthTable ) Pin of Cell u_mem/G_SRAM_BANK[13].u_sram  ( M4 )
Bounds : ( 253.944, 535.396 ) ( 376.968, 535.588 )


OFFGRID: ( Off Grid or Wrong Way ) Special Wire of Net VDD  ( M7 )
Bounds : ( 518.984, 1.348 ) ( 519.112, 1.632 )


OFFGRID: ( Off Grid or Wrong Way ) Special Wire of Net VDD  ( M7 )
Bounds : ( 544.904, 1.348 ) ( 545.032, 1.632 )


MINSTEP: ( MinStep ) Special Wire of Net VDD  ( M8 )
Bounds : ( 518.940, 1.424 ) ( 518.940, 1.440 )


MINSTEP: ( MinStep ) Special Wire of Net VDD  ( M8 )
Bounds : ( 519.156, 1.424 ) ( 519.156, 1.440 )


MINSTEP: ( MinStep ) Special Wire of Net VDD  ( M8 )
Bounds : ( 544.860, 1.424 ) ( 544.860, 1.440 )


MINSTEP: ( MinStep ) Special Wire of Net VDD  ( M8 )
Bounds : ( 545.076, 1.424 ) ( 545.076, 1.440 )


WIDTH: ( WidthTable ) Pin of Cell u_mem/G_SRAM_BANK[3].u_sram  ( M4 )
Bounds : ( 379.656, 170.080 ) ( 502.032, 170.272 )


WIDTH: ( WidthTable ) Pin of Cell u_mem/G_SRAM_BANK[3].u_sram  ( M4 )
Bounds : ( 379.656, 170.464 ) ( 501.600, 170.656 )


SPACING: ( ParallelRunLength Spacing ) Special Wire of Net VDD & Special Wire of Net VSS  ( M4 )
Bounds : ( 379.656, 170.272 ) ( 501.600, 170.464 )


OFFGRID: ( Off Grid or Wrong Way ) Special Wire of Net VDD  ( M7 )
Bounds : ( 505.376, 1.348 ) ( 505.504, 1.632 )


MINSTEP: ( MinStep ) Special Wire of Net VDD  ( M8 )
Bounds : ( 505.332, 1.424 ) ( 505.332, 1.440 )


MINSTEP: ( MinStep ) Special Wire of Net VDD  ( M8 )
Bounds : ( 505.548, 1.424 ) ( 505.548, 1.440 )


WIDTH: ( WidthTable ) Pin of Cell u_mem/G_SRAM_BANK[11].u_sram  ( M4 )
Bounds : ( 379.656, 357.892 ) ( 502.032, 358.084 )


WIDTH: ( WidthTable ) Pin of Cell u_mem/G_SRAM_BANK[11].u_sram  ( M4 )
Bounds : ( 379.656, 358.276 ) ( 501.600, 358.468 )


SPACING: ( ParallelRunLength Spacing ) Special Wire of Net VDD & Special Wire of Net VSS  ( M4 )
Bounds : ( 379.656, 358.084 ) ( 501.600, 358.276 )


OFFGRID: ( Off Grid or Wrong Way ) Special Wire of Net VDD  ( M7 )
Bounds : ( 570.824, 1.348 ) ( 570.952, 1.632 )


OFFGRID: ( Off Grid or Wrong Way ) Special Wire of Net VDD  ( M7 )
Bounds : ( 596.744, 1.348 ) ( 596.872, 1.632 )


OFFGRID: ( Off Grid or Wrong Way ) Special Wire of Net VDD  ( M7 )
Bounds : ( 622.664, 1.348 ) ( 622.792, 1.632 )


MINSTEP: ( MinStep ) Special Wire of Net VDD  ( M8 )
Bounds : ( 570.780, 1.424 ) ( 570.780, 1.440 )


MINSTEP: ( MinStep ) Special Wire of Net VDD  ( M8 )
Bounds : ( 570.996, 1.424 ) ( 570.996, 1.440 )


MINSTEP: ( MinStep ) Special Wire of Net VDD  ( M8 )
Bounds : ( 596.700, 1.424 ) ( 596.700, 1.440 )


MINSTEP: ( MinStep ) Special Wire of Net VDD  ( M8 )
Bounds : ( 596.916, 1.424 ) ( 596.916, 1.440 )


MINSTEP: ( MinStep ) Special Wire of Net VDD  ( M8 )
Bounds : ( 622.620, 1.424 ) ( 622.620, 1.440 )


MINSTEP: ( MinStep ) Special Wire of Net VDD  ( M8 )
Bounds : ( 622.836, 1.424 ) ( 622.836, 1.440 )


WIDTH: ( WidthTable ) Pin of Cell u_mem/G_SRAM_BANK[4].u_sram  ( M4 )
Bounds : ( 379.656, 180.772 ) ( 502.032, 180.964 )


WIDTH: ( WidthTable ) Pin of Cell u_mem/G_SRAM_BANK[4].u_sram  ( M4 )
Bounds : ( 379.656, 181.156 ) ( 501.600, 181.348 )


SPACING: ( ParallelRunLength Spacing ) Special Wire of Net VDD & Special Wire of Net VSS  ( M4 )
Bounds : ( 379.656, 180.964 ) ( 501.600, 181.156 )


MINSTEP: ( MinStep ) Special Wire of Net VSS  ( M8 )
Bounds : ( 0.212, 366.492 ) ( 0.284, 366.504 )


MINSTEP: ( MinStep ) Special Wire of Net VSS  ( M8 )
Bounds : ( 0.212, 228.792 ) ( 0.284, 228.808 )


MINSTEP: ( MinStep ) Special Wire of Net VSS  ( M8 )
Bounds : ( 0.212, 228.252 ) ( 0.284, 228.264 )


MINSTEP: ( MinStep ) Special Wire of Net VSS  ( M8 )
Bounds : ( 0.212, 194.232 ) ( 0.284, 194.248 )


MINSTEP: ( MinStep ) Special Wire of Net VSS  ( M8 )
Bounds : ( 0.212, 193.692 ) ( 0.284, 193.704 )


WIDTH: ( WidthTable ) Pin of Cell u_mem/G_SRAM_BANK[9].u_sram  ( M4 )
Bounds : ( 125.880, 357.892 ) ( 248.848, 358.084 )


SPACING: ( ParallelRunLength Spacing ) Special Wire of Net VDD & Special Wire of Net VSS  ( M4 )
Bounds : ( 1.248, 358.084 ) ( 123.136, 358.276 )


MINSTEP: ( MinStep ) Special Wire of Net VSS  ( M8 )
Bounds : ( 0.212, 332.472 ) ( 0.284, 332.488 )


MINSTEP: ( MinStep ) Special Wire of Net VSS  ( M8 )
Bounds : ( 0.212, 331.932 ) ( 0.284, 331.944 )


WIDTH: ( WidthTable ) Pin of Cell u_mem/G_SRAM_BANK[8].u_sram  ( M4 )
Bounds : ( 1.248, 357.892 ) ( 123.136, 358.084 )


WIDTH: ( WidthTable ) Pin of Cell u_mem/G_SRAM_BANK[8].u_sram  ( M4 )
Bounds : ( 0.816, 358.276 ) ( 123.136, 358.468 )


MINSTEP: ( MinStep ) Special Wire of Net VSS  ( M8 )
Bounds : ( 0.212, 297.912 ) ( 0.284, 297.928 )


MINSTEP: ( MinStep ) Special Wire of Net VSS  ( M8 )
Bounds : ( 0.212, 297.372 ) ( 0.284, 297.384 )


MINSTEP: ( MinStep ) Special Wire of Net VSS  ( M8 )
Bounds : ( 0.212, 263.352 ) ( 0.284, 263.368 )


MINSTEP: ( MinStep ) Special Wire of Net VSS  ( M8 )
Bounds : ( 0.212, 262.812 ) ( 0.284, 262.824 )


MINSTEP: ( MinStep ) Special Wire of Net VSS  ( M8 )
Bounds : ( 0.212, 367.032 ) ( 0.284, 367.048 )


Geometric: ( Rect Only ) Special Wire of Net VDD  ( M5 )
Bounds : ( 251.424, 357.892 ) ( 251.520, 357.940 )


Geometric: ( Rect Only ) Special Wire of Net VDD  ( M5 )
Bounds : ( 251.424, 358.036 ) ( 251.520, 358.084 )


WIDTH: ( WidthTable ) Pin of Cell u_mem/G_SRAM_BANK[9].u_sram  ( M4 )
Bounds : ( 128.232, 358.276 ) ( 251.256, 358.468 )


WIDTH: ( WidthTable ) Special Wire of Net VDD  ( M5 )
Bounds : ( 251.376, 357.892 ) ( 251.904, 358.084 )


SPACING: ( ParallelRunLength Spacing ) Special Wire of Net VSS & Special Wire of Net VDD  ( M5 )
Bounds : ( 251.256, 357.892 ) ( 251.376, 358.084 )


SPACING: ( ParallelRunLength Spacing ) Special Wire of Net VDD & Special Wire of Net VSS  ( M4 )
Bounds : ( 1.248, 180.964 ) ( 123.136, 181.156 )


SPACING: ( ParallelRunLength Spacing ) Special Wire of Net VSS  ( M7 )
Bounds : ( 125.168, 0.308 ) ( 125.360, 0.748 )


MINSTEP: ( MinStep ) Special Wire of Net VSS  ( M8 )
Bounds : ( 0.212, 55.992 ) ( 0.284, 56.008 )


MINSTEP: ( MinStep ) Special Wire of Net VSS  ( M8 )
Bounds : ( 0.212, 55.452 ) ( 0.284, 55.464 )


WIDTH: ( WidthTable ) Pin of Cell u_mem/G_SRAM_BANK[1].u_sram  ( M4 )
Bounds : ( 125.880, 105.280 ) ( 248.848, 105.472 )


WIDTH: ( WidthTable ) Pin of Cell u_mem/G_SRAM_BANK[7].u_sram  ( M4 )
Bounds : ( 1.248, 180.772 ) ( 123.136, 180.964 )


WIDTH: ( WidthTable ) Pin of Cell u_mem/G_SRAM_BANK[7].u_sram  ( M4 )
Bounds : ( 0.816, 181.156 ) ( 123.136, 181.348 )


WIDTH: ( WidthTable ) Pin of Cell u_mem/G_SRAM_BANK[6].u_sram  ( M4 )
Bounds : ( 125.880, 180.772 ) ( 248.848, 180.964 )


SPACING: ( ParallelRunLength Spacing ) Special Wire of Net VDD & Special Wire of Net VSS  ( M4 )
Bounds : ( 1.248, 170.272 ) ( 123.136, 170.464 )


MINSTEP: ( MinStep ) Special Wire of Net VSS  ( M8 )
Bounds : ( 0.212, 159.672 ) ( 0.284, 159.688 )


MINSTEP: ( MinStep ) Special Wire of Net VSS  ( M8 )
Bounds : ( 0.212, 159.132 ) ( 0.284, 159.144 )


MINSTEP: ( MinStep ) Special Wire of Net VSS  ( M8 )
Bounds : ( 0.212, 125.112 ) ( 0.284, 125.128 )


MINSTEP: ( MinStep ) Special Wire of Net VSS  ( M8 )
Bounds : ( 0.212, 124.572 ) ( 0.284, 124.584 )


WIDTH: ( WidthTable ) Pin of Cell u_mem/G_SRAM_BANK[0].u_sram  ( M4 )
Bounds : ( 1.248, 170.080 ) ( 123.136, 170.272 )


WIDTH: ( WidthTable ) Pin of Cell u_mem/G_SRAM_BANK[0].u_sram  ( M4 )
Bounds : ( 0.816, 170.464 ) ( 123.136, 170.656 )


Geometric: ( Rect Only ) Special Wire of Net VDD  ( M5 )
Bounds : ( 251.424, 180.772 ) ( 251.520, 180.820 )


Geometric: ( Rect Only ) Special Wire of Net VDD  ( M5 )
Bounds : ( 251.424, 180.916 ) ( 251.520, 180.964 )


WIDTH: ( WidthTable ) Pin of Cell u_mem/G_SRAM_BANK[6].u_sram  ( M4 )
Bounds : ( 128.232, 181.156 ) ( 251.256, 181.348 )


WIDTH: ( WidthTable ) Special Wire of Net VDD  ( M5 )
Bounds : ( 251.376, 180.772 ) ( 251.904, 180.964 )


SPACING: ( ParallelRunLength Spacing ) Special Wire of Net VSS & Special Wire of Net VDD  ( M5 )
Bounds : ( 251.256, 180.772 ) ( 251.376, 180.964 )


MINSTEP: ( MinStep ) Special Wire of Net VSS  ( M8 )
Bounds : ( 0.212, 90.012 ) ( 0.284, 90.024 )


MINSTEP: ( MinStep ) Special Wire of Net VSS  ( M8 )
Bounds : ( 0.212, 90.552 ) ( 0.284, 90.568 )


Geometric: ( Rect Only ) Special Wire of Net VDD  ( M5 )
Bounds : ( 251.424, 105.280 ) ( 251.520, 105.328 )


Geometric: ( Rect Only ) Special Wire of Net VDD  ( M5 )
Bounds : ( 251.424, 105.424 ) ( 251.520, 105.472 )


WIDTH: ( WidthTable ) Pin of Cell u_mem/G_SRAM_BANK[1].u_sram  ( M4 )
Bounds : ( 128.232, 105.664 ) ( 251.256, 105.856 )


WIDTH: ( WidthTable ) Special Wire of Net VDD  ( M5 )
Bounds : ( 251.376, 105.280 ) ( 251.904, 105.472 )


SPACING: ( ParallelRunLength Spacing ) Special Wire of Net VSS & Special Wire of Net VDD  ( M5 )
Bounds : ( 251.256, 105.280 ) ( 251.376, 105.472 )


WIDTH: ( WidthTable ) Pin of Cell u_mem/G_SRAM_BANK[10].u_sram  ( M4 )
Bounds : ( 251.808, 357.892 ) ( 374.560, 358.084 )


WIDTH: ( WidthTable ) Pin of Cell u_mem/G_SRAM_BANK[2].u_sram  ( M4 )
Bounds : ( 251.808, 105.280 ) ( 374.560, 105.472 )


WIDTH: ( WidthTable ) Pin of Cell u_mem/G_SRAM_BANK[10].u_sram  ( M4 )
Bounds : ( 253.944, 358.276 ) ( 376.968, 358.468 )


WIDTH: ( WidthTable ) Pin of Cell u_mem/G_SRAM_BANK[2].u_sram  ( M4 )
Bounds : ( 253.944, 105.664 ) ( 376.968, 105.856 )


WIDTH: ( WidthTable ) Pin of Cell u_mem/G_SRAM_BANK[5].u_sram  ( M4 )
Bounds : ( 251.808, 180.772 ) ( 374.560, 180.964 )


WIDTH: ( WidthTable ) Pin of Cell u_mem/G_SRAM_BANK[5].u_sram  ( M4 )
Bounds : ( 253.944, 181.156 ) ( 376.968, 181.348 )


WIDTH: ( WidthTable ) Special Wire of Net VDD  ( M7 )
Bounds : ( 537.908, 2.160 ) ( 538.348, 768.768 )


WIDTH: ( WidthTable ) Special Wire of Net VDD  ( M7 )
Bounds : ( 572.468, 2.160 ) ( 572.908, 768.768 )


WIDTH: ( WidthTable ) Special Wire of Net VDD  ( M7 )
Bounds : ( 607.028, 2.160 ) ( 607.468, 768.768 )


  Total Violations : 160 Viols.
