###############################################################
#  Generated by:      Cadence Innovus 23.14-s088_1
#  OS:                Linux x86_64(Host ID user1-EliteMini)
#  Generated on:      Sat Aug 22 12:23:09 2026
#  Design:            axi_ram
#  Command:           verify_drc -check_only special -layer_range {M1 M9} -area {{500.688 0.0 625.248 770.832} {0.0 706.32 500.688 770.832} {0.0 0.0 2.16 706.32} {2.16 0.0 500.688 2.16} {123.552 2.16 127.872 174.96} {2.16 174.96 123.552 179.28} {249.264 2.16 253.584 174.96} {127.872 174.96 249.264 179.28} {374.976 2.16 379.296 174.96} {253.584 174.96 374.976 179.28} {379.296 174.96 500.688 179.28} {374.976 179.28 379.296 352.08} {379.296 352.08 500.688 356.4} {249.264 179.28 253.584 352.08} {253.584 352.08 374.976 356.4} {123.552 179.28 127.872 352.08} {127.872 352.08 249.264 356.4} {2.16 352.08 123.552 356.4} {123.552 356.4 127.872 529.2} {2.16 529.2 123.552 533.52} {249.264 356.4 253.584 529.2} {127.872 529.2 249.264 533.52} {374.976 356.4 379.296 529.2} {253.584 529.2 374.976 533.52} {379.296 529.2 500.688 533.52} {374.976 533.52 379.296 706.32} {249.264 533.52 253.584 706.32} {123.552 533.52 127.872 706.32} {121.392 0.192 123.36 10.8} {247.104 0.192 249.072 10.8} {372.816 0.192 374.784 10.8} {498.528 0.192 500.496 10.8} {498.528 174.96 500.496 187.92} {372.816 174.96 374.784 187.92} {247.104 174.96 249.072 187.92} {121.392 174.96 123.36 187.92} {121.392 352.08 123.36 365.04} {247.104 352.08 249.072 365.04} {372.816 352.08 374.784 365.04} {498.528 352.08 500.496 365.04} {498.528 529.2 500.496 542.16} {372.816 529.2 374.784 542.16} {247.104 529.2 249.072 542.16} {121.392 529.2 123.36 542.16}} -report ./verify_rpt/pg_drc_after_filler.rpt
###############################################################

OFFGRID: ( Off Grid or Wrong Way ) Special Wire of Net VDD  ( M4 )
Bounds : ( 571.584, 745.152 ) ( 572.904, 745.248 )


OFFGRID: ( Off Grid or Wrong Way ) Special Wire of Net VDD  ( M4 )
Bounds : ( 571.584, 676.032 ) ( 572.904, 676.128 )


OFFGRID: ( Off Grid or Wrong Way ) Special Wire of Net VDD  ( M4 )
Bounds : ( 571.584, 710.592 ) ( 572.904, 710.688 )


OFFGRID: ( Off Grid or Wrong Way ) Special Wire of Net VDD  ( M4 )
Bounds : ( 571.584, 641.472 ) ( 572.904, 641.568 )


OFFGRID: ( Off Grid or Wrong Way ) Special Wire of Net VDD  ( M4 )
Bounds : ( 571.584, 606.912 ) ( 572.904, 607.008 )


OFFGRID: ( Off Grid or Wrong Way ) Special Wire of Net VDD  ( M4 )
Bounds : ( 467.904, 745.152 ) ( 469.224, 745.248 )


OFFGRID: ( Off Grid or Wrong Way ) Special Wire of Net VDD  ( M4 )
Bounds : ( 502.464, 745.152 ) ( 503.784, 745.248 )


OFFGRID: ( Off Grid or Wrong Way ) Special Wire of Net VDD  ( M4 )
Bounds : ( 467.904, 710.592 ) ( 469.224, 710.688 )


OFFGRID: ( Off Grid or Wrong Way ) Special Wire of Net VDD  ( M4 )
Bounds : ( 502.464, 710.592 ) ( 503.784, 710.688 )


OFFGRID: ( Off Grid or Wrong Way ) Special Wire of Net VDD  ( M4 )
Bounds : ( 502.464, 676.032 ) ( 503.784, 676.128 )


OFFGRID: ( Off Grid or Wrong Way ) Special Wire of Net VDD  ( M4 )
Bounds : ( 364.224, 745.152 ) ( 365.544, 745.248 )


OFFGRID: ( Off Grid or Wrong Way ) Special Wire of Net VDD  ( M4 )
Bounds : ( 364.224, 710.592 ) ( 365.544, 710.688 )


OFFGRID: ( Off Grid or Wrong Way ) Special Wire of Net VDD  ( M4 )
Bounds : ( 502.464, 641.472 ) ( 503.784, 641.568 )


OFFGRID: ( Off Grid or Wrong Way ) Special Wire of Net VDD  ( M4 )
Bounds : ( 502.464, 606.912 ) ( 503.784, 607.008 )


OFFGRID: ( Off Grid or Wrong Way ) Special Wire of Net VDD  ( M4 )
Bounds : ( 571.584, 537.792 ) ( 572.904, 537.888 )


OFFGRID: ( Off Grid or Wrong Way ) Special Wire of Net VDD  ( M4 )
Bounds : ( 571.584, 572.352 ) ( 572.904, 572.448 )


OFFGRID: ( Off Grid or Wrong Way ) Special Wire of Net VDD  ( M4 )
Bounds : ( 571.584, 503.232 ) ( 572.904, 503.328 )


OFFGRID: ( Off Grid or Wrong Way ) Special Wire of Net VDD  ( M4 )
Bounds : ( 571.584, 434.112 ) ( 572.904, 434.208 )


OFFGRID: ( Off Grid or Wrong Way ) Special Wire of Net VDD  ( M4 )
Bounds : ( 571.584, 468.672 ) ( 572.904, 468.768 )


OFFGRID: ( Off Grid or Wrong Way ) Special Wire of Net VDD  ( M4 )
Bounds : ( 571.584, 399.552 ) ( 572.904, 399.648 )


OFFGRID: ( Off Grid or Wrong Way ) Special Wire of Net VDD  ( M4 )
Bounds : ( 502.464, 537.792 ) ( 503.784, 537.888 )


OFFGRID: ( Off Grid or Wrong Way ) Special Wire of Net VDD  ( M4 )
Bounds : ( 502.464, 572.352 ) ( 503.784, 572.448 )


OFFGRID: ( Off Grid or Wrong Way ) Special Wire of Net VDD  ( M4 )
Bounds : ( 502.464, 503.232 ) ( 503.784, 503.328 )


OFFGRID: ( Off Grid or Wrong Way ) Special Wire of Net VDD  ( M4 )
Bounds : ( 502.464, 434.112 ) ( 503.784, 434.208 )


OFFGRID: ( Off Grid or Wrong Way ) Special Wire of Net VDD  ( M4 )
Bounds : ( 502.464, 468.672 ) ( 503.784, 468.768 )


OFFGRID: ( Off Grid or Wrong Way ) Special Wire of Net VDD  ( M4 )
Bounds : ( 502.464, 399.552 ) ( 503.784, 399.648 )


OFFGRID: ( Off Grid or Wrong Way ) Special Wire of Net VDD  ( M4 )
Bounds : ( 260.544, 710.592 ) ( 261.864, 710.688 )


OFFGRID: ( Off Grid or Wrong Way ) Special Wire of Net VDD  ( M4 )
Bounds : ( 260.544, 745.152 ) ( 261.864, 745.248 )


OFFGRID: ( Off Grid or Wrong Way ) Special Wire of Net VDD  ( M4 )
Bounds : ( 156.864, 710.592 ) ( 158.184, 710.688 )


OFFGRID: ( Off Grid or Wrong Way ) Special Wire of Net VDD  ( M4 )
Bounds : ( 156.864, 745.152 ) ( 158.184, 745.248 )


OFFGRID: ( Off Grid or Wrong Way ) Special Wire of Net VDD  ( M4 )
Bounds : ( 53.184, 745.152 ) ( 54.504, 745.248 )


OFFGRID: ( Off Grid or Wrong Way ) Special Wire of Net VDD  ( M4 )
Bounds : ( 53.184, 710.592 ) ( 54.504, 710.688 )


OFFGRID: ( Off Grid or Wrong Way ) Special Wire of Net VDD  ( M4 )
Bounds : ( 571.584, 364.992 ) ( 572.904, 365.088 )


OFFGRID: ( Off Grid or Wrong Way ) Special Wire of Net VDD  ( M4 )
Bounds : ( 571.584, 295.872 ) ( 572.904, 295.968 )


OFFGRID: ( Off Grid or Wrong Way ) Special Wire of Net VDD  ( M4 )
Bounds : ( 571.584, 330.432 ) ( 572.904, 330.528 )


OFFGRID: ( Off Grid or Wrong Way ) Special Wire of Net VDD  ( M4 )
Bounds : ( 571.584, 261.312 ) ( 572.904, 261.408 )


OFFGRID: ( Off Grid or Wrong Way ) Special Wire of Net VDD  ( M4 )
Bounds : ( 571.584, 226.752 ) ( 572.904, 226.848 )


OFFGRID: ( Off Grid or Wrong Way ) Special Wire of Net VDD  ( M4 )
Bounds : ( 502.464, 364.992 ) ( 503.784, 365.088 )


OFFGRID: ( Off Grid or Wrong Way ) Special Wire of Net VDD  ( M4 )
Bounds : ( 502.464, 295.872 ) ( 503.784, 295.968 )


OFFGRID: ( Off Grid or Wrong Way ) Special Wire of Net VDD  ( M4 )
Bounds : ( 502.464, 330.432 ) ( 503.784, 330.528 )


OFFGRID: ( Off Grid or Wrong Way ) Special Wire of Net VDD  ( M4 )
Bounds : ( 502.464, 261.312 ) ( 503.784, 261.408 )


OFFGRID: ( Off Grid or Wrong Way ) Special Wire of Net VDD  ( M4 )
Bounds : ( 502.464, 226.752 ) ( 503.784, 226.848 )


OFFGRID: ( Off Grid or Wrong Way ) Special Wire of Net VDD  ( M4 )
Bounds : ( 571.584, 157.632 ) ( 572.904, 157.728 )


OFFGRID: ( Off Grid or Wrong Way ) Special Wire of Net VDD  ( M4 )
Bounds : ( 571.584, 192.192 ) ( 572.904, 192.288 )


OFFGRID: ( Off Grid or Wrong Way ) Special Wire of Net VDD  ( M4 )
Bounds : ( 571.584, 123.072 ) ( 572.904, 123.168 )


OFFGRID: ( Off Grid or Wrong Way ) Special Wire of Net VDD  ( M4 )
Bounds : ( 571.584, 53.952 ) ( 572.904, 54.048 )


OFFGRID: ( Off Grid or Wrong Way ) Special Wire of Net VDD  ( M4 )
Bounds : ( 571.584, 88.512 ) ( 572.904, 88.608 )


OFFGRID: ( Off Grid or Wrong Way ) Special Wire of Net VDD  ( M4 )
Bounds : ( 571.584, 19.392 ) ( 572.904, 19.488 )


OFFGRID: ( Off Grid or Wrong Way ) Special Wire of Net VDD  ( M4 )
Bounds : ( 502.464, 157.632 ) ( 503.784, 157.728 )


OFFGRID: ( Off Grid or Wrong Way ) Special Wire of Net VDD  ( M4 )
Bounds : ( 502.464, 192.192 ) ( 503.784, 192.288 )


OFFGRID: ( Off Grid or Wrong Way ) Special Wire of Net VDD  ( M4 )
Bounds : ( 502.464, 123.072 ) ( 503.784, 123.168 )


OFFGRID: ( Off Grid or Wrong Way ) Special Wire of Net VDD  ( M4 )
Bounds : ( 502.464, 53.952 ) ( 503.784, 54.048 )


OFFGRID: ( Off Grid or Wrong Way ) Special Wire of Net VDD  ( M4 )
Bounds : ( 502.464, 88.512 ) ( 503.784, 88.608 )


OFFGRID: ( Off Grid or Wrong Way ) Special Wire of Net VDD  ( M4 )
Bounds : ( 502.464, 19.392 ) ( 503.784, 19.488 )


  Total Violations : 54 Viols.
