###############################################################
#  Generated by:      Cadence Innovus 23.14-s088_1
#  OS:                Linux x86_64(Host ID user1-EliteMini)
#  Generated on:      Thu Aug 13 20:59:07 2026
#  Design:            axi_ram
#  Command:           checkFPlan -reportUtil -outFile ./verify_rpt/reportUtil_after_place.rpt
###############################################################
**INFO: No. of regular pre-routes not on tracks : 0 


Reporting Utilizations....

Core Utilization = 75.329320
TU for group SRAM_ISLAND_GROUP = 94.208365
Effective Utilizations
Average macro density = 0.000.

Average module density = 0.025.
Density for module 'SRAM_ISLAND_GROUP' = 0.000.
       = stdcell_area 0 sites (0 um^2) / alloc_area 0 sites (0 um^2).
Density for the rest of the design = 0.025.
       = stdcell_area 9736 sites (2271 um^2) / alloc_area 394204 sites (91960 um^2).
Density for the design = 0.025.
       = stdcell_area 9736 sites (2271 um^2) / alloc_area 394204 sites (91960 um^2).
Pin Density = 0.01631.
            = total # of pins 6429 / total area 394204.
