###############################################################
#  Generated by:      Cadence Innovus 23.14-s088_1
#  OS:                Linux x86_64(Host ID user1-EliteMini)
#  Generated on:      Fri Jul 31 15:14:01 2026
#  Design:            axi_ram
#  Command:           checkFPlan -reportUtil -outFile ./verify_rpt/reportUtil_hierFP_final.rpt
###############################################################
**INFO: No. of regular pre-routes not on tracks : 0 


Reporting Utilizations....

Core Utilization = 27.337001
Effective Utilizations
Average macro density = 0.272.
Average macro with halo density = 0.272.

Average module density = 0.274.
Density for the design = 0.274.
       = (stdcell_area 9276 sites (2164 um^2) + block_area 1438720 sites (335625 um^2)) / alloc_area 5291088 sites (1234305 um^2).
Density for the design with macro halo = 0.274.
       = (stdcell_area 9276 sites (2164 um^2) + block_area with halo 1438720 sites (335625 um^2)) / alloc_area 5291088 sites (1234305 um^2).
Pin Density = 0.001184.
            = total # of pins 6263 / total area 5291088.
