###############################################################
#  Generated by:      Cadence Innovus 23.14-s088_1
#  OS:                Linux x86_64(Host ID user1-EliteMini)
#  Generated on:      Fri Aug 14 02:31:57 2026
#  Design:            axi_ram
#  Command:           checkFPlan -reportUtil -outFile ./verify_rpt/reportUtil_before_pnr.rpt
###############################################################
**INFO: No. of regular pre-routes not on tracks : 0 


Reporting Utilizations....

Core Utilization = 75.306773
TU for group SRAM_ISLAND_GROUP = 94.208365
Effective Utilizations
Average macro density = 0.000.

Average module density = 0.024.
Density for module 'SRAM_ISLAND_GROUP' = 0.000.
       = stdcell_area 0 sites (0 um^2) / alloc_area 0 sites (0 um^2).
Density for the rest of the design = 0.024.
       = stdcell_area 9276 sites (2164 um^2) / alloc_area 394204 sites (91960 um^2).
Density for the design = 0.024.
       = stdcell_area 9276 sites (2164 um^2) / alloc_area 394204 sites (91960 um^2).
Pin Density = 0.01589.
            = total # of pins 6263 / total area 394204.
