###############################################################
#  Generated by:      Cadence Innovus 23.14-s088_1
#  OS:                Linux x86_64(Host ID user1-EliteMini)
#  Generated on:      Thu Aug  6 18:02:35 2026
#  Design:            axi_ram
#  Command:           checkFPlan -reportUtil -outFile ./verify_rpt/reportUtil_hierFP_proto.rpt
###############################################################
**INFO: No. of regular pre-routes not on tracks : 0 


Reporting Utilizations....

Core Utilization = 31.746105
Effective Utilizations
Average macro density = 0.316.
Average macro with halo density = 0.316.

Average module density = 0.318.
Density for the design = 0.318.
       = (stdcell_area 9276 sites (2164 um^2) + block_area 1438720 sites (335625 um^2)) / alloc_area 4555824 sites (1062783 um^2).
Density for the design with macro halo = 0.318.
       = (stdcell_area 9276 sites (2164 um^2) + block_area with halo 1438720 sites (335625 um^2)) / alloc_area 4555824 sites (1062783 um^2).
Pin Density = 0.001375.
            = total # of pins 6263 / total area 4555824.
