###############################################################
#  Generated by:      Cadence Innovus 23.14-s088_1
#  OS:                Linux x86_64(Host ID user1-EliteMini)
#  Generated on:      Thu Aug 27 19:15:03 2026
#  Design:            axi_ram
#  Command:           verify_drc -check_only special -layer_range {M4 M5} -area {{500.688 0.0 625.248 770.832} {0.0 706.32 500.688 770.832} {0.0 0.0 2.16 706.32} {2.16 0.0 500.688 2.16} {123.552 2.16 127.872 174.96} {2.16 174.96 123.552 179.28} {249.264 2.16 253.584 174.96} {127.872 174.96 249.264 179.28} {374.976 2.16 379.296 174.96} {253.584 174.96 374.976 179.28} {379.296 174.96 500.688 179.28} {374.976 179.28 379.296 352.08} {379.296 352.08 500.688 356.4} {249.264 179.28 253.584 352.08} {253.584 352.08 374.976 356.4} {123.552 179.28 127.872 352.08} {127.872 352.08 249.264 356.4} {2.16 352.08 123.552 356.4} {123.552 356.4 127.872 529.2} {2.16 529.2 123.552 533.52} {249.264 356.4 253.584 529.2} {127.872 529.2 249.264 533.52} {374.976 356.4 379.296 529.2} {253.584 529.2 374.976 533.52} {379.296 529.2 500.688 533.52} {374.976 533.52 379.296 706.32} {249.264 533.52 253.584 706.32} {123.552 533.52 127.872 706.32} {121.392 0.192 123.36 10.8} {247.104 0.192 249.072 10.8} {372.816 0.192 374.784 10.8} {498.528 0.192 500.496 10.8} {498.528 174.96 500.496 187.92} {372.816 174.96 374.784 187.92} {247.104 174.96 249.072 187.92} {121.392 174.96 123.36 187.92} {121.392 352.08 123.36 365.04} {247.104 352.08 249.072 365.04} {372.816 352.08 374.784 365.04} {498.528 352.08 500.496 365.04} {498.528 529.2 500.496 542.16} {372.816 529.2 374.784 542.16} {247.104 529.2 249.072 542.16} {121.392 529.2 123.36 542.16}} -report ./verify_rpt/sram_m4_interface_drc.rpt
###############################################################

EndOfLine: ( EndOfLine Keepout ) Special Wire of Net VDD  ( M4 )
Bounds : ( 501.936, 1.452 ) ( 502.032, 1.536 )


CUTSPACING: ( Same Layer Cut Spacing ) Special Wire of Net VDD  ( V4 )
Bounds : ( 501.936, 1.452 ) ( 502.032, 1.536 )


EndOfLine: ( EndOfLine Spacing ) Special Wire of Net VDD  ( M4 )
Bounds : ( 501.936, 1.452 ) ( 502.032, 1.536 )


SPACING: ( ParallelRunLength Spacing ) Special Wire of Net VDD  ( M4 )
Bounds : ( 501.936, 1.452 ) ( 502.032, 1.536 )


CUTSPACING: ( Same Layer Cut Spacing ) Special Wire of Net VSS & Special Wire of Net VDD  ( V4 )
Bounds : ( 251.256, 415.176 ) ( 251.376, 415.344 )


CUTSPACING: ( Same Layer Cut Spacing ) Special Wire of Net VSS & Special Wire of Net VDD  ( V4 )
Bounds : ( 251.256, 451.896 ) ( 251.376, 452.064 )


CUTSPACING: ( Same Layer Cut Spacing ) Special Wire of Net VSS & Special Wire of Net VDD  ( V4 )
Bounds : ( 251.256, 456.216 ) ( 251.376, 456.384 )


CUTSPACING: ( Same Layer Cut Spacing ) Special Wire of Net VSS & Special Wire of Net VDD  ( V4 )
Bounds : ( 251.256, 478.896 ) ( 251.376, 479.064 )


EndOfLine: ( EndOfLine Keepout ) Special Wire of Net VSS  ( M4 )
Bounds : ( 501.504, 530.904 ) ( 501.600, 531.084 )


CUTSPACING: ( Same Layer Cut Spacing ) Special Wire of Net VSS & Special Wire of Net VDD  ( V4 )
Bounds : ( 251.256, 600.936 ) ( 251.376, 601.104 )


CUTSPACING: ( Same Layer Cut Spacing ) Special Wire of Net VSS & Special Wire of Net VDD  ( V4 )
Bounds : ( 251.256, 602.016 ) ( 251.376, 602.184 )


CUTSPACING: ( Same Layer Cut Spacing ) Special Wire of Net VSS & Special Wire of Net VDD  ( V4 )
Bounds : ( 251.256, 634.416 ) ( 251.376, 634.584 )


CUTSPACING: ( Same Layer Cut Spacing ) Special Wire of Net VSS & Special Wire of Net VDD  ( V4 )
Bounds : ( 251.256, 548.016 ) ( 251.376, 548.184 )


CUTSPACING: ( Same Layer Cut Spacing ) Special Wire of Net VSS & Special Wire of Net VDD  ( V4 )
Bounds : ( 251.256, 551.256 ) ( 251.376, 551.424 )


CUTSPACING: ( Same Layer Cut Spacing ) Special Wire of Net VSS & Special Wire of Net VDD  ( V4 )
Bounds : ( 251.256, 557.736 ) ( 251.376, 557.904 )


CUTSPACING: ( Same Layer Cut Spacing ) Special Wire of Net VSS & Special Wire of Net VDD  ( V4 )
Bounds : ( 251.256, 562.056 ) ( 251.376, 562.224 )


CUTSPACING: ( Same Layer Cut Spacing ) Special Wire of Net VSS & Special Wire of Net VDD  ( V4 )
Bounds : ( 251.256, 566.376 ) ( 251.376, 566.544 )


CUTSPACING: ( Same Layer Cut Spacing ) Special Wire of Net VSS & Special Wire of Net VDD  ( V4 )
Bounds : ( 251.256, 569.616 ) ( 251.376, 569.784 )


CUTSPACING: ( Same Layer Cut Spacing ) Special Wire of Net VSS & Special Wire of Net VDD  ( V4 )
Bounds : ( 251.256, 572.856 ) ( 251.376, 573.024 )


CUTSPACING: ( Same Layer Cut Spacing ) Special Wire of Net VSS & Special Wire of Net VDD  ( V4 )
Bounds : ( 251.256, 580.416 ) ( 251.376, 580.584 )


CUTSPACING: ( Same Layer Cut Spacing ) Special Wire of Net VSS & Special Wire of Net VDD  ( V4 )
Bounds : ( 251.256, 585.816 ) ( 251.376, 585.984 )


CUTSPACING: ( Same Layer Cut Spacing ) Special Wire of Net VSS & Special Wire of Net VDD  ( V4 )
Bounds : ( 251.256, 590.136 ) ( 251.376, 590.304 )


CUTSPACING: ( Same Layer Cut Spacing ) Special Wire of Net VSS & Special Wire of Net VDD  ( V4 )
Bounds : ( 251.256, 596.616 ) ( 251.376, 596.784 )


CUTSPACING: ( Same Layer Cut Spacing ) Special Wire of Net VSS & Special Wire of Net VDD  ( V4 )
Bounds : ( 251.256, 535.056 ) ( 251.376, 535.224 )


CUTSPACING: ( Same Layer Cut Spacing ) Special Wire of Net VSS & Special Wire of Net VDD  ( V4 )
Bounds : ( 251.256, 538.296 ) ( 251.376, 538.464 )


EndOfLine: ( EndOfLine Keepout ) Special Wire of Net VSS  ( M4 )
Bounds : ( 501.504, 176.664 ) ( 501.600, 176.844 )


  Total Violations : 26 Viols.
