check_scope top_level_owned_pg
reason SRAM macro-internal pin geometry belongs to hard-IP signoff; top-level verifies all logic regions, island borders, and inter-macro collectors
top_level_area_count 28
top_level_area 500.688 0.0 625.248 770.832
top_level_area 0.0 706.32 500.688 770.832
top_level_area 0.0 0.0 2.16 706.32
top_level_area 2.16 0.0 500.688 2.16
top_level_area 123.552 2.16 127.872 174.96
top_level_area 2.16 174.96 123.552 179.28
top_level_area 249.264 2.16 253.584 174.96
top_level_area 127.872 174.96 249.264 179.28
top_level_area 374.976 2.16 379.296 174.96
top_level_area 253.584 174.96 374.976 179.28
top_level_area 379.296 174.96 500.688 179.28
top_level_area 374.976 179.28 379.296 352.08
top_level_area 379.296 352.08 500.688 356.4
top_level_area 249.264 179.28 253.584 352.08
top_level_area 253.584 352.08 374.976 356.4
top_level_area 123.552 179.28 127.872 352.08
top_level_area 127.872 352.08 249.264 356.4
top_level_area 2.16 352.08 123.552 356.4
top_level_area 123.552 356.4 127.872 529.2
top_level_area 2.16 529.2 123.552 533.52
top_level_area 249.264 356.4 253.584 529.2
top_level_area 127.872 529.2 249.264 533.52
top_level_area 374.976 356.4 379.296 529.2
top_level_area 253.584 529.2 374.976 533.52
top_level_area 379.296 529.2 500.688 533.52
top_level_area 374.976 533.52 379.296 706.32
top_level_area 249.264 533.52 253.584 706.32
top_level_area 123.552 533.52 127.872 706.32
excluded_hard_macro_count 16
hard_macro {u_mem/G_SRAM_BANK[0].u_sram} 2.16 2.16 123.552 174.96
hard_macro {u_mem/G_SRAM_BANK[1].u_sram} 127.872 2.16 249.264 174.96
hard_macro {u_mem/G_SRAM_BANK[2].u_sram} 253.584 2.16 374.976 174.96
hard_macro {u_mem/G_SRAM_BANK[3].u_sram} 379.296 2.16 500.688 174.96
hard_macro {u_mem/G_SRAM_BANK[4].u_sram} 379.296 179.28 500.688 352.08
hard_macro {u_mem/G_SRAM_BANK[5].u_sram} 253.584 179.28 374.976 352.08
hard_macro {u_mem/G_SRAM_BANK[6].u_sram} 127.872 179.28 249.264 352.08
hard_macro {u_mem/G_SRAM_BANK[7].u_sram} 2.16 179.28 123.552 352.08
hard_macro {u_mem/G_SRAM_BANK[8].u_sram} 2.16 356.4 123.552 529.2
hard_macro {u_mem/G_SRAM_BANK[9].u_sram} 127.872 356.4 249.264 529.2
hard_macro {u_mem/G_SRAM_BANK[10].u_sram} 253.584 356.4 374.976 529.2
hard_macro {u_mem/G_SRAM_BANK[11].u_sram} 379.296 356.4 500.688 529.2
hard_macro {u_mem/G_SRAM_BANK[12].u_sram} 379.296 533.52 500.688 706.32
hard_macro {u_mem/G_SRAM_BANK[13].u_sram} 253.584 533.52 374.976 706.32
hard_macro {u_mem/G_SRAM_BANK[14].u_sram} 127.872 533.52 249.264 706.32
hard_macro {u_mem/G_SRAM_BANK[15].u_sram} 2.16 533.52 123.552 706.32
