###############################################################
#  Generated by:      Cadence Innovus 23.14-s088_1
#  OS:                Linux x86_64(Host ID user1-EliteMini)
#  Generated on:      Sun Aug 23 21:49:16 2026
#  Design:            axi_ram
#  Command:           report_timing > ./verify_rpt/timing_final.rpt
###############################################################
Path 1: MET Setup Check with Pin u_mem/G_SRAM_BANK[12].u_sram/clk 
Endpoint:   u_mem/G_SRAM_BANK[12].u_sram/wd[3] (v) checked with  leading edge 
of 'CLK'
Beginpoint: u_mem/read_bank_q_reg[3]/QN        (v) triggered by  leading edge 
of 'CLK'
Path Groups: {reg2reg}
Analysis View: tt
Other End Arrival Time          0.269
- Setup                         0.020
+ Phase Shift                   1.000
- Uncertainty                   0.050
= Required Time                 1.199
- Arrival Time                  1.178
= Slack Time                    0.021
     Clock Rise Edge                 0.000
     + Clock Network Latency (Prop)  0.132
     = Beginpoint Arrival Time       0.132
     +-----------------------------------------------------------------------------------------------------+ 
     |           Instance           |      Arc      |          Cell           | Delay | Arrival | Required | 
     |                              |               |                         |       |  Time   |   Time   | 
     |------------------------------+---------------+-------------------------+-------+---------+----------| 
     | u_mem/read_bank_q_reg[3]     | CLK ^         |                         |       |   0.132 |    0.153 | 
     | u_mem/read_bank_q_reg[3]     | CLK ^ -> QN v | DFFHQNx1_ASAP7_75t_R    | 0.063 |   0.195 |    0.216 | 
     | u_mem/g9993__5477            | A v -> Y ^    | NAND2xp33_ASAP7_75t_L   | 0.049 |   0.244 |    0.265 | 
     | u_mem/g9977__6131            | A ^ -> Y v    | NOR3xp33_ASAP7_75t_R    | 0.028 |   0.272 |    0.293 | 
     | u_mem/FE_OFC1126_n_68        | A v -> Y ^    | INVxp67_ASAP7_75t_L     | 0.044 |   0.316 |    0.337 | 
     | u_mem/FE_OFC1127_n_68        | A ^ -> Y v    | INVxp67_ASAP7_75t_R     | 0.100 |   0.416 |    0.437 | 
     | u_mem/FE_OFC1308_n_68        | A v -> Y v    | HB1xp67_ASAP7_75t_L     | 0.064 |   0.480 |    0.501 | 
     | u_mem/g9863__1881            | A2 v -> Y ^   | AOI22xp5_ASAP7_75t_L    | 0.100 |   0.581 |    0.602 | 
     | u_mem/g9670__4733            | A ^ -> Y ^    | AND4x1_ASAP7_75t_R      | 0.148 |   0.729 |    0.750 | 
     | u_mem/g9624__2398            | A ^ -> Y v    | NAND5xp2_ASAP7_75t_R    | 0.140 |   0.869 |    0.890 | 
     | g8847__7482                  | A1 v -> Y v   | AO22x1_ASAP7_75t_R      | 0.089 |   0.957 |    0.978 | 
     | u_mem/FE_OFC474_mem_wdata_3  | A v -> Y v    | BUFx16f_ASAP7_75t_L     | 0.039 |   0.996 |    1.017 | 
     | u_mem/G_SRAM_BANK[12].u_sram | wd[3] v       | srambank_256x4x32_6t122 | 0.182 |   1.178 |    1.199 | 
     +-----------------------------------------------------------------------------------------------------+ 

