 ---------------------------------------------------------------------------------------------------------------------------------------------------------------------------------------------------------------------------------------- 
| Snapshot                    | WNS                  | TNS                  | Density (%) | Power estimated                                            | Hotspot                   | Resource               | DRVs       | Layer-OPT     |
|                             | HEPG (ns) | ALL (ns) | HEPG (ns) | ALL (ns) |             | Total (mW) | Leakage (mW) | Switching (mW) | Internal (mW) | Max (bins) | Total (bins) | Real (s) | Memory (MB) | Tran | Cap | M4  | M6 | M8 |
|-----------------------------+-----------+----------+-----------+----------+-------------+------------+--------------+----------------+---------------+------------+--------------+----------+-------------+------+-----+-----+----+----|
| initial_summary             |           |   -0.451 |           |      -17 |       68.59 |            |              |                |               |            |              | 0:00:01  |        6851 |    0 |   0 |     |    |    |
| force_downsizing_area_power |           |   -1.014 |           |      -48 |       67.78 |       1.52 |         0.00 |           0.94 |          0.58 |            |              | 0:00:01  |        6889 |      |     |     |    |    |
| simplify_netlist            |           |          |           |          |             |       1.44 |         0.00 |           0.87 |          0.57 |            |              | 0:00:01  |        7707 |      |     |     |    |    |
| drv_fixing                  |           |          |           |          |             |       1.44 |         0.00 |           0.87 |          0.57 |            |              | 0:00:01  |        7707 |      |     |     |    |    |
| area_reclaiming             |     0.000 |   -1.014 |         0 |      -48 |       67.78 |       1.44 |         0.00 |           0.87 |          0.57 |            |              | 0:00:01  |        7707 |      |     |     |    |    |
| drv_fixing_2                |     0.000 |   -0.757 |         0 |      -33 |       68.65 |       1.43 |         0.00 |           0.88 |          0.55 |            |              | 0:00:02  |        7835 |    0 |   0 |   2 |    |    |
| global_sizing               |           |          |           |          |             |       1.47 |         0.00 |           0.91 |          0.56 |            |              | 0:00:03  |        7843 |      |     |     |    |    |
| global_opt                  |           |   -0.049 |           |       -1 |       71.42 |       1.48 |         0.00 |           0.91 |          0.58 |            |              | 0:00:08  |        7919 |      |     | 174 |    |    |
| area_reclaiming_2           |     0.000 |   -0.049 |         0 |       -1 |       71.25 |       1.48 |         0.00 |           0.91 |          0.57 |            |              | 0:00:01  |        7919 |      |     | 148 |    |    |
| incremental_replacement     |           |   -0.047 |           |       -1 |             |            |              |                |               |       0.00 |         0.00 | 0:00:07  |        8225 |      |     |     |    |    |
| tns_fixing                  |     0.000 |   -0.047 |         0 |       -1 |       71.25 |       1.48 |         0.00 |           0.91 |          0.57 |            |              | 0:00:02  |        8423 |      |     | 148 |    |    |
| wns_fixing                  |     0.000 |    0.008 |         0 |        0 |       71.70 |       1.49 |         0.00 |           0.91 |          0.58 |            |              | 0:00:11  |        8715 |      |     | 128 |  3 | 36 |
| area_reclaiming_3           |     0.000 |   -0.002 |         0 |       -0 |       71.45 |       1.48 |         0.00 |           0.90 |          0.57 |            |              | 0:00:02  |        8523 |      |     | 134 |  1 | 45 |
| area_reclaiming_4           |     0.000 |   -0.002 |         0 |       -0 |       71.27 |       1.47 |         0.00 |           0.90 |          0.57 |            |              | 0:00:02  |        8523 |      |     |  43 |  7 | 26 |
| drv_eco_fixing              |     0.000 |   -0.002 |         0 |       -0 |       71.27 |       1.47 |         0.00 |           0.90 |          0.57 |            |              | 0:00:01  |        8523 |    0 |   0 |  43 |  7 | 26 |
| tns_eco_fixing              |     0.000 |    0.001 |         0 |        0 |       71.28 |       1.47 |         0.00 |           0.90 |          0.57 |            |              | 0:00:02  |        8715 |      |     |  43 |  7 | 26 |
| power_reclaiming            |     0.000 |   -0.063 |         0 |       -1 |       70.67 |       1.47 |         0.00 |           0.91 |          0.56 |            |              | 0:00:00  |        8715 |      |     |  43 |  7 | 26 |
| wns_eco_fixing              |     0.000 |    0.000 |         0 |        0 |       71.14 |       1.50 |         0.00 |           0.92 |          0.57 |            |              | 0:00:03  |        9261 |      |     |  61 |  7 | 26 |
| power_reclaiming_2          |     0.000 |   -0.000 |         0 |       -0 |       70.99 |       1.49 |         0.00 |           0.92 |          0.57 |            |              | 0:00:01  |        9069 |      |     |  61 |  7 | 26 |
| final_summary               |           |   -0.001 |           |       -0 |       70.99 |            |              |                |               |            |              | 0:00:01  |        8765 |    0 |   0 |     |    |    |
 ---------------------------------------------------------------------------------------------------------------------------------------------------------------------------------------------------------------------------------------- 
