 ----------------------------------------------------------------------------------------------------------------------------------------------------------------------------------------------------------------------------------- 
| Snapshot                | WNS                  | TNS                  | Density (%) | Power estimated                                            | Hotspot                   | Resource               | DRVs       | Layer-OPT    |
|                         | HEPG (ns) | ALL (ns) | HEPG (ns) | ALL (ns) |             | Total (mW) | Leakage (mW) | Switching (mW) | Internal (mW) | Max (bins) | Total (bins) | Real (s) | Memory (MB) | Tran | Cap | M4 | M6 | M8 |
|-------------------------+-----------+----------+-----------+----------+-------------+------------+--------------+----------------+---------------+------------+--------------+----------+-------------+------+-----+----+----+----|
| initial_summary         |           |    0.022 |           |        0 |       71.04 |            |              |                |               |            |              | 0:00:01  |        8726 |    0 |   0 |    |    |    |
| route_type_refinement   |           |          |           |          |             |            |              |                |               |            |              | 0:00:00  |        8726 |      |     | 51 |  6 | 25 |
| simplify_netlist        |           |          |           |          |             |       1.48 |         0.00 |           0.91 |          0.57 |            |              | 0:00:01  |        9071 |      |     |    |    |    |
| excluded_clk_net_fixing |           |          |           |          |             |            |              |                |               |            |              | 0:00:00  |        9071 |      |     |    |    |    |
| global_opt              |           |    0.021 |           |        0 |       71.04 |       1.48 |         0.00 |           0.91 |          0.57 |            |              | 0:00:01  |        9071 |      |     | 51 |  6 | 25 |
| area_reclaiming         |     0.000 |    0.021 |         0 |        0 |       70.69 |       1.47 |         0.00 |           0.91 |          0.57 |            |              | 0:00:02  |        9071 |      |     | 21 |  5 | 14 |
| wns_fixing              |     0.000 |    0.021 |         0 |        0 |       70.69 |       1.47 |         0.00 |           0.91 |          0.57 |            |              | 0:00:01  |        9263 |      |     | 21 |  5 | 14 |
| area_reclaiming_2       |     0.000 |   -0.003 |         0 |       -0 |       70.61 |       1.47 |         0.00 |           0.90 |          0.57 |            |              | 0:00:02  |        9191 |      |     | 23 |  5 | 14 |
| area_reclaiming_3       |     0.000 |   -0.003 |         0 |       -0 |       70.60 |       1.47 |         0.00 |           0.90 |          0.57 |            |              | 0:00:01  |        9191 |      |     | 22 |  5 | 14 |
| power_reclaiming        |     0.000 |   -0.026 |         0 |       -0 |       70.43 |       1.45 |         0.00 |           0.89 |          0.56 |            |              | 0:00:01  |        9727 |      |     | 22 |  5 | 14 |
| local_wire_reclaim      |           |          |           |          |             |            |              |                |               |            |              | 0:00:06  |        9535 |      |     |    |    |    |
| global_route            |           |          |           |          |             |            |              |                |               |       0.00 |         0.00 | 0:00:00  |        9430 |      |     |    |    |    |
| route_type_refinement_2 |           |          |           |          |             |            |              |                |               |            |              | 0:00:00  |        9430 |      |     | 22 |  5 | 14 |
| drv_eco_fixing          |     0.000 |   -0.029 |         0 |       -0 |       70.43 |       1.45 |         0.00 |           0.89 |          0.56 |            |              | 0:00:01  |        9319 |    0 |   0 | 22 |  5 | 14 |
| wns_eco_fixing          |     0.000 |    0.000 |         0 |        0 |       70.45 |       1.45 |         0.00 |           0.89 |          0.56 |            |              | 0:00:03  |        9762 |      |     | 28 |  5 | 14 |
| power_reclaiming_2      |     0.000 |    0.000 |         0 |        0 |       70.33 |       1.43 |         0.00 |           0.88 |          0.55 |            |              | 0:00:04  |       10318 |      |     | 28 |  5 | 14 |
| final_summary           |           |    0.000 |           |        0 |       70.33 |            |              |                |               |       0.00 |         0.00 | 0:00:01  |       10228 |    0 |   0 |    |    |    |
 ----------------------------------------------------------------------------------------------------------------------------------------------------------------------------------------------------------------------------------- 
