 -------------------------------------------------------------------------------------------------------------------------------------------------------------------------------------------------------------------------------- 
| Snapshot                | WNS                  | TNS                  | Density (%) | Power estimated                                            | Hotspot                   | Resource               | DRVs       | Layer-OPT |
|                         | HEPG (ns) | ALL (ns) | HEPG (ns) | ALL (ns) |             | Total (mW) | Leakage (mW) | Switching (mW) | Internal (mW) | Max (bins) | Total (bins) | Real (s) | Memory (MB) | Tran | Cap | M4        |
|-------------------------+-----------+----------+-----------+----------+-------------+------------+--------------+----------------+---------------+------------+--------------+----------+-------------+------+-----+-----------|
| initial_summary         |     5.902 |    3.738 |           |        0 |       71.78 |            |              |                |               |            |              | 0:00:04  |        8534 |    0 |   0 |           |
| route_type_refinement   |           |          |           |          |             |            |              |                |               |            |              | 0:00:01  |        8534 |      |     |         1 |
| simplify_netlist        |           |          |           |          |             |       1.02 |         0.00 |           0.24 |          0.78 |            |              | 0:00:02  |        8534 |      |     |           |
| excluded_clk_net_fixing |           |          |           |          |             |            |              |                |               |            |              | 0:00:00  |        8534 |      |     |           |
| global_opt              |           |    3.738 |           |        0 |       71.78 |       1.02 |         0.00 |           0.24 |          0.78 |            |              | 0:00:03  |        8534 |      |     |         1 |
| area_reclaiming         |     5.902 |    3.738 |         0 |        0 |       71.76 |       1.02 |         0.00 |           0.24 |          0.78 |            |              | 0:00:04  |        8534 |      |     |           |
| wns_fixing              |     5.902 |    3.738 |         0 |        0 |       71.76 |       1.02 |         0.00 |           0.24 |          0.78 |            |              | 0:00:02  |        8662 |      |     |           |
| area_reclaiming_2       |     5.902 |    3.731 |         0 |        0 |       71.75 |       1.02 |         0.00 |           0.24 |          0.78 |            |              | 0:00:13  |        8697 |      |     |         2 |
| area_reclaiming_3       |     5.902 |    3.731 |         0 |        0 |       71.74 |       1.02 |         0.00 |           0.24 |          0.78 |            |              | 0:00:04  |        8697 |      |     |           |
| power_reclaiming        |     5.902 |    3.731 |         0 |        0 |       71.74 |       1.02 |         0.00 |           0.24 |          0.78 |            |              | 0:00:02  |        9100 |      |     |           |
| local_wire_reclaim      |           |          |           |          |             |            |              |                |               |            |              | 0:00:15  |        8972 |      |     |           |
| global_route            |           |          |           |          |             |            |              |                |               |       0.00 |         0.00 | 0:00:01  |        8898 |      |     |           |
| route_type_refinement_2 |           |          |           |          |             |            |              |                |               |            |              | 0:00:00  |        8898 |      |     |           |
| drv_eco_fixing          |     5.901 |    3.727 |         0 |        0 |       71.78 |       1.02 |         0.00 |           0.24 |          0.78 |            |              | 0:00:02  |        8908 |    0 |   0 |           |
| power_reclaiming_2      |     5.901 |    3.734 |         0 |        0 |       71.77 |       1.02 |         0.00 |           0.24 |          0.78 |            |              | 0:00:09  |        9382 |      |     |           |
| initial_summary_2       |     5.901 |    3.735 |           |        0 |       71.77 |            |              |                |               |            |              | 0:00:12  |        9260 |    0 |   0 |           |
| hold_fixing             |     5.901 |    3.735 |         0 |        0 |       82.21 |       1.10 |         0.00 |           0.28 |          0.82 |            |              | 0:00:39  |        9381 |      |     |           |
| global_route_2          |           |          |           |          |             |            |              |                |               |            |              | 0:00:00  |        9381 |      |     |           |
| final_summary           |     5.901 |    3.735 |           |        0 |       82.21 |            |              |                |               |       6.03 |         6.03 | 0:00:14  |        9325 |    0 |   0 |           |
 -------------------------------------------------------------------------------------------------------------------------------------------------------------------------------------------------------------------------------- 
