###############################################################
#  Generated by:      Cadence Innovus 23.14-s088_1
#  OS:                Linux x86_64(Host ID user1-EliteMini)
#  Generated on:      Thu Oct  1 03:58:42 2026
#  Design:            top_soc
#  Command:           verifyConnectivity -type all -error 1000 -warning 1000 -report ./verify_rpt/connectivity_route.rpt
###############################################################
Verify Connectivity Report is created on Thu Oct  1 03:58:42 2026




Multi-CPU acceleration using 8 CPU


Use pthread

Net VDD: dangling Wire at (529.524, 2.484) (529.524, 2.484) on layer: M1
Net VDD: dangling Wire at (465.588, 2.484) (465.588, 2.484) on layer: M1
Net VDD: dangling Wire at (430.002, 2.484) (430.002, 2.484) on layer: M1
Net VDD: dangling Wire at (303.210, 2.484) (303.210, 2.484) on layer: M1
Net VDD: dangling Wire at (137.538, 2.484) (137.538, 2.484) on layer: M1
Net VDD: dangling Wire at (102.168, 2.484) (102.168, 2.484) on layer: M1
Net VDD: dangling Wire at (33.912, 2.484) (33.912, 2.484) on layer: M1
Net VDD: dangling Wire at (36.072, 2.484) (36.072, 2.484) on layer: M1
Net VDD: dangling Wire at (529.524, 3.024) (529.524, 3.024) on layer: M1
Net VDD: dangling Wire at (465.588, 3.024) (465.588, 3.024) on layer: M1
Net VDD: dangling Wire at (430.002, 3.024) (430.002, 3.024) on layer: M1
Net VDD: dangling Wire at (303.210, 3.024) (303.210, 3.024) on layer: M1
Net VDD: dangling Wire at (137.538, 3.024) (137.538, 3.024) on layer: M1
Net VDD: dangling Wire at (102.168, 3.024) (102.168, 3.024) on layer: M1
Net VDD: dangling Wire at (33.912, 3.024) (33.912, 3.024) on layer: M1
Net VDD: dangling Wire at (36.072, 3.024) (36.072, 3.024) on layer: M1
Net VDD: dangling Wire at (529.524, 3.564) (529.524, 3.564) on layer: M1
Net VDD: dangling Wire at (465.588, 3.564) (465.588, 3.564) on layer: M1
Net VDD: dangling Wire at (430.002, 3.564) (430.002, 3.564) on layer: M1
Net VDD: dangling Wire at (303.210, 3.564) (303.210, 3.564) on layer: M1
Net VDD: dangling Wire at (137.538, 3.564) (137.538, 3.564) on layer: M1
Net VDD: dangling Wire at (102.168, 3.564) (102.168, 3.564) on layer: M1
Net VDD: dangling Wire at (33.912, 3.564) (33.912, 3.564) on layer: M1
Net VDD: dangling Wire at (36.072, 3.564) (36.072, 3.564) on layer: M1
Net VDD: dangling Wire at (529.524, 4.104) (529.524, 4.104) on layer: M1
Net VDD: dangling Wire at (465.588, 4.104) (465.588, 4.104) on layer: M1
Net VDD: dangling Wire at (430.002, 4.104) (430.002, 4.104) on layer: M1
Net VDD: dangling Wire at (303.210, 4.104) (303.210, 4.104) on layer: M1
Net VDD: dangling Wire at (137.538, 4.104) (137.538, 4.104) on layer: M1
Net VDD: dangling Wire at (102.168, 4.104) (102.168, 4.104) on layer: M1
Net VDD: dangling Wire at (36.072, 4.104) (36.072, 4.104) on layer: M1
Net VDD: dangling Wire at (529.524, 4.644) (529.524, 4.644) on layer: M1
Net VDD: dangling Wire at (465.588, 4.644) (465.588, 4.644) on layer: M1
Net VDD: dangling Wire at (430.002, 4.644) (430.002, 4.644) on layer: M1
Net VDD: dangling Wire at (303.210, 4.644) (303.210, 4.644) on layer: M1
Net VDD: dangling Wire at (137.538, 4.644) (137.538, 4.644) on layer: M1
Net VDD: dangling Wire at (102.168, 4.644) (102.168, 4.644) on layer: M1
Net VDD: dangling Wire at (33.912, 4.644) (33.912, 4.644) on layer: M1
Net VDD: dangling Wire at (36.072, 4.644) (36.072, 4.644) on layer: M1
Net VDD: dangling Wire at (529.524, 5.184) (529.524, 5.184) on layer: M1
Net VDD: dangling Wire at (465.588, 5.184) (465.588, 5.184) on layer: M1
Net VDD: dangling Wire at (430.002, 5.184) (430.002, 5.184) on layer: M1
Net VDD: dangling Wire at (303.210, 5.184) (303.210, 5.184) on layer: M1
Net VDD: dangling Wire at (137.538, 5.184) (137.538, 5.184) on layer: M1
Net VDD: dangling Wire at (102.168, 5.184) (102.168, 5.184) on layer: M1
Net VDD: dangling Wire at (36.072, 5.184) (36.072, 5.184) on layer: M1
Net VDD: dangling Wire at (529.524, 5.724) (529.524, 5.724) on layer: M1
Net VDD: dangling Wire at (465.588, 5.724) (465.588, 5.724) on layer: M1
Net VDD: dangling Wire at (430.002, 5.724) (430.002, 5.724) on layer: M1
Net VDD: dangling Wire at (303.210, 5.724) (303.210, 5.724) on layer: M1
Net VDD: dangling Wire at (137.538, 5.724) (137.538, 5.724) on layer: M1
Net VDD: dangling Wire at (102.168, 5.724) (102.168, 5.724) on layer: M1
Net VDD: dangling Wire at (33.912, 5.724) (33.912, 5.724) on layer: M1
Net VDD: dangling Wire at (36.072, 5.724) (36.072, 5.724) on layer: M1
Net VDD: dangling Wire at (529.524, 6.264) (529.524, 6.264) on layer: M1
Net VDD: dangling Wire at (465.588, 6.264) (465.588, 6.264) on layer: M1
Net VDD: dangling Wire at (430.002, 6.264) (430.002, 6.264) on layer: M1
Net VDD: dangling Wire at (303.210, 6.264) (303.210, 6.264) on layer: M1
Net VDD: dangling Wire at (137.538, 6.264) (137.538, 6.264) on layer: M1
Net VDD: dangling Wire at (102.168, 6.264) (102.168, 6.264) on layer: M1
Net VDD: dangling Wire at (33.912, 6.264) (33.912, 6.264) on layer: M1
Net VDD: dangling Wire at (36.072, 6.264) (36.072, 6.264) on layer: M1
Net VDD: dangling Wire at (529.524, 6.804) (529.524, 6.804) on layer: M1
Net VDD: dangling Wire at (465.588, 6.804) (465.588, 6.804) on layer: M1
Net VDD: dangling Wire at (430.002, 6.804) (430.002, 6.804) on layer: M1
Net VDD: dangling Wire at (303.210, 6.804) (303.210, 6.804) on layer: M1
Net VDD: dangling Wire at (137.538, 6.804) (137.538, 6.804) on layer: M1
Net VDD: dangling Wire at (102.168, 6.804) (102.168, 6.804) on layer: M1
Net VDD: dangling Wire at (33.912, 6.804) (33.912, 6.804) on layer: M1
Net VDD: dangling Wire at (36.072, 6.804) (36.072, 6.804) on layer: M1
Net VDD: dangling Wire at (529.524, 7.344) (529.524, 7.344) on layer: M1
Net VDD: dangling Wire at (465.588, 7.344) (465.588, 7.344) on layer: M1
Net VDD: dangling Wire at (430.002, 7.344) (430.002, 7.344) on layer: M1
Net VDD: dangling Wire at (303.210, 7.344) (303.210, 7.344) on layer: M1
Net VDD: dangling Wire at (137.538, 7.344) (137.538, 7.344) on layer: M1
Net VDD: dangling Wire at (102.168, 7.344) (102.168, 7.344) on layer: M1
Net VDD: dangling Wire at (33.912, 7.344) (33.912, 7.344) on layer: M1
Net VDD: dangling Wire at (36.072, 7.344) (36.072, 7.344) on layer: M1
Net VDD: dangling Wire at (529.524, 7.884) (529.524, 7.884) on layer: M1
Net VDD: dangling Wire at (465.588, 7.884) (465.588, 7.884) on layer: M1
Net VDD: dangling Wire at (430.002, 7.884) (430.002, 7.884) on layer: M1
Net VDD: dangling Wire at (303.210, 7.884) (303.210, 7.884) on layer: M1
Net VDD: dangling Wire at (137.538, 7.884) (137.538, 7.884) on layer: M1
Net VDD: dangling Wire at (102.168, 7.884) (102.168, 7.884) on layer: M1
Net VDD: dangling Wire at (33.912, 7.884) (33.912, 7.884) on layer: M1
Net VDD: dangling Wire at (36.072, 7.884) (36.072, 7.884) on layer: M1
Net VDD: dangling Wire at (529.524, 8.424) (529.524, 8.424) on layer: M1
Net VDD: dangling Wire at (465.588, 8.424) (465.588, 8.424) on layer: M1
Net VDD: dangling Wire at (430.002, 8.424) (430.002, 8.424) on layer: M1
Net VDD: dangling Wire at (303.210, 8.424) (303.210, 8.424) on layer: M1
Net VDD: dangling Wire at (137.538, 8.424) (137.538, 8.424) on layer: M1
Net VDD: dangling Wire at (102.168, 8.424) (102.168, 8.424) on layer: M1
Net VDD: dangling Wire at (33.912, 8.424) (33.912, 8.424) on layer: M1
Net VDD: dangling Wire at (36.072, 8.424) (36.072, 8.424) on layer: M1
Net VDD: dangling Wire at (529.524, 8.964) (529.524, 8.964) on layer: M1
Net VDD: dangling Wire at (465.588, 8.964) (465.588, 8.964) on layer: M1
Net VDD: dangling Wire at (430.002, 8.964) (430.002, 8.964) on layer: M1
Net VDD: dangling Wire at (303.210, 8.964) (303.210, 8.964) on layer: M1
Net VDD: dangling Wire at (137.538, 8.964) (137.538, 8.964) on layer: M1
Net VDD: dangling Wire at (102.168, 8.964) (102.168, 8.964) on layer: M1
Net VDD: dangling Wire at (33.912, 8.964) (33.912, 8.964) on layer: M1
Net VDD: dangling Wire at (36.072, 8.964) (36.072, 8.964) on layer: M1
Net VDD: dangling Wire at (529.524, 9.504) (529.524, 9.504) on layer: M1
Net VDD: dangling Wire at (465.588, 9.504) (465.588, 9.504) on layer: M1
Net VDD: dangling Wire at (430.002, 9.504) (430.002, 9.504) on layer: M1
Net VDD: dangling Wire at (303.210, 9.504) (303.210, 9.504) on layer: M1
Net VDD: dangling Wire at (137.538, 9.504) (137.538, 9.504) on layer: M1
Net VDD: dangling Wire at (102.168, 9.504) (102.168, 9.504) on layer: M1
Net VDD: dangling Wire at (33.912, 9.504) (33.912, 9.504) on layer: M1
Net VDD: dangling Wire at (36.072, 9.504) (36.072, 9.504) on layer: M1
Net VDD: dangling Wire at (529.524, 10.044) (529.524, 10.044) on layer: M1
Net VDD: dangling Wire at (465.588, 10.044) (465.588, 10.044) on layer: M1
Net VDD: dangling Wire at (430.002, 10.044) (430.002, 10.044) on layer: M1
Net VDD: dangling Wire at (303.210, 10.044) (303.210, 10.044) on layer: M1
Net VDD: dangling Wire at (137.538, 10.044) (137.538, 10.044) on layer: M1
Net VDD: dangling Wire at (102.168, 10.044) (102.168, 10.044) on layer: M1
Net VDD: dangling Wire at (33.912, 10.044) (33.912, 10.044) on layer: M1
Net VDD: dangling Wire at (36.072, 10.044) (36.072, 10.044) on layer: M1
Net VDD: dangling Wire at (529.524, 10.584) (529.524, 10.584) on layer: M1
Net VDD: dangling Wire at (465.588, 10.584) (465.588, 10.584) on layer: M1
Net VDD: dangling Wire at (430.002, 10.584) (430.002, 10.584) on layer: M1
Net VDD: dangling Wire at (303.210, 10.584) (303.210, 10.584) on layer: M1
Net VDD: dangling Wire at (137.538, 10.584) (137.538, 10.584) on layer: M1
Net VDD: dangling Wire at (102.168, 10.584) (102.168, 10.584) on layer: M1
Net VDD: dangling Wire at (33.912, 10.584) (33.912, 10.584) on layer: M1
Net VDD: dangling Wire at (36.072, 10.584) (36.072, 10.584) on layer: M1
Net VDD: dangling Wire at (529.524, 11.124) (529.524, 11.124) on layer: M1
Net VDD: dangling Wire at (465.588, 11.124) (465.588, 11.124) on layer: M1
Net VDD: dangling Wire at (430.002, 11.124) (430.002, 11.124) on layer: M1
Net VDD: dangling Wire at (303.210, 11.124) (303.210, 11.124) on layer: M1
Net VDD: dangling Wire at (137.538, 11.124) (137.538, 11.124) on layer: M1
Net VDD: dangling Wire at (102.168, 11.124) (102.168, 11.124) on layer: M1
Net VDD: dangling Wire at (33.912, 11.124) (33.912, 11.124) on layer: M1
Net VDD: dangling Wire at (36.072, 11.124) (36.072, 11.124) on layer: M1
Net VDD: dangling Wire at (529.524, 11.664) (529.524, 11.664) on layer: M1
Net VDD: dangling Wire at (465.588, 11.664) (465.588, 11.664) on layer: M1
Net VDD: dangling Wire at (430.002, 11.664) (430.002, 11.664) on layer: M1
Net VDD: dangling Wire at (303.210, 11.664) (303.210, 11.664) on layer: M1
Net VDD: dangling Wire at (137.538, 11.664) (137.538, 11.664) on layer: M1
Net VDD: dangling Wire at (102.168, 11.664) (102.168, 11.664) on layer: M1
Net VDD: dangling Wire at (33.912, 11.664) (33.912, 11.664) on layer: M1
Net VDD: dangling Wire at (36.072, 11.664) (36.072, 11.664) on layer: M1
Net VDD: dangling Wire at (529.524, 12.204) (529.524, 12.204) on layer: M1
Net VDD: dangling Wire at (465.588, 12.204) (465.588, 12.204) on layer: M1
Net VDD: dangling Wire at (430.002, 12.204) (430.002, 12.204) on layer: M1
Net VDD: dangling Wire at (303.210, 12.204) (303.210, 12.204) on layer: M1
Net VDD: dangling Wire at (137.538, 12.204) (137.538, 12.204) on layer: M1
Net VDD: dangling Wire at (102.168, 12.204) (102.168, 12.204) on layer: M1
Net VDD: dangling Wire at (33.912, 12.204) (33.912, 12.204) on layer: M1
Net VDD: dangling Wire at (36.072, 12.204) (36.072, 12.204) on layer: M1
Net VDD: dangling Wire at (529.524, 12.744) (529.524, 12.744) on layer: M1
Net VDD: dangling Wire at (465.588, 12.744) (465.588, 12.744) on layer: M1
Net VDD: dangling Wire at (430.002, 12.744) (430.002, 12.744) on layer: M1
Net VDD: dangling Wire at (303.210, 12.744) (303.210, 12.744) on layer: M1
Net VDD: dangling Wire at (137.538, 12.744) (137.538, 12.744) on layer: M1
Net VDD: dangling Wire at (102.168, 12.744) (102.168, 12.744) on layer: M1
Net VDD: dangling Wire at (36.072, 12.744) (36.072, 12.744) on layer: M1
Net VDD: dangling Wire at (529.524, 13.284) (529.524, 13.284) on layer: M1
Net VDD: dangling Wire at (465.588, 13.284) (465.588, 13.284) on layer: M1
Net VDD: dangling Wire at (430.002, 13.284) (430.002, 13.284) on layer: M1
Net VDD: dangling Wire at (303.210, 13.284) (303.210, 13.284) on layer: M1
Net VDD: dangling Wire at (137.538, 13.284) (137.538, 13.284) on layer: M1
Net VDD: dangling Wire at (102.168, 13.284) (102.168, 13.284) on layer: M1
Net VDD: dangling Wire at (33.912, 13.284) (33.912, 13.284) on layer: M1
Net VDD: dangling Wire at (36.072, 13.284) (36.072, 13.284) on layer: M1
Net VDD: dangling Wire at (529.524, 13.824) (529.524, 13.824) on layer: M1
Net VDD: dangling Wire at (465.588, 13.824) (465.588, 13.824) on layer: M1
Net VDD: dangling Wire at (430.002, 13.824) (430.002, 13.824) on layer: M1
Net VDD: dangling Wire at (303.210, 13.824) (303.210, 13.824) on layer: M1
Net VDD: dangling Wire at (137.538, 13.824) (137.538, 13.824) on layer: M1
Net VDD: dangling Wire at (102.168, 13.824) (102.168, 13.824) on layer: M1
Net VDD: dangling Wire at (36.072, 13.824) (36.072, 13.824) on layer: M1
Net VDD: dangling Wire at (529.524, 14.364) (529.524, 14.364) on layer: M1
Net VDD: dangling Wire at (465.588, 14.364) (465.588, 14.364) on layer: M1
Net VDD: dangling Wire at (430.002, 14.364) (430.002, 14.364) on layer: M1
Net VDD: dangling Wire at (303.210, 14.364) (303.210, 14.364) on layer: M1
Net VDD: dangling Wire at (137.538, 14.364) (137.538, 14.364) on layer: M1
Net VDD: dangling Wire at (102.168, 14.364) (102.168, 14.364) on layer: M1
Net VDD: dangling Wire at (33.912, 14.364) (33.912, 14.364) on layer: M1
Net VDD: dangling Wire at (36.072, 14.364) (36.072, 14.364) on layer: M1
Net VDD: dangling Wire at (529.524, 14.904) (529.524, 14.904) on layer: M1
Net VDD: dangling Wire at (465.588, 14.904) (465.588, 14.904) on layer: M1
Net VDD: dangling Wire at (430.002, 14.904) (430.002, 14.904) on layer: M1
Net VDD: dangling Wire at (303.210, 14.904) (303.210, 14.904) on layer: M1
Net VDD: dangling Wire at (137.538, 14.904) (137.538, 14.904) on layer: M1
Net VDD: dangling Wire at (102.168, 14.904) (102.168, 14.904) on layer: M1
Net VDD: dangling Wire at (33.912, 14.904) (33.912, 14.904) on layer: M1
Net VDD: dangling Wire at (36.072, 14.904) (36.072, 14.904) on layer: M1
Net VDD: dangling Wire at (529.524, 15.444) (529.524, 15.444) on layer: M1
Net VDD: dangling Wire at (465.588, 15.444) (465.588, 15.444) on layer: M1
Net VDD: dangling Wire at (430.002, 15.444) (430.002, 15.444) on layer: M1
Net VDD: dangling Wire at (303.210, 15.444) (303.210, 15.444) on layer: M1
Net VDD: dangling Wire at (137.538, 15.444) (137.538, 15.444) on layer: M1
Net VDD: dangling Wire at (102.168, 15.444) (102.168, 15.444) on layer: M1
Net VDD: dangling Wire at (33.912, 15.444) (33.912, 15.444) on layer: M1
Net VDD: dangling Wire at (36.072, 15.444) (36.072, 15.444) on layer: M1
Net VDD: dangling Wire at (529.524, 15.984) (529.524, 15.984) on layer: M1
Net VDD: dangling Wire at (465.588, 15.984) (465.588, 15.984) on layer: M1
Net VDD: dangling Wire at (430.002, 15.984) (430.002, 15.984) on layer: M1
Net VDD: dangling Wire at (303.210, 15.984) (303.210, 15.984) on layer: M1
Net VDD: dangling Wire at (137.538, 15.984) (137.538, 15.984) on layer: M1
Net VDD: dangling Wire at (102.168, 15.984) (102.168, 15.984) on layer: M1
Net VDD: dangling Wire at (33.912, 15.984) (33.912, 15.984) on layer: M1
Net VDD: dangling Wire at (36.072, 15.984) (36.072, 15.984) on layer: M1
Net VDD: dangling Wire at (529.524, 16.524) (529.524, 16.524) on layer: M1
Net VDD: dangling Wire at (465.588, 16.524) (465.588, 16.524) on layer: M1
Net VDD: dangling Wire at (430.002, 16.524) (430.002, 16.524) on layer: M1
Net VDD: dangling Wire at (303.210, 16.524) (303.210, 16.524) on layer: M1
Net VDD: dangling Wire at (137.538, 16.524) (137.538, 16.524) on layer: M1
Net VDD: dangling Wire at (102.168, 16.524) (102.168, 16.524) on layer: M1
Net VDD: dangling Wire at (33.912, 16.524) (33.912, 16.524) on layer: M1
Net VDD: dangling Wire at (36.072, 16.524) (36.072, 16.524) on layer: M1
Net VDD: dangling Wire at (529.524, 17.064) (529.524, 17.064) on layer: M1
Net VDD: dangling Wire at (465.588, 17.064) (465.588, 17.064) on layer: M1
Net VDD: dangling Wire at (430.002, 17.064) (430.002, 17.064) on layer: M1
Net VDD: dangling Wire at (303.210, 17.064) (303.210, 17.064) on layer: M1
Net VDD: dangling Wire at (137.538, 17.064) (137.538, 17.064) on layer: M1
Net VDD: dangling Wire at (102.168, 17.064) (102.168, 17.064) on layer: M1
Net VDD: dangling Wire at (33.912, 17.064) (33.912, 17.064) on layer: M1
Net VDD: dangling Wire at (36.072, 17.064) (36.072, 17.064) on layer: M1
Net VDD: dangling Wire at (529.524, 17.604) (529.524, 17.604) on layer: M1
Net VDD: dangling Wire at (465.588, 17.604) (465.588, 17.604) on layer: M1
Net VDD: dangling Wire at (430.002, 17.604) (430.002, 17.604) on layer: M1
Net VDD: dangling Wire at (303.210, 17.604) (303.210, 17.604) on layer: M1
Net VDD: dangling Wire at (137.538, 17.604) (137.538, 17.604) on layer: M1
Net VDD: dangling Wire at (102.168, 17.604) (102.168, 17.604) on layer: M1
Net VDD: dangling Wire at (33.912, 17.604) (33.912, 17.604) on layer: M1
Net VDD: dangling Wire at (36.072, 17.604) (36.072, 17.604) on layer: M1
Net VDD: dangling Wire at (529.524, 18.144) (529.524, 18.144) on layer: M1
Net VDD: dangling Wire at (465.588, 18.144) (465.588, 18.144) on layer: M1
Net VDD: dangling Wire at (430.002, 18.144) (430.002, 18.144) on layer: M1
Net VDD: dangling Wire at (303.210, 18.144) (303.210, 18.144) on layer: M1
Net VDD: dangling Wire at (137.538, 18.144) (137.538, 18.144) on layer: M1
Net VDD: dangling Wire at (102.168, 18.144) (102.168, 18.144) on layer: M1
Net VDD: dangling Wire at (33.912, 18.144) (33.912, 18.144) on layer: M1
Net VDD: dangling Wire at (36.072, 18.144) (36.072, 18.144) on layer: M1
Net VDD: dangling Wire at (529.524, 18.684) (529.524, 18.684) on layer: M1
Net VDD: dangling Wire at (465.588, 18.684) (465.588, 18.684) on layer: M1
Net VDD: dangling Wire at (430.002, 18.684) (430.002, 18.684) on layer: M1
Net VDD: dangling Wire at (303.210, 18.684) (303.210, 18.684) on layer: M1
Net VDD: dangling Wire at (137.538, 18.684) (137.538, 18.684) on layer: M1
Net VDD: dangling Wire at (102.168, 18.684) (102.168, 18.684) on layer: M1
Net VDD: dangling Wire at (33.912, 18.684) (33.912, 18.684) on layer: M1
Net VDD: dangling Wire at (36.072, 18.684) (36.072, 18.684) on layer: M1
Net VDD: dangling Wire at (529.524, 19.224) (529.524, 19.224) on layer: M1
Net VDD: dangling Wire at (465.588, 19.224) (465.588, 19.224) on layer: M1
Net VDD: dangling Wire at (430.002, 19.224) (430.002, 19.224) on layer: M1
Net VDD: dangling Wire at (303.210, 19.224) (303.210, 19.224) on layer: M1
Net VDD: dangling Wire at (137.538, 19.224) (137.538, 19.224) on layer: M1
Net VDD: dangling Wire at (102.168, 19.224) (102.168, 19.224) on layer: M1
Net VDD: dangling Wire at (33.912, 19.224) (33.912, 19.224) on layer: M1
Net VDD: dangling Wire at (36.072, 19.224) (36.072, 19.224) on layer: M1
Net VDD: dangling Wire at (529.524, 19.764) (529.524, 19.764) on layer: M1
Net VDD: dangling Wire at (465.588, 19.764) (465.588, 19.764) on layer: M1
Net VDD: dangling Wire at (430.002, 19.764) (430.002, 19.764) on layer: M1
Net VDD: dangling Wire at (303.210, 19.764) (303.210, 19.764) on layer: M1
Net VDD: dangling Wire at (137.538, 19.764) (137.538, 19.764) on layer: M1
Net VDD: dangling Wire at (102.168, 19.764) (102.168, 19.764) on layer: M1
Net VDD: dangling Wire at (33.912, 19.764) (33.912, 19.764) on layer: M1
Net VDD: dangling Wire at (36.072, 19.764) (36.072, 19.764) on layer: M1
Net VDD: dangling Wire at (529.524, 20.304) (529.524, 20.304) on layer: M1
Net VDD: dangling Wire at (465.588, 20.304) (465.588, 20.304) on layer: M1
Net VDD: dangling Wire at (430.002, 20.304) (430.002, 20.304) on layer: M1
Net VDD: dangling Wire at (303.210, 20.304) (303.210, 20.304) on layer: M1
Net VDD: dangling Wire at (137.538, 20.304) (137.538, 20.304) on layer: M1
Net VDD: dangling Wire at (102.168, 20.304) (102.168, 20.304) on layer: M1
Net VDD: dangling Wire at (33.912, 20.304) (33.912, 20.304) on layer: M1
Net VDD: dangling Wire at (36.072, 20.304) (36.072, 20.304) on layer: M1
Net VDD: dangling Wire at (529.524, 20.844) (529.524, 20.844) on layer: M1
Net VDD: dangling Wire at (465.588, 20.844) (465.588, 20.844) on layer: M1
Net VDD: dangling Wire at (430.002, 20.844) (430.002, 20.844) on layer: M1
Net VDD: dangling Wire at (303.210, 20.844) (303.210, 20.844) on layer: M1
Net VDD: dangling Wire at (137.538, 20.844) (137.538, 20.844) on layer: M1
Net VDD: dangling Wire at (102.168, 20.844) (102.168, 20.844) on layer: M1
Net VDD: dangling Wire at (33.912, 20.844) (33.912, 20.844) on layer: M1
Net VDD: dangling Wire at (36.072, 20.844) (36.072, 20.844) on layer: M1
Net VDD: dangling Wire at (465.588, 21.384) (465.588, 21.384) on layer: M1
Net VDD: dangling Wire at (430.002, 21.384) (430.002, 21.384) on layer: M1
Net VDD: dangling Wire at (303.210, 21.384) (303.210, 21.384) on layer: M1
Net VDD: dangling Wire at (137.538, 21.384) (137.538, 21.384) on layer: M1
Net VDD: dangling Wire at (102.168, 21.384) (102.168, 21.384) on layer: M1
Net VDD: dangling Wire at (36.072, 21.384) (36.072, 21.384) on layer: M1
Net VDD: dangling Wire at (529.524, 21.924) (529.524, 21.924) on layer: M1
Net VDD: dangling Wire at (465.588, 21.924) (465.588, 21.924) on layer: M1
Net VDD: dangling Wire at (430.002, 21.924) (430.002, 21.924) on layer: M1
Net VDD: dangling Wire at (303.210, 21.924) (303.210, 21.924) on layer: M1
Net VDD: dangling Wire at (137.538, 21.924) (137.538, 21.924) on layer: M1
Net VDD: dangling Wire at (102.168, 21.924) (102.168, 21.924) on layer: M1
Net VDD: dangling Wire at (529.524, 22.464) (529.524, 22.464) on layer: M1
Net VDD: dangling Wire at (465.588, 22.464) (465.588, 22.464) on layer: M1
Net VDD: dangling Wire at (430.002, 22.464) (430.002, 22.464) on layer: M1
Net VDD: dangling Wire at (303.210, 22.464) (303.210, 22.464) on layer: M1
Net VDD: dangling Wire at (137.538, 22.464) (137.538, 22.464) on layer: M1
Net VDD: dangling Wire at (102.168, 22.464) (102.168, 22.464) on layer: M1
Net VDD: dangling Wire at (33.912, 22.464) (33.912, 22.464) on layer: M1
Net VDD: dangling Wire at (36.072, 22.464) (36.072, 22.464) on layer: M1
Net VDD: dangling Wire at (529.524, 23.004) (529.524, 23.004) on layer: M1
Net VDD: dangling Wire at (465.588, 23.004) (465.588, 23.004) on layer: M1
Net VDD: dangling Wire at (430.002, 23.004) (430.002, 23.004) on layer: M1
Net VDD: dangling Wire at (303.210, 23.004) (303.210, 23.004) on layer: M1
Net VDD: dangling Wire at (137.538, 23.004) (137.538, 23.004) on layer: M1
Net VDD: dangling Wire at (102.168, 23.004) (102.168, 23.004) on layer: M1
Net VDD: dangling Wire at (33.912, 23.004) (33.912, 23.004) on layer: M1
Net VDD: dangling Wire at (36.072, 23.004) (36.072, 23.004) on layer: M1
Net VDD: dangling Wire at (529.524, 23.544) (529.524, 23.544) on layer: M1
Net VDD: dangling Wire at (465.588, 23.544) (465.588, 23.544) on layer: M1
Net VDD: dangling Wire at (430.002, 23.544) (430.002, 23.544) on layer: M1
Net VDD: dangling Wire at (303.210, 23.544) (303.210, 23.544) on layer: M1
Net VDD: dangling Wire at (137.538, 23.544) (137.538, 23.544) on layer: M1
Net VDD: dangling Wire at (102.168, 23.544) (102.168, 23.544) on layer: M1
Net VDD: dangling Wire at (33.912, 23.544) (33.912, 23.544) on layer: M1
Net VDD: dangling Wire at (36.072, 23.544) (36.072, 23.544) on layer: M1
Net VDD: dangling Wire at (529.524, 24.084) (529.524, 24.084) on layer: M1
Net VDD: dangling Wire at (465.588, 24.084) (465.588, 24.084) on layer: M1
Net VDD: dangling Wire at (430.002, 24.084) (430.002, 24.084) on layer: M1
Net VDD: dangling Wire at (303.210, 24.084) (303.210, 24.084) on layer: M1
Net VDD: dangling Wire at (137.538, 24.084) (137.538, 24.084) on layer: M1
Net VDD: dangling Wire at (102.168, 24.084) (102.168, 24.084) on layer: M1
Net VDD: dangling Wire at (33.912, 24.084) (33.912, 24.084) on layer: M1
Net VDD: dangling Wire at (36.072, 24.084) (36.072, 24.084) on layer: M1
Net VDD: dangling Wire at (529.524, 24.624) (529.524, 24.624) on layer: M1
Net VDD: dangling Wire at (465.588, 24.624) (465.588, 24.624) on layer: M1
Net VDD: dangling Wire at (430.002, 24.624) (430.002, 24.624) on layer: M1
Net VDD: dangling Wire at (303.210, 24.624) (303.210, 24.624) on layer: M1
Net VDD: dangling Wire at (137.538, 24.624) (137.538, 24.624) on layer: M1
Net VDD: dangling Wire at (102.168, 24.624) (102.168, 24.624) on layer: M1
Net VDD: dangling Wire at (33.912, 24.624) (33.912, 24.624) on layer: M1
Net VDD: dangling Wire at (36.072, 24.624) (36.072, 24.624) on layer: M1
Net VDD: dangling Wire at (529.524, 25.164) (529.524, 25.164) on layer: M1
Net VDD: dangling Wire at (465.588, 25.164) (465.588, 25.164) on layer: M1
Net VDD: dangling Wire at (430.002, 25.164) (430.002, 25.164) on layer: M1
Net VDD: dangling Wire at (303.210, 25.164) (303.210, 25.164) on layer: M1
Net VDD: dangling Wire at (137.538, 25.164) (137.538, 25.164) on layer: M1
Net VDD: dangling Wire at (102.168, 25.164) (102.168, 25.164) on layer: M1
Net VDD: dangling Wire at (33.912, 25.164) (33.912, 25.164) on layer: M1
Net VDD: dangling Wire at (36.072, 25.164) (36.072, 25.164) on layer: M1
Net VDD: dangling Wire at (529.524, 25.704) (529.524, 25.704) on layer: M1
Net VDD: dangling Wire at (465.588, 25.704) (465.588, 25.704) on layer: M1
Net VDD: dangling Wire at (430.002, 25.704) (430.002, 25.704) on layer: M1
Net VDD: dangling Wire at (303.210, 25.704) (303.210, 25.704) on layer: M1
Net VDD: dangling Wire at (137.538, 25.704) (137.538, 25.704) on layer: M1
Net VDD: dangling Wire at (102.168, 25.704) (102.168, 25.704) on layer: M1
Net VDD: dangling Wire at (33.912, 25.704) (33.912, 25.704) on layer: M1
Net VDD: dangling Wire at (36.072, 25.704) (36.072, 25.704) on layer: M1
Net VDD: dangling Wire at (529.524, 26.244) (529.524, 26.244) on layer: M1
Net VDD: dangling Wire at (465.588, 26.244) (465.588, 26.244) on layer: M1
Net VDD: dangling Wire at (430.002, 26.244) (430.002, 26.244) on layer: M1
Net VDD: dangling Wire at (303.210, 26.244) (303.210, 26.244) on layer: M1
Net VDD: dangling Wire at (137.538, 26.244) (137.538, 26.244) on layer: M1
Net VDD: dangling Wire at (102.168, 26.244) (102.168, 26.244) on layer: M1
Net VDD: dangling Wire at (33.912, 26.244) (33.912, 26.244) on layer: M1
Net VDD: dangling Wire at (36.072, 26.244) (36.072, 26.244) on layer: M1
Net VDD: dangling Wire at (529.524, 26.784) (529.524, 26.784) on layer: M1
Net VDD: dangling Wire at (465.588, 26.784) (465.588, 26.784) on layer: M1
Net VDD: dangling Wire at (430.002, 26.784) (430.002, 26.784) on layer: M1
Net VDD: dangling Wire at (303.210, 26.784) (303.210, 26.784) on layer: M1
Net VDD: dangling Wire at (137.538, 26.784) (137.538, 26.784) on layer: M1
Net VDD: dangling Wire at (102.168, 26.784) (102.168, 26.784) on layer: M1
Net VDD: dangling Wire at (33.912, 26.784) (33.912, 26.784) on layer: M1
Net VDD: dangling Wire at (36.072, 26.784) (36.072, 26.784) on layer: M1
Net VDD: dangling Wire at (529.524, 27.324) (529.524, 27.324) on layer: M1
Net VDD: dangling Wire at (465.588, 27.324) (465.588, 27.324) on layer: M1
Net VDD: dangling Wire at (430.002, 27.324) (430.002, 27.324) on layer: M1
Net VDD: dangling Wire at (303.210, 27.324) (303.210, 27.324) on layer: M1
Net VDD: dangling Wire at (137.538, 27.324) (137.538, 27.324) on layer: M1
Net VDD: dangling Wire at (102.168, 27.324) (102.168, 27.324) on layer: M1
Net VDD: dangling Wire at (36.072, 27.324) (36.072, 27.324) on layer: M1
Net VDD: dangling Wire at (529.524, 27.864) (529.524, 27.864) on layer: M1
Net VDD: dangling Wire at (465.588, 27.864) (465.588, 27.864) on layer: M1
Net VDD: dangling Wire at (430.002, 27.864) (430.002, 27.864) on layer: M1
Net VDD: dangling Wire at (303.210, 27.864) (303.210, 27.864) on layer: M1
Net VDD: dangling Wire at (137.538, 27.864) (137.538, 27.864) on layer: M1
Net VDD: dangling Wire at (102.168, 27.864) (102.168, 27.864) on layer: M1
Net VDD: dangling Wire at (36.072, 27.864) (36.072, 27.864) on layer: M1
Net VDD: dangling Wire at (529.524, 28.404) (529.524, 28.404) on layer: M1
Net VDD: dangling Wire at (465.588, 28.404) (465.588, 28.404) on layer: M1
Net VDD: dangling Wire at (430.002, 28.404) (430.002, 28.404) on layer: M1
Net VDD: dangling Wire at (303.210, 28.404) (303.210, 28.404) on layer: M1
Net VDD: dangling Wire at (137.538, 28.404) (137.538, 28.404) on layer: M1
Net VDD: dangling Wire at (102.168, 28.404) (102.168, 28.404) on layer: M1
Net VDD: dangling Wire at (36.072, 28.404) (36.072, 28.404) on layer: M1
Net VDD: dangling Wire at (529.524, 28.944) (529.524, 28.944) on layer: M1
Net VDD: dangling Wire at (465.588, 28.944) (465.588, 28.944) on layer: M1
Net VDD: dangling Wire at (430.002, 28.944) (430.002, 28.944) on layer: M1
Net VDD: dangling Wire at (303.210, 28.944) (303.210, 28.944) on layer: M1
Net VDD: dangling Wire at (137.538, 28.944) (137.538, 28.944) on layer: M1
Net VDD: dangling Wire at (102.168, 28.944) (102.168, 28.944) on layer: M1
Net VDD: dangling Wire at (33.912, 28.944) (33.912, 28.944) on layer: M1
Net VDD: dangling Wire at (36.072, 28.944) (36.072, 28.944) on layer: M1
Net VDD: dangling Wire at (529.524, 29.484) (529.524, 29.484) on layer: M1
Net VDD: dangling Wire at (465.588, 29.484) (465.588, 29.484) on layer: M1
Net VDD: dangling Wire at (430.002, 29.484) (430.002, 29.484) on layer: M1
Net VDD: dangling Wire at (303.210, 29.484) (303.210, 29.484) on layer: M1
Net VDD: dangling Wire at (137.538, 29.484) (137.538, 29.484) on layer: M1
Net VDD: dangling Wire at (102.168, 29.484) (102.168, 29.484) on layer: M1
Net VDD: dangling Wire at (33.912, 29.484) (33.912, 29.484) on layer: M1
Net VDD: dangling Wire at (36.072, 29.484) (36.072, 29.484) on layer: M1
Net VDD: dangling Wire at (529.524, 30.024) (529.524, 30.024) on layer: M1
Net VDD: dangling Wire at (465.588, 30.024) (465.588, 30.024) on layer: M1
Net VDD: dangling Wire at (430.002, 30.024) (430.002, 30.024) on layer: M1
Net VDD: dangling Wire at (303.210, 30.024) (303.210, 30.024) on layer: M1
Net VDD: dangling Wire at (137.538, 30.024) (137.538, 30.024) on layer: M1
Net VDD: dangling Wire at (102.168, 30.024) (102.168, 30.024) on layer: M1
Net VDD: dangling Wire at (33.912, 30.024) (33.912, 30.024) on layer: M1
Net VDD: dangling Wire at (36.072, 30.024) (36.072, 30.024) on layer: M1
Net VDD: dangling Wire at (529.524, 30.564) (529.524, 30.564) on layer: M1
Net VDD: dangling Wire at (465.588, 30.564) (465.588, 30.564) on layer: M1
Net VDD: dangling Wire at (430.002, 30.564) (430.002, 30.564) on layer: M1
Net VDD: dangling Wire at (303.210, 30.564) (303.210, 30.564) on layer: M1
Net VDD: dangling Wire at (137.538, 30.564) (137.538, 30.564) on layer: M1
Net VDD: dangling Wire at (102.168, 30.564) (102.168, 30.564) on layer: M1
Net VDD: dangling Wire at (33.912, 30.564) (33.912, 30.564) on layer: M1
Net VDD: dangling Wire at (36.072, 30.564) (36.072, 30.564) on layer: M1
Net VDD: dangling Wire at (529.524, 31.104) (529.524, 31.104) on layer: M1
Net VDD: dangling Wire at (465.588, 31.104) (465.588, 31.104) on layer: M1
Net VDD: dangling Wire at (430.002, 31.104) (430.002, 31.104) on layer: M1
Net VDD: dangling Wire at (303.210, 31.104) (303.210, 31.104) on layer: M1
Net VDD: dangling Wire at (137.538, 31.104) (137.538, 31.104) on layer: M1
Net VDD: dangling Wire at (102.168, 31.104) (102.168, 31.104) on layer: M1
Net VDD: dangling Wire at (33.912, 31.104) (33.912, 31.104) on layer: M1
Net VDD: dangling Wire at (36.072, 31.104) (36.072, 31.104) on layer: M1
Net VDD: dangling Wire at (529.524, 31.644) (529.524, 31.644) on layer: M1
Net VDD: dangling Wire at (465.588, 31.644) (465.588, 31.644) on layer: M1
Net VDD: dangling Wire at (430.002, 31.644) (430.002, 31.644) on layer: M1
Net VDD: dangling Wire at (303.210, 31.644) (303.210, 31.644) on layer: M1
Net VDD: dangling Wire at (137.538, 31.644) (137.538, 31.644) on layer: M1
Net VDD: dangling Wire at (102.168, 31.644) (102.168, 31.644) on layer: M1
Net VDD: dangling Wire at (33.912, 31.644) (33.912, 31.644) on layer: M1
Net VDD: dangling Wire at (36.072, 31.644) (36.072, 31.644) on layer: M1
Net VDD: dangling Wire at (529.524, 32.184) (529.524, 32.184) on layer: M1
Net VDD: dangling Wire at (465.588, 32.184) (465.588, 32.184) on layer: M1
Net VDD: dangling Wire at (430.002, 32.184) (430.002, 32.184) on layer: M1
Net VDD: dangling Wire at (303.210, 32.184) (303.210, 32.184) on layer: M1
Net VDD: dangling Wire at (137.538, 32.184) (137.538, 32.184) on layer: M1
Net VDD: dangling Wire at (102.168, 32.184) (102.168, 32.184) on layer: M1
Net VDD: dangling Wire at (33.912, 32.184) (33.912, 32.184) on layer: M1
Net VDD: dangling Wire at (36.072, 32.184) (36.072, 32.184) on layer: M1
Net VDD: dangling Wire at (529.524, 32.724) (529.524, 32.724) on layer: M1
Net VDD: dangling Wire at (465.588, 32.724) (465.588, 32.724) on layer: M1
Net VDD: dangling Wire at (430.002, 32.724) (430.002, 32.724) on layer: M1
Net VDD: dangling Wire at (303.210, 32.724) (303.210, 32.724) on layer: M1
Net VDD: dangling Wire at (137.538, 32.724) (137.538, 32.724) on layer: M1
Net VDD: dangling Wire at (102.168, 32.724) (102.168, 32.724) on layer: M1
Net VDD: dangling Wire at (33.912, 32.724) (33.912, 32.724) on layer: M1
Net VDD: dangling Wire at (36.072, 32.724) (36.072, 32.724) on layer: M1
Net VDD: dangling Wire at (529.524, 33.264) (529.524, 33.264) on layer: M1
Net VDD: dangling Wire at (465.588, 33.264) (465.588, 33.264) on layer: M1
Net VDD: dangling Wire at (430.002, 33.264) (430.002, 33.264) on layer: M1
Net VDD: dangling Wire at (303.210, 33.264) (303.210, 33.264) on layer: M1
Net VDD: dangling Wire at (137.538, 33.264) (137.538, 33.264) on layer: M1
Net VDD: dangling Wire at (102.168, 33.264) (102.168, 33.264) on layer: M1
Net VDD: dangling Wire at (33.912, 33.264) (33.912, 33.264) on layer: M1
Net VDD: dangling Wire at (36.072, 33.264) (36.072, 33.264) on layer: M1
Net VDD: dangling Wire at (529.524, 33.804) (529.524, 33.804) on layer: M1
Net VDD: dangling Wire at (465.588, 33.804) (465.588, 33.804) on layer: M1
Net VDD: dangling Wire at (430.002, 33.804) (430.002, 33.804) on layer: M1
Net VDD: dangling Wire at (303.210, 33.804) (303.210, 33.804) on layer: M1
Net VDD: dangling Wire at (137.538, 33.804) (137.538, 33.804) on layer: M1
Net VDD: dangling Wire at (102.168, 33.804) (102.168, 33.804) on layer: M1
Net VDD: dangling Wire at (36.072, 33.804) (36.072, 33.804) on layer: M1
Net VDD: dangling Wire at (529.524, 34.344) (529.524, 34.344) on layer: M1
Net VDD: dangling Wire at (465.588, 34.344) (465.588, 34.344) on layer: M1
Net VDD: dangling Wire at (430.002, 34.344) (430.002, 34.344) on layer: M1
Net VDD: dangling Wire at (303.210, 34.344) (303.210, 34.344) on layer: M1
Net VDD: dangling Wire at (137.538, 34.344) (137.538, 34.344) on layer: M1
Net VDD: dangling Wire at (102.168, 34.344) (102.168, 34.344) on layer: M1
Net VDD: dangling Wire at (33.912, 34.344) (33.912, 34.344) on layer: M1
Net VDD: dangling Wire at (36.072, 34.344) (36.072, 34.344) on layer: M1
Net VDD: dangling Wire at (529.524, 34.884) (529.524, 34.884) on layer: M1
Net VDD: dangling Wire at (465.588, 34.884) (465.588, 34.884) on layer: M1
Net VDD: dangling Wire at (430.002, 34.884) (430.002, 34.884) on layer: M1
Net VDD: dangling Wire at (303.210, 34.884) (303.210, 34.884) on layer: M1
Net VDD: dangling Wire at (137.538, 34.884) (137.538, 34.884) on layer: M1
Net VDD: dangling Wire at (102.168, 34.884) (102.168, 34.884) on layer: M1
Net VDD: dangling Wire at (33.912, 34.884) (33.912, 34.884) on layer: M1
Net VDD: dangling Wire at (36.072, 34.884) (36.072, 34.884) on layer: M1
Net VDD: dangling Wire at (529.524, 35.424) (529.524, 35.424) on layer: M1
Net VDD: dangling Wire at (465.588, 35.424) (465.588, 35.424) on layer: M1
Net VDD: dangling Wire at (430.002, 35.424) (430.002, 35.424) on layer: M1
Net VDD: dangling Wire at (303.210, 35.424) (303.210, 35.424) on layer: M1
Net VDD: dangling Wire at (137.538, 35.424) (137.538, 35.424) on layer: M1
Net VDD: dangling Wire at (102.168, 35.424) (102.168, 35.424) on layer: M1
Net VDD: dangling Wire at (33.912, 35.424) (33.912, 35.424) on layer: M1
Net VDD: dangling Wire at (36.072, 35.424) (36.072, 35.424) on layer: M1
Net VDD: dangling Wire at (529.524, 35.964) (529.524, 35.964) on layer: M1
Net VDD: dangling Wire at (465.588, 35.964) (465.588, 35.964) on layer: M1
Net VDD: dangling Wire at (430.002, 35.964) (430.002, 35.964) on layer: M1
Net VDD: dangling Wire at (303.210, 35.964) (303.210, 35.964) on layer: M1
Net VDD: dangling Wire at (137.538, 35.964) (137.538, 35.964) on layer: M1
Net VDD: dangling Wire at (33.912, 35.964) (33.912, 35.964) on layer: M1
Net VDD: dangling Wire at (36.072, 35.964) (36.072, 35.964) on layer: M1
Net VDD: dangling Wire at (529.524, 36.504) (529.524, 36.504) on layer: M1
Net VDD: dangling Wire at (465.588, 36.504) (465.588, 36.504) on layer: M1
Net VDD: dangling Wire at (430.002, 36.504) (430.002, 36.504) on layer: M1
Net VDD: dangling Wire at (303.210, 36.504) (303.210, 36.504) on layer: M1
Net VDD: dangling Wire at (137.538, 36.504) (137.538, 36.504) on layer: M1
Net VDD: dangling Wire at (102.168, 36.504) (102.168, 36.504) on layer: M1
Net VDD: dangling Wire at (33.912, 36.504) (33.912, 36.504) on layer: M1
Net VDD: dangling Wire at (36.072, 36.504) (36.072, 36.504) on layer: M1
Net VDD: dangling Wire at (529.524, 37.044) (529.524, 37.044) on layer: M1
Net VDD: dangling Wire at (465.588, 37.044) (465.588, 37.044) on layer: M1
Net VDD: dangling Wire at (430.002, 37.044) (430.002, 37.044) on layer: M1
Net VDD: dangling Wire at (303.210, 37.044) (303.210, 37.044) on layer: M1
Net VDD: dangling Wire at (137.538, 37.044) (137.538, 37.044) on layer: M1
Net VDD: dangling Wire at (102.168, 37.044) (102.168, 37.044) on layer: M1
Net VDD: dangling Wire at (33.912, 37.044) (33.912, 37.044) on layer: M1
Net VDD: dangling Wire at (36.072, 37.044) (36.072, 37.044) on layer: M1
Net VDD: dangling Wire at (529.524, 37.584) (529.524, 37.584) on layer: M1
Net VDD: dangling Wire at (465.588, 37.584) (465.588, 37.584) on layer: M1
Net VDD: dangling Wire at (430.002, 37.584) (430.002, 37.584) on layer: M1
Net VDD: dangling Wire at (303.210, 37.584) (303.210, 37.584) on layer: M1
Net VDD: dangling Wire at (137.538, 37.584) (137.538, 37.584) on layer: M1
Net VDD: dangling Wire at (102.168, 37.584) (102.168, 37.584) on layer: M1
Net VDD: dangling Wire at (33.912, 37.584) (33.912, 37.584) on layer: M1
Net VDD: dangling Wire at (36.072, 37.584) (36.072, 37.584) on layer: M1
Net VDD: dangling Wire at (529.524, 38.124) (529.524, 38.124) on layer: M1
Net VDD: dangling Wire at (465.588, 38.124) (465.588, 38.124) on layer: M1
Net VDD: dangling Wire at (430.002, 38.124) (430.002, 38.124) on layer: M1
Net VDD: dangling Wire at (303.210, 38.124) (303.210, 38.124) on layer: M1
Net VDD: dangling Wire at (137.538, 38.124) (137.538, 38.124) on layer: M1
Net VDD: dangling Wire at (102.168, 38.124) (102.168, 38.124) on layer: M1
Net VDD: dangling Wire at (33.912, 38.124) (33.912, 38.124) on layer: M1
Net VDD: dangling Wire at (36.072, 38.124) (36.072, 38.124) on layer: M1
Net VDD: dangling Wire at (529.524, 38.664) (529.524, 38.664) on layer: M1
Net VDD: dangling Wire at (465.588, 38.664) (465.588, 38.664) on layer: M1
Net VDD: dangling Wire at (430.002, 38.664) (430.002, 38.664) on layer: M1
Net VDD: dangling Wire at (303.210, 38.664) (303.210, 38.664) on layer: M1
Net VDD: dangling Wire at (137.538, 38.664) (137.538, 38.664) on layer: M1
Net VDD: dangling Wire at (102.168, 38.664) (102.168, 38.664) on layer: M1
Net VDD: dangling Wire at (33.912, 38.664) (33.912, 38.664) on layer: M1
Net VDD: dangling Wire at (36.072, 38.664) (36.072, 38.664) on layer: M1
Net VDD: dangling Wire at (529.524, 39.204) (529.524, 39.204) on layer: M1
Net VDD: dangling Wire at (465.588, 39.204) (465.588, 39.204) on layer: M1
Net VDD: dangling Wire at (430.002, 39.204) (430.002, 39.204) on layer: M1
Net VDD: dangling Wire at (303.210, 39.204) (303.210, 39.204) on layer: M1
Net VDD: dangling Wire at (137.538, 39.204) (137.538, 39.204) on layer: M1
Net VDD: dangling Wire at (102.168, 39.204) (102.168, 39.204) on layer: M1
Net VDD: dangling Wire at (33.912, 39.204) (33.912, 39.204) on layer: M1
Net VDD: dangling Wire at (36.072, 39.204) (36.072, 39.204) on layer: M1
Net VDD: dangling Wire at (529.524, 39.744) (529.524, 39.744) on layer: M1
Net VDD: dangling Wire at (465.588, 39.744) (465.588, 39.744) on layer: M1
Net VDD: dangling Wire at (430.002, 39.744) (430.002, 39.744) on layer: M1
Net VDD: dangling Wire at (303.210, 39.744) (303.210, 39.744) on layer: M1
Net VDD: dangling Wire at (137.538, 39.744) (137.538, 39.744) on layer: M1
Net VDD: dangling Wire at (102.168, 39.744) (102.168, 39.744) on layer: M1
Net VDD: dangling Wire at (33.912, 39.744) (33.912, 39.744) on layer: M1
Net VDD: dangling Wire at (36.072, 39.744) (36.072, 39.744) on layer: M1
Net VDD: dangling Wire at (529.524, 40.284) (529.524, 40.284) on layer: M1
Net VDD: dangling Wire at (465.588, 40.284) (465.588, 40.284) on layer: M1
Net VDD: dangling Wire at (430.002, 40.284) (430.002, 40.284) on layer: M1
Net VDD: dangling Wire at (303.210, 40.284) (303.210, 40.284) on layer: M1
Net VDD: dangling Wire at (137.538, 40.284) (137.538, 40.284) on layer: M1
Net VDD: dangling Wire at (102.168, 40.284) (102.168, 40.284) on layer: M1
Net VDD: dangling Wire at (33.912, 40.284) (33.912, 40.284) on layer: M1
Net VDD: dangling Wire at (36.072, 40.284) (36.072, 40.284) on layer: M1
Net VDD: dangling Wire at (529.524, 40.824) (529.524, 40.824) on layer: M1
Net VDD: dangling Wire at (465.588, 40.824) (465.588, 40.824) on layer: M1
Net VDD: dangling Wire at (430.002, 40.824) (430.002, 40.824) on layer: M1
Net VDD: dangling Wire at (303.210, 40.824) (303.210, 40.824) on layer: M1
Net VDD: dangling Wire at (137.538, 40.824) (137.538, 40.824) on layer: M1
Net VDD: dangling Wire at (102.168, 40.824) (102.168, 40.824) on layer: M1
Net VDD: dangling Wire at (33.912, 40.824) (33.912, 40.824) on layer: M1
Net VDD: dangling Wire at (36.072, 40.824) (36.072, 40.824) on layer: M1
Net VDD: dangling Wire at (529.524, 41.364) (529.524, 41.364) on layer: M1
Net VDD: dangling Wire at (465.588, 41.364) (465.588, 41.364) on layer: M1
Net VDD: dangling Wire at (430.002, 41.364) (430.002, 41.364) on layer: M1
Net VDD: dangling Wire at (303.210, 41.364) (303.210, 41.364) on layer: M1
Net VDD: dangling Wire at (137.538, 41.364) (137.538, 41.364) on layer: M1
Net VDD: dangling Wire at (102.168, 41.364) (102.168, 41.364) on layer: M1
Net VDD: dangling Wire at (33.912, 41.364) (33.912, 41.364) on layer: M1
Net VDD: dangling Wire at (36.072, 41.364) (36.072, 41.364) on layer: M1
Net VDD: dangling Wire at (529.524, 41.904) (529.524, 41.904) on layer: M1
Net VDD: dangling Wire at (465.588, 41.904) (465.588, 41.904) on layer: M1
Net VDD: dangling Wire at (430.002, 41.904) (430.002, 41.904) on layer: M1
Net VDD: dangling Wire at (303.210, 41.904) (303.210, 41.904) on layer: M1
Net VDD: dangling Wire at (137.538, 41.904) (137.538, 41.904) on layer: M1
Net VDD: dangling Wire at (102.168, 41.904) (102.168, 41.904) on layer: M1
Net VDD: dangling Wire at (33.912, 41.904) (33.912, 41.904) on layer: M1
Net VDD: dangling Wire at (36.072, 41.904) (36.072, 41.904) on layer: M1
Net VDD: dangling Wire at (529.524, 42.444) (529.524, 42.444) on layer: M1
Net VDD: dangling Wire at (465.588, 42.444) (465.588, 42.444) on layer: M1
Net VDD: dangling Wire at (430.002, 42.444) (430.002, 42.444) on layer: M1
Net VDD: dangling Wire at (303.210, 42.444) (303.210, 42.444) on layer: M1
Net VDD: dangling Wire at (137.538, 42.444) (137.538, 42.444) on layer: M1
Net VDD: dangling Wire at (102.168, 42.444) (102.168, 42.444) on layer: M1
Net VDD: dangling Wire at (33.912, 42.444) (33.912, 42.444) on layer: M1
Net VDD: dangling Wire at (36.072, 42.444) (36.072, 42.444) on layer: M1
Net VDD: dangling Wire at (529.524, 42.984) (529.524, 42.984) on layer: M1
Net VDD: dangling Wire at (465.588, 42.984) (465.588, 42.984) on layer: M1
Net VDD: dangling Wire at (430.002, 42.984) (430.002, 42.984) on layer: M1
Net VDD: dangling Wire at (303.210, 42.984) (303.210, 42.984) on layer: M1
Net VDD: dangling Wire at (137.538, 42.984) (137.538, 42.984) on layer: M1
Net VDD: dangling Wire at (102.168, 42.984) (102.168, 42.984) on layer: M1
Net VDD: dangling Wire at (33.912, 42.984) (33.912, 42.984) on layer: M1
Net VDD: dangling Wire at (36.072, 42.984) (36.072, 42.984) on layer: M1
Net VDD: dangling Wire at (529.524, 43.524) (529.524, 43.524) on layer: M1
Net VDD: dangling Wire at (465.588, 43.524) (465.588, 43.524) on layer: M1
Net VDD: dangling Wire at (430.002, 43.524) (430.002, 43.524) on layer: M1
Net VDD: dangling Wire at (303.210, 43.524) (303.210, 43.524) on layer: M1
Net VDD: dangling Wire at (137.538, 43.524) (137.538, 43.524) on layer: M1
Net VDD: dangling Wire at (102.168, 43.524) (102.168, 43.524) on layer: M1
Net VDD: dangling Wire at (36.072, 43.524) (36.072, 43.524) on layer: M1
Net VDD: dangling Wire at (529.524, 44.064) (529.524, 44.064) on layer: M1
Net VDD: dangling Wire at (465.588, 44.064) (465.588, 44.064) on layer: M1
Net VDD: dangling Wire at (430.002, 44.064) (430.002, 44.064) on layer: M1
Net VDD: dangling Wire at (303.210, 44.064) (303.210, 44.064) on layer: M1
Net VDD: dangling Wire at (137.538, 44.064) (137.538, 44.064) on layer: M1
Net VDD: dangling Wire at (102.168, 44.064) (102.168, 44.064) on layer: M1
Net VDD: dangling Wire at (33.912, 44.064) (33.912, 44.064) on layer: M1
Net VDD: dangling Wire at (36.072, 44.064) (36.072, 44.064) on layer: M1
Net VDD: dangling Wire at (529.524, 44.604) (529.524, 44.604) on layer: M1
Net VDD: dangling Wire at (465.588, 44.604) (465.588, 44.604) on layer: M1
Net VDD: dangling Wire at (430.002, 44.604) (430.002, 44.604) on layer: M1
Net VDD: dangling Wire at (303.210, 44.604) (303.210, 44.604) on layer: M1
Net VDD: dangling Wire at (137.538, 44.604) (137.538, 44.604) on layer: M1
Net VDD: dangling Wire at (102.168, 44.604) (102.168, 44.604) on layer: M1
Net VDD: dangling Wire at (33.912, 44.604) (33.912, 44.604) on layer: M1
Net VDD: dangling Wire at (36.072, 44.604) (36.072, 44.604) on layer: M1
Net VDD: dangling Wire at (529.524, 45.144) (529.524, 45.144) on layer: M1
Net VDD: dangling Wire at (465.588, 45.144) (465.588, 45.144) on layer: M1
Net VDD: dangling Wire at (430.002, 45.144) (430.002, 45.144) on layer: M1
Net VDD: dangling Wire at (303.210, 45.144) (303.210, 45.144) on layer: M1
Net VDD: dangling Wire at (137.538, 45.144) (137.538, 45.144) on layer: M1
Net VDD: dangling Wire at (102.168, 45.144) (102.168, 45.144) on layer: M1
Net VDD: dangling Wire at (33.912, 45.144) (33.912, 45.144) on layer: M1
Net VDD: dangling Wire at (36.072, 45.144) (36.072, 45.144) on layer: M1
Net VDD: dangling Wire at (529.524, 45.684) (529.524, 45.684) on layer: M1
Net VDD: dangling Wire at (465.588, 45.684) (465.588, 45.684) on layer: M1
Net VDD: dangling Wire at (430.002, 45.684) (430.002, 45.684) on layer: M1
Net VDD: dangling Wire at (303.210, 45.684) (303.210, 45.684) on layer: M1
Net VDD: dangling Wire at (137.538, 45.684) (137.538, 45.684) on layer: M1
Net VDD: dangling Wire at (102.168, 45.684) (102.168, 45.684) on layer: M1
Net VDD: dangling Wire at (33.912, 45.684) (33.912, 45.684) on layer: M1
Net VDD: dangling Wire at (36.072, 45.684) (36.072, 45.684) on layer: M1
Net VDD: dangling Wire at (529.524, 46.224) (529.524, 46.224) on layer: M1
Net VDD: dangling Wire at (465.588, 46.224) (465.588, 46.224) on layer: M1
Net VDD: dangling Wire at (430.002, 46.224) (430.002, 46.224) on layer: M1
Net VDD: dangling Wire at (303.210, 46.224) (303.210, 46.224) on layer: M1
Net VDD: dangling Wire at (137.538, 46.224) (137.538, 46.224) on layer: M1
Net VDD: dangling Wire at (102.168, 46.224) (102.168, 46.224) on layer: M1
Net VDD: dangling Wire at (33.912, 46.224) (33.912, 46.224) on layer: M1
Net VDD: dangling Wire at (36.072, 46.224) (36.072, 46.224) on layer: M1
Net VDD: dangling Wire at (529.524, 46.764) (529.524, 46.764) on layer: M1
Net VDD: dangling Wire at (465.588, 46.764) (465.588, 46.764) on layer: M1
Net VDD: dangling Wire at (430.002, 46.764) (430.002, 46.764) on layer: M1
Net VDD: dangling Wire at (303.210, 46.764) (303.210, 46.764) on layer: M1
Net VDD: dangling Wire at (137.538, 46.764) (137.538, 46.764) on layer: M1
Net VDD: dangling Wire at (102.168, 46.764) (102.168, 46.764) on layer: M1
Net VDD: dangling Wire at (33.912, 46.764) (33.912, 46.764) on layer: M1
Net VDD: dangling Wire at (36.072, 46.764) (36.072, 46.764) on layer: M1
Net VDD: dangling Wire at (529.524, 47.304) (529.524, 47.304) on layer: M1
Net VDD: dangling Wire at (465.588, 47.304) (465.588, 47.304) on layer: M1
Net VDD: dangling Wire at (430.002, 47.304) (430.002, 47.304) on layer: M1
Net VDD: dangling Wire at (303.210, 47.304) (303.210, 47.304) on layer: M1
Net VDD: dangling Wire at (137.538, 47.304) (137.538, 47.304) on layer: M1
Net VDD: dangling Wire at (102.168, 47.304) (102.168, 47.304) on layer: M1
Net VDD: dangling Wire at (33.912, 47.304) (33.912, 47.304) on layer: M1
Net VDD: dangling Wire at (36.072, 47.304) (36.072, 47.304) on layer: M1
Net VDD: dangling Wire at (529.524, 47.844) (529.524, 47.844) on layer: M1
Net VDD: dangling Wire at (465.588, 47.844) (465.588, 47.844) on layer: M1
Net VDD: dangling Wire at (430.002, 47.844) (430.002, 47.844) on layer: M1
Net VDD: dangling Wire at (303.210, 47.844) (303.210, 47.844) on layer: M1
Net VDD: dangling Wire at (137.538, 47.844) (137.538, 47.844) on layer: M1
Net VDD: dangling Wire at (102.168, 47.844) (102.168, 47.844) on layer: M1
Net VDD: dangling Wire at (33.912, 47.844) (33.912, 47.844) on layer: M1
Net VDD: dangling Wire at (36.072, 47.844) (36.072, 47.844) on layer: M1
Net VDD: dangling Wire at (529.524, 48.384) (529.524, 48.384) on layer: M1
Net VDD: dangling Wire at (465.588, 48.384) (465.588, 48.384) on layer: M1
Net VDD: dangling Wire at (430.002, 48.384) (430.002, 48.384) on layer: M1
Net VDD: dangling Wire at (303.210, 48.384) (303.210, 48.384) on layer: M1
Net VDD: dangling Wire at (137.538, 48.384) (137.538, 48.384) on layer: M1
Net VDD: dangling Wire at (102.168, 48.384) (102.168, 48.384) on layer: M1
Net VDD: dangling Wire at (33.912, 48.384) (33.912, 48.384) on layer: M1
Net VDD: dangling Wire at (36.072, 48.384) (36.072, 48.384) on layer: M1
Net VDD: dangling Wire at (529.524, 48.924) (529.524, 48.924) on layer: M1
Net VDD: dangling Wire at (465.588, 48.924) (465.588, 48.924) on layer: M1
Net VDD: dangling Wire at (430.002, 48.924) (430.002, 48.924) on layer: M1
Net VDD: dangling Wire at (303.210, 48.924) (303.210, 48.924) on layer: M1
Net VDD: dangling Wire at (137.538, 48.924) (137.538, 48.924) on layer: M1
Net VDD: dangling Wire at (102.168, 48.924) (102.168, 48.924) on layer: M1
Net VDD: dangling Wire at (33.912, 48.924) (33.912, 48.924) on layer: M1
Net VDD: dangling Wire at (36.072, 48.924) (36.072, 48.924) on layer: M1
Net VDD: dangling Wire at (529.524, 49.464) (529.524, 49.464) on layer: M1
Net VDD: dangling Wire at (465.588, 49.464) (465.588, 49.464) on layer: M1
Net VDD: dangling Wire at (430.002, 49.464) (430.002, 49.464) on layer: M1
Net VDD: dangling Wire at (303.210, 49.464) (303.210, 49.464) on layer: M1
Net VDD: dangling Wire at (137.538, 49.464) (137.538, 49.464) on layer: M1
Net VDD: dangling Wire at (102.168, 49.464) (102.168, 49.464) on layer: M1
Net VDD: dangling Wire at (33.912, 49.464) (33.912, 49.464) on layer: M1
Net VDD: dangling Wire at (36.072, 49.464) (36.072, 49.464) on layer: M1
Net VDD: dangling Wire at (529.524, 50.004) (529.524, 50.004) on layer: M1
Net VDD: dangling Wire at (465.588, 50.004) (465.588, 50.004) on layer: M1
Net VDD: dangling Wire at (430.002, 50.004) (430.002, 50.004) on layer: M1
Net VDD: dangling Wire at (303.210, 50.004) (303.210, 50.004) on layer: M1
Net VDD: dangling Wire at (137.538, 50.004) (137.538, 50.004) on layer: M1
Net VDD: dangling Wire at (102.168, 50.004) (102.168, 50.004) on layer: M1
Net VDD: dangling Wire at (33.912, 50.004) (33.912, 50.004) on layer: M1
Net VDD: dangling Wire at (36.072, 50.004) (36.072, 50.004) on layer: M1
Net VDD: dangling Wire at (529.524, 50.544) (529.524, 50.544) on layer: M1
Net VDD: dangling Wire at (465.588, 50.544) (465.588, 50.544) on layer: M1
Net VDD: dangling Wire at (430.002, 50.544) (430.002, 50.544) on layer: M1
Net VDD: dangling Wire at (303.210, 50.544) (303.210, 50.544) on layer: M1
Net VDD: dangling Wire at (137.538, 50.544) (137.538, 50.544) on layer: M1
Net VDD: dangling Wire at (102.168, 50.544) (102.168, 50.544) on layer: M1
Net VDD: dangling Wire at (33.912, 50.544) (33.912, 50.544) on layer: M1
Net VDD: dangling Wire at (36.072, 50.544) (36.072, 50.544) on layer: M1
Net VDD: dangling Wire at (529.524, 51.084) (529.524, 51.084) on layer: M1
Net VDD: dangling Wire at (465.588, 51.084) (465.588, 51.084) on layer: M1
Net VDD: dangling Wire at (430.002, 51.084) (430.002, 51.084) on layer: M1
Net VDD: dangling Wire at (303.210, 51.084) (303.210, 51.084) on layer: M1
Net VDD: dangling Wire at (137.538, 51.084) (137.538, 51.084) on layer: M1
Net VDD: dangling Wire at (102.168, 51.084) (102.168, 51.084) on layer: M1
Net VDD: dangling Wire at (33.912, 51.084) (33.912, 51.084) on layer: M1
Net VDD: dangling Wire at (36.072, 51.084) (36.072, 51.084) on layer: M1
Net VDD: dangling Wire at (529.524, 51.624) (529.524, 51.624) on layer: M1
Net VDD: dangling Wire at (465.588, 51.624) (465.588, 51.624) on layer: M1
Net VDD: dangling Wire at (430.002, 51.624) (430.002, 51.624) on layer: M1
Net VDD: dangling Wire at (303.210, 51.624) (303.210, 51.624) on layer: M1
Net VDD: dangling Wire at (137.538, 51.624) (137.538, 51.624) on layer: M1
Net VDD: dangling Wire at (102.168, 51.624) (102.168, 51.624) on layer: M1
Net VDD: dangling Wire at (33.912, 51.624) (33.912, 51.624) on layer: M1
Net VDD: dangling Wire at (36.072, 51.624) (36.072, 51.624) on layer: M1
Net VDD: dangling Wire at (529.524, 52.164) (529.524, 52.164) on layer: M1
Net VDD: dangling Wire at (465.588, 52.164) (465.588, 52.164) on layer: M1
Net VDD: dangling Wire at (430.002, 52.164) (430.002, 52.164) on layer: M1
Net VDD: dangling Wire at (303.210, 52.164) (303.210, 52.164) on layer: M1
Net VDD: dangling Wire at (137.538, 52.164) (137.538, 52.164) on layer: M1
Net VDD: dangling Wire at (102.168, 52.164) (102.168, 52.164) on layer: M1
Net VDD: dangling Wire at (33.912, 52.164) (33.912, 52.164) on layer: M1
Net VDD: dangling Wire at (36.072, 52.164) (36.072, 52.164) on layer: M1
Net VDD: dangling Wire at (529.524, 52.704) (529.524, 52.704) on layer: M1
Net VDD: dangling Wire at (465.588, 52.704) (465.588, 52.704) on layer: M1
Net VDD: dangling Wire at (430.002, 52.704) (430.002, 52.704) on layer: M1
Net VDD: dangling Wire at (303.210, 52.704) (303.210, 52.704) on layer: M1
Net VDD: dangling Wire at (137.538, 52.704) (137.538, 52.704) on layer: M1
Net VDD: dangling Wire at (102.168, 52.704) (102.168, 52.704) on layer: M1
Net VDD: dangling Wire at (33.912, 52.704) (33.912, 52.704) on layer: M1
Net VDD: dangling Wire at (36.072, 52.704) (36.072, 52.704) on layer: M1
Net VDD: dangling Wire at (529.524, 53.244) (529.524, 53.244) on layer: M1
Net VDD: dangling Wire at (465.588, 53.244) (465.588, 53.244) on layer: M1
Net VDD: dangling Wire at (430.002, 53.244) (430.002, 53.244) on layer: M1
Net VDD: dangling Wire at (303.210, 53.244) (303.210, 53.244) on layer: M1
Net VDD: dangling Wire at (137.538, 53.244) (137.538, 53.244) on layer: M1
Net VDD: dangling Wire at (102.168, 53.244) (102.168, 53.244) on layer: M1
Net VDD: dangling Wire at (33.912, 53.244) (33.912, 53.244) on layer: M1
Net VDD: dangling Wire at (36.072, 53.244) (36.072, 53.244) on layer: M1
Net VDD: dangling Wire at (529.524, 53.784) (529.524, 53.784) on layer: M1
Net VDD: dangling Wire at (465.588, 53.784) (465.588, 53.784) on layer: M1
Net VDD: dangling Wire at (430.002, 53.784) (430.002, 53.784) on layer: M1
Net VDD: dangling Wire at (303.210, 53.784) (303.210, 53.784) on layer: M1
Net VDD: dangling Wire at (137.538, 53.784) (137.538, 53.784) on layer: M1
Net VDD: dangling Wire at (102.168, 53.784) (102.168, 53.784) on layer: M1
Net VDD: dangling Wire at (33.912, 53.784) (33.912, 53.784) on layer: M1
Net VDD: dangling Wire at (36.072, 53.784) (36.072, 53.784) on layer: M1
Net VDD: dangling Wire at (529.524, 54.324) (529.524, 54.324) on layer: M1
Net VDD: dangling Wire at (465.588, 54.324) (465.588, 54.324) on layer: M1
Net VDD: dangling Wire at (430.002, 54.324) (430.002, 54.324) on layer: M1
Net VDD: dangling Wire at (303.210, 54.324) (303.210, 54.324) on layer: M1
Net VDD: dangling Wire at (137.538, 54.324) (137.538, 54.324) on layer: M1
Net VDD: dangling Wire at (102.168, 54.324) (102.168, 54.324) on layer: M1
Net VDD: dangling Wire at (33.912, 54.324) (33.912, 54.324) on layer: M1
Net VDD: dangling Wire at (36.072, 54.324) (36.072, 54.324) on layer: M1
Net VDD: dangling Wire at (529.524, 54.864) (529.524, 54.864) on layer: M1
Net VDD: dangling Wire at (465.588, 54.864) (465.588, 54.864) on layer: M1
Net VDD: dangling Wire at (430.002, 54.864) (430.002, 54.864) on layer: M1
Net VDD: dangling Wire at (303.210, 54.864) (303.210, 54.864) on layer: M1
Net VDD: dangling Wire at (137.538, 54.864) (137.538, 54.864) on layer: M1
Net VDD: dangling Wire at (102.168, 54.864) (102.168, 54.864) on layer: M1
Net VDD: dangling Wire at (33.912, 54.864) (33.912, 54.864) on layer: M1
Net VDD: dangling Wire at (36.072, 54.864) (36.072, 54.864) on layer: M1
Net VDD: dangling Wire at (529.524, 55.404) (529.524, 55.404) on layer: M1
Net VDD: dangling Wire at (465.588, 55.404) (465.588, 55.404) on layer: M1
Net VDD: dangling Wire at (430.002, 55.404) (430.002, 55.404) on layer: M1
Net VDD: dangling Wire at (303.210, 55.404) (303.210, 55.404) on layer: M1
Net VDD: dangling Wire at (137.538, 55.404) (137.538, 55.404) on layer: M1
Net VDD: dangling Wire at (102.168, 55.404) (102.168, 55.404) on layer: M1
Net VDD: dangling Wire at (33.912, 55.404) (33.912, 55.404) on layer: M1
Net VDD: dangling Wire at (36.072, 55.404) (36.072, 55.404) on layer: M1
Net VDD: dangling Wire at (529.524, 55.944) (529.524, 55.944) on layer: M1
Net VDD: dangling Wire at (465.588, 55.944) (465.588, 55.944) on layer: M1
Net VDD: dangling Wire at (430.002, 55.944) (430.002, 55.944) on layer: M1
Net VDD: dangling Wire at (303.210, 55.944) (303.210, 55.944) on layer: M1
Net VDD: dangling Wire at (137.538, 55.944) (137.538, 55.944) on layer: M1
Net VDD: dangling Wire at (102.168, 55.944) (102.168, 55.944) on layer: M1
Net VDD: dangling Wire at (33.912, 55.944) (33.912, 55.944) on layer: M1
Net VDD: dangling Wire at (36.072, 55.944) (36.072, 55.944) on layer: M1
Net VDD: dangling Wire at (529.524, 56.484) (529.524, 56.484) on layer: M1
Net VDD: dangling Wire at (465.588, 56.484) (465.588, 56.484) on layer: M1
Net VDD: dangling Wire at (430.002, 56.484) (430.002, 56.484) on layer: M1
Net VDD: dangling Wire at (303.210, 56.484) (303.210, 56.484) on layer: M1
Net VDD: dangling Wire at (137.538, 56.484) (137.538, 56.484) on layer: M1
Net VDD: dangling Wire at (102.168, 56.484) (102.168, 56.484) on layer: M1
Net VDD: dangling Wire at (33.912, 56.484) (33.912, 56.484) on layer: M1
Net VDD: dangling Wire at (36.072, 56.484) (36.072, 56.484) on layer: M1
Net VDD: dangling Wire at (529.524, 57.024) (529.524, 57.024) on layer: M1
Net VDD: dangling Wire at (465.588, 57.024) (465.588, 57.024) on layer: M1
Net VDD: dangling Wire at (430.002, 57.024) (430.002, 57.024) on layer: M1
Net VDD: dangling Wire at (303.210, 57.024) (303.210, 57.024) on layer: M1
Net VDD: dangling Wire at (137.538, 57.024) (137.538, 57.024) on layer: M1
Net VDD: dangling Wire at (102.168, 57.024) (102.168, 57.024) on layer: M1
Net VDD: dangling Wire at (33.912, 57.024) (33.912, 57.024) on layer: M1
Net VDD: dangling Wire at (36.072, 57.024) (36.072, 57.024) on layer: M1
Net VDD: dangling Wire at (529.524, 57.564) (529.524, 57.564) on layer: M1
Net VDD: dangling Wire at (465.588, 57.564) (465.588, 57.564) on layer: M1
Net VDD: dangling Wire at (430.002, 57.564) (430.002, 57.564) on layer: M1
Net VDD: dangling Wire at (303.210, 57.564) (303.210, 57.564) on layer: M1
Net VDD: dangling Wire at (137.538, 57.564) (137.538, 57.564) on layer: M1
Net VDD: dangling Wire at (102.168, 57.564) (102.168, 57.564) on layer: M1
Net VDD: dangling Wire at (36.072, 57.564) (36.072, 57.564) on layer: M1
Net VDD: dangling Wire at (529.524, 58.104) (529.524, 58.104) on layer: M1
Net VDD: dangling Wire at (465.588, 58.104) (465.588, 58.104) on layer: M1
Net VDD: dangling Wire at (430.002, 58.104) (430.002, 58.104) on layer: M1
Net VDD: dangling Wire at (303.210, 58.104) (303.210, 58.104) on layer: M1
Net VDD: dangling Wire at (137.538, 58.104) (137.538, 58.104) on layer: M1
Net VDD: dangling Wire at (102.168, 58.104) (102.168, 58.104) on layer: M1
Net VDD: dangling Wire at (33.912, 58.104) (33.912, 58.104) on layer: M1
Net VDD: dangling Wire at (36.072, 58.104) (36.072, 58.104) on layer: M1
Net VDD: dangling Wire at (529.524, 58.644) (529.524, 58.644) on layer: M1
Net VDD: dangling Wire at (465.588, 58.644) (465.588, 58.644) on layer: M1
Net VDD: dangling Wire at (430.002, 58.644) (430.002, 58.644) on layer: M1
Net VDD: dangling Wire at (303.210, 58.644) (303.210, 58.644) on layer: M1
Net VDD: dangling Wire at (137.538, 58.644) (137.538, 58.644) on layer: M1
Net VDD: dangling Wire at (102.168, 58.644) (102.168, 58.644) on layer: M1
Net VDD: dangling Wire at (33.912, 58.644) (33.912, 58.644) on layer: M1
Net VDD: dangling Wire at (36.072, 58.644) (36.072, 58.644) on layer: M1
Net VDD: dangling Wire at (529.524, 59.184) (529.524, 59.184) on layer: M1
Net VDD: dangling Wire at (465.588, 59.184) (465.588, 59.184) on layer: M1
Net VDD: dangling Wire at (430.002, 59.184) (430.002, 59.184) on layer: M1
Net VDD: dangling Wire at (303.210, 59.184) (303.210, 59.184) on layer: M1
Net VDD: dangling Wire at (137.538, 59.184) (137.538, 59.184) on layer: M1
Net VDD: dangling Wire at (102.168, 59.184) (102.168, 59.184) on layer: M1
Net VDD: dangling Wire at (33.912, 59.184) (33.912, 59.184) on layer: M1
Net VDD: dangling Wire at (36.072, 59.184) (36.072, 59.184) on layer: M1
Net VDD: dangling Wire at (529.524, 59.724) (529.524, 59.724) on layer: M1
Net VDD: dangling Wire at (465.588, 59.724) (465.588, 59.724) on layer: M1
Net VDD: dangling Wire at (430.002, 59.724) (430.002, 59.724) on layer: M1
Net VDD: dangling Wire at (303.210, 59.724) (303.210, 59.724) on layer: M1
Net VDD: dangling Wire at (137.538, 59.724) (137.538, 59.724) on layer: M1
Net VDD: dangling Wire at (102.168, 59.724) (102.168, 59.724) on layer: M1
Net VDD: dangling Wire at (33.912, 59.724) (33.912, 59.724) on layer: M1
Net VDD: dangling Wire at (36.072, 59.724) (36.072, 59.724) on layer: M1
Net VDD: dangling Wire at (529.524, 60.264) (529.524, 60.264) on layer: M1
Net VDD: dangling Wire at (465.588, 60.264) (465.588, 60.264) on layer: M1
Net VDD: dangling Wire at (430.002, 60.264) (430.002, 60.264) on layer: M1
Net VDD: dangling Wire at (303.210, 60.264) (303.210, 60.264) on layer: M1
Net VDD: dangling Wire at (137.538, 60.264) (137.538, 60.264) on layer: M1
Net VDD: dangling Wire at (102.168, 60.264) (102.168, 60.264) on layer: M1
Net VDD: dangling Wire at (33.912, 60.264) (33.912, 60.264) on layer: M1
Net VDD: dangling Wire at (36.072, 60.264) (36.072, 60.264) on layer: M1
Net VDD: dangling Wire at (529.524, 60.804) (529.524, 60.804) on layer: M1
Net VDD: dangling Wire at (465.588, 60.804) (465.588, 60.804) on layer: M1
Net VDD: dangling Wire at (430.002, 60.804) (430.002, 60.804) on layer: M1
Net VDD: dangling Wire at (303.210, 60.804) (303.210, 60.804) on layer: M1
Net VDD: dangling Wire at (137.538, 60.804) (137.538, 60.804) on layer: M1
Net VDD: dangling Wire at (102.168, 60.804) (102.168, 60.804) on layer: M1
Net VDD: dangling Wire at (33.912, 60.804) (33.912, 60.804) on layer: M1
Net VDD: dangling Wire at (36.072, 60.804) (36.072, 60.804) on layer: M1
Net VDD: dangling Wire at (529.524, 61.344) (529.524, 61.344) on layer: M1
Net VDD: dangling Wire at (465.588, 61.344) (465.588, 61.344) on layer: M1
Net VDD: dangling Wire at (430.002, 61.344) (430.002, 61.344) on layer: M1
Net VDD: dangling Wire at (303.210, 61.344) (303.210, 61.344) on layer: M1
Net VDD: dangling Wire at (137.538, 61.344) (137.538, 61.344) on layer: M1
Net VDD: dangling Wire at (102.168, 61.344) (102.168, 61.344) on layer: M1
Net VDD: dangling Wire at (33.912, 61.344) (33.912, 61.344) on layer: M1
Net VDD: dangling Wire at (36.072, 61.344) (36.072, 61.344) on layer: M1
Net VDD: dangling Wire at (529.524, 61.884) (529.524, 61.884) on layer: M1
Net VDD: dangling Wire at (465.588, 61.884) (465.588, 61.884) on layer: M1
Net VDD: dangling Wire at (430.002, 61.884) (430.002, 61.884) on layer: M1
Net VDD: dangling Wire at (303.210, 61.884) (303.210, 61.884) on layer: M1
Net VDD: dangling Wire at (137.538, 61.884) (137.538, 61.884) on layer: M1
Net VDD: dangling Wire at (102.168, 61.884) (102.168, 61.884) on layer: M1
Net VDD: dangling Wire at (33.912, 61.884) (33.912, 61.884) on layer: M1
Net VDD: dangling Wire at (36.072, 61.884) (36.072, 61.884) on layer: M1
Net VDD: dangling Wire at (529.524, 62.424) (529.524, 62.424) on layer: M1
Net VDD: dangling Wire at (465.588, 62.424) (465.588, 62.424) on layer: M1
Net VDD: dangling Wire at (430.002, 62.424) (430.002, 62.424) on layer: M1
Net VDD: dangling Wire at (303.210, 62.424) (303.210, 62.424) on layer: M1
Net VDD: dangling Wire at (137.538, 62.424) (137.538, 62.424) on layer: M1
Net VDD: dangling Wire at (102.168, 62.424) (102.168, 62.424) on layer: M1
Net VDD: dangling Wire at (33.912, 62.424) (33.912, 62.424) on layer: M1
Net VDD: dangling Wire at (36.072, 62.424) (36.072, 62.424) on layer: M1
Net VDD: dangling Wire at (529.524, 62.964) (529.524, 62.964) on layer: M1
Net VDD: dangling Wire at (465.588, 62.964) (465.588, 62.964) on layer: M1
Net VDD: dangling Wire at (430.002, 62.964) (430.002, 62.964) on layer: M1
Net VDD: dangling Wire at (303.210, 62.964) (303.210, 62.964) on layer: M1
Net VDD: dangling Wire at (137.538, 62.964) (137.538, 62.964) on layer: M1
Net VDD: dangling Wire at (102.168, 62.964) (102.168, 62.964) on layer: M1
Net VDD: dangling Wire at (33.912, 62.964) (33.912, 62.964) on layer: M1
Net VDD: dangling Wire at (36.072, 62.964) (36.072, 62.964) on layer: M1
Net VDD: dangling Wire at (529.524, 63.504) (529.524, 63.504) on layer: M1
Net VDD: dangling Wire at (430.002, 63.504) (430.002, 63.504) on layer: M1
Net VDD: dangling Wire at (303.210, 63.504) (303.210, 63.504) on layer: M1
Net VDD: dangling Wire at (137.538, 63.504) (137.538, 63.504) on layer: M1
Net VDD: dangling Wire at (102.168, 63.504) (102.168, 63.504) on layer: M1
Net VDD: dangling Wire at (33.912, 63.504) (33.912, 63.504) on layer: M1
Net VDD: dangling Wire at (36.072, 63.504) (36.072, 63.504) on layer: M1
Net VDD: dangling Wire at (529.524, 64.044) (529.524, 64.044) on layer: M1
Net VDD: dangling Wire at (465.588, 64.044) (465.588, 64.044) on layer: M1
Net VDD: dangling Wire at (430.002, 64.044) (430.002, 64.044) on layer: M1
Net VDD: dangling Wire at (303.210, 64.044) (303.210, 64.044) on layer: M1
Net VDD: dangling Wire at (137.538, 64.044) (137.538, 64.044) on layer: M1
Net VDD: dangling Wire at (102.168, 64.044) (102.168, 64.044) on layer: M1
Net VDD: dangling Wire at (33.912, 64.044) (33.912, 64.044) on layer: M1
Net VDD: dangling Wire at (36.072, 64.044) (36.072, 64.044) on layer: M1
Net VDD: dangling Wire at (529.524, 64.584) (529.524, 64.584) on layer: M1
Net VDD: dangling Wire at (465.588, 64.584) (465.588, 64.584) on layer: M1
Net VDD: dangling Wire at (430.002, 64.584) (430.002, 64.584) on layer: M1
Net VDD: dangling Wire at (303.210, 64.584) (303.210, 64.584) on layer: M1
Net VDD: dangling Wire at (137.538, 64.584) (137.538, 64.584) on layer: M1
Net VDD: dangling Wire at (33.912, 64.584) (33.912, 64.584) on layer: M1
Net VDD: dangling Wire at (36.072, 64.584) (36.072, 64.584) on layer: M1
Net VDD: dangling Wire at (465.588, 65.124) (465.588, 65.124) on layer: M1
Net VDD: dangling Wire at (430.002, 65.124) (430.002, 65.124) on layer: M1
Net VDD: dangling Wire at (303.210, 65.124) (303.210, 65.124) on layer: M1
Net VDD: dangling Wire at (237.816, 65.124) (237.816, 65.124) on layer: M1
Net VDD: dangling Wire at (137.538, 65.124) (137.538, 65.124) on layer: M1
Net VDD: dangling Wire at (33.912, 65.124) (33.912, 65.124) on layer: M1
Net VDD: dangling Wire at (36.072, 65.124) (36.072, 65.124) on layer: M1
Net VDD: dangling Wire at (465.588, 65.664) (465.588, 65.664) on layer: M1
Net VDD: dangling Wire at (430.002, 65.664) (430.002, 65.664) on layer: M1
Net VDD: dangling Wire at (303.210, 65.664) (303.210, 65.664) on layer: M1
Net VDD: dangling Wire at (237.816, 65.664) (237.816, 65.664) on layer: M1
Net VDD: dangling Wire at (137.538, 65.664) (137.538, 65.664) on layer: M1
Net VDD: dangling Wire at (33.912, 65.664) (33.912, 65.664) on layer: M1
Net VDD: dangling Wire at (36.072, 65.664) (36.072, 65.664) on layer: M1
Net VDD: dangling Wire at (529.524, 66.204) (529.524, 66.204) on layer: M1
Net VDD: dangling Wire at (465.588, 66.204) (465.588, 66.204) on layer: M1
Net VDD: dangling Wire at (430.002, 66.204) (430.002, 66.204) on layer: M1
Net VDD: dangling Wire at (303.210, 66.204) (303.210, 66.204) on layer: M1
Net VDD: dangling Wire at (237.816, 66.204) (237.816, 66.204) on layer: M1
Net VDD: dangling Wire at (137.538, 66.204) (137.538, 66.204) on layer: M1
Net VDD: dangling Wire at (102.168, 66.204) (102.168, 66.204) on layer: M1
Net VDD: dangling Wire at (33.912, 66.204) (33.912, 66.204) on layer: M1
Net VDD: dangling Wire at (36.072, 66.204) (36.072, 66.204) on layer: M1
Net VDD: dangling Wire at (529.524, 66.744) (529.524, 66.744) on layer: M1
Net VDD: dangling Wire at (465.588, 66.744) (465.588, 66.744) on layer: M1
Net VDD: dangling Wire at (430.002, 66.744) (430.002, 66.744) on layer: M1
Net VDD: dangling Wire at (303.210, 66.744) (303.210, 66.744) on layer: M1
Net VDD: dangling Wire at (237.816, 66.744) (237.816, 66.744) on layer: M1
Net VDD: dangling Wire at (137.538, 66.744) (137.538, 66.744) on layer: M1
Net VDD: dangling Wire at (102.168, 66.744) (102.168, 66.744) on layer: M1
Net VDD: dangling Wire at (33.912, 66.744) (33.912, 66.744) on layer: M1
Net VDD: dangling Wire at (36.072, 66.744) (36.072, 66.744) on layer: M1
Net VDD: dangling Wire at (529.524, 67.284) (529.524, 67.284) on layer: M1
Net VDD: dangling Wire at (465.588, 67.284) (465.588, 67.284) on layer: M1
Net VDD: dangling Wire at (430.002, 67.284) (430.002, 67.284) on layer: M1
Net VDD: dangling Wire at (303.210, 67.284) (303.210, 67.284) on layer: M1
Net VDD: dangling Wire at (237.816, 67.284) (237.816, 67.284) on layer: M1
Net VDD: dangling Wire at (137.538, 67.284) (137.538, 67.284) on layer: M1
Net VDD: dangling Wire at (102.168, 67.284) (102.168, 67.284) on layer: M1
Net VDD: dangling Wire at (33.912, 67.284) (33.912, 67.284) on layer: M1
Net VDD: dangling Wire at (36.072, 67.284) (36.072, 67.284) on layer: M1
Net VDD: dangling Wire at (529.524, 67.824) (529.524, 67.824) on layer: M1
Net VDD: dangling Wire at (465.588, 67.824) (465.588, 67.824) on layer: M1
Net VDD: dangling Wire at (430.002, 67.824) (430.002, 67.824) on layer: M1
Net VDD: dangling Wire at (303.210, 67.824) (303.210, 67.824) on layer: M1
Net VDD: dangling Wire at (237.816, 67.824) (237.816, 67.824) on layer: M1
Net VDD: dangling Wire at (137.538, 67.824) (137.538, 67.824) on layer: M1
Net VDD: dangling Wire at (102.168, 67.824) (102.168, 67.824) on layer: M1
Net VDD: dangling Wire at (33.912, 67.824) (33.912, 67.824) on layer: M1
Net VDD: dangling Wire at (36.072, 67.824) (36.072, 67.824) on layer: M1
Net VDD: dangling Wire at (529.524, 68.364) (529.524, 68.364) on layer: M1
Net VDD: dangling Wire at (465.588, 68.364) (465.588, 68.364) on layer: M1
Net VDD: dangling Wire at (430.002, 68.364) (430.002, 68.364) on layer: M1
Net VDD: dangling Wire at (303.210, 68.364) (303.210, 68.364) on layer: M1
Net VDD: dangling Wire at (237.816, 68.364) (237.816, 68.364) on layer: M1
Net VDD: dangling Wire at (137.538, 68.364) (137.538, 68.364) on layer: M1
Net VDD: dangling Wire at (102.168, 68.364) (102.168, 68.364) on layer: M1
Net VDD: dangling Wire at (33.912, 68.364) (33.912, 68.364) on layer: M1
Net VDD: dangling Wire at (36.072, 68.364) (36.072, 68.364) on layer: M1
Net VDD: dangling Wire at (529.524, 68.904) (529.524, 68.904) on layer: M1
Net VDD: dangling Wire at (465.588, 68.904) (465.588, 68.904) on layer: M1
Net VDD: dangling Wire at (430.002, 68.904) (430.002, 68.904) on layer: M1
Net VDD: dangling Wire at (303.210, 68.904) (303.210, 68.904) on layer: M1
Net VDD: dangling Wire at (237.816, 68.904) (237.816, 68.904) on layer: M1
Net VDD: dangling Wire at (137.538, 68.904) (137.538, 68.904) on layer: M1
Net VDD: dangling Wire at (102.168, 68.904) (102.168, 68.904) on layer: M1
Net VDD: dangling Wire at (33.912, 68.904) (33.912, 68.904) on layer: M1
Net VDD: dangling Wire at (36.072, 68.904) (36.072, 68.904) on layer: M1
Net VDD: dangling Wire at (529.524, 69.444) (529.524, 69.444) on layer: M1
Net VDD: dangling Wire at (465.588, 69.444) (465.588, 69.444) on layer: M1
Net VDD: dangling Wire at (430.002, 69.444) (430.002, 69.444) on layer: M1
Net VDD: dangling Wire at (303.210, 69.444) (303.210, 69.444) on layer: M1
Net VDD: dangling Wire at (237.816, 69.444) (237.816, 69.444) on layer: M1
Net VDD: dangling Wire at (137.538, 69.444) (137.538, 69.444) on layer: M1
Net VDD: dangling Wire at (102.168, 69.444) (102.168, 69.444) on layer: M1
Net VDD: dangling Wire at (33.912, 69.444) (33.912, 69.444) on layer: M1
Net VDD: dangling Wire at (36.072, 69.444) (36.072, 69.444) on layer: M1
Net VDD: dangling Wire at (529.524, 69.984) (529.524, 69.984) on layer: M1
Net VDD: dangling Wire at (465.588, 69.984) (465.588, 69.984) on layer: M1
Net VDD: dangling Wire at (430.002, 69.984) (430.002, 69.984) on layer: M1
Net VDD: dangling Wire at (303.210, 69.984) (303.210, 69.984) on layer: M1
Net VDD: dangling Wire at (237.816, 69.984) (237.816, 69.984) on layer: M1
Net VDD: dangling Wire at (137.538, 69.984) (137.538, 69.984) on layer: M1
Net VDD: dangling Wire at (102.168, 69.984) (102.168, 69.984) on layer: M1
Net VDD: dangling Wire at (33.912, 69.984) (33.912, 69.984) on layer: M1
Net VDD: dangling Wire at (36.072, 69.984) (36.072, 69.984) on layer: M1
Net VDD: dangling Wire at (529.524, 70.524) (529.524, 70.524) on layer: M1
Net VDD: dangling Wire at (465.588, 70.524) (465.588, 70.524) on layer: M1
Net VDD: dangling Wire at (430.002, 70.524) (430.002, 70.524) on layer: M1
Net VSS: dangling Wire at (529.524, 2.754) (529.524, 2.754) on layer: M1

Begin Summary
    1000 Problem(s) (IMPVFC-94): The net has dangling wire(s).
    1000 total info(s) created.
End Summary
