###############################################################
#  Generated by:      Cadence Innovus 23.14-s088_1
#  OS:                Linux x86_64(Host ID user1-EliteMini)
#  Generated on:      Thu Oct  1 15:17:42 2026
#  Design:            top_soc
#  Command:           verifyMetalDensity -layer M5 -report ./verify_rpt/density_final.rpt
###############################################################

Verify Density report created on Thu Oct  1 15:17:42 2026

###############################################################
# Layer       M5 - Window size      : 20.0um X 20.0um
# Layer       M5 - Window step      : 10.0um X 10.0um
# Layer       M5 - Min Density      : 15%
# Layer       M5 - Pref Density     : 25%
# Layer       M5 - Max Density      : 90%
# Layer       M5 - Ext Density      : 35%
###############################################################


    Layer    Density(%)          Window  
***************************************************

      M5       13.02    (0 0) (20 20)
      M5        6.75    (10 0) (30 20)
      M5        6.60    (40 0) (60 20)
      M5        9.04    (50 0) (70 20)
      M5        8.76    (60 0) (80 20)
      M5        6.53    (70 0) (90 20)
      M5        8.48    (80 0) (100 20)
      M5       13.56    (100 0) (120 20)
      M5        6.92    (110 0) (130 20)
      M5        7.77    (140 0) (160 20)
      M5        9.67    (150 0) (170 20)
      M5        8.63    (160 0) (180 20)
      M5        8.38    (170 0) (190 20)
      M5        8.47    (180 0) (200 20)
      M5       11.02    (190 0) (210 20)
      M5       11.75    (230 0) (250 20)
      M5        7.98    (240 0) (260 20)
      M5        9.74    (250 0) (270 20)
      M5        9.09    (260 0) (280 20)
      M5        8.82    (270 0) (290 20)
      M5        8.15    (280 0) (300 20)
      M5       13.86    (290 0) (310 20)
      M5       14.92    (300 0) (320 20)
      M5        8.83    (310 0) (330 20)
      M5        9.89    (320 0) (340 20)
      M5        9.05    (330 0) (350 20)
      M5        7.32    (340 0) (360 20)
      M5        8.86    (350 0) (370 20)
      M5        8.88    (360 0) (380 20)
      M5        8.79    (370 0) (390 20)
      M5       10.80    (380 0) (400 20)
      M5        9.82    (390 0) (410 20)
      M5        7.98    (400 0) (420 20)
      M5       10.36    (410 0) (430 20)
      M5       13.46    (420 0) (440 20)
      M5       10.94    (430 0) (450 20)
      M5        7.33    (440 0) (460 20)
      M5        7.15    (470 0) (490 20)
      M5        8.93    (480 0) (500 20)
      M5        8.44    (490 0) (510 20)
      M5        6.98    (500 0) (520 20)
      M5        9.71    (510 0) (530 20)
      M5       13.31    (530 0) (550 20)
      M5        6.92    (540 0) (560 20)
      M5       11.80    (545.632 0) (565.632 20)
      M5        9.22    (0 10) (20 30)
      M5        2.46    (10 10) (30 30)
      M5       10.56    (20 10) (40 30)
      M5       10.19    (30 10) (50 30)
      M5        2.20    (40 10) (60 30)
      M5        4.82    (50 10) (70 30)
      M5        2.74    (60 10) (80 30)
      M5        1.97    (70 10) (90 30)
      M5        4.39    (80 10) (100 30)
      M5       10.35    (90 10) (110 30)
      M5       10.03    (100 10) (120 30)
      M5        3.08    (110 10) (130 30)
      M5        9.77    (120 10) (140 30)
      M5        8.91    (130 10) (150 30)
      M5        3.94    (140 10) (160 30)
      M5        6.23    (150 10) (170 30)
      M5        2.60    (160 10) (180 30)
      M5        5.12    (170 10) (190 30)
      M5        5.30    (180 10) (200 30)
      M5        6.18    (190 10) (210 30)
      M5       13.50    (200 10) (220 30)
      M5       12.84    (210 10) (230 30)
      M5       11.78    (220 10) (240 30)
      M5        6.85    (230 10) (250 30)
      M5        4.64    (240 10) (260 30)
      M5        6.52    (250 10) (270 30)
      M5        3.29    (260 10) (280 30)
      M5        5.65    (270 10) (290 30)
      M5        4.84    (280 10) (300 30)
      M5        8.77    (290 10) (310 30)
      M5       10.82    (300 10) (320 30)
      M5        5.36    (310 10) (330 30)
      M5        5.68    (320 10) (340 30)
      M5        4.35    (330 10) (350 30)
      M5        3.96    (340 10) (360 30)
      M5        4.32    (350 10) (370 30)
      M5        3.24    (360 10) (380 30)
      M5        5.92    (370 10) (390 30)
      M5        7.40    (380 10) (400 30)
      M5        3.92    (390 10) (410 30)
      M5        4.09    (400 10) (420 30)
      M5        7.02    (410 10) (430 30)
      M5        9.34    (420 10) (440 30)
      M5        7.99    (430 10) (450 30)
      M5        3.03    (440 10) (460 30)
      M5       10.74    (450 10) (470 30)
      M5       11.06    (460 10) (480 30)
      M5        3.32    (470 10) (490 30)
      M5        5.24    (480 10) (500 30)
      M5        2.50    (490 10) (510 30)
      M5        2.53    (500 10) (520 30)
      M5        5.75    (510 10) (530 30)
      M5       10.43    (520 10) (540 30)
      M5        9.77    (530 10) (550 30)
      M5        2.57    (540 10) (560 30)
      M5        8.92    (545.632 10) (565.632 30)
      M5        9.35    (0 20) (20 40)
      M5        2.59    (10 20) (30 40)
      M5       10.41    (20 20) (40 40)
      M5        9.97    (30 20) (50 40)
      M5        2.38    (40 20) (60 40)
      M5        5.02    (50 20) (70 40)
      M5        2.77    (60 20) (80 40)
      M5        2.11    (70 20) (90 40)
      M5        5.00    (80 20) (100 40)
      M5       10.88    (90 20) (110 40)
      M5       10.29    (100 20) (120 40)
      M5        4.12    (110 20) (130 40)
      M5       10.69    (120 20) (140 40)
      M5        8.99    (130 20) (150 40)
      M5        5.05    (140 20) (160 40)
      M5        7.55    (150 20) (170 40)
      M5        2.80    (160 20) (180 40)
      M5        6.61    (170 20) (190 40)
      M5        6.79    (180 20) (200 40)
      M5        7.39    (190 20) (210 40)
      M5       14.49    (210 20) (230 40)
      M5       13.61    (220 20) (240 40)
      M5        7.90    (230 20) (250 40)
      M5        5.94    (240 20) (260 40)
      M5        8.19    (250 20) (270 40)
      M5        3.74    (260 20) (280 40)
      M5        7.22    (270 20) (290 40)
      M5        6.33    (280 20) (300 40)
      M5        8.91    (290 20) (310 40)
      M5       11.45    (300 20) (320 40)
      M5        7.12    (310 20) (330 40)
      M5        7.23    (320 20) (340 40)
      M5        5.62    (330 20) (350 40)
      M5        5.14    (340 20) (360 40)
      M5        4.53    (350 20) (370 40)
      M5        3.75    (360 20) (380 40)
      M5        7.78    (370 20) (390 40)
      M5        8.79    (380 20) (400 40)
      M5        4.20    (390 20) (410 40)
      M5        4.59    (400 20) (420 40)
      M5        7.25    (410 20) (430 40)
      M5        9.56    (420 20) (440 40)
      M5        9.11    (430 20) (450 40)
      M5        4.05    (440 20) (460 40)
      M5       11.17    (450 20) (470 40)
      M5       11.51    (460 20) (480 40)
      M5        4.10    (470 20) (490 40)
      M5        6.14    (480 20) (500 40)
      M5        2.80    (490 20) (510 40)
      M5        3.13    (500 20) (520 40)
      M5        6.35    (510 20) (530 40)
      M5       10.51    (520 20) (540 40)
      M5       10.50    (530 20) (550 40)
      M5        3.23    (540 20) (560 40)
      M5        9.54    (545.632 20) (565.632 40)
      M5       10.28    (0 30) (20 50)
      M5        3.82    (10 30) (30 50)
      M5       12.64    (20 30) (40 50)
      M5       12.18    (30 30) (50 50)
      M5        3.60    (40 30) (60 50)
      M5        6.12    (50 30) (70 50)
      M5        5.41    (60 30) (80 50)
      M5        3.22    (70 30) (90 50)
      M5        5.88    (80 30) (100 50)
      M5       12.76    (90 30) (110 50)
      M5       10.76    (100 30) (120 50)
      M5        5.90    (110 30) (130 50)
      M5       12.55    (120 30) (140 50)
      M5       10.25    (130 30) (150 50)
      M5        6.61    (140 30) (160 50)
      M5        8.93    (150 30) (170 50)
      M5        5.40    (160 30) (180 50)
      M5        8.46    (170 30) (190 50)
      M5        8.58    (180 30) (200 50)
      M5        9.06    (190 30) (210 50)
      M5       10.16    (230 30) (250 50)
      M5        7.41    (240 30) (260 50)
      M5        9.54    (250 30) (270 50)
      M5        6.40    (260 30) (280 50)
      M5        9.18    (270 30) (290 50)
      M5        8.24    (280 30) (300 50)
      M5       11.13    (290 30) (310 50)
      M5       13.04    (300 30) (320 50)
      M5        8.88    (310 30) (330 50)
      M5        9.35    (320 30) (340 50)
      M5        8.04    (330 30) (350 50)
      M5        6.58    (340 30) (360 50)
      M5        5.87    (350 30) (370 50)
      M5        6.61    (360 30) (380 50)
      M5        9.68    (370 30) (390 50)
      M5       10.28    (380 30) (400 50)
      M5        6.72    (390 30) (410 50)
      M5        5.72    (400 30) (420 50)
      M5        7.56    (410 30) (430 50)
      M5       11.05    (420 30) (440 50)
      M5       10.44    (430 30) (450 50)
      M5        5.76    (440 30) (460 50)
      M5       13.48    (450 30) (470 50)
      M5       13.65    (460 30) (480 50)
      M5        5.53    (470 30) (490 50)
      M5        7.57    (480 30) (500 50)
      M5        5.56    (490 30) (510 50)
      M5        4.32    (500 30) (520 50)
      M5        7.18    (510 30) (530 50)
      M5       12.68    (520 30) (540 50)
      M5       11.27    (530 30) (550 50)
      M5        4.41    (540 30) (560 50)
      M5        9.98    (545.632 30) (565.632 50)
      M5       10.07    (0 40) (20 60)
      M5        4.08    (10 40) (30 60)
      M5       12.70    (20 40) (40 60)
      M5       12.13    (30 40) (50 60)
      M5        3.69    (40 40) (60 60)
      M5        6.12    (50 40) (70 60)
      M5        5.39    (60 40) (80 60)
      M5        3.16    (70 40) (90 60)
      M5        5.85    (80 40) (100 60)
      M5       12.15    (90 40) (110 60)
      M5       10.51    (100 40) (120 60)
      M5        7.45    (110 40) (130 60)
      M5       13.62    (120 40) (140 60)
      M5       10.15    (130 40) (150 60)
      M5        7.34    (140 40) (160 60)
      M5        9.80    (150 40) (170 60)
      M5        5.54    (160 40) (180 60)
      M5        9.36    (170 40) (190 60)
      M5        9.54    (180 40) (200 60)
      M5        8.34    (190 40) (210 60)
      M5       14.47    (220 40) (240 60)
      M5       10.02    (230 40) (250 60)
      M5        8.69    (240 40) (260 60)
      M5       11.19    (250 40) (270 60)
      M5        7.35    (260 40) (280 60)
      M5       10.63    (270 40) (290 60)
      M5        9.15    (280 40) (300 60)
      M5       11.13    (290 40) (310 60)
      M5       13.69    (300 40) (320 60)
      M5       10.11    (310 40) (330 60)
      M5        9.87    (320 40) (340 60)
      M5        8.68    (330 40) (350 60)
      M5        7.60    (340 40) (360 60)
      M5        6.21    (350 40) (370 60)
      M5        6.77    (360 40) (380 60)
      M5       10.78    (370 40) (390 60)
      M5       11.20    (380 40) (400 60)
      M5        7.14    (390 40) (410 60)
      M5        6.57    (400 40) (420 60)
      M5        7.99    (410 40) (430 60)
      M5       12.04    (420 40) (440 60)
      M5       11.88    (430 40) (450 60)
      M5        6.42    (440 40) (460 60)
      M5       12.73    (450 40) (470 60)
      M5       12.65    (460 40) (480 60)
      M5        5.56    (470 40) (490 60)
      M5        7.65    (480 40) (500 60)
      M5        5.62    (490 40) (510 60)
      M5        4.27    (500 40) (520 60)
      M5        7.04    (510 40) (530 60)
      M5       12.63    (520 40) (540 60)
      M5       11.12    (530 40) (550 60)
      M5        4.30    (540 40) (560 60)
      M5        9.92    (545.632 40) (565.632 60)
      M5        8.90    (0 50) (20 70)
      M5        2.77    (10 50) (30 70)
      M5       10.36    (20 50) (40 70)
      M5        9.70    (30 50) (50 70)
      M5        2.38    (40 50) (60 70)
      M5        4.88    (50 50) (70 70)
      M5        2.73    (60 50) (80 70)
      M5        1.83    (70 50) (90 70)
      M5        4.84    (80 50) (100 70)
      M5        9.26    (90 50) (110 70)
      M5        9.23    (100 50) (120 70)
      M5        8.19    (110 50) (130 70)
      M5       14.00    (120 50) (140 70)
      M5        8.90    (130 50) (150 70)
      M5        6.47    (140 50) (160 70)
      M5        9.44    (150 50) (170 70)
      M5        3.27    (160 50) (180 70)
      M5        8.75    (170 50) (190 70)
      M5        9.03    (180 50) (200 70)
      M5       12.19    (190 50) (210 70)
      M5       11.71    (230 50) (250 70)
      M5        8.40    (240 50) (260 70)
      M5       11.58    (250 50) (270 70)
      M5        6.51    (260 50) (280 70)
      M5       10.78    (270 50) (290 70)
      M5        8.15    (280 50) (300 70)
      M5        8.90    (290 50) (310 70)
      M5       12.72    (300 50) (320 70)
      M5        9.96    (310 50) (330 70)
      M5        8.66    (320 50) (340 70)
      M5        7.52    (330 50) (350 70)
      M5        7.38    (340 50) (360 70)
      M5        4.83    (350 50) (370 70)
      M5        4.37    (360 50) (380 70)
      M5        9.89    (370 50) (390 70)
      M5       10.26    (380 50) (400 70)
      M5        5.38    (390 50) (410 70)
      M5        6.52    (400 50) (420 70)
      M5        8.19    (410 50) (430 70)
      M5       11.84    (420 50) (440 70)
      M5       12.50    (430 50) (450 70)
      M5        5.78    (440 50) (460 70)
      M5        8.94    (450 50) (470 70)
      M5        8.96    (460 50) (480 70)
      M5        4.15    (470 50) (490 70)
      M5        6.04    (480 50) (500 70)
      M5        2.99    (490 50) (510 70)
      M5        2.85    (500 50) (520 70)
      M5        5.66    (510 50) (530 70)
      M5       10.14    (520 50) (540 70)
      M5        9.88    (530 50) (550 70)
      M5        2.82    (540 50) (560 70)
      M5        9.16    (545.632 50) (565.632 70)
      M5        9.58    (0 60) (20 80)
      M5        3.09    (10 60) (30 80)
      M5       10.92    (20 60) (40 80)
      M5       10.30    (30 60) (50 80)
      M5        2.67    (40 60) (60 80)
      M5        5.19    (50 60) (70 80)
      M5        2.75    (60 60) (80 80)
      M5        2.29    (70 60) (90 80)
      M5        5.32    (80 60) (100 80)
      M5        8.67    (90 60) (110 80)
      M5        9.26    (100 60) (120 80)
      M5        9.60    (110 60) (130 80)
      M5       14.95    (120 60) (140 80)
      M5        9.08    (130 60) (150 80)
      M5        7.11    (140 60) (160 80)
      M5       10.28    (150 60) (170 80)
      M5        3.47    (160 60) (180 80)
      M5        9.23    (170 60) (190 80)
      M5        9.46    (180 60) (200 80)
      M5        8.84    (240 60) (260 80)
      M5       12.37    (250 60) (270 80)
      M5        7.81    (260 60) (280 80)
      M5       12.01    (270 60) (290 80)
      M5        8.45    (280 60) (300 80)
      M5        8.86    (290 60) (310 80)
      M5       13.06    (300 60) (320 80)
      M5       11.05    (310 60) (330 80)
      M5        9.35    (320 60) (340 80)
      M5        7.96    (330 60) (350 80)
      M5        8.30    (340 60) (360 80)
      M5        5.40    (350 60) (370 80)
      M5        4.48    (360 60) (380 80)
      M5       10.17    (370 60) (390 80)
      M5       10.51    (380 60) (400 80)
      M5        5.66    (390 60) (410 80)
      M5        7.75    (400 60) (420 80)
      M5        9.51    (410 60) (430 80)
      M5       12.47    (420 60) (440 80)
      M5       13.32    (430 60) (450 80)
      M5        6.26    (440 60) (460 80)
      M5        8.02    (450 60) (470 80)
      M5        8.18    (460 60) (480 80)
      M5        4.27    (470 60) (490 80)
      M5        6.12    (480 60) (500 80)
      M5        3.07    (490 60) (510 80)
      M5        2.82    (500 60) (520 80)
      M5        5.58    (510 60) (530 80)
      M5       10.19    (520 60) (540 80)
      M5        9.92    (530 60) (550 80)
      M5        2.82    (540 60) (560 80)
      M5        9.38    (545.632 60) (565.632 80)
      M5        7.89    (0 70) (20 90)
      M5        1.39    (10 70) (30 90)
      M5       11.37    (20 70) (40 90)
      M5       10.95    (30 70) (50 90)
      M5        1.13    (40 70) (60 90)
      M5        3.77    (50 70) (70 90)
      M5        2.78    (60 70) (80 90)
      M5        0.97    (70 70) (90 90)
      M5        3.94    (80 70) (100 90)
      M5        8.35    (90 70) (110 90)
      M5        7.97    (100 70) (120 90)
      M5        9.42    (110 70) (130 90)
      M5        9.60    (130 70) (150 90)
      M5        6.64    (140 70) (160 90)
      M5        9.91    (150 70) (170 90)
      M5        3.59    (160 70) (180 90)
      M5        8.53    (170 70) (190 90)
      M5        8.80    (180 70) (200 90)
      M5        8.25    (240 70) (260 90)
      M5       12.05    (250 70) (270 90)
      M5        8.99    (260 70) (280 90)
      M5       12.97    (270 70) (290 90)
      M5        8.58    (280 70) (300 90)
      M5        8.83    (290 70) (310 90)
      M5       12.79    (300 70) (320 90)
      M5       11.23    (310 70) (330 90)
      M5        9.77    (320 70) (340 90)
      M5        8.36    (330 70) (350 90)
      M5        8.27    (340 70) (360 90)
      M5        5.36    (350 70) (370 90)
      M5        4.61    (360 70) (380 90)
      M5        9.84    (370 70) (390 90)
      M5       10.41    (380 70) (400 90)
      M5        5.96    (390 70) (410 90)
      M5        7.58    (400 70) (420 90)
      M5        9.26    (410 70) (430 90)
      M5       12.96    (420 70) (440 90)
      M5       12.33    (430 70) (450 90)
      M5        4.97    (440 70) (460 90)
      M5        7.93    (450 70) (470 90)
      M5        7.75    (460 70) (480 90)
      M5        2.43    (470 70) (490 90)
      M5        4.77    (480 70) (500 90)
      M5        3.16    (490 70) (510 90)
      M5        1.13    (500 70) (520 90)
      M5        4.18    (510 70) (530 90)
      M5       10.59    (520 70) (540 90)
      M5        8.40    (530 70) (550 90)
      M5        1.14    (540 70) (560 90)
      M5        8.03    (545.632 70) (565.632 90)
      M5        9.72    (0 80) (20 100)
      M5        3.23    (10 80) (30 100)
      M5       12.97    (20 80) (40 100)
      M5       12.88    (30 80) (50 100)
      M5        3.41    (40 80) (60 100)
      M5        5.85    (50 80) (70 100)
      M5        5.36    (60 80) (80 100)
      M5        3.29    (70 80) (90 100)
      M5        5.79    (80 80) (100 100)
      M5       10.19    (90 80) (110 100)
      M5        9.53    (100 80) (120 100)
      M5       10.76    (110 80) (130 100)
      M5       11.18    (430 80) (450 100)
      M5        6.23    (440 80) (460 100)
      M5        9.95    (450 80) (470 100)
      M5        9.55    (460 80) (480 100)
      M5        4.15    (470 80) (490 100)
      M5        6.62    (480 80) (500 100)
      M5        5.84    (490 80) (510 100)
      M5        3.45    (500 80) (520 100)
      M5        6.46    (510 80) (530 100)
      M5       12.85    (520 80) (540 100)
      M5       10.26    (530 80) (550 100)
      M5        3.38    (540 80) (560 100)
      M5        9.57    (545.632 80) (565.632 100)
      M5       10.24    (0 90) (20 110)
      M5        3.36    (10 90) (30 110)
      M5       11.97    (20 90) (40 110)
      M5       12.05    (30 90) (50 110)
      M5        4.13    (40 90) (60 110)
      M5        6.54    (50 90) (70 110)
      M5        5.33    (60 90) (80 110)
      M5        3.48    (70 90) (90 110)
      M5        5.95    (80 90) (100 110)
      M5       10.37    (90 90) (110 110)
      M5        9.66    (100 90) (120 110)
      M5        9.45    (110 90) (130 110)
      M5        8.79    (430 90) (450 110)
      M5        5.84    (440 90) (460 110)
      M5        9.40    (450 90) (470 110)
      M5        9.25    (460 90) (480 110)
      M5        4.77    (470 90) (490 110)
      M5        7.13    (480 90) (500 110)
      M5        5.91    (490 90) (510 110)
      M5        4.12    (500 90) (520 110)
      M5        7.18    (510 90) (530 110)
      M5       12.82    (520 90) (540 110)
      M5       10.76    (530 90) (550 110)
      M5        3.94    (540 90) (560 110)
      M5        9.94    (545.632 90) (565.632 110)
      M5        9.45    (0 100) (20 120)
      M5        2.32    (10 100) (30 120)
      M5        9.95    (20 100) (40 120)
      M5       10.01    (30 100) (50 120)
      M5        3.54    (40 100) (60 120)
      M5        6.12    (50 100) (70 120)
      M5        2.75    (60 100) (80 120)
      M5        2.17    (70 100) (90 120)
      M5        5.04    (80 100) (100 120)
      M5        8.76    (90 100) (110 120)
      M5        9.06    (100 100) (120 120)
      M5        7.31    (110 100) (130 120)
      M5       13.94    (120 100) (140 120)
      M5        8.26    (430 100) (450 120)
      M5        4.48    (440 100) (460 120)
      M5        7.08    (450 100) (470 120)
      M5        7.32    (460 100) (480 120)
      M5        3.90    (470 100) (490 120)
      M5        6.02    (480 100) (500 120)
      M5        3.31    (490 100) (510 120)
      M5        3.06    (500 100) (520 120)
      M5        6.37    (510 100) (530 120)
      M5       10.54    (520 100) (540 120)
      M5        9.87    (530 100) (550 120)
      M5        2.77    (540 100) (560 120)
      M5        9.29    (545.632 100) (565.632 120)
      M5        9.71    (0 110) (20 130)
      M5        2.52    (10 110) (30 130)
      M5       10.62    (20 110) (40 130)
      M5       10.64    (30 110) (50 130)
      M5        3.98    (40 110) (60 130)
      M5        6.60    (50 110) (70 130)
      M5        2.76    (60 110) (80 130)
      M5        2.17    (70 110) (90 130)
      M5        5.06    (80 110) (100 130)
      M5        8.92    (90 110) (110 130)
      M5        9.04    (100 110) (120 130)
      M5        5.74    (110 110) (130 130)
      M5       12.96    (120 110) (140 130)
      M5        8.45    (430 110) (450 130)
      M5        4.72    (440 110) (460 130)
      M5        7.43    (450 110) (470 130)
      M5        7.40    (460 110) (480 130)
      M5        3.93    (470 110) (490 130)
      M5        5.76    (480 110) (500 130)
      M5        3.12    (490 110) (510 130)
      M5        3.04    (500 110) (520 130)
      M5        6.28    (510 110) (530 130)
      M5       10.58    (520 110) (540 130)
      M5        9.87    (530 110) (550 130)
      M5        2.66    (540 110) (560 130)
      M5        9.09    (545.632 110) (565.632 130)
      M5       10.88    (0 120) (20 140)
      M5        4.01    (10 120) (30 140)
      M5       12.64    (20 120) (40 140)
      M5       12.67    (30 120) (50 140)
      M5        5.41    (40 120) (60 140)
      M5        7.86    (50 120) (70 140)
      M5        5.43    (60 120) (80 140)
      M5        3.68    (70 120) (90 140)
      M5        6.28    (80 120) (100 140)
      M5       10.92    (90 120) (110 140)
      M5        9.84    (100 120) (120 140)
      M5        6.33    (110 120) (130 140)
      M5       14.01    (120 120) (140 140)
      M5        9.64    (430 120) (450 140)
      M5        6.65    (440 120) (460 140)
      M5        9.62    (450 120) (470 140)
      M5        9.25    (460 120) (480 140)
      M5        5.47    (470 120) (490 140)
      M5        7.18    (480 120) (500 140)
      M5        5.58    (490 120) (510 140)
      M5        4.56    (500 120) (520 140)
      M5        7.50    (510 120) (530 140)
      M5       12.71    (520 120) (540 140)
      M5       11.00    (530 120) (550 140)
      M5        4.16    (540 120) (560 140)
      M5        9.92    (545.632 120) (565.632 140)
      M5       10.68    (0 130) (20 150)
      M5        4.19    (10 130) (30 150)
      M5       12.63    (20 130) (40 150)
      M5       12.65    (30 130) (50 150)
      M5        5.13    (40 130) (60 150)
      M5        7.25    (50 130) (70 150)
      M5        5.16    (60 130) (80 150)
      M5        3.77    (70 130) (90 150)
      M5        6.38    (80 130) (100 150)
      M5       10.38    (90 130) (110 150)
      M5        8.94    (100 130) (120 150)
      M5        5.99    (110 130) (130 150)
      M5       14.09    (120 130) (140 150)
      M5        9.68    (430 130) (450 150)
      M5        6.64    (440 130) (460 150)
      M5        9.64    (450 130) (470 150)
      M5        9.28    (460 130) (480 150)
      M5        5.41    (470 130) (490 150)
      M5        6.85    (480 130) (500 150)
      M5        5.24    (490 130) (510 150)
      M5        4.54    (500 130) (520 150)
      M5        7.42    (510 130) (530 150)
      M5       12.57    (520 130) (540 150)
      M5       11.06    (530 130) (550 150)
      M5        4.27    (540 130) (560 150)
      M5        9.58    (545.632 130) (565.632 150)
      M5        9.58    (0 140) (20 160)
      M5        2.92    (10 140) (30 160)
      M5       10.96    (20 140) (40 160)
      M5       10.99    (30 140) (50 160)
      M5        3.65    (40 140) (60 160)
      M5        5.77    (50 140) (70 160)
      M5        2.50    (60 140) (80 160)
      M5        2.56    (70 140) (90 160)
      M5        5.48    (80 140) (100 160)
      M5        7.60    (90 140) (110 160)
      M5        7.40    (100 140) (120 160)
      M5        4.46    (110 140) (130 160)
      M5       12.45    (120 140) (140 160)
      M5        8.69    (430 140) (450 160)
      M5        5.17    (440 140) (460 160)
      M5        7.98    (450 140) (470 160)
      M5        7.58    (460 140) (480 160)
      M5        3.96    (470 140) (490 160)
      M5        5.48    (480 140) (500 160)
      M5        2.52    (490 140) (510 160)
      M5        3.18    (500 140) (520 160)
      M5        6.39    (510 140) (530 160)
      M5       10.46    (520 140) (540 160)
      M5       10.28    (530 140) (550 160)
      M5        3.05    (540 140) (560 160)
      M5        8.88    (545.632 140) (565.632 160)
      M5        9.60    (0 150) (20 170)
      M5        2.63    (10 150) (30 170)
      M5       11.18    (20 150) (40 170)
      M5       11.13    (30 150) (50 170)
      M5        3.04    (40 150) (60 170)
      M5        5.49    (50 150) (70 170)
      M5        2.75    (60 150) (80 170)
      M5        2.55    (70 150) (90 170)
      M5        5.53    (80 150) (100 170)
      M5        7.62    (90 150) (110 170)
      M5        7.60    (100 150) (120 170)
      M5        4.09    (110 150) (130 170)
      M5       11.76    (120 150) (140 170)
      M5        8.12    (430 150) (450 170)
      M5        4.32    (440 150) (460 170)
      M5        8.04    (450 150) (470 170)
      M5        7.84    (460 150) (480 170)
      M5        3.55    (470 150) (490 170)
      M5        5.57    (480 150) (500 170)
      M5        2.75    (490 150) (510 170)
      M5        3.08    (500 150) (520 170)
      M5        6.34    (510 150) (530 170)
      M5       10.31    (520 150) (540 170)
      M5        9.89    (530 150) (550 170)
      M5        2.84    (540 150) (560 170)
      M5        9.13    (545.632 150) (565.632 170)
      M5       10.38    (0 160) (20 180)
      M5        3.53    (10 160) (30 180)
      M5       13.13    (20 160) (40 180)
      M5       13.03    (30 160) (50 180)
      M5        3.59    (40 160) (60 180)
      M5        6.11    (50 160) (70 180)
      M5        5.38    (60 160) (80 180)
      M5        3.70    (70 160) (90 180)
      M5        6.50    (80 160) (100 180)
      M5       10.26    (90 160) (110 180)
      M5        8.67    (100 160) (120 180)
      M5        4.68    (110 160) (130 180)
      M5       12.62    (120 160) (140 180)
      M5        8.09    (430 160) (450 180)
      M5        4.34    (440 160) (460 180)
      M5       10.05    (450 160) (470 180)
      M5        9.97    (460 160) (480 180)
      M5        3.99    (470 160) (490 180)
      M5        6.31    (480 160) (500 180)
      M5        5.40    (490 160) (510 180)
      M5        4.04    (500 160) (520 180)
      M5        6.98    (510 160) (530 180)
      M5       12.47    (520 160) (540 180)
      M5       10.31    (530 160) (550 180)
      M5        3.61    (540 160) (560 180)
      M5        9.59    (545.632 160) (565.632 180)
      M5       10.07    (0 170) (20 190)
      M5        3.17    (10 170) (30 190)
      M5       13.14    (20 170) (40 190)
      M5       13.06    (30 170) (50 190)
      M5        3.22    (40 170) (60 190)
      M5        5.80    (50 170) (70 190)
      M5        5.42    (60 170) (80 190)
      M5        3.56    (70 170) (90 190)
      M5        6.32    (80 170) (100 190)
      M5       10.30    (90 170) (110 190)
      M5        8.03    (100 170) (120 190)
      M5        4.10    (110 170) (130 190)
      M5       12.55    (120 170) (140 190)
      M5        7.73    (430 170) (450 190)
      M5        3.58    (440 170) (460 190)
      M5       10.33    (450 170) (470 190)
      M5       10.26    (460 170) (480 190)
      M5        3.33    (470 170) (490 190)
      M5        5.87    (480 170) (500 190)
      M5        5.44    (490 170) (510 190)
      M5        3.65    (500 170) (520 190)
      M5        6.69    (510 170) (530 190)
      M5       12.50    (520 170) (540 190)
      M5        9.76    (530 170) (550 190)
      M5        3.11    (540 170) (560 190)
      M5        9.42    (545.632 170) (565.632 190)
      M5        8.04    (0 180) (20 200)
      M5        1.36    (10 180) (30 200)
      M5       10.83    (20 180) (40 200)
      M5       10.62    (30 180) (50 200)
      M5        1.26    (40 180) (60 200)
      M5        3.91    (50 180) (70 200)
      M5        2.73    (60 180) (80 200)
      M5        1.74    (70 180) (90 200)
      M5        4.56    (80 180) (100 200)
      M5        7.72    (90 180) (110 200)
      M5        6.12    (100 180) (120 200)
      M5        3.34    (110 180) (130 200)
      M5       12.25    (120 180) (140 200)
      M5        7.40    (430 180) (450 200)
      M5        2.61    (440 180) (460 200)
      M5        8.25    (450 180) (470 200)
      M5        8.27    (460 180) (480 200)
      M5        1.74    (470 180) (490 200)
      M5        4.15    (480 180) (500 200)
      M5        2.74    (490 180) (510 200)
      M5        1.88    (500 180) (520 200)
      M5        5.18    (510 180) (530 200)
      M5       10.00    (520 180) (540 200)
      M5        7.96    (530 180) (550 200)
      M5        1.26    (540 180) (560 200)
      M5        8.23    (545.632 180) (565.632 200)
      M5        9.01    (0 190) (20 210)
      M5        2.53    (10 190) (30 210)
      M5       10.77    (20 190) (40 210)
      M5       10.40    (30 190) (50 210)
      M5        2.07    (40 190) (60 210)
      M5        4.67    (50 190) (70 210)
      M5        2.72    (60 190) (80 210)
      M5        2.83    (70 190) (90 210)
      M5        5.62    (80 190) (100 210)
      M5        8.03    (90 190) (110 210)
      M5        7.47    (100 190) (120 210)
      M5        5.67    (110 190) (130 210)
      M5       13.71    (120 190) (140 210)
      M5        9.31    (430 190) (450 210)
      M5        4.76    (440 190) (460 210)
      M5        9.36    (450 190) (470 210)
      M5        9.43    (460 190) (480 210)
      M5        3.38    (470 190) (490 210)
      M5        5.49    (480 190) (500 210)
      M5        2.74    (490 190) (510 210)
      M5        3.07    (500 190) (520 210)
      M5        6.29    (510 190) (530 210)
      M5       10.03    (520 190) (540 210)
      M5        9.16    (530 190) (550 210)
      M5        2.37    (540 190) (560 210)
      M5        9.23    (545.632 190) (565.632 210)
      M5        8.59    (0 200) (20 220)
      M5        1.88    (10 200) (30 220)
      M5       10.71    (20 200) (40 220)
      M5       10.13    (30 200) (50 220)
      M5        1.36    (40 200) (60 220)
      M5        4.09    (50 200) (70 220)
      M5        2.77    (60 200) (80 220)
      M5        2.28    (70 200) (90 220)
      M5        5.19    (80 200) (100 220)
      M5        8.24    (90 200) (110 220)
      M5        7.21    (100 200) (120 220)
      M5        6.13    (110 200) (130 220)
      M5       14.30    (120 200) (140 220)
      M5        9.36    (430 200) (450 220)
      M5        5.13    (440 200) (460 220)
      M5       10.01    (450 200) (470 220)
      M5       10.18    (460 200) (480 220)
      M5        3.31    (470 200) (490 220)
      M5        5.36    (480 200) (500 220)
      M5        2.78    (490 200) (510 220)
      M5        2.38    (500 200) (520 220)
      M5        5.62    (510 200) (530 220)
      M5       10.38    (520 200) (540 220)
      M5        8.99    (530 200) (550 220)
      M5        1.85    (540 200) (560 220)
      M5        8.76    (545.632 200) (565.632 220)
      M5       10.07    (0 210) (20 230)
      M5        3.88    (10 210) (30 230)
      M5       12.97    (20 210) (40 230)
      M5       12.17    (30 210) (50 230)
      M5        3.42    (40 210) (60 230)
      M5        5.94    (50 210) (70 230)
      M5        5.36    (60 210) (80 230)
      M5        4.04    (70 210) (90 230)
      M5        6.60    (80 210) (100 230)
      M5       10.01    (90 210) (110 230)
      M5        8.97    (100 210) (120 230)
      M5        8.33    (110 210) (130 230)
      M5       10.42    (430 210) (450 230)
      M5        7.01    (440 210) (460 230)
      M5       11.53    (450 210) (470 230)
      M5       11.76    (460 210) (480 230)
      M5        5.19    (470 210) (490 230)
      M5        7.12    (480 210) (500 230)
      M5        5.38    (490 210) (510 230)
      M5        4.14    (500 210) (520 230)
      M5        7.02    (510 210) (530 230)
      M5       12.66    (520 210) (540 230)
      M5       10.78    (530 210) (550 230)
      M5        3.84    (540 210) (560 230)
      M5       10.01    (545.632 210) (565.632 230)
      M5        9.96    (0 220) (20 240)
      M5        4.05    (10 220) (30 240)
      M5       13.41    (20 220) (40 240)
      M5       12.42    (30 220) (50 240)
      M5        3.58    (40 220) (60 240)
      M5        6.09    (50 220) (70 240)
      M5        5.34    (60 220) (80 240)
      M5        3.92    (70 220) (90 240)
      M5        6.46    (80 220) (100 240)
      M5       10.32    (90 220) (110 240)
      M5        9.66    (100 220) (120 240)
      M5        7.72    (110 220) (130 240)
      M5       14.29    (120 220) (140 240)
      M5        9.35    (430 220) (450 240)
      M5        6.40    (440 220) (460 240)
      M5       11.35    (450 220) (470 240)
      M5       11.57    (460 220) (480 240)
      M5        5.01    (470 220) (490 240)
      M5        6.93    (480 220) (500 240)
      M5        5.36    (490 220) (510 240)
      M5        4.10    (500 220) (520 240)
      M5        6.94    (510 220) (530 240)
      M5       12.56    (520 220) (540 240)
      M5       10.73    (530 220) (550 240)
      M5        3.86    (540 220) (560 240)
      M5        9.91    (545.632 220) (565.632 240)
      M5        9.18    (0 230) (20 250)
      M5        3.09    (10 230) (30 250)
      M5       11.72    (20 230) (40 250)
      M5       10.71    (30 230) (50 250)
      M5        2.51    (40 230) (60 250)
      M5        5.14    (50 230) (70 250)
      M5        2.75    (60 230) (80 250)
      M5        2.68    (70 230) (90 250)
      M5        5.55    (80 230) (100 250)
      M5        8.63    (90 230) (110 250)
      M5        9.26    (100 230) (120 250)
      M5        5.64    (110 230) (130 250)
      M5       11.43    (120 230) (140 250)
      M5        7.79    (430 230) (450 250)
      M5        4.83    (440 230) (460 250)
      M5        9.38    (450 230) (470 250)
      M5        9.70    (460 230) (480 250)
      M5        3.83    (470 230) (490 250)
      M5        5.75    (480 230) (500 250)
      M5        2.76    (490 230) (510 250)
      M5        3.00    (500 230) (520 250)
      M5        6.20    (510 230) (530 250)
      M5       10.27    (520 230) (540 250)
      M5        9.95    (530 230) (550 250)
      M5        2.89    (540 230) (560 250)
      M5        9.55    (545.632 230) (565.632 250)
      M5        9.29    (0 240) (20 260)
      M5        2.94    (10 240) (30 260)
      M5       11.66    (20 240) (40 260)
      M5       10.82    (30 240) (50 260)
      M5        2.30    (40 240) (60 260)
      M5        4.94    (50 240) (70 260)
      M5        2.76    (60 240) (80 260)
      M5        2.35    (70 240) (90 260)
      M5        5.24    (80 240) (100 260)
      M5        8.78    (90 240) (110 260)
      M5        9.32    (100 240) (120 260)
      M5        4.55    (110 240) (130 260)
      M5        9.71    (120 240) (140 260)
      M5        6.63    (430 240) (450 260)
      M5        3.90    (440 240) (460 260)
      M5        9.57    (450 240) (470 260)
      M5        9.88    (460 240) (480 260)
      M5        3.50    (470 240) (490 260)
      M5        5.58    (480 240) (500 260)
      M5        2.77    (490 240) (510 260)
      M5        2.66    (500 240) (520 260)
      M5        5.89    (510 240) (530 260)
      M5       10.36    (520 240) (540 260)
      M5        9.85    (530 240) (550 260)
      M5        2.73    (540 240) (560 260)
      M5        9.58    (545.632 240) (565.632 260)
      M5        9.77    (0 250) (20 270)
      M5        3.48    (10 250) (30 270)
      M5       12.92    (20 250) (40 270)
      M5       12.53    (30 250) (50 270)
      M5        3.19    (40 250) (60 270)
      M5        5.75    (50 250) (70 270)
      M5        5.39    (60 250) (80 270)
      M5        3.39    (70 250) (90 270)
      M5        6.08    (80 250) (100 270)
      M5       10.96    (90 250) (110 270)
      M5       10.00    (100 250) (120 270)
      M5        4.90    (110 250) (130 270)
      M5        9.91    (120 250) (140 270)
      M5        6.36    (430 250) (450 270)
      M5        4.09    (440 250) (460 270)
      M5       10.94    (450 250) (470 270)
      M5       11.09    (460 250) (480 270)
      M5        4.04    (470 250) (490 270)
      M5        6.29    (480 250) (500 270)
      M5        5.42    (490 250) (510 270)
      M5        3.31    (500 250) (520 270)
      M5        6.29    (510 250) (530 270)
      M5       12.64    (520 250) (540 270)
      M5       10.28    (530 250) (550 270)
      M5        3.44    (540 250) (560 270)
      M5        9.72    (545.632 250) (565.632 270)
      M5        9.68    (0 260) (20 280)
      M5        3.16    (10 260) (30 280)
      M5       12.86    (20 260) (40 280)
      M5       12.76    (30 260) (50 280)
      M5        3.22    (40 260) (60 280)
      M5        5.72    (50 260) (70 280)
      M5        5.40    (60 260) (80 280)
      M5        3.42    (70 260) (90 280)
      M5        6.11    (80 260) (100 280)
      M5       11.13    (90 260) (110 280)
      M5       10.19    (100 260) (120 280)
      M5        4.89    (110 260) (130 280)
      M5        9.41    (120 260) (140 280)
      M5        5.74    (430 260) (450 280)
      M5        3.80    (440 260) (460 280)
      M5       10.09    (450 260) (470 280)
      M5       10.15    (460 260) (480 280)
      M5        3.56    (470 260) (490 280)
      M5        5.91    (480 260) (500 280)
      M5        5.42    (490 260) (510 280)
      M5        3.12    (500 260) (520 280)
      M5        6.10    (510 260) (530 280)
      M5       12.71    (520 260) (540 280)
      M5       10.26    (530 260) (550 280)
      M5        3.35    (540 260) (560 280)
      M5        9.58    (545.632 260) (565.632 280)
      M5        8.58    (0 270) (20 290)
      M5        1.80    (10 270) (30 290)
      M5       10.96    (20 270) (40 290)
      M5       10.73    (30 270) (50 290)
      M5        1.81    (40 270) (60 290)
      M5        4.31    (50 270) (70 290)
      M5        2.77    (60 270) (80 290)
      M5        1.82    (70 270) (90 290)
      M5        4.72    (80 270) (100 290)
      M5        9.23    (90 270) (110 290)
      M5        9.33    (100 270) (120 290)
      M5        3.97    (110 270) (130 290)
      M5        8.68    (120 270) (140 290)
      M5        4.52    (430 270) (450 290)
      M5        2.47    (440 270) (460 290)
      M5        7.84    (450 270) (470 290)
      M5        8.32    (460 270) (480 290)
      M5        2.38    (470 270) (490 290)
      M5        4.38    (480 270) (500 290)
      M5        2.77    (490 270) (510 290)
      M5        1.73    (500 270) (520 290)
      M5        4.97    (510 270) (530 290)
      M5       10.38    (520 270) (540 290)
      M5        9.34    (530 270) (550 290)
      M5        2.20    (540 270) (560 290)
      M5        8.83    (545.632 270) (565.632 290)
      M5        9.40    (0 280) (20 300)
      M5        2.84    (10 280) (30 300)
      M5       10.87    (20 280) (40 300)
      M5       10.37    (30 280) (50 300)
      M5        2.40    (40 280) (60 300)
      M5        4.95    (50 280) (70 300)
      M5        2.77    (60 280) (80 300)
      M5        2.27    (70 280) (90 300)
      M5        5.17    (80 280) (100 300)
      M5        9.73    (90 280) (110 300)
      M5       10.55    (100 280) (120 300)
      M5        5.29    (110 280) (130 300)
      M5       10.64    (120 280) (140 300)
      M5        6.10    (430 280) (450 300)
      M5        3.54    (440 280) (460 300)
      M5        8.70    (450 280) (470 300)
      M5        9.63    (460 280) (480 300)
      M5        3.95    (470 280) (490 300)
      M5        5.39    (480 280) (500 300)
      M5        2.77    (490 280) (510 300)
      M5        2.62    (500 280) (520 300)
      M5        5.86    (510 280) (530 300)
      M5       10.31    (520 280) (540 300)
      M5       10.27    (530 280) (550 300)
      M5        3.20    (540 280) (560 300)
      M5        9.53    (545.632 280) (565.632 300)
      M5        8.55    (0 290) (20 310)
      M5        2.06    (10 290) (30 310)
      M5       11.16    (20 290) (40 310)
      M5       10.39    (30 290) (50 310)
      M5        1.23    (40 290) (60 310)
      M5        4.00    (50 290) (70 310)
      M5        2.77    (60 290) (80 310)
      M5        1.13    (70 290) (90 310)
      M5        4.03    (80 290) (100 310)
      M5       10.28    (90 290) (110 310)
      M5       10.82    (100 290) (120 310)
      M5        5.53    (110 290) (130 310)
      M5       13.69    (120 290) (140 310)
      M5        6.37    (430 290) (450 310)
      M5        3.45    (440 290) (460 310)
      M5        9.24    (450 290) (470 310)
      M5       10.23    (460 290) (480 310)
      M5        3.84    (470 290) (490 310)
      M5        5.13    (480 290) (500 310)
      M5        2.78    (490 290) (510 310)
      M5        1.70    (500 290) (520 310)
      M5        4.95    (510 290) (530 310)
      M5       10.60    (520 290) (540 310)
      M5        9.72    (530 290) (550 310)
      M5        2.38    (540 290) (560 310)
      M5        8.59    (545.632 290) (565.632 310)
      M5       10.33    (0 300) (20 320)
      M5        4.13    (10 300) (30 320)
      M5       13.46    (20 300) (40 320)
      M5       12.76    (30 300) (50 320)
      M5        3.66    (40 300) (60 320)
      M5        6.24    (50 300) (70 320)
      M5        5.42    (60 300) (80 320)
      M5        3.45    (70 300) (90 320)
      M5        5.97    (80 300) (100 320)
      M5       12.44    (90 300) (110 320)
      M5       12.62    (100 300) (120 320)
      M5        7.47    (110 300) (130 320)
      M5        8.54    (430 300) (450 320)
      M5        5.64    (440 300) (460 320)
      M5       10.86    (450 300) (470 320)
      M5       11.78    (460 300) (480 320)
      M5        6.25    (470 300) (490 320)
      M5        7.53    (480 300) (500 320)
      M5        5.46    (490 300) (510 320)
      M5        3.87    (500 300) (520 320)
      M5        6.86    (510 300) (530 320)
      M5       12.82    (520 300) (540 320)
      M5       11.46    (530 300) (550 320)
      M5        4.47    (540 300) (560 320)
      M5        9.95    (545.632 300) (565.632 320)
      M5       10.20    (0 310) (20 330)
      M5        4.08    (10 310) (30 330)
      M5       13.29    (20 310) (40 330)
      M5       12.74    (30 310) (50 330)
      M5        3.92    (40 310) (60 330)
      M5        6.49    (50 310) (70 330)
      M5        5.40    (60 310) (80 330)
      M5        3.57    (70 310) (90 330)
      M5        6.06    (80 310) (100 330)
      M5       12.32    (90 310) (110 330)
      M5       12.30    (100 310) (120 330)
      M5        6.77    (110 310) (130 330)
      M5        8.57    (430 310) (450 330)
      M5        5.36    (440 310) (460 330)
      M5       11.01    (450 310) (470 330)
      M5       11.79    (460 310) (480 330)
      M5        6.34    (470 310) (490 330)
      M5        7.79    (480 310) (500 330)
      M5        5.42    (490 310) (510 330)
      M5        3.78    (500 310) (520 330)
      M5        6.75    (510 310) (530 330)
      M5       12.65    (520 310) (540 330)
      M5       10.96    (530 310) (550 330)
      M5        4.12    (540 310) (560 330)
      M5        9.79    (545.632 310) (565.632 330)
      M5        9.08    (0 320) (20 340)
      M5        2.73    (10 320) (30 340)
      M5       11.11    (20 320) (40 340)
      M5       10.67    (30 320) (50 340)
      M5        2.86    (40 320) (60 340)
      M5        5.43    (50 320) (70 340)
      M5        2.70    (60 320) (80 340)
      M5        2.33    (70 320) (90 340)
      M5        5.18    (80 320) (100 340)
      M5       10.10    (90 320) (110 340)
      M5       11.08    (100 320) (120 340)
      M5        5.07    (110 320) (130 340)
      M5        7.49    (430 320) (450 340)
      M5        4.08    (440 320) (460 340)
      M5        9.29    (450 320) (470 340)
      M5        9.92    (460 320) (480 340)
      M5        4.64    (470 320) (490 340)
      M5        6.40    (480 320) (500 340)
      M5        2.71    (490 320) (510 340)
      M5        2.47    (500 320) (520 340)
      M5        5.65    (510 320) (530 340)
      M5       10.42    (520 320) (540 340)
      M5        9.86    (530 320) (550 340)
      M5        2.62    (540 320) (560 340)
      M5        9.12    (545.632 320) (565.632 340)
      M5        8.87    (0 330) (20 350)
      M5        2.07    (10 330) (30 350)
      M5       11.04    (20 330) (40 350)
      M5       10.81    (30 330) (50 350)
      M5        2.58    (40 330) (60 350)
      M5        5.17    (50 330) (70 350)
      M5        2.72    (60 330) (80 350)
      M5        1.96    (70 330) (90 350)
      M5        4.84    (80 330) (100 350)
      M5       10.43    (90 330) (110 350)
      M5       10.17    (100 330) (120 350)
      M5        3.32    (110 330) (130 350)
      M5        6.53    (430 330) (450 350)
      M5        3.08    (440 330) (460 350)
      M5        9.77    (450 330) (470 350)
      M5        9.97    (460 330) (480 350)
      M5        3.18    (470 330) (490 350)
      M5        5.52    (480 330) (500 350)
      M5        2.72    (490 330) (510 350)
      M5        1.99    (500 330) (520 350)
      M5        5.19    (510 330) (530 350)
      M5       10.54    (520 330) (540 350)
      M5        9.37    (530 330) (550 350)
      M5        2.02    (540 330) (560 350)
      M5        8.87    (545.632 330) (565.632 350)
      M5       12.69    (0 338.128) (20 358.128)
      M5        6.74    (10 338.128) (30 358.128)
      M5       14.75    (20 338.128) (40 358.128)
      M5       14.55    (30 338.128) (50 358.128)
      M5        6.82    (40 338.128) (60 358.128)
      M5        9.48    (50 338.128) (70 358.128)
      M5        9.19    (60 338.128) (80 358.128)
      M5        6.85    (70 338.128) (90 358.128)
      M5        9.17    (80 338.128) (100 358.128)
      M5       13.28    (100 338.128) (120 358.128)
      M5        7.28    (110 338.128) (130 358.128)
      M5        9.89    (430 338.128) (450 358.128)
      M5        7.33    (440 338.128) (460 358.128)
      M5       14.32    (450 338.128) (470 358.128)
      M5       14.02    (460 338.128) (480 358.128)
      M5        7.20    (470 338.128) (490 358.128)
      M5        9.52    (480 338.128) (500 358.128)
      M5        8.52    (490 338.128) (510 358.128)
      M5        6.34    (500 338.128) (520 358.128)
      M5        9.37    (510 338.128) (530 358.128)
      M5       12.92    (530 338.128) (550 358.128)
      M5        6.73    (540 338.128) (560 358.128)
      M5       11.95    (545.632 338.128) (565.632 358.128)


A total of 1109 density violation(s).
Windows < Min. Density = 1109
Windows > Max. Density = 0
Windows < Min. Union. Density = 0
Windows > Max. Union. Density = 0
