###############################################################
#  Generated by:      Cadence Innovus 23.14-s088_1
#  OS:                Linux x86_64(Host ID user1-EliteMini)
#  Generated on:      Tue Sep 22 01:07:46 2026
#  Design:            top_soc
#  Command:           verifyMetalDensity -layer {M1 M2 M3 M4 M5 M6 M7 M8 M9 Pad} -report ./verify_rpt/density_all.rpt
###############################################################

Verify Density report created on Tue Sep 22 01:07:46 2026

###############################################################
# Layer       M1 - Window size      : 100.0um X 100.0um
# Layer       M1 - Window step      : 50.0um X 50.0um
# Layer       M1 - Min Density      : 25%
# Layer       M1 - Pref Density     : 40%
# Layer       M1 - Max Density      : 60%
# Layer       M1 - Ext Density      : 35%
# Layer       M2 - Window size      : 100.0um X 100.0um
# Layer       M2 - Window step      : 50.0um X 50.0um
# Layer       M2 - Min Density      : 25%
# Layer       M2 - Pref Density     : 40%
# Layer       M2 - Max Density      : 60%
# Layer       M2 - Ext Density      : 35%
# Layer       M3 - Window size      : 100.0um X 100.0um
# Layer       M3 - Window step      : 50.0um X 50.0um
# Layer       M3 - Min Density      : 25%
# Layer       M3 - Pref Density     : 40%
# Layer       M3 - Max Density      : 60%
# Layer       M3 - Ext Density      : 35%
# Layer       M4 - Window size      : 100.0um X 100.0um
# Layer       M4 - Window step      : 50.0um X 50.0um
# Layer       M4 - Min Density      : 10%
# Layer       M4 - Pref Density     : 25%
# Layer       M4 - Max Density      : 35%
# Layer       M4 - Ext Density      : 35%
# Layer       M5 - Window size      : 80.0um X 80.0um
# Layer       M5 - Window step      : 40.0um X 40.0um
# Layer       M5 - Min Density      : 15%
# Layer       M5 - Pref Density     : 25%
# Layer       M5 - Max Density      : 90%
# Layer       M5 - Ext Density      : 35%
# Layer       M6 - Window size      : 100.0um X 100.0um
# Layer       M6 - Window step      : 50.0um X 50.0um
# Layer       M6 - Min Density      : 25%
# Layer       M6 - Pref Density     : 40%
# Layer       M6 - Max Density      : 55%
# Layer       M6 - Ext Density      : 35%
# Layer       M7 - Window size      : 100.0um X 100.0um
# Layer       M7 - Window step      : 50.0um X 50.0um
# Layer       M7 - Min Density      : 25%
# Layer       M7 - Pref Density     : 40%
# Layer       M7 - Max Density      : 55%
# Layer       M7 - Ext Density      : 35%
# Layer       M8 - Window size      : 100.0um X 100.0um
# Layer       M8 - Window step      : 50.0um X 50.0um
# Layer       M8 - Min Density      : 25%
# Layer       M8 - Pref Density     : 40%
# Layer       M8 - Max Density      : 55%
# Layer       M8 - Ext Density      : 35%
# Layer       M9 - Window size      : 100.0um X 100.0um
# Layer       M9 - Window step      : 50.0um X 50.0um
# Layer       M9 - Min Density      : 25%
# Layer       M9 - Pref Density     : 40%
# Layer       M9 - Max Density      : 55%
# Layer       M9 - Ext Density      : 35%
# Layer      Pad - Window size      : 400.0um X 400.0um
# Layer      Pad - Window step      : 200.0um X 200.0um
# Layer      Pad - Min Density      : 20%
# Layer      Pad - Pref Density     : 25%
# Layer      Pad - Max Density      : 80%
# Layer      Pad - Ext Density      : 35%
###############################################################


    Layer    Density(%)          Window  
***************************************************

      M6       24.79    (1050 400) (1150 500)
      M6       24.26    (1100 400) (1200 500)
      M6       24.78    (1100 450) (1200 550)
      M6       24.75    (1100 500) (1200 600)
      M6       23.90    (1150 500) (1250 600)
      M6       24.13    (1100 550) (1200 650)
      M6       23.75    (1150 550) (1250 650)
      M6       24.21    (1200 550) (1300 650)

      M5       13.36    (0 0) (80 80)
      M5        7.37    (40 0) (120 80)
      M5       14.77    (80 0) (160 80)
      M5       14.83    (120 0) (200 80)
      M5        7.38    (160 0) (240 80)
      M5        9.62    (200 0) (280 80)
      M5        9.06    (240 0) (320 80)
      M5        7.07    (280 0) (360 80)
      M5        9.28    (320 0) (400 80)
      M5       14.95    (360 0) (440 80)
      M5       13.09    (400 0) (480 80)
      M5        7.48    (440 0) (520 80)
      M5        8.05    (560 0) (640 80)
      M5       10.28    (600 0) (680 80)
      M5        9.21    (640 0) (720 80)
      M5        8.21    (680 0) (760 80)
      M5        8.28    (720 0) (800 80)
      M5       12.53    (760 0) (840 80)
      M5       14.98    (880 0) (960 80)
      M5       10.91    (920 0) (1000 80)
      M5        7.78    (960 0) (1040 80)
      M5        9.81    (1000 0) (1080 80)
      M5        9.67    (1040 0) (1120 80)
      M5        9.07    (1080 0) (1160 80)
      M5        8.25    (1120 0) (1200 80)
      M5       13.09    (1160 0) (1240 80)
      M5       13.65    (1200 0) (1280 80)
      M5        8.34    (1240 0) (1320 80)
      M5        9.59    (1280 0) (1360 80)
      M5        9.68    (1320 0) (1400 80)
      M5        8.16    (1360 0) (1440 80)
      M5        9.62    (1400 0) (1480 80)
      M5        8.94    (1440 0) (1520 80)
      M5        7.75    (1480 0) (1560 80)
      M5       10.27    (1520 0) (1600 80)
      M5        9.13    (1560 0) (1640 80)
      M5        7.30    (1600 0) (1680 80)
      M5        8.82    (1640 0) (1720 80)
      M5       12.54    (1680 0) (1760 80)
      M5       11.10    (1720 0) (1800 80)
      M5        7.31    (1760 0) (1840 80)
      M5       14.59    (1800 0) (1880 80)
      M5       14.44    (1840 0) (1920 80)
      M5        7.05    (1880 0) (1960 80)
      M5        8.53    (1920 0) (2000 80)
      M5        8.66    (1960 0) (2040 80)
      M5        7.82    (2000 0) (2080 80)
      M5       10.52    (2040 0) (2120 80)
      M5       13.55    (2120 0) (2200 80)
      M5        8.16    (2160 0) (2240 80)
      M5       12.45    (2182.53 0) (2262.53 80)
      M5        9.34    (0 40) (80 120)
      M5        2.24    (40 40) (120 120)
      M5        8.59    (80 40) (160 120)
      M5        8.56    (120 40) (200 120)
      M5        2.09    (160 40) (240 120)
      M5        4.71    (200 40) (280 120)
      M5        2.74    (240 40) (320 120)
      M5        2.49    (280 40) (360 120)
      M5        4.49    (320 40) (400 120)
      M5        8.67    (360 40) (440 120)
      M5        9.36    (400 40) (480 120)
      M5        4.05    (440 40) (520 120)
      M5       13.06    (480 40) (560 120)
      M5       11.82    (520 40) (600 120)
      M5        3.65    (560 40) (640 120)
      M5        6.34    (600 40) (680 120)
      M5        3.01    (640 40) (720 120)
      M5        4.35    (680 40) (760 120)
      M5        4.24    (720 40) (800 120)
      M5        7.15    (760 40) (840 120)
      M5       14.88    (800 40) (880 120)
      M5       13.51    (840 40) (920 120)
      M5       11.24    (880 40) (960 120)
      M5        5.66    (920 40) (1000 120)
      M5        4.33    (960 40) (1040 120)
      M5        7.03    (1000 40) (1080 120)
      M5        4.19    (1040 40) (1120 120)
      M5        5.28    (1080 40) (1160 120)
      M5        4.03    (1120 40) (1200 120)
      M5        6.73    (1160 40) (1240 120)
      M5        8.29    (1200 40) (1280 120)
      M5        4.99    (1240 40) (1320 120)
      M5        5.92    (1280 40) (1360 120)
      M5        4.89    (1320 40) (1400 120)
      M5        4.29    (1360 40) (1440 120)
      M5        4.77    (1400 40) (1480 120)
      M5        2.87    (1440 40) (1520 120)
      M5        3.88    (1480 40) (1560 120)
      M5        6.39    (1520 40) (1600 120)
      M5        2.87    (1560 40) (1640 120)
      M5        3.29    (1600 40) (1680 120)
      M5        5.17    (1640 40) (1720 120)
      M5        6.86    (1680 40) (1760 120)
      M5        7.21    (1720 40) (1800 120)
      M5        2.81    (1760 40) (1840 120)
      M5        7.22    (1800 40) (1880 120)
      M5        7.64    (1840 40) (1920 120)
      M5        2.78    (1880 40) (1960 120)
      M5        4.51    (1920 40) (2000 120)
      M5        2.49    (1960 40) (2040 120)
      M5        3.09    (2000 40) (2080 120)
      M5        6.31    (2040 40) (2120 120)
      M5        9.96    (2080 40) (2160 120)
      M5       10.24    (2120 40) (2200 120)
      M5        3.50    (2160 40) (2240 120)
      M5        9.23    (2182.53 40) (2262.53 120)
      M5        9.79    (0 80) (80 160)
      M5        2.69    (40 80) (120 160)
      M5        8.61    (80 80) (160 160)
      M5        8.51    (120 80) (200 160)
      M5        2.38    (160 80) (240 160)
      M5        5.03    (200 80) (280 160)
      M5        2.77    (240 80) (320 160)
      M5        3.32    (280 80) (360 160)
      M5        5.55    (320 80) (400 160)
      M5        9.02    (360 80) (440 160)
      M5       10.27    (400 80) (480 160)
      M5        5.22    (440 80) (520 160)
      M5       12.54    (480 80) (560 160)
      M5       10.99    (520 80) (600 160)
      M5        4.77    (560 80) (640 160)
      M5        7.75    (600 80) (680 160)
      M5        3.36    (640 80) (720 160)
      M5        5.59    (680 80) (760 160)
      M5        5.60    (720 80) (800 160)
      M5        8.21    (760 80) (840 160)
      M5       14.27    (840 80) (920 160)
      M5       12.45    (880 80) (960 160)
      M5        6.65    (920 80) (1000 160)
      M5        5.40    (960 80) (1040 160)
      M5        8.33    (1000 80) (1080 160)
      M5        4.55    (1040 80) (1120 160)
      M5        6.98    (1080 80) (1160 160)
      M5        5.60    (1120 80) (1200 160)
      M5        6.76    (1160 80) (1240 160)
      M5        8.47    (1200 80) (1280 160)
      M5        6.55    (1240 80) (1320 160)
      M5        7.67    (1280 80) (1360 160)
      M5        6.20    (1320 80) (1400 160)
      M5        5.48    (1360 80) (1440 160)
      M5        5.02    (1400 80) (1480 160)
      M5        2.93    (1440 80) (1520 160)
      M5        5.38    (1480 80) (1560 160)
      M5        8.56    (1520 80) (1600 160)
      M5        3.59    (1560 80) (1640 160)
      M5        3.66    (1600 80) (1680 160)
      M5        6.25    (1640 80) (1720 160)
      M5        7.37    (1680 80) (1760 160)
      M5        8.07    (1720 80) (1800 160)
      M5        4.08    (1760 80) (1840 160)
      M5        7.82    (1800 80) (1880 160)
      M5        8.34    (1840 80) (1920 160)
      M5        3.68    (1880 80) (1960 160)
      M5        5.38    (1920 80) (2000 160)
      M5        2.77    (1960 80) (2040 160)
      M5        4.29    (2000 80) (2080 160)
      M5        7.55    (2040 80) (2120 160)
      M5       10.28    (2080 80) (2160 160)
      M5       11.63    (2120 80) (2200 160)
      M5        4.61    (2160 80) (2240 160)
      M5       10.16    (2182.53 80) (2262.53 160)
      M5       10.62    (0 120) (80 200)
      M5        3.75    (40 120) (120 200)
      M5       10.54    (80 120) (160 200)
      M5       10.43    (120 120) (200 200)
      M5        3.43    (160 120) (240 200)
      M5        6.00    (200 120) (280 200)
      M5        5.42    (240 120) (320 200)
      M5        4.69    (280 120) (360 200)
      M5        6.77    (320 120) (400 200)
      M5       10.47    (360 120) (440 200)
      M5       10.18    (400 120) (480 200)
      M5        6.21    (440 120) (520 200)
      M5       12.01    (480 120) (560 200)
      M5       10.68    (520 120) (600 200)
      M5        6.55    (560 120) (640 200)
      M5        9.38    (600 120) (680 200)
      M5        6.05    (640 120) (720 200)
      M5        7.23    (680 120) (760 200)
      M5        7.24    (720 120) (800 200)
      M5        9.84    (760 120) (840 200)
      M5       14.21    (880 120) (960 200)
      M5        9.09    (920 120) (1000 200)
      M5        6.73    (960 120) (1040 200)
      M5        9.48    (1000 120) (1080 200)
      M5        7.14    (1040 120) (1120 200)
      M5        8.75    (1080 120) (1160 200)
      M5        7.39    (1120 120) (1200 200)
      M5        9.36    (1160 120) (1240 200)
      M5       10.14    (1200 120) (1280 200)
      M5        7.87    (1240 120) (1320 200)
      M5        9.78    (1280 120) (1360 200)
      M5        8.54    (1320 120) (1400 200)
      M5        6.65    (1360 120) (1440 200)
      M5        6.29    (1400 120) (1480 200)
      M5        5.58    (1440 120) (1520 200)
      M5        7.52    (1480 120) (1560 200)
      M5       10.53    (1520 120) (1600 200)
      M5        6.23    (1560 120) (1640 200)
      M5        4.45    (1600 120) (1680 200)
      M5        6.94    (1640 120) (1720 200)
      M5        9.21    (1680 120) (1760 200)
      M5        8.69    (1720 120) (1800 200)
      M5        5.66    (1760 120) (1840 200)
      M5        9.90    (1800 120) (1880 200)
      M5       10.00    (1840 120) (1920 200)
      M5        4.79    (1880 120) (1960 200)
      M5        6.54    (1920 120) (2000 200)
      M5        5.35    (1960 120) (2040 200)
      M5        6.05    (2000 120) (2080 200)
      M5        9.03    (2040 120) (2120 200)
      M5       12.41    (2080 120) (2160 200)
      M5       12.76    (2120 120) (2200 200)
      M5        6.18    (2160 120) (2240 200)
      M5       11.04    (2182.53 120) (2262.53 200)
      M5       10.53    (0 160) (80 240)
      M5        3.81    (40 160) (120 240)
      M5        9.94    (80 160) (160 240)
      M5        9.77    (120 160) (200 240)
      M5        3.37    (160 160) (240 240)
      M5        5.92    (200 160) (280 240)
      M5        5.39    (240 160) (320 240)
      M5        4.96    (280 160) (360 240)
      M5        7.36    (320 160) (400 240)
      M5        9.48    (360 160) (440 240)
      M5        8.87    (400 160) (480 240)
      M5        6.65    (440 160) (520 240)
      M5       10.82    (480 160) (560 240)
      M5        9.43    (520 160) (600 240)
      M5        8.08    (560 160) (640 240)
      M5       10.94    (600 160) (680 240)
      M5        6.47    (640 160) (720 240)
      M5        8.25    (680 160) (760 240)
      M5        8.48    (720 160) (800 240)
      M5        9.41    (760 160) (840 240)
      M5       13.93    (880 160) (960 240)
      M5        9.23    (920 160) (1000 240)
      M5        7.36    (960 160) (1040 240)
      M5       10.60    (1000 160) (1080 240)
      M5        8.38    (1040 160) (1120 240)
      M5       10.17    (1080 160) (1160 240)
      M5        8.05    (1120 160) (1200 240)
      M5        8.98    (1160 160) (1240 240)
      M5        9.88    (1200 160) (1280 240)
      M5        9.09    (1240 160) (1320 240)
      M5       11.03    (1280 160) (1360 240)
      M5        9.60    (1320 160) (1400 240)
      M5        7.67    (1360 160) (1440 240)
      M5        6.40    (1400 160) (1480 240)
      M5        5.82    (1440 160) (1520 240)
      M5        9.57    (1480 160) (1560 240)
      M5       12.75    (1520 160) (1600 240)
      M5        6.71    (1560 160) (1640 240)
      M5        4.69    (1600 160) (1680 240)
      M5        8.28    (1640 160) (1720 240)
      M5       10.92    (1680 160) (1760 240)
      M5        9.20    (1720 160) (1800 240)
      M5        5.90    (1760 160) (1840 240)
      M5        9.61    (1800 160) (1880 240)
      M5        9.55    (1840 160) (1920 240)
      M5        4.92    (1880 160) (1960 240)
      M5        6.53    (1920 160) (2000 240)
      M5        5.33    (1960 160) (2040 240)
      M5        5.99    (2000 160) (2080 240)
      M5        9.17    (2040 160) (2120 240)
      M5       12.41    (2080 160) (2160 240)
      M5       12.56    (2120 160) (2200 240)
      M5        6.16    (2160 160) (2240 240)
      M5       11.17    (2182.53 160) (2262.53 240)
      M5        9.33    (0 200) (80 280)
      M5        2.43    (40 200) (120 280)
      M5        7.64    (80 200) (160 280)
      M5        7.45    (120 200) (200 280)
      M5        1.98    (160 200) (240 280)
      M5        4.57    (200 200) (280 280)
      M5        2.77    (240 200) (320 280)
      M5        3.58    (280 200) (360 280)
      M5        6.61    (320 200) (400 280)
      M5        7.87    (360 200) (440 280)
      M5        7.95    (400 200) (480 280)
      M5        6.28    (440 200) (520 280)
      M5       10.44    (480 200) (560 280)
      M5        8.36    (520 200) (600 280)
      M5        8.17    (560 200) (640 280)
      M5       11.54    (600 200) (680 280)
      M5        4.61    (640 200) (720 280)
      M5        7.41    (680 200) (760 280)
      M5        8.04    (720 200) (800 280)
      M5       11.15    (760 200) (840 280)
      M5        9.69    (920 200) (1000 280)
      M5        6.42    (960 200) (1040 280)
      M5       10.58    (1000 200) (1080 280)
      M5        7.74    (1040 200) (1120 280)
      M5       10.66    (1080 200) (1160 280)
      M5        7.34    (1120 200) (1200 280)
      M5        6.31    (1160 200) (1240 280)
      M5        8.19    (1200 200) (1280 280)
      M5        9.71    (1240 200) (1320 280)
      M5       11.07    (1280 200) (1360 280)
      M5        8.99    (1320 200) (1400 280)
      M5        7.88    (1360 200) (1440 280)
      M5        5.01    (1400 200) (1480 280)
      M5        3.77    (1440 200) (1520 280)
      M5       10.18    (1480 200) (1560 280)
      M5       13.89    (1520 200) (1600 280)
      M5        5.09    (1560 200) (1640 280)
      M5        4.00    (1600 200) (1680 280)
      M5        9.14    (1640 200) (1720 280)
      M5       11.52    (1680 200) (1760 280)
      M5        9.59    (1720 200) (1800 280)
      M5        4.89    (1760 200) (1840 280)
      M5        8.49    (1800 200) (1880 280)
      M5        8.52    (1840 200) (1920 280)
      M5        3.67    (1880 200) (1960 280)
      M5        5.04    (1920 200) (2000 280)
      M5        2.75    (1960 200) (2040 280)
      M5        4.01    (2000 200) (2080 280)
      M5        7.36    (2040 200) (2120 280)
      M5        9.66    (2080 200) (2160 280)
      M5       10.47    (2120 200) (2200 280)
      M5        4.18    (2160 200) (2240 280)
      M5       10.20    (2182.53 200) (2262.53 280)
      M5        9.41    (0 240) (80 320)
      M5        2.34    (40 240) (120 320)
      M5        7.94    (80 240) (160 320)
      M5        7.82    (120 240) (200 320)
      M5        2.17    (160 240) (240 320)
      M5        4.78    (200 240) (280 320)
      M5        2.85    (240 240) (320 320)
      M5        3.28    (280 240) (360 320)
      M5        6.35    (320 240) (400 320)
      M5        8.15    (360 240) (440 320)
      M5        7.81    (400 240) (480 320)
      M5        6.43    (440 240) (520 320)
      M5       11.49    (480 240) (560 320)
      M5        9.06    (520 240) (600 320)
      M5        8.56    (560 240) (640 320)
      M5       12.13    (600 240) (680 320)
      M5        4.92    (640 240) (720 320)
      M5        7.76    (680 240) (760 320)
      M5        8.69    (720 240) (800 320)
      M5       13.15    (920 240) (1000 320)
      M5        6.79    (960 240) (1040 320)
      M5       11.20    (1000 240) (1080 320)
      M5        8.65    (1040 240) (1120 320)
      M5       11.68    (1080 240) (1160 320)
      M5        7.76    (1120 240) (1200 320)
      M5        6.69    (1160 240) (1240 320)
      M5        8.96    (1200 240) (1280 320)
      M5       10.59    (1240 240) (1320 320)
      M5       11.61    (1280 240) (1360 320)
      M5        9.35    (1320 240) (1400 320)
      M5        8.74    (1360 240) (1440 320)
      M5        5.58    (1400 240) (1480 320)
      M5        4.51    (1440 240) (1520 320)
      M5       11.56    (1480 240) (1560 320)
      M5       14.98    (1520 240) (1600 320)
      M5        5.51    (1560 240) (1640 320)
      M5        4.59    (1600 240) (1680 320)
      M5       10.13    (1640 240) (1720 320)
      M5       12.59    (1680 240) (1760 320)
      M5       10.08    (1720 240) (1800 320)
      M5        4.64    (1760 240) (1840 320)
      M5        9.18    (1800 240) (1880 320)
      M5        9.12    (1840 240) (1920 320)
      M5        3.28    (1880 240) (1960 320)
      M5        4.86    (1920 240) (2000 320)
      M5        2.83    (1960 240) (2040 320)
      M5        3.25    (2000 240) (2080 320)
      M5        6.41    (2040 240) (2120 320)
      M5        9.70    (2080 240) (2160 320)
      M5        9.82    (2120 240) (2200 320)
      M5        3.36    (2160 240) (2240 320)
      M5       10.06    (2182.53 240) (2262.53 320)
      M5        7.86    (0 280) (80 360)
      M5        0.71    (40 280) (120 360)
      M5        8.64    (80 280) (160 360)
      M5        8.56    (120 280) (200 360)
      M5        0.70    (160 280) (240 360)
      M5        3.46    (200 280) (280 360)
      M5        2.90    (240 280) (320 360)
      M5        1.50    (280 280) (360 360)
      M5        4.79    (320 280) (400 360)
      M5        8.44    (360 280) (440 360)
      M5        6.27    (400 280) (480 360)
      M5        5.30    (440 280) (520 360)
      M5       12.49    (480 280) (560 360)
      M5        9.81    (520 280) (600 360)
      M5        7.80    (560 280) (640 360)
      M5       11.07    (600 280) (680 360)
      M5        4.84    (640 280) (720 360)
      M5        7.40    (680 280) (760 360)
      M5        8.59    (720 280) (800 360)
      M5        6.15    (960 280) (1040 360)
      M5       10.82    (1000 280) (1080 360)
      M5        9.76    (1040 280) (1120 360)
      M5       12.17    (1080 280) (1160 360)
      M5        7.44    (1120 280) (1200 360)
      M5        7.46    (1160 280) (1240 360)
      M5        9.42    (1200 280) (1280 360)
      M5       10.43    (1240 280) (1320 360)
      M5       11.97    (1280 280) (1360 360)
      M5        9.97    (1320 280) (1400 360)
      M5        8.43    (1360 280) (1440 360)
      M5        4.92    (1400 280) (1480 360)
      M5        5.19    (1440 280) (1520 360)
      M5       11.98    (1480 280) (1560 360)
      M5        5.83    (1560 280) (1640 360)
      M5        3.53    (1600 280) (1680 360)
      M5        9.60    (1640 280) (1720 360)
      M5       13.67    (1680 280) (1760 360)
      M5        9.21    (1720 280) (1800 360)
      M5        2.79    (1760 280) (1840 360)
      M5        8.62    (1800 280) (1880 360)
      M5        8.49    (1840 280) (1920 360)
      M5        1.38    (1880 280) (1960 360)
      M5        3.48    (1920 280) (2000 360)
      M5        2.86    (1960 280) (2040 360)
      M5        1.21    (2000 280) (2080 360)
      M5        4.63    (2040 280) (2120 360)
      M5       10.23    (2080 280) (2160 360)
      M5        7.96    (2120 280) (2200 360)
      M5        1.25    (2160 280) (2240 360)
      M5        8.33    (2182.53 280) (2262.53 360)
      M5        9.87    (0 320) (80 400)
      M5        2.96    (40 320) (120 400)
      M5       11.16    (80 320) (160 400)
      M5       11.11    (120 320) (200 400)
      M5        2.97    (160 320) (240 400)
      M5        5.66    (200 320) (280 400)
      M5        5.47    (240 320) (320 400)
      M5        3.67    (280 320) (360 400)
      M5        5.89    (320 320) (400 400)
      M5        9.03    (360 320) (440 400)
      M5        7.49    (400 320) (480 400)
      M5        6.18    (440 320) (520 400)
      M5       12.41    (480 320) (560 400)
      M5        8.44    (1720 320) (1800 400)
      M5        3.99    (1760 320) (1840 400)
      M5        8.27    (1800 320) (1880 400)
      M5        8.37    (1840 320) (1920 400)
      M5        3.37    (1880 320) (1960 400)
      M5        5.49    (1920 320) (2000 400)
      M5        5.22    (1960 320) (2040 400)
      M5        3.24    (2000 320) (2080 400)
      M5        6.37    (2040 320) (2120 400)
      M5       11.92    (2080 320) (2160 400)
      M5        9.12    (2120 320) (2200 400)
      M5        3.08    (2160 320) (2240 400)
      M5        9.34    (2182.53 320) (2262.53 400)
      M5       10.27    (0 360) (80 440)
      M5        3.33    (40 360) (120 440)
      M5       11.15    (80 360) (160 440)
      M5       11.12    (120 360) (200 440)
      M5        3.30    (160 360) (240 440)
      M5        5.95    (200 360) (280 440)
      M5        5.38    (240 360) (320 440)
      M5        4.49    (280 360) (360 440)
      M5        5.87    (320 360) (400 440)
      M5        7.54    (360 360) (440 440)
      M5        7.47    (400 360) (480 440)
      M5        4.89    (440 360) (520 440)
      M5        9.63    (480 360) (560 440)
      M5        5.97    (1720 360) (1800 440)
      M5        4.15    (1760 360) (1840 440)
      M5        6.92    (1800 360) (1880 440)
      M5        6.90    (1840 360) (1920 440)
      M5        3.60    (1880 360) (1960 440)
      M5        5.61    (1920 360) (2000 440)
      M5        4.92    (1960 360) (2040 440)
      M5        3.98    (2000 360) (2080 440)
      M5        6.65    (2040 360) (2120 440)
      M5       11.17    (2080 360) (2160 440)
      M5        9.59    (2120 360) (2200 440)
      M5        3.82    (2160 360) (2240 440)
      M5        9.65    (2182.53 360) (2262.53 440)
      M5        9.46    (0 400) (80 480)
      M5        2.37    (40 400) (120 480)
      M5        9.42    (80 400) (160 480)
      M5        9.44    (120 400) (200 480)
      M5        2.14    (160 400) (240 480)
      M5        4.71    (200 400) (280 480)
      M5        2.75    (240 400) (320 480)
      M5        3.88    (280 400) (360 480)
      M5        5.90    (320 400) (400 480)
      M5        6.06    (360 400) (440 480)
      M5        7.45    (400 400) (480 480)
      M5        4.21    (440 400) (520 480)
      M5        7.70    (480 400) (560 480)
      M5        6.02    (1720 400) (1800 480)
      M5        4.08    (1760 400) (1840 480)
      M5        5.88    (1800 400) (1880 480)
      M5        5.70    (1840 400) (1920 480)
      M5        2.64    (1880 400) (1960 480)
      M5        4.69    (1920 400) (2000 480)
      M5        2.50    (1960 400) (2040 480)
      M5        3.33    (2000 400) (2080 480)
      M5        5.83    (2040 400) (2120 480)
      M5        8.48    (2080 400) (2160 480)
      M5        9.40    (2120 400) (2200 480)
      M5        3.43    (2160 400) (2240 480)
      M5        9.46    (2182.53 400) (2262.53 480)
      M5        9.67    (0 440) (80 520)
      M5        2.61    (40 440) (120 520)
      M5        9.47    (80 440) (160 520)
      M5        9.44    (120 440) (200 520)
      M5        2.03    (160 440) (240 520)
      M5        4.56    (200 440) (280 520)
      M5        2.76    (240 440) (320 520)
      M5        4.32    (280 440) (360 520)
      M5        6.77    (320 440) (400 520)
      M5        6.76    (360 440) (440 520)
      M5        8.15    (400 440) (480 520)
      M5        5.16    (440 440) (520 520)
      M5        8.62    (480 440) (560 520)
      M5        7.37    (1720 440) (1800 520)
      M5        5.33    (1760 440) (1840 520)
      M5        7.25    (1800 440) (1880 520)
      M5        6.71    (1840 440) (1920 520)
      M5        3.24    (1880 440) (1960 520)
      M5        5.31    (1920 440) (2000 520)
      M5        2.76    (1960 440) (2040 520)
      M5        4.32    (2000 440) (2080 520)
      M5        6.66    (2040 440) (2120 520)
      M5        8.29    (2080 440) (2160 520)
      M5       10.12    (2120 440) (2200 520)
      M5        4.16    (2160 440) (2240 520)
      M5        9.87    (2182.53 440) (2262.53 520)
      M5       10.84    (0 480) (80 560)
      M5        4.12    (40 480) (120 560)
      M5       11.17    (80 480) (160 560)
      M5       10.94    (120 480) (200 560)
      M5        3.23    (160 480) (240 560)
      M5        5.80    (200 480) (280 560)
      M5        5.43    (240 480) (320 560)
      M5        5.50    (280 480) (360 560)
      M5        7.94    (320 480) (400 560)
      M5        9.18    (360 480) (440 560)
      M5        9.45    (400 480) (480 560)
      M5        7.22    (440 480) (520 560)
      M5       11.20    (480 480) (560 560)
      M5        9.06    (1720 480) (1800 560)
      M5        7.58    (1760 480) (1840 560)
      M5       10.36    (1800 480) (1880 560)
      M5        9.27    (1840 480) (1920 560)
      M5        5.02    (1880 480) (1960 560)
      M5        7.03    (1920 480) (2000 560)
      M5        5.32    (1960 480) (2040 560)
      M5        6.29    (2000 480) (2080 560)
      M5        8.45    (2040 480) (2120 560)
      M5       10.56    (2080 480) (2160 560)
      M5       11.45    (2120 480) (2200 560)
      M5        5.89    (2160 480) (2240 560)
      M5       10.99    (2182.53 480) (2262.53 560)
      M5       10.68    (0 520) (80 600)
      M5        4.17    (40 520) (120 600)
      M5       10.79    (80 520) (160 600)
      M5       10.44    (120 520) (200 600)
      M5        3.20    (160 520) (240 600)
      M5        5.70    (200 520) (280 600)
      M5        5.37    (240 520) (320 600)
      M5        5.11    (280 520) (360 600)
      M5        7.63    (320 520) (400 600)
      M5        9.08    (360 520) (440 600)
      M5        9.12    (400 520) (480 600)
      M5        7.27    (440 520) (520 600)
      M5       11.58    (480 520) (560 600)
      M5        9.61    (1720 520) (1800 600)
      M5        7.73    (1760 520) (1840 600)
      M5       10.73    (1800 520) (1880 600)
      M5        9.73    (1840 520) (1920 600)
      M5        5.11    (1880 520) (1960 600)
      M5        7.11    (1920 520) (2000 600)
      M5        5.31    (1960 520) (2040 600)
      M5        6.11    (2000 520) (2080 600)
      M5        8.27    (2040 520) (2120 600)
      M5       10.40    (2080 520) (2160 600)
      M5       11.15    (2120 520) (2200 600)
      M5        5.75    (2160 520) (2240 600)
      M5       10.96    (2182.53 520) (2262.53 600)
      M5        9.49    (0 560) (80 640)
      M5        2.82    (40 560) (120 640)
      M5        8.69    (80 560) (160 640)
      M5        8.38    (120 560) (200 640)
      M5        2.11    (160 560) (240 640)
      M5        4.58    (200 560) (280 640)
      M5        2.71    (240 560) (320 640)
      M5        3.44    (280 560) (360 640)
      M5        6.32    (320 560) (400 640)
      M5        6.98    (360 560) (440 640)
      M5        7.67    (400 560) (480 640)
      M5        5.44    (440 560) (520 640)
      M5        9.93    (480 560) (560 640)
      M5        8.84    (1720 560) (1800 640)
      M5        5.85    (1760 560) (1840 640)
      M5        7.75    (1800 560) (1880 640)
      M5        7.19    (1840 560) (1920 640)
      M5        3.37    (1880 560) (1960 640)
      M5        5.47    (1920 560) (2000 640)
      M5        2.76    (1960 560) (2040 640)
      M5        4.13    (2000 560) (2080 640)
      M5        6.95    (2040 560) (2120 640)
      M5        8.96    (2080 560) (2160 640)
      M5        9.85    (2120 560) (2200 640)
      M5        3.72    (2160 560) (2240 640)
      M5        9.90    (2182.53 560) (2262.53 640)
      M5        9.28    (0 600) (80 680)
      M5        2.45    (40 600) (120 680)
      M5        9.42    (80 600) (160 680)
      M5        9.09    (120 600) (200 680)
      M5        2.04    (160 600) (240 680)
      M5        4.63    (200 600) (280 680)
      M5        2.75    (240 600) (320 680)
      M5        2.65    (280 600) (360 680)
      M5        5.27    (320 600) (400 680)
      M5        6.52    (360 600) (440 680)
      M5        6.78    (400 600) (480 680)
      M5        4.31    (440 600) (520 680)
      M5        9.58    (480 600) (560 680)
      M5        7.93    (1720 600) (1800 680)
      M5        4.32    (1760 600) (1840 680)
      M5        6.40    (1800 600) (1880 680)
      M5        6.01    (1840 600) (1920 680)
      M5        2.59    (1880 600) (1960 680)
      M5        4.97    (1920 600) (2000 680)
      M5        2.76    (1960 600) (2040 680)
      M5        2.98    (2000 600) (2080 680)
      M5        6.13    (2040 600) (2120 680)
      M5        9.75    (2080 600) (2160 680)
      M5        9.35    (2120 600) (2200 680)
      M5        2.75    (2160 600) (2240 680)
      M5        9.58    (2182.53 600) (2262.53 680)
      M5       10.11    (0 640) (80 720)
      M5        3.33    (40 640) (120 720)
      M5       12.42    (80 640) (160 720)
      M5       12.22    (120 640) (200 720)
      M5        3.06    (160 640) (240 720)
      M5        5.63    (200 640) (280 720)
      M5        5.41    (240 640) (320 720)
      M5        3.50    (280 640) (360 720)
      M5        5.42    (320 640) (400 720)
      M5        7.85    (360 640) (440 720)
      M5        6.76    (400 640) (480 720)
      M5        4.38    (440 640) (520 720)
      M5       10.80    (480 640) (560 720)
      M5        7.80    (1720 640) (1800 720)
      M5        4.24    (1760 640) (1840 720)
      M5        8.19    (1800 640) (1880 720)
      M5        7.86    (1840 640) (1920 720)
      M5        3.37    (1880 640) (1960 720)
      M5        5.92    (1920 640) (2000 720)
      M5        5.37    (1960 640) (2040 720)
      M5        3.62    (2000 640) (2080 720)
      M5        6.45    (2040 640) (2120 720)
      M5       11.85    (2080 640) (2160 720)
      M5        9.79    (2120 640) (2200 720)
      M5        3.60    (2160 640) (2240 720)
      M5        9.95    (2182.53 640) (2262.53 720)
      M5        9.96    (0 680) (80 760)
      M5        3.09    (40 680) (120 760)
      M5       12.93    (80 680) (160 760)
      M5       12.87    (120 680) (200 760)
      M5        3.04    (160 680) (240 760)
      M5        5.59    (200 680) (280 760)
      M5        5.44    (240 680) (320 760)
      M5        3.13    (280 680) (360 760)
      M5        4.74    (320 680) (400 760)
      M5        7.54    (360 680) (440 760)
      M5        6.22    (400 680) (480 760)
      M5        3.63    (440 680) (520 760)
      M5       10.88    (480 680) (560 760)
      M5        7.24    (1720 680) (1800 760)
      M5        3.54    (1760 680) (1840 760)
      M5        7.91    (1800 680) (1880 760)
      M5        7.78    (1840 680) (1920 760)
      M5        3.09    (1880 680) (1960 760)
      M5        5.61    (1920 680) (2000 760)
      M5        5.41    (1960 680) (2040 760)
      M5        3.34    (2000 680) (2080 760)
      M5        6.23    (2040 680) (2120 760)
      M5       12.06    (2080 680) (2160 760)
      M5        9.63    (2120 680) (2200 760)
      M5        3.29    (2160 680) (2240 760)
      M5        9.68    (2182.53 680) (2262.53 760)
      M5        8.18    (0 720) (80 800)
      M5        1.38    (40 720) (120 800)
      M5       10.97    (80 720) (160 800)
      M5       10.81    (120 720) (200 800)
      M5        1.35    (160 720) (240 800)
      M5        3.88    (200 720) (280 800)
      M5        2.74    (240 720) (320 800)
      M5        1.17    (280 720) (360 800)
      M5        2.96    (320 720) (400 800)
      M5        5.86    (360 720) (440 800)
      M5        5.54    (400 720) (480 800)
      M5        2.95    (440 720) (520 800)
      M5       10.09    (480 720) (560 800)
      M5        6.38    (1720 720) (1800 800)
      M5        2.84    (1760 720) (1840 800)
      M5        6.55    (1800 720) (1880 800)
      M5        6.26    (1840 720) (1920 800)
      M5        1.58    (1880 720) (1960 800)
      M5        3.91    (1920 720) (2000 800)
      M5        2.74    (1960 720) (2040 800)
      M5        1.73    (2000 720) (2080 800)
      M5        4.48    (2040 720) (2120 800)
      M5        9.17    (2080 720) (2160 800)
      M5        8.07    (2120 720) (2200 800)
      M5        1.65    (2160 720) (2240 800)
      M5        8.45    (2182.53 720) (2262.53 800)
      M5        9.56    (0 760) (80 840)
      M5        3.02    (40 760) (120 840)
      M5       11.00    (80 760) (160 840)
      M5       10.64    (120 760) (200 840)
      M5        2.53    (160 760) (240 840)
      M5        4.97    (200 760) (280 840)
      M5        2.72    (240 760) (320 840)
      M5        2.62    (280 760) (360 840)
      M5        4.74    (320 760) (400 840)
      M5        6.44    (360 760) (440 840)
      M5        7.26    (400 760) (480 840)
      M5        5.21    (440 760) (520 840)
      M5       10.51    (480 760) (560 840)
      M5        7.73    (1720 760) (1800 840)
      M5        5.31    (1760 760) (1840 840)
      M5        8.06    (1800 760) (1880 840)
      M5        7.72    (1840 760) (1920 840)
      M5        3.20    (1880 760) (1960 840)
      M5        5.06    (1920 760) (2000 840)
      M5        2.73    (1960 760) (2040 840)
      M5        3.34    (2000 760) (2080 840)
      M5        6.03    (2040 760) (2120 840)
      M5        9.33    (2080 760) (2160 840)
      M5        9.98    (2120 760) (2200 840)
      M5        3.36    (2160 760) (2240 840)
      M5        9.78    (2182.53 760) (2262.53 840)
      M5        9.66    (0 800) (80 880)
      M5        3.18    (40 800) (120 880)
      M5       10.74    (80 800) (160 880)
      M5       10.08    (120 800) (200 880)
      M5        2.35    (160 800) (240 880)
      M5        4.92    (200 800) (280 880)
      M5        2.77    (240 800) (320 880)
      M5        2.36    (280 800) (360 880)
      M5        5.11    (320 800) (400 880)
      M5        7.13    (360 800) (440 880)
      M5        6.83    (400 800) (480 880)
      M5        4.86    (440 800) (520 880)
      M5       10.53    (480 800) (560 880)
      M5        7.43    (1720 800) (1800 880)
      M5        5.72    (1760 800) (1840 880)
      M5        8.80    (1800 800) (1880 880)
      M5        8.34    (1840 800) (1920 880)
      M5        3.25    (1880 800) (1960 880)
      M5        5.02    (1920 800) (2000 880)
      M5        2.77    (1960 800) (2040 880)
      M5        3.86    (2000 800) (2080 880)
      M5        6.88    (2040 800) (2120 880)
      M5        9.97    (2080 800) (2160 880)
      M5       10.44    (2120 800) (2200 880)
      M5        3.49    (2160 800) (2240 880)
      M5        9.91    (2182.53 800) (2262.53 880)
      M5       11.15    (0 840) (80 920)
      M5        5.07    (40 840) (120 920)
      M5       12.56    (80 840) (160 920)
      M5       11.74    (120 840) (200 920)
      M5        4.42    (160 840) (240 920)
      M5        6.92    (200 840) (280 920)
      M5        5.43    (240 840) (320 920)
      M5        4.26    (280 840) (360 920)
      M5        6.80    (320 840) (400 920)
      M5        9.31    (360 840) (440 920)
      M5        8.12    (400 840) (480 920)
      M5        6.21    (440 840) (520 920)
      M5       11.85    (480 840) (560 920)
      M5        8.69    (1720 840) (1800 920)
      M5        7.33    (1760 840) (1840 920)
      M5       10.18    (1800 840) (1880 920)
      M5        9.54    (1840 840) (1920 920)
      M5        5.08    (1880 840) (1960 920)
      M5        6.79    (1920 840) (2000 920)
      M5        5.28    (1960 840) (2040 920)
      M5        6.34    (2000 840) (2080 920)
      M5        9.24    (2040 840) (2120 920)
      M5       12.16    (2080 840) (2160 920)
      M5       12.02    (2120 840) (2200 920)
      M5        5.61    (2160 840) (2240 920)
      M5       11.32    (2182.53 840) (2262.53 920)
      M5       10.83    (0 880) (80 960)
      M5        5.01    (40 880) (120 960)
      M5       12.06    (80 880) (160 960)
      M5       11.08    (120 880) (200 960)
      M5        4.53    (160 880) (240 960)
      M5        7.01    (200 880) (280 960)
      M5        5.41    (240 880) (320 960)
      M5        4.41    (280 880) (360 960)
      M5        6.60    (320 880) (400 960)
      M5        9.00    (360 880) (440 960)
      M5        8.09    (400 880) (480 960)
      M5        5.54    (440 880) (520 960)
      M5       11.11    (480 880) (560 960)
      M5        8.04    (1720 880) (1800 960)
      M5        6.52    (1760 880) (1840 960)
      M5        8.86    (1800 880) (1880 960)
      M5        8.45    (1840 880) (1920 960)
      M5        4.68    (1880 880) (1960 960)
      M5        6.42    (1920 880) (2000 960)
      M5        5.26    (1960 880) (2040 960)
      M5        6.36    (2000 880) (2080 960)
      M5        9.13    (2040 880) (2120 960)
      M5       12.28    (2080 880) (2160 960)
      M5       12.36    (2120 880) (2200 960)
      M5        5.69    (2160 880) (2240 960)
      M5       11.42    (2182.53 880) (2262.53 960)
      M5        9.71    (0 920) (80 1000)
      M5        3.84    (40 920) (120 1000)
      M5       10.91    (80 920) (160 1000)
      M5        9.74    (120 920) (200 1000)
      M5        3.08    (160 920) (240 1000)
      M5        5.64    (200 920) (280 1000)
      M5        2.75    (240 920) (320 1000)
      M5        2.97    (280 920) (360 1000)
      M5        5.37    (320 920) (400 1000)
      M5        6.69    (360 920) (440 1000)
      M5        7.24    (400 920) (480 1000)
      M5        3.94    (440 920) (520 1000)
      M5        8.68    (480 920) (560 1000)
      M5        6.50    (1720 920) (1800 1000)
      M5        4.63    (1760 920) (1840 1000)
      M5        6.28    (1800 920) (1880 1000)
      M5        6.07    (1840 920) (1920 1000)
      M5        2.98    (1880 920) (1960 1000)
      M5        4.98    (1920 920) (2000 1000)
      M5        2.74    (1960 920) (2040 1000)
      M5        4.49    (2000 920) (2080 1000)
      M5        7.44    (2040 920) (2120 1000)
      M5       10.28    (2080 920) (2160 1000)
      M5       11.10    (2120 920) (2200 1000)
      M5        3.78    (2160 920) (2240 1000)
      M5       10.37    (2182.53 920) (2262.53 1000)
      M5        9.31    (0 960) (80 1040)
      M5        3.03    (40 960) (120 1040)
      M5       12.02    (80 960) (160 1040)
      M5       11.12    (120 960) (200 1040)
      M5        2.33    (160 960) (240 1040)
      M5        4.97    (200 960) (280 1040)
      M5        2.76    (240 960) (320 1040)
      M5        2.30    (280 960) (360 1040)
      M5        4.52    (320 960) (400 1040)
      M5        6.00    (360 960) (440 1040)
      M5        6.30    (400 960) (480 1040)
      M5        3.02    (440 960) (520 1040)
      M5        7.54    (480 960) (560 1040)
      M5        5.62    (1720 960) (1800 1040)
      M5        3.39    (1760 960) (1840 1040)
      M5        6.17    (1800 960) (1880 1040)
      M5        6.00    (1840 960) (1920 1040)
      M5        2.30    (1880 960) (1960 1040)
      M5        4.68    (1920 960) (2000 1040)
      M5        2.76    (1960 960) (2040 1040)
      M5        3.11    (2000 960) (2080 1040)
      M5        6.24    (2040 960) (2120 1040)
      M5       10.57    (2080 960) (2160 1040)
      M5       10.04    (2120 960) (2200 1040)
      M5        2.60    (2160 960) (2240 1040)
      M5        9.55    (2182.53 960) (2262.53 1040)
      M5        9.90    (0 1000) (80 1080)
      M5        3.23    (40 1000) (120 1080)
      M5       13.13    (80 1000) (160 1080)
      M5       12.92    (120 1000) (200 1080)
      M5        3.15    (160 1000) (240 1080)
      M5        5.73    (200 1000) (280 1080)
      M5        5.42    (240 1000) (320 1080)
      M5        3.11    (280 1000) (360 1080)
      M5        5.03    (320 1000) (400 1080)
      M5        7.76    (360 1000) (440 1080)
      M5        6.28    (400 1000) (480 1080)
      M5        3.28    (440 1000) (520 1080)
      M5        8.74    (480 1000) (560 1080)
      M5        6.17    (1720 1000) (1800 1080)
      M5        3.65    (1760 1000) (1840 1080)
      M5        8.36    (1800 1000) (1880 1080)
      M5        8.21    (1840 1000) (1920 1080)
      M5        3.04    (1880 1000) (1960 1080)
      M5        5.60    (1920 1000) (2000 1080)
      M5        5.41    (1960 1000) (2040 1080)
      M5        3.45    (2000 1000) (2080 1080)
      M5        6.33    (2040 1000) (2120 1080)
      M5       12.57    (2080 1000) (2160 1080)
      M5       10.19    (2120 1000) (2200 1080)
      M5        3.34    (2160 1000) (2240 1080)
      M5        9.71    (2182.53 1000) (2262.53 1080)
      M5        9.86    (0 1040) (80 1120)
      M5        2.95    (40 1040) (120 1120)
      M5       12.54    (80 1040) (160 1120)
      M5       12.58    (120 1040) (200 1120)
      M5        2.96    (160 1040) (240 1120)
      M5        5.55    (200 1040) (280 1120)
      M5        5.42    (240 1040) (320 1120)
      M5        3.11    (280 1040) (360 1120)
      M5        4.97    (320 1040) (400 1120)
      M5        7.83    (360 1040) (440 1120)
      M5        6.28    (400 1040) (480 1120)
      M5        3.28    (440 1040) (520 1120)
      M5        8.94    (480 1040) (560 1120)
      M5        6.42    (1720 1040) (1800 1120)
      M5        3.67    (1760 1040) (1840 1120)
      M5        8.39    (1800 1040) (1880 1120)
      M5        8.01    (1840 1040) (1920 1120)
      M5        2.83    (1880 1040) (1960 1120)
      M5        5.45    (1920 1040) (2000 1120)
      M5        5.41    (1960 1040) (2040 1120)
      M5        3.30    (2000 1040) (2080 1120)
      M5        6.16    (2040 1040) (2120 1120)
      M5       12.11    (2080 1040) (2160 1120)
      M5        9.77    (2120 1040) (2200 1120)
      M5        3.35    (2160 1040) (2240 1120)
      M5        9.56    (2182.53 1040) (2262.53 1120)
      M5        8.64    (0 1080) (80 1160)
      M5        1.89    (40 1080) (120 1160)
      M5       10.63    (80 1080) (160 1160)
      M5       10.22    (120 1080) (200 1160)
      M5        1.46    (160 1080) (240 1160)
      M5        4.09    (200 1080) (280 1160)
      M5        2.77    (240 1080) (320 1160)
      M5        1.75    (280 1080) (360 1160)
      M5        3.90    (320 1080) (400 1160)
      M5        6.11    (360 1080) (440 1160)
      M5        5.89    (400 1080) (480 1160)
      M5        2.85    (440 1080) (520 1160)
      M5        8.34    (480 1080) (560 1160)
      M5        5.92    (1720 1080) (1800 1160)
      M5        3.49    (1760 1080) (1840 1160)
      M5        6.79    (1800 1080) (1880 1160)
      M5        5.90    (1840 1080) (1920 1160)
      M5        1.44    (1880 1080) (1960 1160)
      M5        3.97    (1920 1080) (2000 1160)
      M5        2.78    (1960 1080) (2040 1160)
      M5        2.05    (2000 1080) (2080 1160)
      M5        4.94    (2040 1080) (2120 1160)
      M5        9.40    (2080 1080) (2160 1160)
      M5        8.87    (2120 1080) (2200 1160)
      M5        2.37    (2160 1080) (2240 1160)
      M5        9.00    (2182.53 1080) (2262.53 1160)
      M5        9.64    (0 1120) (80 1200)
      M5        3.27    (40 1120) (120 1200)
      M5       10.48    (80 1120) (160 1200)
      M5        9.79    (120 1120) (200 1200)
      M5        2.28    (160 1120) (240 1200)
      M5        4.85    (200 1120) (280 1200)
      M5        2.78    (240 1120) (320 1200)
      M5        2.94    (280 1120) (360 1200)
      M5        5.56    (320 1120) (400 1200)
      M5        7.30    (360 1120) (440 1200)
      M5        8.22    (400 1120) (480 1200)
      M5        5.01    (440 1120) (520 1200)
      M5       11.76    (480 1120) (560 1200)
      M5        7.35    (1720 1120) (1800 1200)
      M5        5.57    (1760 1120) (1840 1200)
      M5        9.48    (1800 1120) (1880 1200)
      M5        8.33    (1840 1120) (1920 1200)
      M5        2.74    (1880 1120) (1960 1200)
      M5        4.97    (1920 1120) (2000 1200)
      M5        2.78    (1960 1120) (2040 1200)
      M5        3.41    (2000 1120) (2080 1200)
      M5        6.31    (2040 1120) (2120 1200)
      M5        9.65    (2080 1120) (2160 1200)
      M5       10.55    (2120 1120) (2200 1200)
      M5        3.82    (2160 1120) (2240 1200)
      M5       10.24    (2182.53 1120) (2262.53 1200)
      M5        8.96    (0 1160) (80 1240)
      M5        2.70    (40 1160) (120 1240)
      M5       10.42    (80 1160) (160 1240)
      M5        9.57    (120 1160) (200 1240)
      M5        1.27    (160 1160) (240 1240)
      M5        3.95    (200 1160) (280 1240)
      M5        2.84    (240 1160) (320 1240)
      M5        2.75    (280 1160) (360 1240)
      M5        6.01    (320 1160) (400 1240)
      M5        8.51    (360 1160) (440 1240)
      M5        8.98    (400 1160) (480 1240)
      M5        5.70    (440 1160) (520 1240)
      M5        6.74    (1720 1160) (1800 1240)
      M5        5.77    (1760 1160) (1840 1240)
      M5       11.94    (1800 1160) (1880 1240)
      M5       10.46    (1840 1160) (1920 1240)
      M5        2.54    (1880 1160) (1960 1240)
      M5        4.70    (1920 1160) (2000 1240)
      M5        2.77    (1960 1160) (2040 1240)
      M5        3.87    (2000 1160) (2080 1240)
      M5        6.89    (2040 1160) (2120 1240)
      M5        9.96    (2080 1160) (2160 1240)
      M5       10.76    (2120 1160) (2200 1240)
      M5        3.81    (2160 1160) (2240 1240)
      M5       10.12    (2182.53 1160) (2262.53 1240)
      M5       10.63    (0 1200) (80 1280)
      M5        4.61    (40 1200) (120 1280)
      M5       12.25    (80 1200) (160 1280)
      M5       11.47    (120 1200) (200 1280)
      M5        3.37    (160 1200) (240 1280)
      M5        5.97    (200 1200) (280 1280)
      M5        5.55    (240 1200) (320 1280)
      M5        4.91    (280 1200) (360 1280)
      M5        7.95    (320 1200) (400 1280)
      M5       10.72    (360 1200) (440 1280)
      M5       10.78    (400 1200) (480 1280)
      M5        7.89    (440 1200) (520 1280)
      M5        7.81    (1720 1200) (1800 1280)
      M5        7.25    (1760 1200) (1840 1280)
      M5       13.82    (1800 1200) (1880 1280)
      M5       12.34    (1840 1200) (1920 1280)
      M5        4.74    (1880 1200) (1960 1280)
      M5        6.65    (1920 1200) (2000 1280)
      M5        5.19    (1960 1200) (2040 1280)
      M5        6.50    (2000 1200) (2080 1280)
      M5        9.16    (2040 1200) (2120 1280)
      M5       12.25    (2080 1200) (2160 1280)
      M5       12.93    (2120 1200) (2200 1280)
      M5        6.18    (2160 1200) (2240 1280)
      M5       11.80    (2182.53 1200) (2262.53 1280)
      M5       10.67    (0 1240) (80 1320)
      M5        4.48    (40 1240) (120 1320)
      M5       11.32    (80 1240) (160 1320)
      M5       10.74    (120 1240) (200 1320)
      M5        3.42    (160 1240) (240 1320)
      M5        6.00    (200 1240) (280 1320)
      M5        5.53    (240 1240) (320 1320)
      M5        4.75    (280 1240) (360 1320)
      M5        7.18    (320 1240) (400 1320)
      M5       10.33    (360 1240) (440 1320)
      M5       10.63    (400 1240) (480 1320)
      M5        7.24    (440 1240) (520 1320)
      M5        7.63    (1720 1240) (1800 1320)
      M5        6.01    (1760 1240) (1840 1320)
      M5       13.29    (1800 1240) (1880 1320)
      M5       12.37    (1840 1240) (1920 1320)
      M5        4.54    (1880 1240) (1960 1320)
      M5        6.49    (1920 1240) (2000 1320)
      M5        5.17    (1960 1240) (2040 1320)
      M5        6.06    (2000 1240) (2080 1320)
      M5        8.64    (2040 1240) (2120 1320)
      M5       12.33    (2080 1240) (2160 1320)
      M5       12.60    (2120 1240) (2200 1320)
      M5        5.69    (2160 1240) (2240 1320)
      M5       11.45    (2182.53 1240) (2262.53 1320)
      M5        9.47    (0 1280) (80 1360)
      M5        2.97    (40 1280) (120 1360)
      M5        9.28    (80 1280) (160 1360)
      M5        8.85    (120 1280) (200 1360)
      M5        2.20    (160 1280) (240 1360)
      M5        4.76    (200 1280) (280 1360)
      M5        2.79    (240 1280) (320 1360)
      M5        3.27    (280 1280) (360 1360)
      M5        5.58    (320 1280) (400 1360)
      M5        8.55    (360 1280) (440 1360)
      M5       10.05    (400 1280) (480 1360)
      M5        5.29    (440 1280) (520 1360)
      M5        7.30    (1720 1280) (1800 1360)
      M5        4.07    (1760 1280) (1840 1360)
      M5       10.41    (1800 1280) (1880 1360)
      M5       10.12    (1840 1280) (1920 1360)
      M5        2.95    (1880 1280) (1960 1360)
      M5        5.11    (1920 1280) (2000 1360)
      M5        2.70    (1960 1280) (2040 1360)
      M5        3.98    (2000 1280) (2080 1360)
      M5        6.99    (2040 1280) (2120 1360)
      M5        9.89    (2080 1280) (2160 1360)
      M5       10.47    (2120 1280) (2200 1360)
      M5        3.59    (2160 1280) (2240 1360)
      M5       10.04    (2182.53 1280) (2262.53 1360)
      M5        8.91    (0 1320) (80 1400)
      M5        2.10    (40 1320) (120 1400)
      M5        9.81    (80 1320) (160 1400)
      M5        9.56    (120 1320) (200 1400)
      M5        1.82    (160 1320) (240 1400)
      M5        4.41    (200 1320) (280 1400)
      M5        2.75    (240 1320) (320 1400)
      M5        2.28    (280 1320) (360 1400)
      M5        4.11    (320 1320) (400 1400)
      M5        8.40    (360 1320) (440 1400)
      M5        9.23    (400 1320) (480 1400)
      M5        3.55    (440 1320) (520 1400)
      M5        6.91    (1720 1320) (1800 1400)
      M5        2.67    (1760 1320) (1840 1400)
      M5        9.64    (1800 1320) (1880 1400)
      M5        9.68    (1840 1320) (1920 1400)
      M5        2.35    (1880 1320) (1960 1400)
      M5        4.71    (1920 1320) (2000 1400)
      M5        2.72    (1960 1320) (2040 1400)
      M5        2.74    (2000 1320) (2080 1400)
      M5        5.96    (2040 1320) (2120 1400)
      M5        9.79    (2080 1320) (2160 1400)
      M5        9.11    (2120 1320) (2200 1400)
      M5        2.54    (2160 1320) (2240 1400)
      M5        9.36    (2182.53 1320) (2262.53 1400)
      M5       12.66    (0 1352.51) (80 1432.51)
      M5        6.85    (40 1352.51) (120 1432.51)
      M5       14.22    (80 1352.51) (160 1432.51)
      M5       14.30    (120 1352.51) (200 1432.51)
      M5        7.32    (160 1352.51) (240 1432.51)
      M5        9.60    (200 1352.51) (280 1432.51)
      M5        9.08    (240 1352.51) (320 1432.51)
      M5        6.85    (280 1352.51) (360 1432.51)
      M5        8.47    (320 1352.51) (400 1432.51)
      M5       13.69    (360 1352.51) (440 1432.51)
      M5       12.88    (400 1352.51) (480 1432.51)
      M5        7.87    (440 1352.51) (520 1432.51)
      M5       10.79    (1720 1352.51) (1800 1432.51)
      M5        7.53    (1760 1352.51) (1840 1432.51)
      M5       14.30    (1800 1352.51) (1880 1432.51)
      M5       14.01    (1840 1352.51) (1920 1432.51)
      M5        7.51    (1880 1352.51) (1960 1432.51)
      M5        9.90    (1920 1352.51) (2000 1432.51)
      M5        9.40    (1960 1352.51) (2040 1432.51)
      M5        7.55    (2000 1352.51) (2080 1432.51)
      M5       10.23    (2040 1352.51) (2120 1432.51)
      M5       13.24    (2120 1352.51) (2200 1432.51)
      M5        7.86    (2160 1352.51) (2240 1432.51)
      M5       12.90    (2182.53 1352.51) (2262.53 1432.51)

      M4        8.47    (700 50) (800 150)
      M4        8.23    (1100 50) (1200 150)
      M4        8.97    (1350 50) (1450 150)
      M4        9.26    (1400 50) (1500 150)
      M4        9.70    (1600 50) (1700 150)
      M4        8.86    (2000 50) (2100 150)
      M4        8.34    (2150 50) (2250 150)
      M4        9.95    (2162.53 50) (2262.53 150)
      M4        9.85    (1100 100) (1200 200)
      M4        9.78    (700 200) (800 300)
      M4        9.15    (1100 200) (1200 300)
      M4        9.33    (1350 200) (1450 300)
      M4        9.63    (1400 200) (1500 300)
      M4        9.81    (1600 200) (1700 300)
      M4        9.49    (2150 200) (2250 300)
      M4        9.79    (700 250) (800 350)
      M4        9.36    (1100 250) (1200 350)
      M4        9.65    (1350 250) (1450 350)
      M4        9.42    (2150 250) (2250 350)
      M4        9.22    (2000 400) (2100 500)
      M4        8.38    (2150 400) (2250 500)
      M4        9.98    (2162.53 400) (2262.53 500)
      M4        9.84    (2150 450) (2250 550)
      M4        9.40    (2150 550) (2250 650)
      M4        9.40    (2150 600) (2250 700)
      M4        9.06    (2150 750) (2250 850)
      M4        9.91    (150 900) (250 1000)
      M4        9.63    (2000 900) (2100 1000)
      M4        8.67    (2150 900) (2250 1000)
      M4        9.96    (150 950) (250 1050)
      M4        9.42    (2000 950) (2100 1050)
      M4        8.76    (2150 950) (2250 1050)
      M4        9.10    (2150 1100) (2250 1200)
      M4        9.78    (1750 1250) (1850 1350)
      M4        9.40    (2000 1250) (2100 1350)
      M4        8.59    (2150 1250) (2250 1350)
      M4        9.70    (1750 1300) (1850 1400)
      M4        9.40    (2000 1300) (2100 1400)
      M4        8.56    (2150 1300) (2250 1400)

      M3       63.77    (0 50) (100 150)
      M3       60.53    (50 50) (150 150)
      M3       60.13    (100 50) (200 150)
      M3       70.63    (150 50) (250 150)
      M3       67.96    (200 50) (300 150)
      M3       67.98    (250 50) (350 150)
      M3       68.15    (300 50) (400 150)
      M3       62.83    (400 50) (500 150)
      M3       61.70    (450 50) (550 150)
      M3       68.18    (550 50) (650 150)
      M3       68.45    (600 50) (700 150)
      M3       68.45    (650 50) (750 150)
      M3       70.65    (700 50) (800 150)
      M3       63.63    (750 50) (850 150)
      M3       61.88    (850 50) (950 150)
      M3       63.16    (900 50) (1000 150)
      M3       66.83    (950 50) (1050 150)
      M3       68.04    (1000 50) (1100 150)
      M3       68.04    (1050 50) (1150 150)
      M3       70.61    (1100 50) (1200 150)
      M3       61.47    (1150 50) (1250 150)
      M3       61.91    (1200 50) (1300 150)
      M3       67.92    (1250 50) (1350 150)
      M3       67.60    (1300 50) (1400 150)
      M3       70.65    (1350 50) (1450 150)
      M3       67.91    (1400 50) (1500 150)
      M3       67.97    (1450 50) (1550 150)
      M3       68.27    (1500 50) (1600 150)
      M3       67.87    (1550 50) (1650 150)
      M3       70.62    (1600 50) (1700 150)
      M3       63.64    (1650 50) (1750 150)
      M3       63.66    (1700 50) (1800 150)
      M3       70.37    (1750 50) (1850 150)
      M3       60.62    (1850 50) (1950 150)
      M3       67.98    (1900 50) (2000 150)
      M3       67.58    (1950 50) (2050 150)
      M3       70.65    (2000 50) (2100 150)
      M3       70.65    (2150 50) (2250 150)
      M3       63.68    (2162.53 50) (2262.53 150)
      M3       61.08    (800 150) (900 250)
      M3       64.64    (850 150) (950 250)
      M3       63.77    (0 200) (100 300)
      M3       60.72    (50 200) (150 300)
      M3       60.31    (100 200) (200 300)
      M3       70.63    (150 200) (250 300)
      M3       68.12    (200 200) (300 300)
      M3       68.14    (250 200) (350 300)
      M3       68.43    (300 200) (400 300)
      M3       60.94    (350 200) (450 300)
      M3       63.57    (400 200) (500 300)
      M3       62.24    (450 200) (550 300)
      M3       68.09    (550 200) (650 300)
      M3       68.19    (600 200) (700 300)
      M3       68.20    (650 200) (750 300)
      M3       70.65    (700 200) (800 300)
      M3       67.12    (950 200) (1050 300)
      M3       68.35    (1000 200) (1100 300)
      M3       68.35    (1050 200) (1150 300)
      M3       70.62    (1100 200) (1200 300)
      M3       61.77    (1150 200) (1250 300)
      M3       62.20    (1200 200) (1300 300)
      M3       68.17    (1250 200) (1350 300)
      M3       67.85    (1300 200) (1400 300)
      M3       70.65    (1350 200) (1450 300)
      M3       67.91    (1400 200) (1500 300)
      M3       67.97    (1450 200) (1550 300)
      M3       68.61    (1500 200) (1600 300)
      M3       68.20    (1550 200) (1650 300)
      M3       70.62    (1600 200) (1700 300)
      M3       64.05    (1650 200) (1750 300)
      M3       64.07    (1700 200) (1800 300)
      M3       70.44    (1750 200) (1850 300)
      M3       60.83    (1800 200) (1900 300)
      M3       61.41    (1850 200) (1950 300)
      M3       68.04    (1900 200) (2000 300)
      M3       67.64    (1950 200) (2050 300)
      M3       70.65    (2000 200) (2100 300)
      M3       60.15    (2050 200) (2150 300)
      M3       60.14    (2100 200) (2200 300)
      M3       70.65    (2150 200) (2250 300)
      M3       63.68    (2162.53 200) (2262.53 300)
      M3       63.78    (0 250) (100 350)
      M3       60.45    (50 250) (150 350)
      M3       60.04    (100 250) (200 350)
      M3       70.63    (150 250) (250 350)
      M3       68.14    (200 250) (300 350)
      M3       68.16    (250 250) (350 350)
      M3       68.22    (300 250) (400 350)
      M3       60.90    (350 250) (450 350)
      M3       63.74    (400 250) (500 350)
      M3       62.64    (450 250) (550 350)
      M3       68.31    (550 250) (650 350)
      M3       67.99    (600 250) (700 350)
      M3       68.00    (650 250) (750 350)
      M3       70.65    (700 250) (800 350)
      M3       67.47    (950 250) (1050 350)
      M3       68.46    (1000 250) (1100 350)
      M3       68.46    (1050 250) (1150 350)
      M3       70.62    (1100 250) (1200 350)
      M3       62.05    (1150 250) (1250 350)
      M3       62.48    (1200 250) (1300 350)
      M3       68.12    (1250 250) (1350 350)
      M3       67.79    (1300 250) (1400 350)
      M3       70.65    (1350 250) (1450 350)
      M3       67.91    (1400 250) (1500 350)
      M3       67.98    (1450 250) (1550 350)
      M3       68.55    (1500 250) (1600 350)
      M3       68.14    (1550 250) (1650 350)
      M3       70.63    (1600 250) (1700 350)
      M3       64.36    (1650 250) (1750 350)
      M3       64.37    (1700 250) (1800 350)
      M3       70.43    (1750 250) (1850 350)
      M3       61.29    (1800 250) (1900 350)
      M3       61.89    (1850 250) (1950 350)
      M3       68.07    (1900 250) (2000 350)
      M3       67.67    (1950 250) (2050 350)
      M3       70.65    (2000 250) (2100 350)
      M3       60.19    (2050 250) (2150 350)
      M3       60.18    (2100 250) (2200 350)
      M3       70.65    (2150 250) (2250 350)
      M3       63.69    (2162.53 250) (2262.53 350)
      M3       63.77    (0 400) (100 500)
      M3       60.59    (50 400) (150 500)
      M3       60.19    (100 400) (200 500)
      M3       70.63    (150 400) (250 500)
      M3       67.91    (200 400) (300 500)
      M3       67.94    (250 400) (350 500)
      M3       68.18    (300 400) (400 500)
      M3       60.94    (350 400) (450 500)
      M3       63.81    (400 400) (500 500)
      M3       63.00    (450 400) (550 500)
      M3       70.41    (1750 400) (1850 500)
      M3       61.29    (1800 400) (1900 500)
      M3       61.89    (1850 400) (1950 500)
      M3       68.25    (1900 400) (2000 500)
      M3       67.85    (1950 400) (2050 500)
      M3       70.65    (2000 400) (2100 500)
      M3       70.65    (2150 400) (2250 500)
      M3       63.68    (2162.53 400) (2262.53 500)
      M3       60.82    (150 450) (250 550)
      M3       60.66    (1750 450) (1850 550)
      M3       60.85    (2000 450) (2100 550)
      M3       60.86    (2150 450) (2250 550)
      M3       63.77    (0 550) (100 650)
      M3       60.70    (50 550) (150 650)
      M3       60.29    (100 550) (200 650)
      M3       70.63    (150 550) (250 650)
      M3       67.97    (200 550) (300 650)
      M3       68.00    (250 550) (350 650)
      M3       68.27    (300 550) (400 650)
      M3       61.38    (350 550) (450 650)
      M3       64.16    (400 550) (500 650)
      M3       63.12    (450 550) (550 650)
      M3       70.45    (1750 550) (1850 650)
      M3       61.18    (1800 550) (1900 650)
      M3       61.75    (1850 550) (1950 650)
      M3       68.10    (1900 550) (2000 650)
      M3       67.70    (1950 550) (2050 650)
      M3       70.65    (2000 550) (2100 650)
      M3       60.05    (2050 550) (2150 650)
      M3       60.04    (2100 550) (2200 650)
      M3       70.65    (2150 550) (2250 650)
      M3       63.68    (2162.53 550) (2262.53 650)
      M3       63.78    (0 600) (100 700)
      M3       60.26    (50 600) (150 700)
      M3       70.63    (150 600) (250 700)
      M3       67.96    (200 600) (300 700)
      M3       67.98    (250 600) (350 700)
      M3       68.18    (300 600) (400 700)
      M3       61.33    (350 600) (450 700)
      M3       64.20    (400 600) (500 700)
      M3       63.05    (450 600) (550 700)
      M3       70.43    (1750 600) (1850 700)
      M3       61.12    (1800 600) (1900 700)
      M3       61.72    (1850 600) (1950 700)
      M3       68.02    (1900 600) (2000 700)
      M3       67.62    (1950 600) (2050 700)
      M3       70.65    (2000 600) (2100 700)
      M3       70.65    (2150 600) (2250 700)
      M3       63.69    (2162.53 600) (2262.53 700)
      M3       63.77    (0 750) (100 850)
      M3       60.58    (50 750) (150 850)
      M3       60.18    (100 750) (200 850)
      M3       70.63    (150 750) (250 850)
      M3       67.83    (200 750) (300 850)
      M3       67.85    (250 750) (350 850)
      M3       68.19    (300 750) (400 850)
      M3       61.06    (350 750) (450 850)
      M3       63.92    (400 750) (500 850)
      M3       63.25    (450 750) (550 850)
      M3       70.44    (1750 750) (1850 850)
      M3       61.46    (1800 750) (1900 850)
      M3       62.03    (1850 750) (1950 850)
      M3       68.01    (1900 750) (2000 850)
      M3       67.61    (1950 750) (2050 850)
      M3       70.65    (2000 750) (2100 850)
      M3       70.65    (2150 750) (2250 850)
      M3       63.68    (2162.53 750) (2262.53 850)
      M3       62.69    (150 800) (250 900)
      M3       60.31    (200 800) (300 900)
      M3       60.34    (250 800) (350 900)
      M3       60.93    (300 800) (400 900)
      M3       62.57    (1750 800) (1850 900)
      M3       60.50    (1900 800) (2000 900)
      M3       60.04    (1950 800) (2050 900)
      M3       62.73    (2000 800) (2100 900)
      M3       62.74    (2150 800) (2250 900)
      M3       63.60    (0 900) (100 1000)
      M3       60.50    (50 900) (150 1000)
      M3       60.09    (100 900) (200 1000)
      M3       70.43    (150 900) (250 1000)
      M3       67.76    (200 900) (300 1000)
      M3       67.79    (250 900) (350 1000)
      M3       68.29    (300 900) (400 1000)
      M3       61.14    (350 900) (450 1000)
      M3       63.71    (400 900) (500 1000)
      M3       62.47    (450 900) (550 1000)
      M3       70.31    (1750 900) (1850 1000)
      M3       61.50    (1800 900) (1900 1000)
      M3       62.01    (1850 900) (1950 1000)
      M3       67.99    (1900 900) (2000 1000)
      M3       67.59    (1950 900) (2050 1000)
      M3       70.45    (2000 900) (2100 1000)
      M3       70.45    (2150 900) (2250 1000)
      M3       63.51    (2162.53 900) (2262.53 1000)
      M3       63.78    (0 950) (100 1050)
      M3       60.20    (50 950) (150 1050)
      M3       70.63    (150 950) (250 1050)
      M3       67.84    (200 950) (300 1050)
      M3       67.87    (250 950) (350 1050)
      M3       68.41    (300 950) (400 1050)
      M3       61.34    (350 950) (450 1050)
      M3       63.99    (400 950) (500 1050)
      M3       62.77    (450 950) (550 1050)
      M3       70.47    (1750 950) (1850 1050)
      M3       61.55    (1800 950) (1900 1050)
      M3       62.10    (1850 950) (1950 1050)
      M3       68.10    (1900 950) (2000 1050)
      M3       67.70    (1950 950) (2050 1050)
      M3       70.65    (2000 950) (2100 1050)
      M3       70.65    (2150 950) (2250 1050)
      M3       63.69    (2162.53 950) (2262.53 1050)
      M3       63.77    (0 1100) (100 1200)
      M3       60.43    (50 1100) (150 1200)
      M3       60.02    (100 1100) (200 1200)
      M3       70.63    (150 1100) (250 1200)
      M3       67.83    (200 1100) (300 1200)
      M3       67.85    (250 1100) (350 1200)
      M3       67.98    (300 1100) (400 1200)
      M3       60.77    (350 1100) (450 1200)
      M3       63.84    (400 1100) (500 1200)
      M3       62.77    (450 1100) (550 1200)
      M3       25.00    (1050 1100) (1150 1200)
      M3       70.43    (1750 1100) (1850 1200)
      M3       61.01    (1800 1100) (1900 1200)
      M3       61.60    (1850 1100) (1950 1200)
      M3       68.02    (1900 1100) (2000 1200)
      M3       67.62    (1950 1100) (2050 1200)
      M3       70.65    (2000 1100) (2100 1200)
      M3       70.65    (2150 1100) (2250 1200)
      M3       63.68    (2162.53 1100) (2262.53 1200)
      M3       64.72    (150 1150) (250 1250)
      M3       62.23    (200 1150) (300 1250)
      M3       62.25    (250 1150) (350 1250)
      M3       62.47    (300 1150) (400 1250)
      M3       24.60    (1050 1150) (1150 1250)
      M3       64.59    (1750 1150) (1850 1250)
      M3       62.47    (1900 1150) (2000 1250)
      M3       62.04    (1950 1150) (2050 1250)
      M3       64.75    (2000 1150) (2100 1250)
      M3       64.76    (2150 1150) (2250 1250)
      M3       61.78    (0 1250) (100 1350)
      M3       68.40    (150 1250) (250 1350)
      M3       66.04    (200 1250) (300 1350)
      M3       66.06    (250 1250) (350 1350)
      M3       66.20    (300 1250) (400 1350)
      M3       60.86    (400 1250) (500 1350)
      M3       68.24    (1750 1250) (1850 1350)
      M3       66.06    (1900 1250) (2000 1350)
      M3       65.63    (1950 1250) (2050 1350)
      M3       68.42    (2000 1250) (2100 1350)
      M3       68.42    (2150 1250) (2250 1350)
      M3       61.69    (2162.53 1250) (2262.53 1350)
      M3       63.78    (0 1300) (100 1400)
      M3       60.37    (50 1300) (150 1400)
      M3       70.63    (150 1300) (250 1400)
      M3       68.12    (200 1300) (300 1400)
      M3       68.14    (250 1300) (350 1400)
      M3       68.21    (300 1300) (400 1400)
      M3       62.54    (400 1300) (500 1400)
      M3       60.84    (450 1300) (550 1400)
      M3       70.42    (1750 1300) (1850 1400)
      M3       60.02    (1800 1300) (1900 1400)
      M3       60.63    (1850 1300) (1950 1400)
      M3       68.11    (1900 1300) (2000 1400)
      M3       67.71    (1950 1300) (2050 1400)
      M3       70.65    (2000 1300) (2100 1400)
      M3       70.65    (2150 1300) (2250 1400)
      M3       63.69    (2162.53 1300) (2262.53 1400)

      M2       24.13    (950 350) (1050 450)
      M2       22.48    (850 400) (950 500)
      M2       22.16    (900 400) (1000 500)
      M2       21.97    (950 400) (1050 500)
      M2       22.04    (1000 400) (1100 500)
      M2       22.82    (1050 400) (1150 500)
      M2       23.43    (1100 400) (1200 500)
      M2       23.58    (1150 400) (1250 500)
      M2       23.58    (1200 400) (1300 500)
      M2       24.46    (850 450) (950 550)
      M2       23.38    (1000 450) (1100 550)
      M2       23.87    (1050 450) (1150 550)
      M2       23.53    (1100 450) (1200 550)
      M2       22.75    (1150 450) (1250 550)
      M2       22.34    (1200 450) (1300 550)
      M2       22.98    (700 500) (800 600)
      M2       24.27    (1000 500) (1100 600)
      M2       24.69    (1050 500) (1150 600)
      M2       24.04    (1100 500) (1200 600)
      M2       22.54    (1150 500) (1250 600)
      M2       21.41    (1200 500) (1300 600)
      M2       24.24    (950 550) (1050 650)
      M2       23.49    (1000 550) (1100 650)
      M2       23.84    (1050 550) (1150 650)
      M2       23.81    (1100 550) (1200 650)
      M2       22.77    (1150 550) (1250 650)
      M2       21.28    (1200 550) (1300 650)
      M2       21.64    (1250 550) (1350 650)
      M2       21.48    (950 600) (1050 700)
      M2       21.54    (1000 600) (1100 700)
      M2       21.54    (1050 600) (1150 700)
      M2       22.07    (1100 600) (1200 700)
      M2       22.22    (1150 600) (1250 700)
      M2       21.61    (1200 600) (1300 700)
      M2       21.25    (1250 600) (1350 700)
      M2       22.51    (1300 600) (1400 700)
      M2       22.98    (900 650) (1000 750)
      M2       20.98    (950 650) (1050 750)
      M2       20.61    (1000 650) (1100 750)
      M2       20.70    (1050 650) (1150 750)
      M2       21.34    (1100 650) (1200 750)
      M2       21.79    (1150 650) (1250 750)
      M2       21.64    (1200 650) (1300 750)
      M2       21.21    (1250 650) (1350 750)
      M2       21.81    (1300 650) (1400 750)
      M2       21.70    (900 700) (1000 800)
      M2       21.11    (950 700) (1050 800)
      M2       20.64    (1000 700) (1100 800)
      M2       20.83    (1050 700) (1150 800)
      M2       21.28    (1100 700) (1200 800)
      M2       21.12    (1150 700) (1250 800)
      M2       21.11    (1200 700) (1300 800)
      M2       21.02    (1250 700) (1350 800)
      M2       21.21    (1300 700) (1400 800)
      M2       21.52    (1350 700) (1450 800)
      M2       22.69    (900 750) (1000 850)
      M2       21.06    (950 750) (1050 850)
      M2       20.71    (1000 750) (1100 850)
      M2       20.96    (1050 750) (1150 850)
      M2       21.08    (1100 750) (1200 850)
      M2       20.72    (1150 750) (1250 850)
      M2       20.44    (1200 750) (1300 850)
      M2       20.97    (1250 750) (1350 850)
      M2       21.02    (1300 750) (1400 850)
      M2       21.09    (1350 750) (1450 850)
      M2       24.09    (900 800) (1000 900)
      M2       22.33    (950 800) (1050 900)
      M2       21.41    (1000 800) (1100 900)
      M2       21.00    (1050 800) (1150 900)
      M2       21.10    (1100 800) (1200 900)
      M2       21.21    (1150 800) (1250 900)
      M2       21.00    (1200 800) (1300 900)
      M2       21.62    (1250 800) (1350 900)
      M2       21.44    (1300 800) (1400 900)
      M2       20.85    (1350 800) (1450 900)
      M2       23.90    (900 850) (1000 950)
      M2       23.73    (950 850) (1050 950)
      M2       22.68    (1000 850) (1100 950)
      M2       21.26    (1050 850) (1150 950)
      M2       20.95    (1100 850) (1200 950)
      M2       21.27    (1150 850) (1250 950)
      M2       21.45    (1200 850) (1300 950)
      M2       21.70    (1250 850) (1350 950)
      M2       21.25    (1300 850) (1400 950)
      M2       20.67    (1350 850) (1450 950)
      M2       23.89    (900 900) (1000 1000)
      M2       23.73    (950 900) (1050 1000)
      M2       23.63    (1000 900) (1100 1000)
      M2       22.37    (1050 900) (1150 1000)
      M2       21.21    (1100 900) (1200 1000)
      M2       21.28    (1150 900) (1250 1000)
      M2       21.29    (1200 900) (1300 1000)
      M2       21.15    (1250 900) (1350 1000)
      M2       24.15    (900 950) (1000 1050)
      M2       23.76    (950 950) (1050 1050)
      M2       23.63    (1000 950) (1100 1050)
      M2       23.09    (1050 950) (1150 1050)
      M2       22.64    (1100 950) (1200 1050)
      M2       22.41    (1150 950) (1250 1050)
      M2       21.50    (1200 950) (1300 1050)
      M2       21.10    (1250 950) (1350 1050)
      M2       23.57    (900 1000) (1000 1100)
      M2       23.94    (950 1000) (1050 1100)
      M2       23.77    (1000 1000) (1100 1100)
      M2       23.75    (1050 1000) (1150 1100)
      M2       24.18    (1100 1000) (1200 1100)
      M2       24.36    (1150 1000) (1250 1100)
      M2       22.45    (1200 1000) (1300 1100)
      M2       23.49    (1250 1000) (1350 1100)
      M2       22.72    (900 1050) (1000 1150)
      M2       23.54    (950 1050) (1050 1150)
      M2       24.01    (1000 1050) (1100 1150)
      M2       23.87    (1050 1050) (1150 1150)
      M2       23.67    (900 1100) (1000 1200)
      M2       22.96    (950 1100) (1050 1200)
      M2       23.68    (1000 1100) (1100 1200)
      M2       24.01    (1050 1100) (1150 1200)
      M2       24.27    (1050 1150) (1150 1250)


A total of 1584 density violation(s).
Windows < Min. Density = 1287
Windows > Max. Density = 297
Windows < Min. Union. Density = 0
Windows > Max. Union. Density = 0
