###############################################################
#  Generated by:      Cadence Innovus 23.14-s088_1
#  OS:                Linux x86_64(Host ID user1-EliteMini)
#  Generated on:      Wed Sep 30 16:18:57 2026
#  Design:            top_soc
#  Command:           verify_drc -limit 500000 -report ./verify_rpt/drc_route.rpt
###############################################################

EndOfLine: ( EndOfLine Keepout ) Regular Wire of Net FE_OFN632_reset_sys_n & Special Wire of Net VDD  ( M3 )
Bounds : ( 323.163, 198.009 ) ( 323.181, 198.031 )


OFFGRID: ( Off Grid or Wrong Way ) Regular Wire of Net u_axi_ram_hi/u_mem/bank_rdata[4][1]  ( M4 )
Bounds : ( 443.437, 181.112 ) ( 446.868, 181.136 )


EndOfLine: ( EndOfLine Keepout ) Regular Wire of Net FE_OFN798_reset_sys_n & Special Wire of Net VDD  ( M3 )
Bounds : ( 297.243, 181.269 ) ( 297.261, 181.291 )


EndOfLine: ( EndOfLine Keepout ) Regular Wire of Net FE_OFN389_reset_sys_n & Special Wire of Net VDD  ( M3 )
Bounds : ( 297.243, 207.617 ) ( 297.261, 207.639 )


EndOfLine: ( EndOfLine Keepout ) Regular Wire of Net u_axi_apb_dma_u_dma_engine/FE_OFN1183_n_0 & Special Wire of Net VDD  ( M3 )
Bounds : ( 238.923, 210.857 ) ( 238.941, 210.879 )


EndOfLine: ( EndOfLine Keepout ) Regular Wire of Net FE_OFN575_reset_sys_n & Special Wire of Net VDD  ( M3 )
Bounds : ( 310.185, 197.897 ) ( 310.191, 197.919 )


EndOfLine: ( EndOfLine Keepout ) Regular Wire of Net FE_OFN502_reset_sys_n & Special Wire of Net VDD  ( M3 )
Bounds : ( 232.425, 264.317 ) ( 232.431, 264.339 )


SPACING: ( Corner Spacing ) Regular Wire of Net u_axi_interconnect/FE_PHN14697_n_2870 & Special Wire of Net VSS  ( M4 )
Bounds : ( 303.937, 260.139 ) ( 303.960, 260.178 )


EndOfLine: ( EndOfLine Keepout ) Regular Wire of Net u_axi_interconnect/FE_PHN14697_n_2870 & Special Wire of Net VSS  ( M4 )
Bounds : ( 303.937, 260.163 ) ( 303.960, 260.178 )


EndOfLine: ( EndOfLine Keepout ) Regular Wire of Net u_axi_interconnect/n_1439 & Special Wire of Net VSS  ( M4 )
Bounds : ( 303.960, 258.330 ) ( 303.961, 258.363 )


CUTSPACING: ( Same Layer Cut Spacing ) Regular Wire of Net u_axi_interconnect/FE_PHN14697_n_2870 & Special Wire of Net VDD  ( V4 )
Bounds : ( 303.840, 260.139 ) ( 303.864, 260.163 )


EndOfLine: ( EndOfLine Spacing ) Regular Wire of Net u_axi_interconnect/FE_PHN14697_n_2870 & Special Wire of Net VDD  ( M4 )
Bounds : ( 303.840, 260.139 ) ( 303.853, 260.163 )


EndOfLine: ( EndOfLine Spacing ) Regular Wire of Net u_axi_interconnect/FE_PHN14697_n_2870 & Special Wire of Net VSS  ( M4 )
Bounds : ( 303.937, 260.163 ) ( 303.960, 260.178 )


SPACING: ( ParallelRunLength Spacing ) Regular Wire of Net u_axi_interconnect/n_1439 & Special Wire of Net VDD  ( M3 )
Bounds : ( 303.903, 258.392 ) ( 303.921, 258.399 )


SPACING: ( ParallelRunLength Spacing ) Regular Wire of Net u_axi_interconnect/FE_PHN14697_n_2870 & Special Wire of Net VDD  ( M4 )
Bounds : ( 303.840, 260.139 ) ( 303.853, 260.163 )


EndOfLine: ( EndOfLine Keepout ) Regular Wire of Net FE_OFN1110_reset_sys_n & Special Wire of Net VDD  ( M3 )
Bounds : ( 206.505, 263.349 ) ( 206.511, 263.371 )


EndOfLine: ( EndOfLine Keepout ) Regular Wire of Net FE_OFN680_reset_sys_n & Special Wire of Net VDD  ( M3 )
Bounds : ( 238.905, 281.597 ) ( 238.911, 281.619 )


EndOfLine: ( EndOfLine Keepout ) Regular Wire of Net FE_OFN1099_reset_sys_n & Special Wire of Net VDD  ( M3 )
Bounds : ( 238.905, 284.949 ) ( 238.911, 284.971 )


EndOfLine: ( EndOfLine Keepout ) Regular Wire of Net FE_OFN666_reset_sys_n & Special Wire of Net VDD  ( M3 )
Bounds : ( 238.923, 275.229 ) ( 238.941, 275.251 )


EndOfLine: ( EndOfLine Keepout ) Regular Wire of Net FE_OFN680_reset_sys_n & Special Wire of Net VDD  ( M3 )
Bounds : ( 238.923, 281.709 ) ( 238.941, 281.731 )


EndOfLine: ( EndOfLine Keepout ) Regular Wire of Net FE_OFN411_reset_sys_n & Special Wire of Net VDD  ( M3 )
Bounds : ( 225.945, 247.577 ) ( 225.951, 247.599 )


EndOfLine: ( EndOfLine Keepout ) Regular Wire of Net LTIEHI_27_NET & Special Wire of Net VDD  ( M3 )
Bounds : ( 206.505, 281.169 ) ( 206.511, 281.191 )


EndOfLine: ( EndOfLine Keepout ) Regular Wire of Net FE_OFN908_reset_sys_n & Special Wire of Net VDD  ( M3 )
Bounds : ( 212.985, 279.549 ) ( 212.991, 279.571 )


EndOfLine: ( EndOfLine Keepout ) Regular Wire of Net FE_OFN1093_reset_sys_n & Special Wire of Net VDD  ( M3 )
Bounds : ( 213.003, 283.757 ) ( 213.021, 283.779 )


EndOfLine: ( EndOfLine Keepout ) Regular Wire of Net FE_OFN903_reset_sys_n & Special Wire of Net VDD  ( M3 )
Bounds : ( 213.003, 284.297 ) ( 213.021, 284.319 )


EndOfLine: ( EndOfLine Keepout ) Regular Wire of Net u_axi_interconnect/SA_GEN[1].genblk1.slave_arbitration_R_channel/FE_OFN515_reset_sys_n & Special Wire of Net VDD  ( M3 )
Bounds : ( 219.465, 174.789 ) ( 219.471, 174.811 )


EndOfLine: ( EndOfLine Keepout ) Regular Wire of Net u_axi_interconnect/SA_GEN[6].genblk1.slave_arbitration_R_channel/FE_OFN604_reset_sys_n & Special Wire of Net VDD  ( M3 )
Bounds : ( 336.105, 165.609 ) ( 336.111, 165.631 )


EndOfLine: ( EndOfLine Keepout ) Regular Wire of Net u_dcache/FE_OFN1133_reset_sys_n & Special Wire of Net VDD  ( M3 )
Bounds : ( 206.523, 127.269 ) ( 206.541, 127.291 )


EndOfLine: ( EndOfLine Keepout ) Regular Wire of Net u_icache/FE_OFN821_reset_sys_n & Special Wire of Net VDD  ( M3 )
Bounds : ( 349.065, 146.169 ) ( 349.071, 146.191 )


EndOfLine: ( EndOfLine Keepout ) Regular Wire of Net u_dcache/FE_OFN962_reset_sys_n & Special Wire of Net VDD  ( M3 )
Bounds : ( 206.505, 142.929 ) ( 206.511, 142.951 )


EndOfLine: ( EndOfLine Keepout ) Regular Wire of Net FE_OFN862_reset_sys_n & Special Wire of Net VDD  ( M3 )
Bounds : ( 297.243, 150.489 ) ( 297.261, 150.511 )


EndOfLine: ( EndOfLine Keepout ) Regular Wire of Net FE_OFN611_reset_sys_n & Special Wire of Net VDD  ( M3 )
Bounds : ( 323.163, 127.269 ) ( 323.181, 127.291 )


EndOfLine: ( EndOfLine Keepout ) Regular Wire of Net u_dcache/FE_OFN709_reset_sys_n & Special Wire of Net VDD  ( M3 )
Bounds : ( 225.945, 140.769 ) ( 225.951, 140.791 )


EndOfLine: ( EndOfLine Keepout ) Regular Wire of Net u_icache/FE_OFN855_reset_sys_n & Special Wire of Net VDD  ( M3 )
Bounds : ( 349.083, 104.477 ) ( 349.101, 104.499 )


OFFGRID: ( Off Grid or Wrong Way ) Regular Wire of Net u_itcm/u_mem/FE_OFN7471_n_257  ( M4 )
Bounds : ( 379.117, 83.303 ) ( 382.020, 83.327 )


OFFGRID: ( Off Grid or Wrong Way ) Regular Wire of Net u_itcm/u_mem/FE_OFN7470_n_256  ( M4 )
Bounds : ( 379.117, 82.223 ) ( 382.020, 82.247 )


OFFGRID: ( Off Grid or Wrong Way ) Regular Wire of Net u_itcm/u_mem/FE_OFN7469_n_255  ( M4 )
Bounds : ( 379.117, 81.143 ) ( 382.020, 81.167 )


OFFGRID: ( Off Grid or Wrong Way ) Regular Wire of Net u_itcm/u_mem/FE_OFN7468_n_254  ( M4 )
Bounds : ( 379.117, 80.063 ) ( 382.020, 80.087 )


OFFGRID: ( Off Grid or Wrong Way ) Regular Wire of Net u_itcm/u_mem/FE_OFN7467_n_253  ( M4 )
Bounds : ( 379.117, 78.983 ) ( 382.020, 79.007 )


OFFGRID: ( Off Grid or Wrong Way ) Regular Wire of Net u_itcm/u_mem/FE_OFN7466_n_252  ( M4 )
Bounds : ( 379.117, 77.903 ) ( 382.020, 77.927 )


OFFGRID: ( Off Grid or Wrong Way ) Regular Wire of Net u_itcm/u_mem/FE_OFN7465_n_251  ( M4 )
Bounds : ( 379.117, 76.823 ) ( 382.020, 76.847 )


OFFGRID: ( Off Grid or Wrong Way ) Regular Wire of Net u_itcm/u_mem/FE_OFN7464_n_250  ( M4 )
Bounds : ( 379.117, 75.743 ) ( 382.020, 75.767 )


OFFGRID: ( Off Grid or Wrong Way ) Regular Wire of Net u_itcm/u_mem/FE_OFN7463_n_249  ( M4 )
Bounds : ( 379.117, 74.663 ) ( 382.020, 74.687 )


OFFGRID: ( Off Grid or Wrong Way ) Regular Wire of Net u_itcm/u_mem/FE_OFN7451_n_233  ( M4 )
Bounds : ( 379.693, 49.256 ) ( 382.020, 49.280 )


OFFGRID: ( Off Grid or Wrong Way ) Regular Wire of Net u_itcm/u_mem/FE_OFN6616_n_245  ( M4 )
Bounds : ( 379.117, 62.216 ) ( 382.020, 62.240 )


OFFGRID: ( Off Grid or Wrong Way ) Regular Wire of Net u_itcm/u_mem/FE_OFN7459_n_243  ( M4 )
Bounds : ( 379.117, 60.056 ) ( 382.020, 60.080 )


OFFGRID: ( Off Grid or Wrong Way ) Regular Wire of Net u_itcm/u_mem/FE_OFN7458_n_241  ( M4 )
Bounds : ( 379.117, 57.896 ) ( 382.020, 57.920 )


OFFGRID: ( Off Grid or Wrong Way ) Regular Wire of Net u_itcm/u_mem/FE_OFN6613_n_239  ( M4 )
Bounds : ( 379.117, 55.736 ) ( 382.020, 55.760 )


OFFGRID: ( Off Grid or Wrong Way ) Regular Wire of Net u_itcm/u_mem/FE_OFN7455_n_237  ( M4 )
Bounds : ( 379.117, 53.576 ) ( 382.020, 53.600 )


OFFGRID: ( Off Grid or Wrong Way ) Regular Wire of Net u_itcm/u_mem/FE_OFN7453_n_235  ( M4 )
Bounds : ( 379.117, 51.416 ) ( 382.020, 51.440 )


OFFGRID: ( Off Grid or Wrong Way ) Regular Wire of Net u_itcm/u_mem/FE_OFN6611_n_231  ( M4 )
Bounds : ( 379.693, 47.096 ) ( 382.020, 47.120 )


OFFGRID: ( Off Grid or Wrong Way ) Regular Wire of Net u_itcm/u_mem/bank_rdata[2][10]  ( M4 )
Bounds : ( 411.661, 13.712 ) ( 413.460, 13.736 )


OFFGRID: ( Off Grid or Wrong Way ) Regular Wire of Net u_itcm/u_mem/bank_rdata[0][2]  ( M4 )
Bounds : ( 380.125, 5.072 ) ( 382.020, 5.096 )


  Total Violations : 53 Viols.
