###############################################################
#  Generated by:      Cadence Innovus 23.14-s088_1
#  OS:                Linux x86_64(Host ID user1-EliteMini)
#  Generated on:      Thu Oct  1 15:15:21 2026
#  Design:            top_soc
#  Command:           verify_drc -limit 500000 -report ./verify_rpt/drc_final.rpt
###############################################################

OFFGRID: ( Off Grid or Wrong Way ) Regular Wire of Net u_itcm/u_mem/FE_OFN7466_n_252  ( M4 )
Bounds : ( 379.501, 77.903 ) ( 382.020, 77.927 )


OFFGRID: ( Off Grid or Wrong Way ) Regular Wire of Net u_itcm/u_mem/FE_OFN7469_n_255  ( M4 )
Bounds : ( 379.117, 81.143 ) ( 382.020, 81.167 )


OFFGRID: ( Off Grid or Wrong Way ) Regular Wire of Net u_itcm/u_mem/FE_OFN7470_n_256  ( M4 )
Bounds : ( 379.117, 82.223 ) ( 382.020, 82.247 )


OFFGRID: ( Off Grid or Wrong Way ) Regular Wire of Net u_itcm/u_mem/FE_OFN7471_n_257  ( M4 )
Bounds : ( 379.117, 83.303 ) ( 382.020, 83.327 )


OFFGRID: ( Off Grid or Wrong Way ) Regular Wire of Net u_itcm/u_mem/FE_OFN7468_n_254  ( M4 )
Bounds : ( 379.309, 80.063 ) ( 382.020, 80.087 )


OFFGRID: ( Off Grid or Wrong Way ) Regular Wire of Net u_itcm/u_mem/FE_OFN7475_n_261  ( M4 )
Bounds : ( 379.309, 87.623 ) ( 382.020, 87.647 )


  Total Violations : 6 Viols.
