###############################################################
#  Generated by:      Cadence Innovus 23.14-s088_1
#  OS:                Linux x86_64(Host ID user1-EliteMini)
#  Generated on:      Wed Sep 16 23:55:20 2026
#  Design:            top_soc
#  Command:           verify_drc -limit 100000 -report ./verify_rpt/drc_powerplan.rpt
###############################################################

OFFGRID: ( Off Grid or Wrong Way ) Special Wire of Net VDD  ( M4 )
Bounds : ( 1716.960, 1424.880 ) ( 2094.576, 1424.976 )


OFFGRID: ( Off Grid or Wrong Way ) Special Wire of Net VSS  ( M4 )
Bounds : ( 1717.344, 1424.496 ) ( 2155.912, 1424.592 )


WIDTH: ( WidthTable ) Pin of Cell u_axi_ram_hi/u_mem/G_SRAM_BANK[15].u_sram  ( M3 )
Bounds : ( 1904.380, 1352.416 ) ( 1904.524, 1424.592 )


WIDTH: ( WidthTable ) Pin of Cell u_axi_ram_hi/u_mem/G_SRAM_BANK[7].u_sram  ( M3 )
Bounds : ( 1781.300, 1352.416 ) ( 1781.444, 1424.592 )


WIDTH: ( WidthTable ) Pin of Cell u_axi_ram_hi/u_mem/G_SRAM_BANK[23].u_sram  ( M3 )
Bounds : ( 2032.724, 1352.416 ) ( 2032.868, 1424.592 )


WIDTH: ( WidthTable ) Pin of Cell u_axi_ram_hi/u_mem/G_SRAM_BANK[31].u_sram  ( M3 )
Bounds : ( 2155.804, 1352.416 ) ( 2155.948, 1424.592 )


WIDTH: ( WidthTable ) Pin of Cell u_axi_ram_hi/u_mem/G_SRAM_BANK[22].u_sram  ( M3 )
Bounds : ( 2032.724, 1175.296 ) ( 2032.868, 1247.472 )


WIDTH: ( WidthTable ) Pin of Cell u_axi_ram_hi/u_mem/G_SRAM_BANK[30].u_sram  ( M3 )
Bounds : ( 2155.804, 1175.296 ) ( 2155.948, 1247.472 )


WIDTH: ( WidthTable ) Pin of Cell u_axi_ram_hi/u_mem/G_SRAM_BANK[6].u_sram  ( M3 )
Bounds : ( 1781.300, 1175.296 ) ( 1781.444, 1247.472 )


WIDTH: ( WidthTable ) Pin of Cell u_axi_ram_hi/u_mem/G_SRAM_BANK[14].u_sram  ( M3 )
Bounds : ( 1904.380, 1175.296 ) ( 1904.524, 1247.472 )


OFFGRID: ( Off Grid or Wrong Way ) Special Wire of Net VSS  ( M4 )
Bounds : ( 1717.344, 1247.376 ) ( 2155.912, 1247.472 )


OFFGRID: ( Off Grid or Wrong Way ) Special Wire of Net VDD  ( M4 )
Bounds : ( 1716.960, 1247.760 ) ( 2158.680, 1247.856 )


OFFGRID: ( Off Grid or Wrong Way ) Special Wire of Net VSS  ( M4 )
Bounds : ( 1717.344, 1070.256 ) ( 2155.912, 1070.352 )


OFFGRID: ( Off Grid or Wrong Way ) Special Wire of Net VDD  ( M4 )
Bounds : ( 1716.960, 1070.640 ) ( 2158.680, 1070.736 )


OFFGRID: ( Off Grid or Wrong Way ) Special Wire of Net VSS  ( M4 )
Bounds : ( 1717.344, 893.136 ) ( 2155.912, 893.232 )


OFFGRID: ( Off Grid or Wrong Way ) Special Wire of Net VDD  ( M4 )
Bounds : ( 1716.960, 893.520 ) ( 2158.680, 893.616 )


WIDTH: ( WidthTable ) Pin of Cell u_axi_ram_hi/u_mem/G_SRAM_BANK[12].u_sram  ( M3 )
Bounds : ( 1904.380, 821.056 ) ( 1904.524, 893.232 )


WIDTH: ( WidthTable ) Pin of Cell u_axi_ram_hi/u_mem/G_SRAM_BANK[20].u_sram  ( M3 )
Bounds : ( 2032.724, 821.056 ) ( 2032.868, 893.232 )


WIDTH: ( WidthTable ) Pin of Cell u_axi_ram_hi/u_mem/G_SRAM_BANK[4].u_sram  ( M3 )
Bounds : ( 1781.300, 821.056 ) ( 1781.444, 893.232 )


WIDTH: ( WidthTable ) Pin of Cell u_axi_ram_hi/u_mem/G_SRAM_BANK[28].u_sram  ( M3 )
Bounds : ( 2155.804, 821.056 ) ( 2155.948, 893.232 )


WIDTH: ( WidthTable ) Pin of Cell u_axi_ram_hi/u_mem/G_SRAM_BANK[21].u_sram  ( M3 )
Bounds : ( 2032.724, 998.176 ) ( 2032.868, 1070.352 )


WIDTH: ( WidthTable ) Pin of Cell u_axi_ram_hi/u_mem/G_SRAM_BANK[29].u_sram  ( M3 )
Bounds : ( 2155.804, 998.176 ) ( 2155.948, 1070.352 )


WIDTH: ( WidthTable ) Pin of Cell u_axi_ram_hi/u_mem/G_SRAM_BANK[5].u_sram  ( M3 )
Bounds : ( 1781.300, 998.176 ) ( 1781.444, 1070.352 )


WIDTH: ( WidthTable ) Pin of Cell u_axi_ram_hi/u_mem/G_SRAM_BANK[13].u_sram  ( M3 )
Bounds : ( 1904.380, 998.176 ) ( 1904.524, 1070.352 )


OFFGRID: ( Off Grid or Wrong Way ) Special Wire of Net VDD  ( M4 )
Bounds : ( 7.536, 1424.880 ) ( 510.864, 1424.976 )


OFFGRID: ( Off Grid or Wrong Way ) Special Wire of Net VSS  ( M4 )
Bounds : ( 7.920, 1424.496 ) ( 510.480, 1424.592 )


WIDTH: ( WidthTable ) Pin of Cell u_axi_ram_lo/u_mem/G_SRAM_BANK[7].u_sram  ( M3 )
Bounds : ( 71.876, 1352.416 ) ( 72.020, 1424.592 )


WIDTH: ( WidthTable ) Pin of Cell u_axi_ram_lo/u_mem/G_SRAM_BANK[23].u_sram  ( M3 )
Bounds : ( 323.300, 1352.416 ) ( 323.444, 1424.592 )


WIDTH: ( WidthTable ) Pin of Cell u_axi_ram_lo/u_mem/G_SRAM_BANK[15].u_sram  ( M3 )
Bounds : ( 194.956, 1352.416 ) ( 195.100, 1424.592 )


WIDTH: ( WidthTable ) Pin of Cell u_axi_ram_lo/u_mem/G_SRAM_BANK[31].u_sram  ( M3 )
Bounds : ( 446.380, 1352.416 ) ( 446.524, 1424.592 )


WIDTH: ( WidthTable ) Pin of Cell u_axi_ram_lo/u_mem/G_SRAM_BANK[22].u_sram  ( M3 )
Bounds : ( 323.300, 1175.296 ) ( 323.444, 1247.472 )


WIDTH: ( WidthTable ) Pin of Cell u_axi_ram_lo/u_mem/G_SRAM_BANK[30].u_sram  ( M3 )
Bounds : ( 446.380, 1175.296 ) ( 446.524, 1247.472 )


WIDTH: ( WidthTable ) Pin of Cell u_axi_ram_lo/u_mem/G_SRAM_BANK[6].u_sram  ( M3 )
Bounds : ( 71.876, 1175.296 ) ( 72.020, 1247.472 )


WIDTH: ( WidthTable ) Pin of Cell u_axi_ram_lo/u_mem/G_SRAM_BANK[14].u_sram  ( M3 )
Bounds : ( 194.956, 1175.296 ) ( 195.100, 1247.472 )


OFFGRID: ( Off Grid or Wrong Way ) Special Wire of Net VSS  ( M4 )
Bounds : ( 7.920, 1247.376 ) ( 510.480, 1247.472 )


OFFGRID: ( Off Grid or Wrong Way ) Special Wire of Net VDD  ( M4 )
Bounds : ( 7.536, 1247.760 ) ( 510.864, 1247.856 )


OFFGRID: ( Off Grid or Wrong Way ) Special Wire of Net VSS  ( M4 )
Bounds : ( 7.920, 1070.256 ) ( 510.480, 1070.352 )


OFFGRID: ( Off Grid or Wrong Way ) Special Wire of Net VDD  ( M4 )
Bounds : ( 7.536, 1070.640 ) ( 510.864, 1070.736 )


WIDTH: ( WidthTable ) Pin of Cell u_axi_ram_lo/u_mem/G_SRAM_BANK[4].u_sram  ( M3 )
Bounds : ( 71.876, 821.056 ) ( 72.020, 893.232 )


WIDTH: ( WidthTable ) Pin of Cell u_axi_ram_lo/u_mem/G_SRAM_BANK[28].u_sram  ( M3 )
Bounds : ( 446.380, 821.056 ) ( 446.524, 893.232 )


WIDTH: ( WidthTable ) Pin of Cell u_axi_ram_lo/u_mem/G_SRAM_BANK[12].u_sram  ( M3 )
Bounds : ( 194.956, 821.056 ) ( 195.100, 893.232 )


WIDTH: ( WidthTable ) Pin of Cell u_axi_ram_lo/u_mem/G_SRAM_BANK[20].u_sram  ( M3 )
Bounds : ( 323.300, 821.056 ) ( 323.444, 893.232 )


OFFGRID: ( Off Grid or Wrong Way ) Special Wire of Net VDD  ( M4 )
Bounds : ( 7.536, 893.520 ) ( 510.864, 893.616 )


OFFGRID: ( Off Grid or Wrong Way ) Special Wire of Net VSS  ( M4 )
Bounds : ( 7.920, 893.136 ) ( 510.480, 893.232 )


WIDTH: ( WidthTable ) Pin of Cell u_axi_ram_lo/u_mem/G_SRAM_BANK[13].u_sram  ( M3 )
Bounds : ( 194.956, 998.176 ) ( 195.100, 1070.352 )


WIDTH: ( WidthTable ) Pin of Cell u_axi_ram_lo/u_mem/G_SRAM_BANK[5].u_sram  ( M3 )
Bounds : ( 71.876, 998.176 ) ( 72.020, 1070.352 )


WIDTH: ( WidthTable ) Pin of Cell u_axi_ram_lo/u_mem/G_SRAM_BANK[29].u_sram  ( M3 )
Bounds : ( 446.380, 998.176 ) ( 446.524, 1070.352 )


WIDTH: ( WidthTable ) Pin of Cell u_axi_ram_lo/u_mem/G_SRAM_BANK[21].u_sram  ( M3 )
Bounds : ( 323.300, 998.176 ) ( 323.444, 1070.352 )


WIDTH: ( WidthTable ) Pin of Cell u_axi_ram_hi/u_mem/G_SRAM_BANK[18].u_sram  ( M3 )
Bounds : ( 2032.724, 466.816 ) ( 2032.868, 538.992 )


WIDTH: ( WidthTable ) Pin of Cell u_axi_ram_hi/u_mem/G_SRAM_BANK[26].u_sram  ( M3 )
Bounds : ( 2155.804, 466.816 ) ( 2155.948, 538.992 )


WIDTH: ( WidthTable ) Pin of Cell u_axi_ram_hi/u_mem/G_SRAM_BANK[27].u_sram  ( M3 )
Bounds : ( 2155.804, 643.936 ) ( 2155.948, 716.112 )


WIDTH: ( WidthTable ) Pin of Cell u_axi_ram_hi/u_mem/G_SRAM_BANK[19].u_sram  ( M3 )
Bounds : ( 2032.724, 643.936 ) ( 2032.868, 716.112 )


WIDTH: ( WidthTable ) Pin of Cell u_axi_ram_hi/u_mem/G_SRAM_BANK[10].u_sram  ( M3 )
Bounds : ( 1904.380, 466.816 ) ( 1904.524, 538.992 )


WIDTH: ( WidthTable ) Pin of Cell u_axi_ram_hi/u_mem/G_SRAM_BANK[2].u_sram  ( M3 )
Bounds : ( 1781.300, 466.816 ) ( 1781.444, 538.992 )


WIDTH: ( WidthTable ) Pin of Cell u_axi_ram_hi/u_mem/G_SRAM_BANK[3].u_sram  ( M3 )
Bounds : ( 1781.300, 643.936 ) ( 1781.444, 716.112 )


WIDTH: ( WidthTable ) Pin of Cell u_axi_ram_hi/u_mem/G_SRAM_BANK[11].u_sram  ( M3 )
Bounds : ( 1904.380, 643.936 ) ( 1904.524, 716.112 )


OFFGRID: ( Off Grid or Wrong Way ) Special Wire of Net VSS  ( M4 )
Bounds : ( 1717.344, 716.016 ) ( 2155.912, 716.112 )


OFFGRID: ( Off Grid or Wrong Way ) Special Wire of Net VDD  ( M4 )
Bounds : ( 1716.960, 716.400 ) ( 2158.680, 716.496 )


OFFGRID: ( Off Grid or Wrong Way ) Special Wire of Net VSS  ( M4 )
Bounds : ( 1717.344, 538.896 ) ( 2155.912, 538.992 )


OFFGRID: ( Off Grid or Wrong Way ) Special Wire of Net VDD  ( M4 )
Bounds : ( 1716.960, 539.280 ) ( 2158.680, 539.376 )


WIDTH: ( WidthTable ) Pin of Cell u_axi_ram_hi/u_mem/G_SRAM_BANK[17].u_sram  ( M3 )
Bounds : ( 2032.724, 289.696 ) ( 2032.868, 361.872 )


WIDTH: ( WidthTable ) Pin of Cell u_axi_ram_hi/u_mem/G_SRAM_BANK[25].u_sram  ( M3 )
Bounds : ( 2155.804, 289.696 ) ( 2155.948, 361.872 )


WIDTH: ( WidthTable ) Pin of Cell u_axi_ram_hi/u_mem/G_SRAM_BANK[9].u_sram  ( M3 )
Bounds : ( 1904.380, 289.696 ) ( 1904.524, 361.872 )


WIDTH: ( WidthTable ) Pin of Cell u_axi_ram_hi/u_mem/G_SRAM_BANK[1].u_sram  ( M3 )
Bounds : ( 1781.300, 289.696 ) ( 1781.444, 361.872 )


OFFGRID: ( Off Grid or Wrong Way ) Special Wire of Net VSS  ( M4 )
Bounds : ( 1717.344, 361.776 ) ( 2155.912, 361.872 )


OFFGRID: ( Off Grid or Wrong Way ) Special Wire of Net VDD  ( M4 )
Bounds : ( 1716.960, 362.160 ) ( 2158.680, 362.256 )


OFFGRID: ( Off Grid or Wrong Way ) Special Wire of Net VSS  ( M4 )
Bounds : ( 1717.344, 184.656 ) ( 2155.912, 184.752 )


OFFGRID: ( Off Grid or Wrong Way ) Special Wire of Net VDD  ( M4 )
Bounds : ( 1716.960, 185.040 ) ( 2158.680, 185.136 )


WIDTH: ( WidthTable ) Pin of Cell u_itcm/u_mem/G_SRAM_BANK[3].u_sram  ( M3 )
Bounds : ( 1639.132, 289.696 ) ( 1639.276, 361.872 )


WIDTH: ( WidthTable ) Pin of Cell u_dtcm/u_mem/G_SRAM_BANK[3].u_sram  ( M3 )
Bounds : ( 1118.140, 289.696 ) ( 1118.284, 361.872 )


WIDTH: ( WidthTable ) Pin of Cell u_icache/DATA_RAM_G_DATA_WAY[0].u_sram/G_SRAM_BANK[1].u_sram  ( M3 )
Bounds : ( 1264.628, 289.696 ) ( 1264.772, 361.872 )


WIDTH: ( WidthTable ) Pin of Cell u_icache/DATA_RAM_G_DATA_WAY[1].u_sram/G_SRAM_BANK[1].u_sram  ( M3 )
Bounds : ( 1387.708, 289.696 ) ( 1387.852, 361.872 )


WIDTH: ( WidthTable ) Pin of Cell u_itcm/u_mem/G_SRAM_BANK[1].u_sram  ( M3 )
Bounds : ( 1516.052, 289.696 ) ( 1516.196, 361.872 )


OFFGRID: ( Off Grid or Wrong Way ) Special Wire of Net VDD  ( M4 )
Bounds : ( 1716.960, 7.536 ) ( 2230.560, 7.632 )


WIDTH: ( WidthTable ) Pin of Cell u_axi_ram_hi/u_mem/G_SRAM_BANK[0].u_sram  ( M3 )
Bounds : ( 1781.300, 112.576 ) ( 1781.444, 184.752 )


OFFGRID: ( Off Grid or Wrong Way ) Special Wire of Net VDD  ( M5 )
Bounds : ( 1703.520, 7.536 ) ( 1703.616, 362.256 )


OFFGRID: ( Off Grid or Wrong Way ) Special Wire of Net VSS  ( M5 )
Bounds : ( 1703.136, 8.100 ) ( 1703.232, 361.872 )


WIDTH: ( WidthTable ) Pin of Cell u_axi_ram_hi/u_mem/G_SRAM_BANK[8].u_sram  ( M3 )
Bounds : ( 1904.380, 112.576 ) ( 1904.524, 184.752 )


WIDTH: ( WidthTable ) Pin of Cell u_axi_ram_hi/u_mem/G_SRAM_BANK[16].u_sram  ( M3 )
Bounds : ( 2032.724, 112.576 ) ( 2032.868, 184.752 )


WIDTH: ( WidthTable ) Pin of Cell u_axi_ram_hi/u_mem/G_SRAM_BANK[24].u_sram  ( M3 )
Bounds : ( 2155.804, 112.576 ) ( 2155.948, 184.752 )


WIDTH: ( WidthTable ) Pin of Cell u_itcm/u_mem/G_SRAM_BANK[0].u_sram  ( M3 )
Bounds : ( 1516.052, 112.576 ) ( 1516.196, 184.752 )


WIDTH: ( WidthTable ) Pin of Cell u_itcm/u_mem/G_SRAM_BANK[2].u_sram  ( M3 )
Bounds : ( 1639.132, 112.576 ) ( 1639.276, 184.752 )


OFFGRID: ( Off Grid or Wrong Way ) Special Wire of Net VDD  ( M5 )
Bounds : ( 1452.096, 7.536 ) ( 1452.192, 362.256 )


OFFGRID: ( Off Grid or Wrong Way ) Special Wire of Net VSS  ( M5 )
Bounds : ( 1451.712, 8.100 ) ( 1451.808, 361.872 )


OFFGRID: ( Off Grid or Wrong Way ) Special Wire of Net VDD  ( M5 )
Bounds : ( 1577.808, 7.536 ) ( 1577.904, 362.256 )


OFFGRID: ( Off Grid or Wrong Way ) Special Wire of Net VSS  ( M5 )
Bounds : ( 1577.424, 8.100 ) ( 1577.520, 361.872 )


OFFGRID: ( Off Grid or Wrong Way ) Special Wire of Net VSS  ( M5 )
Bounds : ( 1191.216, 8.100 ) ( 1191.312, 361.872 )


OFFGRID: ( Off Grid or Wrong Way ) Special Wire of Net VDD  ( M5 )
Bounds : ( 1326.384, 7.536 ) ( 1326.480, 362.256 )


OFFGRID: ( Off Grid or Wrong Way ) Special Wire of Net VDD  ( M5 )
Bounds : ( 1191.600, 7.536 ) ( 1191.696, 362.256 )


OFFGRID: ( Off Grid or Wrong Way ) Special Wire of Net VSS  ( M5 )
Bounds : ( 1326.000, 8.100 ) ( 1326.096, 361.872 )


WIDTH: ( WidthTable ) Pin of Cell u_dtcm/u_mem/G_SRAM_BANK[2].u_sram  ( M3 )
Bounds : ( 1118.140, 112.576 ) ( 1118.284, 184.752 )


WIDTH: ( WidthTable ) Pin of Cell u_icache/DATA_RAM_G_DATA_WAY[0].u_sram/G_SRAM_BANK[0].u_sram  ( M3 )
Bounds : ( 1264.628, 112.576 ) ( 1264.772, 184.752 )


WIDTH: ( WidthTable ) Pin of Cell u_icache/DATA_RAM_G_DATA_WAY[1].u_sram/G_SRAM_BANK[0].u_sram  ( M3 )
Bounds : ( 1387.708, 112.576 ) ( 1387.852, 184.752 )


OFFGRID: ( Off Grid or Wrong Way ) Special Wire of Net VDD  ( M4 )
Bounds : ( 787.896, 193.380 ) ( 825.120, 194.244 )


OFFGRID: ( Off Grid or Wrong Way ) Special Wire of Net VSS  ( M4 )
Bounds : ( 787.512, 195.108 ) ( 825.120, 195.972 )


WIDTH: ( WidthTable ) Pin of Cell u_icache/TAG_RAM_G_TAG_WAY[1].G_TAG_MACRO.u_sram/u_sram  ( M3 )
Bounds : ( 892.052, 211.936 ) ( 892.196, 258.192 )


OFFGRID: ( Off Grid or Wrong Way ) Special Wire of Net VDD  ( M4 )
Bounds : ( 860.088, 258.480 ) ( 930.816, 258.576 )


OFFGRID: ( Off Grid or Wrong Way ) Special Wire of Net VSS  ( M4 )
Bounds : ( 860.472, 258.096 ) ( 931.200, 258.192 )


WIDTH: ( WidthTable ) Pin of Cell u_dcache/DATA_RAM_G_DATA_WAY[1].u_sram/G_SRAM_BANK[1].u_sram  ( M3 )
Bounds : ( 723.508, 289.696 ) ( 723.652, 361.872 )


WIDTH: ( WidthTable ) Pin of Cell u_dcache/DATA_RAM_G_DATA_WAY[0].u_sram/G_SRAM_BANK[1].u_sram  ( M3 )
Bounds : ( 600.428, 289.696 ) ( 600.572, 361.872 )


WIDTH: ( WidthTable ) Pin of Cell u_dtcm/u_mem/G_SRAM_BANK[1].u_sram  ( M3 )
Bounds : ( 995.060, 289.696 ) ( 995.204, 361.872 )


WIDTH: ( WidthTable ) Pin of Cell u_axi_ram_lo/u_mem/G_SRAM_BANK[18].u_sram  ( M3 )
Bounds : ( 323.300, 466.816 ) ( 323.444, 538.992 )


WIDTH: ( WidthTable ) Pin of Cell u_axi_ram_lo/u_mem/G_SRAM_BANK[26].u_sram  ( M3 )
Bounds : ( 446.380, 466.816 ) ( 446.524, 538.992 )


WIDTH: ( WidthTable ) Pin of Cell u_axi_ram_lo/u_mem/G_SRAM_BANK[19].u_sram  ( M3 )
Bounds : ( 323.300, 643.936 ) ( 323.444, 716.112 )


WIDTH: ( WidthTable ) Pin of Cell u_axi_ram_lo/u_mem/G_SRAM_BANK[27].u_sram  ( M3 )
Bounds : ( 446.380, 643.936 ) ( 446.524, 716.112 )


WIDTH: ( WidthTable ) Pin of Cell u_axi_ram_lo/u_mem/G_SRAM_BANK[2].u_sram  ( M3 )
Bounds : ( 71.876, 466.816 ) ( 72.020, 538.992 )


WIDTH: ( WidthTable ) Pin of Cell u_axi_ram_lo/u_mem/G_SRAM_BANK[10].u_sram  ( M3 )
Bounds : ( 194.956, 466.816 ) ( 195.100, 538.992 )


WIDTH: ( WidthTable ) Pin of Cell u_axi_ram_lo/u_mem/G_SRAM_BANK[11].u_sram  ( M3 )
Bounds : ( 194.956, 643.936 ) ( 195.100, 716.112 )


WIDTH: ( WidthTable ) Pin of Cell u_axi_ram_lo/u_mem/G_SRAM_BANK[3].u_sram  ( M3 )
Bounds : ( 71.876, 643.936 ) ( 72.020, 716.112 )


OFFGRID: ( Off Grid or Wrong Way ) Special Wire of Net VSS  ( M4 )
Bounds : ( 7.920, 716.016 ) ( 510.480, 716.112 )


OFFGRID: ( Off Grid or Wrong Way ) Special Wire of Net VDD  ( M4 )
Bounds : ( 7.536, 716.400 ) ( 510.864, 716.496 )


OFFGRID: ( Off Grid or Wrong Way ) Special Wire of Net VSS  ( M4 )
Bounds : ( 7.920, 538.896 ) ( 510.480, 538.992 )


OFFGRID: ( Off Grid or Wrong Way ) Special Wire of Net VDD  ( M4 )
Bounds : ( 7.536, 539.280 ) ( 510.864, 539.376 )


WIDTH: ( WidthTable ) Pin of Cell u_axi_ram_lo/u_mem/G_SRAM_BANK[25].u_sram  ( M3 )
Bounds : ( 446.380, 289.696 ) ( 446.524, 361.872 )


WIDTH: ( WidthTable ) Pin of Cell u_axi_ram_lo/u_mem/G_SRAM_BANK[17].u_sram  ( M3 )
Bounds : ( 323.300, 289.696 ) ( 323.444, 361.872 )


WIDTH: ( WidthTable ) Pin of Cell u_axi_ram_lo/u_mem/G_SRAM_BANK[1].u_sram  ( M3 )
Bounds : ( 71.876, 289.696 ) ( 72.020, 361.872 )


WIDTH: ( WidthTable ) Pin of Cell u_axi_ram_lo/u_mem/G_SRAM_BANK[9].u_sram  ( M3 )
Bounds : ( 194.956, 289.696 ) ( 195.100, 361.872 )


OFFGRID: ( Off Grid or Wrong Way ) Special Wire of Net VDD  ( M4 )
Bounds : ( 7.536, 362.160 ) ( 510.864, 362.256 )


OFFGRID: ( Off Grid or Wrong Way ) Special Wire of Net VSS  ( M4 )
Bounds : ( 7.920, 361.776 ) ( 510.480, 361.872 )


OFFGRID: ( Off Grid or Wrong Way ) Special Wire of Net VSS  ( M4 )
Bounds : ( 7.920, 184.656 ) ( 510.480, 184.752 )


OFFGRID: ( Off Grid or Wrong Way ) Special Wire of Net VDD  ( M4 )
Bounds : ( 7.536, 185.040 ) ( 510.864, 185.136 )


OFFGRID: ( Off Grid or Wrong Way ) Special Wire of Net VSS  ( M4 )
Bounds : ( 536.472, 184.656 ) ( 787.608, 184.752 )


OFFGRID: ( Off Grid or Wrong Way ) Special Wire of Net VDD  ( M4 )
Bounds : ( 536.088, 185.040 ) ( 787.992, 185.136 )


OFFGRID: ( Off Grid or Wrong Way ) Special Wire of Net VDD  ( M4 )
Bounds : ( 536.088, 362.160 ) ( 787.992, 362.256 )


OFFGRID: ( Off Grid or Wrong Way ) Special Wire of Net VSS  ( M4 )
Bounds : ( 536.472, 361.776 ) ( 787.608, 361.872 )


OFFGRID: ( Off Grid or Wrong Way ) Special Wire of Net VDD  ( M4 )
Bounds : ( 7.536, 7.536 ) ( 510.864, 7.632 )


OFFGRID: ( Off Grid or Wrong Way ) Special Wire of Net VDD  ( M4 )
Bounds : ( 536.088, 7.536 ) ( 787.992, 7.632 )


OFFGRID: ( Off Grid or Wrong Way ) Special Wire of Net VDD  ( M4 )
Bounds : ( 860.088, 133.200 ) ( 930.816, 133.296 )


OFFGRID: ( Off Grid or Wrong Way ) Special Wire of Net VSS  ( M4 )
Bounds : ( 860.472, 132.816 ) ( 931.200, 132.912 )


OFFGRID: ( Off Grid or Wrong Way ) Special Wire of Net VSS  ( M4 )
Bounds : ( 787.512, 69.828 ) ( 825.120, 70.692 )


OFFGRID: ( Off Grid or Wrong Way ) Special Wire of Net VDD  ( M4 )
Bounds : ( 787.896, 68.100 ) ( 825.120, 68.964 )


WIDTH: ( WidthTable ) Pin of Cell u_icache/TAG_RAM_G_TAG_WAY[0].G_TAG_MACRO.u_sram/u_sram  ( M3 )
Bounds : ( 892.052, 86.656 ) ( 892.196, 132.912 )


Geometric: ( Rect Only ) Special Wire of Net VDD  ( M3 )
Bounds : ( 894.628, 129.972 ) ( 894.664, 130.044 )


Geometric: ( Rect Only ) Special Wire of Net VDD  ( M3 )
Bounds : ( 894.628, 136.208 ) ( 894.664, 136.280 )


Geometric: ( Rect Only ) Special Wire of Net VDD  ( M3 )
Bounds : ( 894.808, 129.972 ) ( 894.844, 130.044 )


Geometric: ( Rect Only ) Special Wire of Net VDD  ( M3 )
Bounds : ( 894.808, 136.208 ) ( 894.844, 136.280 )


OFFGRID: ( Off Grid or Wrong Way ) Special Wire of Net VDD  ( M5 )
Bounds : ( 1056.816, 7.536 ) ( 1056.912, 362.256 )


OFFGRID: ( Off Grid or Wrong Way ) Special Wire of Net VSS  ( M5 )
Bounds : ( 1056.432, 8.100 ) ( 1056.528, 361.872 )


WIDTH: ( WidthTable ) Pin of Cell u_dtcm/u_mem/G_SRAM_BANK[0].u_sram  ( M3 )
Bounds : ( 995.060, 112.576 ) ( 995.204, 184.752 )


WIDTH: ( WidthTable ) Pin of Cell u_icache/TAG_RAM_G_TAG_WAY[0].G_TAG_MACRO.u_sram/u_sram  ( M3 )
Bounds : ( 894.628, 10.964 ) ( 894.844, 255.288 )


OFFGRID: ( Off Grid or Wrong Way ) Special Wire of Net VSS  ( M5 )
Bounds : ( 931.104, 8.100 ) ( 931.200, 361.872 )


OFFGRID: ( Off Grid or Wrong Way ) Special Wire of Net VDD  ( M5 )
Bounds : ( 930.720, 7.536 ) ( 930.816, 362.256 )


OFFGRID: ( Off Grid or Wrong Way ) Special Wire of Net VSS  ( M5 )
Bounds : ( 860.472, 8.100 ) ( 860.568, 258.192 )


OFFGRID: ( Off Grid or Wrong Way ) Special Wire of Net VDD  ( M5 )
Bounds : ( 860.088, 7.536 ) ( 860.184, 258.576 )


OFFGRID: ( Off Grid or Wrong Way ) Special Wire of Net VDD  ( M5 )
Bounds : ( 787.896, 7.536 ) ( 787.992, 362.256 )


OFFGRID: ( Off Grid or Wrong Way ) Special Wire of Net VSS  ( M5 )
Bounds : ( 787.512, 8.100 ) ( 787.608, 361.872 )


OFFGRID: ( Off Grid or Wrong Way ) Special Wire of Net VSS  ( M5 )
Bounds : ( 661.800, 8.100 ) ( 661.896, 361.872 )


OFFGRID: ( Off Grid or Wrong Way ) Special Wire of Net VDD  ( M5 )
Bounds : ( 662.184, 7.536 ) ( 662.280, 362.256 )


WIDTH: ( WidthTable ) Pin of Cell u_dcache/DATA_RAM_G_DATA_WAY[0].u_sram/G_SRAM_BANK[0].u_sram  ( M3 )
Bounds : ( 600.428, 112.576 ) ( 600.572, 184.752 )


WIDTH: ( WidthTable ) Pin of Cell u_dcache/DATA_RAM_G_DATA_WAY[1].u_sram/G_SRAM_BANK[0].u_sram  ( M3 )
Bounds : ( 723.508, 112.576 ) ( 723.652, 184.752 )


WIDTH: ( WidthTable ) Pin of Cell u_axi_ram_lo/u_mem/G_SRAM_BANK[24].u_sram  ( M3 )
Bounds : ( 446.380, 112.576 ) ( 446.524, 184.752 )


WIDTH: ( WidthTable ) Pin of Cell u_axi_ram_lo/u_mem/G_SRAM_BANK[16].u_sram  ( M3 )
Bounds : ( 323.300, 112.576 ) ( 323.444, 184.752 )


WIDTH: ( WidthTable ) Pin of Cell u_axi_ram_lo/u_mem/G_SRAM_BANK[8].u_sram  ( M3 )
Bounds : ( 194.956, 112.576 ) ( 195.100, 184.752 )


WIDTH: ( WidthTable ) Pin of Cell u_axi_ram_lo/u_mem/G_SRAM_BANK[0].u_sram  ( M3 )
Bounds : ( 71.876, 112.576 ) ( 72.020, 184.752 )


OFFGRID: ( Off Grid or Wrong Way ) Special Wire of Net VSS  ( M5 )
Bounds : ( 536.472, 8.100 ) ( 536.568, 361.872 )


OFFGRID: ( Off Grid or Wrong Way ) Special Wire of Net VDD  ( M5 )
Bounds : ( 536.088, 7.536 ) ( 536.184, 362.256 )


OFFGRID: ( Off Grid or Wrong Way ) Special Wire of Net VDD  ( M4 )
Bounds : ( 930.720, 362.160 ) ( 1703.616, 362.256 )


OFFGRID: ( Off Grid or Wrong Way ) Special Wire of Net VSS  ( M4 )
Bounds : ( 931.104, 361.776 ) ( 1703.232, 361.872 )


OFFGRID: ( Off Grid or Wrong Way ) Special Wire of Net VDD  ( M4 )
Bounds : ( 930.720, 185.040 ) ( 1703.616, 185.136 )


OFFGRID: ( Off Grid or Wrong Way ) Special Wire of Net VSS  ( M4 )
Bounds : ( 931.104, 184.656 ) ( 1703.232, 184.752 )


OFFGRID: ( Off Grid or Wrong Way ) Special Wire of Net VDD  ( M4 )
Bounds : ( 860.088, 7.536 ) ( 1703.616, 7.632 )


OFFGRID: ( Off Grid or Wrong Way ) Special Wire of Net VDD  ( M5 )
Bounds : ( 2094.480, 7.536 ) ( 2094.576, 1424.976 )


OFFGRID: ( Off Grid or Wrong Way ) Special Wire of Net VSS  ( M5 )
Bounds : ( 2094.096, 8.100 ) ( 2094.192, 1424.592 )


OFFGRID: ( Off Grid or Wrong Way ) Special Wire of Net VDD  ( M5 )
Bounds : ( 1968.768, 7.536 ) ( 1968.864, 1424.976 )


OFFGRID: ( Off Grid or Wrong Way ) Special Wire of Net VSS  ( M5 )
Bounds : ( 1968.384, 8.100 ) ( 1968.480, 1424.592 )


OFFGRID: ( Off Grid or Wrong Way ) Special Wire of Net VDD  ( M5 )
Bounds : ( 1843.056, 7.536 ) ( 1843.152, 1424.976 )


OFFGRID: ( Off Grid or Wrong Way ) Special Wire of Net VSS  ( M5 )
Bounds : ( 1842.672, 8.100 ) ( 1842.768, 1424.592 )


OFFGRID: ( Off Grid or Wrong Way ) Special Wire of Net VSS  ( M5 )
Bounds : ( 1717.344, 8.100 ) ( 1717.440, 1424.592 )


OFFGRID: ( Off Grid or Wrong Way ) Special Wire of Net VDD  ( M5 )
Bounds : ( 1716.960, 7.536 ) ( 1717.056, 1424.976 )


OFFGRID: ( Off Grid or Wrong Way ) Special Wire of Net VSS  ( M5 )
Bounds : ( 510.384, 8.100 ) ( 510.480, 1424.592 )


OFFGRID: ( Off Grid or Wrong Way ) Special Wire of Net VDD  ( M5 )
Bounds : ( 510.768, 7.536 ) ( 510.864, 1424.976 )


OFFGRID: ( Off Grid or Wrong Way ) Special Wire of Net VDD  ( M5 )
Bounds : ( 385.056, 7.536 ) ( 385.152, 1424.976 )


OFFGRID: ( Off Grid or Wrong Way ) Special Wire of Net VSS  ( M5 )
Bounds : ( 384.672, 8.100 ) ( 384.768, 1424.592 )


OFFGRID: ( Off Grid or Wrong Way ) Special Wire of Net VDD  ( M5 )
Bounds : ( 259.344, 7.536 ) ( 259.440, 1424.976 )


OFFGRID: ( Off Grid or Wrong Way ) Special Wire of Net VSS  ( M5 )
Bounds : ( 258.960, 8.100 ) ( 259.056, 1424.592 )


OFFGRID: ( Off Grid or Wrong Way ) Special Wire of Net VDD  ( M5 )
Bounds : ( 133.632, 7.536 ) ( 133.728, 1424.976 )


OFFGRID: ( Off Grid or Wrong Way ) Special Wire of Net VSS  ( M5 )
Bounds : ( 133.248, 8.100 ) ( 133.344, 1424.592 )


OFFGRID: ( Off Grid or Wrong Way ) Special Wire of Net VSS  ( M5 )
Bounds : ( 7.920, 0.000 ) ( 8.016, 1424.592 )


OFFGRID: ( Off Grid or Wrong Way ) Special Wire of Net VDD  ( M5 )
Bounds : ( 7.536, 7.536 ) ( 7.632, 1424.976 )


  Total Violations : 179 Viols.
