###############################################################
#  Generated by:      Cadence Innovus 23.14-s088_1
#  OS:                Linux x86_64(Host ID user1-EliteMini)
#  Generated on:      Wed Sep 30 15:24:33 2026
#  Design:            top_soc
#  Command:           verify_drc -limit 500000 -report ./verify_rpt/drc_postRoute.rpt
###############################################################

EndOfLine: ( EndOfLine Keepout ) Regular Wire of Net u_axi_interconnect/FE_OFN1252_n_1 & Special Wire of Net VDD  ( M3 )
Bounds : ( 329.643, 237.317 ) ( 329.661, 237.339 )


EndOfLine: ( EndOfLine Keepout ) Regular Wire of Net FE_OFN406_reset_sys_n & Special Wire of Net VDD  ( M3 )
Bounds : ( 225.945, 232.029 ) ( 225.951, 232.051 )


EndOfLine: ( EndOfLine Keepout ) Regular Wire of Net FE_OFN1917_reset_sys_n & Special Wire of Net VDD  ( M3 )
Bounds : ( 225.963, 200.709 ) ( 225.981, 200.731 )


EndOfLine: ( EndOfLine Keepout ) Regular Wire of Net FE_OFN826_reset_sys_n & Special Wire of Net VDD  ( M3 )
Bounds : ( 336.105, 196.277 ) ( 336.111, 196.299 )


EndOfLine: ( EndOfLine Keepout ) Regular Wire of Net u_axi_interconnect/FE_OFN1288_n_1 & Special Wire of Net VDD  ( M3 )
Bounds : ( 310.203, 219.069 ) ( 310.221, 219.091 )


EndOfLine: ( EndOfLine Keepout ) Regular Wire of Net FE_OFN401_reset_sys_n & Special Wire of Net VDD  ( M3 )
Bounds : ( 219.483, 221.117 ) ( 219.501, 221.139 )


EndOfLine: ( EndOfLine Keepout ) Regular Wire of Net FE_OFN425_reset_sys_n & Special Wire of Net VDD  ( M3 )
Bounds : ( 225.963, 184.937 ) ( 225.981, 184.959 )


EndOfLine: ( EndOfLine Keepout ) Regular Wire of Net u_axi_interconnect/FE_OFN26418_n & Special Wire of Net VDD  ( M3 )
Bounds : ( 297.243, 266.477 ) ( 297.261, 266.499 )


EndOfLine: ( EndOfLine Keepout ) Regular Wire of Net u_axi_apb_dma_u_dma_engine/FE_OFN639_reset_sys_n & Special Wire of Net VDD  ( M3 )
Bounds : ( 238.905, 223.817 ) ( 238.911, 223.839 )


EndOfLine: ( EndOfLine Keepout ) Regular Wire of Net FE_OFN1106_reset_sys_n & Special Wire of Net VDD  ( M3 )
Bounds : ( 206.523, 257.409 ) ( 206.541, 257.431 )


EndOfLine: ( EndOfLine Keepout ) Regular Wire of Net FE_OFN410_reset_sys_n & Special Wire of Net VDD  ( M3 )
Bounds : ( 232.425, 240.669 ) ( 232.431, 240.691 )


EndOfLine: ( EndOfLine Keepout ) Regular Wire of Net LTIEHI_260_NET & Special Wire of Net VDD  ( M3 )
Bounds : ( 264.843, 269.829 ) ( 264.861, 269.851 )


EndOfLine: ( EndOfLine Keepout ) Regular Wire of Net LTIEHI_260_NET & Special Wire of Net VDD  ( M3 )
Bounds : ( 264.843, 270.257 ) ( 264.861, 270.279 )


EndOfLine: ( EndOfLine Keepout ) Regular Wire of Net FE_OFN903_reset_sys_n & Special Wire of Net VDD  ( M3 )
Bounds : ( 212.985, 283.329 ) ( 212.991, 283.351 )


EndOfLine: ( EndOfLine Keepout ) Regular Wire of Net FE_OFN903_reset_sys_n & Special Wire of Net VDD  ( M3 )
Bounds : ( 213.003, 284.297 ) ( 213.021, 284.319 )


EndOfLine: ( EndOfLine Keepout ) Regular Wire of Net FE_OFN1012_reset_sys_n & Special Wire of Net VDD  ( M3 )
Bounds : ( 277.803, 263.349 ) ( 277.821, 263.371 )


EndOfLine: ( EndOfLine Keepout ) Regular Wire of Net u_axi_apb_dma_u_dma_engine/FE_OFN878_reset_sys_n & Special Wire of Net VDD  ( M3 )
Bounds : ( 245.403, 247.037 ) ( 245.421, 247.059 )


EndOfLine: ( EndOfLine Keepout ) Regular Wire of Net u_axi_apb_dma_u_dma_engine/FE_OFN878_reset_sys_n & Special Wire of Net VDD  ( M3 )
Bounds : ( 245.403, 247.577 ) ( 245.421, 247.599 )


EndOfLine: ( EndOfLine Keepout ) Regular Wire of Net FE_OFN499_reset_sys_n & Special Wire of Net VDD  ( M3 )
Bounds : ( 232.443, 271.877 ) ( 232.461, 271.899 )


EndOfLine: ( EndOfLine Keepout ) Regular Wire of Net FE_OFN1019_reset_sys_n & Special Wire of Net VDD  ( M3 )
Bounds : ( 264.825, 295.749 ) ( 264.831, 295.771 )


EndOfLine: ( EndOfLine Keepout ) Regular Wire of Net FE_OFN887_reset_sys_n & Special Wire of Net VDD  ( M3 )
Bounds : ( 245.385, 285.917 ) ( 245.391, 285.939 )


EndOfLine: ( EndOfLine Keepout ) Regular Wire of Net u_axi_interconnect/FE_OFN1281_n_1 & Special Wire of Net VDD  ( M3 )
Bounds : ( 297.225, 174.137 ) ( 297.231, 174.159 )


EndOfLine: ( EndOfLine Keepout ) Regular Wire of Net FE_OFN396_reset_sys_n & Special Wire of Net VDD  ( M3 )
Bounds : ( 297.243, 153.189 ) ( 297.261, 153.211 )


EndOfLine: ( EndOfLine Keepout ) Regular Wire of Net u_dcache/FE_OFN431_reset_sys_n & Special Wire of Net VDD  ( M3 )
Bounds : ( 225.945, 152.109 ) ( 225.951, 152.131 )


EndOfLine: ( EndOfLine Keepout ) Regular Wire of Net u_axi_interconnect/SA_GEN[6].genblk1.slave_arbitration_R_channel/FE_OFN1042_reset_sys_n & Special Wire of Net VDD  ( M3 )
Bounds : ( 342.585, 175.757 ) ( 342.591, 175.779 )


EndOfLine: ( EndOfLine Keepout ) Regular Wire of Net u_dcache/FE_OFN937_reset_sys_n & Special Wire of Net VDD  ( M3 )
Bounds : ( 219.465, 141.197 ) ( 219.471, 141.219 )


EndOfLine: ( EndOfLine Keepout ) Regular Wire of Net u_core/FE_OFN533_reset_sys_n & Special Wire of Net VDD  ( M3 )
Bounds : ( 245.385, 115.389 ) ( 245.391, 115.411 )


EndOfLine: ( EndOfLine Keepout ) Regular Wire of Net u_icache/FE_OFN821_reset_sys_n & Special Wire of Net VDD  ( M3 )
Bounds : ( 349.083, 146.169 ) ( 349.101, 146.191 )


EndOfLine: ( EndOfLine Keepout ) Regular Wire of Net u_icache/FE_OFN617_reset_sys_n & Special Wire of Net VDD  ( M3 )
Bounds : ( 342.603, 121.217 ) ( 342.621, 121.239 )


EndOfLine: ( EndOfLine Keepout ) Regular Wire of Net u_dcache/FE_OFN712_reset_sys_n & Special Wire of Net VDD  ( M3 )
Bounds : ( 219.483, 152.649 ) ( 219.501, 152.671 )


EndOfLine: ( EndOfLine Keepout ) Regular Wire of Net u_core/FE_OFN539_reset_sys_n & Special Wire of Net VDD  ( M3 )
Bounds : ( 245.385, 137.529 ) ( 245.391, 137.551 )


EndOfLine: ( EndOfLine Keepout ) Regular Wire of Net u_core/FE_OFN832_reset_sys_n & Special Wire of Net VDD  ( M3 )
Bounds : ( 316.665, 128.349 ) ( 316.671, 128.371 )


EndOfLine: ( EndOfLine Keepout ) Regular Wire of Net u_core/FE_OFN799_reset_sys_n & Special Wire of Net VDD  ( M3 )
Bounds : ( 303.705, 137.417 ) ( 303.711, 137.439 )


EndOfLine: ( EndOfLine Keepout ) Regular Wire of Net FE_OFN460_reset_sys_n & Special Wire of Net VDD  ( M3 )
Bounds : ( 329.643, 137.417 ) ( 329.661, 137.439 )


EndOfLine: ( EndOfLine Keepout ) Regular Wire of Net u_icache/FE_OFN628_reset_sys_n & Special Wire of Net VDD  ( M3 )
Bounds : ( 316.665, 94.329 ) ( 316.671, 94.351 )


EndOfLine: ( EndOfLine Keepout ) Regular Wire of Net FE_OFN976_reset_sys_n & Special Wire of Net VDD  ( M3 )
Bounds : ( 264.843, 99.617 ) ( 264.861, 99.639 )


EndOfLine: ( EndOfLine Keepout ) Regular Wire of Net u_icache/FE_OFN860_reset_sys_n & Special Wire of Net VDD  ( M3 )
Bounds : ( 336.123, 94.757 ) ( 336.141, 94.779 )


OFFGRID: ( Off Grid or Wrong Way ) Regular Wire of Net u_itcm/u_mem/FE_OFN7471_n_257  ( M4 )
Bounds : ( 379.885, 83.303 ) ( 382.020, 83.327 )


OFFGRID: ( Off Grid or Wrong Way ) Regular Wire of Net u_itcm/u_mem/FE_OFN6617_n_262  ( M4 )
Bounds : ( 379.597, 88.703 ) ( 382.020, 88.727 )


OFFGRID: ( Off Grid or Wrong Way ) Regular Wire of Net u_itcm/u_mem/FE_OFN7470_n_256  ( M4 )
Bounds : ( 379.117, 82.223 ) ( 382.020, 82.247 )


OFFGRID: ( Off Grid or Wrong Way ) Regular Wire of Net u_itcm/u_mem/FE_OFN7469_n_255  ( M4 )
Bounds : ( 379.117, 81.143 ) ( 382.020, 81.167 )


OFFGRID: ( Off Grid or Wrong Way ) Regular Wire of Net u_itcm/u_mem/FE_OFN7468_n_254  ( M4 )
Bounds : ( 379.117, 80.063 ) ( 382.020, 80.087 )


OFFGRID: ( Off Grid or Wrong Way ) Regular Wire of Net u_itcm/u_mem/FE_OFN7467_n_253  ( M4 )
Bounds : ( 379.117, 78.983 ) ( 382.020, 79.007 )


OFFGRID: ( Off Grid or Wrong Way ) Regular Wire of Net u_itcm/u_mem/FE_OFN7466_n_252  ( M4 )
Bounds : ( 379.117, 77.903 ) ( 382.020, 77.927 )


  Total Violations : 44 Viols.
