###############################################################
#  Generated by:      Cadence Innovus 23.14-s088_1
#  OS:                Linux x86_64(Host ID user1-EliteMini)
#  Generated on:      Thu Sep 17 19:15:01 2026
#  Design:            top_soc
#  Command:           checkFPlan -reportUtil -outFile ./verify_rpt/reportUtil_place.rpt
###############################################################
WARNING (IMPFP-10013): Halo should be created around block u_dcache/TAG_RAM_G_TAG_WAY[0].G_TAG_MACRO.u_sram/u_sram and snapping rules are not checked since it's width is not multiple of default tech site's width.
WARNING (IMPFP-10013): Halo should be created around block u_dcache/TAG_RAM_G_TAG_WAY[1].G_TAG_MACRO.u_sram/u_sram and snapping rules are not checked since it's width is not multiple of default tech site's width.
WARNING (IMPFP-10013): Halo should be created around block u_icache/TAG_RAM_G_TAG_WAY[0].G_TAG_MACRO.u_sram/u_sram and snapping rules are not checked since it's width is not multiple of default tech site's width.
WARNING (IMPFP-10013): Halo should be created around block u_icache/TAG_RAM_G_TAG_WAY[1].G_TAG_MACRO.u_sram/u_sram and snapping rules are not checked since it's width is not multiple of default tech site's width.
**INFO: No. of regular pre-routes not on tracks : 0 


Reporting Utilizations....

Core Utilization = 66.688022
Effective Utilizations
Average macro density = 0.000.

Average module density = 0.224.
Density for the design = 0.224.
       = stdcell_area 1273984 sites (297195 um^2) / alloc_area 5681984 sites (1325493 um^2).
Pin Density = 0.03713.
            = total # of pins 447733 / total area 12057144.
