###############################################################
#  Generated by:      Cadence Innovus 23.14-s088_1
#  OS:                Linux x86_64(Host ID user1-EliteMini)
#  Generated on:      Thu Oct  1 13:49:07 2026
#  Design:            top_soc
#  Command:           checkFPlan -reportUtil -outFile ./verify_rpt/reportUtil_FP.rpt
###############################################################
**INFO: No. of regular pre-routes not on tracks : 0 


Reporting Utilizations....

Core Utilization = 63.150216
Effective Utilizations
Average macro density = 0.540.
Average macro with halo density = 0.540.

Average module density = 0.632.
Density for the design = 0.632.
       = (stdcell_area 1249792 sites (18222 um^2) + block_area 7326341 sites (106818 um^2)) / alloc_area 13579656 sites (197991 um^2).
Density for the design with macro halo = 0.632.
       = (stdcell_area 1249792 sites (18222 um^2) + block_area with halo 7326341 sites (106818 um^2)) / alloc_area 13579656 sites (197991 um^2).
Pin Density = 0.03144.
            = total # of pins 426892 / total area 13579656.
