###############################################################
#  Generated by:      Cadence Innovus 23.14-s088_1
#  OS:                Linux x86_64(Host ID user1-EliteMini)
#  Generated on:      Thu Oct  1 13:49:09 2026
#  Design:            top_soc
#  Command:           checkFPlan -reportUtil -outFile ./verify_rpt/reportUtil_macroFP.rpt
###############################################################
WARNING (IMPFP-10013): Halo should be created around block u_dcache/TAG_RAM_G_TAG_WAY[0].G_TAG_MACRO.u_sram/u_sram and snapping rules are not checked since it's width is not multiple of default tech site's width.
WARNING (IMPFP-10013): Halo should be created around block u_dcache/TAG_RAM_G_TAG_WAY[1].G_TAG_MACRO.u_sram/u_sram and snapping rules are not checked since it's width is not multiple of default tech site's width.
WARNING (IMPFP-10013): Halo should be created around block u_icache/TAG_RAM_G_TAG_WAY[0].G_TAG_MACRO.u_sram/u_sram and snapping rules are not checked since it's width is not multiple of default tech site's width.
WARNING (IMPFP-10013): Halo should be created around block u_icache/TAG_RAM_G_TAG_WAY[1].G_TAG_MACRO.u_sram/u_sram and snapping rules are not checked since it's width is not multiple of default tech site's width.
**INFO: No. of regular pre-routes not on tracks : 0 


Reporting Utilizations....

Core Utilization = 66.509884
Effective Utilizations
Average macro density = 0.000.

Average module density = 0.214.
Density for the design = 0.214.
       = stdcell_area 1249792 sites (18222 um^2) / alloc_area 5852092 sites (85324 um^2).
Pin Density = 0.03144.
            = total # of pins 426892 / total area 13579656.
