###############################################################
#  Generated by:      Cadence Innovus 23.14-s088_1
#  OS:                Linux x86_64(Host ID user1-EliteMini)
#  Generated on:      Mon Sep 21 03:45:33 2026
#  Design:            top_soc
#  Command:           checkFPlan -reportUtil -outFile ./verify_rpt/reportUtil_powerplan.rpt
###############################################################
WARNING (IMPFP-7410): PlacementBlockage ({(9.9360000000 , 2296.2040000000) (9.9360000000 , 2469.0040000000)}) is NOT on grid InstanceGrid. please correct it.
WARNING (IMPFP-7410): PlacementBlockage ({(9.9360000000 , 1970.8400000000) (9.9360000000 , 2143.6400000000)}) is NOT on grid InstanceGrid. please correct it.
WARNING (IMPFP-7410): PlacementBlockage ({(9.9360000000 , 1645.4760000000) (9.9360000000 , 1818.2760000000)}) is NOT on grid InstanceGrid. please correct it.
WARNING (IMPFP-7410): PlacementBlockage ({(9.9360000000 , 1316.3720000000) (9.9360000000 , 1489.1720000000)}) is NOT on grid InstanceGrid. please correct it.
WARNING (IMPFP-7410): PlacementBlockage ({(9.9360000000 , 989.7640000000) (9.9360000000 , 1162.5640000000)}) is NOT on grid InstanceGrid. please correct it.
WARNING (IMPFP-7410): PlacementBlockage ({(9.9360000000 , 660.6640000000) (9.9360000000 , 833.4640000000)}) is NOT on grid InstanceGrid. please correct it.
WARNING (IMPFP-7410): PlacementBlockage ({(9.9360000000 , 335.3000000000) (9.9360000000 , 508.1000000000)}) is NOT on grid InstanceGrid. please correct it.
WARNING (IMPFP-7410): PlacementBlockage ({(2127.8160000000 , 9.9360000000) (2252.5920000000 , 9.9360000000)}) is NOT on grid InstanceGrid. please correct it.
WARNING (IMPFP-7410): PlacementBlockage ({(946.7280000000 , 139.0160000000) (949.9680000000 , 259.9760000000)}) is NOT on grid InstanceGrid. please correct it.
WARNING (IMPFP-7410): PlacementBlockage ({(874.1520000000 , 139.0160000000) (877.3920000000 , 259.9760000000)}) is NOT on grid InstanceGrid. please correct it.
WARNING (IMPFP-10013): Halo should be created around block u_dcache/TAG_RAM_G_TAG_WAY[0].G_TAG_MACRO.u_sram/u_sram and snapping rules are not checked since it's width is not multiple of default tech site's width.
WARNING (IMPFP-10013): Halo should be created around block u_dcache/TAG_RAM_G_TAG_WAY[1].G_TAG_MACRO.u_sram/u_sram and snapping rules are not checked since it's width is not multiple of default tech site's width.
WARNING (IMPFP-10013): Halo should be created around block u_icache/TAG_RAM_G_TAG_WAY[0].G_TAG_MACRO.u_sram/u_sram and snapping rules are not checked since it's width is not multiple of default tech site's width.
WARNING (IMPFP-10013): Halo should be created around block u_icache/TAG_RAM_G_TAG_WAY[1].G_TAG_MACRO.u_sram/u_sram and snapping rules are not checked since it's width is not multiple of default tech site's width.
**INFO: No. of regular pre-routes not on tracks : 0 


Reporting Utilizations....

Core Utilization = 56.882999
Effective Utilizations
Average macro density = 0.000.

Average module density = 0.365.
Density for the design = 0.365.
       = stdcell_area 5619784 sites (1310983 um^2) / alloc_area 15394514 sites (3591232 um^2).
Pin Density = 0.02098.
            = total # of pins 495806 / total area 23629432.
