**INFO: Starting Blocking QThread with 12 CPU
   ____________________________________________________________________
__/ message from Blocking QThread
Multi-CPU acceleration using 12 CPU(s).
*** QThread MetricCollect [begin] (IncrReplace #1 / place_opt_design #1) : mem = 1.0M
Multithreaded Timing Analysis is initialized with 12 threads

###############################################################
#  Generated by:      Cadence Innovus 23.14-s088_1
#  OS:                Linux x86_64(Host ID user1-EliteMini)
#  Generated on:      Fri Aug  7 18:21:21 2026
#  Design:            axi_ram
#  Command:           place_opt_design
###############################################################

REPORT ANALYSIS SUMMARY (View:tt) (EL:Setup)
=========================================================================================================================================================================================================

GroupType:*
=========================================================================================================================================================================================================

         All                             IN2REG                          IN2OUT                           REG2REG                              REG2OUT
    -----------------------------------------------------------------------------------------------------------------------------------------------------------------------------------------------------  
     WNS:TNS:#VIO                     WNS:TNS:#VIO                     WNS:TNS:#VIO                     WNS:TNS:#VIO                     WNS:TNS:#VIO                     FromClk->ToClk                   
    -----------------------------------------------------------------------------------------------------------------------------------------------------------------------------------------------------  
    -0.089:-2.114:58                 0.000:0.000:0                    0.000:0.000:0                    -0.089:-2.114:58                 0.000:0.000:0                    *->*
    -----------------------------------------------------------------------------------------------------------------------------------------------------------------------------------------------------
Ending "set_metric_timing_analysis_summary" (total cpu=0:00:00.1, real=0:00:00.0, peak res=4045.6M, current mem=2890.3M)
Ending "get_summary_setup_timing" (total cpu=0:00:00.3, real=0:00:01.0, peak res=4045.6M, current mem=2891.4M)
*** QThread MetricCollect [finish] (IncrReplace #1 / place_opt_design #1) : cpu/real = 0:00:00.3/0:00:00.3 (1.0), mem = 89.0M
_______________________________________________________________________
