*----------------------------------------------------------------------------------------
*	Voltus IC Power Integrity Solution 23.15-s108_1 (64bit) 07/22/2025 11:26 (Linux 3.10.0-693.el7.x86_64)
*	
*
* 	Date & Time:	2026-Oct-11 12:55:30 (2026-Oct-11 03:55:30 GMT)
*
*----------------------------------------------------------------------------------------
*
*	Design: top_soc
*
*	Liberty Libraries used: 
*	        default_emulate_view: /home/user1/Desktop/asap7/asap7sc7p5t_28/LIB/CCS/asap7sc7p5t_SIMPLE_RVT_TT_ccs_211120.lib
*	        default_emulate_view: /home/user1/Desktop/asap7/asap7sc7p5t_28/LIB/CCS/asap7sc7p5t_INVBUF_RVT_TT_ccs_220122.lib
*	        default_emulate_view: /home/user1/Desktop/asap7/asap7sc7p5t_28/LIB/CCS/asap7sc7p5t_AO_RVT_TT_ccs_211120.lib
*	        default_emulate_view: /home/user1/Desktop/asap7/asap7sc7p5t_28/LIB/CCS/asap7sc7p5t_OA_RVT_TT_ccs_211120.lib
*	        default_emulate_view: /home/user1/Desktop/asap7/asap7sc7p5t_28/LIB/CCS/asap7sc7p5t_SEQ_RVT_TT_ccs_220123.lib
*	        default_emulate_view: /home/user1/Desktop/asap7/asap7sc7p5t_28/LIB/CCS/asap7sc7p5t_SIMPLE_LVT_TT_ccs_211120.lib
*	        default_emulate_view: /home/user1/Desktop/asap7/asap7sc7p5t_28/LIB/CCS/asap7sc7p5t_INVBUF_LVT_TT_ccs_220122.lib
*	        default_emulate_view: /home/user1/Desktop/asap7/asap7sc7p5t_28/LIB/CCS/asap7sc7p5t_AO_LVT_TT_ccs_211120.lib
*	        default_emulate_view: /home/user1/Desktop/asap7/asap7sc7p5t_28/LIB/CCS/asap7sc7p5t_OA_LVT_TT_ccs_211120.lib
*	        default_emulate_view: /home/user1/Desktop/asap7/asap7sc7p5t_28/LIB/CCS/asap7sc7p5t_SEQ_LVT_TT_ccs_220123.lib
*	        default_emulate_view: /home/user1/Desktop/asap7/asap7_sram_0p0/generated/LIB/srambank_256x4x32_6t122.lib
*	        default_emulate_view: /home/user1/Desktop/asap7/asap7_sram_0p0/generated/LIB/srambank_128x4x20_6t122.lib
*
*	Power Domain used: 
*              Rail:        VDD      Voltage:        0.7 
*
*	Parasitic Files used: 
*	        /home/user1/Desktop/Script_Backend/Asap7/run_workspace/mcu/quantus/outputs/top_soc_quantus_rc_typ.spef
*
*	DEF Files used: 
*	        /home/user1/Desktop/Script_Backend/Asap7/run_workspace/mcu/innovus/outputs/top_soc_pnr.def
*
*       Power View : default_emulate_view
*
*       User-Defined Activity : N.A.
*
*       Activity File: N.A.
*
*       Hierarchical Global Activity: N.A.
*
*       Global Activity: N.A.
*
*       Sequential Element Activity: N.A.
*
*       Primary Input Activity: 0.200000
*
*       Default icg ratio: N.A.
*
*       Global Comb ClockGate Ratio: N.A.
*
*	Power Units = 1mW
*
*	Time Units = 1e-09 secs 
*
*       report_power -outfile /home/user1/Desktop/Script_Backend/Asap7/run_workspace/mcu/voltus/reports/power_static.rpt -view default_emulate_view
*
-----------------------------------------------------------------------------------------


Total Power 
-----------------------------------------------------------------------------------------
Total Internal Power:       85.78037849 	   97.2933%
Total Switching Power:       2.34694520 	    2.6619%
Total Leakage Power:         0.03946085 	    0.0448%
Total Power:                88.16678454 
-----------------------------------------------------------------------------------------


Group                           Internal   Switching     Leakage       Total  Percentage 
                                Power      Power         Power         Power  (%)        
-----------------------------------------------------------------------------------------
Sequential                         1.845      0.1107     0.01025       1.966       2.229 
Macro                              82.45      0.1075           0       82.56       93.64 
IO                                     0           0           0           0           0 
Combinational                     0.4081      0.8931     0.02317       1.324       1.502 
Clock (Combinational)             0.8388       1.142    0.001127       1.982       2.248 
Clock (Sequential)                0.2385     0.09364     0.00492       0.337      0.3823 
-----------------------------------------------------------------------------------------
Total                              85.78       2.347     0.03946       88.17         100 
-----------------------------------------------------------------------------------------


Rail                  Voltage   Internal   Switching     Leakage       Total  Percentage 
                                Power      Power         Power         Power  (%)        
-----------------------------------------------------------------------------------------
VDD                       0.7      85.78       2.347     0.03946       88.17         100 


Clock                           Internal   Switching     Leakage       Total  Percentage 
                                Power      Power         Power         Power  (%)        
-----------------------------------------------------------------------------------------
CLK_TIM1                        0.007291    0.009265   4.487e-05      0.0166     0.01883 
CLK_UART                         0.01763     0.02094   0.0001629     0.03873     0.04393 
CLK_GPIO                         0.01076     0.01495   2.824e-05     0.02573     0.02919 
CLK_TIM0                        0.008302    0.009165   4.376e-05     0.01751     0.01986 
CLK_ASCON                        0.03233     0.04447   0.0001294     0.07693     0.08726 
CLK_CPU                           0.1089        0.12   0.0006661      0.2296      0.2604 
CLK_CORDIC                      0.007709    0.008185   3.609e-05     0.01593     0.01807 
CLK_TCK                         0.000324   0.0003705   4.364e-05   0.0007382   0.0008373 
CLK_SYS                            0.818      0.9337    0.004295       1.756       1.992 
CLK_UART1                        0.01808     0.02025    0.000153     0.03848     0.04365 
CLK_SPI                          0.01743     0.01964   0.0001717     0.03724     0.04224 
CLK_DBG                          0.01111     0.01261    9.51e-05     0.02381     0.02701 
CLK_I2C                          0.01495     0.01792   0.0001594     0.03303     0.03746 
CLK_PWM                         0.004484    0.004179   1.742e-05     0.00868    0.009845 
-----------------------------------------------------------------------------------------
Total (excluding duplicates)       1.077       1.236    0.006047       2.319        2.63 
-----------------------------------------------------------------------------------------
Clock: CLK_TIM1
Clock Period: 0.004000 usec 
Clock Toggle Rate:   500.0000 Mhz 
Clock Static Probability:  0.5000

Clock: CLK_UART
Clock Period: 0.004000 usec 
Clock Toggle Rate:   500.0000 Mhz 
Clock Static Probability:  0.5000

Clock: CLK_GPIO
Clock Period: 0.004000 usec 
Clock Toggle Rate:   500.0000 Mhz 
Clock Static Probability:  0.5000

Clock: CLK_TIM0
Clock Period: 0.004000 usec 
Clock Toggle Rate:   500.0000 Mhz 
Clock Static Probability:  0.5000

Clock: CLK_ASCON
Clock Period: 0.004000 usec 
Clock Toggle Rate:   500.0000 Mhz 
Clock Static Probability:  0.5000

Clock: CLK_CPU
Clock Period: 0.004000 usec 
Clock Toggle Rate:   500.0000 Mhz 
Clock Static Probability:  0.5000

Clock: CLK_CORDIC
Clock Period: 0.004000 usec 
Clock Toggle Rate:   500.0000 Mhz 
Clock Static Probability:  0.5000

Clock: CLK_TCK
Clock Period: 0.100000 usec 
Clock Toggle Rate:    20.0000 Mhz 
Clock Static Probability:  0.5000

Clock: CLK_SYS
Clock Period: 0.004000 usec 
Clock Toggle Rate:   500.0000 Mhz 
Clock Static Probability:  0.5000

Clock: CLK_UART1
Clock Period: 0.004000 usec 
Clock Toggle Rate:   500.0000 Mhz 
Clock Static Probability:  0.5000

Clock: CLK_SPI
Clock Period: 0.004000 usec 
Clock Toggle Rate:   500.0000 Mhz 
Clock Static Probability:  0.5000

Clock: CLK_DBG
Clock Period: 0.004000 usec 
Clock Toggle Rate:   500.0000 Mhz 
Clock Static Probability:  0.5000

Clock: CLK_I2C
Clock Period: 0.004000 usec 
Clock Toggle Rate:   500.0000 Mhz 
Clock Static Probability:  0.5000

Clock: CLK_PWM
Clock Period: 0.004000 usec 
Clock Toggle Rate:   500.0000 Mhz 
Clock Static Probability:  0.5000



-----------------------------------------------------------------------------------------
*	Power Distribution Summary: 
*                Highest Average Power: u_dcache/DATA_RAM_G_DATA_WAY[1].u_sram/G_SRAM_BANK[0].u_sram (srambank_256x4x32_6t122):            1.076 
*                Highest Leakage Power: u_axi_ram_hi/u_mem/FE_OFC7757_n (BUFx24_ASAP7_75t_L):        1.374e-05 
*          Total Cap:      3.35602e-10 F
*          Total instances in design: 141804
*          Total instances in design with no power:     0
*          Total instances in design with no activity:     0
*          Total Fillers and Decap:     0
-----------------------------------------------------------------------------------------

