 ------------------------------------------------------------------------------------------------------------------------------------------------------------------------------------------------------------------------------------ 
| Snapshot                    | WNS                  | TNS                  | Density (%) | Power estimated                                            | Hotspot                   | Resource               | DRVs       | Layer-OPT |
|                             | HEPG (ns) | ALL (ns) | HEPG (ns) | ALL (ns) |             | Total (mW) | Leakage (mW) | Switching (mW) | Internal (mW) | Max (bins) | Total (bins) | Real (s) | Memory (MB) | Tran | Cap | M4        |
|-----------------------------+-----------+----------+-----------+----------+-------------+------------+--------------+----------------+---------------+------------+--------------+----------+-------------+------+-----+-----------|
| initial_summary             |           |          |           |          |       78.18 |            |              |                |               |            |              | 0:00:02  |        6839 |   15 |   0 |           |
| force_downsizing_area_power |           |    0.000 |           |        0 |       78.18 |       0.16 |         0.00 |           0.11 |          0.06 |            |              | 0:00:01  |        6968 |      |     |           |
| simplify_netlist            |           |          |           |          |             |       0.17 |         0.00 |           0.11 |          0.06 |            |              | 0:00:01  |        7790 |      |     |           |
| drv_fixing                  |           |          |           |          |             |       0.17 |         0.00 |           0.11 |          0.06 |            |              | 0:00:01  |        7790 |      |     |           |
| area_reclaiming             |     0.000 |    0.000 |         0 |        0 |       78.18 |       0.17 |         0.00 |           0.11 |          0.06 |            |              | 0:00:01  |        7782 |      |     |           |
| drv_fixing_2                |     0.000 |    0.000 |         0 |        0 |       80.43 |       0.16 |         0.00 |           0.11 |          0.05 |            |              | 0:00:02  |        7910 |    0 |   0 |        12 |
| global_sizing               |           |          |           |          |             |       0.16 |         0.00 |           0.11 |          0.05 |            |              | 0:00:01  |        7910 |      |     |           |
| global_opt                  |           |    0.000 |           |        0 |       80.43 |       0.16 |         0.00 |           0.11 |          0.05 |            |              | 0:00:01  |        7910 |      |     |        12 |
| area_reclaiming_2           |     0.000 |    0.000 |         0 |        0 |       80.43 |       0.16 |         0.00 |           0.11 |          0.05 |            |              | 0:00:00  |        7910 |      |     |           |
| incremental_replacement     |           |          |           |          |             |            |              |                |               |       0.00 |         0.00 | 0:00:05  |        7918 |      |     |           |
| drv_fixing_3                |     0.000 |    0.000 |         0 |        0 |       80.43 |       0.16 |         0.00 |           0.11 |          0.05 |            |              | 0:00:01  |        7790 |    0 |   0 |           |
| tns_fixing                  |     0.000 |    0.000 |         0 |        0 |       80.43 |       0.16 |         0.00 |           0.11 |          0.05 |            |              | 0:00:01  |        7982 |      |     |           |
| wns_fixing                  |     0.000 |    0.000 |         0 |        0 |       80.43 |       0.16 |         0.00 |           0.11 |          0.05 |            |              | 0:00:01  |        7982 |      |     |           |
| tns_fixing_2                |     0.000 |    0.000 |         0 |        0 |       80.43 |       0.16 |         0.00 |           0.11 |          0.05 |            |              | 0:00:01  |        7982 |      |     |           |
| area_reclaiming_3           |     0.000 |    0.000 |         0 |        0 |       80.35 |       0.16 |         0.00 |           0.11 |          0.05 |            |              | 0:00:01  |        7950 |      |     |         1 |
| area_reclaiming_4           |     0.000 |    0.000 |         0 |        0 |       80.35 |       0.16 |         0.00 |           0.11 |          0.05 |            |              | 0:00:01  |        7950 |      |     |           |
| drv_eco_fixing              |     0.000 |    0.000 |         0 |        0 |       80.35 |       0.16 |         0.00 |           0.11 |          0.05 |            |              | 0:00:01  |        7950 |    0 |   0 |           |
| power_reclaiming            |     0.000 |    0.000 |         0 |        0 |       80.35 |       0.16 |         0.00 |           0.11 |          0.05 |            |              | 0:00:01  |        8150 |      |     |           |
| power_reclaiming_2          |     0.000 |    0.000 |         0 |        0 |       80.35 |       0.16 |         0.00 |           0.11 |          0.05 |            |              | 0:00:01  |        8150 |      |     |           |
| final_summary               |           |    0.000 |           |        0 |       80.35 |            |              |                |               |            |              | 0:00:01  |        7894 |    0 |   0 |           |
 ------------------------------------------------------------------------------------------------------------------------------------------------------------------------------------------------------------------------------------ 
