###############################################################
#  Generated by:      Cadence Innovus 23.14-s088_1
#  OS:                Linux x86_64(Host ID user1-EliteMini)
#  Generated on:      Wed Aug 12 00:08:36 2026
#  Design:            riscv_pipeline
#  Command:           verifyConnectivity -type all -error 1000 -warning 100 -report ./verify_rpt/connectivity_after_pg.rpt
###############################################################
Verify Connectivity Report is created on Wed Aug 12 00:08:36 2026




Multi-CPU acceleration using 8 CPU


Use pthread

Net VSS: dangling Wire at (298.576, 11.328) (298.576, 11.328) on layer: M5
Net VSS: dangling Wire at (272.944, 11.328) (272.944, 11.328) on layer: M5
Net VSS: dangling Wire at (247.600, 11.328) (247.600, 11.328) on layer: M5
Net VSS: dangling Wire at (221.968, 11.328) (221.968, 11.328) on layer: M5
Net VSS: dangling Wire at (196.336, 11.328) (196.336, 11.328) on layer: M5
Net VSS: dangling Wire at (93.808, 11.328) (93.808, 11.328) on layer: M5
Net VSS: dangling Wire at (68.176, 11.328) (68.176, 11.328) on layer: M5
Net VSS: dangling Wire at (42.544, 11.328) (42.544, 11.328) on layer: M5
Net VSS: dangling Wire at (17.200, 11.328) (17.200, 11.328) on layer: M5
Net VSS: dangling Wire at (298.576, 195.072) (298.576, 195.072) on layer: M5
Net VSS: dangling Wire at (272.944, 195.072) (272.944, 195.072) on layer: M5
Net VSS: dangling Wire at (247.600, 195.072) (247.600, 195.072) on layer: M5
Net VSS: dangling Wire at (221.968, 195.072) (221.968, 195.072) on layer: M5
Net VSS: dangling Wire at (196.336, 195.072) (196.336, 195.072) on layer: M5
Net VSS: dangling Wire at (93.808, 195.072) (93.808, 195.072) on layer: M5
Net VSS: dangling Wire at (68.176, 195.072) (68.176, 195.072) on layer: M5
Net VSS: dangling Wire at (42.544, 195.072) (42.544, 195.072) on layer: M5
Net VSS: dangling Wire at (17.200, 195.072) (17.200, 195.072) on layer: M5
Net VSS: dangling Wire at (298.576, 244.608) (298.576, 244.608) on layer: M5
Net VSS: dangling Wire at (272.944, 244.608) (272.944, 244.608) on layer: M5
Net VSS: dangling Wire at (247.600, 244.608) (247.600, 244.608) on layer: M5
Net VSS: dangling Wire at (221.968, 244.608) (221.968, 244.608) on layer: M5
Net VSS: dangling Wire at (196.336, 244.608) (196.336, 244.608) on layer: M5
Net VSS: dangling Wire at (93.808, 244.608) (93.808, 244.608) on layer: M5
Net VSS: dangling Wire at (68.176, 244.608) (68.176, 244.608) on layer: M5
Net VSS: dangling Wire at (42.544, 244.608) (42.544, 244.608) on layer: M5
Net VSS: dangling Wire at (17.200, 244.608) (17.200, 244.608) on layer: M5

Begin Summary
    27 Problem(s) (IMPVFC-94): The net has dangling wire(s).
    27 total info(s) created.
End Summary
