###############################################################
#  Generated by:      Cadence Innovus 23.14-s088_1
#  OS:                Linux x86_64(Host ID user1-EliteMini)
#  Generated on:      Wed Aug 12 02:29:49 2026
#  Design:            riscv_pipeline
#  Command:           verify_drc -report ./verify_rpt/drc_after_route.rpt
###############################################################

SHORT: ( Metal Short ) Regular Wire of Net RF/rf_main[18][5] & Regular Wire of Net RF/rf_main[21][0]  ( M4 )
Bounds : ( 172.288, 313.164 ) ( 173.312, 313.260 )


SHORT: ( Metal Short ) Regular Wire of Net dbg_reg_write_addr[1] & Regular Wire of Net RF/rf_main[21][11]  ( M6 )
Bounds : ( 172.060, 311.408 ) ( 173.324, 311.536 )


SHORT: ( Metal Short ) Regular Wire of Net RF/FE_PHN5553_rf_main_19_4 & Regular Wire of Net RF/rf_main[19][6]  ( M6 )
Bounds : ( 172.060, 306.224 ) ( 173.108, 306.352 )


EndOfLine: ( EndOfLine Keepout ) Regular Wire of Net RF/FE_PHN4441_rf_main_16_18 & Regular Wire of Net RF/rf_main[19][3]  ( M2 )
Bounds : ( 173.000, 288.648 ) ( 173.104, 288.720 )


EndOfLine: ( EndOfLine Keepout ) Regular Wire of Net RF/rf_main[16][27] & Regular Wire of Net RF/FE_PHN4147_rf_main_17_30  ( M4 )
Bounds : ( 171.412, 292.524 ) ( 171.584, 292.620 )


SHORT: ( Metal Short ) Regular Wire of Net RF/rf_main[22][25] & Regular Wire of Net RF/FE_OFN921_n_1400  ( M6 )
Bounds : ( 172.060, 295.568 ) ( 173.108, 295.696 )


EndOfLine: ( EndOfLine Spacing ) Regular Wire of Net RF/FE_OFN928_n_1405 & Blockage of Cell RF/rf_main_reg[19][3]  ( M2 )
Bounds : ( 173.000, 288.648 ) ( 173.104, 288.720 )


SHORT: ( Metal Short ) Regular Wire of Net RF/rf_main[19][25] & Regular Wire of Net RF/rf_main[21][26]  ( M6 )
Bounds : ( 172.060, 283.472 ) ( 173.108, 283.600 )


  Total Violations : 8 Viols.
