###############################################################
#  Generated by:      Cadence Innovus 23.14-s088_1
#  OS:                Linux x86_64(Host ID user1-EliteMini)
#  Generated on:      Wed Aug 12 02:00:14 2026
#  Design:            riscv_pipeline
#  Command:           verify_drc -report ./verify_rpt/drc_after_route.rpt
###############################################################

SHORT: ( Metal Short ) Regular Wire of Net RF/rf_main[18][2] & Regular Wire of Net RF/rf_main[18][0]  ( M6 )
Bounds : ( 172.060, 308.528 ) ( 173.108, 308.656 )


SHORT: ( Metal Short ) Regular Wire of Net RF/FE_PHN4205_rf_main_16_5 & Regular Wire of Net dbg_reg_write_data[11]  ( M6 )
Bounds : ( 172.060, 309.968 ) ( 173.108, 310.096 )


SHORT: ( Metal Short ) Regular Wire of Net dbg_reg_write_addr[4] & Regular Wire of Net RF/FE_PHN10869_rf_main_18_15  ( M6 )
Bounds : ( 172.276, 314.864 ) ( 173.324, 314.992 )


EndOfLine: ( EndOfLine Keepout ) Regular Wire of Net dbg_reg_write_addr[4] & Regular Wire of Net RF/FE_PHN11353_rf_main_20_16  ( M4 )
Bounds : ( 172.112, 312.300 ) ( 172.460, 312.396 )


SHORT: ( Metal Short ) Regular Wire of Net RF/FE_PHN4235_rf_main_22_2 & Regular Wire of Net RF/rf_main[17][2]  ( M6 )
Bounds : ( 171.844, 302.480 ) ( 173.108, 302.608 )


SHORT: ( Metal Short ) Regular Wire of Net RF/rf_main[23][7] & Regular Wire of Net RF/rf_main[29][11]  ( M6 )
Bounds : ( 172.060, 275.408 ) ( 173.108, 275.536 )


SHORT: ( Metal Short ) Regular Wire of Net RF/FE_PHN4372_rf_main_31_7 & Regular Wire of Net RF/rf_main[27][26]  ( M6 )
Bounds : ( 172.060, 240.848 ) ( 173.108, 240.976 )


EndOfLine: ( EndOfLine Keepout ) Regular Wire of Net RF/FE_DBTN44_n_118 & Regular Wire of Net RF/FE_OFN898_n_1376  ( M4 )
Bounds : ( 171.680, 243.948 ) ( 172.028, 244.044 )


  Total Violations : 8 Viols.
