###############################################################
#  Generated by:      Cadence Innovus 23.14-s088_1
#  OS:                Linux x86_64(Host ID user1-EliteMini)
#  Generated on:      Wed Aug 12 02:24:31 2026
#  Design:            riscv_pipeline
#  Command:           verify_drc -report ./verify_rpt/drc_after_initial_route.rpt
###############################################################

SHORT: ( Metal Short ) Regular Wire of Net RF/rf_main[20][2] & Regular Wire of Net RF/rf_main[21][0]  ( M4 )
Bounds : ( 172.288, 313.164 ) ( 173.324, 313.260 )


SHORT: ( Metal Short ) Regular Wire of Net RF/FE_PHN4787_rf_main_21_27 & Regular Wire of Net RF/FE_PHN5553_rf_main_19_4  ( M6 )
Bounds : ( 172.060, 309.680 ) ( 173.108, 309.808 )


SHORT: ( Metal Short ) Regular Wire of Net dbg_reg_write_addr[1] & Regular Wire of Net RF/rf_main[20][1]  ( M6 )
Bounds : ( 172.276, 311.984 ) ( 173.324, 312.112 )


EndOfLine: ( EndOfLine Keepout ) Regular Wire of Net RF/n_1308 & Regular Wire of Net RF/FE_DBTN29_n_334  ( M2 )
Bounds : ( 172.064, 304.848 ) ( 172.168, 304.920 )


EndOfLine: ( EndOfLine Spacing ) Regular Wire of Net RF/n_1308 & Regular Wire of Net RF/FE_PHN4555_rf_main_22_8  ( M2 )
Bounds : ( 172.064, 304.848 ) ( 172.168, 304.920 )


SHORT: ( Metal Short ) Regular Wire of Net RF/rf_main[23][0] & Regular Wire of Net RF/FE_OFN930_n_1406  ( M6 )
Bounds : ( 172.060, 297.584 ) ( 173.324, 297.712 )


SHORT: ( Metal Short ) Regular Wire of Net RF/n_2304 & Regular Wire of Net RF/FE_OFN922_n_1401  ( M2 )
Bounds : ( 172.888, 292.824 ) ( 173.000, 292.896 )


SHORT: ( Metal Short ) Regular Wire of Net RF/rf_main[19][3] & Regular Wire of Net RF/rf_main[21][26]  ( M2 )
Bounds : ( 173.104, 288.360 ) ( 173.144, 288.432 )


  Total Violations : 8 Viols.
