 ------------------------------------------------------------------------------------------------------------------------------------------------------------------- 
| Snapshot                | WNS                  | TNS                  | Density (%) | Hotspot                   | Resource               | DRVs       | Layer-OPT |
|                         | HEPG (ns) | ALL (ns) | HEPG (ns) | ALL (ns) |             | Max (bins) | Total (bins) | Real (s) | Memory (MB) | Tran | Cap | M4        |
|-------------------------+-----------+----------+-----------+----------+-------------+------------+--------------+----------+-------------+------+-----+-----------|
| initial_summary         |           |    0.300 |           |        0 |       23.98 |            |              | 0:00:20  |       10715 |  522 |   0 |           |
| route_type_refinement   |           |          |           |          |             |            |              | 0:00:03  |       10715 |      |     |       836 |
| simplify_netlist        |           |          |           |          |             |            |              | 0:00:04  |       10715 |      |     |           |
| excluded_clk_net_fixing |           |          |           |          |             |            |              | 0:00:00  |       10715 |      |     |           |
| drv_fixing              |     0.000 |    0.300 |         0 |        0 |       24.02 |            |              | 0:00:13  |       10795 |   17 |   0 |       965 |
| global_opt              |           |    0.300 |           |        0 |       24.02 |            |              | 0:00:04  |       10795 |      |     |       965 |
| global_opt_2            |           |    0.300 |           |        0 |       24.02 |            |              | 0:00:05  |       10795 |      |     |       965 |
| area_reclaiming         |     0.000 |    0.300 |         0 |        0 |       23.96 |            |              | 0:00:13  |       10795 |      |     |       148 |
| drv_fixing_2            |     0.000 |    0.300 |         0 |        0 |       23.99 |            |              | 0:00:12  |       10795 |    8 |   0 |       441 |
| area_reclaiming_2       |     0.000 |    0.300 |         0 |        0 |       23.95 |            |              | 0:00:28  |       10803 |      |     |      1192 |
| area_reclaiming_3       |     0.000 |    0.300 |         0 |        0 |       23.93 |            |              | 0:00:15  |       10803 |      |     |       177 |
| local_wire_reclaim      |           |          |           |          |             |            |              | 0:00:37  |       10803 |      |     |           |
| global_route            |           |          |           |          |             |       0.00 |         0.00 | 0:00:10  |       10705 |      |     |           |
| route_type_refinement_2 |           |          |           |          |             |            |              | 0:00:01  |       10705 |      |     |       177 |
| drv_eco_fixing          |     0.000 |    0.300 |         0 |        0 |       24.01 |            |              | 0:00:07  |       10795 |   12 |   0 |       845 |
| final_summary           |     0.713 |    0.300 |           |        0 |       24.01 |       0.00 |         0.00 | 0:00:10  |       10715 |   11 |   0 |           |
 ------------------------------------------------------------------------------------------------------------------------------------------------------------------- 
