 ----------------------------------------------------------------------------------------------------------------------------------------------------------------------------------------------------------------------------------- 
| Snapshot                | WNS                  | TNS                  | Density (%) | Power estimated                                            | Hotspot                   | Resource               | DRVs       | Layer-OPT    |
|                         | HEPG (ns) | ALL (ns) | HEPG (ns) | ALL (ns) |             | Total (mW) | Leakage (mW) | Switching (mW) | Internal (mW) | Max (bins) | Total (bins) | Real (s) | Memory (MB) | Tran | Cap | M4 | M6 | M8 |
|-------------------------+-----------+----------+-----------+----------+-------------+------------+--------------+----------------+---------------+------------+--------------+----------+-------------+------+-----+----+----+----|
| initial_summary         |           |    0.000 |           |        0 |        0.37 |            |              |                |               |            |              | 0:00:01  |       10818 |    0 |   0 |    |    |    |
| route_type_refinement   |           |          |           |          |             |            |              |                |               |            |              | 0:00:00  |       10818 |      |     | 64 |  4 | 16 |
| simplify_netlist        |           |          |           |          |             |       0.46 |         0.00 |           0.23 |          0.24 |            |              | 0:00:01  |       10818 |      |     |    |    |    |
| excluded_clk_net_fixing |           |          |           |          |             |            |              |                |               |            |              | 0:00:00  |       10818 |      |     |    |    |    |
| global_opt              |           |    0.000 |           |        0 |        0.37 |       0.46 |         0.00 |           0.23 |          0.24 |            |              | 0:00:02  |       10818 |      |     | 64 |  4 | 16 |
| area_reclaiming         |     0.000 |    0.000 |         0 |        0 |        0.36 |       0.46 |         0.00 |           0.23 |          0.24 |            |              | 0:00:02  |       10820 |      |     | 61 |  4 | 15 |
| wns_fixing              |     0.007 |    0.007 |         0 |        0 |        0.36 |       0.46 |         0.00 |           0.23 |          0.24 |            |              | 0:00:12  |       11100 |      |     | 68 |  4 | 15 |
| area_reclaiming_2       |    -0.000 |   -0.000 |        -0 |       -0 |        0.37 |       0.46 |         0.00 |           0.23 |          0.24 |            |              | 0:00:02  |       10938 |      |     | 81 |  4 | 15 |
| area_reclaiming_3       |    -0.000 |   -0.000 |        -0 |       -0 |        0.36 |       0.46 |         0.00 |           0.23 |          0.23 |            |              | 0:00:02  |       10938 |      |     | 68 |  4 | 15 |
| power_reclaiming        |    -0.014 |   -0.014 |        -0 |       -0 |        0.36 |       0.46 |         0.00 |           0.23 |          0.23 |            |              | 0:00:00  |       11551 |      |     | 68 |  4 | 15 |
| local_wire_reclaim      |           |          |           |          |             |            |              |                |               |            |              | 0:00:03  |       11351 |      |     |    |    |    |
| global_route            |           |          |           |          |             |            |              |                |               |       0.35 |         0.69 | 0:00:01  |       11254 |      |     |    |    |    |
| route_type_refinement_2 |           |          |           |          |             |            |              |                |               |            |              | 0:00:01  |       11254 |      |     | 68 |  4 | 15 |
| drv_eco_fixing          |    -0.017 |   -0.017 |        -0 |       -0 |        0.37 |       0.47 |         0.00 |           0.23 |          0.24 |            |              | 0:00:01  |       11397 |    0 |   0 | 80 |  3 | 14 |
| wns_eco_fixing          |     0.007 |    0.003 |         0 |        0 |        0.37 |       0.47 |         0.00 |           0.23 |          0.24 |            |              | 0:00:03  |       11605 |      |     | 86 |  3 | 14 |
| power_reclaiming_2      |     0.003 |    0.003 |         0 |        0 |        0.37 |       0.47 |         0.00 |           0.23 |          0.24 |            |              | 0:00:02  |       12170 |      |     | 86 |  3 | 14 |
| initial_summary_2       |     0.005 |    0.003 |           |        0 |        0.37 |            |              |                |               |            |              | 0:00:02  |       11984 |    0 |   0 |    |    |    |
| hold_fixing             |     0.005 |    0.003 |         0 |        0 |        0.39 |       0.48 |         0.00 |           0.24 |          0.24 |            |              | 0:00:02  |       12104 |      |     | 89 |  3 | 14 |
| global_route_2          |           |          |           |          |             |            |              |                |               |            |              | 0:00:00  |       12104 |      |     |    |    |    |
| final_summary           |     0.005 |    0.003 |           |        0 |        0.39 |            |              |                |               |       0.35 |         0.35 | 0:00:03  |       12080 |    0 |   0 |    |    |    |
 ----------------------------------------------------------------------------------------------------------------------------------------------------------------------------------------------------------------------------------- 
