09-20 14:32:49 Std cell: 300143.6 um^2 (glue top-level 40300.5 um^2)
09-20 14:32:49 ============================================================
09-20 14:32:49 >>> KHOI 1: floorPlan
09-20 14:32:49 ============================================================
09-20 14:32:49 Cho danh cho SRAM RAM_LO   524.4 x 1412.6  tai (9.9, 9.9)
09-20 14:32:49 Cho danh cho SRAM RAM_HI   524.4 x 1412.6  tai (1728.2, 9.9)
09-20 14:32:49 Cho danh cho SRAM CACHE   1001.4 x 349.9   tai (554.4, 9.9)
09-20 14:32:49 Cho danh cho SRAM TAG      132.3 x 246.2   tai (1575.8, 9.9)
09-20 14:32:50 >>> XONG: KHOI 1: floorPlan
09-20 14:32:50 ============================================================
09-20 14:32:50 >>> KHOI 2: core ring
09-20 14:32:50 ============================================================
09-20 14:32:50 Ring loi: le 9.936 | trong 0.544 | VSS 0.544 | trong 0.544 | VDD 0.544 | trong 7.760 -> loi
09-20 14:32:50 Ring loi VDD: 2 doan M8, 2 doan M9
09-20 14:32:50 Ring loi VSS: 2 doan M8, 2 doan M9
09-20 14:32:50 >>> XONG: KHOI 2: core ring
09-20 14:32:50 ============================================================
09-20 14:32:50 >>> KHOI 3: dat mam 84 SRAM
09-20 14:32:50 ============================================================
09-20 14:32:50 Nap 84 SRAM tu ./tcl/manual/soc_sram_place.tcl (xoa file de xep mam lai)
09-20 14:32:50 Kiem tra mam: 0 loi
09-20 14:32:50 >>> XONG: KHOI 3: dat mam 84 SRAM
09-20 14:32:50 ============================================================
09-20 14:32:50 >>> KHOI 4: snap + FIXED + luu FloorPlan_withMacro.fp
09-20 14:32:50 ============================================================
09-20 14:32:50 Da luu 84 SRAM vao ./tcl/manual/soc_sram_place.tcl
09-20 14:32:54 >>> XONG: KHOI 4: snap + FIXED + luu FloorPlan_withMacro.fp
09-20 14:32:54 ============================================================
09-20 14:32:54 >>> KHOI 5: luoi nguon M4/M5 cho tung cum SRAM
09-20 14:32:54 ============================================================
09-20 14:32:54 Ring loi VDD: 2 doan M8, 2 doan M9
09-20 14:32:54 Ring loi VSS: 2 doan M8, 2 doan M9
09-20 14:32:54 84 SRAM -> 10 cum
09-20 14:32:54 Cum RAM_LO(8)         1 cot: M4 ngang  18/18  doan, M5 doc  20/20  doan
09-20 14:32:55 Cum RAM_LO(16)        2 cot: M4 ngang  36/36  doan, M5 doc  38/38  doan
09-20 14:32:56 Cum RAM_LO(8)         1 cot: M4 ngang  18/18  doan, M5 doc  20/20  doan
09-20 14:32:56 Cum RAM_HI(8)         1 cot: M4 ngang  18/18  doan, M5 doc  20/20  doan
09-20 14:32:57 Cum RAM_HI(16)        2 cot: M4 ngang  36/36  doan, M5 doc  38/38  doan
09-20 14:32:57 Cum RAM_HI(8)         1 cot: M4 ngang  18/18  doan, M5 doc  20/20  doan
09-20 14:32:58 Cum CACHE(4)          2 cot: M4 ngang  12/12  doan, M5 doc  14/14  doan
09-20 14:32:58 Cum CACHE(4)          2 cot: M4 ngang  12/12  doan, M5 doc  14/14  doan
09-20 14:32:58 Cum CACHE(8)          4 cot: M4 ngang  24/24  doan, M5 doc  26/26  doan
09-20 14:32:59 Cum TAG(4)            2 cot: M4 ngang  12/12  doan, M5 doc  14/14  doan
09-20 14:32:59 >>> XONG: KHOI 5: luoi nguon M4/M5 cho tung cum SRAM
09-20 14:32:59 ============================================================
09-20 14:32:59 >>> KHOI 6: luoi M7/M6
09-20 14:32:59 ============================================================
09-20 14:32:59 Ring loi VDD: 2 doan M8, 2 doan M9
09-20 14:32:59 Ring loi VSS: 2 doan M8, 2 doan M9
09-20 14:33:00 Luoi M7: 18 vung, M6: 26 vung (tranh 10 cum SRAM)
09-20 14:33:00 >>> XONG: KHOI 6: luoi M7/M6
09-20 14:33:00 ============================================================
09-20 14:33:00 >>> KHOI 7: blockage + pin
09-20 14:33:00 ============================================================
09-20 14:33:00 INFO: da gan 174 pin top_soc: tren 134, duoi 40, x 558.7..1703.7
09-20 14:33:00 >>> XONG: KHOI 7: blockage + pin
09-20 14:33:00 ============================================================
09-20 14:33:00 >>> KHOI 8: verify + saveDesign
09-20 14:33:00 ============================================================
09-20 14:33:00 Ring loi VDD: 2 doan M8, 2 doan M9
09-20 14:33:00 Ring loi VSS: 2 doan M8, 2 doan M9
09-20 14:33:00 --- ./verify_rpt/drc_powerplan.rpt
09-20 14:33:00   0 vi pham
09-20 14:33:04 ============================================================
09-20 14:33:04 FLOORPLAN + POWER GRID XONG - saved/top_soc_powerplan.enc
  verify_rpt/connectivity_powerplan.rpt : moi SRAM phai noi VDD/VSS
      (open o chan std cell la binh thuong - rail M1 chua lam)
  verify_rpt/drc_powerplan.rpt          : phai 0 vi pham PG
  GUI: Tools > Violation Browser de xem tung loi
Tiep theo: KHOI 9 (placement), KHOI 10 (rail M1 + stripe M5 std cell)
09-20 14:33:04 ============================================================
09-20 14:33:04 >>> XONG: KHOI 8: verify + saveDesign
09-20 14:33:04 ============================================================
09-20 14:33:04 >>> KHOI 9: placement
09-20 14:33:04 ============================================================
09-20 14:33:04 Ring loi VDD: 2 doan M8, 2 doan M9
09-20 14:33:04 Ring loi VSS: 2 doan M8, 2 doan M9
09-20 14:33:04 Tap cell: 31100 TAPCELL_ASAP7_75t_R
09-20 14:33:05 Notch  805.896  260.496  951.264  364.176  (145.37 x 103.68 um)
09-20 14:33:05 Notch 1853.712    9.936 1862.352 1422.576  (8.64 x 1412.64 um)
09-20 14:33:05 Notch  400.032    9.936  408.672 1422.576  (8.64 x 1412.64 um)
09-20 14:33:05 Notch  135.648    9.936  144.288 1422.576  (8.64 x 1412.64 um)
09-20 14:33:05 Notch 2118.096    9.936 2126.736 1422.576  (8.64 x 1412.64 um)
09-20 14:33:05 Notch  538.704    9.936  550.152  364.176  (11.45 x 354.24 um)
09-20 14:33:05 Notch 1207.008    9.936 1212.840  364.176  (5.83 x 354.24 um)
09-20 14:33:05 Notch 1720.008    9.936 1723.680  364.176  (3.67 x 354.24 um)
09-20 14:33:05 Doc path group: /home/user1/Desktop/Script_Backend/Asap7/run_workspace/mcu/innovus/outputs/top_soc_syn.innovus_groups.tcl
09-20 14:34:54 ***** Total cpu  0:8:32
09-20 14:34:54 ***** Total real time  0:1:48
09-20 14:41:31   place SETUP: WNS 0.292 TNS 0.0, 0 duong vi pham -> DAT
09-20 14:41:37 >>> XONG: KHOI 9: placement
09-20 14:41:37 ============================================================
09-20 14:41:37 >>> KHOI 10: rail M1 + stripe M5 std cell
09-20 14:41:37 ============================================================
09-20 14:41:59 Stripe M5 std cell: 20 vung (tranh 10 cum SRAM + khe)
09-20 14:42:03 --- ./verify_rpt/drc_place.rpt
09-20 14:42:03   0 vi pham
09-20 14:42:10 ============================================================
09-20 14:42:10 PLACEMENT XONG - saved/top_soc_placed_pg.enc
  verify_rpt/connectivity_place.rpt : phai 'Found no problems' (moi rail M1 co stripe M5)
  verify_rpt/drc_place.rpt          : phai 0 vi pham
  reports/timing_preCTS/            : WNS/TNS truoc CTS
Tiep theo: KHOI 11 (CTS)
09-20 14:42:10 ============================================================
09-20 14:42:10 >>> XONG: KHOI 10: rail M1 + stripe M5 std cell
09-20 14:42:10 ============================================================
09-20 14:42:10 >>> KHOI 11: CTS
09-20 14:42:10 ============================================================
09-20 14:55:16 >>> XONG: KHOI 11: CTS
09-20 14:55:16 ============================================================
09-20 14:55:16 >>> KHOI 12: optDesign postCTS
09-20 14:55:16 ============================================================
09-20 15:01:22 soc_fix_cg_hold vong 1 (13 s): 12 latch hold < 0.020
09-20 15:01:22   cg_cpu/en_latch_reg slack -0.050 -> buffer thu 1 truoc cg_cpu/g16__6260/B
09-20 15:01:24   cg_tim1/en_latch_reg slack -0.044 -> buffer thu 1 truoc cg_tim1/g15__2802/B
09-20 15:01:24   cg_tim0/en_latch_reg slack -0.051 -> buffer thu 1 truoc cg_tim0/g15__1617/B
09-20 15:01:24   cg_uart1/en_latch_reg slack -0.058 -> buffer thu 1 truoc cg_uart1/g15__5122/B
09-20 15:01:24   cg_gpio/en_latch_reg slack -0.054 -> buffer thu 1 truoc cg_gpio/g15__8428/B
09-20 15:01:24   cg_i2c/en_latch_reg slack -0.040 -> buffer thu 1 truoc cg_i2c/g15__5526/B
09-20 15:01:24   cg_pwm/en_latch_reg slack -0.061 -> buffer thu 1 truoc cg_pwm/g15__6783/B
09-20 15:01:24   cg_uart/en_latch_reg slack -0.045 -> buffer thu 1 truoc cg_uart/g15__1705/B
09-20 15:01:25   cg_ascon/en_latch_reg slack -0.042 -> buffer thu 1 truoc cg_ascon/g15__2398/B
09-20 15:01:25   cg_spi/en_latch_reg slack -0.043 -> buffer thu 1 truoc cg_spi/g15__3680/B
09-20 15:01:25   cg_cordic/en_latch_reg slack -0.053 -> buffer thu 1 truoc cg_cordic/g15__5107/B
09-20 15:01:25   cg_dbg/en_latch_reg slack -0.057 -> buffer thu 1 truoc cg_dbg/g15__4319/B
09-20 15:01:44 soc_fix_cg_hold vong 2 (35 s): 12 latch hold < 0.020
09-20 15:01:44   cg_cpu/en_latch_reg slack -0.004 -> buffer thu 2 truoc cg_cpu/g16__6260/B
09-20 15:01:45   cg_tim1/en_latch_reg slack -0.007 -> buffer thu 2 truoc cg_tim1/g15__2802/B
09-20 15:01:45   cg_tim0/en_latch_reg slack -0.013 -> buffer thu 2 truoc cg_tim0/g15__1617/B
09-20 15:01:46   cg_uart1/en_latch_reg slack -0.020 -> buffer thu 2 truoc cg_uart1/g15__5122/B
09-20 15:01:46   cg_gpio/en_latch_reg slack -0.017 -> buffer thu 2 truoc cg_gpio/g15__8428/B
09-20 15:01:46   cg_i2c/en_latch_reg slack -0.004 -> buffer thu 2 truoc cg_i2c/g15__5526/B
09-20 15:01:46   cg_pwm/en_latch_reg slack -0.023 -> buffer thu 2 truoc cg_pwm/g15__6783/B
09-20 15:01:46   cg_uart/en_latch_reg slack -0.009 -> buffer thu 2 truoc cg_uart/g15__1705/B
09-20 15:01:46   cg_ascon/en_latch_reg slack -0.006 -> buffer thu 2 truoc cg_ascon/g15__2398/B
09-20 15:01:46   cg_spi/en_latch_reg slack -0.005 -> buffer thu 2 truoc cg_spi/g15__3680/B
09-20 15:01:46   cg_cordic/en_latch_reg slack -0.015 -> buffer thu 2 truoc cg_cordic/g15__5107/B
09-20 15:01:46   cg_dbg/en_latch_reg slack -0.014 -> buffer thu 2 truoc cg_dbg/g15__4319/B
09-20 15:02:05 soc_fix_cg_hold vong 3 (56 s): 2 latch hold < 0.020
09-20 15:02:05   cg_uart1/en_latch_reg slack 0.017 -> buffer thu 3 truoc cg_uart1/g15__5122/B
09-20 15:02:06   cg_pwm/en_latch_reg slack 0.014 -> buffer thu 3 truoc cg_pwm/g15__6783/B
09-20 15:02:25 soc_fix_cg_hold vong 4 (76 s): 0 latch hold < 0.020
09-20 15:02:25 soc_fix_cg_hold: them 26 HB4xp67_ASAP7_75t_R sau 76 s
09-20 15:02:25   cg_cpu/en_latch_reg          hold slack 0.037 sau 2 buffer
09-20 15:02:25   cg_tim1/en_latch_reg         hold slack 0.030 sau 2 buffer
09-20 15:02:25   cg_tim0/en_latch_reg         hold slack 0.027 sau 2 buffer
09-20 15:02:25   cg_uart1/en_latch_reg        hold slack 0.054 sau 3 buffer
09-20 15:02:25   cg_gpio/en_latch_reg         hold slack 0.020 sau 2 buffer
09-20 15:02:25   cg_i2c/en_latch_reg          hold slack 0.034 sau 2 buffer
09-20 15:02:25   cg_pwm/en_latch_reg          hold slack 0.052 sau 3 buffer
09-20 15:02:25   cg_uart/en_latch_reg         hold slack 0.028 sau 2 buffer
09-20 15:02:25   cg_ascon/en_latch_reg        hold slack 0.031 sau 2 buffer
09-20 15:02:25   cg_spi/en_latch_reg          hold slack 0.032 sau 2 buffer
09-20 15:02:25   cg_cordic/en_latch_reg       hold slack 0.022 sau 2 buffer
09-20 15:02:25   cg_dbg/en_latch_reg          hold slack 0.023 sau 2 buffer
09-20 15:02:59 WARNING: postCTS SETUP: WNS 0.316 TNS 0.0, 0 duong vi pham
  -> max_tran Real 1 net
  Xem ./reports/timing_postCTS/postCTS.summary(.gz)
09-20 15:02:59 WARNING: buoc nay chua phai buoc cuoi nen flow chay tiep, nhung con so tren phai ve 0 truoc khi ket luan.
09-20 15:02:59 WARNING: postCTS HOLD: WNS -0.0 TNS -0.016, 135 duong vi pham
  -> TNS -0.016 ns; 135 duong vi pham
  Xem ./reports/timing_postCTS_hold/postCTS_hold.summary(.gz)
09-20 15:02:59 WARNING: buoc nay chua phai buoc cuoi nen flow chay tiep, nhung con so tren phai ve 0 truoc khi ket luan.
09-20 15:03:08 >>> XONG: KHOI 12: optDesign postCTS
09-20 15:03:08 ============================================================
09-20 15:03:08 >>> KHOI 13: routeDesign
09-20 15:03:08 ============================================================
09-20 15:03:08 srambank_256x4x32_6t122.lef.4x.lef: 0 chan chi co tren M1-M3
09-20 15:03:08 srambank_128x4x20_6t122.lef.4x.fixed.lef: 0 chan chi co tren M1-M3
09-20 15:03:08 Chan M3 tren 84 SRAM
09-20 15:05:11 
09-20 15:10:28 --- ./verify_rpt/drc_route.rpt
09-20 15:10:28   loai OFFGRID                         3
09-20 15:10:28   net  u_itcm/u_mem/FE_OFN34100_n        1
09-20 15:10:28   net  u_itcm/u_mem/FE_OFN32560_n        1
09-20 15:10:28   net  u_itcm/u_mem/FE_OFN34447_n_252        1
09-20 15:10:28   -> 3 vi pham that (0 bo qua: net {}, loai {moi loai})
09-20 15:10:38 >>> XONG: KHOI 13: routeDesign
09-20 15:10:38 ============================================================
09-20 15:10:38 >>> KHOI 14: optDesign postRoute
09-20 15:10:38 ============================================================
09-20 15:10:38 Net treo con lai: xem reports/dangling_net.rpt
09-20 15:20:01 soc_fix_cg_hold vong 1 (31 s): 10 latch hold < 0.020
09-20 15:20:01   cg_cpu/en_latch_reg slack -0.020 -> buffer thu 1 truoc cg_cpu/g16__6260/B
09-20 15:20:03   cg_tim1/en_latch_reg slack 0.008 -> buffer thu 1 truoc cg_tim1/g15__2802/B
09-20 15:20:04   cg_tim0/en_latch_reg slack -0.003 -> buffer thu 1 truoc cg_tim0/g15__1617/B
09-20 15:20:04   cg_gpio/en_latch_reg slack -0.002 -> buffer thu 1 truoc cg_gpio/g15__8428/B
09-20 15:20:04   cg_i2c/en_latch_reg slack 0.010 -> buffer thu 1 truoc cg_i2c/g15__5526/B
09-20 15:20:04   cg_uart/en_latch_reg slack 0.006 -> buffer thu 1 truoc cg_uart/g15__1705/B
09-20 15:20:04   cg_ascon/en_latch_reg slack 0.009 -> buffer thu 1 truoc cg_ascon/g15__2398/B
09-20 15:20:04   cg_spi/en_latch_reg slack 0.007 -> buffer thu 1 truoc cg_spi/g15__3680/B
09-20 15:20:04   cg_cordic/en_latch_reg slack -0.004 -> buffer thu 1 truoc cg_cordic/g15__5107/B
09-20 15:20:04   cg_dbg/en_latch_reg slack -0.005 -> buffer thu 1 truoc cg_dbg/g15__4319/B
09-20 15:20:43 soc_fix_cg_hold vong 2 (73 s): 0 latch hold < 0.020
09-20 15:20:43 soc_fix_cg_hold: them 10 HB4xp67_ASAP7_75t_R sau 73 s
09-20 15:20:43   cg_cpu/en_latch_reg          hold slack 0.024 sau 1 buffer
09-20 15:20:43   cg_tim1/en_latch_reg         hold slack 0.047 sau 1 buffer
09-20 15:20:43   cg_tim0/en_latch_reg         hold slack 0.034 sau 1 buffer
09-20 15:20:43   cg_uart1/en_latch_reg        hold slack 0.030 sau 0 buffer
09-20 15:20:43   cg_gpio/en_latch_reg         hold slack 0.038 sau 1 buffer
09-20 15:20:43   cg_i2c/en_latch_reg          hold slack 0.048 sau 1 buffer
09-20 15:20:43   cg_pwm/en_latch_reg          hold slack 0.031 sau 0 buffer
09-20 15:20:43   cg_uart/en_latch_reg         hold slack 0.043 sau 1 buffer
09-20 15:20:43   cg_ascon/en_latch_reg        hold slack 0.047 sau 1 buffer
09-20 15:20:43   cg_spi/en_latch_reg          hold slack 0.046 sau 1 buffer
09-20 15:20:43   cg_cordic/en_latch_reg       hold slack 0.036 sau 1 buffer
09-20 15:20:43   cg_dbg/en_latch_reg          hold slack 0.037 sau 1 buffer
09-20 15:21:51 --- ./verify_rpt/drc_postRoute.rpt
09-20 15:21:51   0 vi pham
09-20 15:23:29 ============================================================
09-20 15:23:29 >>> KHOI 15: filler + verify
09-20 15:23:29 ============================================================
09-20 15:23:29 Filler cell: FILLER_ASAP7_75t_R FILLERxp5_ASAP7_75t_R
09-20 15:24:32 --- ./verify_rpt/drc_final.rpt
09-20 15:24:32   0 vi pham
09-20 15:24:38 soc_metal_fill: SOC_FILL_LAYERS = 
    M5    0.096 1.248 0.384 0.384 5.0  0.192 0.192  15   90   25

09-20 15:24:38 soc_metal_fill: bao cao on-track (tham khao, khong con chan)
09-20 15:24:38   M5: pitch 0.1920 | buoc fill 0.2880 (1.50 track) | cach day that 0.2880 (1.50 track) | mat do toi da 33.3%
09-20 15:25:08 --- ./verify_rpt/drc_fill.rpt
09-20 15:25:08   0 vi pham
09-20 15:25:12 Mat do (chi layer co MINIMUMDENSITY that: M5)
09-20 15:25:12   M5   duoi nguong: 1120 tren macro SRAM + 0 trong vung logic
09-20 15:25:12   vung logic: dat nguong o moi window
09-20 15:25:12   1120 window de len macro SRAM: PENDING_MERGED_GDS_SIGNOFF (abstract khong co metal trong macro)
09-20 15:25:12   da ghi ./verify_rpt/density_summary.rpt
09-20 15:25:12   density signoff: PENDING_MERGED_GDS_SIGNOFF
09-20 15:27:26 innovus 179> 09-20 15:51:46 Std cell: 300143.6 um^2 (glue top-level 40300.5 um^2)
09-20 15:51:46 ============================================================
09-20 15:51:46 >>> KHOI 1: floorPlan
09-20 15:51:46 ============================================================
09-20 15:51:46 Cho danh cho SRAM RAM_LO   524.4 x 1412.6  tai (9.9, 9.9)
09-20 15:51:46 Cho danh cho SRAM RAM_HI   524.4 x 1412.6  tai (1728.2, 9.9)
09-20 15:51:46 Cho danh cho SRAM CACHE   1001.4 x 349.9   tai (554.4, 9.9)
09-20 15:51:46 Cho danh cho SRAM TAG      132.3 x 246.2   tai (1575.8, 9.9)
09-20 15:51:46 >>> XONG: KHOI 1: floorPlan
09-20 15:51:46 ============================================================
09-20 15:51:46 >>> KHOI 2: core ring
09-20 15:51:46 ============================================================
09-20 15:51:46 Ring loi: le 9.936 | trong 0.544 | VSS 0.544 | trong 0.544 | VDD 0.544 | trong 7.760 -> loi
09-20 15:51:47 Ring loi VDD: 2 doan M8, 2 doan M9
09-20 15:51:47 Ring loi VSS: 2 doan M8, 2 doan M9
09-20 15:51:47 >>> XONG: KHOI 2: core ring
09-20 15:51:47 ============================================================
09-20 15:51:47 >>> KHOI 3: dat mam 84 SRAM
09-20 15:51:47 ============================================================
09-20 15:51:47 Nap 84 SRAM tu ./tcl/manual/soc_sram_place.tcl (xoa file de xep mam lai)
09-20 15:51:47 Kiem tra mam: 0 loi
09-20 15:51:47 >>> XONG: KHOI 3: dat mam 84 SRAM
09-20 15:51:47 ============================================================
09-20 15:51:47 >>> KHOI 4: snap + FIXED + luu FloorPlan_withMacro.fp
09-20 15:51:47 ============================================================
09-20 15:51:47 Da luu 84 SRAM vao ./tcl/manual/soc_sram_place.tcl
09-20 15:51:51 >>> XONG: KHOI 4: snap + FIXED + luu FloorPlan_withMacro.fp
09-20 15:51:51 ============================================================
09-20 15:51:51 >>> KHOI 5: luoi nguon M4/M5 cho tung cum SRAM
09-20 15:51:51 ============================================================
09-20 15:51:51 Ring loi VDD: 2 doan M8, 2 doan M9
09-20 15:51:51 Ring loi VSS: 2 doan M8, 2 doan M9
09-20 15:51:51 84 SRAM -> 10 cum
09-20 15:51:51 Cum RAM_LO(8)         1 cot: M4 ngang  18/18  doan, M5 doc  20/20  doan
09-20 15:51:52 Cum RAM_LO(16)        2 cot: M4 ngang  36/36  doan, M5 doc  38/38  doan
09-20 15:51:53 Cum RAM_LO(8)         1 cot: M4 ngang  18/18  doan, M5 doc  20/20  doan
09-20 15:51:53 Cum RAM_HI(8)         1 cot: M4 ngang  18/18  doan, M5 doc  20/20  doan
09-20 15:51:54 Cum RAM_HI(16)        2 cot: M4 ngang  36/36  doan, M5 doc  38/38  doan
09-20 15:51:54 Cum RAM_HI(8)         1 cot: M4 ngang  18/18  doan, M5 doc  20/20  doan
09-20 15:51:55 Cum CACHE(4)          2 cot: M4 ngang  12/12  doan, M5 doc  14/14  doan
09-20 15:51:55 Cum CACHE(4)          2 cot: M4 ngang  12/12  doan, M5 doc  14/14  doan
09-20 15:51:56 Cum CACHE(8)          4 cot: M4 ngang  24/24  doan, M5 doc  26/26  doan
09-20 15:51:56 Cum TAG(4)            2 cot: M4 ngang  12/12  doan, M5 doc  14/14  doan
09-20 15:51:56 >>> XONG: KHOI 5: luoi nguon M4/M5 cho tung cum SRAM
09-20 15:51:56 ============================================================
09-20 15:51:56 >>> KHOI 6: luoi M7/M6
09-20 15:51:56 ============================================================
09-20 15:51:56 Ring loi VDD: 2 doan M8, 2 doan M9
09-20 15:51:56 Ring loi VSS: 2 doan M8, 2 doan M9
09-20 15:51:57 Luoi M7: 18 vung, M6: 26 vung (tranh 10 cum SRAM)
09-20 15:51:57 >>> XONG: KHOI 6: luoi M7/M6
09-20 15:51:57 ============================================================
09-20 15:51:57 >>> KHOI 7: blockage + pin
09-20 15:51:57 ============================================================
09-20 15:51:57 INFO: da gan 174 pin top_soc: tren 134, duoi 40, x 558.7..1703.7
09-20 15:51:57 >>> XONG: KHOI 7: blockage + pin
09-20 15:51:57 ============================================================
09-20 15:51:57 >>> KHOI 8: verify + saveDesign
09-20 15:51:57 ============================================================
09-20 15:51:57 Ring loi VDD: 2 doan M8, 2 doan M9
09-20 15:51:57 Ring loi VSS: 2 doan M8, 2 doan M9
09-20 15:51:57 --- ./verify_rpt/drc_powerplan.rpt
09-20 15:51:57   0 vi pham
09-20 15:52:01 ============================================================
09-20 15:52:01 FLOORPLAN + POWER GRID XONG - saved/top_soc_powerplan.enc
  verify_rpt/connectivity_powerplan.rpt : moi SRAM phai noi VDD/VSS
      (open o chan std cell la binh thuong - rail M1 chua lam)
  verify_rpt/drc_powerplan.rpt          : phai 0 vi pham PG
  GUI: Tools > Violation Browser de xem tung loi
Tiep theo: KHOI 9 (placement), KHOI 10 (rail M1 + stripe M5 std cell)
09-20 15:52:01 ============================================================
09-20 15:52:01 >>> XONG: KHOI 8: verify + saveDesign
09-20 15:52:01 ============================================================
09-20 15:52:01 >>> KHOI 9: placement
09-20 15:52:01 ============================================================
09-20 15:52:01 Ring loi VDD: 2 doan M8, 2 doan M9
09-20 15:52:01 Ring loi VSS: 2 doan M8, 2 doan M9
09-20 15:52:02 Tap cell: 31100 TAPCELL_ASAP7_75t_R
09-20 15:52:02 Notch  805.896  260.496  951.264  364.176  (145.37 x 103.68 um)
09-20 15:52:02 Notch 1853.712    9.936 1862.352 1422.576  (8.64 x 1412.64 um)
09-20 15:52:02 Notch  400.032    9.936  408.672 1422.576  (8.64 x 1412.64 um)
09-20 15:52:02 Notch  135.648    9.936  144.288 1422.576  (8.64 x 1412.64 um)
09-20 15:52:02 Notch 2118.096    9.936 2126.736 1422.576  (8.64 x 1412.64 um)
09-20 15:52:02 Notch  538.704    9.936  550.152  364.176  (11.45 x 354.24 um)
09-20 15:52:02 Notch 1207.008    9.936 1212.840  364.176  (5.83 x 354.24 um)
09-20 15:52:02 Notch 1720.008    9.936 1723.680  364.176  (3.67 x 354.24 um)
09-20 15:52:02 Doc path group: /home/user1/Desktop/Script_Backend/Asap7/run_workspace/mcu/innovus/outputs/top_soc_syn.innovus_groups.tcl
09-20 15:53:54 ***** Total cpu  0:8:37
09-20 15:53:54 ***** Total real time  0:1:51
09-20 16:00:38   place SETUP: WNS 0.292 TNS 0.0, 0 duong vi pham -> DAT
09-20 16:00:45 >>> XONG: KHOI 9: placement
09-20 16:00:45 ============================================================
09-20 16:00:45 >>> KHOI 10: rail M1 + stripe M5 std cell
09-20 16:00:45 ============================================================
09-20 16:01:07 Stripe M5 std cell: 20 vung (tranh 10 cum SRAM + khe)
09-20 16:01:11 --- ./verify_rpt/drc_place.rpt
09-20 16:01:11   0 vi pham
09-20 16:01:17 ============================================================
09-20 16:01:17 PLACEMENT XONG - saved/top_soc_placed_pg.enc
  verify_rpt/connectivity_place.rpt : phai 'Found no problems' (moi rail M1 co stripe M5)
  verify_rpt/drc_place.rpt          : phai 0 vi pham
  reports/timing_preCTS/            : WNS/TNS truoc CTS
Tiep theo: KHOI 11 (CTS)
09-20 16:01:17 ============================================================
09-20 16:01:17 >>> XONG: KHOI 10: rail M1 + stripe M5 std cell
09-20 16:01:17 ============================================================
09-20 16:01:17 >>> KHOI 11: CTS
09-20 16:01:17 ============================================================
09-20 16:14:24 >>> XONG: KHOI 11: CTS
09-20 16:14:24 ============================================================
09-20 16:14:24 >>> KHOI 12: optDesign postCTS
09-20 16:14:24 ============================================================
09-20 16:19:40 soc_fix_cg_hold vong 1 (13 s): 12 latch hold < 0.020
09-20 16:19:40   cg_cpu/en_latch_reg slack -0.050 -> buffer thu 1 truoc cg_cpu/g16__6260/B
09-20 16:19:42   cg_tim1/en_latch_reg slack -0.043 -> buffer thu 1 truoc cg_tim1/g15__2802/B
09-20 16:19:42   cg_tim0/en_latch_reg slack -0.050 -> buffer thu 1 truoc cg_tim0/g15__1617/B
09-20 16:19:42   cg_uart1/en_latch_reg slack -0.057 -> buffer thu 1 truoc cg_uart1/g15__5122/B
09-20 16:19:43   cg_gpio/en_latch_reg slack -0.054 -> buffer thu 1 truoc cg_gpio/g15__8428/B
09-20 16:19:43   cg_i2c/en_latch_reg slack -0.040 -> buffer thu 1 truoc cg_i2c/g15__5526/B
09-20 16:19:43   cg_pwm/en_latch_reg slack -0.060 -> buffer thu 1 truoc cg_pwm/g15__6783/B
09-20 16:19:43   cg_uart/en_latch_reg slack -0.045 -> buffer thu 1 truoc cg_uart/g15__1705/B
09-20 16:19:43   cg_ascon/en_latch_reg slack -0.042 -> buffer thu 1 truoc cg_ascon/g15__2398/B
09-20 16:19:43   cg_spi/en_latch_reg slack -0.042 -> buffer thu 1 truoc cg_spi/g15__3680/B
09-20 16:19:43   cg_cordic/en_latch_reg slack -0.053 -> buffer thu 1 truoc cg_cordic/g15__5107/B
09-20 16:19:43   cg_dbg/en_latch_reg slack -0.058 -> buffer thu 1 truoc cg_dbg/g15__4319/B
09-20 16:20:02 soc_fix_cg_hold vong 2 (35 s): 12 latch hold < 0.020
09-20 16:20:02   cg_cpu/en_latch_reg slack -0.003 -> buffer thu 2 truoc cg_cpu/g16__6260/B
09-20 16:20:02   cg_tim1/en_latch_reg slack -0.007 -> buffer thu 2 truoc cg_tim1/g15__2802/B
09-20 16:20:03   cg_tim0/en_latch_reg slack -0.012 -> buffer thu 2 truoc cg_tim0/g15__1617/B
09-20 16:20:03   cg_uart1/en_latch_reg slack -0.020 -> buffer thu 2 truoc cg_uart1/g15__5122/B
09-20 16:20:03   cg_gpio/en_latch_reg slack -0.017 -> buffer thu 2 truoc cg_gpio/g15__8428/B
09-20 16:20:03   cg_i2c/en_latch_reg slack -0.003 -> buffer thu 2 truoc cg_i2c/g15__5526/B
09-20 16:20:03   cg_pwm/en_latch_reg slack -0.022 -> buffer thu 2 truoc cg_pwm/g15__6783/B
09-20 16:20:03   cg_uart/en_latch_reg slack -0.008 -> buffer thu 2 truoc cg_uart/g15__1705/B
09-20 16:20:03   cg_ascon/en_latch_reg slack -0.005 -> buffer thu 2 truoc cg_ascon/g15__2398/B
09-20 16:20:03   cg_spi/en_latch_reg slack -0.005 -> buffer thu 2 truoc cg_spi/g15__3680/B
09-20 16:20:03   cg_cordic/en_latch_reg slack -0.015 -> buffer thu 2 truoc cg_cordic/g15__5107/B
09-20 16:20:03   cg_dbg/en_latch_reg slack -0.014 -> buffer thu 2 truoc cg_dbg/g15__4319/B
09-20 16:20:22 soc_fix_cg_hold vong 3 (55 s): 2 latch hold < 0.020
09-20 16:20:22   cg_uart1/en_latch_reg slack 0.017 -> buffer thu 3 truoc cg_uart1/g15__5122/B
09-20 16:20:23   cg_pwm/en_latch_reg slack 0.015 -> buffer thu 3 truoc cg_pwm/g15__6783/B
09-20 16:20:41 soc_fix_cg_hold vong 4 (74 s): 0 latch hold < 0.020
09-20 16:20:41 soc_fix_cg_hold: them 26 HB4xp67_ASAP7_75t_R sau 74 s
09-20 16:20:41   cg_cpu/en_latch_reg          hold slack 0.037 sau 2 buffer
09-20 16:20:41   cg_tim1/en_latch_reg         hold slack 0.031 sau 2 buffer
09-20 16:20:41   cg_tim0/en_latch_reg         hold slack 0.028 sau 2 buffer
09-20 16:20:41   cg_uart1/en_latch_reg        hold slack 0.055 sau 3 buffer
09-20 16:20:41   cg_gpio/en_latch_reg         hold slack 0.021 sau 2 buffer
09-20 16:20:41   cg_i2c/en_latch_reg          hold slack 0.034 sau 2 buffer
09-20 16:20:41   cg_pwm/en_latch_reg          hold slack 0.052 sau 3 buffer
09-20 16:20:41   cg_uart/en_latch_reg         hold slack 0.029 sau 2 buffer
09-20 16:20:41   cg_ascon/en_latch_reg        hold slack 0.032 sau 2 buffer
09-20 16:20:41   cg_spi/en_latch_reg          hold slack 0.033 sau 2 buffer
09-20 16:20:41   cg_cordic/en_latch_reg       hold slack 0.023 sau 2 buffer
09-20 16:20:41   cg_dbg/en_latch_reg          hold slack 0.024 sau 2 buffer
09-20 16:21:15 WARNING: postCTS SETUP: WNS 0.315 TNS 0.0, 0 duong vi pham
  -> max_tran Real 3 net
  Xem ./reports/timing_postCTS/postCTS.summary(.gz)
09-20 16:21:15 WARNING: buoc nay chua phai buoc cuoi nen flow chay tiep, nhung con so tren phai ve 0 truoc khi ket luan.
09-20 16:21:15 WARNING: postCTS HOLD: WNS -0.011 TNS -0.069, 174 duong vi pham
  -> WNS -0.011 ns < 0.0; TNS -0.069 ns; 174 duong vi pham
  Xem ./reports/timing_postCTS_hold/postCTS_hold.summary(.gz)
09-20 16:21:15 WARNING: buoc nay chua phai buoc cuoi nen flow chay tiep, nhung con so tren phai ve 0 truoc khi ket luan.
09-20 16:21:22 >>> XONG: KHOI 12: optDesign postCTS
09-20 16:21:22 ============================================================
09-20 16:21:22 >>> KHOI 13: routeDesign
09-20 16:21:22 ============================================================
09-20 16:21:22 srambank_256x4x32_6t122.lef.4x.lef: 0 chan chi co tren M1-M3
09-20 16:21:23 srambank_128x4x20_6t122.lef.4x.fixed.lef: 0 chan chi co tren M1-M3
09-20 16:21:23 Chan M3 tren 84 SRAM
09-20 16:23:25 
09-20 16:28:39 --- ./verify_rpt/drc_route.rpt
09-20 16:28:39   loai OFFGRID                         4
09-20 16:28:39   net  u_itcm/u_mem/FE_OFN32560_n        1
09-20 16:28:39   net  u_itcm/u_mem/FE_OFN34100_n        1
09-20 16:28:39   net  u_itcm/u_mem/FE_OFN19666_n_276        1
09-20 16:28:39   net  u_itcm/u_mem/FE_OFN19664_n_275        1
09-20 16:28:39   -> 4 vi pham that (0 bo qua: net {}, loai {moi loai})
09-20 16:28:49 >>> XONG: KHOI 13: routeDesign
09-20 16:28:49 ============================================================
09-20 16:28:49 >>> KHOI 14: optDesign postRoute
09-20 16:28:49 ============================================================
09-20 16:28:49 Net treo con lai: xem reports/dangling_net.rpt
09-20 16:37:41 soc_fix_cg_hold vong 1 (30 s): 10 latch hold < 0.020
09-20 16:37:41   cg_cpu/en_latch_reg slack -0.021 -> buffer thu 1 truoc cg_cpu/g16__6260/B
09-20 16:37:43   cg_tim1/en_latch_reg slack 0.006 -> buffer thu 1 truoc cg_tim1/g15__2802/B
09-20 16:37:44   cg_tim0/en_latch_reg slack -0.005 -> buffer thu 1 truoc cg_tim0/g15__1617/B
09-20 16:37:44   cg_gpio/en_latch_reg slack -0.003 -> buffer thu 1 truoc cg_gpio/g15__8428/B
09-20 16:37:44   cg_i2c/en_latch_reg slack 0.009 -> buffer thu 1 truoc cg_i2c/g15__5526/B
09-20 16:37:44   cg_uart/en_latch_reg slack 0.005 -> buffer thu 1 truoc cg_uart/g15__1705/B
09-20 16:37:44   cg_ascon/en_latch_reg slack 0.008 -> buffer thu 1 truoc cg_ascon/g15__2398/B
09-20 16:37:44   cg_spi/en_latch_reg slack 0.006 -> buffer thu 1 truoc cg_spi/g15__3680/B
09-20 16:37:44   cg_cordic/en_latch_reg slack -0.005 -> buffer thu 1 truoc cg_cordic/g15__5107/B
09-20 16:37:44   cg_dbg/en_latch_reg slack -0.006 -> buffer thu 1 truoc cg_dbg/g15__4319/B
09-20 16:38:21 soc_fix_cg_hold vong 2 (70 s): 0 latch hold < 0.020
09-20 16:38:21 soc_fix_cg_hold: them 10 HB4xp67_ASAP7_75t_R sau 70 s
09-20 16:38:21   cg_cpu/en_latch_reg          hold slack 0.023 sau 1 buffer
09-20 16:38:21   cg_tim1/en_latch_reg         hold slack 0.045 sau 1 buffer
09-20 16:38:21   cg_tim0/en_latch_reg         hold slack 0.032 sau 1 buffer
09-20 16:38:21   cg_uart1/en_latch_reg        hold slack 0.028 sau 0 buffer
09-20 16:38:21   cg_gpio/en_latch_reg         hold slack 0.038 sau 1 buffer
09-20 16:38:21   cg_i2c/en_latch_reg          hold slack 0.047 sau 1 buffer
09-20 16:38:21   cg_pwm/en_latch_reg          hold slack 0.029 sau 0 buffer
09-20 16:38:21   cg_uart/en_latch_reg         hold slack 0.042 sau 1 buffer
09-20 16:38:21   cg_ascon/en_latch_reg        hold slack 0.046 sau 1 buffer
09-20 16:38:21   cg_spi/en_latch_reg          hold slack 0.045 sau 1 buffer
09-20 16:38:21   cg_cordic/en_latch_reg       hold slack 0.035 sau 1 buffer
09-20 16:38:21   cg_dbg/en_latch_reg          hold slack 0.036 sau 1 buffer
09-20 16:39:30 --- ./verify_rpt/drc_postRoute.rpt
09-20 16:39:30   0 vi pham
09-20 16:41:16 ============================================================
09-20 16:41:16 >>> KHOI 15: filler + verify
09-20 16:41:16 ============================================================
09-20 16:41:16 Filler cell: FILLER_ASAP7_75t_R FILLERxp5_ASAP7_75t_R
09-20 16:42:14 --- ./verify_rpt/drc_final.rpt
09-20 16:42:14   0 vi pham
09-20 16:42:20 soc_metal_fill: SOC_FILL_LAYERS = 
    M1    0.072 0.936 0.288 0.148 5.0  0.144 0.144  25   60   40
    M2    0.072 0.936 0.288 0.148 5.0  0.144 0.144  25   60   40
    M3    0.072 0.936 0.288 0.148 5.0  0.144 0.144  25   60   40
    M4    0.096 1.248 0.384 0.384 5.0  0.192 0.192  10   35   25
    M5    0.096 1.248 0.384 0.384 5.0  0.192 0.192  15   90   25
    M6    0.128 1.664 0.512 0.512 5.0  0.300 0.300  25   55   40
    M7    0.128 1.664 0.512 0.512 5.0  0.300 0.300  25   55   40
    M8    0.160 2.500 0.160 0.960 5.0  0.640 0.640  25   55   40
    M9    0.160 2.500 0.160 0.960 5.0  0.640 0.640  25   55   40

09-20 16:42:20 soc_metal_fill: bao cao on-track (tham khao, khong con chan)
09-20 16:42:20   M1: pitch 0.1440 | buoc fill 0.2160 (1.50 track) | cach day that 0.2160 (1.50 track) | mat do toi da 33.3%
09-20 16:42:20   M2: pitch 0.1440 | buoc fill 0.2160 (1.50 track) | cach day that 0.2160 (1.50 track) | mat do toi da 33.3%
09-20 16:42:20   M3: pitch 0.1440 | buoc fill 0.2160 (1.50 track) | cach day that 0.2160 (1.50 track) | mat do toi da 33.3%
09-20 16:42:20   M4: pitch 0.1920 | buoc fill 0.2880 (1.50 track) | cach day that 0.2880 (1.50 track) | mat do toi da 33.3%
09-20 16:42:20   M5: pitch 0.1920 | buoc fill 0.2880 (1.50 track) | cach day that 0.2880 (1.50 track) | mat do toi da 33.3%
09-20 16:42:20   M6: pitch 0.2560 | buoc fill 0.4280 (1.67 track) | cach day that 0.4280 (1.67 track) | mat do toi da 29.9%
09-20 16:42:20   M7: pitch 0.2560 | buoc fill 0.4280 (1.67 track) | cach day that 0.4280 (1.67 track) | mat do toi da 29.9%
09-20 16:42:20   M8: pitch 0.3200 | buoc fill 0.8000 (2.50 track) | cach day that 0.8000 (2.50 track) | mat do toi da 20.0%
09-20 16:42:20   M9: pitch 0.3200 | buoc fill 0.8000 (2.50 track) | cach day that 0.8000 (2.50 track) | mat do toi da 20.0%
09-20 16:43:57 --- ./verify_rpt/drc_fill.rpt
09-20 16:43:57   0 vi pham
09-20 16:44:04 Mat do (chi layer co MINIMUMDENSITY that: M5)
09-20 16:44:04   M5   duoi nguong: 1121 tren macro SRAM + 0 trong vung logic
09-20 16:44:04   vung logic: dat nguong o moi window
09-20 16:44:04   1121 window de len macro SRAM: PENDING_MERGED_GDS_SIGNOFF (abstract khong co metal trong macro)
09-20 16:44:04   da ghi ./verify_rpt/density_summary.rpt
09-20 16:44:04   density signoff: PENDING_MERGED_GDS_SIGNOFF
09-20 16:46:44 WARNING: final SETUP: WNS 0.342 TNS 0.0, 0 duong vi pham
  -> max_tran Real 1 net
  Xem ./reports/timing_final/final.summary(.gz)
09-20 16:46:44 WARNING: buoc nay chua phai buoc cuoi nen flow chay tiep, nhung con so tren phai ve 0 truoc khi ket luan.
09-20 16:46:44   final HOLD: WNS 0.013 TNS 0.0, 0 duong vi pham -> DAT
09-20 16:46:44   Slew chan macro SRAM: 6 chan vuot gioi han Liberty
09-20 16:46:44       68.0 ps (gioi han 46.0 ps)  u_icache/DATA_RAM_G_DATA_WAY[1].u_sram/G_SRAM_BANK[0].u_sram/clk
09-20 16:46:44       66.0 ps (gioi han 46.0 ps)  u_itcm/u_mem/G_SRAM_BANK[0].u_sram/clk
09-20 16:46:44       59.0 ps (gioi han 46.0 ps)  u_dtcm/u_mem/G_SRAM_BANK[0].u_sram/clk
09-20 16:46:44       58.0 ps (gioi han 46.0 ps)  u_dcache/DATA_RAM_G_DATA_WAY[1].u_sram/G_SRAM_BANK[0].u_sram/clk
09-20 16:46:44       55.0 ps (gioi han 46.0 ps)  u_icache/TAG_RAM_G_TAG_WAY[0].G_TAG_MACRO.u_sram/u_sram/clk
09-20 16:46:44       50.0 ps (gioi han 46.0 ps)  u_dcache/TAG_RAM_G_TAG_WAY[0].G_TAG_MACRO.u_sram/u_sram/clk
09-20 16:46:44   -> CCOpt khong ha them duoc neu chan clk con xa row dat buffer; xem SOC_WALL_CHANNEL trong soc_fp_config.tcl.
09-20 16:47:30   Cong suat: 91.83 mW, trong do macro SRAM 82.41 mW (89.7%)
09-20 16:47:30   -> CHUA co VCD/TCF: activity mac dinh 0.2 cho moi chan, tuc coi
09-20 16:47:30      ca 84 macro SRAM deu bi truy cap cung luc.  RTL chi bat mot
09-20 16:47:30      bank moi lan doc/ghi -> con so tren la CAN TREN, khong phai
09-20 16:47:30      cong suat cua thiet ke.  Muon so that: chay mo phong lay VCD
09-20 16:47:30      roi read_activity_file truoc report_power.
09-20 16:47:36 ============================================================
09-20 16:47:36 PNR XONG - saved/top_soc_final.enc
  verify_rpt/drc_final.rpt           : DRC design that, phai 0
  verify_rpt/drc_fill.rpt            : DRC sau metal fill, phai 0
  verify_rpt/connectivity_final.rpt  : 0 open/short
  verify_rpt/welltap_final.rpt       : 0 cell xa tap qua 120.0 um
  verify_rpt/density_final.rpt       : chi layer M5 co luat
  reports/timing_final*/             : WNS setup/hold >= 0, DRV Real = 0
                                       (soc_check_timing o tren moi CANH BAO;
                                        KHOI 16 moi chan xuat GDS)
  reports/timing_final/final.tran.gz : slew chan clk SRAM - soc_sram_clk_slew
                                       da in so o tren, khong phai mo file
  reports/power_final.rpt            : can tren (chua co VCD), xem ghi chu
  logs/soc_flow.log                  : toan bo ket luan cua cac cong kiem tra
Tiep theo: KHOI 16 (xuat file)
09-20 16:47:36 ============================================================
09-20 16:47:36 >>> XONG: KHOI 15: filler + verify
09-20 16:47:40 innovus 185> 09-20 17:37:06 Std cell: 300143.6 um^2 (glue top-level 40300.5 um^2)
09-20 17:37:06 ============================================================
09-20 17:37:06 >>> KHOI 1: floorPlan
09-20 17:37:06 ============================================================
09-20 17:37:06 Cho danh cho SRAM RAM_LO   524.4 x 1412.6  tai (9.9, 9.9)
09-20 17:37:06 Cho danh cho SRAM RAM_HI   524.4 x 1412.6  tai (1728.2, 9.9)
09-20 17:37:06 Cho danh cho SRAM CACHE   1001.4 x 349.9   tai (554.4, 9.9)
09-20 17:37:06 Cho danh cho SRAM TAG      132.3 x 246.2   tai (1575.8, 9.9)
09-20 17:37:06 >>> XONG: KHOI 1: floorPlan
09-20 17:37:06 ============================================================
09-20 17:37:06 >>> KHOI 2: core ring
09-20 17:37:06 ============================================================
09-20 17:37:06 Ring loi: le 9.936 | trong 0.544 | VSS 0.544 | trong 0.544 | VDD 0.544 | trong 7.760 -> loi
09-20 17:37:07 Ring loi VDD: 2 doan M8, 2 doan M9
09-20 17:37:07 Ring loi VSS: 2 doan M8, 2 doan M9
09-20 17:37:07 >>> XONG: KHOI 2: core ring
09-20 17:37:07 ============================================================
09-20 17:37:07 >>> KHOI 3: dat mam 84 SRAM
09-20 17:37:07 ============================================================
09-20 17:37:07 Nap 84 SRAM tu ./tcl/manual/soc_sram_place.tcl (xoa file de xep mam lai)
09-20 17:37:07 Kiem tra mam: 0 loi
09-20 17:37:07 >>> XONG: KHOI 3: dat mam 84 SRAM
09-20 17:37:07 ============================================================
09-20 17:37:07 >>> KHOI 4: snap + FIXED + luu FloorPlan_withMacro.fp
09-20 17:37:07 ============================================================
09-20 17:37:07 Da luu 84 SRAM vao ./tcl/manual/soc_sram_place.tcl
09-20 17:37:11 >>> XONG: KHOI 4: snap + FIXED + luu FloorPlan_withMacro.fp
09-20 17:37:11 ============================================================
09-20 17:37:11 >>> KHOI 5: luoi nguon M4/M5 cho tung cum SRAM
09-20 17:37:11 ============================================================
09-20 17:37:11 Ring loi VDD: 2 doan M8, 2 doan M9
09-20 17:37:11 Ring loi VSS: 2 doan M8, 2 doan M9
09-20 17:37:11 84 SRAM -> 10 cum
09-20 17:37:11 Cum RAM_LO(8)         1 cot: M4 ngang  18/18  doan, M5 doc  20/20  doan
09-20 17:37:12 Cum RAM_LO(16)        2 cot: M4 ngang  36/36  doan, M5 doc  38/38  doan
09-20 17:37:12 Cum RAM_LO(8)         1 cot: M4 ngang  18/18  doan, M5 doc  20/20  doan
09-20 17:37:13 Cum RAM_HI(8)         1 cot: M4 ngang  18/18  doan, M5 doc  20/20  doan
09-20 17:37:14 Cum RAM_HI(16)        2 cot: M4 ngang  36/36  doan, M5 doc  38/38  doan
09-20 17:37:14 Cum RAM_HI(8)         1 cot: M4 ngang  18/18  doan, M5 doc  20/20  doan
09-20 17:37:14 Cum CACHE(4)          2 cot: M4 ngang  12/12  doan, M5 doc  14/14  doan
09-20 17:37:15 Cum CACHE(4)          2 cot: M4 ngang  12/12  doan, M5 doc  14/14  doan
09-20 17:37:15 Cum CACHE(8)          4 cot: M4 ngang  24/24  doan, M5 doc  26/26  doan
09-20 17:37:15 Cum TAG(4)            2 cot: M4 ngang  12/12  doan, M5 doc  14/14  doan
09-20 17:37:15 >>> XONG: KHOI 5: luoi nguon M4/M5 cho tung cum SRAM
09-20 17:37:15 ============================================================
09-20 17:37:15 >>> KHOI 6: luoi M7/M6
09-20 17:37:15 ============================================================
09-20 17:37:15 Ring loi VDD: 2 doan M8, 2 doan M9
09-20 17:37:15 Ring loi VSS: 2 doan M8, 2 doan M9
09-20 17:37:16 Luoi M7: 18 vung, M6: 26 vung (tranh 10 cum SRAM)
09-20 17:37:16 >>> XONG: KHOI 6: luoi M7/M6
09-20 17:37:16 ============================================================
09-20 17:37:16 >>> KHOI 7: blockage + pin
09-20 17:37:16 ============================================================
09-20 17:37:17 INFO: da gan 174 pin top_soc: tren 134, duoi 40, x 558.7..1703.7
09-20 17:37:17 >>> XONG: KHOI 7: blockage + pin
09-20 17:37:17 ============================================================
09-20 17:37:17 >>> KHOI 8: verify + saveDesign
09-20 17:37:17 ============================================================
09-20 17:37:17 Ring loi VDD: 2 doan M8, 2 doan M9
09-20 17:37:17 Ring loi VSS: 2 doan M8, 2 doan M9
09-20 17:37:17 --- ./verify_rpt/drc_powerplan.rpt
09-20 17:37:17   0 vi pham
09-20 17:37:21 ============================================================
09-20 17:37:21 FLOORPLAN + POWER GRID XONG - saved/top_soc_powerplan.enc
  verify_rpt/connectivity_powerplan.rpt : moi SRAM phai noi VDD/VSS
      (open o chan std cell la binh thuong - rail M1 chua lam)
  verify_rpt/drc_powerplan.rpt          : phai 0 vi pham PG
  GUI: Tools > Violation Browser de xem tung loi
Tiep theo: KHOI 9 (placement), KHOI 10 (rail M1 + stripe M5 std cell)
09-20 17:37:21 ============================================================
09-20 17:37:21 >>> XONG: KHOI 8: verify + saveDesign
09-20 17:37:21 ============================================================
09-20 17:37:21 >>> KHOI 9: placement
09-20 17:37:21 ============================================================
09-20 17:37:21 Ring loi VDD: 2 doan M8, 2 doan M9
09-20 17:37:21 Ring loi VSS: 2 doan M8, 2 doan M9
09-20 17:37:21 Tap cell: 31100 TAPCELL_ASAP7_75t_R
09-20 17:37:21 Notch  805.896  260.496  951.264  364.176  (145.37 x 103.68 um)
09-20 17:37:22 Notch 1853.712    9.936 1862.352 1422.576  (8.64 x 1412.64 um)
09-20 17:37:22 Notch  400.032    9.936  408.672 1422.576  (8.64 x 1412.64 um)
09-20 17:37:22 Notch  135.648    9.936  144.288 1422.576  (8.64 x 1412.64 um)
09-20 17:37:22 Notch 2118.096    9.936 2126.736 1422.576  (8.64 x 1412.64 um)
09-20 17:37:22 Notch  538.704    9.936  550.152  364.176  (11.45 x 354.24 um)
09-20 17:37:22 Notch 1207.008    9.936 1212.840  364.176  (5.83 x 354.24 um)
09-20 17:37:22 Notch 1720.008    9.936 1723.680  364.176  (3.67 x 354.24 um)
09-20 17:37:22 Doc path group: /home/user1/Desktop/Script_Backend/Asap7/run_workspace/mcu/innovus/outputs/top_soc_syn.innovus_groups.tcl
09-20 17:39:12 ***** Total cpu  0:8:33
09-20 17:39:12 ***** Total real time  0:1:49
09-20 17:45:51   place SETUP: WNS 0.292 TNS 0.0, 0 duong vi pham -> DAT
09-20 17:45:57 >>> XONG: KHOI 9: placement
09-20 17:45:57 ============================================================
09-20 17:45:57 >>> KHOI 10: rail M1 + stripe M5 std cell
09-20 17:45:57 ============================================================
09-20 17:46:19 Stripe M5 std cell: 20 vung (tranh 10 cum SRAM + khe)
09-20 17:46:23 --- ./verify_rpt/drc_place.rpt
09-20 17:46:23   0 vi pham
09-20 17:46:30 ============================================================
09-20 17:46:30 PLACEMENT XONG - saved/top_soc_placed_pg.enc
  verify_rpt/connectivity_place.rpt : phai 'Found no problems' (moi rail M1 co stripe M5)
  verify_rpt/drc_place.rpt          : phai 0 vi pham
  reports/timing_preCTS/            : WNS/TNS truoc CTS
Tiep theo: KHOI 11 (CTS)
09-20 17:46:30 ============================================================
09-20 17:46:30 >>> XONG: KHOI 10: rail M1 + stripe M5 std cell
09-20 17:46:30 ============================================================
09-20 17:46:30 >>> KHOI 11: CTS
09-20 17:46:30 ============================================================
09-20 17:59:46 >>> XONG: KHOI 11: CTS
09-20 17:59:46 ============================================================
09-20 17:59:46 >>> KHOI 12: optDesign postCTS
09-20 17:59:46 ============================================================
09-20 18:05:04 soc_fix_cg_hold vong 1 (13 s): 12 latch hold < 0.020
09-20 18:05:04   cg_cpu/en_latch_reg slack -0.050 -> buffer thu 1 truoc cg_cpu/g16__6260/B
09-20 18:05:06   cg_tim1/en_latch_reg slack -0.043 -> buffer thu 1 truoc cg_tim1/g15__2802/B
09-20 18:05:06   cg_tim0/en_latch_reg slack -0.050 -> buffer thu 1 truoc cg_tim0/g15__1617/B
09-20 18:05:06   cg_uart1/en_latch_reg slack -0.057 -> buffer thu 1 truoc cg_uart1/g15__5122/B
09-20 18:05:06   cg_gpio/en_latch_reg slack -0.054 -> buffer thu 1 truoc cg_gpio/g15__8428/B
09-20 18:05:06   cg_i2c/en_latch_reg slack -0.040 -> buffer thu 1 truoc cg_i2c/g15__5526/B
09-20 18:05:06   cg_pwm/en_latch_reg slack -0.060 -> buffer thu 1 truoc cg_pwm/g15__6783/B
09-20 18:05:06   cg_uart/en_latch_reg slack -0.045 -> buffer thu 1 truoc cg_uart/g15__1705/B
09-20 18:05:06   cg_ascon/en_latch_reg slack -0.042 -> buffer thu 1 truoc cg_ascon/g15__2398/B
09-20 18:05:06   cg_spi/en_latch_reg slack -0.042 -> buffer thu 1 truoc cg_spi/g15__3680/B
09-20 18:05:07   cg_cordic/en_latch_reg slack -0.053 -> buffer thu 1 truoc cg_cordic/g15__5107/B
09-20 18:05:07   cg_dbg/en_latch_reg slack -0.058 -> buffer thu 1 truoc cg_dbg/g15__4319/B
09-20 18:05:25 soc_fix_cg_hold vong 2 (34 s): 12 latch hold < 0.020
09-20 18:05:25   cg_cpu/en_latch_reg slack -0.003 -> buffer thu 2 truoc cg_cpu/g16__6260/B
09-20 18:05:26   cg_tim1/en_latch_reg slack -0.007 -> buffer thu 2 truoc cg_tim1/g15__2802/B
09-20 18:05:27   cg_tim0/en_latch_reg slack -0.012 -> buffer thu 2 truoc cg_tim0/g15__1617/B
09-20 18:05:27   cg_uart1/en_latch_reg slack -0.020 -> buffer thu 2 truoc cg_uart1/g15__5122/B
09-20 18:05:27   cg_gpio/en_latch_reg slack -0.017 -> buffer thu 2 truoc cg_gpio/g15__8428/B
09-20 18:05:27   cg_i2c/en_latch_reg slack -0.003 -> buffer thu 2 truoc cg_i2c/g15__5526/B
09-20 18:05:27   cg_pwm/en_latch_reg slack -0.022 -> buffer thu 2 truoc cg_pwm/g15__6783/B
09-20 18:05:27   cg_uart/en_latch_reg slack -0.008 -> buffer thu 2 truoc cg_uart/g15__1705/B
09-20 18:05:27   cg_ascon/en_latch_reg slack -0.005 -> buffer thu 2 truoc cg_ascon/g15__2398/B
09-20 18:05:27   cg_spi/en_latch_reg slack -0.005 -> buffer thu 2 truoc cg_spi/g15__3680/B
09-20 18:05:27   cg_cordic/en_latch_reg slack -0.015 -> buffer thu 2 truoc cg_cordic/g15__5107/B
09-20 18:05:27   cg_dbg/en_latch_reg slack -0.014 -> buffer thu 2 truoc cg_dbg/g15__4319/B
09-20 18:05:46 soc_fix_cg_hold vong 3 (55 s): 2 latch hold < 0.020
09-20 18:05:46   cg_uart1/en_latch_reg slack 0.017 -> buffer thu 3 truoc cg_uart1/g15__5122/B
09-20 18:05:46   cg_pwm/en_latch_reg slack 0.015 -> buffer thu 3 truoc cg_pwm/g15__6783/B
09-20 18:06:05 soc_fix_cg_hold vong 4 (74 s): 0 latch hold < 0.020
09-20 18:06:05 soc_fix_cg_hold: them 26 HB4xp67_ASAP7_75t_R sau 74 s
09-20 18:06:05   cg_cpu/en_latch_reg          hold slack 0.037 sau 2 buffer
09-20 18:06:05   cg_tim1/en_latch_reg         hold slack 0.031 sau 2 buffer
09-20 18:06:05   cg_tim0/en_latch_reg         hold slack 0.028 sau 2 buffer
09-20 18:06:05   cg_uart1/en_latch_reg        hold slack 0.055 sau 3 buffer
09-20 18:06:05   cg_gpio/en_latch_reg         hold slack 0.021 sau 2 buffer
09-20 18:06:05   cg_i2c/en_latch_reg          hold slack 0.034 sau 2 buffer
09-20 18:06:05   cg_pwm/en_latch_reg          hold slack 0.052 sau 3 buffer
09-20 18:06:05   cg_uart/en_latch_reg         hold slack 0.029 sau 2 buffer
09-20 18:06:05   cg_ascon/en_latch_reg        hold slack 0.032 sau 2 buffer
09-20 18:06:05   cg_spi/en_latch_reg          hold slack 0.033 sau 2 buffer
09-20 18:06:05   cg_cordic/en_latch_reg       hold slack 0.023 sau 2 buffer
09-20 18:06:05   cg_dbg/en_latch_reg          hold slack 0.024 sau 2 buffer
09-20 18:06:39 WARNING: postCTS SETUP: WNS 0.315 TNS 0.0, 0 duong vi pham
  -> max_tran Real 3 net
  Xem ./reports/timing_postCTS/postCTS.summary(.gz)
09-20 18:06:39 WARNING: buoc nay chua phai buoc cuoi nen flow chay tiep, nhung con so tren phai ve 0 truoc khi ket luan.
09-20 18:06:39 WARNING: postCTS HOLD: WNS -0.011 TNS -0.069, 174 duong vi pham
  -> WNS -0.011 ns < 0.0; TNS -0.069 ns; 174 duong vi pham
  Xem ./reports/timing_postCTS_hold/postCTS_hold.summary(.gz)
09-20 18:06:39 WARNING: buoc nay chua phai buoc cuoi nen flow chay tiep, nhung con so tren phai ve 0 truoc khi ket luan.
09-20 18:06:46 >>> XONG: KHOI 12: optDesign postCTS
09-20 18:06:46 ============================================================
09-20 18:06:46 >>> KHOI 13: routeDesign
09-20 18:06:46 ============================================================
09-20 18:06:46 srambank_256x4x32_6t122.lef.4x.lef: 0 chan chi co tren M1-M3
09-20 18:06:46 srambank_128x4x20_6t122.lef.4x.fixed.lef: 0 chan chi co tren M1-M3
09-20 18:06:47 Chan M3 tren 84 SRAM
09-20 18:08:51 
09-20 18:14:06 --- ./verify_rpt/drc_route.rpt
09-20 18:14:06   loai OFFGRID                         4
09-20 18:14:06   net  u_itcm/u_mem/FE_OFN32560_n        1
09-20 18:14:06   net  u_itcm/u_mem/FE_OFN34100_n        1
09-20 18:14:06   net  u_itcm/u_mem/FE_OFN19666_n_276        1
09-20 18:14:06   net  u_itcm/u_mem/FE_OFN19664_n_275        1
09-20 18:14:06   -> 4 vi pham that (0 bo qua: net {}, loai {moi loai})
09-20 18:14:16 >>> XONG: KHOI 13: routeDesign
09-20 18:14:16 ============================================================
09-20 18:14:16 >>> KHOI 14: optDesign postRoute
09-20 18:14:16 ============================================================
09-20 18:14:16 Net treo con lai: xem reports/dangling_net.rpt
09-20 18:23:07 soc_fix_cg_hold vong 1 (30 s): 10 latch hold < 0.020
09-20 18:23:07   cg_cpu/en_latch_reg slack -0.021 -> buffer thu 1 truoc cg_cpu/g16__6260/B
09-20 18:23:09   cg_tim1/en_latch_reg slack 0.006 -> buffer thu 1 truoc cg_tim1/g15__2802/B
09-20 18:23:09   cg_tim0/en_latch_reg slack -0.005 -> buffer thu 1 truoc cg_tim0/g15__1617/B
09-20 18:23:09   cg_gpio/en_latch_reg slack -0.003 -> buffer thu 1 truoc cg_gpio/g15__8428/B
09-20 18:23:10   cg_i2c/en_latch_reg slack 0.009 -> buffer thu 1 truoc cg_i2c/g15__5526/B
09-20 18:23:10   cg_uart/en_latch_reg slack 0.005 -> buffer thu 1 truoc cg_uart/g15__1705/B
09-20 18:23:10   cg_ascon/en_latch_reg slack 0.008 -> buffer thu 1 truoc cg_ascon/g15__2398/B
09-20 18:23:10   cg_spi/en_latch_reg slack 0.006 -> buffer thu 1 truoc cg_spi/g15__3680/B
09-20 18:23:10   cg_cordic/en_latch_reg slack -0.005 -> buffer thu 1 truoc cg_cordic/g15__5107/B
09-20 18:23:10   cg_dbg/en_latch_reg slack -0.006 -> buffer thu 1 truoc cg_dbg/g15__4319/B
09-20 18:23:46 soc_fix_cg_hold vong 2 (69 s): 0 latch hold < 0.020
09-20 18:23:46 soc_fix_cg_hold: them 10 HB4xp67_ASAP7_75t_R sau 69 s
09-20 18:23:46   cg_cpu/en_latch_reg          hold slack 0.023 sau 1 buffer
09-20 18:23:46   cg_tim1/en_latch_reg         hold slack 0.045 sau 1 buffer
09-20 18:23:46   cg_tim0/en_latch_reg         hold slack 0.032 sau 1 buffer
09-20 18:23:46   cg_uart1/en_latch_reg        hold slack 0.028 sau 0 buffer
09-20 18:23:46   cg_gpio/en_latch_reg         hold slack 0.038 sau 1 buffer
09-20 18:23:46   cg_i2c/en_latch_reg          hold slack 0.047 sau 1 buffer
09-20 18:23:46   cg_pwm/en_latch_reg          hold slack 0.029 sau 0 buffer
09-20 18:23:46   cg_uart/en_latch_reg         hold slack 0.042 sau 1 buffer
09-20 18:23:46   cg_ascon/en_latch_reg        hold slack 0.046 sau 1 buffer
09-20 18:23:46   cg_spi/en_latch_reg          hold slack 0.045 sau 1 buffer
09-20 18:23:46   cg_cordic/en_latch_reg       hold slack 0.035 sau 1 buffer
09-20 18:23:46   cg_dbg/en_latch_reg          hold slack 0.036 sau 1 buffer
09-20 18:24:54 --- ./verify_rpt/drc_postRoute.rpt
09-20 18:24:54   0 vi pham
09-20 18:26:40 ============================================================
09-20 18:26:40 >>> KHOI 15: filler + verify
09-20 18:26:40 ============================================================
09-20 18:26:40 Filler cell: FILLER_ASAP7_75t_R FILLERxp5_ASAP7_75t_R
09-20 18:27:38 --- ./verify_rpt/drc_final.rpt
09-20 18:27:38   0 vi pham
09-20 18:27:44 soc_metal_fill: SOC_FILL_LAYERS = 
    M1    0.072 0.936 0.288 0.148 5.0  0.144 0.144  25   60   40
    M2    0.072 0.936 0.288 0.148 5.0  0.144 0.144  25   60   40
    M3    0.072 0.936 0.288 0.148 5.0  0.144 0.144  25   60   40
    M4    0.096 1.248 0.384 0.384 5.0  0.192 0.192  10   35   25
    M5    0.096 1.248 0.384 0.384 5.0  0.192 0.192  15   90   25
    M6    0.128 1.664 0.512 0.512 5.0  0.300 0.300  25   55   40
    M7    0.128 1.664 0.512 0.512 5.0  0.300 0.300  25   55   40
    M8    0.160 2.500 0.160 0.960 5.0  0.640 0.640  25   55   40
    M9    0.160 2.500 0.160 0.960 5.0  0.640 0.640  25   55   40
    Pad   0.800 8.000 0.160 8.960 8.96 8.160 8.160  20   80   25

09-20 18:27:44 soc_metal_fill: bao cao on-track (tham khao, khong con chan)
09-20 18:27:44   M1: pitch 0.1440 | buoc fill 0.2160 (1.50 track) | cach day that 0.2160 (1.50 track) | mat do toi da 33.3%
09-20 18:27:44   M2: pitch 0.1440 | buoc fill 0.2160 (1.50 track) | cach day that 0.2160 (1.50 track) | mat do toi da 33.3%
09-20 18:27:44   M3: pitch 0.1440 | buoc fill 0.2160 (1.50 track) | cach day that 0.2160 (1.50 track) | mat do toi da 33.3%
09-20 18:27:44   M4: pitch 0.1920 | buoc fill 0.2880 (1.50 track) | cach day that 0.2880 (1.50 track) | mat do toi da 33.3%
09-20 18:27:44   M5: pitch 0.1920 | buoc fill 0.2880 (1.50 track) | cach day that 0.2880 (1.50 track) | mat do toi da 33.3%
09-20 18:27:44   M6: pitch 0.2560 | buoc fill 0.4280 (1.67 track) | cach day that 0.4280 (1.67 track) | mat do toi da 29.9%
09-20 18:27:44   M7: pitch 0.2560 | buoc fill 0.4280 (1.67 track) | cach day that 0.4280 (1.67 track) | mat do toi da 29.9%
09-20 18:27:44   M8: pitch 0.3200 | buoc fill 0.8000 (2.50 track) | cach day that 0.8000 (2.50 track) | mat do toi da 20.0%
09-20 18:27:44   M9: pitch 0.3200 | buoc fill 0.8000 (2.50 track) | cach day that 0.8000 (2.50 track) | mat do toi da 20.0%
09-20 18:27:44   Pad: pitch 8.9600 | buoc fill 8.9600 (1.00 track) | cach day that 8.9600 (1.00 track) | mat do toi da 8.9%
09-20 18:27:44 WARNING: setMetalFill -reset: 
09-20 18:29:03 # soc_fill_report doc lai ./top_soc.metalfill.rpt
09-20 18:29:03 Ket qua addMetalFill theo tung layer.  Nguong cua layer ngoai M5/Pad la so TU DAT trong SOC_FILL_LAYERS, khong phai luat foundry.
09-20 18:29:03   layer   duoi min (truoc -> sau)      vuot max (truoc -> sau)
09-20 18:29:03   M1       514 -> 0      (min 25%)        0 -> 0      (max 60%)   /1260 window
09-20 18:29:03   M2       517 -> 118    (min 25%)        0 -> 0      (max 60%)   /1260 window
09-20 18:29:03   M3       489 -> 2      (min 25%)      253 -> 297    (max 60%)   /1260 window   <- fill LAM TANG so window vuot tran
09-20 18:29:03   M4       858 -> 39     (min 10%)        0 -> 1      (max 35%)   /1260 window   <- fill LAM TANG so window vuot tran
09-20 18:29:03   M5      1935 -> 1120   (min 15%)        0 -> 0      (max 90%)   /1960 window
09-20 18:29:03   M6      1259 -> 8      (min 25%)        0 -> 0      (max 55%)   /1260 window
09-20 18:29:03   M7      1260 -> 0      (min 25%)        0 -> 0      (max 55%)   /1260 window
09-20 18:29:03   M8      1260 -> 0      (min 25%)        0 -> 0      (max 55%)   /1260 window
09-20 18:29:03   M9      1260 -> 0      (min 25%)        0 -> 0      (max 55%)   /1260 window
09-20 18:29:03   Pad   KHONG co trong bao cao - layer nay chua duoc fill
09-20 18:29:03 WARNING: 6 layer chua dat nguong sau fill.  Doc tiep verify_rpt/density_summary.rpt: o do window duoi nguong da duoc tach thanh 'de len macro SRAM' (P&R khong sua duoc) va 'trong vung logic' (moi la loi cua metal fill).
09-20 18:29:03   da ghi ./verify_rpt/fill_summary.rpt
09-20 18:29:28 --- ./verify_rpt/drc_fill.rpt
09-20 18:29:28   0 vi pham
09-20 18:29:32 Mat do - layer doc: M5
09-20 18:29:32   M5   duoi nguong: 1120 tren macro SRAM + 0 trong vung logic
09-20 18:29:32   vung logic: dat nguong o moi window
09-20 18:29:32   1120 window de len macro SRAM: PENDING_MERGED_GDS_SIGNOFF (abstract khong co metal trong macro)
09-20 18:29:32   da ghi ./verify_rpt/density_summary.rpt
09-20 18:29:32   density signoff: PENDING_MERGED_GDS_SIGNOFF
09-20 18:29:49 Mat do - layer doc: M1 M2 M3 M4 M5 M6 M7 M8 M9 Pad
09-20 18:29:49   M1   duoi nguong: 0 tren macro SRAM + 0 trong vung logic
09-20 18:29:49   M2   duoi nguong: 0 tren macro SRAM + 118 trong vung logic (thap nhat 20.44%)
09-20 18:29:49   M3   duoi nguong: 297 tren macro SRAM + 2 trong vung logic (thap nhat 24.60%)
09-20 18:29:49   M4   duoi nguong: 39 tren macro SRAM + 1 trong vung logic (thap nhat 35.06%)
09-20 18:29:49   M5   duoi nguong: 1120 tren macro SRAM + 0 trong vung logic
09-20 18:29:49   M6   duoi nguong: 0 tren macro SRAM + 8 trong vung logic (thap nhat 23.75%)
09-20 18:29:49   M7   duoi nguong: 0 tren macro SRAM + 0 trong vung logic
09-20 18:29:49   M8   duoi nguong: 0 tren macro SRAM + 0 trong vung logic
09-20 18:29:49   M9   duoi nguong: 0 tren macro SRAM + 0 trong vung logic
09-20 18:29:49   Pad  duoi nguong: 0 tren macro SRAM + 0 trong vung logic
09-20 18:29:49 WARNING: 129 window vung logic duoi nguong - metal fill chua du, xem lai SOC_FILL_LAYERS (nhat la -maxWidth / -decrement)
09-20 18:29:49   1456 window de len macro SRAM: PENDING_MERGED_GDS_SIGNOFF (abstract khong co metal trong macro)
09-20 18:29:49   da ghi ./verify_rpt/density_all_summary.rpt
09-20 18:32:09 WARNING: final SETUP: WNS 0.342 TNS 0.0, 0 duong vi pham
  -> max_tran Real 1 net
  Xem ./reports/timing_final/final.summary(.gz)
09-20 18:32:09 WARNING: buoc nay chua phai buoc cuoi nen flow chay tiep, nhung con so tren phai ve 0 truoc khi ket luan.
09-20 18:32:09   final HOLD: WNS 0.013 TNS 0.0, 0 duong vi pham -> DAT
09-20 18:32:09   Slew chan macro SRAM: 6 chan vuot gioi han Liberty
09-20 18:32:09       68.0 ps (gioi han 46.0 ps)  u_icache/DATA_RAM_G_DATA_WAY[1].u_sram/G_SRAM_BANK[0].u_sram/clk
09-20 18:32:09       66.0 ps (gioi han 46.0 ps)  u_itcm/u_mem/G_SRAM_BANK[0].u_sram/clk
09-20 18:32:09       59.0 ps (gioi han 46.0 ps)  u_dtcm/u_mem/G_SRAM_BANK[0].u_sram/clk
09-20 18:32:09       58.0 ps (gioi han 46.0 ps)  u_dcache/DATA_RAM_G_DATA_WAY[1].u_sram/G_SRAM_BANK[0].u_sram/clk
09-20 18:32:09       55.0 ps (gioi han 46.0 ps)  u_icache/TAG_RAM_G_TAG_WAY[0].G_TAG_MACRO.u_sram/u_sram/clk
09-20 18:32:09       50.0 ps (gioi han 46.0 ps)  u_dcache/TAG_RAM_G_TAG_WAY[0].G_TAG_MACRO.u_sram/u_sram/clk
09-20 18:32:09   -> CCOpt khong ha them duoc neu chan clk con xa row dat buffer; xem SOC_WALL_CHANNEL trong soc_fp_config.tcl.
09-20 18:32:53   Cong suat: 91.83 mW, trong do macro SRAM 82.41 mW (89.7%)
09-20 18:32:53   -> CHUA co VCD/TCF: activity mac dinh 0.2 cho moi chan, tuc coi
09-20 18:32:53      ca 84 macro SRAM deu bi truy cap cung luc.  RTL chi bat mot
09-20 18:32:53      bank moi lan doc/ghi -> con so tren la CAN TREN, khong phai
09-20 18:32:53      cong suat cua thiet ke.  Muon so that: chay mo phong lay VCD
09-20 18:32:53      roi read_activity_file truoc report_power.
09-20 18:33:00 ============================================================
09-20 18:33:00 PNR XONG - saved/top_soc_final.enc
  verify_rpt/drc_final.rpt           : DRC design that, phai 0
  verify_rpt/drc_fill.rpt            : DRC sau metal fill, phai 0
  verify_rpt/connectivity_final.rpt  : 0 open/short
  verify_rpt/welltap_final.rpt       : 0 cell xa tap qua 120.0 um
  verify_rpt/density_final.rpt       : chi layer M5 co luat
  verify_rpt/fill_summary.rpt        : so window duoi min / vuot max CUA
                                       TUNG layer sau addMetalFill
  verify_rpt/density_all_summary.rpt : cung so do nhung da tach macro SRAM
                                       / vung logic - vung logic phai 0
  reports/timing_final*/             : WNS setup/hold >= 0, DRV Real = 0
                                       (soc_check_timing o tren moi CANH BAO;
                                        KHOI 16 moi chan xuat GDS)
  reports/timing_final/final.tran.gz : slew chan clk SRAM - soc_sram_clk_slew
                                       da in so o tren, khong phai mo file
  reports/power_final.rpt            : can tren (chua co VCD), xem ghi chu
  logs/soc_flow.log                  : toan bo ket luan cua cac cong kiem tra
Tiep theo: KHOI 16 (xuat file)
09-20 18:33:00 ============================================================
09-20 18:33:00 >>> XONG: KHOI 15: filler + verify
09-20 18:33:01 innovus 185> 09-21 01:32:40 Std cell: 300143.6 um^2 (glue top-level 40300.5 um^2)
09-21 01:32:40 ============================================================
09-21 01:32:40 >>> KHOI 1: floorPlan
09-21 01:32:40 ============================================================
09-21 01:32:40 Cho danh cho SRAM RAM_LO   524.4 x 1412.6  tai (9.9, 9.9)
09-21 01:32:40 Cho danh cho SRAM RAM_HI   524.4 x 1412.6  tai (1728.2, 9.9)
09-21 01:32:40 Cho danh cho SRAM CACHE   1001.4 x 349.9   tai (554.4, 9.9)
09-21 01:32:40 Cho danh cho SRAM TAG      132.3 x 246.2   tai (1575.8, 9.9)
09-21 01:32:41 >>> XONG: KHOI 1: floorPlan
09-21 01:32:41 ============================================================
09-21 01:32:41 >>> KHOI 2: core ring
09-21 01:32:41 ============================================================
09-21 01:32:41 Ring loi: le 9.936 | trong 0.544 | VSS 0.544 | trong 0.544 | VDD 0.544 | trong 7.760 -> loi
09-21 01:32:41 Ring loi VDD: 2 doan M8, 2 doan M9
09-21 01:32:41 Ring loi VSS: 2 doan M8, 2 doan M9
09-21 01:32:41 >>> XONG: KHOI 2: core ring
09-21 01:32:41 ============================================================
09-21 01:32:41 >>> KHOI 3: dat mam 84 SRAM
09-21 01:32:41 ============================================================
09-21 01:32:41 Nap 84 SRAM tu ./tcl/manual/soc_sram_place.tcl (xoa file de xep mam lai)
09-21 01:32:42 Kiem tra mam: 0 loi
09-21 01:32:42 >>> XONG: KHOI 3: dat mam 84 SRAM
09-21 01:32:42 ============================================================
09-21 01:32:42 >>> KHOI 4: snap + FIXED + luu FloorPlan_withMacro.fp
09-21 01:32:42 ============================================================
09-21 01:32:42 Da luu 84 SRAM vao ./tcl/manual/soc_sram_place.tcl
09-21 01:32:45 >>> XONG: KHOI 4: snap + FIXED + luu FloorPlan_withMacro.fp
09-21 01:32:45 ============================================================
09-21 01:32:45 >>> KHOI 5: luoi nguon M4/M5 cho tung cum SRAM
09-21 01:32:45 ============================================================
09-21 01:32:45 Ring loi VDD: 2 doan M8, 2 doan M9
09-21 01:32:45 Ring loi VSS: 2 doan M8, 2 doan M9
09-21 01:32:45 84 SRAM -> 10 cum
09-21 01:32:46 Cum RAM_LO(8)         1 cot: M4 ngang  18/18  doan, M5 doc  20/20  doan
09-21 01:32:47 Cum RAM_LO(16)        2 cot: M4 ngang  36/36  doan, M5 doc  38/38  doan
09-21 01:32:47 Cum RAM_LO(8)         1 cot: M4 ngang  18/18  doan, M5 doc  20/20  doan
09-21 01:32:47 Cum RAM_HI(8)         1 cot: M4 ngang  18/18  doan, M5 doc  20/20  doan
09-21 01:32:48 Cum RAM_HI(16)        2 cot: M4 ngang  36/36  doan, M5 doc  38/38  doan
09-21 01:32:49 Cum RAM_HI(8)         1 cot: M4 ngang  18/18  doan, M5 doc  20/20  doan
09-21 01:32:49 Cum CACHE(4)          2 cot: M4 ngang  12/12  doan, M5 doc  14/14  doan
09-21 01:32:49 Cum CACHE(4)          2 cot: M4 ngang  12/12  doan, M5 doc  14/14  doan
09-21 01:32:50 Cum CACHE(8)          4 cot: M4 ngang  24/24  doan, M5 doc  26/26  doan
09-21 01:32:50 Cum TAG(4)            2 cot: M4 ngang  12/12  doan, M5 doc  14/14  doan
09-21 01:32:50 >>> XONG: KHOI 5: luoi nguon M4/M5 cho tung cum SRAM
09-21 01:32:50 ============================================================
09-21 01:32:50 >>> KHOI 6: luoi M7/M6
09-21 01:32:50 ============================================================
09-21 01:32:50 Ring loi VDD: 2 doan M8, 2 doan M9
09-21 01:32:50 Ring loi VSS: 2 doan M8, 2 doan M9
09-21 01:32:51 Luoi M7: 18 vung, M6: 26 vung (tranh 10 cum SRAM)
09-21 01:32:51 >>> XONG: KHOI 6: luoi M7/M6
09-21 01:32:51 ============================================================
09-21 01:32:51 >>> KHOI 7: blockage + pin
09-21 01:32:51 ============================================================
09-21 01:32:51 INFO: da gan 174 pin top_soc: tren 134, duoi 40, x 558.7..1703.7
09-21 01:32:51 >>> XONG: KHOI 7: blockage + pin
09-21 01:32:51 ============================================================
09-21 01:32:51 >>> KHOI 8: verify + saveDesign
09-21 01:32:51 ============================================================
09-21 01:32:51 Ring loi VDD: 2 doan M8, 2 doan M9
09-21 01:32:51 Ring loi VSS: 2 doan M8, 2 doan M9
09-21 01:32:52 --- ./verify_rpt/drc_powerplan.rpt
09-21 01:32:52   0 vi pham
09-21 01:32:55 ============================================================
09-21 01:32:55 FLOORPLAN + POWER GRID XONG - saved/top_soc_powerplan.enc
  verify_rpt/connectivity_powerplan.rpt : moi SRAM phai noi VDD/VSS
      (open o chan std cell la binh thuong - rail M1 chua lam)
  verify_rpt/drc_powerplan.rpt          : phai 0 vi pham PG
  GUI: Tools > Violation Browser de xem tung loi
Tiep theo: KHOI 9 (placement), KHOI 10 (rail M1 + stripe M5 std cell)
09-21 01:32:55 ============================================================
09-21 01:32:55 >>> XONG: KHOI 8: verify + saveDesign
09-21 01:32:55 ============================================================
09-21 01:32:55 >>> KHOI 9: placement
09-21 01:32:55 ============================================================
09-21 01:32:55 Ring loi VDD: 2 doan M8, 2 doan M9
09-21 01:32:55 Ring loi VSS: 2 doan M8, 2 doan M9
09-21 01:32:56 Tap cell: 31100 TAPCELL_ASAP7_75t_R
09-21 01:32:56 Notch  805.896  260.496  951.264  364.176  (145.37 x 103.68 um)
09-21 01:32:56 Notch 1853.712    9.936 1862.352 1422.576  (8.64 x 1412.64 um)
09-21 01:32:56 Notch  400.032    9.936  408.672 1422.576  (8.64 x 1412.64 um)
09-21 01:32:56 Notch  135.648    9.936  144.288 1422.576  (8.64 x 1412.64 um)
09-21 01:32:56 Notch 2118.096    9.936 2126.736 1422.576  (8.64 x 1412.64 um)
09-21 01:32:56 Notch  538.704    9.936  550.152  364.176  (11.45 x 354.24 um)
09-21 01:32:56 Notch 1207.008    9.936 1212.840  364.176  (5.83 x 354.24 um)
09-21 01:32:56 Notch 1720.008    9.936 1723.680  364.176  (3.67 x 354.24 um)
09-21 01:32:56 Doc path group: /home/user1/Desktop/Script_Backend/Asap7/run_workspace/mcu/innovus/outputs/top_soc_syn.innovus_groups.tcl
09-21 01:34:45 ***** Total cpu  0:8:32
09-21 01:34:45 ***** Total real time  0:1:48
09-21 01:41:11 WARNING: khong doc duoc mat do tu reportUtil_place.rpt: expected floating-point number but got "0.239."
09-21 01:41:24   place SETUP: WNS 0.292 TNS 0.0, 0 duong vi pham -> DAT
09-21 01:41:30 >>> XONG: KHOI 9: placement
09-21 01:41:30 ============================================================
09-21 01:41:30 >>> KHOI 10: rail M1 + stripe M5 std cell
09-21 01:41:30 ============================================================
09-21 01:41:52 Stripe M5 std cell: 20 vung (tranh 10 cum SRAM + khe)
09-21 01:41:56 --- ./verify_rpt/drc_place.rpt
09-21 01:41:56   0 vi pham
09-21 01:42:02 ============================================================
09-21 01:42:02 PLACEMENT XONG - saved/top_soc_placed_pg.enc
  verify_rpt/connectivity_place.rpt : phai 'Found no problems' (moi rail M1 co stripe M5)
  verify_rpt/drc_place.rpt          : phai 0 vi pham
  reports/timing_preCTS/            : WNS/TNS truoc CTS
Tiep theo: KHOI 11 (CTS)
09-21 01:42:02 ============================================================
09-21 01:42:02 >>> XONG: KHOI 10: rail M1 + stripe M5 std cell
09-21 01:42:02 ============================================================
09-21 01:42:02 >>> KHOI 11: CTS
09-21 01:42:02 ============================================================
09-21 01:55:29 >>> XONG: KHOI 11: CTS
09-21 01:55:29 ============================================================
09-21 01:55:29 >>> KHOI 12: optDesign postCTS
09-21 01:55:29 ============================================================
09-21 02:00:41 soc_fix_cg_hold vong 1 (13 s): 12 latch hold < 0.020
09-21 02:00:41   cg_cpu/en_latch_reg slack -0.051 -> buffer thu 1 truoc cg_cpu/g16__6260/B
09-21 02:00:43   cg_tim1/en_latch_reg slack -0.044 -> buffer thu 1 truoc cg_tim1/g15__2802/B
09-21 02:00:43   cg_tim0/en_latch_reg slack -0.043 -> buffer thu 1 truoc cg_tim0/g15__1617/B
09-21 02:00:43   cg_uart1/en_latch_reg slack -0.043 -> buffer thu 1 truoc cg_uart1/g15__5122/B
09-21 02:00:43   cg_gpio/en_latch_reg slack -0.046 -> buffer thu 1 truoc cg_gpio/g15__8428/B
09-21 02:00:43   cg_i2c/en_latch_reg slack -0.046 -> buffer thu 1 truoc cg_i2c/g15__5526/B
09-21 02:00:43   cg_pwm/en_latch_reg slack -0.053 -> buffer thu 1 truoc cg_pwm/g15__6783/B
09-21 02:00:43   cg_uart/en_latch_reg slack -0.043 -> buffer thu 1 truoc cg_uart/g15__1705/B
09-21 02:00:44   cg_ascon/en_latch_reg slack -0.044 -> buffer thu 1 truoc cg_ascon/g15__2398/B
09-21 02:00:44   cg_spi/en_latch_reg slack -0.044 -> buffer thu 1 truoc cg_spi/g15__3680/B
09-21 02:00:44   cg_cordic/en_latch_reg slack -0.056 -> buffer thu 1 truoc cg_cordic/g15__5107/B
09-21 02:00:44   cg_dbg/en_latch_reg slack -0.057 -> buffer thu 1 truoc cg_dbg/g15__4319/B
09-21 02:01:02 soc_fix_cg_hold vong 2 (34 s): 12 latch hold < 0.020
09-21 02:01:02   cg_cpu/en_latch_reg slack -0.008 -> buffer thu 2 truoc cg_cpu/g16__6260/B
09-21 02:01:03   cg_tim1/en_latch_reg slack -0.005 -> buffer thu 2 truoc cg_tim1/g15__2802/B
09-21 02:01:04   cg_tim0/en_latch_reg slack -0.005 -> buffer thu 2 truoc cg_tim0/g15__1617/B
09-21 02:01:04   cg_uart1/en_latch_reg slack -0.007 -> buffer thu 2 truoc cg_uart1/g15__5122/B
09-21 02:01:04   cg_gpio/en_latch_reg slack -0.005 -> buffer thu 2 truoc cg_gpio/g15__8428/B
09-21 02:01:04   cg_i2c/en_latch_reg slack -0.009 -> buffer thu 2 truoc cg_i2c/g15__5526/B
09-21 02:01:04   cg_pwm/en_latch_reg slack -0.010 -> buffer thu 2 truoc cg_pwm/g15__6783/B
09-21 02:01:04   cg_uart/en_latch_reg slack -0.005 -> buffer thu 2 truoc cg_uart/g15__1705/B
09-21 02:01:04   cg_ascon/en_latch_reg slack -0.007 -> buffer thu 2 truoc cg_ascon/g15__2398/B
09-21 02:01:04   cg_spi/en_latch_reg slack -0.007 -> buffer thu 2 truoc cg_spi/g15__3680/B
09-21 02:01:04   cg_cordic/en_latch_reg slack -0.014 -> buffer thu 2 truoc cg_cordic/g15__5107/B
09-21 02:01:04   cg_dbg/en_latch_reg slack -0.008 -> buffer thu 2 truoc cg_dbg/g15__4319/B
09-21 02:01:23 soc_fix_cg_hold vong 3 (55 s): 0 latch hold < 0.020
09-21 02:01:23 soc_fix_cg_hold: them 24 HB4xp67_ASAP7_75t_R sau 55 s
09-21 02:01:23   cg_cpu/en_latch_reg          hold slack 0.030 sau 2 buffer
09-21 02:01:23   cg_tim1/en_latch_reg         hold slack 0.032 sau 2 buffer
09-21 02:01:23   cg_tim0/en_latch_reg         hold slack 0.032 sau 2 buffer
09-21 02:01:23   cg_uart1/en_latch_reg        hold slack 0.031 sau 2 buffer
09-21 02:01:23   cg_gpio/en_latch_reg         hold slack 0.033 sau 2 buffer
09-21 02:01:23   cg_i2c/en_latch_reg          hold slack 0.028 sau 2 buffer
09-21 02:01:23   cg_pwm/en_latch_reg          hold slack 0.027 sau 2 buffer
09-21 02:01:23   cg_uart/en_latch_reg         hold slack 0.033 sau 2 buffer
09-21 02:01:23   cg_ascon/en_latch_reg        hold slack 0.030 sau 2 buffer
09-21 02:01:23   cg_spi/en_latch_reg          hold slack 0.030 sau 2 buffer
09-21 02:01:23   cg_cordic/en_latch_reg       hold slack 0.024 sau 2 buffer
09-21 02:01:23   cg_dbg/en_latch_reg          hold slack 0.029 sau 2 buffer
09-21 02:01:56   postCTS SETUP: WNS 0.322 TNS 0.0, 0 duong vi pham -> DAT
09-21 02:01:56 WARNING: postCTS HOLD: WNS -0.011 TNS -0.042, 48 duong vi pham
  -> WNS -0.011 ns < 0.0; TNS -0.042 ns; 48 duong vi pham
  Xem ./reports/timing_postCTS_hold/postCTS_hold.summary(.gz)
09-21 02:01:56 WARNING: buoc nay chua phai buoc cuoi nen flow chay tiep, nhung con so tren phai ve 0 truoc khi ket luan.
09-21 02:02:04 >>> XONG: KHOI 12: optDesign postCTS
09-21 02:02:04 ============================================================
09-21 02:02:04 >>> KHOI 13: routeDesign
09-21 02:02:04 ============================================================
09-21 02:02:04 srambank_256x4x32_6t122.lef.4x.lef: 0 chan chi co tren M1-M3
09-21 02:02:04 srambank_128x4x20_6t122.lef.4x.fixed.lef: 0 chan chi co tren M1-M3
09-21 02:02:04 Chan M3 tren 84 SRAM
09-21 02:04:10 
09-21 02:10:02 --- ./verify_rpt/drc_route.rpt
09-21 02:10:02   loai OFFGRID                         2
09-21 02:10:02   net  u_itcm/u_mem/FE_OFN19655_n_269        1
09-21 02:10:02   net  u_itcm/u_mem/FE_OFN19664_n_275        1
09-21 02:10:02   -> 2 vi pham that (0 bo qua: net {}, loai {moi loai})
09-21 02:10:12 >>> XONG: KHOI 13: routeDesign
09-21 02:10:12 ============================================================
09-21 02:10:12 >>> KHOI 14: optDesign postRoute
09-21 02:10:12 ============================================================
09-21 02:10:12 Net treo con lai: xem reports/dangling_net.rpt
09-21 02:19:32 soc_fix_cg_hold vong 1 (30 s): 12 latch hold < 0.020
09-21 02:19:32   cg_cpu/en_latch_reg slack -0.001 -> buffer thu 1 truoc cg_cpu/g16__6260/B
09-21 02:19:34   cg_tim1/en_latch_reg slack 0.000 -> buffer thu 1 truoc cg_tim1/g15__2802/B
09-21 02:19:34   cg_tim0/en_latch_reg slack 0.004 -> buffer thu 1 truoc cg_tim0/g15__1617/B
09-21 02:19:34   cg_uart1/en_latch_reg slack 0.001 -> buffer thu 1 truoc cg_uart1/g15__5122/B
09-21 02:19:34   cg_gpio/en_latch_reg slack 0.001 -> buffer thu 1 truoc cg_gpio/g15__8428/B
09-21 02:19:34   cg_i2c/en_latch_reg slack -0.001 -> buffer thu 1 truoc cg_i2c/g15__5526/B
09-21 02:19:34   cg_pwm/en_latch_reg slack -0.006 -> buffer thu 1 truoc cg_pwm/g15__6783/B
09-21 02:19:34   cg_uart/en_latch_reg slack 0.000 -> buffer thu 1 truoc cg_uart/g15__1705/B
09-21 02:19:34   cg_ascon/en_latch_reg slack 0.002 -> buffer thu 1 truoc cg_ascon/g15__2398/B
09-21 02:19:34   cg_spi/en_latch_reg slack 0.000 -> buffer thu 1 truoc cg_spi/g15__3680/B
09-21 02:19:34   cg_cordic/en_latch_reg slack -0.007 -> buffer thu 1 truoc cg_cordic/g15__5107/B
09-21 02:19:34   cg_dbg/en_latch_reg slack -0.012 -> buffer thu 1 truoc cg_dbg/g15__4319/B
09-21 02:20:11 soc_fix_cg_hold vong 2 (69 s): 0 latch hold < 0.020
09-21 02:20:11 soc_fix_cg_hold: them 12 HB4xp67_ASAP7_75t_R sau 69 s
09-21 02:20:11   cg_cpu/en_latch_reg          hold slack 0.043 sau 1 buffer
09-21 02:20:11   cg_tim1/en_latch_reg         hold slack 0.039 sau 1 buffer
09-21 02:20:11   cg_tim0/en_latch_reg         hold slack 0.042 sau 1 buffer
09-21 02:20:11   cg_uart1/en_latch_reg        hold slack 0.040 sau 1 buffer
09-21 02:20:11   cg_gpio/en_latch_reg         hold slack 0.040 sau 1 buffer
09-21 02:20:11   cg_i2c/en_latch_reg          hold slack 0.037 sau 1 buffer
09-21 02:20:11   cg_pwm/en_latch_reg          hold slack 0.033 sau 1 buffer
09-21 02:20:11   cg_uart/en_latch_reg         hold slack 0.040 sau 1 buffer
09-21 02:20:11   cg_ascon/en_latch_reg        hold slack 0.040 sau 1 buffer
09-21 02:20:11   cg_spi/en_latch_reg          hold slack 0.038 sau 1 buffer
09-21 02:20:11   cg_cordic/en_latch_reg       hold slack 0.032 sau 1 buffer
09-21 02:20:11   cg_dbg/en_latch_reg          hold slack 0.035 sau 1 buffer
09-21 02:21:31 --- ./verify_rpt/drc_postRoute.rpt
09-21 02:21:31   loai EndOfLine                       1
09-21 02:21:31   loai OFFGRID                         2
09-21 02:21:31   net  u_axi_interconnect/FE_PHN26686_DSP_GEN_0_dispatcher_read_channel_R_channel_SLV_FIFO_4_fifo_rdata_wr_ptr_0        1
09-21 02:21:31   net  u_itcm/u_mem/FE_OFN19655_n_269        1
09-21 02:21:31   net  u_itcm/u_mem/FE_OFN19664_n_275        1
09-21 02:21:31   -> 3 vi pham that (0 bo qua: net {u_itcm/u_mem/FE_OFN19657_n_271}, loai {OFFGRID})
09-21 02:21:31 ============================================================
09-21 02:21:31 >>> KHOI 15: filler + verify
09-21 02:21:31 ============================================================
09-21 02:21:31 Filler cell: FILLER_ASAP7_75t_R FILLERxp5_ASAP7_75t_R
09-21 02:22:32 --- ./verify_rpt/drc_final.rpt
09-21 02:22:32   loai EndOfLine                       1
09-21 02:22:32   loai OFFGRID                         2
09-21 02:22:32   net  u_axi_interconnect/FE_PHN26686_DSP_GEN_0_dispatcher_read_channel_R_channel_SLV_FIFO_4_fifo_rdata_wr_ptr_0        1
09-21 02:22:32   net  u_itcm/u_mem/FE_OFN19655_n_269        1
09-21 02:22:32   net  u_itcm/u_mem/FE_OFN19664_n_275        1
09-21 02:22:32   -> 3 vi pham that (0 bo qua: net {u_itcm/u_mem/FE_OFN19657_n_271}, loai {OFFGRID})
09-21 02:22:33 innovus 185> 