 ---------------------------------------------------------------------------------------------------------------------------------------------------------------------------------------------------------------------------------------- 
| Snapshot                    | WNS                  | TNS                  | Density (%) | Power estimated                                            | Hotspot                   | Resource               | DRVs       | Layer-OPT     |
|                             | HEPG (ns) | ALL (ns) | HEPG (ns) | ALL (ns) |             | Total (mW) | Leakage (mW) | Switching (mW) | Internal (mW) | Max (bins) | Total (bins) | Real (s) | Memory (MB) | Tran | Cap | M4  | M6 | M8 |
|-----------------------------+-----------+----------+-----------+----------+-------------+------------+--------------+----------------+---------------+------------+--------------+----------+-------------+------+-----+-----+----+----|
| initial_summary             |           |  535.493 |           |        0 |        0.47 |            |              |                |               |            |              | 0:00:00  |        8364 |  163 |  50 |     |    |    |
| route_type_refinement       |           |          |           |          |             |            |              |                |               |            |              | 0:00:00  |        8364 |      |     |  72 |  3 | 15 |
| force_downsizing_area_power |           |  499.101 |           |        0 |        0.38 |       0.03 |         0.00 |           0.02 |          0.00 |            |              | 0:00:01  |        8356 |      |     |     |    |    |
| simplify_netlist            |           |          |           |          |             |       0.03 |         0.00 |           0.02 |          0.00 |            |              | 0:00:02  |        8945 |      |     |     |    |    |
| drv_fixing                  |           |          |           |          |             |       0.03 |         0.00 |           0.02 |          0.00 |            |              | 0:00:01  |        8945 |      |     |     |    |    |
| area_reclaiming             |     0.000 |  499.101 |         0 |        0 |        0.38 |       0.03 |         0.00 |           0.02 |          0.00 |            |              | 0:00:02  |        8937 |      |     |  71 |  3 | 15 |
| drv_fixing_2                |     0.000 |  499.101 |         0 |        0 |        0.46 |       0.03 |         0.00 |           0.02 |          0.00 |            |              | 0:00:04  |        9235 |  754 |  50 | 120 |  9 | 28 |
| global_sizing               |           |          |           |          |             |       0.03 |         0.00 |           0.02 |          0.00 |            |              | 0:00:02  |        9235 |      |     |     |    |    |
| global_opt                  |           |  499.101 |           |        0 |        0.46 |       0.03 |         0.00 |           0.02 |          0.00 |            |              | 0:00:02  |        9235 |      |     | 120 |  9 | 28 |
| area_reclaiming_2           |     0.000 |  499.101 |         0 |        0 |        0.45 |       0.03 |         0.00 |           0.02 |          0.00 |            |              | 0:00:02  |        9227 |      |     |  52 | 13 | 20 |
| incremental_replacement     |           |          |           |          |             |            |              |                |               |       0.00 |         0.00 | 0:00:38  |        9235 |      |     |     |    |    |
| drv_fixing_3                |   529.337 |  529.337 |         0 |        0 |        0.53 |       0.03 |         0.00 |           0.02 |          0.00 |            |              | 0:00:06  |        9347 |  166 |  50 |  81 | 10 | 19 |
| area_reclaiming_3           |   895.026 |  529.337 |         0 |        0 |        0.52 |       0.03 |         0.00 |           0.02 |          0.00 |            |              | 0:00:02  |        9363 |      |     | 107 | 10 | 19 |
| area_reclaiming_4           |   894.994 |  529.337 |         0 |        0 |        0.50 |       0.03 |         0.00 |           0.02 |          0.00 |            |              | 0:00:02  |        9363 |      |     |  46 |  9 | 19 |
| drv_eco_fixing              |   895.067 |  529.337 |         0 |        0 |        0.51 |       0.03 |         0.00 |           0.02 |          0.00 |            |              | 0:00:03  |        9371 |  754 |  50 |  55 |  7 | 19 |
| power_reclaiming            |   895.067 |  529.337 |         0 |        0 |        0.51 |       0.03 |         0.00 |           0.02 |          0.00 |            |              | 0:00:01  |        9563 |      |     |  55 |  7 | 19 |
| power_reclaiming_2          |   895.067 |  529.337 |         0 |        0 |        0.51 |       0.03 |         0.00 |           0.02 |          0.00 |            |              | 0:00:01  |        9563 |      |     |  55 |  7 | 19 |
| final_summary               |   895.067 |  529.337 |           |        0 |        0.51 |            |              |                |               |            |              | 0:00:02  |        9310 |  164 |  50 |     |    |    |
 ---------------------------------------------------------------------------------------------------------------------------------------------------------------------------------------------------------------------------------------- 
