 -------------------------------------------------------------------------------------------------------------------------------------------------------------------------------------------------------------------------------- 
| Snapshot                | WNS                  | TNS                  | Density (%) | Power estimated                                            | Hotspot                   | Resource               | DRVs       | Layer-OPT |
|                         | HEPG (ns) | ALL (ns) | HEPG (ns) | ALL (ns) |             | Total (mW) | Leakage (mW) | Switching (mW) | Internal (mW) | Max (bins) | Total (bins) | Real (s) | Memory (MB) | Tran | Cap | M4  | M6  |
|-------------------------+-----------+----------+-----------+----------+-------------+------------+--------------+----------------+---------------+------------+--------------+----------+-------------+------+-----+-----+-----|
| initial_summary         |           |   -0.242 |           |      -10 |        0.36 |            |              |                |               |            |              | 0:00:01  |       10322 |   16 |   0 |     |     |
| route_type_refinement   |           |          |           |          |             |            |              |                |               |            |              | 0:00:00  |       10322 |      |     |  78 |   5 |
| simplify_netlist        |           |          |           |          |             |       0.45 |         0.00 |           0.22 |          0.23 |            |              | 0:00:02  |       10322 |      |     |     |     |
| excluded_clk_net_fixing |           |          |           |          |             |            |              |                |               |            |              | 0:00:00  |       10322 |      |     |     |     |
| drv_fixing              |     0.000 |   -0.101 |         0 |       -3 |        0.37 |       0.46 |         0.00 |           0.22 |          0.24 |            |              | 0:00:02  |       10458 |    0 |   0 | 103 |   5 |
| global_opt              |           |    0.002 |           |        0 |        0.37 |       0.46 |         0.00 |           0.22 |          0.24 |            |              | 0:00:02  |       10466 |      |     | 138 |   5 |
| area_reclaiming         |     0.000 |    0.006 |         0 |        0 |        0.36 |       0.46 |         0.00 |           0.22 |          0.23 |            |              | 0:00:02  |       10458 |      |     |  91 |   5 |
| wns_fixing              |     0.000 |    0.006 |         0 |        0 |        0.36 |       0.46 |         0.00 |           0.22 |          0.23 |            |              | 0:00:02  |       10658 |      |     |  91 |   5 |
| area_reclaiming_2       |     0.000 |    0.000 |         0 |        0 |        0.36 |       0.45 |         0.00 |           0.22 |          0.23 |            |              | 0:00:02  |       10458 |      |     | 160 |   5 |
| area_reclaiming_3       |     0.000 |    0.000 |         0 |        0 |        0.35 |       0.45 |         0.00 |           0.22 |          0.23 |            |              | 0:00:01  |       10458 |      |     | 119 |   5 |
| power_reclaiming        |     0.000 |   -0.023 |         0 |       -0 |        0.35 |       0.45 |         0.00 |           0.22 |          0.23 |            |              | 0:00:01  |       10826 |      |     | 119 |   5 |
| local_wire_reclaim      |           |          |           |          |             |            |              |                |               |            |              | 0:00:04  |       10625 |      |     |     |     |
| global_route            |           |          |           |          |             |            |              |                |               |       0.17 |         0.17 | 0:00:01  |       10528 |      |     |     |     |
| route_type_refinement_2 |           |          |           |          |             |            |              |                |               |            |              | 0:00:00  |       10513 |      |     | 118 |   5 |
| drv_eco_fixing          |     0.000 |   -0.116 |         0 |       -6 |        0.37 |       0.45 |         0.00 |           0.22 |          0.24 |            |              | 0:00:02  |       10633 |    0 |   0 | 135 |   4 |
| wns_eco_fixing          |     0.000 |    0.000 |         0 |        0 |        0.37 |       0.46 |         0.00 |           0.22 |          0.24 |            |              | 0:00:04  |       10849 |      |     | 169 |   4 |
| power_reclaiming_2      |     0.000 |    0.002 |         0 |        0 |        0.36 |       0.46 |         0.00 |           0.22 |          0.24 |            |              | 0:00:02  |       11428 |      |     | 169 |   4 |
| final_summary           |     0.002 |    0.002 |           |        0 |        0.36 |            |              |                |               |       1.04 |         1.04 | 0:00:02  |       11338 |    0 |   0 |     |     |
 -------------------------------------------------------------------------------------------------------------------------------------------------------------------------------------------------------------------------------- 
