###############################################################
#  Generated by:      Cadence Tempus 23.15-s108_1
#  OS:                Linux x86_64(Host ID user1-EliteMini)
#  Generated on:      Sun Oct 11 13:19:31 2026
#  Design:            top_soc
#  Command:           report_analysis_coverage > /home/user1/Desktop/Script_Backend/Asap7/run_workspace/mcu/tempus/reports/analysis_coverage.rpt
###############################################################
    -------------------------------------------------------------------------------------------  
                                   TIMING CHECK COVERAGE SUMMARY                                  
    -------------------------------------------------------------------------------------------  
     Check Type                      No. of   Met              Violated         Untested         
                                     Checks                                                      
    -------------------------------------------------------------------------------------------  
    Clock Gating Hold              12        12 (100%)        0 (0%)           0 (0%)
    Clock Gating Setup             12        12 (100%)        0 (0%)           0 (0%)
    ClockPeriod                    168       168 (100%)       0 (0%)           0 (0%)
    DataCheckHold                  27834     0 (0%)           0 (0%)           27834 (100%)
    DataCheckSetup                 27834     0 (0%)           0 (0%)           27834 (100%)
    ExternalDelay (Early)          114       106 (92%)        0 (0%)           8 (7%)
    ExternalDelay (Late)           114       106 (92%)        0 (0%)           8 (7%)
    Hold                           37930     37816 (99%)      0 (0%)           114 (0%)
    Library Clock Gating Hold      3246      1623 (50%)       0 (0%)           1623 (50%)
    Library Clock Gating Setup     3246      1623 (50%)       0 (0%)           1623 (50%)
    PulseWidth                     100991    73157 (72%)      0 (0%)           27834 (27%)
    Recovery                       27834     13806 (49%)      0 (0%)           14028 (50%)
    Removal                        27834     13806 (49%)      0 (0%)           14028 (50%)
    Setup                          37918     37909 (99%)      0 (0%)           9 (0%)
    TimeBorrow                     12        12 (100%)        0 (0%)           0 (0%)
    -------------------------------------------------------------------------------------------
