####################################################################
# report_annotated_parasitics: Sun Oct 11 12:38:40 2026
#   view: view_ss
#   -list_not_annotated
####################################################################
#
# list syntax: type: net_name [nrCap Cap nrXCap XCap nrRes Res]
# unit: pF, Ohm

# Summary of Annotated Parasitics:
+------------------------------------------------------------------------------+
|    Net Type         |    Count   |   Annotated (%)     | Not Annotated (%)   |
+---------------------+------------+---------------------+---------------------+
| total               |     159923 |     144620 90.43%   |      15303  9.57%   |
+---------------------+------------+---------------------+---------------------+
| assign (*)          |          1 |          0  0.00%   |          1 100.00%   |
| 0-term:floating (*) |      14868 |          0  0.00%   |      14868 100.00%   |
| 1-term:no load      |        434 |          0  0.00%   |        434 100.00%   |
| real net (complete) |     144620 |     144620 100.00%   |          0  0.00%   |
| real net (broken)   |          0 |          0  0.00%   |          0  0.00%   |
| zero capacitance net|          0 |          0  0.00%   |          0  0.00%   |
+------------------------------------------------------------------------------+
Note for Net Types marked "(*)":  Such nets are never timed, but reported here for informational purpose.

+-----------------------------------------------------------------+
| Annotated |    Res (MOhm)   |    Cap (pF)     |    XCap (pF)    |
+-----------+-----------------+-----------------+-----------------+
| Count     |       1652793   |       1170669   |        116540   |
| Value     |       36.9582   |      151.7007   |       41.4758   |
+-----------------------------------------------------------------+
