 -------------------------------------------------------------------------------------------------------------------------------------------------------------------------------------------------------------------------------- 
| Snapshot                | WNS                  | TNS                  | Density (%) | Power estimated                                            | Hotspot                   | Resource               | DRVs       | Layer-OPT |
|                         | HEPG (ns) | ALL (ns) | HEPG (ns) | ALL (ns) |             | Total (mW) | Leakage (mW) | Switching (mW) | Internal (mW) | Max (bins) | Total (bins) | Real (s) | Memory (MB) | Tran | Cap | M4  | M6  |
|-------------------------+-----------+----------+-----------+----------+-------------+------------+--------------+----------------+---------------+------------+--------------+----------+-------------+------+-----+-----+-----|
| initial_summary         |           |   -1.562 |           |     -242 |        0.46 |            |              |                |               |            |              | 0:00:01  |       10453 |  100 |  32 |     |     |
| route_type_refinement   |           |          |           |          |             |            |              |                |               |            |              | 0:00:01  |       10453 |      |     | 132 |  27 |
| simplify_netlist        |           |          |           |          |             |       0.66 |         0.00 |           0.41 |          0.25 |            |              | 0:00:01  |       10453 |      |     |     |     |
| excluded_clk_net_fixing |           |          |           |          |             |            |              |                |               |            |              | 0:00:00  |       10453 |      |     |     |     |
| drv_fixing              |     0.000 |   -1.705 |         0 |     -166 |        0.56 |       0.79 |         0.00 |           0.49 |          0.29 |            |              | 0:00:03  |       10589 |   83 |   0 | 166 |  27 |
| global_opt              |           |   -0.281 |           |       -4 |        0.53 |       0.70 |         0.00 |           0.42 |          0.28 |            |              | 0:00:10  |       10613 |      |     | 432 |  43 |
| area_reclaiming         |     0.000 |   -0.160 |         0 |       -1 |        0.50 |       0.67 |         0.00 |           0.41 |          0.27 |            |              | 0:00:03  |       10605 |      |     | 286 |  39 |
| drv_fixing_2            |     0.000 |   -0.156 |         0 |       -1 |        0.51 |       0.67 |         0.00 |           0.41 |          0.27 |            |              | 0:00:03  |       10613 |   10 |   0 | 289 |  39 |
| wns_fixing              |     0.000 |    0.007 |         0 |        0 |        0.50 |       0.67 |         0.00 |           0.40 |          0.27 |            |              | 0:00:14  |       10837 |      |     | 257 |  68 |
| area_reclaiming_2       |     0.000 |   -0.001 |         0 |       -0 |        0.51 |       0.66 |         0.00 |           0.39 |          0.27 |            |              | 0:00:04  |       10637 |      |     | 299 |  62 |
| area_reclaiming_3       |     0.000 |   -0.001 |         0 |       -0 |        0.49 |       0.65 |         0.00 |           0.39 |          0.26 |            |              | 0:00:02  |       10637 |      |     | 203 |  53 |
| power_reclaiming        |     0.000 |   -0.022 |         0 |       -0 |        0.48 |       0.64 |         0.00 |           0.39 |          0.26 |            |              | 0:00:01  |       11090 |      |     | 203 |  53 |
| local_wire_reclaim      |           |          |           |          |             |            |              |                |               |            |              | 0:00:04  |       10890 |      |     |     |     |
| global_route            |           |          |           |          |             |            |              |                |               |       0.00 |         0.00 | 0:00:04  |       10792 |      |     |     |     |
| route_type_refinement_2 |           |          |           |          |             |            |              |                |               |            |              | 0:00:00  |       10739 |      |     | 203 |  52 |
| drv_eco_fixing          |     0.000 |   -2.450 |         0 |     -175 |        0.57 |       0.79 |         0.00 |           0.49 |          0.29 |            |              | 0:00:03  |       10859 |   80 |   0 | 223 |  52 |
| wns_eco_fixing          |     0.000 |    0.000 |         0 |        0 |        0.57 |       0.75 |         0.00 |           0.46 |          0.29 |            |              | 0:00:54  |       11202 |      |     | 296 | 157 |
| power_reclaiming_2      |     0.000 |   -0.000 |         0 |       -0 |        0.52 |       0.73 |         0.00 |           0.45 |          0.27 |            |              | 0:00:03  |       11698 |      |     | 296 | 157 |
| final_summary           |    -0.000 |   -0.000 |           |       -0 |        0.52 |            |              |                |               |     648.93 |      2902.24 | 0:00:05  |       11608 |    9 |   0 |     |     |
 -------------------------------------------------------------------------------------------------------------------------------------------------------------------------------------------------------------------------------- 
