###############################################################
#  Generated by:      Cadence Innovus 23.14-s088_1
#  OS:                Linux x86_64(Host ID user1-EliteMini)
#  Generated on:      Sun Aug  9 23:25:50 2026
#  Design:            axi_ram
###############################################################

Iteration name: default
Fill shape type: FILLWIRE
Layer M1 - Fill width    : 0.072um - 0.936um
Layer M1 - Fill length   : 0.072um - 5.000um
Layer M1 - Active spacing: 0.144um
Layer M1 - Gap spacing   : 0.144um
Layer M1 - Window size   : 100um X 100um
Layer M1 - Window step   : 50um X 50um
Layer M1 - Min Density   : 25%
Layer M1 - Pref Density  : 40%
Layer M1 - Max Density   : 60%
Layer M1 - Ext Density   : 35%
Layer M1 - Number of windows (total - met pref density = processed): 418 - 0 = 418
Layer M2 - Fill width    : 0.072um - 0.936um
Layer M2 - Fill length   : 0.072um - 5.000um
Layer M2 - Active spacing: 0.144um
Layer M2 - Gap spacing   : 0.144um
Layer M2 - Window size   : 100um X 100um
Layer M2 - Window step   : 50um X 50um
Layer M2 - Min Density   : 25%
Layer M2 - Pref Density  : 40%
Layer M2 - Max Density   : 60%
Layer M2 - Ext Density   : 35%
Layer M2 - Number of windows (total - met pref density = processed): 418 - 0 = 418
Layer M3 - Fill width    : 0.072um - 0.936um
Layer M3 - Fill length   : 0.072um - 5.000um
Layer M3 - Active spacing: 0.144um
Layer M3 - Gap spacing   : 0.144um
Layer M3 - Window size   : 100um X 100um
Layer M3 - Window step   : 50um X 50um
Layer M3 - Min Density   : 25%
Layer M3 - Pref Density  : 40%
Layer M3 - Max Density   : 60%
Layer M3 - Ext Density   : 35%
Layer M3 - Number of windows (total - met pref density = processed): 418 - 72 = 346
Layer M4 - Fill width    : 0.096um - 1.248um
Layer M4 - Fill length   : 0.096um - 5.000um
Layer M4 - Active spacing: 0.192um
Layer M4 - Gap spacing   : 0.192um
Layer M4 - Window size   : 100um X 100um
Layer M4 - Window step   : 50um X 50um
Layer M4 - Min Density   : 10%
Layer M4 - Pref Density  : 25%
Layer M4 - Max Density   : 35%
Layer M4 - Ext Density   : 35%
Layer M4 - Number of windows (total - met pref density = processed): 418 - 117 = 301
Layer M5 - Fill width    : 0.096um - 1.248um
Layer M5 - Fill length   : 0.096um - 5.000um
Layer M5 - Active spacing: 0.192um
Layer M5 - Gap spacing   : 0.192um
Layer M5 - Window size   : 80um X 80um
Layer M5 - Window step   : 40um X 40um
Layer M5 - Min Density   : 10%
Layer M5 - Pref Density  : 25%
Layer M5 - Max Density   : 35%
Layer M5 - Ext Density   : 35%
Layer M5 - Number of windows (total - met pref density = processed): 648 - 67 = 581
Layer M6 - Fill width    : 0.128um - 1.664um
Layer M6 - Fill length   : 0.128um - 5.000um
Layer M6 - Active spacing: 0.300um
Layer M6 - Gap spacing   : 0.300um
Layer M6 - Window size   : 100um X 100um
Layer M6 - Window step   : 50um X 50um
Layer M6 - Min Density   : 25%
Layer M6 - Pref Density  : 40%
Layer M6 - Max Density   : 55%
Layer M6 - Ext Density   : 35%
Layer M6 - Number of windows (total - met pref density = processed): 418 - 0 = 418
Layer M7 - Fill width    : 0.128um - 1.664um
Layer M7 - Fill length   : 0.128um - 5.000um
Layer M7 - Active spacing: 0.300um
Layer M7 - Gap spacing   : 0.300um
Layer M7 - Window size   : 100um X 100um
Layer M7 - Window step   : 50um X 50um
Layer M7 - Min Density   : 25%
Layer M7 - Pref Density  : 40%
Layer M7 - Max Density   : 55%
Layer M7 - Ext Density   : 35%
Layer M7 - Number of windows (total - met pref density = processed): 418 - 0 = 418
Layer M8 - Fill width    : 0.160um - 2.500um
Layer M8 - Fill length   : 0.160um - 5.000um
Layer M8 - Active spacing: 0.640um
Layer M8 - Gap spacing   : 0.640um
Layer M8 - Window size   : 100um X 100um
Layer M8 - Window step   : 50um X 50um
Layer M8 - Min Density   : 25%
Layer M8 - Pref Density  : 40%
Layer M8 - Max Density   : 55%
Layer M8 - Ext Density   : 35%
Layer M8 - Number of windows (total - met pref density = processed): 418 - 0 = 418
Layer M9 - Fill width    : 0.160um - 2.500um
Layer M9 - Fill length   : 0.160um - 5.000um
Layer M9 - Active spacing: 0.640um
Layer M9 - Gap spacing   : 0.640um
Layer M9 - Window size   : 100um X 100um
Layer M9 - Window step   : 50um X 50um
Layer M9 - Min Density   : 25%
Layer M9 - Pref Density  : 40%
Layer M9 - Max Density   : 55%
Layer M9 - Ext Density   : 35%
Layer M9 - Number of windows (total - met pref density = processed): 418 - 0 = 418
Layer M10 - Fill width    : 0.800um - 8.000um
Layer M10 - Fill length   : 0.800um - 8.960um
Layer M10 - Active spacing: 8.160um
Layer M10 - Gap spacing   : 8.160um
Layer M10 - Window size   : 400um X 400um
Layer M10 - Window step   : 200um X 200um
Layer M10 - Min Density   : 10%
Layer M10 - Pref Density  : 25%
Layer M10 - Max Density   : 30%
Layer M10 - Ext Density   : 35%
Layer M10 - Number of windows (total - met pref density = processed): 20 - 0 = 20

***************Before filling***************

Layer M1 - Number of windows under minimum density (25%): 301 out of total 418.
Layer M1 - Number of windows over maximum density  (60%): 0 out of total 418.

Layer M2 - Number of windows under minimum density (25%): 295 out of total 418.
Layer M2 - Number of windows over maximum density  (60%): 0 out of total 418.

Layer M3 - Number of windows under minimum density (25%): 312 out of total 418.
Layer M3 - Number of windows over maximum density  (60%): 0 out of total 418.

Layer M4 - Number of windows under minimum density (10%): 278 out of total 418.
Layer M4 - Number of windows over maximum density  (35%): 0 out of total 418.

Layer M5 - Number of windows under minimum density (10%): 429 out of total 648.
Layer M5 - Number of windows over maximum density  (35%): 0 out of total 648.

Layer M6 - Number of windows under minimum density (25%): 418 out of total 418.
Layer M6 - Number of windows over maximum density  (55%): 0 out of total 418.

Layer M7 - Number of windows under minimum density (25%): 418 out of total 418.
Layer M7 - Number of windows over maximum density  (55%): 0 out of total 418.

Layer M8 - Number of windows under minimum density (25%): 418 out of total 418.
Layer M8 - Number of windows over maximum density  (55%): 0 out of total 418.

Layer M9 - Number of windows under minimum density (25%): 418 out of total 418.
Layer M9 - Number of windows over maximum density  (55%): 0 out of total 418.

Layer M10 - Number of windows under minimum density (10%): 20 out of total 20.
Layer M10 - Number of windows over maximum density  (30%): 0 out of total 20.

***************After filling***************

Layer M1 - Number of windows under minimum density (25%): 0 out of total 418.
Layer M1 - Number of windows over maximum density  (60%): 0 out of total 418.

Layer M2 - Number of windows under minimum density (25%): 0 out of total 418.
Layer M2 - Number of windows over maximum density  (60%): 0 out of total 418.

Layer M3 - Number of windows under minimum density (25%): 0 out of total 418.
Layer M3 - Number of windows over maximum density  (60%): 0 out of total 418.

Layer M4 - Number of windows under minimum density (10%): 0 out of total 418.
Layer M4 - Number of windows over maximum density  (35%): 0 out of total 418.

Layer M5 - Number of windows under minimum density (10%): 0 out of total 648.
Layer M5 - Number of windows over maximum density  (35%): 0 out of total 648.

Layer M6 - Number of windows under minimum density (25%): 0 out of total 418.
Layer M6 - Number of windows over maximum density  (55%): 0 out of total 418.

Layer M7 - Number of windows under minimum density (25%): 0 out of total 418.
Layer M7 - Number of windows over maximum density  (55%): 0 out of total 418.

Layer M8 - Number of windows under minimum density (25%): 0 out of total 418.
Layer M8 - Number of windows over maximum density  (55%): 0 out of total 418.

Layer M9 - Number of windows under minimum density (25%): 0 out of total 418.
Layer M9 - Number of windows over maximum density  (55%): 0 out of total 418.

Layer M10 - Number of windows under minimum density (10%): 0 out of total 20.
Layer M10 - Number of windows over maximum density  (30%): 0 out of total 20.

