-------------------------------------------------------------------------------
Name     : Shielded net name
Length   : Shielded net length
Shield   : Total length of shielding wire
Ratio    : Average shielding ratio
-------------------------------------------------------------------------------
Name          Length    Shield    Ratio   
                                         Layer:      Length     Shield  Ratio
-------------------------------------------------------------------------------
CTS_2:   preferred: M4 - M5
                 8.6      16.7    0.968
                                             M2:        8.5       16.4  0.967
                                             M3:        0.1        0.3  1.000
u_mem/CTS_13:   preferred: M4 - M5
                 5.8      11.3    0.979
                                             M3:        1.7        3.2  0.931
                                             M4:        4.0        8.1  1.000
u_mem/CTS_14:   preferred: M4 - M5
               207.9     409.1    0.984
                                             M2:        5.3        9.4  0.885
                                             M3:        1.3        0.7  0.278
                                             M4:      201.3      398.9  0.991
CTS_4:   preferred: M4 - M5
               299.8     593.4    0.990
                                             M3:        0.1        0.1  0.500
                                             M4:       91.2      176.4  0.967
                                             M5:      207.0      413.9  1.000
                                             M6:        1.5        3.0  1.000
CTS_9:   preferred: M4 - M5
               195.4     388.9    0.995
                                             M2:        0.9        0.9  0.542
                                             M3:       13.8       27.3  0.994
                                             M4:        4.2        7.3  0.877
                                             M5:      176.6      353.3  1.000
CTS_11:   preferred: M6 - M7
                92.4     183.9    0.995
                                             M3:        0.1        0.0  0.000
                                             M4:        0.1        0.1  0.500
                                             M5:        0.4        0.6  0.734
                                             M6:       84.2      168.2  0.998
                                             M7:        7.5       15.0  1.000
CTS_12:   preferred: M6 - M7
               544.5    1084.5    0.996
                                             M2:        1.9        3.0  0.788
                                             M3:        0.6        0.1  0.130
                                             M4:        0.2        0.2  0.500
                                             M5:        0.4        0.1  0.109
                                             M6:      107.2      212.5  0.991
                                             M7:      434.3      868.6  1.000
CTS_10:   preferred: M6 - M7
               291.4     581.2    0.997
                                             M2:        0.4        0.1  0.167
                                             M3:        0.9        1.4  0.789
                                             M4:        4.2        8.1  0.958
                                             M5:        0.5        0.8  0.810
                                             M6:       34.8       69.6  1.000
                                             M7:      250.6      501.1  1.000
u_mem/CTS_15:   preferred: M4 - M5
               336.6     672.5    0.999
                                             M3:        6.7       12.8  0.947
                                             M4:      323.7      647.4  1.000
                                             M5:        6.1       12.3  1.000
clk:   preferred: M6 - M7
               666.6    1332.9    1.000
                                             M3:        0.1        0.0  0.000
                                             M4:        0.1        0.3  1.000
                                             M5:        0.2        0.4  1.000
                                             M6:      411.8      823.7  1.000
                                             M7:      254.3      508.6  1.000
-------------------------------------------------------------------------------

 Average ratio:                   0.995
                                             M2:          1.7        3.0  0.880
                                             M3:          2.6        4.6  0.902
                                             M4:         62.9      124.7  0.991
                                             M5:         39.1       78.1  0.999
                                             M6:         64.0      127.7  0.998
                                             M7:         94.7      189.3  1.000


