Total Ports:  64 power bar ports
  trivial routing: 31 connections remain
  trivial routing: 30 connections remain
  trivial routing: 29 connections remain
  trivial routing: 28 connections remain
  trivial routing: 27 connections remain
  trivial routing: 26 connections remain
  trivial routing: 25 connections remain
  trivial routing: 24 connections remain
  trivial routing: 23 connections remain
  trivial routing: 22 connections remain
  trivial routing: 21 connections remain
  trivial routing: 20 connections remain
  trivial routing: 19 connections remain
  trivial routing: 18 connections remain
  trivial routing: 17 connections remain
  trivial routing: 16 connections remain
  trivial routing: 15 connections remain
  trivial routing: 14 connections remain
  trivial routing: 13 connections remain
  trivial routing: 12 connections remain
  trivial routing: 11 connections remain
  trivial routing: 10 connections remain
  trivial routing: 9 connections remain
  trivial routing: 8 connections remain
Total CPU time for maze routing 0 seconds
Port at (2.616 170.176) : Ignored because no stripes cross power bar, and power bar cannot extend to rings/stripes.
Port at (2.616 170.560) : Ignored because no stripes cross power bar, and power bar cannot extend to rings/stripes.
Port at (128.328 170.176) : Ignored because no stripes cross power bar, and power bar cannot extend to rings/stripes.
Port at (248.752 170.560) : Ignored because no stripes cross power bar, and power bar cannot extend to rings/stripes.
Port at (254.040 170.176) : Ignored because no stripes cross power bar, and power bar cannot extend to rings/stripes.
Port at (374.464 170.560) : Ignored because no stripes cross power bar, and power bar cannot extend to rings/stripes.
Port at (500.176 170.176) : Ignored because no stripes cross power bar, and power bar cannot extend to rings/stripes.
Port at (500.176 170.560) : Ignored because no stripes cross power bar, and power bar cannot extend to rings/stripes.
  Number of Block ports routed: 24  open: 8
  Number of Power Bump ports routed: 0
  32 ports open due to poor power planning
End power routing: cpu: 0:00:01, real: 0:00:01, peak: 912.00 megs.

