    Hinst Name       Module Name            Inst Count           Total Area
------------------------------------------------------------------------
riscv_pipeline                                   36384            78261.474
  BPU                branch_prediction_unit      17348            40991.262
    BPU/BHT          branch_history_table          231              429.468
    BPU/BTB          branch_target_buffer        17105            40549.429
  CSR_RF             csr_register_file            2777             5582.390
  EX                 execute                      6400            11017.581
    EX/DIV           divider                      1686             3321.907
    EX/MUL           multiplier                   2983             5243.901
  EX_MEM             ex_mem_register               707             1976.581
  FU                 forwarding_unit               148              316.794
  ID                 instruction_decode            410              591.598
    ID/ACU           alu_control_unit               24               24.961
    ID/MCU           main_control_unit              49               57.154
  ID_EX              id_ex_register                919             2524.556
  IF                 instruction_fetch             498              694.241
  IF_ID              if_id_register                333              888.797
  MEM_WB             mem_wb_register               349              967.879
  PCU                pipeline_control_unit          89              139.735
  RF                 register_file                5635            11285.620
  WB                 write_back                     38               95.878
