    Hinst Name       Module Name            Inst Count           Total Area
------------------------------------------------------------------------
riscv_pipeline                                   37268            78210.852
  BPU                branch_prediction_unit      18024            41012.024
    BPU/BHT          branch_history_table          234              431.335
    BPU/BTB          branch_target_buffer        17778            40568.325
  CSR_RF             csr_register_file            2830             5597.087
  EX                 execute                      6429            11024.580
    EX/DIV           divider                      1680             3307.444
    EX/MUL           multiplier                   2991             5250.433
  EX_MEM             ex_mem_register               721             1989.179
  FU                 forwarding_unit               148              316.794
  ID                 instruction_decode            416              597.663
    ID/ACU           alu_control_unit               24               24.961
    ID/MCU           main_control_unit              48               56.220
  ID_EX              id_ex_register                988             2574.711
  IF                 instruction_fetch             497              691.908
  IF_ID              if_id_register                337              892.763
  MEM_WB             mem_wb_register               354              968.345
  PCU                pipeline_control_unit          93              142.767
  RF                 register_file                5707            11164.781
  WB                 write_back                     38               95.878
