    Hinst Name       Module Name            Inst Count           Total Area
------------------------------------------------------------------------
riscv_pipeline                                   27536            66360.695
  BPU                branch_prediction_unit      12367            33899.316
    BPU/BHT          branch_history_table          194              376.980
    BPU/BTB          branch_target_buffer        12161            33510.439
  CSR_RF             csr_register_file            2151             4861.322
  EX                 execute                      5700            10250.323
    EX/DIV           divider                      1385             2971.754
    EX/MUL           multiplier                   2666             4907.045
  EX_MEM             ex_mem_register               460             1700.611
  FU                 forwarding_unit               138              306.996
  ID                 instruction_decode            410              594.864
    ID/ACU           alu_control_unit               24               24.961
    ID/MCU           main_control_unit              48               56.220
  ID_EX              id_ex_register                561             2074.326
  IF                 instruction_fetch             488              683.277
  IF_ID              if_id_register                210              751.162
  MEM_WB             mem_wb_register               216              789.886
  PCU                pipeline_control_unit          84              132.970
  RF                 register_file                4241             9315.804
  WB                 write_back                     35               92.612
