    Hinst Name       Module Name            Inst Count           Total Area
------------------------------------------------------------------------
riscv_pipeline                                   37179            78155.565
  BPU                branch_prediction_unit      18043            41110.701
    BPU/BHT          branch_history_table          230              428.302
    BPU/BTB          branch_target_buffer        17801            40670.035
  CSR_RF             csr_register_file            2805             5555.330
  EX                 execute                      6449            11042.076
    EX/DIV           divider                      1709             3334.504
    EX/MUL           multiplier                   2982             5241.802
  EX_MEM             ex_mem_register               699             1970.516
  FU                 forwarding_unit               150              317.961
  ID                 instruction_decode            417              598.596
    ID/ACU           alu_control_unit               24               24.961
    ID/MCU           main_control_unit              48               56.220
  ID_EX              id_ex_register                966             2556.982
  IF                 instruction_fetch             498              693.308
  IF_ID              if_id_register                345              899.061
  MEM_WB             mem_wb_register               342              961.114
  PCU                pipeline_control_unit          91              141.368
  RF                 register_file                5656            11073.802
  WB                 write_back                     38               95.878
