Using Power View: view_tt.
AAE_INFO: opIsDesignInPostRouteState() is 1
AAE_INFO: resetNetProps viewIdx 0 
Starting SI iteration 1 using Infinite Timing Windows
#################################################################################
# Design Stage: PostRoute
# Design Name: riscv_pipeline
# Design Mode: 7nm
# Analysis Mode: MMMC OCV 
# Parasitics Mode: SPEF/RCDB 
# Signoff Settings: SI On (EWM-WFP)
#################################################################################
Start delay calculation (fullDC) (8 T). (MEM=6826.29)
Reading RCDB with compressed RC data.
AAE_INFO: 8 threads acquired from CTE.
Total number of fetched objects 37441
AAE_INFO: Total number of nets for which stage creation was skipped for all views 0
AAE_INFO-618: Total number of nets in the design is 38183,  98.5 percent of the nets selected for SI analysis
End delay calculation. (MEM=6878.82 CPU=0:00:23.9 REAL=0:00:03.0)
End delay calculation (fullDC). (MEM=6878.82 CPU=0:00:24.5 REAL=0:00:03.0)
Save waveform /home/user1/Desktop/Script_Backend/Asap7/run_workspace/Risc_V/innovus/innovus_temp_1887995_ef37b7ac-19b8-4f55-b655-e7e6022a1a19_user1-EliteMini_user1_KA4Tzp/.AAE_SzUGeE/.AAE_1887995_ef37b7ac-19b8-4f55-b655-e7e6022a1a19/waveform.data...
Loading CTE timing window with TwFlowType 0...(CPU = 0:00:00.0, REAL = 0:00:00.0, MEM = 6885.0M)
Add other clocks and setupCteToAAEClockMapping during iter 1
Loading CTE timing window is completed (CPU = 0:00:00.3, REAL = 0:00:00.0, MEM = 6885.0M)
Starting SI iteration 2
Start delay calculation (fullDC) (8 T). (MEM=6939.66)
Create and load waveform data /home/user1/Desktop/Script_Backend/Asap7/run_workspace/Risc_V/innovus/innovus_temp_1887995_ef37b7ac-19b8-4f55-b655-e7e6022a1a19_user1-EliteMini_user1_KA4Tzp/.AAE_SzUGeE/.AAE_1887995_ef37b7ac-19b8-4f55-b655-e7e6022a1a19/waveform.data...
Glitch Analysis: View view_tt -- Total Number of Nets Skipped = 31. 
Glitch Analysis: View view_tt -- Total Number of Nets Analyzed = 37441. 
Total number of fetched objects 37441
AAE_INFO: Total number of nets for which stage creation was skipped for all views 0
AAE_INFO-618: Total number of nets in the design is 38183,  0.2 percent of the nets selected for SI analysis
End delay calculation. (MEM=6964.48 CPU=0:00:01.1 REAL=0:00:01.0)
End delay calculation (fullDC). (MEM=6964.48 CPU=0:00:01.1 REAL=0:00:01.0)
Load RC corner of view view_tt

Begin Power Analysis

             0V	    VSS
           0.7V	    VDD
Begin Processing Timing Library for Power Calculation

Ended Processing Timing Library for Power Calculation: (cpu=0:00:00, real=0:00:00, mem(process/total/peak)=6943.44MB/unknown/unknown)



Begin Processing Power Net/Grid for Power Calculation

Ended Processing Power Net/Grid for Power Calculation: (cpu=0:00:00, real=0:00:00, mem(process/total/peak)=6943.44MB/unknown/unknown)

Begin Processing Timing Window Data for Power Calculation

CK: assigning clock CLK to net clk
Ended Processing Timing Window Data for Power Calculation: (cpu=0:00:00, real=0:00:00, mem(process/total/peak)=6949.44MB/unknown/unknown)

Begin Processing User Attributes

Ended Processing User Attributes: (cpu=0:00:00, real=0:00:00, mem(process/total/peak)=6949.44MB/unknown/unknown)

Begin Processing Signal Activity


Starting Activity Propagation
2026-Aug-12 00:47:27 (2026-Aug-11 15:47:27 GMT)
2026-Aug-12 00:47:28 (2026-Aug-11 15:47:28 GMT): 10%
2026-Aug-12 00:47:28 (2026-Aug-11 15:47:28 GMT): 20%

Finished Activity Propagation
2026-Aug-12 00:47:28 (2026-Aug-11 15:47:28 GMT)
Ended Processing Signal Activity: (cpu=0:00:00, real=0:00:01, mem(process/total/peak)=6951.32MB/unknown/unknown)

Begin Power Computation

      ----------------------------------------------------------
      # of cell(s) missing both power/leakage table: 0
      # of cell(s) missing power table: 0
      # of cell(s) missing leakage table: 0
      ----------------------------------------------------------



Starting Calculating power
2026-Aug-12 00:47:28 (2026-Aug-11 15:47:28 GMT)
2026-Aug-12 00:47:29 (2026-Aug-11 15:47:29 GMT): 10%
2026-Aug-12 00:47:29 (2026-Aug-11 15:47:29 GMT): 20%
2026-Aug-12 00:47:29 (2026-Aug-11 15:47:29 GMT): 30%
2026-Aug-12 00:47:29 (2026-Aug-11 15:47:29 GMT): 40%
2026-Aug-12 00:47:29 (2026-Aug-11 15:47:29 GMT): 50%
2026-Aug-12 00:47:29 (2026-Aug-11 15:47:29 GMT): 60%
2026-Aug-12 00:47:29 (2026-Aug-11 15:47:29 GMT): 70%
2026-Aug-12 00:47:29 (2026-Aug-11 15:47:29 GMT): 80%
2026-Aug-12 00:47:29 (2026-Aug-11 15:47:29 GMT): 90%

Finished Calculating power
2026-Aug-12 00:47:30 (2026-Aug-11 15:47:30 GMT)
      # of MSMV cell(s) missing power_level: 0
Ended Power Computation: (cpu=0:00:05, real=0:00:01, mem(process/total/peak)=6960.32MB/unknown/unknown)

Begin Processing User Attributes

Begin Processing set_power
Ended Processing set_power: (cpu=0:00:00, real=0:00:00,
mem(process/total/peak)=6960.32MB/unknown/unknown)
Ended Processing User Attributes: (cpu=0:00:00, real=0:00:00, mem(process/total/peak)=6960.32MB/unknown/unknown)

Ended Power Analysis: (cpu=0:00:06, real=0:00:02, mem(process/total/peak)=6960.32MB/unknown/unknown)

Begin Boundary Leakage Calculation
Ended Boundary Leakage Calculation: (cpu=0:00:00, real=0:00:00,
mem(process/total/peak)=6960.32MB/unknown/unknown)
Begin Static Power Report Generation
*----------------------------------------------------------------------------------------
*	Innovus 23.14-s088_1 (64bit) 02/28/2025 12:25 (Linux 3.10.0-693.el7.x86_64)
*	
*
* 	Date & Time:	2026-Aug-12 00:47:30 (2026-Aug-11 15:47:30 GMT)
*
*----------------------------------------------------------------------------------------
*
*	Design: riscv_pipeline
*
*	Parasitic Files used:
*
*       Power View : view_tt
*
*       User-Defined Activity : N.A.
*
*       Activity File: N.A.
*
*       Hierarchical Global Activity: N.A.
*
*       Global Activity: N.A.
*
*       Sequential Element Activity: 0.200000
*
*       Primary Input Activity: 0.200000
*
*       Default icg ratio: N.A.
*
*       Global Comb ClockGate Ratio: N.A.
*
*	Power Units = 1mW
*
*	Time Units = 1e-12 secs
*
*       report_power
*
-----------------------------------------------------------------------------------------
*



Total Power
-----------------------------------------------------------------------------------------
Total Internal Power:        0.89631207 	   65.7284%
Total Switching Power:       0.46328879 	   33.9739%
Total Leakage Power:         0.00405995 	    0.2977%
Total Power:                 1.36366081
-----------------------------------------------------------------------------------------


Group                           Internal   Switching     Leakage       Total  Percentage 
                                Power      Power         Power         Power  (%)        
-----------------------------------------------------------------------------------------
Sequential                        0.7514     0.07623    0.001728      0.8293       60.82
Macro                                  0           0           0           0           0
IO                                     0           0           0           0           0
Combinational                     0.1183      0.2051    0.002008      0.3254       23.86
Clock (Combinational)            0.02664       0.182   0.0003242       0.209       15.32
Clock (Sequential)                     0           0           0           0           0
-----------------------------------------------------------------------------------------
Total                             0.8963      0.4633     0.00406       1.364         100
-----------------------------------------------------------------------------------------


Rail                  Voltage   Internal   Switching     Leakage       Total  Percentage 
                                Power      Power         Power         Power  (%)        
-----------------------------------------------------------------------------------------
VDD                       0.7     0.8963      0.4633     0.00406       1.364         100


Clock                           Internal   Switching     Leakage       Total  Percentage 
                                Power      Power         Power         Power  (%)        
-----------------------------------------------------------------------------------------
CLK                              0.02664       0.182   0.0003242       0.209       15.32
-----------------------------------------------------------------------------------------
Total                            0.02664       0.182   0.0003242       0.209       15.32
-----------------------------------------------------------------------------------------
Clock: CLK
Clock Period: 0.010000 usec 
Clock Toggle Rate:   200.0000 Mhz 
Clock Static Probability:  0.5000
  
 
 
-----------------------------------------------------------------------------------------
*	Power Distribution Summary: 
*              Highest Average Power: BPU/BTB/CTS_ccl_a_buf_00035 (BUFx12_ASAP7_75t_L):         0.003545
*              Highest Leakage Power:       CTS_ccl_a_buf_00006 (BUFx12_ASAP7_75t_L):        7.044e-06
*                Total Cap:      7.61971e-11 F
*                Total instances in design: 37268
*                Total instances in design with no power:     0
*                Total instances in design with no activty:     0

*                Total Fillers and Decap:     0
-----------------------------------------------------------------------------------------
 
** INFO:  (VOLTUS_POWR-3465): There are 0 decaps and 0 fillers in the design

Ended Static Power Report Generation: (cpu=0:00:00, real=0:00:00,
mem(process/total/peak)=6974.32MB/unknown/unknown)

