###############################################################
#  Generated by:      Cadence Innovus 23.14-s088_1
#  OS:                Linux x86_64(Host ID user1-EliteMini)
#  Generated on:      Wed Aug 12 00:32:21 2026
#  Design:            riscv_pipeline
#  Command:           report_timing > ./reports/timing_preCTS.rpt
###############################################################
Path 1: MET Late External Delay Assertion 
Endpoint:   dbg_reg_read_data[2] (v) checked with  leading edge of 'CLK'
Beginpoint: dbg_reg_read_addr[0] (^) triggered by  leading edge of 'CLK'
Path Groups: {CLK}
Analysis View: view_tt
Other End Arrival Time          0.000
+ Source Insertion Delay      100.000
- External Delay              3000.000
+ Phase Shift                 10000.000
- Uncertainty                  50.000
= Required Time               7050.000
- Arrival Time                3226.400
= Slack Time                  3823.600
     Clock Rise Edge                      0.000
     + Input Delay                      2500.000
     + Source Insertion Delay           150.000
     = Beginpoint Arrival Time          2650.000
     +-------------------------------------------------------------------------------------------------------+ 
     |       Instance       |          Arc           |         Cell          |  Delay  |  Arrival | Required | 
     |                      |                        |                       |         |   Time   |   Time   | 
     |----------------------+------------------------+-----------------------+---------+----------+----------| 
     |                      | dbg_reg_read_addr[0] ^ |                       |         | 2650.001 | 6473.601 | 
     | RF/g439              | A ^ -> Y v             | INVxp33_ASAP7_75t_R   |  27.200 | 2677.200 | 6500.800 | 
     | RF/g431              | B v -> Y ^             | NAND2xp33_ASAP7_75t_R |  55.500 | 2732.700 | 6556.300 | 
     | RF/g400              | A ^ -> Y v             | NOR2xp33_ASAP7_75t_R  | 104.700 | 2837.401 | 6661.000 | 
     | RF/FE_OFC2458_n_1442 | A v -> Y v             | HB1xp67_ASAP7_75t_R   |  88.500 | 2925.901 | 6749.500 | 
     | RF/g3644             | B1 v -> Y ^            | AOI22xp33_ASAP7_75t_R |  45.700 | 2971.600 | 6795.200 | 
     | RF/g3389             | B ^ -> Y ^             | AND4x1_ASAP7_75t_R    |  39.700 | 3011.301 | 6834.900 | 
     | RF/g3342             | A ^ -> Y ^             | AND5x1_ASAP7_75t_R    |  50.500 | 3061.801 | 6885.400 | 
     | RF/g3311             | A ^ -> Y v             | NAND5xp2_ASAP7_75t_R  |  39.700 | 3101.501 | 6925.101 | 
     | RF/g12988            | B1 v -> Y v            | AO22x1_ASAP7_75t_R    |  42.600 | 3144.100 | 6967.700 | 
     | g3371                | A1 v -> Y v            | AO22x1_ASAP7_75t_R    |  51.300 | 3195.400 | 7019.000 | 
     |                      | dbg_reg_read_data[2] v |                       |  31.000 | 3226.400 | 7050.000 | 
     +-------------------------------------------------------------------------------------------------------+ 

