###############################################################
#  Generated by:      Cadence Innovus 23.14-s088_1
#  OS:                Linux x86_64(Host ID user1-EliteMini)
#  Generated on:      Wed Aug 12 00:46:30 2026
#  Design:            riscv_pipeline
#  Command:           report_timing > ./reports/timing_postRoute.rpt
###############################################################
Path 1: MET Late External Delay Assertion 
Endpoint:   dbg_reg_read_data[28] (v) checked with  leading edge of 'CLK'
Beginpoint: dbg_reg_read_addr[0]  (^) triggered by  leading edge of 'CLK'
Path Groups: {CLK}
Analysis View: view_tt
Other End Arrival Time          0.000
+ Source Insertion Delay      100.000
- External Delay              3000.000
+ Phase Shift                 10000.000
+ CPPR Adjustment              50.000
- Uncertainty                  50.000
= Required Time               7100.000
- Arrival Time                3295.600
= Slack Time                  3804.400
     Clock Rise Edge                      0.000
     + Input Delay                      2500.000
     + Source Insertion Delay           150.000
     = Beginpoint Arrival Time          2650.000
     +--------------------------------------------------------------------------------------------------------+ 
     |       Instance       |           Arc           |         Cell          |  Delay  |  Arrival | Required | 
     |                      |                         |                       |         |   Time   |   Time   | 
     |----------------------+-------------------------+-----------------------+---------+----------+----------| 
     |                      | dbg_reg_read_addr[0] ^  |                       |         | 2650.000 | 6454.400 | 
     | RF/g439              | A ^ -> Y v              | INVxp33_ASAP7_75t_R   |  24.400 | 2674.400 | 6478.800 | 
     | RF/g431              | B v -> Y ^              | NAND2xp33_ASAP7_75t_R |  64.900 | 2739.300 | 6543.700 | 
     | RF/g400              | A ^ -> Y v              | NOR2xp33_ASAP7_75t_R  | 130.200 | 2869.500 | 6673.900 | 
     | RF/FE_OFC2458_n_1442 | A v -> Y v              | HB1xp67_ASAP7_75t_R   |  95.600 | 2965.100 | 6769.500 | 
     | RF/g3718             | B1 v -> Y ^             | AOI22xp33_ASAP7_75t_R |  49.900 | 3015.000 | 6819.400 | 
     | RF/g3396             | B ^ -> Y ^              | AND4x1_ASAP7_75t_R    |  36.900 | 3051.900 | 6856.300 | 
     | RF/g3343             | A ^ -> Y ^              | AND5x1_ASAP7_75t_R    |  67.000 | 3118.900 | 6923.300 | 
     | RF/g3298             | A ^ -> Y v              | NAND5xp2_ASAP7_75t_R  |  54.900 | 3173.800 | 6978.200 | 
     | RF/g12940            | B1 v -> Y v             | AO22x1_ASAP7_75t_R    |  47.600 | 3221.400 | 7025.800 | 
     | g3351                | A1 v -> Y v             | AO22x1_ASAP7_75t_R    |  65.100 | 3286.500 | 7090.900 | 
     |                      | dbg_reg_read_data[28] v |                       |   9.100 | 3295.600 | 7100.000 | 
     +--------------------------------------------------------------------------------------------------------+ 

