###############################################################
#  Generated by:      Cadence Innovus 23.14-s088_1
#  OS:                Linux x86_64(Host ID user1-EliteMini)
#  Generated on:      Wed Aug 12 01:55:49 2026
#  Design:            riscv_pipeline
#  Command:           report_timing > ./reports/timing_postCTS.rpt
###############################################################
Path 1: MET Late External Delay Assertion 
Endpoint:   dbg_reg_read_data[4] (v) checked with  leading edge of 'CLK'
Beginpoint: dbg_reg_read_addr[0] (v) triggered by  leading edge of 'CLK'
Path Groups: {CLK}
Analysis View: view_tt
Other End Arrival Time          0.000
+ Source Insertion Delay      100.000
- External Delay              3000.000
+ Phase Shift                 10000.000
- Uncertainty                  50.000
= Required Time               7050.000
- Arrival Time                3287.600
= Slack Time                  3762.400
     Clock Rise Edge                      0.000
     + Input Delay                      2500.000
     + Source Insertion Delay           150.000
     = Beginpoint Arrival Time          2650.000
     +-------------------------------------------------------------------------------------------------------+ 
     |       Instance       |          Arc           |         Cell          |  Delay  |  Arrival | Required | 
     |                      |                        |                       |         |   Time   |   Time   | 
     |----------------------+------------------------+-----------------------+---------+----------+----------| 
     |                      | dbg_reg_read_addr[0] v |                       |         | 2650.000 | 6412.399 | 
     | RF/g435              | B v -> Y ^             | NAND2xp33_ASAP7_75t_R |  77.400 | 2727.399 | 6489.799 | 
     | RF/g394              | A ^ -> Y v             | NOR2xp33_ASAP7_75t_R  | 136.100 | 2863.500 | 6625.899 | 
     | RF/FE_OFC2680_n_1443 | A v -> Y v             | HB1xp67_ASAP7_75t_R   |  98.000 | 2961.500 | 6723.900 | 
     | RF/g3582             | A1 v -> Y ^            | AOI22xp33_ASAP7_75t_R |  40.700 | 3002.200 | 6764.600 | 
     | RF/g3381             | B ^ -> Y ^             | AND4x1_ASAP7_75t_R    |  40.900 | 3043.100 | 6805.500 | 
     | RF/g3338             | A ^ -> Y ^             | AND5x1_ASAP7_75t_R    |  56.000 | 3099.100 | 6861.500 | 
     | RF/g3307             | A ^ -> Y v             | NAND5xp2_ASAP7_75t_R  |  52.500 | 3151.600 | 6914.000 | 
     | RF/g12984            | B1 v -> Y v            | AO22x1_ASAP7_75t_R    |  50.000 | 3201.600 | 6964.000 | 
     | g3353                | A1 v -> Y v            | AO22x1_ASAP7_75t_R    |  58.100 | 3259.700 | 7022.100 | 
     |                      | dbg_reg_read_data[4] v |                       |  27.900 | 3287.600 | 7050.000 | 
     +-------------------------------------------------------------------------------------------------------+ 

