###############################################################
#  Generated by:      Cadence Innovus 23.14-s088_1
#  OS:                Linux x86_64(Host ID user1-EliteMini)
#  Generated on:      Tue Aug 11 23:56:38 2026
#  Design:            riscv_pipeline
#  Command:           report_timing > ./reports/timing_hierFP.rpt
###############################################################
Path 1: MET Late External Delay Assertion 
Endpoint:   dbg_reg_read_data[31] (v) checked with  leading edge of 'CLK'
Beginpoint: dbg_reg_read_addr[2]  (^) triggered by  leading edge of 'CLK'
Path Groups: {CLK}
Analysis View: view_tt
Other End Arrival Time          0.000
+ Source Insertion Delay      100.000
- External Delay              3000.000
+ Phase Shift                 10000.000
- Uncertainty                  50.000
= Required Time               7050.000
- Arrival Time                2945.200
= Slack Time                  4104.800
     Clock Rise Edge                      0.000
     + Input Delay                      2500.000
     + Source Insertion Delay           150.000
     = Beginpoint Arrival Time          2650.000
     +--------------------------------------------------------------------------------------------------+ 
     |    Instance     |           Arc           |         Cell          |  Delay |  Arrival | Required | 
     |                 |                         |                       |        |   Time   |   Time   | 
     |-----------------+-------------------------+-----------------------+--------+----------+----------| 
     |                 | dbg_reg_read_addr[2] ^  |                       |        | 2650.001 | 6754.801 | 
     | RF/g436         | A ^ -> Y v              | INVx1_ASAP7_75t_L     | 15.000 | 2665.001 | 6769.801 | 
     | RF/g423         | C v -> Y ^              | NAND3xp33_ASAP7_75t_L | 23.700 | 2688.701 | 6793.501 | 
     | RF/g394         | B ^ -> Y v              | NOR2xp33_ASAP7_75t_L  | 18.500 | 2707.201 | 6812.001 | 
     | RF/drc_bufs3946 | A v -> Y ^              | INVx1_ASAP7_75t_L     | 14.100 | 2721.301 | 6826.101 | 
     | RF/drc_bufs3944 | A ^ -> Y v              | INVx1_ASAP7_75t_L     | 12.600 | 2733.900 | 6838.700 | 
     | RF/g3747        | A1 v -> Y ^             | AOI22xp33_ASAP7_75t_L | 23.500 | 2757.400 | 6862.200 | 
     | RF/g3394        | B ^ -> Y ^              | AND4x1_ASAP7_75t_L    | 34.700 | 2792.101 | 6896.900 | 
     | RF/g3355        | A ^ -> Y ^              | AND5x1_ASAP7_75t_L    | 45.800 | 2837.900 | 6942.700 | 
     | RF/g3312        | A ^ -> Y v              | NAND5xp2_ASAP7_75t_L  | 40.500 | 2878.400 | 6983.200 | 
     | RF/g12933       | B1 v -> Y v             | AO22x1_ASAP7_75t_L    | 30.000 | 2908.400 | 7013.200 | 
     | g3355           | A1 v -> Y v             | AO22x1_ASAP7_75t_L    | 34.700 | 2943.100 | 7047.900 | 
     |                 | dbg_reg_read_data[31] v |                       |  2.100 | 2945.200 | 7050.000 | 
     +--------------------------------------------------------------------------------------------------+ 

