###############################################################
#  Generated by:      Cadence Innovus 23.14-s088_1
#  OS:                Linux x86_64(Host ID user1-EliteMini)
#  Generated on:      Wed Aug 12 00:09:30 2026
#  Design:            riscv_pipeline
#  Command:           report_timing > ./reports/timing_postPlace.rpt
###############################################################
Path 1: VIOLATED Setup Check with Pin RF/rf_main_reg[17][17]/CLK 
Endpoint:   RF/rf_main_reg[17][17]/D (^) checked with  leading edge of 'CLK'
Beginpoint: reset_sync_reg[1]/QN     (^) triggered by  leading edge of 'CLK'
Path Groups: {CLK}
Analysis View: view_tt
Other End Arrival Time        100.000
- Setup                         7.506
+ Phase Shift                 10000.000
- Uncertainty                  50.000
= Required Time               10042.494
- Arrival Time                20129.400
= Slack Time                  -10086.906
     Clock Rise Edge                 0.000
     + Clock Network Latency (Ideal) 150.000
     = Beginpoint Arrival Time       150.000
     +------------------------------------------------------------------------------------------------------+ 
     |        Instance        |      Arc      |          Cell           |   Delay   |  Arrival  |  Required | 
     |                        |               |                         |           |   Time    |   Time    | 
     |------------------------+---------------+-------------------------+-----------+-----------+-----------| 
     | reset_sync_reg[1]      | CLK ^         |                         |           |   150.000 | -9936.906 | 
     | reset_sync_reg[1]      | CLK ^ -> QN ^ | DFFASRHQNx1_ASAP7_75t_L | 19455.400 | 19605.400 |  9518.494 | 
     | RF/g25165              | B ^ -> Y v    | NAND3xp33_ASAP7_75t_L   |    20.301 | 19625.701 |  9538.795 | 
     | RF/g25111              | C v -> Y ^    | NOR3xp33_ASAP7_75t_L    |    41.900 | 19667.602 |  9580.695 | 
     | RF/g25010              | A3 ^ -> Y v   | AOI31xp33_ASAP7_75t_L   |    11.699 | 19679.301 |  9592.395 | 
     | RF/g24991              | B v -> Y ^    | NOR2xp33_ASAP7_75t_L    |   181.600 | 19860.900 |  9773.994 | 
     | RF/FE_DBTC28_n_336     | A ^ -> Y v    | INVx1_ASAP7_75t_L       |   207.500 | 20068.400 |  9981.494 | 
     | RF/g24091              | B2 v -> Y ^   | AOI22xp33_ASAP7_75t_L   |    60.900 | 20129.301 | 10042.395 | 
     | RF/rf_main_reg[17][17] | D ^           | DFFHQNx1_ASAP7_75t_L    |     0.100 | 20129.400 | 10042.494 | 
     +------------------------------------------------------------------------------------------------------+ 

