
Cadence Tempus(TM) Timing Solution.
Copyright 2024 Cadence Design Systems, Inc. All rights reserved worldwide.

Version:	v23.15-s108_1, built Tue Jul 22 11:26:13 PDT 2025
Options:	-nowin -init tempus.tcl -log logs/tempus 
Date:		Sun Oct 11 12:35:00 2026
Host:		user1-EliteMini (x86_64 w/Linux 7.0.0-31-generic) (6cores*12cpus*AMD Ryzen 5 7545U 1024KB)
OS:		Ubuntu 26.04.1 LTS

License:
		[12:35:00.206170] Configured Lic search path (23.02-s006): 5280@192.168.32.10:1700@192.168.32.10

		tpsxl	Tempus Timing Signoff Solution XL	23.1	checkout succeeded
		16 CPU jobs allowed with the current license(s). Use set_multi_cpu_usage to set your required CPU count.
**ERROR: (IMPOAX-124):	OpenAccess (OA) shared library installation is older than the one that was used to build this Tempus Timing Solution version. For using the OA installation built and tested with this Tempus Timing Solution version, unset the shell variable OA_HOME. For using 'p025' or higher version of OA, reset OA_HOME to point to that installation.
Type 'man IMPOAX-124' for more detail.
**ERROR: (IMPOAX-332):	Failed to initialize OpenAccess (OA) database. OA related commands cannot be run in this session. Confirm that the OA shared library is installed and OA_HOME is set correctly. Typically the OA_HOME environment variable should not be set.
Type 'man IMPOAX-332' for more detail.
INFO: OA features are disabled in this session.
Change the soft stacksize limit to 0.2%RAM (26 mbytes). Set global soft_stack_size_limit to change the value.
environment variable TMPDIR is '/tmp/ssv_tmpdir_2148655_8e143076-f461-4691-9a86-897dace370bf_CffRgh'.
#@ Processing -files option
Sourcing tcl/tk file 'tempus.tcl' ...
<CMD> set_multi_cpu_usage -localCpu 1
<CMD> read_view_definition /home/user1/Desktop/Script_Backend/Asap7/run_workspace/mcu/tempus/logs/tempus_views.tcl
<CMD> read_verilog /home/user1/Desktop/Script_Backend/Asap7/run_workspace/mcu/innovus/outputs/top_soc_pnr.v
<CMD> set_top_module top_soc
**ERROR: (IMPOAX-124):	OpenAccess (OA) shared library installation is older than the one that was used to build this Tempus Timing Solution version. For using the OA installation built and tested with this Tempus Timing Solution version, unset the shell variable OA_HOME. For using 'p025' or higher version of OA, reset OA_HOME to point to that installation.
**ERROR: (IMPOAX-332):	Failed to initialize OpenAccess (OA) database. OA related commands cannot be run in this session. Confirm that the OA shared library is installed and OA_HOME is set correctly. Typically the OA_HOME environment variable should not be set.
#% Begin Load MMMC data ... (date=10/11 12:35:16, mem=1600.9M)
Number of views requested 2 are allowed with the current licenses... continuing with set_analysis_view.
#% End Load MMMC data ... (date=10/11 12:35:16, total cpu=0:00:00.1, real=0:00:01.0, peak res=1602.2M, current mem=1602.2M)
rc_typ rc_ff rc_ss
Loading view definition file from /home/user1/Desktop/Script_Backend/Asap7/run_workspace/mcu/tempus/logs/tempus_views.tcl
Reading libset_ss timing library '/home/user1/Desktop/asap7/asap7sc7p5t_28/LIB/CCS/asap7sc7p5t_SIMPLE_RVT_SS_ccs_211120.lib' ...
**WARN: (TECHLIB-1277):	The attribute 'input_signal_level' has been defined for output pin 'CON'. 'input_signal_level' cannot be defined at this level and is being ignored. (File /home/user1/Desktop/asap7/asap7sc7p5t_28/LIB/CCS/asap7sc7p5t_SIMPLE_RVT_SS_ccs_211120.lib, Line 46704)
**WARN: (TECHLIB-1277):	The attribute 'input_signal_level' has been defined for output pin 'CON'. 'input_signal_level' cannot be defined at this level and is being ignored. (File /home/user1/Desktop/asap7/asap7sc7p5t_28/LIB/CCS/asap7sc7p5t_SIMPLE_RVT_SS_ccs_211120.lib, Line 75658)
Read 56 cells in library 'asap7sc7p5t_SIMPLE_RVT_SS_ccs_211120' 
Reading libset_ss timing library '/home/user1/Desktop/asap7/asap7sc7p5t_28/LIB/CCS/asap7sc7p5t_INVBUF_RVT_SS_ccs_220122.lib' ...
Read 37 cells in library 'asap7sc7p5t_INVBUF_RVT_SS_ccs_211120' 
Reading libset_ss timing library '/home/user1/Desktop/asap7/asap7sc7p5t_28/LIB/CCS/asap7sc7p5t_AO_RVT_SS_ccs_211120.lib' ...
Read 42 cells in library 'asap7sc7p5t_AO_RVT_SS_ccs_211120' 
Reading libset_ss timing library '/home/user1/Desktop/asap7/asap7sc7p5t_28/LIB/CCS/asap7sc7p5t_OA_RVT_SS_ccs_211120.lib' ...
Read 34 cells in library 'asap7sc7p5t_OA_RVT_SS_ccs_211120' 
Reading libset_ss timing library '/home/user1/Desktop/asap7/asap7sc7p5t_28/LIB/CCS/asap7sc7p5t_SEQ_RVT_SS_ccs_220123.lib' ...
Read 33 cells in library 'asap7sc7p5t_SEQ_RVT_SS_ccs_220123' 
Reading libset_ss timing library '/home/user1/Desktop/asap7/asap7sc7p5t_28/LIB/CCS/asap7sc7p5t_SIMPLE_LVT_SS_ccs_211120.lib' ...
**WARN: (TECHLIB-1277):	The attribute 'input_signal_level' has been defined for output pin 'CON'. 'input_signal_level' cannot be defined at this level and is being ignored. (File /home/user1/Desktop/asap7/asap7sc7p5t_28/LIB/CCS/asap7sc7p5t_SIMPLE_LVT_SS_ccs_211120.lib, Line 46704)
**WARN: (TECHLIB-1277):	The attribute 'input_signal_level' has been defined for output pin 'CON'. 'input_signal_level' cannot be defined at this level and is being ignored. (File /home/user1/Desktop/asap7/asap7sc7p5t_28/LIB/CCS/asap7sc7p5t_SIMPLE_LVT_SS_ccs_211120.lib, Line 75658)
Read 56 cells in library 'asap7sc7p5t_SIMPLE_LVT_SS_ccs_211120' 
Reading libset_ss timing library '/home/user1/Desktop/asap7/asap7sc7p5t_28/LIB/CCS/asap7sc7p5t_INVBUF_LVT_SS_ccs_220122.lib' ...
Read 37 cells in library 'asap7sc7p5t_INVBUF_LVT_SS_ccs_211120' 
Reading libset_ss timing library '/home/user1/Desktop/asap7/asap7sc7p5t_28/LIB/CCS/asap7sc7p5t_AO_LVT_SS_ccs_211120.lib' ...
Read 42 cells in library 'asap7sc7p5t_AO_LVT_SS_ccs_211120' 
Reading libset_ss timing library '/home/user1/Desktop/asap7/asap7sc7p5t_28/LIB/CCS/asap7sc7p5t_OA_LVT_SS_ccs_211120.lib' ...
Read 34 cells in library 'asap7sc7p5t_OA_LVT_SS_ccs_211120' 
Reading libset_ss timing library '/home/user1/Desktop/asap7/asap7sc7p5t_28/LIB/CCS/asap7sc7p5t_SEQ_LVT_SS_ccs_220123.lib' ...
Read 33 cells in library 'asap7sc7p5t_SEQ_LVT_SS_ccs_220123' 
Reading libset_ss timing library '/home/user1/Desktop/asap7/asap7_sram_0p0/generated/LIB/srambank_256x4x32_6t122.lib' ...
Read 1 cells in library 'srambank_256x4x32_6t122' 
Reading libset_ss timing library '/home/user1/Desktop/asap7/asap7_sram_0p0/generated/LIB/srambank_128x4x20_6t122.lib' ...
Read 1 cells in library 'srambank_128x4x20_6t122' 
Reading libset_ff timing library '/home/user1/Desktop/asap7/asap7sc7p5t_28/LIB/CCS/asap7sc7p5t_SIMPLE_RVT_FF_ccs_211120.lib' ...
**WARN: (TECHLIB-1277):	The attribute 'input_signal_level' has been defined for output pin 'CON'. 'input_signal_level' cannot be defined at this level and is being ignored. (File /home/user1/Desktop/asap7/asap7sc7p5t_28/LIB/CCS/asap7sc7p5t_SIMPLE_RVT_FF_ccs_211120.lib, Line 46726)
**WARN: (TECHLIB-1277):	The attribute 'input_signal_level' has been defined for output pin 'CON'. 'input_signal_level' cannot be defined at this level and is being ignored. (File /home/user1/Desktop/asap7/asap7sc7p5t_28/LIB/CCS/asap7sc7p5t_SIMPLE_RVT_FF_ccs_211120.lib, Line 75682)
Read 56 cells in library 'asap7sc7p5t_SIMPLE_RVT_FF_ccs_211120' 
Reading libset_ff timing library '/home/user1/Desktop/asap7/asap7sc7p5t_28/LIB/CCS/asap7sc7p5t_INVBUF_RVT_FF_ccs_220122.lib' ...
Read 37 cells in library 'asap7sc7p5t_INVBUF_RVT_FF_ccs_211120' 
Reading libset_ff timing library '/home/user1/Desktop/asap7/asap7sc7p5t_28/LIB/CCS/asap7sc7p5t_AO_RVT_FF_ccs_211120.lib' ...
Read 42 cells in library 'asap7sc7p5t_AO_RVT_FF_ccs_211120' 
Reading libset_ff timing library '/home/user1/Desktop/asap7/asap7sc7p5t_28/LIB/CCS/asap7sc7p5t_OA_RVT_FF_ccs_211120.lib' ...
Read 34 cells in library 'asap7sc7p5t_OA_RVT_FF_ccs_211120' 
Reading libset_ff timing library '/home/user1/Desktop/asap7/asap7sc7p5t_28/LIB/CCS/asap7sc7p5t_SEQ_RVT_FF_ccs_220123.lib' ...
Read 33 cells in library 'asap7sc7p5t_SEQ_RVT_FF_ccs_220123' 
Reading libset_ff timing library '/home/user1/Desktop/asap7/asap7sc7p5t_28/LIB/CCS/asap7sc7p5t_SIMPLE_LVT_FF_ccs_211120.lib' ...
**WARN: (TECHLIB-1277):	The attribute 'input_signal_level' has been defined for output pin 'CON'. 'input_signal_level' cannot be defined at this level and is being ignored. (File /home/user1/Desktop/asap7/asap7sc7p5t_28/LIB/CCS/asap7sc7p5t_SIMPLE_LVT_FF_ccs_211120.lib, Line 46704)
**WARN: (TECHLIB-1277):	The attribute 'input_signal_level' has been defined for output pin 'CON'. 'input_signal_level' cannot be defined at this level and is being ignored. (File /home/user1/Desktop/asap7/asap7sc7p5t_28/LIB/CCS/asap7sc7p5t_SIMPLE_LVT_FF_ccs_211120.lib, Line 75658)
Read 56 cells in library 'asap7sc7p5t_SIMPLE_LVT_FF_ccs_211120' 
Reading libset_ff timing library '/home/user1/Desktop/asap7/asap7sc7p5t_28/LIB/CCS/asap7sc7p5t_INVBUF_LVT_FF_ccs_220122.lib' ...
Read 37 cells in library 'asap7sc7p5t_INVBUF_LVT_FF_ccs_211120' 
Reading libset_ff timing library '/home/user1/Desktop/asap7/asap7sc7p5t_28/LIB/CCS/asap7sc7p5t_AO_LVT_FF_ccs_211120.lib' ...
Read 42 cells in library 'asap7sc7p5t_AO_LVT_FF_ccs_211120' 
Reading libset_ff timing library '/home/user1/Desktop/asap7/asap7sc7p5t_28/LIB/CCS/asap7sc7p5t_OA_LVT_FF_ccs_211120.lib' ...
Read 34 cells in library 'asap7sc7p5t_OA_LVT_FF_ccs_211120' 
Reading libset_ff timing library '/home/user1/Desktop/asap7/asap7sc7p5t_28/LIB/CCS/asap7sc7p5t_SEQ_LVT_FF_ccs_220123.lib' ...
Read 33 cells in library 'asap7sc7p5t_SEQ_LVT_FF_ccs_220123' 
*** End library_loading (cpu=0.38min, real=0.38min, mem=310.0M, fe_cpu=0.59min, fe_real=0.67min, fe_mem=1900.6M) ***
#% Begin Load netlist data ... (date=10/11 12:35:40, mem=1628.9M)
*** Begin netlist parsing (mem=1900.6M) ***
Reading verilog netlist '/home/user1/Desktop/Script_Backend/Asap7/run_workspace/mcu/innovus/outputs/top_soc_pnr.v'

*** Memory Usage v#1 (Current mem = 2236.629M, initial mem = 844.656M) ***
*** End netlist parsing (cpu=0:00:00.7, real=0:00:01.0, mem=2236.6M) ***
#% End Load netlist data ... (date=10/11 12:35:41, total cpu=0:00:01.0, real=0:00:01.0, peak res=1847.1M, current mem=1847.1M)
Set top cell to top_soc.
Building hierarchical netlist for Cell top_soc ...
***** UseNewTieNetMode *****.
*** Netlist is unique.
** info: there are 2514 modules.
** info: there are 141804 stdCell insts.
** info: there are 141720 stdCell insts with at least one signal pin.

*** Memory Usage v#1 (Current mem = 2595.656M, initial mem = 844.656M) ***
Set Default Input Pin Transition as 0.1 ps.
/home/user1/Desktop/Script_Backend/Asap7/run_workspace/mcu/innovus/outputs/top_soc_pnr.sdc
Extraction setup Started for TopCell top_soc 
Summary of Active RC-Corners : 
 
 Analysis View: view_ss
    RC-Corner Name        : rc_ss
    RC-Corner Index       : 0
    RC-Corner Temperature : 100 Celsius
    RC-Corner Cap Table   : ''
    RC-Corner PostRoute Res Factor        : 1
    RC-Corner PostRoute Cap Factor        : 1
    RC-Corner PostRoute XCap Factor       : 1
 
 Analysis View: view_tt
    RC-Corner Name        : rc_typ
    RC-Corner Index       : 1
    RC-Corner Temperature : 25 Celsius
    RC-Corner Cap Table   : ''
    RC-Corner PostRoute Res Factor        : 1
    RC-Corner PostRoute Cap Factor        : 1
    RC-Corner PostRoute XCap Factor       : 1
 
 Analysis View: view_ff
    RC-Corner Name        : rc_ff
    RC-Corner Index       : 2
    RC-Corner Temperature : 0 Celsius
    RC-Corner Cap Table   : ''
    RC-Corner PostRoute Res Factor        : 1
    RC-Corner PostRoute Cap Factor        : 1
    RC-Corner PostRoute XCap Factor       : 1
Reading libset_tt timing library '/home/user1/Desktop/asap7/asap7sc7p5t_28/LIB/CCS/asap7sc7p5t_SIMPLE_RVT_TT_ccs_211120.lib' ...
**WARN: (TECHLIB-1277):	The attribute 'input_signal_level' has been defined for output pin 'CON'. 'input_signal_level' cannot be defined at this level and is being ignored. (File /home/user1/Desktop/asap7/asap7sc7p5t_28/LIB/CCS/asap7sc7p5t_SIMPLE_RVT_TT_ccs_211120.lib, Line 46726)
**WARN: (TECHLIB-1277):	The attribute 'input_signal_level' has been defined for output pin 'CON'. 'input_signal_level' cannot be defined at this level and is being ignored. (File /home/user1/Desktop/asap7/asap7sc7p5t_28/LIB/CCS/asap7sc7p5t_SIMPLE_RVT_TT_ccs_211120.lib, Line 75682)
Read 56 cells in library 'asap7sc7p5t_SIMPLE_RVT_TT_ccs_211120' 
Reading libset_tt timing library '/home/user1/Desktop/asap7/asap7sc7p5t_28/LIB/CCS/asap7sc7p5t_INVBUF_RVT_TT_ccs_220122.lib' ...
Read 37 cells in library 'asap7sc7p5t_INVBUF_RVT_TT_ccs_211120' 
Reading libset_tt timing library '/home/user1/Desktop/asap7/asap7sc7p5t_28/LIB/CCS/asap7sc7p5t_AO_RVT_TT_ccs_211120.lib' ...
Read 42 cells in library 'asap7sc7p5t_AO_RVT_TT_ccs_211120' 
Reading libset_tt timing library '/home/user1/Desktop/asap7/asap7sc7p5t_28/LIB/CCS/asap7sc7p5t_OA_RVT_TT_ccs_211120.lib' ...
Read 34 cells in library 'asap7sc7p5t_OA_RVT_TT_ccs_211120' 
Reading libset_tt timing library '/home/user1/Desktop/asap7/asap7sc7p5t_28/LIB/CCS/asap7sc7p5t_SEQ_RVT_TT_ccs_220123.lib' ...
Read 33 cells in library 'asap7sc7p5t_SEQ_RVT_TT_ccs_220123' 
Reading libset_tt timing library '/home/user1/Desktop/asap7/asap7sc7p5t_28/LIB/CCS/asap7sc7p5t_SIMPLE_LVT_TT_ccs_211120.lib' ...
**WARN: (TECHLIB-1277):	The attribute 'input_signal_level' has been defined for output pin 'CON'. 'input_signal_level' cannot be defined at this level and is being ignored. (File /home/user1/Desktop/asap7/asap7sc7p5t_28/LIB/CCS/asap7sc7p5t_SIMPLE_LVT_TT_ccs_211120.lib, Line 46726)
**WARN: (TECHLIB-1277):	The attribute 'input_signal_level' has been defined for output pin 'CON'. 'input_signal_level' cannot be defined at this level and is being ignored. (File /home/user1/Desktop/asap7/asap7sc7p5t_28/LIB/CCS/asap7sc7p5t_SIMPLE_LVT_TT_ccs_211120.lib, Line 75682)
Read 56 cells in library 'asap7sc7p5t_SIMPLE_LVT_TT_ccs_211120' 
Reading libset_tt timing library '/home/user1/Desktop/asap7/asap7sc7p5t_28/LIB/CCS/asap7sc7p5t_INVBUF_LVT_TT_ccs_220122.lib' ...
Read 37 cells in library 'asap7sc7p5t_INVBUF_LVT_TT_ccs_211120' 
Reading libset_tt timing library '/home/user1/Desktop/asap7/asap7sc7p5t_28/LIB/CCS/asap7sc7p5t_AO_LVT_TT_ccs_211120.lib' ...
Read 42 cells in library 'asap7sc7p5t_AO_LVT_TT_ccs_211120' 
Reading libset_tt timing library '/home/user1/Desktop/asap7/asap7sc7p5t_28/LIB/CCS/asap7sc7p5t_OA_LVT_TT_ccs_211120.lib' ...
Read 34 cells in library 'asap7sc7p5t_OA_LVT_TT_ccs_211120' 
Reading libset_tt timing library '/home/user1/Desktop/asap7/asap7sc7p5t_28/LIB/CCS/asap7sc7p5t_SEQ_LVT_TT_ccs_220123.lib' ...
Read 33 cells in library 'asap7sc7p5t_SEQ_LVT_TT_ccs_220123' 
Reading timing constraints file '/home/user1/Desktop/Script_Backend/Asap7/run_workspace/mcu/innovus/outputs/top_soc_pnr.sdc' ...
Current (total cpu=0:00:49.2, real=0:00:53.0, peak res=2674.2M, current mem=2674.2M)
top_soc
**WARN: (TCLCMD-1531):	'create_generated_clock' has been applied on hierarchical pin 'cg_cpu/clk_out' (File /home/user1/Desktop/Script_Backend/Asap7/run_workspace/mcu/innovus/outputs/top_soc_pnr.sdc, Line 36).

**WARN: (TCLCMD-1531):	'create_generated_clock' has been applied on hierarchical pin 'cg_dbg/clk_out' (File /home/user1/Desktop/Script_Backend/Asap7/run_workspace/mcu/innovus/outputs/top_soc_pnr.sdc, Line 37).

**WARN: (TCLCMD-1531):	'create_generated_clock' has been applied on hierarchical pin 'cg_pwm/clk_out' (File /home/user1/Desktop/Script_Backend/Asap7/run_workspace/mcu/innovus/outputs/top_soc_pnr.sdc, Line 38).

**WARN: (TCLCMD-1531):	'create_generated_clock' has been applied on hierarchical pin 'cg_gpio/clk_out' (File /home/user1/Desktop/Script_Backend/Asap7/run_workspace/mcu/innovus/outputs/top_soc_pnr.sdc, Line 39).

**WARN: (TCLCMD-1531):	'create_generated_clock' has been applied on hierarchical pin 'cg_cordic/clk_out' (File /home/user1/Desktop/Script_Backend/Asap7/run_workspace/mcu/innovus/outputs/top_soc_pnr.sdc, Line 40).

**WARN: (TCLCMD-1531):	'create_generated_clock' has been applied on hierarchical pin 'cg_ascon/clk_out' (File /home/user1/Desktop/Script_Backend/Asap7/run_workspace/mcu/innovus/outputs/top_soc_pnr.sdc, Line 41).

**WARN: (TCLCMD-1531):	'create_generated_clock' has been applied on hierarchical pin 'cg_uart/clk_out' (File /home/user1/Desktop/Script_Backend/Asap7/run_workspace/mcu/innovus/outputs/top_soc_pnr.sdc, Line 42).

**WARN: (TCLCMD-1531):	'create_generated_clock' has been applied on hierarchical pin 'cg_spi/clk_out' (File /home/user1/Desktop/Script_Backend/Asap7/run_workspace/mcu/innovus/outputs/top_soc_pnr.sdc, Line 43).

**WARN: (TCLCMD-1531):	'create_generated_clock' has been applied on hierarchical pin 'cg_i2c/clk_out' (File /home/user1/Desktop/Script_Backend/Asap7/run_workspace/mcu/innovus/outputs/top_soc_pnr.sdc, Line 44).

**WARN: (TCLCMD-1531):	'create_generated_clock' has been applied on hierarchical pin 'cg_uart1/clk_out' (File /home/user1/Desktop/Script_Backend/Asap7/run_workspace/mcu/innovus/outputs/top_soc_pnr.sdc, Line 45).

**WARN: (TCLCMD-1531):	'create_generated_clock' has been applied on hierarchical pin 'cg_tim0/clk_out' (File /home/user1/Desktop/Script_Backend/Asap7/run_workspace/mcu/innovus/outputs/top_soc_pnr.sdc, Line 46).

**WARN: (TCLCMD-1531):	'create_generated_clock' has been applied on hierarchical pin 'cg_tim1/clk_out' (File /home/user1/Desktop/Script_Backend/Asap7/run_workspace/mcu/innovus/outputs/top_soc_pnr.sdc, Line 47).

------------------------------------------------------------------------------------
CONSTRAINT READING SUMMARY                                                          
------------------------------------------------------------------------------------
Constraint                                        | Success        | Fail           
------------------------------------------------------------------------------------
set_max_delay                                     | 2              | 0              
set_clock_uncertainty                             | 30             | 0              
set_input_delay                                   | 110            | 0              
set_load                                          | 230            | 0              
set_input_transition                              | 114            | 0              
get_designs                                       | 2              | 0              
set_max_fanout                                    | 2693           | 0              
current_design                                    | 1              | 0              
set_output_delay                                  | 228            | 0              
set_clock_gating_check                            | 26             | 0              
set_clock_latency                                 | 28             | 0              
create_clock                                      | 2              | 0              
get_clocks                                        | 465            | 0              
get_ports                                         | 718            | 0              
get_cells                                         | 1              | 0              
get_lib_pins                                      | 52             | 0              
set_false_path                                    | 4              | 0              
set_max_transition                                | 31             | 0              
set_clock_transition                              | 8              | 0              
create_generated_clock                            | 13             | 0              
set_propagated_clock                              | 30             | 0              
get_pins                                          | 2665           | 0              
set_disable_timing                                | 1              | 0              
------------------------------------------------------------------------------------
Number of path exceptions in the constraint file = 10
INFO (CTE): Reading of timing constraints file /home/user1/Desktop/Script_Backend/Asap7/run_workspace/mcu/innovus/outputs/top_soc_pnr.sdc completed, with 12 WARNING
Ending "Constraint file reading stats" (total cpu=0:00:00.1, real=0:00:01.0, peak res=2717.1M, current mem=2717.1M)
Current (total cpu=0:00:49.4, real=0:00:54.0, peak res=2717.1M, current mem=2717.1M)
Total number of combinational cells: 338
Total number of sequential cells: 66
Total number of tristate cells: 0
Total number of level shifter cells: 0
Total number of power gating cells: 0
Total number of isolation cells: 0
Total number of power switch cells: 0
Total number of pulse generator cells: 0
Total number of always on buffers: 0
Total number of retention cells: 0
Total number of physical cells: 0
List of usable buffers: HB1xp67_ASAP7_75t_R BUFx8_ASAP7_75t_R BUFx6f_ASAP7_75t_R BUFx5_ASAP7_75t_R BUFx4f_ASAP7_75t_R BUFx3_ASAP7_75t_R BUFx2_ASAP7_75t_R BUFx16f_ASAP7_75t_R BUFx12f_ASAP7_75t_R BUFx12_ASAP7_75t_R BUFx10_ASAP7_75t_R HB2xp67_ASAP7_75t_L HB1xp67_ASAP7_75t_L BUFx8_ASAP7_75t_L BUFx6f_ASAP7_75t_L BUFx5_ASAP7_75t_L BUFx4f_ASAP7_75t_L BUFx4_ASAP7_75t_L BUFx3_ASAP7_75t_L BUFx2_ASAP7_75t_L BUFx24_ASAP7_75t_L BUFx16f_ASAP7_75t_L BUFx12f_ASAP7_75t_L BUFx12_ASAP7_75t_L BUFx10_ASAP7_75t_L
Total number of usable buffers: 25
List of unusable buffers:
Total number of unusable buffers: 0
List of usable inverters: INVxp67_ASAP7_75t_R INVxp33_ASAP7_75t_R INVx8_ASAP7_75t_R INVx6_ASAP7_75t_R INVx5_ASAP7_75t_R INVx4_ASAP7_75t_R INVx3_ASAP7_75t_R INVx2_ASAP7_75t_R INVx1_ASAP7_75t_R INVx13_ASAP7_75t_R INVx11_ASAP7_75t_R CKINVDCx9p33_ASAP7_75t_R CKINVDCx8_ASAP7_75t_R CKINVDCx6p67_ASAP7_75t_R CKINVDCx5p33_ASAP7_75t_R CKINVDCx20_ASAP7_75t_R CKINVDCx16_ASAP7_75t_R CKINVDCx14_ASAP7_75t_R CKINVDCx12_ASAP7_75t_R CKINVDCx11_ASAP7_75t_R CKINVDCx10_ASAP7_75t_R INVxp67_ASAP7_75t_L INVxp33_ASAP7_75t_L INVx8_ASAP7_75t_L INVx6_ASAP7_75t_L INVx5_ASAP7_75t_L INVx4_ASAP7_75t_L INVx3_ASAP7_75t_L INVx2_ASAP7_75t_L INVx1_ASAP7_75t_L INVx13_ASAP7_75t_L INVx11_ASAP7_75t_L CKINVDCx9p33_ASAP7_75t_L CKINVDCx8_ASAP7_75t_L CKINVDCx6p67_ASAP7_75t_L CKINVDCx5p33_ASAP7_75t_L CKINVDCx20_ASAP7_75t_L CKINVDCx16_ASAP7_75t_L CKINVDCx14_ASAP7_75t_L CKINVDCx12_ASAP7_75t_L CKINVDCx11_ASAP7_75t_L CKINVDCx10_ASAP7_75t_L
Total number of usable inverters: 42
List of unusable inverters:
Total number of unusable inverters: 0
List of identified usable delay cells: HB4xp67_ASAP7_75t_R HB3xp67_ASAP7_75t_R HB2xp67_ASAP7_75t_R BUFx4_ASAP7_75t_R BUFx24_ASAP7_75t_R HB4xp67_ASAP7_75t_L HB3xp67_ASAP7_75t_L
Total number of identified usable delay cells: 7
List of identified unusable delay cells:
Total number of identified unusable delay cells: 0
<CMD> read_spef -rc_corner rc_ss /home/user1/Desktop/Script_Backend/Asap7/run_workspace/mcu/quantus/outputs/top_soc_quantus_rc_ss.spef
<CMD> read_spef -rc_corner rc_typ /home/user1/Desktop/Script_Backend/Asap7/run_workspace/mcu/quantus/outputs/top_soc_quantus_rc_typ.spef
<CMD> read_spef -rc_corner rc_ff /home/user1/Desktop/Script_Backend/Asap7/run_workspace/mcu/quantus/outputs/top_soc_quantus_rc_ff.spef

SPEF files for RC Corner rc_ss:
Top-level spef file '/home/user1/Desktop/Script_Backend/Asap7/run_workspace/mcu/quantus/outputs/top_soc_quantus_rc_ss.spef'.

SPEF files for RC Corner rc_typ:
Top-level spef file '/home/user1/Desktop/Script_Backend/Asap7/run_workspace/mcu/quantus/outputs/top_soc_quantus_rc_typ.spef'.

SPEF files for RC Corner rc_ff:
Top-level spef file '/home/user1/Desktop/Script_Backend/Asap7/run_workspace/mcu/quantus/outputs/top_soc_quantus_rc_ff.spef'.
Start spef parsing (MEM=3085.03).
The SPEF file, '/home/user1/Desktop/Script_Backend/Asap7/run_workspace/mcu/quantus/outputs/top_soc_quantus_rc_ss.spef', has encountered the error/warning message(s) during its reading.
**WARN: (SPEF-1152):	Net 'flash_io_i[3] ( having pins flash_io_i[3] )' is not fully specified as per its connectivity in design netlist. Missing ports have been added to the net using low RC values. The timing accuracy is not reliable for such nets.
**WARN: (SPEF-1152):	Net 'flash_io_i[2] ( having pins flash_io_i[2] )' is not fully specified as per its connectivity in design netlist. Missing ports have been added to the net using low RC values. The timing accuracy is not reliable for such nets.
**WARN: (SPEF-1152):	Net 'flash_io_i[0] ( having pins flash_io_i[0] )' is not fully specified as per its connectivity in design netlist. Missing ports have been added to the net using low RC values. The timing accuracy is not reliable for such nets.
SPEF file /home/user1/Desktop/Script_Backend/Asap7/run_workspace/mcu/quantus/outputs/top_soc_quantus_rc_ss.spef.
Number of Resistors     : 1652793
Number of Ground Caps   : 1170669
Number of Coupling Caps : 116540

The SPEF file, '/home/user1/Desktop/Script_Backend/Asap7/run_workspace/mcu/quantus/outputs/top_soc_quantus_rc_typ.spef', has encountered the error/warning message(s) during its reading.
**WARN: (SPEF-1152):	Net 'flash_io_i[3] ( having pins flash_io_i[3] )' is not fully specified as per its connectivity in design netlist. Missing ports have been added to the net using low RC values. The timing accuracy is not reliable for such nets.
**WARN: (SPEF-1152):	Net 'flash_io_i[2] ( having pins flash_io_i[2] )' is not fully specified as per its connectivity in design netlist. Missing ports have been added to the net using low RC values. The timing accuracy is not reliable for such nets.
**WARN: (SPEF-1152):	Net 'flash_io_i[0] ( having pins flash_io_i[0] )' is not fully specified as per its connectivity in design netlist. Missing ports have been added to the net using low RC values. The timing accuracy is not reliable for such nets.
SPEF file /home/user1/Desktop/Script_Backend/Asap7/run_workspace/mcu/quantus/outputs/top_soc_quantus_rc_typ.spef.
Number of Resistors     : 1652793
Number of Ground Caps   : 1170669
Number of Coupling Caps : 116540

The SPEF file, '/home/user1/Desktop/Script_Backend/Asap7/run_workspace/mcu/quantus/outputs/top_soc_quantus_rc_ff.spef', has encountered the error/warning message(s) during its reading.
**WARN: (SPEF-1152):	Net 'flash_io_i[3] ( having pins flash_io_i[3] )' is not fully specified as per its connectivity in design netlist. Missing ports have been added to the net using low RC values. The timing accuracy is not reliable for such nets.
**WARN: (SPEF-1152):	Net 'flash_io_i[2] ( having pins flash_io_i[2] )' is not fully specified as per its connectivity in design netlist. Missing ports have been added to the net using low RC values. The timing accuracy is not reliable for such nets.
**WARN: (SPEF-1152):	Net 'flash_io_i[0] ( having pins flash_io_i[0] )' is not fully specified as per its connectivity in design netlist. Missing ports have been added to the net using low RC values. The timing accuracy is not reliable for such nets.
SPEF file /home/user1/Desktop/Script_Backend/Asap7/run_workspace/mcu/quantus/outputs/top_soc_quantus_rc_ff.spef.
Number of Resistors     : 1652793
Number of Ground Caps   : 1170669
Number of Coupling Caps : 116540

End spef parsing (MEM=3218.89 CPU=0:00:22.0 REAL=0:00:08.0).
431 nets are missing in SPEF file. The names of these nets are saved in ./rc_ss.missing_nets.rpt.gz.
431 nets are missing in SPEF file. The names of these nets are saved in ./rc_typ.missing_nets.rpt.gz.
431 nets are missing in SPEF file. The names of these nets are saved in ./rc_ff.missing_nets.rpt.gz.
<CMD> set_analysis_mode -analysisType onChipVariation -cppr both
<CMD> set_delay_cal_mode -siAware true
AAE_INFO: switching setDelayCal -siAware from false to true ...
AAE_INFO: The setting is changed from false to true in setDelayCalMode -SIAware
<CMD> set_si_mode -enable_glitch_report true
<CMD> set_timing_derate -delay_corner dc_ss -late  -cell_delay -cell_check  $SRAM_DERATE_SS $sram_cells
<CMD> set_timing_derate -delay_corner dc_ff -early -cell_delay -cell_check  $SRAM_DERATE_FF $sram_cells
<CMD> update_timing -full
AAE_INFO: opIsDesignInPostRouteState() is 1
AAE_INFO: deleting AAE DB in update_timing -full ...
AAE DB initialization (MEM=2853.410156 CPU=0:00:00.0 REAL=0:00:01.0) 
AAE_INFO: resetNetProps viewIdx 0 
AAE_INFO: resetNetProps viewIdx 1 
AAE_INFO: resetNetProps viewIdx 2 
Starting SI iteration 1 using Infinite Timing Windows
Start slew iteration 
#################################################################################
# Design Name: top_soc
# Design Mode: 65nm
# Analysis Mode: MMMC OCV 
# Parasitics Mode: SPEF/RCDB 
# Signoff Settings: SI On 
#################################################################################
Using master clock 'CLK_SYS' for generated clock 'CLK_TIM0' in view 'view_ss'
Using master clock 'CLK_SYS' for generated clock 'CLK_UART' in view 'view_ss'
Using master clock 'CLK_SYS' for generated clock 'CLK_UART1' in view 'view_ss'
Using master clock 'CLK_SYS' for generated clock 'CLK_GPIO' in view 'view_ff'
Using master clock 'CLK_SYS' for generated clock 'CLK_PWM' in view 'view_ss'
Using master clock 'CLK_SYS' for generated clock 'CLK_CPU' in view 'view_ff'
Using master clock 'CLK_SYS' for generated clock 'CLK_SDRAM_OUT' in view 'view_ss'
Using master clock 'CLK_SYS' for generated clock 'CLK_CORDIC' in view 'view_ss'
Using master clock 'CLK_SYS' for generated clock 'CLK_PWM' in view 'view_tt'
Using master clock 'CLK_SYS' for generated clock 'CLK_CORDIC' in view 'view_ff'
Using master clock 'CLK_SYS' for generated clock 'CLK_TIM1' in view 'view_tt'
Using master clock 'CLK_SYS' for generated clock 'CLK_CPU' in view 'view_tt'
Using master clock 'CLK_SYS' for generated clock 'CLK_TIM0' in view 'view_tt'
Using master clock 'CLK_SYS' for generated clock 'CLK_DBG' in view 'view_ff'
Using master clock 'CLK_SYS' for generated clock 'CLK_SPI' in view 'view_ff'
Using master clock 'CLK_SYS' for generated clock 'CLK_DBG' in view 'view_ss'
Using master clock 'CLK_SYS' for generated clock 'CLK_PWM' in view 'view_ff'
Using master clock 'CLK_SYS' for generated clock 'CLK_UART1' in view 'view_tt'
Using master clock 'CLK_SYS' for generated clock 'CLK_SPI' in view 'view_ss'
Using master clock 'CLK_SYS' for generated clock 'CLK_UART' in view 'view_tt'
Message <TCLCMD-1005> has exceeded the message display limit of '20'. Use 'set_message -no_limit -id list_of_msgIDs' to reset the message limit.
Start delay calculation (fullDC) (1 T). (MEM=2781.27)
/home/user1/Desktop/Script_Backend/Asap7/run_workspace/mcu/innovus/outputs/top_soc_pnr.sdc
/home/user1/Desktop/Script_Backend/Asap7/run_workspace/mcu/innovus/outputs/top_soc_pnr.sdc
**WARN: (IMPMSMV-1810):	Net tms, driver tms (cell top_soc) voltage 0.77 does not match receiver u_jtag_dtm/g4640/B (cell NOR2xp33_ASAP7_75t_R) voltage 0.7 for view view_ff.
**WARN: (IMPMSMV-1810):	Net tms, driver tms (cell top_soc) voltage 0.77 does not match receiver u_jtag_dtm/g4639/B (cell NAND2xp33_ASAP7_75t_R) voltage 0.7 for view view_ff.
**WARN: (IMPMSMV-1810):	Net tms, driver tms (cell top_soc) voltage 0.77 does not match receiver u_jtag_dtm/g4612/A (cell NAND3xp33_ASAP7_75t_R) voltage 0.7 for view view_ff.
**WARN: (IMPMSMV-1810):	Net tdi, driver tdi (cell top_soc) voltage 0.77 does not match receiver u_jtag_dtm/g3762/B (cell NAND2xp33_ASAP7_75t_R) voltage 0.7 for view view_ff.
**WARN: (IMPMSMV-1810):	Net sdram_dq_i[15], driver sdram_dq_i[15] (cell top_soc) voltage 0.77 does not match receiver u_axi_sdram_g13038/B (cell NAND2xp33_ASAP7_75t_R) voltage 0.7 for view view_ff.
**WARN: (IMPMSMV-1810):	Net sdram_dq_i[14], driver sdram_dq_i[14] (cell top_soc) voltage 0.77 does not match receiver u_axi_sdram_g13041/B (cell NAND2xp33_ASAP7_75t_R) voltage 0.7 for view view_ff.
**WARN: (IMPMSMV-1810):	Net sdram_dq_i[13], driver sdram_dq_i[13] (cell top_soc) voltage 0.77 does not match receiver u_axi_sdram_g13039/B (cell NAND2xp33_ASAP7_75t_R) voltage 0.7 for view view_ff.
**WARN: (IMPMSMV-1810):	Net sdram_dq_i[12], driver sdram_dq_i[12] (cell top_soc) voltage 0.77 does not match receiver u_axi_sdram_g13036/B (cell NAND2xp33_ASAP7_75t_R) voltage 0.7 for view view_ff.
**WARN: (IMPMSMV-1810):	Net sdram_dq_i[11], driver sdram_dq_i[11] (cell top_soc) voltage 0.77 does not match receiver u_axi_sdram_g13032/B (cell NAND2xp33_ASAP7_75t_R) voltage 0.7 for view view_ff.
**WARN: (IMPMSMV-1810):	Net sdram_dq_i[10], driver sdram_dq_i[10] (cell top_soc) voltage 0.77 does not match receiver u_axi_sdram_g13040/B (cell NAND2xp33_ASAP7_75t_R) voltage 0.7 for view view_ff.
**WARN: (IMPMSMV-1810):	Net sdram_dq_i[9], driver sdram_dq_i[9] (cell top_soc) voltage 0.77 does not match receiver u_axi_sdram_g13029/B (cell NAND2xp33_ASAP7_75t_R) voltage 0.7 for view view_ff.
**WARN: (IMPMSMV-1810):	Net sdram_dq_i[8], driver sdram_dq_i[8] (cell top_soc) voltage 0.77 does not match receiver u_axi_sdram_g13035/B (cell NAND2xp33_ASAP7_75t_R) voltage 0.7 for view view_ff.
**WARN: (IMPMSMV-1810):	Net sdram_dq_i[7], driver sdram_dq_i[7] (cell top_soc) voltage 0.77 does not match receiver u_axi_sdram_g13042/B (cell NAND2xp33_ASAP7_75t_R) voltage 0.7 for view view_ff.
**WARN: (IMPMSMV-1810):	Net sdram_dq_i[6], driver sdram_dq_i[6] (cell top_soc) voltage 0.77 does not match receiver u_axi_sdram_g13000/B (cell NAND2xp33_ASAP7_75t_R) voltage 0.7 for view view_ff.
**WARN: (IMPMSMV-1810):	Net sdram_dq_i[5], driver sdram_dq_i[5] (cell top_soc) voltage 0.77 does not match receiver u_axi_sdram_g13030/B (cell NAND2xp33_ASAP7_75t_R) voltage 0.7 for view view_ff.
**WARN: (IMPMSMV-1810):	Net sdram_dq_i[4], driver sdram_dq_i[4] (cell top_soc) voltage 0.77 does not match receiver u_axi_sdram_g13034/B (cell NAND2xp33_ASAP7_75t_R) voltage 0.7 for view view_ff.
**WARN: (IMPMSMV-1810):	Net sdram_dq_i[3], driver sdram_dq_i[3] (cell top_soc) voltage 0.77 does not match receiver u_axi_sdram_g13037/B (cell NAND2xp33_ASAP7_75t_R) voltage 0.7 for view view_ff.
**WARN: (IMPMSMV-1810):	Net sdram_dq_i[2], driver sdram_dq_i[2] (cell top_soc) voltage 0.77 does not match receiver u_axi_sdram_g13033/B (cell NAND2xp33_ASAP7_75t_R) voltage 0.7 for view view_ff.
**WARN: (IMPMSMV-1810):	Net sdram_dq_i[1], driver sdram_dq_i[1] (cell top_soc) voltage 0.77 does not match receiver u_axi_sdram_g13028/B (cell NAND2xp33_ASAP7_75t_R) voltage 0.7 for view view_ff.
**WARN: (IMPMSMV-1810):	Net sdram_dq_i[0], driver sdram_dq_i[0] (cell top_soc) voltage 0.77 does not match receiver u_axi_sdram_g13031/B (cell NAND2xp33_ASAP7_75t_R) voltage 0.7 for view view_ff.
**WARN: (EMS-62):	Message <IMPMSMV-1810> has exceeded the default message display limit of 20.
To avoid this warning, increase the display limit per unique message by
using the set_message -limit <number> command.
The message limit can be removed by using the set_message -no_limit command.
Note that setting a very large number using the set_message -limit command
or removing the message limit using the set_message -no_limit command can
significantly increase the log file size.
To suppress a message, use the set_message -suppress command.
End delay calculation. (MEM=3036.47 CPU=0:00:15.4 REAL=0:00:16.0)
End delay calculation (fullDC). (MEM=2992.55 CPU=0:00:17.0 REAL=0:00:18.0)
update aggressor slew in non distributed run
End Slew iteration 
Start delay calculation (fullDC) (1 T). (MEM=2992.93)
**WARN: (IMPESI-3140):	Bumpy transitions may exist in the design which may lead to inaccurate delay computation. To report/analyze the nets having bumpy transition, please enable delay report and use command 'report_noise -bumpy_waveform -threshold 0' after timing analysis. Delay report is enabled by setting 'set_si_mode -enable_delay_report true' before timing analysis.
Total number of fetched objects 146674
AAE_INFO-618: Total number of nets in the design is 159923,  92.7 percent of the nets selected for SI analysis
Total number of fetched objects 146674
AAE_INFO-618: Total number of nets in the design is 159923,  92.7 percent of the nets selected for SI analysis
Total number of fetched objects 146674
AAE_INFO-618: Total number of nets in the design is 159923,  92.6 percent of the nets selected for SI analysis
End delay calculation. (MEM=3161.43 CPU=0:01:43 REAL=0:01:43)
End delay calculation (fullDC). (MEM=3161.43 CPU=0:01:43 REAL=0:01:43)
esiiDumpWaveformsThread is successfull 1 
Save waveform /tmp/ssv_tmpdir_2148655_8e143076-f461-4691-9a86-897dace370bf_CffRgh/.AAE_4E9fCN/.AAE_2148655_8e143076-f461-4691-9a86-897dace370bf/waveform.data in separate thread...
Finish pthread dumping compressed waveforms.
Loading CTE timing window with TwFlowType 0...(CPU = 0:00:00.0, REAL = 0:00:00.0, MEM = 3126.4M)
Loading CTE timing window is completed (CPU = 0:00:00.9, REAL = 0:00:00.0, MEM = 3159.3M)
Starting SI iteration 2
Start delay calculation (fullDC) (1 T). (MEM=3142.27)
Glitch Analysis: View view_ss -- Total Number of Nets Skipped = 0. 
Glitch Analysis: View view_ss -- Total Number of Nets Analyzed = 0. 
Total number of fetched objects 146674
AAE_INFO-618: Total number of nets in the design is 159923,  4.3 percent of the nets selected for SI analysis
Glitch Analysis: View view_tt -- Total Number of Nets Skipped = 0. 
Glitch Analysis: View view_tt -- Total Number of Nets Analyzed = 0. 
Total number of fetched objects 146674
AAE_INFO-618: Total number of nets in the design is 159923,  4.1 percent of the nets selected for SI analysis
Glitch Analysis: View view_ff -- Total Number of Nets Skipped = 2694. 
Glitch Analysis: View view_ff -- Total Number of Nets Analyzed = 146687. 
Total number of fetched objects 146674
AAE_INFO-618: Total number of nets in the design is 159923,  4.0 percent of the nets selected for SI analysis
End delay calculation. (MEM=3177.22 CPU=0:00:12.9 REAL=0:00:13.0)
End delay calculation (fullDC). (MEM=3087.09 CPU=0:00:13.1 REAL=0:00:13.0)
Save and delete waveform data /tmp/ssv_tmpdir_2148655_8e143076-f461-4691-9a86-897dace370bf_CffRgh/.AAE_4E9fCN/.AAE_2148655_8e143076-f461-4691-9a86-897dace370bf/waveform.data ...
Swap out waveforms (MEM=3061.41 CPU=0:00:00.0 REAL=0:00:00.0) 
Finish pthread dumping timing data and compressed waveforms.
<CMD> check_timing -verbose > /home/user1/Desktop/Script_Backend/Asap7/run_workspace/mcu/tempus/reports/check_timing.rpt
<CMD> report_annotated_parasitics > /home/user1/Desktop/Script_Backend/Asap7/run_workspace/mcu/tempus/reports/annotated_parasitics.rpt
<CMD> report_analysis_coverage > /home/user1/Desktop/Script_Backend/Asap7/run_workspace/mcu/tempus/reports/analysis_coverage.rpt
<CMD> report_constraint -all_violators > /home/user1/Desktop/Script_Backend/Asap7/run_workspace/mcu/tempus/reports/all_violators.rpt
<CMD> report_timing_derate > /home/user1/Desktop/Script_Backend/Asap7/run_workspace/mcu/tempus/reports/timing_derate.rpt
<CMD> report_noise -txtfile /home/user1/Desktop/Script_Backend/Asap7/run_workspace/mcu/tempus/reports/glitch.rpt
Output report file name prefix is /home/user1/Desktop/Script_Backend/Asap7/run_workspace/mcu/tempus/reports/glitch.rpt 
Info: Processing report for view view_ss ...
Info: The output report file is /home/user1/Desktop/Script_Backend/Asap7/run_workspace/mcu/tempus/reports/glitch.rpt_view_ss
Info: Processing report for view view_tt ...
Info: The output report file is /home/user1/Desktop/Script_Backend/Asap7/run_workspace/mcu/tempus/reports/glitch.rpt_view_tt
Info: Processing report for view view_ff ...
Info: The output report file is /home/user1/Desktop/Script_Backend/Asap7/run_workspace/mcu/tempus/reports/glitch.rpt_view_ff
<CMD> report_timing -$kind -view $view -max_paths 100 -nworst 1  -path_type full_clock > $rpt
<CMD> report_timing -$kind -view $view -max_paths 1 -collection
<CMD> report_timing -$kind -view $view -max_paths 100 -nworst 1  -path_type full_clock > $rpt
<CMD> report_timing -$kind -view $view -max_paths 1 -collection
<CMD> report_timing -$kind -view $view -max_paths 100 -nworst 1  -path_type full_clock > $rpt
<CMD> report_timing -$kind -view $view -max_paths 1 -collection
<CMD> report_timing -$kind -view $view -max_paths 100 -nworst 1  -path_type full_clock > $rpt
<CMD> report_timing -$kind -view $view -max_paths 1 -collection
<CMD> exit 0

*** Summary of all messages that are not suppressed in this session:
Severity  ID               Count  Summary                                  
WARNING   IMPMSMV-1810     116282  Net %s, driver %s (cell %s) voltage %g d...
WARNING   IMPESI-3140          1  Bumpy transitions may exist in the desig...
ERROR     IMPOAX-124           2  OpenAccess (OA) shared library installat...
ERROR     IMPOAX-332           2  Failed to initialize OpenAccess (OA) dat...
WARNING   SPEF-1152            9  Net '%s' is not fully specified as per i...
WARNING   TCLCMD-1531         12  '%s' has been applied on hierarchical pi...
WARNING   TECHLIB-1277        12  The %s '%s' has been defined for %s %s '...
*** Message Summary: 116316 warning(s), 4 error(s)


*** Memory Usage v#1 (Current mem = 4257.988M, initial mem = 844.656M) ***
--- Ending "Tempus Timing Solution" (totcpu=0:03:56, real=0:03:47, mem=4258.0M) ---
