 ------------------------------------------------------------------------------------------------------------------------------------------------------------------------------------------------------------------------------------ 
| Snapshot                | WNS                  | TNS                  | Density (%) | Power estimated                                            | Hotspot                   | Resource               | DRVs       | Layer-OPT     |
|                         | HEPG (ns) | ALL (ns) | HEPG (ns) | ALL (ns) |             | Total (mW) | Leakage (mW) | Switching (mW) | Internal (mW) | Max (bins) | Total (bins) | Real (s) | Memory (MB) | Tran | Cap | M4  | M6 | M8 |
|-------------------------+-----------+----------+-----------+----------+-------------+------------+--------------+----------------+---------------+------------+--------------+----------+-------------+------+-----+-----+----+----|
| initial_summary         |           |    0.001 |           |        0 |        0.37 |            |              |                |               |            |              | 0:00:01  |       11193 |    0 |   0 |     |    |    |
| route_type_refinement   |           |          |           |          |             |            |              |                |               |            |              | 0:00:00  |       11193 |      |     | 124 |  2 |  9 |
| simplify_netlist        |           |          |           |          |             |       0.45 |         0.00 |           0.22 |          0.24 |            |              | 0:00:01  |       11193 |      |     |     |    |    |
| excluded_clk_net_fixing |           |          |           |          |             |            |              |                |               |            |              | 0:00:00  |       11193 |      |     |     |    |    |
| global_opt              |           |    0.001 |           |        0 |        0.37 |       0.45 |         0.00 |           0.22 |          0.24 |            |              | 0:00:02  |       11193 |      |     | 124 |  2 |  9 |
| area_reclaiming         |     0.001 |    0.001 |         0 |        0 |        0.37 |       0.45 |         0.00 |           0.22 |          0.23 |            |              | 0:00:02  |       11225 |      |     |  76 |  2 |  9 |
| wns_fixing              |     0.006 |    0.006 |         0 |        0 |        0.37 |       0.45 |         0.00 |           0.22 |          0.23 |            |              | 0:00:13  |       11433 |      |     |  79 |  2 |  9 |
| area_reclaiming_2       |     0.002 |    0.002 |         0 |        0 |        0.37 |       0.45 |         0.00 |           0.21 |          0.23 |            |              | 0:00:03  |       11313 |      |     | 119 |  2 | 11 |
| area_reclaiming_3       |     0.006 |    0.005 |         0 |        0 |        0.36 |       0.45 |         0.00 |           0.21 |          0.23 |            |              | 0:00:02  |       11313 |      |     |  76 |  2 |  8 |
| power_reclaiming        |    -0.024 |   -0.024 |        -1 |       -1 |        0.36 |       0.44 |         0.00 |           0.21 |          0.23 |            |              | 0:00:01  |       11918 |      |     |  76 |  2 |  8 |
| local_wire_reclaim      |           |          |           |          |             |            |              |                |               |            |              | 0:00:02  |       11717 |      |     |     |    |    |
| global_route            |           |          |           |          |             |            |              |                |               |       0.00 |         0.00 | 0:00:01  |       11620 |      |     |     |    |    |
| route_type_refinement_2 |           |          |           |          |             |            |              |                |               |            |              | 0:00:00  |       11620 |      |     |  76 |  2 |  8 |
| drv_eco_fixing          |    -0.068 |   -0.068 |        -0 |       -0 |        0.38 |       0.46 |         0.00 |           0.22 |          0.23 |            |              | 0:00:01  |       11706 |    0 |   0 | 102 |  2 |  8 |
| wns_eco_fixing          |     0.000 |    0.000 |         0 |        0 |        0.38 |       0.46 |         0.00 |           0.22 |          0.23 |            |              | 0:00:03  |       11960 |      |     | 107 |  2 |  8 |
| power_reclaiming_2      |     0.000 |    0.000 |         0 |        0 |        0.38 |       0.45 |         0.00 |           0.22 |          0.23 |            |              | 0:00:02  |       12487 |      |     | 107 |  2 |  8 |
| initial_summary_2       |     0.001 |    0.001 |           |        0 |        0.38 |            |              |                |               |            |              | 0:00:02  |       12301 |    0 |   0 |     |    |    |
| hold_fixing             |     0.001 |    0.001 |         0 |        0 |        0.40 |       0.46 |         0.00 |           0.22 |          0.24 |            |              | 0:00:02  |       12437 |      |     | 107 |  2 |  8 |
| global_route_2          |           |          |           |          |             |            |              |                |               |            |              | 0:00:00  |       12437 |      |     |     |    |    |
| final_summary           |     0.001 |    0.001 |           |        0 |        0.40 |            |              |                |               |       0.00 |         0.00 | 0:00:04  |       12397 |    0 |   0 |     |    |    |
 ------------------------------------------------------------------------------------------------------------------------------------------------------------------------------------------------------------------------------------ 
