enabled 1
preferred_layers M4:M7
preferred_effort high
signal_net_count 698
skipped_pg_clock_or_open_terms 16
net bottom_layer top_layer effort first_sram_term status
FE_OFN796_n_619 M4 M7 high {u_mem/G_SRAM_BANK[9].u_sram/write} constrained
{mem_addr[2]} M4 M7 high {u_mem/G_SRAM_BANK[8].u_sram/ADDRESS[0]} constrained
{mem_addr[3]} M4 M7 high {u_mem/G_SRAM_BANK[10].u_sram/ADDRESS[1]} constrained
{mem_addr[4]} M4 M7 high {u_mem/G_SRAM_BANK[8].u_sram/ADDRESS[2]} constrained
{mem_addr[5]} M4 M7 high {u_mem/G_SRAM_BANK[8].u_sram/ADDRESS[3]} constrained
{mem_addr[7]} M4 M7 high {u_mem/G_SRAM_BANK[8].u_sram/ADDRESS[5]} constrained
{mem_addr[8]} M4 M7 high {u_mem/G_SRAM_BANK[8].u_sram/ADDRESS[6]} constrained
{mem_addr[9]} M4 M7 high {u_mem/G_SRAM_BANK[8].u_sram/ADDRESS[7]} constrained
{mem_addr[11]} M4 M7 high {u_mem/G_SRAM_BANK[10].u_sram/ADDRESS[9]} constrained
{mem_wdata[2]} M4 M7 high {u_mem/G_SRAM_BANK[0].u_sram/wd[2]} constrained
{mem_wdata[3]} M4 M7 high {u_mem/G_SRAM_BANK[0].u_sram/wd[3]} constrained
{mem_wdata[4]} M4 M7 high {u_mem/G_SRAM_BANK[0].u_sram/wd[4]} constrained
{mem_wdata[5]} M4 M7 high {u_mem/G_SRAM_BANK[0].u_sram/wd[5]} constrained
{mem_wdata[6]} M4 M7 high {u_mem/G_SRAM_BANK[0].u_sram/wd[6]} constrained
{mem_wdata[7]} M4 M7 high {u_mem/G_SRAM_BANK[0].u_sram/wd[7]} constrained
{mem_wdata[8]} M4 M7 high {u_mem/G_SRAM_BANK[0].u_sram/wd[8]} constrained
{mem_wdata[9]} M4 M7 high {u_mem/G_SRAM_BANK[0].u_sram/wd[9]} constrained
{mem_wdata[10]} M4 M7 high {u_mem/G_SRAM_BANK[0].u_sram/wd[10]} constrained
{mem_wdata[11]} M4 M7 high {u_mem/G_SRAM_BANK[0].u_sram/wd[11]} constrained
{mem_wdata[12]} M4 M7 high {u_mem/G_SRAM_BANK[12].u_sram/wd[12]} constrained
{mem_wdata[13]} M4 M7 high {u_mem/G_SRAM_BANK[0].u_sram/wd[13]} constrained
{mem_wdata[14]} M4 M7 high {u_mem/G_SRAM_BANK[0].u_sram/wd[14]} constrained
{mem_wdata[23]} M4 M7 high {u_mem/G_SRAM_BANK[4].u_sram/wd[23]} constrained
{mem_wdata[26]} M4 M7 high {u_mem/G_SRAM_BANK[2].u_sram/wd[26]} constrained
{mem_wdata[28]} M4 M7 high {u_mem/G_SRAM_BANK[11].u_sram/wd[28]} constrained
{mem_wdata[30]} M4 M7 high {u_mem/G_SRAM_BANK[0].u_sram/wd[30]} constrained
n_616 M4 M7 high {u_mem/G_SRAM_BANK[10].u_sram/read} constrained
{u_mem/bank_rdata[0][0]} M4 M7 high {u_mem/G_SRAM_BANK[0].u_sram/dataout[0]} constrained
{u_mem/bank_rdata[0][1]} M4 M7 high {u_mem/G_SRAM_BANK[0].u_sram/dataout[1]} constrained
{u_mem/bank_rdata[0][2]} M4 M7 high {u_mem/G_SRAM_BANK[0].u_sram/dataout[2]} constrained
{u_mem/bank_rdata[0][3]} M4 M7 high {u_mem/G_SRAM_BANK[0].u_sram/dataout[3]} constrained
{u_mem/bank_rdata[0][4]} M4 M7 high {u_mem/G_SRAM_BANK[0].u_sram/dataout[4]} constrained
{u_mem/bank_rdata[0][5]} M4 M7 high {u_mem/G_SRAM_BANK[0].u_sram/dataout[5]} constrained
{u_mem/bank_rdata[0][6]} M4 M7 high {u_mem/G_SRAM_BANK[0].u_sram/dataout[6]} constrained
{u_mem/bank_rdata[0][7]} M4 M7 high {u_mem/G_SRAM_BANK[0].u_sram/dataout[7]} constrained
{u_mem/bank_rdata[0][8]} M4 M7 high {u_mem/G_SRAM_BANK[0].u_sram/dataout[8]} constrained
{u_mem/bank_rdata[0][9]} M4 M7 high {u_mem/G_SRAM_BANK[0].u_sram/dataout[9]} constrained
{u_mem/bank_rdata[0][10]} M4 M7 high {u_mem/G_SRAM_BANK[0].u_sram/dataout[10]} constrained
{u_mem/bank_rdata[0][11]} M4 M7 high {u_mem/G_SRAM_BANK[0].u_sram/dataout[11]} constrained
{u_mem/bank_rdata[0][12]} M4 M7 high {u_mem/G_SRAM_BANK[0].u_sram/dataout[12]} constrained
{u_mem/bank_rdata[0][13]} M4 M7 high {u_mem/G_SRAM_BANK[0].u_sram/dataout[13]} constrained
{u_mem/bank_rdata[0][14]} M4 M7 high {u_mem/G_SRAM_BANK[0].u_sram/dataout[14]} constrained
{u_mem/bank_rdata[0][15]} M4 M7 high {u_mem/G_SRAM_BANK[0].u_sram/dataout[15]} constrained
{u_mem/bank_rdata[0][16]} M4 M7 high {u_mem/G_SRAM_BANK[0].u_sram/dataout[16]} constrained
{u_mem/bank_rdata[0][17]} M4 M7 high {u_mem/G_SRAM_BANK[0].u_sram/dataout[17]} constrained
{u_mem/bank_rdata[0][18]} M4 M7 high {u_mem/G_SRAM_BANK[0].u_sram/dataout[18]} constrained
{u_mem/bank_rdata[0][19]} M4 M7 high {u_mem/G_SRAM_BANK[0].u_sram/dataout[19]} constrained
{u_mem/bank_rdata[0][20]} M4 M7 high {u_mem/G_SRAM_BANK[0].u_sram/dataout[20]} constrained
{u_mem/bank_rdata[0][21]} M4 M7 high {u_mem/G_SRAM_BANK[0].u_sram/dataout[21]} constrained
{u_mem/bank_rdata[0][22]} M4 M7 high {u_mem/G_SRAM_BANK[0].u_sram/dataout[22]} constrained
{u_mem/bank_rdata[0][23]} M4 M7 high {u_mem/G_SRAM_BANK[0].u_sram/dataout[23]} constrained
{u_mem/bank_rdata[0][24]} M4 M7 high {u_mem/G_SRAM_BANK[0].u_sram/dataout[24]} constrained
{u_mem/bank_rdata[0][25]} M4 M7 high {u_mem/G_SRAM_BANK[0].u_sram/dataout[25]} constrained
{u_mem/bank_rdata[0][26]} M4 M7 high {u_mem/G_SRAM_BANK[0].u_sram/dataout[26]} constrained
{u_mem/bank_rdata[0][27]} M4 M7 high {u_mem/G_SRAM_BANK[0].u_sram/dataout[27]} constrained
{u_mem/bank_rdata[0][28]} M4 M7 high {u_mem/G_SRAM_BANK[0].u_sram/dataout[28]} constrained
{u_mem/bank_rdata[0][29]} M4 M7 high {u_mem/G_SRAM_BANK[0].u_sram/dataout[29]} constrained
{u_mem/bank_rdata[0][30]} M4 M7 high {u_mem/G_SRAM_BANK[0].u_sram/dataout[30]} constrained
{u_mem/bank_rdata[0][31]} M4 M7 high {u_mem/G_SRAM_BANK[0].u_sram/dataout[31]} constrained
{u_mem/bank_rdata[1][0]} M4 M7 high {u_mem/G_SRAM_BANK[1].u_sram/dataout[0]} constrained
{u_mem/bank_rdata[1][1]} M4 M7 high {u_mem/G_SRAM_BANK[1].u_sram/dataout[1]} constrained
{u_mem/bank_rdata[1][2]} M4 M7 high {u_mem/G_SRAM_BANK[1].u_sram/dataout[2]} constrained
{u_mem/bank_rdata[1][3]} M4 M7 high {u_mem/G_SRAM_BANK[1].u_sram/dataout[3]} constrained
{u_mem/bank_rdata[1][4]} M4 M7 high {u_mem/G_SRAM_BANK[1].u_sram/dataout[4]} constrained
{u_mem/bank_rdata[1][5]} M4 M7 high {u_mem/G_SRAM_BANK[1].u_sram/dataout[5]} constrained
{u_mem/bank_rdata[1][6]} M4 M7 high {u_mem/G_SRAM_BANK[1].u_sram/dataout[6]} constrained
{u_mem/bank_rdata[1][7]} M4 M7 high {u_mem/G_SRAM_BANK[1].u_sram/dataout[7]} constrained
{u_mem/bank_rdata[1][8]} M4 M7 high {u_mem/G_SRAM_BANK[1].u_sram/dataout[8]} constrained
{u_mem/bank_rdata[1][9]} M4 M7 high {u_mem/G_SRAM_BANK[1].u_sram/dataout[9]} constrained
{u_mem/bank_rdata[1][10]} M4 M7 high {u_mem/G_SRAM_BANK[1].u_sram/dataout[10]} constrained
{u_mem/bank_rdata[1][11]} M4 M7 high {u_mem/G_SRAM_BANK[1].u_sram/dataout[11]} constrained
{u_mem/bank_rdata[1][12]} M4 M7 high {u_mem/G_SRAM_BANK[1].u_sram/dataout[12]} constrained
{u_mem/bank_rdata[1][13]} M4 M7 high {u_mem/G_SRAM_BANK[1].u_sram/dataout[13]} constrained
{u_mem/bank_rdata[1][14]} M4 M7 high {u_mem/G_SRAM_BANK[1].u_sram/dataout[14]} constrained
{u_mem/bank_rdata[1][15]} M4 M7 high {u_mem/G_SRAM_BANK[1].u_sram/dataout[15]} constrained
{u_mem/bank_rdata[1][16]} M4 M7 high {u_mem/G_SRAM_BANK[1].u_sram/dataout[16]} constrained
{u_mem/bank_rdata[1][17]} M4 M7 high {u_mem/G_SRAM_BANK[1].u_sram/dataout[17]} constrained
{u_mem/bank_rdata[1][18]} M4 M7 high {u_mem/G_SRAM_BANK[1].u_sram/dataout[18]} constrained
{u_mem/bank_rdata[1][19]} M4 M7 high {u_mem/G_SRAM_BANK[1].u_sram/dataout[19]} constrained
{u_mem/bank_rdata[1][20]} M4 M7 high {u_mem/G_SRAM_BANK[1].u_sram/dataout[20]} constrained
{u_mem/bank_rdata[1][21]} M4 M7 high {u_mem/G_SRAM_BANK[1].u_sram/dataout[21]} constrained
{u_mem/bank_rdata[1][22]} M4 M7 high {u_mem/G_SRAM_BANK[1].u_sram/dataout[22]} constrained
{u_mem/bank_rdata[1][23]} M4 M7 high {u_mem/G_SRAM_BANK[1].u_sram/dataout[23]} constrained
{u_mem/bank_rdata[1][24]} M4 M7 high {u_mem/G_SRAM_BANK[1].u_sram/dataout[24]} constrained
{u_mem/bank_rdata[1][25]} M4 M7 high {u_mem/G_SRAM_BANK[1].u_sram/dataout[25]} constrained
{u_mem/bank_rdata[1][26]} M4 M7 high {u_mem/G_SRAM_BANK[1].u_sram/dataout[26]} constrained
{u_mem/bank_rdata[1][27]} M4 M7 high {u_mem/G_SRAM_BANK[1].u_sram/dataout[27]} constrained
{u_mem/bank_rdata[1][28]} M4 M7 high {u_mem/G_SRAM_BANK[1].u_sram/dataout[28]} constrained
{u_mem/bank_rdata[1][29]} M4 M7 high {u_mem/G_SRAM_BANK[1].u_sram/dataout[29]} constrained
{u_mem/bank_rdata[1][30]} M4 M7 high {u_mem/G_SRAM_BANK[1].u_sram/dataout[30]} constrained
{u_mem/bank_rdata[1][31]} M4 M7 high {u_mem/G_SRAM_BANK[1].u_sram/dataout[31]} constrained
{u_mem/bank_rdata[2][0]} M4 M7 high {u_mem/G_SRAM_BANK[2].u_sram/dataout[0]} constrained
{u_mem/bank_rdata[2][1]} M4 M7 high {u_mem/G_SRAM_BANK[2].u_sram/dataout[1]} constrained
{u_mem/bank_rdata[2][2]} M4 M7 high {u_mem/G_SRAM_BANK[2].u_sram/dataout[2]} constrained
{u_mem/bank_rdata[2][3]} M4 M7 high {u_mem/G_SRAM_BANK[2].u_sram/dataout[3]} constrained
{u_mem/bank_rdata[2][4]} M4 M7 high {u_mem/G_SRAM_BANK[2].u_sram/dataout[4]} constrained
{u_mem/bank_rdata[2][5]} M4 M7 high {u_mem/G_SRAM_BANK[2].u_sram/dataout[5]} constrained
{u_mem/bank_rdata[2][6]} M4 M7 high {u_mem/G_SRAM_BANK[2].u_sram/dataout[6]} constrained
{u_mem/bank_rdata[2][7]} M4 M7 high {u_mem/G_SRAM_BANK[2].u_sram/dataout[7]} constrained
{u_mem/bank_rdata[2][8]} M4 M7 high {u_mem/G_SRAM_BANK[2].u_sram/dataout[8]} constrained
{u_mem/bank_rdata[2][9]} M4 M7 high {u_mem/G_SRAM_BANK[2].u_sram/dataout[9]} constrained
{u_mem/bank_rdata[2][10]} M4 M7 high {u_mem/G_SRAM_BANK[2].u_sram/dataout[10]} constrained
{u_mem/bank_rdata[2][11]} M4 M7 high {u_mem/G_SRAM_BANK[2].u_sram/dataout[11]} constrained
{u_mem/bank_rdata[2][12]} M4 M7 high {u_mem/G_SRAM_BANK[2].u_sram/dataout[12]} constrained
{u_mem/bank_rdata[2][13]} M4 M7 high {u_mem/G_SRAM_BANK[2].u_sram/dataout[13]} constrained
{u_mem/bank_rdata[2][14]} M4 M7 high {u_mem/G_SRAM_BANK[2].u_sram/dataout[14]} constrained
{u_mem/bank_rdata[2][15]} M4 M7 high {u_mem/G_SRAM_BANK[2].u_sram/dataout[15]} constrained
{u_mem/bank_rdata[2][16]} M4 M7 high {u_mem/G_SRAM_BANK[2].u_sram/dataout[16]} constrained
{u_mem/bank_rdata[2][17]} M4 M7 high {u_mem/G_SRAM_BANK[2].u_sram/dataout[17]} constrained
{u_mem/bank_rdata[2][18]} M4 M7 high {u_mem/G_SRAM_BANK[2].u_sram/dataout[18]} constrained
{u_mem/bank_rdata[2][19]} M4 M7 high {u_mem/G_SRAM_BANK[2].u_sram/dataout[19]} constrained
{u_mem/bank_rdata[2][20]} M4 M7 high {u_mem/G_SRAM_BANK[2].u_sram/dataout[20]} constrained
{u_mem/bank_rdata[2][21]} M4 M7 high {u_mem/G_SRAM_BANK[2].u_sram/dataout[21]} constrained
{u_mem/bank_rdata[2][22]} M4 M7 high {u_mem/G_SRAM_BANK[2].u_sram/dataout[22]} constrained
{u_mem/bank_rdata[2][23]} M4 M7 high {u_mem/G_SRAM_BANK[2].u_sram/dataout[23]} constrained
{u_mem/bank_rdata[2][24]} M4 M7 high {u_mem/G_SRAM_BANK[2].u_sram/dataout[24]} constrained
{u_mem/bank_rdata[2][25]} M4 M7 high {u_mem/G_SRAM_BANK[2].u_sram/dataout[25]} constrained
{u_mem/bank_rdata[2][26]} M4 M7 high {u_mem/G_SRAM_BANK[2].u_sram/dataout[26]} constrained
{u_mem/bank_rdata[2][27]} M4 M7 high {u_mem/G_SRAM_BANK[2].u_sram/dataout[27]} constrained
{u_mem/bank_rdata[2][28]} M4 M7 high {u_mem/G_SRAM_BANK[2].u_sram/dataout[28]} constrained
{u_mem/bank_rdata[2][29]} M4 M7 high {u_mem/G_SRAM_BANK[2].u_sram/dataout[29]} constrained
{u_mem/bank_rdata[2][30]} M4 M7 high {u_mem/G_SRAM_BANK[2].u_sram/dataout[30]} constrained
{u_mem/bank_rdata[2][31]} M4 M7 high {u_mem/G_SRAM_BANK[2].u_sram/dataout[31]} constrained
{u_mem/bank_rdata[3][0]} M4 M7 high {u_mem/G_SRAM_BANK[3].u_sram/dataout[0]} constrained
{u_mem/bank_rdata[3][1]} M4 M7 high {u_mem/G_SRAM_BANK[3].u_sram/dataout[1]} constrained
{u_mem/bank_rdata[3][2]} M4 M7 high {u_mem/G_SRAM_BANK[3].u_sram/dataout[2]} constrained
{u_mem/bank_rdata[3][3]} M4 M7 high {u_mem/G_SRAM_BANK[3].u_sram/dataout[3]} constrained
{u_mem/bank_rdata[3][4]} M4 M7 high {u_mem/G_SRAM_BANK[3].u_sram/dataout[4]} constrained
{u_mem/bank_rdata[3][5]} M4 M7 high {u_mem/G_SRAM_BANK[3].u_sram/dataout[5]} constrained
{u_mem/bank_rdata[3][6]} M4 M7 high {u_mem/G_SRAM_BANK[3].u_sram/dataout[6]} constrained
{u_mem/bank_rdata[3][7]} M4 M7 high {u_mem/G_SRAM_BANK[3].u_sram/dataout[7]} constrained
{u_mem/bank_rdata[3][8]} M4 M7 high {u_mem/G_SRAM_BANK[3].u_sram/dataout[8]} constrained
{u_mem/bank_rdata[3][9]} M4 M7 high {u_mem/G_SRAM_BANK[3].u_sram/dataout[9]} constrained
{u_mem/bank_rdata[3][10]} M4 M7 high {u_mem/G_SRAM_BANK[3].u_sram/dataout[10]} constrained
{u_mem/bank_rdata[3][11]} M4 M7 high {u_mem/G_SRAM_BANK[3].u_sram/dataout[11]} constrained
{u_mem/bank_rdata[3][12]} M4 M7 high {u_mem/G_SRAM_BANK[3].u_sram/dataout[12]} constrained
{u_mem/bank_rdata[3][13]} M4 M7 high {u_mem/G_SRAM_BANK[3].u_sram/dataout[13]} constrained
{u_mem/bank_rdata[3][14]} M4 M7 high {u_mem/G_SRAM_BANK[3].u_sram/dataout[14]} constrained
{u_mem/bank_rdata[3][15]} M4 M7 high {u_mem/G_SRAM_BANK[3].u_sram/dataout[15]} constrained
{u_mem/bank_rdata[3][16]} M4 M7 high {u_mem/G_SRAM_BANK[3].u_sram/dataout[16]} constrained
{u_mem/bank_rdata[3][17]} M4 M7 high {u_mem/G_SRAM_BANK[3].u_sram/dataout[17]} constrained
{u_mem/bank_rdata[3][18]} M4 M7 high {u_mem/G_SRAM_BANK[3].u_sram/dataout[18]} constrained
{u_mem/bank_rdata[3][19]} M4 M7 high {u_mem/G_SRAM_BANK[3].u_sram/dataout[19]} constrained
{u_mem/bank_rdata[3][20]} M4 M7 high {u_mem/G_SRAM_BANK[3].u_sram/dataout[20]} constrained
{u_mem/bank_rdata[3][21]} M4 M7 high {u_mem/G_SRAM_BANK[3].u_sram/dataout[21]} constrained
{u_mem/bank_rdata[3][22]} M4 M7 high {u_mem/G_SRAM_BANK[3].u_sram/dataout[22]} constrained
{u_mem/bank_rdata[3][23]} M4 M7 high {u_mem/G_SRAM_BANK[3].u_sram/dataout[23]} constrained
{u_mem/bank_rdata[3][24]} M4 M7 high {u_mem/G_SRAM_BANK[3].u_sram/dataout[24]} constrained
{u_mem/bank_rdata[3][25]} M4 M7 high {u_mem/G_SRAM_BANK[3].u_sram/dataout[25]} constrained
{u_mem/bank_rdata[3][26]} M4 M7 high {u_mem/G_SRAM_BANK[3].u_sram/dataout[26]} constrained
{u_mem/bank_rdata[3][27]} M4 M7 high {u_mem/G_SRAM_BANK[3].u_sram/dataout[27]} constrained
{u_mem/bank_rdata[3][28]} M4 M7 high {u_mem/G_SRAM_BANK[3].u_sram/dataout[28]} constrained
{u_mem/bank_rdata[3][29]} M4 M7 high {u_mem/G_SRAM_BANK[3].u_sram/dataout[29]} constrained
{u_mem/bank_rdata[3][30]} M4 M7 high {u_mem/G_SRAM_BANK[3].u_sram/dataout[30]} constrained
{u_mem/bank_rdata[3][31]} M4 M7 high {u_mem/G_SRAM_BANK[3].u_sram/dataout[31]} constrained
{u_mem/bank_rdata[4][0]} M4 M7 high {u_mem/G_SRAM_BANK[4].u_sram/dataout[0]} constrained
{u_mem/bank_rdata[4][1]} M4 M7 high {u_mem/G_SRAM_BANK[4].u_sram/dataout[1]} constrained
{u_mem/bank_rdata[4][2]} M4 M7 high {u_mem/G_SRAM_BANK[4].u_sram/dataout[2]} constrained
{u_mem/bank_rdata[4][3]} M4 M7 high {u_mem/G_SRAM_BANK[4].u_sram/dataout[3]} constrained
{u_mem/bank_rdata[4][4]} M4 M7 high {u_mem/G_SRAM_BANK[4].u_sram/dataout[4]} constrained
{u_mem/bank_rdata[4][5]} M4 M7 high {u_mem/G_SRAM_BANK[4].u_sram/dataout[5]} constrained
{u_mem/bank_rdata[4][6]} M4 M7 high {u_mem/G_SRAM_BANK[4].u_sram/dataout[6]} constrained
{u_mem/bank_rdata[4][7]} M4 M7 high {u_mem/G_SRAM_BANK[4].u_sram/dataout[7]} constrained
{u_mem/bank_rdata[4][8]} M4 M7 high {u_mem/G_SRAM_BANK[4].u_sram/dataout[8]} constrained
{u_mem/bank_rdata[4][9]} M4 M7 high {u_mem/G_SRAM_BANK[4].u_sram/dataout[9]} constrained
{u_mem/bank_rdata[4][10]} M4 M7 high {u_mem/G_SRAM_BANK[4].u_sram/dataout[10]} constrained
{u_mem/bank_rdata[4][11]} M4 M7 high {u_mem/G_SRAM_BANK[4].u_sram/dataout[11]} constrained
{u_mem/bank_rdata[4][12]} M4 M7 high {u_mem/G_SRAM_BANK[4].u_sram/dataout[12]} constrained
{u_mem/bank_rdata[4][13]} M4 M7 high {u_mem/G_SRAM_BANK[4].u_sram/dataout[13]} constrained
{u_mem/bank_rdata[4][14]} M4 M7 high {u_mem/G_SRAM_BANK[4].u_sram/dataout[14]} constrained
{u_mem/bank_rdata[4][15]} M4 M7 high {u_mem/G_SRAM_BANK[4].u_sram/dataout[15]} constrained
{u_mem/bank_rdata[4][16]} M4 M7 high {u_mem/G_SRAM_BANK[4].u_sram/dataout[16]} constrained
{u_mem/bank_rdata[4][17]} M4 M7 high {u_mem/G_SRAM_BANK[4].u_sram/dataout[17]} constrained
{u_mem/bank_rdata[4][18]} M4 M7 high {u_mem/G_SRAM_BANK[4].u_sram/dataout[18]} constrained
{u_mem/bank_rdata[4][19]} M4 M7 high {u_mem/G_SRAM_BANK[4].u_sram/dataout[19]} constrained
{u_mem/bank_rdata[4][20]} M4 M7 high {u_mem/G_SRAM_BANK[4].u_sram/dataout[20]} constrained
{u_mem/bank_rdata[4][21]} M4 M7 high {u_mem/G_SRAM_BANK[4].u_sram/dataout[21]} constrained
{u_mem/bank_rdata[4][22]} M4 M7 high {u_mem/G_SRAM_BANK[4].u_sram/dataout[22]} constrained
{u_mem/bank_rdata[4][23]} M4 M7 high {u_mem/G_SRAM_BANK[4].u_sram/dataout[23]} constrained
{u_mem/bank_rdata[4][24]} M4 M7 high {u_mem/G_SRAM_BANK[4].u_sram/dataout[24]} constrained
{u_mem/bank_rdata[4][25]} M4 M7 high {u_mem/G_SRAM_BANK[4].u_sram/dataout[25]} constrained
{u_mem/bank_rdata[4][26]} M4 M7 high {u_mem/G_SRAM_BANK[4].u_sram/dataout[26]} constrained
{u_mem/bank_rdata[4][27]} M4 M7 high {u_mem/G_SRAM_BANK[4].u_sram/dataout[27]} constrained
{u_mem/bank_rdata[4][28]} M4 M7 high {u_mem/G_SRAM_BANK[4].u_sram/dataout[28]} constrained
{u_mem/bank_rdata[4][29]} M4 M7 high {u_mem/G_SRAM_BANK[4].u_sram/dataout[29]} constrained
{u_mem/bank_rdata[4][30]} M4 M7 high {u_mem/G_SRAM_BANK[4].u_sram/dataout[30]} constrained
{u_mem/bank_rdata[4][31]} M4 M7 high {u_mem/G_SRAM_BANK[4].u_sram/dataout[31]} constrained
{u_mem/bank_rdata[5][0]} M4 M7 high {u_mem/G_SRAM_BANK[5].u_sram/dataout[0]} constrained
{u_mem/bank_rdata[5][1]} M4 M7 high {u_mem/G_SRAM_BANK[5].u_sram/dataout[1]} constrained
{u_mem/bank_rdata[5][2]} M4 M7 high {u_mem/G_SRAM_BANK[5].u_sram/dataout[2]} constrained
{u_mem/bank_rdata[5][3]} M4 M7 high {u_mem/G_SRAM_BANK[5].u_sram/dataout[3]} constrained
{u_mem/bank_rdata[5][4]} M4 M7 high {u_mem/G_SRAM_BANK[5].u_sram/dataout[4]} constrained
{u_mem/bank_rdata[5][5]} M4 M7 high {u_mem/G_SRAM_BANK[5].u_sram/dataout[5]} constrained
{u_mem/bank_rdata[5][6]} M4 M7 high {u_mem/G_SRAM_BANK[5].u_sram/dataout[6]} constrained
{u_mem/bank_rdata[5][7]} M4 M7 high {u_mem/G_SRAM_BANK[5].u_sram/dataout[7]} constrained
{u_mem/bank_rdata[5][8]} M4 M7 high {u_mem/G_SRAM_BANK[5].u_sram/dataout[8]} constrained
{u_mem/bank_rdata[5][9]} M4 M7 high {u_mem/G_SRAM_BANK[5].u_sram/dataout[9]} constrained
{u_mem/bank_rdata[5][10]} M4 M7 high {u_mem/G_SRAM_BANK[5].u_sram/dataout[10]} constrained
{u_mem/bank_rdata[5][11]} M4 M7 high {u_mem/G_SRAM_BANK[5].u_sram/dataout[11]} constrained
{u_mem/bank_rdata[5][12]} M4 M7 high {u_mem/G_SRAM_BANK[5].u_sram/dataout[12]} constrained
{u_mem/bank_rdata[5][13]} M4 M7 high {u_mem/G_SRAM_BANK[5].u_sram/dataout[13]} constrained
{u_mem/bank_rdata[5][14]} M4 M7 high {u_mem/G_SRAM_BANK[5].u_sram/dataout[14]} constrained
{u_mem/bank_rdata[5][15]} M4 M7 high {u_mem/G_SRAM_BANK[5].u_sram/dataout[15]} constrained
{u_mem/bank_rdata[5][16]} M4 M7 high {u_mem/G_SRAM_BANK[5].u_sram/dataout[16]} constrained
{u_mem/bank_rdata[5][17]} M4 M7 high {u_mem/G_SRAM_BANK[5].u_sram/dataout[17]} constrained
{u_mem/bank_rdata[5][18]} M4 M7 high {u_mem/G_SRAM_BANK[5].u_sram/dataout[18]} constrained
{u_mem/bank_rdata[5][19]} M4 M7 high {u_mem/G_SRAM_BANK[5].u_sram/dataout[19]} constrained
{u_mem/bank_rdata[5][20]} M4 M7 high {u_mem/G_SRAM_BANK[5].u_sram/dataout[20]} constrained
{u_mem/bank_rdata[5][21]} M4 M7 high {u_mem/G_SRAM_BANK[5].u_sram/dataout[21]} constrained
{u_mem/bank_rdata[5][22]} M4 M7 high {u_mem/G_SRAM_BANK[5].u_sram/dataout[22]} constrained
{u_mem/bank_rdata[5][23]} M4 M7 high {u_mem/G_SRAM_BANK[5].u_sram/dataout[23]} constrained
{u_mem/bank_rdata[5][24]} M4 M7 high {u_mem/G_SRAM_BANK[5].u_sram/dataout[24]} constrained
{u_mem/bank_rdata[5][25]} M4 M7 high {u_mem/G_SRAM_BANK[5].u_sram/dataout[25]} constrained
{u_mem/bank_rdata[5][26]} M4 M7 high {u_mem/G_SRAM_BANK[5].u_sram/dataout[26]} constrained
{u_mem/bank_rdata[5][27]} M4 M7 high {u_mem/G_SRAM_BANK[5].u_sram/dataout[27]} constrained
{u_mem/bank_rdata[5][28]} M4 M7 high {u_mem/G_SRAM_BANK[5].u_sram/dataout[28]} constrained
{u_mem/bank_rdata[5][29]} M4 M7 high {u_mem/G_SRAM_BANK[5].u_sram/dataout[29]} constrained
{u_mem/bank_rdata[5][30]} M4 M7 high {u_mem/G_SRAM_BANK[5].u_sram/dataout[30]} constrained
{u_mem/bank_rdata[5][31]} M4 M7 high {u_mem/G_SRAM_BANK[5].u_sram/dataout[31]} constrained
{u_mem/bank_rdata[6][0]} M4 M7 high {u_mem/G_SRAM_BANK[6].u_sram/dataout[0]} constrained
{u_mem/bank_rdata[6][1]} M4 M7 high {u_mem/G_SRAM_BANK[6].u_sram/dataout[1]} constrained
{u_mem/bank_rdata[6][2]} M4 M7 high {u_mem/G_SRAM_BANK[6].u_sram/dataout[2]} constrained
{u_mem/bank_rdata[6][3]} M4 M7 high {u_mem/G_SRAM_BANK[6].u_sram/dataout[3]} constrained
{u_mem/bank_rdata[6][4]} M4 M7 high {u_mem/G_SRAM_BANK[6].u_sram/dataout[4]} constrained
{u_mem/bank_rdata[6][5]} M4 M7 high {u_mem/G_SRAM_BANK[6].u_sram/dataout[5]} constrained
{u_mem/bank_rdata[6][6]} M4 M7 high {u_mem/G_SRAM_BANK[6].u_sram/dataout[6]} constrained
{u_mem/bank_rdata[6][7]} M4 M7 high {u_mem/G_SRAM_BANK[6].u_sram/dataout[7]} constrained
{u_mem/bank_rdata[6][8]} M4 M7 high {u_mem/G_SRAM_BANK[6].u_sram/dataout[8]} constrained
{u_mem/bank_rdata[6][9]} M4 M7 high {u_mem/G_SRAM_BANK[6].u_sram/dataout[9]} constrained
{u_mem/bank_rdata[6][10]} M4 M7 high {u_mem/G_SRAM_BANK[6].u_sram/dataout[10]} constrained
{u_mem/bank_rdata[6][11]} M4 M7 high {u_mem/G_SRAM_BANK[6].u_sram/dataout[11]} constrained
{u_mem/bank_rdata[6][12]} M4 M7 high {u_mem/G_SRAM_BANK[6].u_sram/dataout[12]} constrained
{u_mem/bank_rdata[6][13]} M4 M7 high {u_mem/G_SRAM_BANK[6].u_sram/dataout[13]} constrained
{u_mem/bank_rdata[6][14]} M4 M7 high {u_mem/G_SRAM_BANK[6].u_sram/dataout[14]} constrained
{u_mem/bank_rdata[6][15]} M4 M7 high {u_mem/G_SRAM_BANK[6].u_sram/dataout[15]} constrained
{u_mem/bank_rdata[6][16]} M4 M7 high {u_mem/G_SRAM_BANK[6].u_sram/dataout[16]} constrained
{u_mem/bank_rdata[6][17]} M4 M7 high {u_mem/G_SRAM_BANK[6].u_sram/dataout[17]} constrained
{u_mem/bank_rdata[6][18]} M4 M7 high {u_mem/G_SRAM_BANK[6].u_sram/dataout[18]} constrained
{u_mem/bank_rdata[6][19]} M4 M7 high {u_mem/G_SRAM_BANK[6].u_sram/dataout[19]} constrained
{u_mem/bank_rdata[6][20]} M4 M7 high {u_mem/G_SRAM_BANK[6].u_sram/dataout[20]} constrained
{u_mem/bank_rdata[6][21]} M4 M7 high {u_mem/G_SRAM_BANK[6].u_sram/dataout[21]} constrained
{u_mem/bank_rdata[6][22]} M4 M7 high {u_mem/G_SRAM_BANK[6].u_sram/dataout[22]} constrained
{u_mem/bank_rdata[6][23]} M4 M7 high {u_mem/G_SRAM_BANK[6].u_sram/dataout[23]} constrained
{u_mem/bank_rdata[6][24]} M4 M7 high {u_mem/G_SRAM_BANK[6].u_sram/dataout[24]} constrained
{u_mem/bank_rdata[6][25]} M4 M7 high {u_mem/G_SRAM_BANK[6].u_sram/dataout[25]} constrained
{u_mem/bank_rdata[6][26]} M4 M7 high {u_mem/G_SRAM_BANK[6].u_sram/dataout[26]} constrained
{u_mem/bank_rdata[6][27]} M4 M7 high {u_mem/G_SRAM_BANK[6].u_sram/dataout[27]} constrained
{u_mem/bank_rdata[6][28]} M4 M7 high {u_mem/G_SRAM_BANK[6].u_sram/dataout[28]} constrained
{u_mem/bank_rdata[6][29]} M4 M7 high {u_mem/G_SRAM_BANK[6].u_sram/dataout[29]} constrained
{u_mem/bank_rdata[6][30]} M4 M7 high {u_mem/G_SRAM_BANK[6].u_sram/dataout[30]} constrained
{u_mem/bank_rdata[6][31]} M4 M7 high {u_mem/G_SRAM_BANK[6].u_sram/dataout[31]} constrained
{u_mem/bank_rdata[7][0]} M4 M7 high {u_mem/G_SRAM_BANK[7].u_sram/dataout[0]} constrained
{u_mem/bank_rdata[7][1]} M4 M7 high {u_mem/G_SRAM_BANK[7].u_sram/dataout[1]} constrained
{u_mem/bank_rdata[7][2]} M4 M7 high {u_mem/G_SRAM_BANK[7].u_sram/dataout[2]} constrained
{u_mem/bank_rdata[7][3]} M4 M7 high {u_mem/G_SRAM_BANK[7].u_sram/dataout[3]} constrained
{u_mem/bank_rdata[7][4]} M4 M7 high {u_mem/G_SRAM_BANK[7].u_sram/dataout[4]} constrained
{u_mem/bank_rdata[7][5]} M4 M7 high {u_mem/G_SRAM_BANK[7].u_sram/dataout[5]} constrained
{u_mem/bank_rdata[7][6]} M4 M7 high {u_mem/G_SRAM_BANK[7].u_sram/dataout[6]} constrained
{u_mem/bank_rdata[7][7]} M4 M7 high {u_mem/G_SRAM_BANK[7].u_sram/dataout[7]} constrained
{u_mem/bank_rdata[7][8]} M4 M7 high {u_mem/G_SRAM_BANK[7].u_sram/dataout[8]} constrained
{u_mem/bank_rdata[7][9]} M4 M7 high {u_mem/G_SRAM_BANK[7].u_sram/dataout[9]} constrained
{u_mem/bank_rdata[7][10]} M4 M7 high {u_mem/G_SRAM_BANK[7].u_sram/dataout[10]} constrained
{u_mem/bank_rdata[7][11]} M4 M7 high {u_mem/G_SRAM_BANK[7].u_sram/dataout[11]} constrained
{u_mem/bank_rdata[7][12]} M4 M7 high {u_mem/G_SRAM_BANK[7].u_sram/dataout[12]} constrained
{u_mem/bank_rdata[7][13]} M4 M7 high {u_mem/G_SRAM_BANK[7].u_sram/dataout[13]} constrained
{u_mem/bank_rdata[7][14]} M4 M7 high {u_mem/G_SRAM_BANK[7].u_sram/dataout[14]} constrained
{u_mem/bank_rdata[7][15]} M4 M7 high {u_mem/G_SRAM_BANK[7].u_sram/dataout[15]} constrained
{u_mem/bank_rdata[7][16]} M4 M7 high {u_mem/G_SRAM_BANK[7].u_sram/dataout[16]} constrained
{u_mem/bank_rdata[7][17]} M4 M7 high {u_mem/G_SRAM_BANK[7].u_sram/dataout[17]} constrained
{u_mem/bank_rdata[7][18]} M4 M7 high {u_mem/G_SRAM_BANK[7].u_sram/dataout[18]} constrained
{u_mem/bank_rdata[7][19]} M4 M7 high {u_mem/G_SRAM_BANK[7].u_sram/dataout[19]} constrained
{u_mem/bank_rdata[7][20]} M4 M7 high {u_mem/G_SRAM_BANK[7].u_sram/dataout[20]} constrained
{u_mem/bank_rdata[7][21]} M4 M7 high {u_mem/G_SRAM_BANK[7].u_sram/dataout[21]} constrained
{u_mem/bank_rdata[7][22]} M4 M7 high {u_mem/G_SRAM_BANK[7].u_sram/dataout[22]} constrained
{u_mem/bank_rdata[7][23]} M4 M7 high {u_mem/G_SRAM_BANK[7].u_sram/dataout[23]} constrained
{u_mem/bank_rdata[7][24]} M4 M7 high {u_mem/G_SRAM_BANK[7].u_sram/dataout[24]} constrained
{u_mem/bank_rdata[7][25]} M4 M7 high {u_mem/G_SRAM_BANK[7].u_sram/dataout[25]} constrained
{u_mem/bank_rdata[7][26]} M4 M7 high {u_mem/G_SRAM_BANK[7].u_sram/dataout[26]} constrained
{u_mem/bank_rdata[7][27]} M4 M7 high {u_mem/G_SRAM_BANK[7].u_sram/dataout[27]} constrained
{u_mem/bank_rdata[7][28]} M4 M7 high {u_mem/G_SRAM_BANK[7].u_sram/dataout[28]} constrained
{u_mem/bank_rdata[7][29]} M4 M7 high {u_mem/G_SRAM_BANK[7].u_sram/dataout[29]} constrained
{u_mem/bank_rdata[7][30]} M4 M7 high {u_mem/G_SRAM_BANK[7].u_sram/dataout[30]} constrained
{u_mem/bank_rdata[7][31]} M4 M7 high {u_mem/G_SRAM_BANK[7].u_sram/dataout[31]} constrained
{u_mem/bank_rdata[8][0]} M4 M7 high {u_mem/G_SRAM_BANK[8].u_sram/dataout[0]} constrained
{u_mem/bank_rdata[8][1]} M4 M7 high {u_mem/G_SRAM_BANK[8].u_sram/dataout[1]} constrained
{u_mem/bank_rdata[8][2]} M4 M7 high {u_mem/G_SRAM_BANK[8].u_sram/dataout[2]} constrained
{u_mem/bank_rdata[8][3]} M4 M7 high {u_mem/G_SRAM_BANK[8].u_sram/dataout[3]} constrained
{u_mem/bank_rdata[8][4]} M4 M7 high {u_mem/G_SRAM_BANK[8].u_sram/dataout[4]} constrained
{u_mem/bank_rdata[8][5]} M4 M7 high {u_mem/G_SRAM_BANK[8].u_sram/dataout[5]} constrained
{u_mem/bank_rdata[8][6]} M4 M7 high {u_mem/G_SRAM_BANK[8].u_sram/dataout[6]} constrained
{u_mem/bank_rdata[8][7]} M4 M7 high {u_mem/G_SRAM_BANK[8].u_sram/dataout[7]} constrained
{u_mem/bank_rdata[8][8]} M4 M7 high {u_mem/G_SRAM_BANK[8].u_sram/dataout[8]} constrained
{u_mem/bank_rdata[8][9]} M4 M7 high {u_mem/G_SRAM_BANK[8].u_sram/dataout[9]} constrained
{u_mem/bank_rdata[8][10]} M4 M7 high {u_mem/G_SRAM_BANK[8].u_sram/dataout[10]} constrained
{u_mem/bank_rdata[8][11]} M4 M7 high {u_mem/G_SRAM_BANK[8].u_sram/dataout[11]} constrained
{u_mem/bank_rdata[8][12]} M4 M7 high {u_mem/G_SRAM_BANK[8].u_sram/dataout[12]} constrained
{u_mem/bank_rdata[8][13]} M4 M7 high {u_mem/G_SRAM_BANK[8].u_sram/dataout[13]} constrained
{u_mem/bank_rdata[8][14]} M4 M7 high {u_mem/G_SRAM_BANK[8].u_sram/dataout[14]} constrained
{u_mem/bank_rdata[8][15]} M4 M7 high {u_mem/G_SRAM_BANK[8].u_sram/dataout[15]} constrained
{u_mem/bank_rdata[8][16]} M4 M7 high {u_mem/G_SRAM_BANK[8].u_sram/dataout[16]} constrained
{u_mem/bank_rdata[8][17]} M4 M7 high {u_mem/G_SRAM_BANK[8].u_sram/dataout[17]} constrained
{u_mem/bank_rdata[8][18]} M4 M7 high {u_mem/G_SRAM_BANK[8].u_sram/dataout[18]} constrained
{u_mem/bank_rdata[8][19]} M4 M7 high {u_mem/G_SRAM_BANK[8].u_sram/dataout[19]} constrained
{u_mem/bank_rdata[8][20]} M4 M7 high {u_mem/G_SRAM_BANK[8].u_sram/dataout[20]} constrained
{u_mem/bank_rdata[8][21]} M4 M7 high {u_mem/G_SRAM_BANK[8].u_sram/dataout[21]} constrained
{u_mem/bank_rdata[8][22]} M4 M7 high {u_mem/G_SRAM_BANK[8].u_sram/dataout[22]} constrained
{u_mem/bank_rdata[8][23]} M4 M7 high {u_mem/G_SRAM_BANK[8].u_sram/dataout[23]} constrained
{u_mem/bank_rdata[8][24]} M4 M7 high {u_mem/G_SRAM_BANK[8].u_sram/dataout[24]} constrained
{u_mem/bank_rdata[8][25]} M4 M7 high {u_mem/G_SRAM_BANK[8].u_sram/dataout[25]} constrained
{u_mem/bank_rdata[8][26]} M4 M7 high {u_mem/G_SRAM_BANK[8].u_sram/dataout[26]} constrained
{u_mem/bank_rdata[8][27]} M4 M7 high {u_mem/G_SRAM_BANK[8].u_sram/dataout[27]} constrained
{u_mem/bank_rdata[8][28]} M4 M7 high {u_mem/G_SRAM_BANK[8].u_sram/dataout[28]} constrained
{u_mem/bank_rdata[8][29]} M4 M7 high {u_mem/G_SRAM_BANK[8].u_sram/dataout[29]} constrained
{u_mem/bank_rdata[8][30]} M4 M7 high {u_mem/G_SRAM_BANK[8].u_sram/dataout[30]} constrained
{u_mem/bank_rdata[8][31]} M4 M7 high {u_mem/G_SRAM_BANK[8].u_sram/dataout[31]} constrained
{u_mem/bank_rdata[9][0]} M4 M7 high {u_mem/G_SRAM_BANK[9].u_sram/dataout[0]} constrained
{u_mem/bank_rdata[9][1]} M4 M7 high {u_mem/G_SRAM_BANK[9].u_sram/dataout[1]} constrained
{u_mem/bank_rdata[9][2]} M4 M7 high {u_mem/G_SRAM_BANK[9].u_sram/dataout[2]} constrained
{u_mem/bank_rdata[9][3]} M4 M7 high {u_mem/G_SRAM_BANK[9].u_sram/dataout[3]} constrained
{u_mem/bank_rdata[9][4]} M4 M7 high {u_mem/G_SRAM_BANK[9].u_sram/dataout[4]} constrained
{u_mem/bank_rdata[9][5]} M4 M7 high {u_mem/G_SRAM_BANK[9].u_sram/dataout[5]} constrained
{u_mem/bank_rdata[9][6]} M4 M7 high {u_mem/G_SRAM_BANK[9].u_sram/dataout[6]} constrained
{u_mem/bank_rdata[9][7]} M4 M7 high {u_mem/G_SRAM_BANK[9].u_sram/dataout[7]} constrained
{u_mem/bank_rdata[9][8]} M4 M7 high {u_mem/G_SRAM_BANK[9].u_sram/dataout[8]} constrained
{u_mem/bank_rdata[9][9]} M4 M7 high {u_mem/G_SRAM_BANK[9].u_sram/dataout[9]} constrained
{u_mem/bank_rdata[9][10]} M4 M7 high {u_mem/G_SRAM_BANK[9].u_sram/dataout[10]} constrained
{u_mem/bank_rdata[9][11]} M4 M7 high {u_mem/G_SRAM_BANK[9].u_sram/dataout[11]} constrained
{u_mem/bank_rdata[9][12]} M4 M7 high {u_mem/G_SRAM_BANK[9].u_sram/dataout[12]} constrained
{u_mem/bank_rdata[9][13]} M4 M7 high {u_mem/G_SRAM_BANK[9].u_sram/dataout[13]} constrained
{u_mem/bank_rdata[9][14]} M4 M7 high {u_mem/G_SRAM_BANK[9].u_sram/dataout[14]} constrained
{u_mem/bank_rdata[9][15]} M4 M7 high {u_mem/G_SRAM_BANK[9].u_sram/dataout[15]} constrained
{u_mem/bank_rdata[9][16]} M4 M7 high {u_mem/G_SRAM_BANK[9].u_sram/dataout[16]} constrained
{u_mem/bank_rdata[9][17]} M4 M7 high {u_mem/G_SRAM_BANK[9].u_sram/dataout[17]} constrained
{u_mem/bank_rdata[9][18]} M4 M7 high {u_mem/G_SRAM_BANK[9].u_sram/dataout[18]} constrained
{u_mem/bank_rdata[9][19]} M4 M7 high {u_mem/G_SRAM_BANK[9].u_sram/dataout[19]} constrained
{u_mem/bank_rdata[9][20]} M4 M7 high {u_mem/G_SRAM_BANK[9].u_sram/dataout[20]} constrained
{u_mem/bank_rdata[9][21]} M4 M7 high {u_mem/G_SRAM_BANK[9].u_sram/dataout[21]} constrained
{u_mem/bank_rdata[9][22]} M4 M7 high {u_mem/G_SRAM_BANK[9].u_sram/dataout[22]} constrained
{u_mem/bank_rdata[9][23]} M4 M7 high {u_mem/G_SRAM_BANK[9].u_sram/dataout[23]} constrained
{u_mem/bank_rdata[9][24]} M4 M7 high {u_mem/G_SRAM_BANK[9].u_sram/dataout[24]} constrained
{u_mem/bank_rdata[9][25]} M4 M7 high {u_mem/G_SRAM_BANK[9].u_sram/dataout[25]} constrained
{u_mem/bank_rdata[9][26]} M4 M7 high {u_mem/G_SRAM_BANK[9].u_sram/dataout[26]} constrained
{u_mem/bank_rdata[9][27]} M4 M7 high {u_mem/G_SRAM_BANK[9].u_sram/dataout[27]} constrained
{u_mem/bank_rdata[9][28]} M4 M7 high {u_mem/G_SRAM_BANK[9].u_sram/dataout[28]} constrained
{u_mem/bank_rdata[9][29]} M4 M7 high {u_mem/G_SRAM_BANK[9].u_sram/dataout[29]} constrained
{u_mem/bank_rdata[9][30]} M4 M7 high {u_mem/G_SRAM_BANK[9].u_sram/dataout[30]} constrained
{u_mem/bank_rdata[9][31]} M4 M7 high {u_mem/G_SRAM_BANK[9].u_sram/dataout[31]} constrained
{u_mem/bank_rdata[10][0]} M4 M7 high {u_mem/G_SRAM_BANK[10].u_sram/dataout[0]} constrained
{u_mem/bank_rdata[10][1]} M4 M7 high {u_mem/G_SRAM_BANK[10].u_sram/dataout[1]} constrained
{u_mem/bank_rdata[10][2]} M4 M7 high {u_mem/G_SRAM_BANK[10].u_sram/dataout[2]} constrained
{u_mem/bank_rdata[10][3]} M4 M7 high {u_mem/G_SRAM_BANK[10].u_sram/dataout[3]} constrained
{u_mem/bank_rdata[10][4]} M4 M7 high {u_mem/G_SRAM_BANK[10].u_sram/dataout[4]} constrained
{u_mem/bank_rdata[10][5]} M4 M7 high {u_mem/G_SRAM_BANK[10].u_sram/dataout[5]} constrained
{u_mem/bank_rdata[10][6]} M4 M7 high {u_mem/G_SRAM_BANK[10].u_sram/dataout[6]} constrained
{u_mem/bank_rdata[10][7]} M4 M7 high {u_mem/G_SRAM_BANK[10].u_sram/dataout[7]} constrained
{u_mem/bank_rdata[10][8]} M4 M7 high {u_mem/G_SRAM_BANK[10].u_sram/dataout[8]} constrained
{u_mem/bank_rdata[10][9]} M4 M7 high {u_mem/G_SRAM_BANK[10].u_sram/dataout[9]} constrained
{u_mem/bank_rdata[10][10]} M4 M7 high {u_mem/G_SRAM_BANK[10].u_sram/dataout[10]} constrained
{u_mem/bank_rdata[10][11]} M4 M7 high {u_mem/G_SRAM_BANK[10].u_sram/dataout[11]} constrained
{u_mem/bank_rdata[10][12]} M4 M7 high {u_mem/G_SRAM_BANK[10].u_sram/dataout[12]} constrained
{u_mem/bank_rdata[10][13]} M4 M7 high {u_mem/G_SRAM_BANK[10].u_sram/dataout[13]} constrained
{u_mem/bank_rdata[10][14]} M4 M7 high {u_mem/G_SRAM_BANK[10].u_sram/dataout[14]} constrained
{u_mem/bank_rdata[10][15]} M4 M7 high {u_mem/G_SRAM_BANK[10].u_sram/dataout[15]} constrained
{u_mem/bank_rdata[10][16]} M4 M7 high {u_mem/G_SRAM_BANK[10].u_sram/dataout[16]} constrained
{u_mem/bank_rdata[10][17]} M4 M7 high {u_mem/G_SRAM_BANK[10].u_sram/dataout[17]} constrained
{u_mem/bank_rdata[10][18]} M4 M7 high {u_mem/G_SRAM_BANK[10].u_sram/dataout[18]} constrained
{u_mem/bank_rdata[10][19]} M4 M7 high {u_mem/G_SRAM_BANK[10].u_sram/dataout[19]} constrained
{u_mem/bank_rdata[10][20]} M4 M7 high {u_mem/G_SRAM_BANK[10].u_sram/dataout[20]} constrained
{u_mem/bank_rdata[10][21]} M4 M7 high {u_mem/G_SRAM_BANK[10].u_sram/dataout[21]} constrained
{u_mem/bank_rdata[10][22]} M4 M7 high {u_mem/G_SRAM_BANK[10].u_sram/dataout[22]} constrained
{u_mem/bank_rdata[10][23]} M4 M7 high {u_mem/G_SRAM_BANK[10].u_sram/dataout[23]} constrained
{u_mem/bank_rdata[10][24]} M4 M7 high {u_mem/G_SRAM_BANK[10].u_sram/dataout[24]} constrained
{u_mem/bank_rdata[10][25]} M4 M7 high {u_mem/G_SRAM_BANK[10].u_sram/dataout[25]} constrained
{u_mem/bank_rdata[10][26]} M4 M7 high {u_mem/G_SRAM_BANK[10].u_sram/dataout[26]} constrained
{u_mem/bank_rdata[10][27]} M4 M7 high {u_mem/G_SRAM_BANK[10].u_sram/dataout[27]} constrained
{u_mem/bank_rdata[10][28]} M4 M7 high {u_mem/G_SRAM_BANK[10].u_sram/dataout[28]} constrained
{u_mem/bank_rdata[10][29]} M4 M7 high {u_mem/G_SRAM_BANK[10].u_sram/dataout[29]} constrained
{u_mem/bank_rdata[10][30]} M4 M7 high {u_mem/G_SRAM_BANK[10].u_sram/dataout[30]} constrained
{u_mem/bank_rdata[10][31]} M4 M7 high {u_mem/G_SRAM_BANK[10].u_sram/dataout[31]} constrained
{u_mem/bank_rdata[11][0]} M4 M7 high {u_mem/G_SRAM_BANK[11].u_sram/dataout[0]} constrained
{u_mem/bank_rdata[11][1]} M4 M7 high {u_mem/G_SRAM_BANK[11].u_sram/dataout[1]} constrained
{u_mem/bank_rdata[11][2]} M4 M7 high {u_mem/G_SRAM_BANK[11].u_sram/dataout[2]} constrained
{u_mem/bank_rdata[11][3]} M4 M7 high {u_mem/G_SRAM_BANK[11].u_sram/dataout[3]} constrained
{u_mem/bank_rdata[11][4]} M4 M7 high {u_mem/G_SRAM_BANK[11].u_sram/dataout[4]} constrained
{u_mem/bank_rdata[11][5]} M4 M7 high {u_mem/G_SRAM_BANK[11].u_sram/dataout[5]} constrained
{u_mem/bank_rdata[11][6]} M4 M7 high {u_mem/G_SRAM_BANK[11].u_sram/dataout[6]} constrained
{u_mem/bank_rdata[11][7]} M4 M7 high {u_mem/G_SRAM_BANK[11].u_sram/dataout[7]} constrained
{u_mem/bank_rdata[11][8]} M4 M7 high {u_mem/G_SRAM_BANK[11].u_sram/dataout[8]} constrained
{u_mem/bank_rdata[11][9]} M4 M7 high {u_mem/G_SRAM_BANK[11].u_sram/dataout[9]} constrained
{u_mem/bank_rdata[11][10]} M4 M7 high {u_mem/G_SRAM_BANK[11].u_sram/dataout[10]} constrained
{u_mem/bank_rdata[11][11]} M4 M7 high {u_mem/G_SRAM_BANK[11].u_sram/dataout[11]} constrained
{u_mem/bank_rdata[11][12]} M4 M7 high {u_mem/G_SRAM_BANK[11].u_sram/dataout[12]} constrained
{u_mem/bank_rdata[11][13]} M4 M7 high {u_mem/G_SRAM_BANK[11].u_sram/dataout[13]} constrained
{u_mem/bank_rdata[11][14]} M4 M7 high {u_mem/G_SRAM_BANK[11].u_sram/dataout[14]} constrained
{u_mem/bank_rdata[11][15]} M4 M7 high {u_mem/G_SRAM_BANK[11].u_sram/dataout[15]} constrained
{u_mem/bank_rdata[11][16]} M4 M7 high {u_mem/G_SRAM_BANK[11].u_sram/dataout[16]} constrained
{u_mem/bank_rdata[11][17]} M4 M7 high {u_mem/G_SRAM_BANK[11].u_sram/dataout[17]} constrained
{u_mem/bank_rdata[11][18]} M4 M7 high {u_mem/G_SRAM_BANK[11].u_sram/dataout[18]} constrained
{u_mem/bank_rdata[11][19]} M4 M7 high {u_mem/G_SRAM_BANK[11].u_sram/dataout[19]} constrained
{u_mem/bank_rdata[11][20]} M4 M7 high {u_mem/G_SRAM_BANK[11].u_sram/dataout[20]} constrained
{u_mem/bank_rdata[11][21]} M4 M7 high {u_mem/G_SRAM_BANK[11].u_sram/dataout[21]} constrained
{u_mem/bank_rdata[11][22]} M4 M7 high {u_mem/G_SRAM_BANK[11].u_sram/dataout[22]} constrained
{u_mem/bank_rdata[11][23]} M4 M7 high {u_mem/G_SRAM_BANK[11].u_sram/dataout[23]} constrained
{u_mem/bank_rdata[11][24]} M4 M7 high {u_mem/G_SRAM_BANK[11].u_sram/dataout[24]} constrained
{u_mem/bank_rdata[11][25]} M4 M7 high {u_mem/G_SRAM_BANK[11].u_sram/dataout[25]} constrained
{u_mem/bank_rdata[11][26]} M4 M7 high {u_mem/G_SRAM_BANK[11].u_sram/dataout[26]} constrained
{u_mem/bank_rdata[11][27]} M4 M7 high {u_mem/G_SRAM_BANK[11].u_sram/dataout[27]} constrained
{u_mem/bank_rdata[11][28]} M4 M7 high {u_mem/G_SRAM_BANK[11].u_sram/dataout[28]} constrained
{u_mem/bank_rdata[11][29]} M4 M7 high {u_mem/G_SRAM_BANK[11].u_sram/dataout[29]} constrained
{u_mem/bank_rdata[11][30]} M4 M7 high {u_mem/G_SRAM_BANK[11].u_sram/dataout[30]} constrained
{u_mem/bank_rdata[11][31]} M4 M7 high {u_mem/G_SRAM_BANK[11].u_sram/dataout[31]} constrained
{u_mem/bank_rdata[12][0]} M4 M7 high {u_mem/G_SRAM_BANK[12].u_sram/dataout[0]} constrained
{u_mem/bank_rdata[12][1]} M4 M7 high {u_mem/G_SRAM_BANK[12].u_sram/dataout[1]} constrained
{u_mem/bank_rdata[12][2]} M4 M7 high {u_mem/G_SRAM_BANK[12].u_sram/dataout[2]} constrained
{u_mem/bank_rdata[12][3]} M4 M7 high {u_mem/G_SRAM_BANK[12].u_sram/dataout[3]} constrained
{u_mem/bank_rdata[12][4]} M4 M7 high {u_mem/G_SRAM_BANK[12].u_sram/dataout[4]} constrained
{u_mem/bank_rdata[12][5]} M4 M7 high {u_mem/G_SRAM_BANK[12].u_sram/dataout[5]} constrained
{u_mem/bank_rdata[12][6]} M4 M7 high {u_mem/G_SRAM_BANK[12].u_sram/dataout[6]} constrained
{u_mem/bank_rdata[12][7]} M4 M7 high {u_mem/G_SRAM_BANK[12].u_sram/dataout[7]} constrained
{u_mem/bank_rdata[12][8]} M4 M7 high {u_mem/G_SRAM_BANK[12].u_sram/dataout[8]} constrained
{u_mem/bank_rdata[12][9]} M4 M7 high {u_mem/G_SRAM_BANK[12].u_sram/dataout[9]} constrained
{u_mem/bank_rdata[12][10]} M4 M7 high {u_mem/G_SRAM_BANK[12].u_sram/dataout[10]} constrained
{u_mem/bank_rdata[12][11]} M4 M7 high {u_mem/G_SRAM_BANK[12].u_sram/dataout[11]} constrained
{u_mem/bank_rdata[12][12]} M4 M7 high {u_mem/G_SRAM_BANK[12].u_sram/dataout[12]} constrained
{u_mem/bank_rdata[12][13]} M4 M7 high {u_mem/G_SRAM_BANK[12].u_sram/dataout[13]} constrained
{u_mem/bank_rdata[12][14]} M4 M7 high {u_mem/G_SRAM_BANK[12].u_sram/dataout[14]} constrained
{u_mem/bank_rdata[12][15]} M4 M7 high {u_mem/G_SRAM_BANK[12].u_sram/dataout[15]} constrained
{u_mem/bank_rdata[12][16]} M4 M7 high {u_mem/G_SRAM_BANK[12].u_sram/dataout[16]} constrained
{u_mem/bank_rdata[12][17]} M4 M7 high {u_mem/G_SRAM_BANK[12].u_sram/dataout[17]} constrained
{u_mem/bank_rdata[12][18]} M4 M7 high {u_mem/G_SRAM_BANK[12].u_sram/dataout[18]} constrained
{u_mem/bank_rdata[12][19]} M4 M7 high {u_mem/G_SRAM_BANK[12].u_sram/dataout[19]} constrained
{u_mem/bank_rdata[12][20]} M4 M7 high {u_mem/G_SRAM_BANK[12].u_sram/dataout[20]} constrained
{u_mem/bank_rdata[12][21]} M4 M7 high {u_mem/G_SRAM_BANK[12].u_sram/dataout[21]} constrained
{u_mem/bank_rdata[12][22]} M4 M7 high {u_mem/G_SRAM_BANK[12].u_sram/dataout[22]} constrained
{u_mem/bank_rdata[12][23]} M4 M7 high {u_mem/G_SRAM_BANK[12].u_sram/dataout[23]} constrained
{u_mem/bank_rdata[12][24]} M4 M7 high {u_mem/G_SRAM_BANK[12].u_sram/dataout[24]} constrained
{u_mem/bank_rdata[12][25]} M4 M7 high {u_mem/G_SRAM_BANK[12].u_sram/dataout[25]} constrained
{u_mem/bank_rdata[12][26]} M4 M7 high {u_mem/G_SRAM_BANK[12].u_sram/dataout[26]} constrained
{u_mem/bank_rdata[12][27]} M4 M7 high {u_mem/G_SRAM_BANK[12].u_sram/dataout[27]} constrained
{u_mem/bank_rdata[12][28]} M4 M7 high {u_mem/G_SRAM_BANK[12].u_sram/dataout[28]} constrained
{u_mem/bank_rdata[12][29]} M4 M7 high {u_mem/G_SRAM_BANK[12].u_sram/dataout[29]} constrained
{u_mem/bank_rdata[12][30]} M4 M7 high {u_mem/G_SRAM_BANK[12].u_sram/dataout[30]} constrained
{u_mem/bank_rdata[12][31]} M4 M7 high {u_mem/G_SRAM_BANK[12].u_sram/dataout[31]} constrained
{u_mem/bank_rdata[13][0]} M4 M7 high {u_mem/G_SRAM_BANK[13].u_sram/dataout[0]} constrained
{u_mem/bank_rdata[13][1]} M4 M7 high {u_mem/G_SRAM_BANK[13].u_sram/dataout[1]} constrained
{u_mem/bank_rdata[13][2]} M4 M7 high {u_mem/G_SRAM_BANK[13].u_sram/dataout[2]} constrained
{u_mem/bank_rdata[13][3]} M4 M7 high {u_mem/G_SRAM_BANK[13].u_sram/dataout[3]} constrained
{u_mem/bank_rdata[13][4]} M4 M7 high {u_mem/G_SRAM_BANK[13].u_sram/dataout[4]} constrained
{u_mem/bank_rdata[13][5]} M4 M7 high {u_mem/G_SRAM_BANK[13].u_sram/dataout[5]} constrained
{u_mem/bank_rdata[13][6]} M4 M7 high {u_mem/G_SRAM_BANK[13].u_sram/dataout[6]} constrained
{u_mem/bank_rdata[13][7]} M4 M7 high {u_mem/G_SRAM_BANK[13].u_sram/dataout[7]} constrained
{u_mem/bank_rdata[13][8]} M4 M7 high {u_mem/G_SRAM_BANK[13].u_sram/dataout[8]} constrained
{u_mem/bank_rdata[13][9]} M4 M7 high {u_mem/G_SRAM_BANK[13].u_sram/dataout[9]} constrained
{u_mem/bank_rdata[13][10]} M4 M7 high {u_mem/G_SRAM_BANK[13].u_sram/dataout[10]} constrained
{u_mem/bank_rdata[13][11]} M4 M7 high {u_mem/G_SRAM_BANK[13].u_sram/dataout[11]} constrained
{u_mem/bank_rdata[13][12]} M4 M7 high {u_mem/G_SRAM_BANK[13].u_sram/dataout[12]} constrained
{u_mem/bank_rdata[13][13]} M4 M7 high {u_mem/G_SRAM_BANK[13].u_sram/dataout[13]} constrained
{u_mem/bank_rdata[13][14]} M4 M7 high {u_mem/G_SRAM_BANK[13].u_sram/dataout[14]} constrained
{u_mem/bank_rdata[13][15]} M4 M7 high {u_mem/G_SRAM_BANK[13].u_sram/dataout[15]} constrained
{u_mem/bank_rdata[13][16]} M4 M7 high {u_mem/G_SRAM_BANK[13].u_sram/dataout[16]} constrained
{u_mem/bank_rdata[13][17]} M4 M7 high {u_mem/G_SRAM_BANK[13].u_sram/dataout[17]} constrained
{u_mem/bank_rdata[13][18]} M4 M7 high {u_mem/G_SRAM_BANK[13].u_sram/dataout[18]} constrained
{u_mem/bank_rdata[13][19]} M4 M7 high {u_mem/G_SRAM_BANK[13].u_sram/dataout[19]} constrained
{u_mem/bank_rdata[13][20]} M4 M7 high {u_mem/G_SRAM_BANK[13].u_sram/dataout[20]} constrained
{u_mem/bank_rdata[13][21]} M4 M7 high {u_mem/G_SRAM_BANK[13].u_sram/dataout[21]} constrained
{u_mem/bank_rdata[13][22]} M4 M7 high {u_mem/G_SRAM_BANK[13].u_sram/dataout[22]} constrained
{u_mem/bank_rdata[13][23]} M4 M7 high {u_mem/G_SRAM_BANK[13].u_sram/dataout[23]} constrained
{u_mem/bank_rdata[13][24]} M4 M7 high {u_mem/G_SRAM_BANK[13].u_sram/dataout[24]} constrained
{u_mem/bank_rdata[13][25]} M4 M7 high {u_mem/G_SRAM_BANK[13].u_sram/dataout[25]} constrained
{u_mem/bank_rdata[13][26]} M4 M7 high {u_mem/G_SRAM_BANK[13].u_sram/dataout[26]} constrained
{u_mem/bank_rdata[13][27]} M4 M7 high {u_mem/G_SRAM_BANK[13].u_sram/dataout[27]} constrained
{u_mem/bank_rdata[13][28]} M4 M7 high {u_mem/G_SRAM_BANK[13].u_sram/dataout[28]} constrained
{u_mem/bank_rdata[13][29]} M4 M7 high {u_mem/G_SRAM_BANK[13].u_sram/dataout[29]} constrained
{u_mem/bank_rdata[13][30]} M4 M7 high {u_mem/G_SRAM_BANK[13].u_sram/dataout[30]} constrained
{u_mem/bank_rdata[13][31]} M4 M7 high {u_mem/G_SRAM_BANK[13].u_sram/dataout[31]} constrained
{u_mem/bank_rdata[14][0]} M4 M7 high {u_mem/G_SRAM_BANK[14].u_sram/dataout[0]} constrained
{u_mem/bank_rdata[14][1]} M4 M7 high {u_mem/G_SRAM_BANK[14].u_sram/dataout[1]} constrained
{u_mem/bank_rdata[14][2]} M4 M7 high {u_mem/G_SRAM_BANK[14].u_sram/dataout[2]} constrained
{u_mem/bank_rdata[14][3]} M4 M7 high {u_mem/G_SRAM_BANK[14].u_sram/dataout[3]} constrained
{u_mem/bank_rdata[14][4]} M4 M7 high {u_mem/G_SRAM_BANK[14].u_sram/dataout[4]} constrained
{u_mem/bank_rdata[14][5]} M4 M7 high {u_mem/G_SRAM_BANK[14].u_sram/dataout[5]} constrained
{u_mem/bank_rdata[14][6]} M4 M7 high {u_mem/G_SRAM_BANK[14].u_sram/dataout[6]} constrained
{u_mem/bank_rdata[14][7]} M4 M7 high {u_mem/G_SRAM_BANK[14].u_sram/dataout[7]} constrained
{u_mem/bank_rdata[14][8]} M4 M7 high {u_mem/G_SRAM_BANK[14].u_sram/dataout[8]} constrained
{u_mem/bank_rdata[14][9]} M4 M7 high {u_mem/G_SRAM_BANK[14].u_sram/dataout[9]} constrained
{u_mem/bank_rdata[14][10]} M4 M7 high {u_mem/G_SRAM_BANK[14].u_sram/dataout[10]} constrained
{u_mem/bank_rdata[14][11]} M4 M7 high {u_mem/G_SRAM_BANK[14].u_sram/dataout[11]} constrained
{u_mem/bank_rdata[14][12]} M4 M7 high {u_mem/G_SRAM_BANK[14].u_sram/dataout[12]} constrained
{u_mem/bank_rdata[14][13]} M4 M7 high {u_mem/G_SRAM_BANK[14].u_sram/dataout[13]} constrained
{u_mem/bank_rdata[14][14]} M4 M7 high {u_mem/G_SRAM_BANK[14].u_sram/dataout[14]} constrained
{u_mem/bank_rdata[14][15]} M4 M7 high {u_mem/G_SRAM_BANK[14].u_sram/dataout[15]} constrained
{u_mem/bank_rdata[14][16]} M4 M7 high {u_mem/G_SRAM_BANK[14].u_sram/dataout[16]} constrained
{u_mem/bank_rdata[14][17]} M4 M7 high {u_mem/G_SRAM_BANK[14].u_sram/dataout[17]} constrained
{u_mem/bank_rdata[14][18]} M4 M7 high {u_mem/G_SRAM_BANK[14].u_sram/dataout[18]} constrained
{u_mem/bank_rdata[14][19]} M4 M7 high {u_mem/G_SRAM_BANK[14].u_sram/dataout[19]} constrained
{u_mem/bank_rdata[14][20]} M4 M7 high {u_mem/G_SRAM_BANK[14].u_sram/dataout[20]} constrained
{u_mem/bank_rdata[14][21]} M4 M7 high {u_mem/G_SRAM_BANK[14].u_sram/dataout[21]} constrained
{u_mem/bank_rdata[14][22]} M4 M7 high {u_mem/G_SRAM_BANK[14].u_sram/dataout[22]} constrained
{u_mem/bank_rdata[14][23]} M4 M7 high {u_mem/G_SRAM_BANK[14].u_sram/dataout[23]} constrained
{u_mem/bank_rdata[14][24]} M4 M7 high {u_mem/G_SRAM_BANK[14].u_sram/dataout[24]} constrained
{u_mem/bank_rdata[14][25]} M4 M7 high {u_mem/G_SRAM_BANK[14].u_sram/dataout[25]} constrained
{u_mem/bank_rdata[14][26]} M4 M7 high {u_mem/G_SRAM_BANK[14].u_sram/dataout[26]} constrained
{u_mem/bank_rdata[14][27]} M4 M7 high {u_mem/G_SRAM_BANK[14].u_sram/dataout[27]} constrained
{u_mem/bank_rdata[14][28]} M4 M7 high {u_mem/G_SRAM_BANK[14].u_sram/dataout[28]} constrained
{u_mem/bank_rdata[14][29]} M4 M7 high {u_mem/G_SRAM_BANK[14].u_sram/dataout[29]} constrained
{u_mem/bank_rdata[14][30]} M4 M7 high {u_mem/G_SRAM_BANK[14].u_sram/dataout[30]} constrained
{u_mem/bank_rdata[14][31]} M4 M7 high {u_mem/G_SRAM_BANK[14].u_sram/dataout[31]} constrained
{u_mem/bank_rdata[15][0]} M4 M7 high {u_mem/G_SRAM_BANK[15].u_sram/dataout[0]} constrained
{u_mem/bank_rdata[15][1]} M4 M7 high {u_mem/G_SRAM_BANK[15].u_sram/dataout[1]} constrained
{u_mem/bank_rdata[15][2]} M4 M7 high {u_mem/G_SRAM_BANK[15].u_sram/dataout[2]} constrained
{u_mem/bank_rdata[15][3]} M4 M7 high {u_mem/G_SRAM_BANK[15].u_sram/dataout[3]} constrained
{u_mem/bank_rdata[15][4]} M4 M7 high {u_mem/G_SRAM_BANK[15].u_sram/dataout[4]} constrained
{u_mem/bank_rdata[15][5]} M4 M7 high {u_mem/G_SRAM_BANK[15].u_sram/dataout[5]} constrained
{u_mem/bank_rdata[15][6]} M4 M7 high {u_mem/G_SRAM_BANK[15].u_sram/dataout[6]} constrained
{u_mem/bank_rdata[15][7]} M4 M7 high {u_mem/G_SRAM_BANK[15].u_sram/dataout[7]} constrained
{u_mem/bank_rdata[15][8]} M4 M7 high {u_mem/G_SRAM_BANK[15].u_sram/dataout[8]} constrained
{u_mem/bank_rdata[15][9]} M4 M7 high {u_mem/G_SRAM_BANK[15].u_sram/dataout[9]} constrained
{u_mem/bank_rdata[15][10]} M4 M7 high {u_mem/G_SRAM_BANK[15].u_sram/dataout[10]} constrained
{u_mem/bank_rdata[15][11]} M4 M7 high {u_mem/G_SRAM_BANK[15].u_sram/dataout[11]} constrained
{u_mem/bank_rdata[15][12]} M4 M7 high {u_mem/G_SRAM_BANK[15].u_sram/dataout[12]} constrained
{u_mem/bank_rdata[15][13]} M4 M7 high {u_mem/G_SRAM_BANK[15].u_sram/dataout[13]} constrained
{u_mem/bank_rdata[15][14]} M4 M7 high {u_mem/G_SRAM_BANK[15].u_sram/dataout[14]} constrained
{u_mem/bank_rdata[15][15]} M4 M7 high {u_mem/G_SRAM_BANK[15].u_sram/dataout[15]} constrained
{u_mem/bank_rdata[15][16]} M4 M7 high {u_mem/G_SRAM_BANK[15].u_sram/dataout[16]} constrained
{u_mem/bank_rdata[15][17]} M4 M7 high {u_mem/G_SRAM_BANK[15].u_sram/dataout[17]} constrained
{u_mem/bank_rdata[15][18]} M4 M7 high {u_mem/G_SRAM_BANK[15].u_sram/dataout[18]} constrained
{u_mem/bank_rdata[15][19]} M4 M7 high {u_mem/G_SRAM_BANK[15].u_sram/dataout[19]} constrained
{u_mem/bank_rdata[15][20]} M4 M7 high {u_mem/G_SRAM_BANK[15].u_sram/dataout[20]} constrained
{u_mem/bank_rdata[15][21]} M4 M7 high {u_mem/G_SRAM_BANK[15].u_sram/dataout[21]} constrained
{u_mem/bank_rdata[15][22]} M4 M7 high {u_mem/G_SRAM_BANK[15].u_sram/dataout[22]} constrained
{u_mem/bank_rdata[15][23]} M4 M7 high {u_mem/G_SRAM_BANK[15].u_sram/dataout[23]} constrained
{u_mem/bank_rdata[15][24]} M4 M7 high {u_mem/G_SRAM_BANK[15].u_sram/dataout[24]} constrained
{u_mem/bank_rdata[15][25]} M4 M7 high {u_mem/G_SRAM_BANK[15].u_sram/dataout[25]} constrained
{u_mem/bank_rdata[15][26]} M4 M7 high {u_mem/G_SRAM_BANK[15].u_sram/dataout[26]} constrained
{u_mem/bank_rdata[15][27]} M4 M7 high {u_mem/G_SRAM_BANK[15].u_sram/dataout[27]} constrained
{u_mem/bank_rdata[15][28]} M4 M7 high {u_mem/G_SRAM_BANK[15].u_sram/dataout[28]} constrained
{u_mem/bank_rdata[15][29]} M4 M7 high {u_mem/G_SRAM_BANK[15].u_sram/dataout[29]} constrained
{u_mem/bank_rdata[15][30]} M4 M7 high {u_mem/G_SRAM_BANK[15].u_sram/dataout[30]} constrained
{u_mem/bank_rdata[15][31]} M4 M7 high {u_mem/G_SRAM_BANK[15].u_sram/dataout[31]} constrained
u_mem/FE_GLN690_FE_OFN141_mem_wdata_26 M4 M7 high {u_mem/G_SRAM_BANK[13].u_sram/wd[26]} constrained
u_mem/FE_GLN693_FE_OFN678_n M4 M7 high {u_mem/G_SRAM_BANK[8].u_sram/wd[16]} constrained
u_mem/FE_GLN698_n_421 M4 M7 high {u_mem/G_SRAM_BANK[1].u_sram/banksel} constrained
u_mem/FE_OFN13_mem_wdata_30 M4 M7 high {u_mem/G_SRAM_BANK[12].u_sram/wd[30]} constrained
u_mem/FE_OFN14_mem_wdata_30 M4 M7 high {u_mem/G_SRAM_BANK[4].u_sram/wd[30]} constrained
u_mem/FE_OFN22_mem_wdata_1 M4 M7 high {u_mem/G_SRAM_BANK[9].u_sram/wd[1]} constrained
u_mem/FE_OFN23_mem_wdata_0 M4 M7 high {u_mem/G_SRAM_BANK[12].u_sram/wd[0]} constrained
u_mem/FE_OFN29_n_54 M4 M7 high {u_mem/G_SRAM_BANK[0].u_sram/write} constrained
u_mem/FE_OFN36_n_616 M4 M7 high {u_mem/G_SRAM_BANK[0].u_sram/read} constrained
u_mem/FE_OFN50_mem_addr_11 M4 M7 high {u_mem/G_SRAM_BANK[7].u_sram/ADDRESS[9]} constrained
u_mem/FE_OFN56_mem_addr_9 M4 M7 high {u_mem/G_SRAM_BANK[10].u_sram/ADDRESS[7]} constrained
u_mem/FE_OFN60_mem_addr_8 M4 M7 high {u_mem/G_SRAM_BANK[10].u_sram/ADDRESS[6]} constrained
u_mem/FE_OFN64_mem_addr_7 M4 M7 high {u_mem/G_SRAM_BANK[10].u_sram/ADDRESS[5]} constrained
u_mem/FE_OFN81_mem_addr_3 M4 M7 high {u_mem/G_SRAM_BANK[4].u_sram/ADDRESS[1]} constrained
u_mem/FE_OFN82_mem_addr_3 M4 M7 high {u_mem/G_SRAM_BANK[0].u_sram/ADDRESS[1]} constrained
u_mem/FE_OFN85_mem_addr_2 M4 M7 high {u_mem/G_SRAM_BANK[4].u_sram/ADDRESS[0]} constrained
u_mem/FE_OFN86_mem_addr_2 M4 M7 high {u_mem/G_SRAM_BANK[0].u_sram/ADDRESS[0]} constrained
u_mem/FE_OFN105_mem_wdata_29 M4 M7 high {u_mem/G_SRAM_BANK[13].u_sram/wd[29]} constrained
u_mem/FE_OFN106_mem_wdata_29 M4 M7 high {u_mem/G_SRAM_BANK[7].u_sram/wd[29]} constrained
u_mem/FE_OFN108_mem_wdata_28 M4 M7 high {u_mem/G_SRAM_BANK[7].u_sram/wd[28]} constrained
u_mem/FE_OFN112_mem_wdata_25 M4 M7 high {u_mem/G_SRAM_BANK[7].u_sram/wd[25]} constrained
u_mem/FE_OFN113_mem_wdata_25 M4 M7 high {u_mem/G_SRAM_BANK[0].u_sram/wd[25]} constrained
u_mem/FE_OFN118_mem_wdata_23 M4 M7 high {u_mem/G_SRAM_BANK[10].u_sram/wd[23]} constrained
u_mem/FE_OFN121_mem_wdata_19 M4 M7 high {u_mem/G_SRAM_BANK[8].u_sram/wd[19]} constrained
u_mem/FE_OFN122_mem_wdata_15 M4 M7 high {u_mem/G_SRAM_BANK[4].u_sram/wd[15]} constrained
u_mem/FE_OFN131_n_415 M4 M7 high {u_mem/G_SRAM_BANK[7].u_sram/banksel} constrained
u_mem/FE_OFN132_n_416 M4 M7 high {u_mem/G_SRAM_BANK[6].u_sram/banksel} constrained
u_mem/FE_OFN133_mem_wdata_31 M4 M7 high {u_mem/G_SRAM_BANK[4].u_sram/wd[31]} constrained
u_mem/FE_OFN135_mem_wdata_27 M4 M7 high {u_mem/G_SRAM_BANK[0].u_sram/wd[27]} constrained
u_mem/FE_OFN137_mem_wdata_27 M4 M7 high {u_mem/G_SRAM_BANK[8].u_sram/wd[27]} constrained
u_mem/FE_OFN142_mem_wdata_26 M4 M7 high {u_mem/G_SRAM_BANK[0].u_sram/wd[26]} constrained
u_mem/FE_OFN150_mem_wdata_22 M4 M7 high {u_mem/G_SRAM_BANK[0].u_sram/wd[22]} constrained
u_mem/FE_OFN153_mem_wdata_22 M4 M7 high {u_mem/G_SRAM_BANK[10].u_sram/wd[22]} constrained
u_mem/FE_OFN157_mem_wdata_21 M4 M7 high {u_mem/G_SRAM_BANK[4].u_sram/wd[21]} constrained
u_mem/FE_OFN158_mem_wdata_21 M4 M7 high {u_mem/G_SRAM_BANK[0].u_sram/wd[21]} constrained
u_mem/FE_OFN159_mem_wdata_21 M4 M7 high {u_mem/G_SRAM_BANK[10].u_sram/wd[21]} constrained
u_mem/FE_OFN160_mem_wdata_21 M4 M7 high {u_mem/G_SRAM_BANK[7].u_sram/wd[21]} constrained
u_mem/FE_OFN162_mem_wdata_20 M4 M7 high {u_mem/G_SRAM_BANK[10].u_sram/wd[20]} constrained
u_mem/FE_OFN179_mem_wdata_17 M4 M7 high {u_mem/G_SRAM_BANK[8].u_sram/wd[17]} constrained
u_mem/FE_OFN182_mem_wdata_16 M4 M7 high {u_mem/G_SRAM_BANK[0].u_sram/wd[16]} constrained
u_mem/FE_OFN190_n M4 M7 high {u_mem/G_SRAM_BANK[8].u_sram/wd[21]} constrained
u_mem/FE_OFN198_n M4 M7 high {u_mem/G_SRAM_BANK[4].u_sram/wd[19]} constrained
u_mem/FE_OFN201_n M4 M7 high {u_mem/G_SRAM_BANK[10].u_sram/wd[19]} constrained
u_mem/FE_OFN202_n M4 M7 high {u_mem/G_SRAM_BANK[0].u_sram/wd[19]} constrained
u_mem/FE_OFN210_n_616 M4 M7 high {u_mem/G_SRAM_BANK[8].u_sram/read} constrained
u_mem/FE_OFN211_n M4 M7 high {u_mem/G_SRAM_BANK[10].u_sram/wd[17]} constrained
u_mem/FE_OFN216_n M4 M7 high {u_mem/G_SRAM_BANK[7].u_sram/wd[19]} constrained
u_mem/FE_OFN228_mem_addr_10 M4 M7 high {u_mem/G_SRAM_BANK[10].u_sram/ADDRESS[8]} constrained
u_mem/FE_OFN234_n M4 M7 high {u_mem/G_SRAM_BANK[4].u_sram/wd[24]} constrained
u_mem/FE_OFN238_n M4 M7 high {u_mem/G_SRAM_BANK[0].u_sram/wd[31]} constrained
u_mem/FE_OFN239_n M4 M7 high {u_mem/G_SRAM_BANK[7].u_sram/wd[31]} constrained
u_mem/FE_OFN240_n M4 M7 high {u_mem/G_SRAM_BANK[1].u_sram/wd[31]} constrained
u_mem/FE_OFN252_n M4 M7 high {u_mem/G_SRAM_BANK[4].u_sram/wd[29]} constrained
u_mem/FE_OFN258_n_619 M4 M7 high {u_mem/G_SRAM_BANK[10].u_sram/write} constrained
u_mem/FE_OFN269_n M4 M7 high {u_mem/G_SRAM_BANK[4].u_sram/wd[16]} constrained
u_mem/FE_OFN273_n M4 M7 high {u_mem/G_SRAM_BANK[10].u_sram/wd[16]} constrained
u_mem/FE_OFN276_n M4 M7 high {u_mem/G_SRAM_BANK[7].u_sram/wd[16]} constrained
u_mem/FE_OFN280_n M4 M7 high {u_mem/G_SRAM_BANK[4].u_sram/wd[27]} constrained
u_mem/FE_OFN282_n M4 M7 high {u_mem/G_SRAM_BANK[4].u_sram/wd[9]} constrained
u_mem/FE_OFN283_n M4 M7 high {u_mem/G_SRAM_BANK[4].u_sram/wd[10]} constrained
u_mem/FE_OFN284_n M4 M7 high {u_mem/G_SRAM_BANK[4].u_sram/wd[11]} constrained
u_mem/FE_OFN286_n M4 M7 high {u_mem/G_SRAM_BANK[13].u_sram/wd[12]} constrained
u_mem/FE_OFN288_n M4 M7 high {u_mem/G_SRAM_BANK[8].u_sram/wd[12]} constrained
u_mem/FE_OFN290_n M4 M7 high {u_mem/G_SRAM_BANK[0].u_sram/wd[12]} constrained
u_mem/FE_OFN291_n M4 M7 high {u_mem/G_SRAM_BANK[4].u_sram/wd[13]} constrained
u_mem/FE_OFN292_n M4 M7 high {u_mem/G_SRAM_BANK[4].u_sram/wd[14]} constrained
u_mem/FE_OFN293_n M4 M7 high {u_mem/G_SRAM_BANK[0].u_sram/wd[15]} constrained
u_mem/FE_OFN294_n M4 M7 high {u_mem/G_SRAM_BANK[10].u_sram/wd[15]} constrained
u_mem/FE_OFN296_n M4 M7 high {u_mem/G_SRAM_BANK[8].u_sram/wd[15]} constrained
u_mem/FE_OFN297_n M4 M7 high {u_mem/G_SRAM_BANK[12].u_sram/wd[15]} constrained
u_mem/FE_OFN302_n M4 M7 high {u_mem/G_SRAM_BANK[8].u_sram/wd[1]} constrained
u_mem/FE_OFN304_n M4 M7 high {u_mem/G_SRAM_BANK[0].u_sram/wd[1]} constrained
u_mem/FE_OFN305_n M4 M7 high {u_mem/G_SRAM_BANK[4].u_sram/wd[1]} constrained
u_mem/FE_OFN306_n M4 M7 high {u_mem/G_SRAM_BANK[12].u_sram/wd[1]} constrained
u_mem/FE_OFN309_n M4 M7 high {u_mem/G_SRAM_BANK[4].u_sram/wd[2]} constrained
u_mem/FE_OFN310_n M4 M7 high {u_mem/G_SRAM_BANK[4].u_sram/wd[3]} constrained
u_mem/FE_OFN311_n M4 M7 high {u_mem/G_SRAM_BANK[4].u_sram/wd[4]} constrained
u_mem/FE_OFN312_n M4 M7 high {u_mem/G_SRAM_BANK[4].u_sram/wd[5]} constrained
u_mem/FE_OFN313_n M4 M7 high {u_mem/G_SRAM_BANK[4].u_sram/wd[6]} constrained
u_mem/FE_OFN314_n M4 M7 high {u_mem/G_SRAM_BANK[4].u_sram/wd[7]} constrained
u_mem/FE_OFN315_n M4 M7 high {u_mem/G_SRAM_BANK[4].u_sram/wd[8]} constrained
u_mem/FE_OFN317_n M4 M7 high {u_mem/G_SRAM_BANK[7].u_sram/wd[30]} constrained
u_mem/FE_OFN325_mem_wdata_29 M4 M7 high {u_mem/G_SRAM_BANK[0].u_sram/wd[29]} constrained
u_mem/FE_OFN640_n M4 M7 high {u_mem/G_SRAM_BANK[4].u_sram/wd[26]} constrained
u_mem/FE_OFN642_n M4 M7 high {u_mem/G_SRAM_BANK[4].u_sram/wd[25]} constrained
u_mem/FE_OFN648_mem_addr_7 M4 M7 high {u_mem/G_SRAM_BANK[3].u_sram/ADDRESS[5]} constrained
u_mem/FE_OFN656_n M4 M7 high {u_mem/G_SRAM_BANK[0].u_sram/wd[20]} constrained
u_mem/FE_OFN658_n M4 M7 high {u_mem/G_SRAM_BANK[10].u_sram/wd[25]} constrained
u_mem/FE_OFN660_n M4 M7 high {u_mem/G_SRAM_BANK[2].u_sram/ADDRESS[3]} constrained
u_mem/FE_OFN668_n M4 M7 high {u_mem/G_SRAM_BANK[12].u_sram/wd[31]} constrained
u_mem/FE_OFN672_n M4 M7 high {u_mem/G_SRAM_BANK[13].u_sram/wd[28]} constrained
u_mem/FE_OFN676_n M4 M7 high {u_mem/G_SRAM_BANK[0].u_sram/wd[23]} constrained
u_mem/FE_OFN681_n M4 M7 high {u_mem/G_SRAM_BANK[0].u_sram/wd[28]} constrained
u_mem/FE_OFN701_mem_wdata_12 M4 M7 high {u_mem/G_SRAM_BANK[10].u_sram/wd[12]} constrained
u_mem/FE_OFN702_mem_wdata_12 M4 M7 high {u_mem/G_SRAM_BANK[4].u_sram/wd[12]} constrained
u_mem/FE_OFN722_FE_GLN689 M4 M7 high {u_mem/G_SRAM_BANK[4].u_sram/wd[28]} constrained
u_mem/FE_OFN729_mem_addr_3 M4 M7 high {u_mem/G_SRAM_BANK[8].u_sram/ADDRESS[1]} constrained
u_mem/FE_OFN737_n M4 M7 high {u_mem/G_SRAM_BANK[7].u_sram/wd[24]} constrained
u_mem/FE_OFN739_n M4 M7 high {u_mem/G_SRAM_BANK[8].u_sram/wd[24]} constrained
u_mem/FE_OFN740_n M4 M7 high {u_mem/G_SRAM_BANK[0].u_sram/wd[24]} constrained
u_mem/FE_OFN741_n M4 M7 high {u_mem/G_SRAM_BANK[10].u_sram/wd[24]} constrained
u_mem/FE_OFN752_n M4 M7 high {u_mem/G_SRAM_BANK[8].u_sram/ADDRESS[9]} constrained
u_mem/FE_OFN753_n M4 M7 high {u_mem/G_SRAM_BANK[7].u_sram/wd[22]} constrained
u_mem/FE_OFN759_n M4 M7 high {u_mem/G_SRAM_BANK[4].u_sram/wd[22]} constrained
u_mem/FE_OFN762_n M4 M7 high {u_mem/G_SRAM_BANK[12].u_sram/wd[22]} constrained
u_mem/FE_OFN766_FE_GLN690 M4 M7 high {u_mem/G_SRAM_BANK[7].u_sram/wd[26]} constrained
u_mem/FE_OFN781_n M4 M7 high {u_mem/G_SRAM_BANK[9].u_sram/wd[16]} constrained
u_mem/FE_OFN787_n M4 M7 high {u_mem/G_SRAM_BANK[3].u_sram/ADDRESS[7]} constrained
u_mem/FE_OFN788_n M4 M7 high {u_mem/G_SRAM_BANK[4].u_sram/ADDRESS[6]} constrained
u_mem/FE_OFN808_n M4 M7 high {u_mem/G_SRAM_BANK[8].u_sram/ADDRESS[8]} constrained
u_mem/FE_OFN812_n M4 M7 high {u_mem/G_SRAM_BANK[8].u_sram/wd[23]} constrained
u_mem/FE_OFN821_n M4 M7 high {u_mem/G_SRAM_BANK[0].u_sram/ADDRESS[6]} constrained
u_mem/FE_OFN825_n M4 M7 high {u_mem/G_SRAM_BANK[0].u_sram/ADDRESS[7]} constrained
u_mem/FE_OFN829_n M4 M7 high {u_mem/G_SRAM_BANK[0].u_sram/ADDRESS[5]} constrained
u_mem/FE_OFN831_mem_addr_6 M4 M7 high {u_mem/G_SRAM_BANK[8].u_sram/ADDRESS[4]} constrained
u_mem/FE_OFN832_n M4 M7 high {u_mem/G_SRAM_BANK[0].u_sram/wd[18]} constrained
u_mem/FE_OFN843_n M4 M7 high {u_mem/G_SRAM_BANK[4].u_sram/wd[20]} constrained
u_mem/FE_OFN855_mem_wdata_0 M4 M7 high {u_mem/G_SRAM_BANK[8].u_sram/wd[0]} constrained
u_mem/FE_OFN860_n M4 M7 high {u_mem/G_SRAM_BANK[13].u_sram/wd[30]} constrained
u_mem/FE_OFN861_n M4 M7 high {u_mem/G_SRAM_BANK[7].u_sram/wd[23]} constrained
u_mem/FE_OFN863_mem_wdata_27 M4 M7 high {u_mem/G_SRAM_BANK[10].u_sram/wd[27]} constrained
u_mem/FE_OFN864_n M4 M7 high {u_mem/G_SRAM_BANK[10].u_sram/ADDRESS[2]} constrained
u_mem/FE_OFN865_n M4 M7 high {u_mem/G_SRAM_BANK[3].u_sram/ADDRESS[6]} constrained
u_mem/FE_OFN866_mem_addr_4 M4 M7 high {u_mem/G_SRAM_BANK[3].u_sram/ADDRESS[2]} constrained
u_mem/FE_OFN897_n M4 M7 high {u_mem/G_SRAM_BANK[0].u_sram/ADDRESS[2]} constrained
u_mem/FE_OFN900_n M4 M7 high {u_mem/G_SRAM_BANK[4].u_sram/ADDRESS[4]} constrained
u_mem/FE_OFN902_n M4 M7 high {u_mem/G_SRAM_BANK[0].u_sram/ADDRESS[4]} constrained
u_mem/FE_OFN905_n M4 M7 high {u_mem/G_SRAM_BANK[4].u_sram/ADDRESS[9]} constrained
u_mem/FE_OFN906_n M4 M7 high {u_mem/G_SRAM_BANK[0].u_sram/ADDRESS[9]} constrained
u_mem/FE_OFN909_n M4 M7 high {u_mem/G_SRAM_BANK[12].u_sram/wd[20]} constrained
u_mem/FE_OFN910_n M4 M7 high {u_mem/G_SRAM_BANK[9].u_sram/wd[20]} constrained
u_mem/FE_OFN912_n M4 M7 high {u_mem/G_SRAM_BANK[14].u_sram/wd[20]} constrained
u_mem/FE_OFN914_n M4 M7 high {u_mem/G_SRAM_BANK[7].u_sram/wd[20]} constrained
u_mem/FE_OFN916_n M4 M7 high {u_mem/G_SRAM_BANK[8].u_sram/wd[20]} constrained
u_mem/FE_OFN918_mem_wdata_12 M4 M7 high {u_mem/G_SRAM_BANK[9].u_sram/wd[12]} constrained
u_mem/FE_OFN919_n M4 M7 high {u_mem/G_SRAM_BANK[3].u_sram/ADDRESS[4]} constrained
u_mem/FE_OFN925_n M4 M7 high {u_mem/G_SRAM_BANK[8].u_sram/wd[18]} constrained
u_mem/FE_OFN926_n M4 M7 high {u_mem/G_SRAM_BANK[0].u_sram/wd[0]} constrained
u_mem/FE_OFN927_n M4 M7 high {u_mem/G_SRAM_BANK[0].u_sram/wd[17]} constrained
u_mem/FE_OFN928_n M4 M7 high {u_mem/G_SRAM_BANK[7].u_sram/ADDRESS[3]} constrained
u_mem/FE_OFN930_n M4 M7 high {u_mem/G_SRAM_BANK[1].u_sram/ADDRESS[3]} constrained
u_mem/FE_OFN931_n M4 M7 high {u_mem/G_SRAM_BANK[0].u_sram/ADDRESS[3]} constrained
u_mem/FE_OFN932_n M4 M7 high {u_mem/G_SRAM_BANK[0].u_sram/ADDRESS[8]} constrained
u_mem/FE_OFN946_mem_addr_5 M4 M7 high {u_mem/G_SRAM_BANK[14].u_sram/ADDRESS[3]} constrained
u_mem/FE_OFN947_mem_addr_5 M4 M7 high {u_mem/G_SRAM_BANK[12].u_sram/ADDRESS[3]} constrained
u_mem/FE_RN_1 M4 M7 high {u_mem/G_SRAM_BANK[8].u_sram/write} constrained
u_mem/n_407 M4 M7 high {u_mem/G_SRAM_BANK[15].u_sram/banksel} constrained
u_mem/n_408 M4 M7 high {u_mem/G_SRAM_BANK[14].u_sram/banksel} constrained
u_mem/n_409 M4 M7 high {u_mem/G_SRAM_BANK[13].u_sram/banksel} constrained
u_mem/n_410 M4 M7 high {u_mem/G_SRAM_BANK[12].u_sram/banksel} constrained
u_mem/n_411 M4 M7 high {u_mem/G_SRAM_BANK[11].u_sram/banksel} constrained
u_mem/n_412 M4 M7 high {u_mem/G_SRAM_BANK[10].u_sram/banksel} constrained
u_mem/n_413 M4 M7 high {u_mem/G_SRAM_BANK[9].u_sram/banksel} constrained
u_mem/n_414 M4 M7 high {u_mem/G_SRAM_BANK[8].u_sram/banksel} constrained
u_mem/n_417 M4 M7 high {u_mem/G_SRAM_BANK[5].u_sram/banksel} constrained
u_mem/n_418 M4 M7 high {u_mem/G_SRAM_BANK[4].u_sram/banksel} constrained
u_mem/n_419 M4 M7 high {u_mem/G_SRAM_BANK[3].u_sram/banksel} constrained
u_mem/n_420 M4 M7 high {u_mem/G_SRAM_BANK[2].u_sram/banksel} constrained
u_mem/n_456 M4 M7 high {u_mem/G_SRAM_BANK[0].u_sram/banksel} constrained
