clock_pin clk
preferred_layers M6:M7
preferred_effort high
constrained_net_count 16
net sram_clock_term
u_mem/CTS_9 {u_mem/G_SRAM_BANK[0].u_sram/clk}
u_mem/CTS_8 {u_mem/G_SRAM_BANK[1].u_sram/clk}
u_mem/CTS_7 {u_mem/G_SRAM_BANK[2].u_sram/clk}
CTS_6 {u_mem/G_SRAM_BANK[3].u_sram/clk}
CTS_7 {u_mem/G_SRAM_BANK[4].u_sram/clk}
u_mem/CTS_5 {u_mem/G_SRAM_BANK[5].u_sram/clk}
u_mem/CTS_4 {u_mem/G_SRAM_BANK[6].u_sram/clk}
u_mem/CTS_3 {u_mem/G_SRAM_BANK[7].u_sram/clk}
u_mem/CTS_14 {u_mem/G_SRAM_BANK[8].u_sram/clk}
u_mem/CTS_13 {u_mem/G_SRAM_BANK[9].u_sram/clk}
u_mem/CTS_1 {u_mem/G_SRAM_BANK[10].u_sram/clk}
CTS_2 {u_mem/G_SRAM_BANK[11].u_sram/clk}
CTS_3 {u_mem/G_SRAM_BANK[12].u_sram/clk}
u_mem/CTS_19 {u_mem/G_SRAM_BANK[13].u_sram/clk}
u_mem/CTS_18 {u_mem/G_SRAM_BANK[14].u_sram/clk}
u_mem/CTS_17 {u_mem/G_SRAM_BANK[15].u_sram/clk}
