revision sram_axi_four_side_connectivity_v6
top_side TOP
top_layer M7
top_y 768.672
top_group AR
top_range 10.16 768.672 615.088 768.672
top_count 68
top_requested_uniform_pitch 9.0287761194
right_group B_R
right_range 623.088 760.672 623.088 10.16
right_count 51
right_requested_uniform_pitch 15.01024
bottom_group W
bottom_range 615.088 2.16 10.16 2.16
bottom_count 39
bottom_requested_uniform_pitch 15.9191578947
left_group CLK_RST_AW
left_range 2.16 760.672 2.16 10.16
left_count 70
left_requested_uniform_pitch 10.8769855072
