 -------------------------------------------------------------------------------------------------------------------------------------------------------------------------------------------------------------------- 
| Snapshot                | WNS                  | TNS                  | Density (%) | Power estimated                                            | Hotspot                   | Resource               | DRVs       |
|                         | HEPG (ns) | ALL (ns) | HEPG (ns) | ALL (ns) |             | Total (mW) | Leakage (mW) | Switching (mW) | Internal (mW) | Max (bins) | Total (bins) | Real (s) | Memory (MB) | Tran | Cap |
|-------------------------+-----------+----------+-----------+----------+-------------+------------+--------------+----------------+---------------+------------+--------------+----------+-------------+------+-----|
| initial_summary         |           |          |           |          |       70.31 |            |              |                |               |            |              | 0:00:01  |        8059 |    0 |   0 |
| route_type_refinement   |           |          |           |          |             |            |              |                |               |            |              | 0:00:00  |        8059 |      |     |
| simplify_netlist        |           |          |           |          |             |       0.16 |         0.00 |           0.11 |          0.05 |            |              | 0:00:01  |        8443 |      |     |
| excluded_clk_net_fixing |           |          |           |          |             |            |              |                |               |            |              | 0:00:00  |        8443 |      |     |
| drv_fixing              |     0.000 |    0.000 |         0 |        0 |       70.31 |       0.16 |         0.00 |           0.11 |          0.05 |            |              | 0:00:01  |        8443 |    0 |   0 |
| global_opt              |           |    0.000 |           |        0 |       70.31 |       0.16 |         0.00 |           0.11 |          0.05 |            |              | 0:00:01  |        8443 |      |     |
| area_reclaiming         |     0.000 |    0.000 |         0 |        0 |       70.31 |       0.16 |         0.00 |           0.11 |          0.05 |            |              | 0:00:00  |        8443 |      |     |
| drv_fixing_2            |     0.000 |    0.000 |         0 |        0 |       70.31 |       0.16 |         0.00 |           0.11 |          0.05 |            |              | 0:00:02  |        8443 |    0 |   0 |
| wns_fixing              |     0.000 |    0.000 |         0 |        0 |       70.31 |       0.16 |         0.00 |           0.11 |          0.05 |            |              | 0:00:01  |        8635 |      |     |
| tns_fixing              |     0.000 |    0.000 |         0 |        0 |       70.31 |       0.16 |         0.00 |           0.11 |          0.05 |            |              | 0:00:02  |        8635 |      |     |
| area_reclaiming_2       |     0.000 |    0.000 |         0 |        0 |       70.31 |       0.16 |         0.00 |           0.11 |          0.05 |            |              | 0:00:01  |        8513 |      |     |
| area_reclaiming_3       |     0.000 |    0.000 |         0 |        0 |       70.31 |       0.16 |         0.00 |           0.11 |          0.05 |            |              | 0:00:00  |        8513 |      |     |
| power_reclaiming        |     0.000 |    0.000 |         0 |        0 |       70.31 |       0.16 |         0.00 |           0.11 |          0.05 |            |              | 0:00:01  |        8809 |      |     |
| local_wire_reclaim      |           |          |           |          |             |            |              |                |               |            |              | 0:00:04  |        8617 |      |     |
| global_route            |           |          |           |          |             |            |              |                |               |       0.00 |         0.00 | 0:00:00  |        8551 |      |     |
| route_type_refinement_2 |           |          |           |          |             |            |              |                |               |            |              | 0:00:00  |        8551 |      |     |
| drv_eco_fixing          |     0.000 |    0.000 |         0 |        0 |       70.31 |       0.16 |         0.00 |           0.11 |          0.05 |            |              | 0:00:01  |        8622 |    0 |   0 |
| tns_eco_fixing          |     0.000 |    0.000 |         0 |        0 |       70.31 |       0.16 |         0.00 |           0.11 |          0.05 |            |              | 0:00:01  |        8814 |      |     |
| power_reclaiming_2      |     0.000 |    0.000 |         0 |        0 |       70.31 |       0.16 |         0.00 |           0.11 |          0.05 |            |              | 0:00:01  |        9221 |      |     |
| initial_summary_2       |           |          |           |          |       70.31 |            |              |                |               |            |              | 0:00:02  |        9035 |    0 |   0 |
| hold_fixing             |           |          |           |          |             |       0.16 |         0.00 |           0.11 |          0.05 |            |              | 0:00:00  |        9195 |      |     |
| final_summary           |           |    0.000 |           |        0 |       70.31 |            |              |                |               |       0.00 |         0.00 | 0:00:03  |        9184 |    0 |   0 |
 -------------------------------------------------------------------------------------------------------------------------------------------------------------------------------------------------------------------- 
