###############################################################
#  Generated by:      Cadence Innovus 23.14-s088_1
#  OS:                Linux x86_64(Host ID user1-EliteMini)
#  Generated on:      Thu Oct  1 13:30:42 2026
#  Design:            top_soc
###############################################################

Iteration name: default
Fill shape type: FILLWIRE
Layer M1 - Fill width    : 0.018um - 0.234um
Layer M1 - Fill length   : 0.018um - 1.250um
Layer M1 - Active spacing: 0.036um
Layer M1 - Gap spacing   : 0.036um
Layer M1 - Window size   : 100um X 100um
Layer M1 - Window step   : 50um X 50um
Layer M1 - Min Density   : 25%
Layer M1 - Pref Density  : 40%
Layer M1 - Max Density   : 60%
Layer M1 - Ext Density   : 35%
Layer M1 - Number of windows (total - met pref density = processed): 77 - 0 = 77
Layer M2 - Fill width    : 0.018um - 0.234um
Layer M2 - Fill length   : 0.018um - 1.250um
Layer M2 - Active spacing: 0.036um
Layer M2 - Gap spacing   : 0.036um
Layer M2 - Window size   : 100um X 100um
Layer M2 - Window step   : 50um X 50um
Layer M2 - Min Density   : 25%
Layer M2 - Pref Density  : 40%
Layer M2 - Max Density   : 60%
Layer M2 - Ext Density   : 35%
Layer M2 - Number of windows (total - met pref density = processed): 77 - 0 = 77
Layer M3 - Fill width    : 0.018um - 0.234um
Layer M3 - Fill length   : 0.018um - 1.250um
Layer M3 - Active spacing: 0.036um
Layer M3 - Gap spacing   : 0.036um
Layer M3 - Window size   : 100um X 100um
Layer M3 - Window step   : 50um X 50um
Layer M3 - Min Density   : 25%
Layer M3 - Pref Density  : 40%
Layer M3 - Max Density   : 60%
Layer M3 - Ext Density   : 35%
Layer M3 - Number of windows (total - met pref density = processed): 77 - 40 = 37
Layer M4 - Fill width    : 0.024um - 0.312um
Layer M4 - Fill length   : 0.024um - 1.250um
Layer M4 - Active spacing: 0.048um
Layer M4 - Gap spacing   : 0.048um
Layer M4 - Window size   : 100um X 100um
Layer M4 - Window step   : 50um X 50um
Layer M4 - Min Density   : 10%
Layer M4 - Pref Density  : 25%
Layer M4 - Max Density   : 35%
Layer M4 - Ext Density   : 35%
Layer M4 - Number of windows (total - met pref density = processed): 77 - 0 = 77
Layer M5 - Fill width    : 0.024um - 0.312um
Layer M5 - Fill length   : 0.024um - 1.250um
Layer M5 - Active spacing: 0.048um
Layer M5 - Gap spacing   : 0.048um
Layer M5 - Window size   : 20um X 20um
Layer M5 - Window step   : 10um X 10um
Layer M5 - Min Density   : 15%
Layer M5 - Pref Density  : 25%
Layer M5 - Max Density   : 90%
Layer M5 - Ext Density   : 35%
Layer M5 - Number of windows (total - met pref density = processed): 1960 - 0 = 1960
Layer M6 - Fill width    : 0.032um - 0.416um
Layer M6 - Fill length   : 0.032um - 1.250um
Layer M6 - Active spacing: 0.075um
Layer M6 - Gap spacing   : 0.075um
Layer M6 - Window size   : 100um X 100um
Layer M6 - Window step   : 50um X 50um
Layer M6 - Min Density   : 25%
Layer M6 - Pref Density  : 40%
Layer M6 - Max Density   : 55%
Layer M6 - Ext Density   : 35%
Layer M6 - Number of windows (total - met pref density = processed): 77 - 0 = 77
Layer M7 - Fill width    : 0.032um - 0.416um
Layer M7 - Fill length   : 0.032um - 1.250um
Layer M7 - Active spacing: 0.075um
Layer M7 - Gap spacing   : 0.075um
Layer M7 - Window size   : 100um X 100um
Layer M7 - Window step   : 50um X 50um
Layer M7 - Min Density   : 25%
Layer M7 - Pref Density  : 40%
Layer M7 - Max Density   : 55%
Layer M7 - Ext Density   : 35%
Layer M7 - Number of windows (total - met pref density = processed): 77 - 0 = 77
Layer M8 - Fill width    : 0.040um - 0.625um
Layer M8 - Fill length   : 0.040um - 1.250um
Layer M8 - Active spacing: 0.160um
Layer M8 - Gap spacing   : 0.160um
Layer M8 - Window size   : 100um X 100um
Layer M8 - Window step   : 50um X 50um
Layer M8 - Min Density   : 25%
Layer M8 - Pref Density  : 40%
Layer M8 - Max Density   : 55%
Layer M8 - Ext Density   : 35%
Layer M8 - Number of windows (total - met pref density = processed): 77 - 0 = 77
Layer M9 - Fill width    : 0.040um - 0.625um
Layer M9 - Fill length   : 0.040um - 1.250um
Layer M9 - Active spacing: 0.160um
Layer M9 - Gap spacing   : 0.160um
Layer M9 - Window size   : 100um X 100um
Layer M9 - Window step   : 50um X 50um
Layer M9 - Min Density   : 25%
Layer M9 - Pref Density  : 40%
Layer M9 - Max Density   : 55%
Layer M9 - Ext Density   : 35%
Layer M9 - Number of windows (total - met pref density = processed): 77 - 0 = 77
Layer M10 - Fill width    : 0.200um - 2.000um
Layer M10 - Fill length   : 0.200um - 2.240um
Layer M10 - Active spacing: 2.040um
Layer M10 - Gap spacing   : 2.040um
Layer M10 - Window size   : 100um X 100um
Layer M10 - Window step   : 50um X 50um
Layer M10 - Min Density   : 20%
Layer M10 - Pref Density  : 25%
Layer M10 - Max Density   : 80%
Layer M10 - Ext Density   : 35%
Layer M10 - Number of windows (total - met pref density = processed): 77 - 0 = 77

***************Before filling***************

Layer M1 - Number of windows under minimum density (25%): 35 out of total 77.
Layer M1 - Number of windows over maximum density  (60%): 0 out of total 77.

Layer M2 - Number of windows under minimum density (25%): 41 out of total 77.
Layer M2 - Number of windows over maximum density  (60%): 0 out of total 77.

Layer M3 - Number of windows under minimum density (25%): 31 out of total 77.
Layer M3 - Number of windows over maximum density  (60%): 0 out of total 77.

Layer M4 - Number of windows under minimum density (10%): 36 out of total 77.
Layer M4 - Number of windows over maximum density  (35%): 0 out of total 77.

Layer M5 - Number of windows under minimum density (15%): 1913 out of total 1960.
Layer M5 - Number of windows over maximum density  (90%): 0 out of total 1960.

Layer M6 - Number of windows under minimum density (25%): 77 out of total 77.
Layer M6 - Number of windows over maximum density  (55%): 0 out of total 77.

Layer M7 - Number of windows under minimum density (25%): 77 out of total 77.
Layer M7 - Number of windows over maximum density  (55%): 0 out of total 77.

Layer M8 - Number of windows under minimum density (25%): 77 out of total 77.
Layer M8 - Number of windows over maximum density  (55%): 0 out of total 77.

Layer M9 - Number of windows under minimum density (25%): 77 out of total 77.
Layer M9 - Number of windows over maximum density  (55%): 0 out of total 77.

Layer M10 - Number of windows under minimum density (20%): 77 out of total 77.
Layer M10 - Number of windows over maximum density  (80%): 0 out of total 77.

***************After filling***************

Layer M1 - Number of windows under minimum density (25%): 0 out of total 77.
Layer M1 - Number of windows over maximum density  (60%): 0 out of total 77.

Layer M2 - Number of windows under minimum density (25%): 1 out of total 77.
Layer M2 - Number of windows over maximum density  (60%): 0 out of total 77.

Layer M3 - Number of windows under minimum density (25%): 0 out of total 77.
Layer M3 - Number of windows over maximum density  (60%): 2 out of total 77.

Layer M4 - Number of windows under minimum density (10%): 0 out of total 77.
Layer M4 - Number of windows over maximum density  (35%): 0 out of total 77.

Layer M5 - Number of windows under minimum density (15%): 1111 out of total 1960.
Layer M5 - Number of windows over maximum density  (90%): 0 out of total 1960.

Layer M6 - Number of windows under minimum density (25%): 0 out of total 77.
Layer M6 - Number of windows over maximum density  (55%): 0 out of total 77.

Layer M7 - Number of windows under minimum density (25%): 0 out of total 77.
Layer M7 - Number of windows over maximum density  (55%): 0 out of total 77.

Layer M8 - Number of windows under minimum density (25%): 0 out of total 77.
Layer M8 - Number of windows over maximum density  (55%): 0 out of total 77.

Layer M9 - Number of windows under minimum density (25%): 0 out of total 77.
Layer M9 - Number of windows over maximum density  (55%): 0 out of total 77.

Layer M10 - Number of windows under minimum density (20%): 0 out of total 77.
Layer M10 - Number of windows over maximum density  (80%): 0 out of total 77.

