 ---------------------------------------------------------------------------------------------------------------------------------------------------------------------------------------------------------------------------------------- 
| Snapshot                    | WNS                  | TNS                  | Density (%) | Power estimated                                            | Hotspot                   | Resource               | DRVs       | Layer-OPT     |
|                             | HEPG (ns) | ALL (ns) | HEPG (ns) | ALL (ns) |             | Total (mW) | Leakage (mW) | Switching (mW) | Internal (mW) | Max (bins) | Total (bins) | Real (s) | Memory (MB) | Tran | Cap | M4  | M6 | M8 |
|-----------------------------+-----------+----------+-----------+----------+-------------+------------+--------------+----------------+---------------+------------+--------------+----------+-------------+------+-----+-----+----+----|
| initial_summary             |           |  537.981 |           |        0 |        0.46 |            |              |                |               |            |              | 0:00:01  |        8394 |  165 |  50 |     |    |    |
| route_type_refinement       |           |          |           |          |             |            |              |                |               |            |              | 0:00:00  |        8394 |      |     |  75 | 12 |  3 |
| force_downsizing_area_power |           |  501.111 |           |        0 |        0.37 |       0.03 |         0.00 |           0.02 |          0.00 |            |              | 0:00:02  |        8486 |      |     |     |    |    |
| simplify_netlist            |           |          |           |          |             |       0.03 |         0.00 |           0.02 |          0.00 |            |              | 0:00:02  |        9046 |      |     |     |    |    |
| drv_fixing                  |           |          |           |          |             |       0.03 |         0.00 |           0.02 |          0.00 |            |              | 0:00:01  |        9046 |      |     |     |    |    |
| area_reclaiming             |     0.000 |  501.111 |         0 |        0 |        0.37 |       0.03 |         0.00 |           0.02 |          0.00 |            |              | 0:00:02  |        9038 |      |     |  75 | 12 |  3 |
| drv_fixing_2                |     0.000 |  535.878 |         0 |        0 |        0.45 |       0.03 |         0.00 |           0.02 |          0.00 |            |              | 0:00:04  |        9319 |  752 |  50 | 113 | 10 | 22 |
| global_sizing               |           |          |           |          |             |       0.03 |         0.00 |           0.02 |          0.00 |            |              | 0:00:02  |        9319 |      |     |     |    |    |
| global_opt                  |           |  535.878 |           |        0 |        0.45 |       0.03 |         0.00 |           0.02 |          0.00 |            |              | 0:00:02  |        9319 |      |     | 113 | 10 | 22 |
| area_reclaiming_2           |     0.000 |  535.793 |         0 |        0 |        0.44 |       0.03 |         0.00 |           0.02 |          0.00 |            |              | 0:00:03  |        9330 |      |     |  59 |  8 | 13 |
| incremental_replacement     |           |          |           |          |             |            |              |                |               |       0.00 |         0.00 | 0:00:36  |        9338 |      |     |     |    |    |
| drv_fixing_3                |   537.903 |  537.903 |         0 |        0 |        0.52 |       0.03 |         0.00 |           0.02 |          0.00 |            |              | 0:00:06  |        9434 |  168 |  50 | 100 |  8 | 13 |
| area_reclaiming_3           |   895.089 |  537.903 |         0 |        0 |        0.50 |       0.03 |         0.00 |           0.02 |          0.00 |            |              | 0:00:02  |        9466 |      |     | 127 |  8 | 13 |
| area_reclaiming_4           |   895.081 |  537.903 |         0 |        0 |        0.49 |       0.03 |         0.00 |           0.02 |          0.00 |            |              | 0:00:02  |        9466 |      |     |  54 |  9 | 12 |
| drv_eco_fixing              |   895.466 |  537.903 |         0 |        0 |        0.49 |       0.03 |         0.00 |           0.02 |          0.00 |            |              | 0:00:05  |        9474 |  754 |  50 |  54 |  9 | 12 |
| power_reclaiming            |   895.466 |  537.903 |         0 |        0 |        0.49 |       0.03 |         0.00 |           0.02 |          0.00 |            |              | 0:00:01  |        9685 |      |     |  54 |  9 | 12 |
| power_reclaiming_2          |   895.466 |  537.903 |         0 |        0 |        0.49 |       0.03 |         0.00 |           0.02 |          0.00 |            |              | 0:00:02  |        9685 |      |     |  54 |  9 | 12 |
| final_summary               |   895.466 |  537.903 |           |        0 |        0.49 |            |              |                |               |            |              | 0:00:02  |        9397 |  168 |  50 |     |    |    |
 ---------------------------------------------------------------------------------------------------------------------------------------------------------------------------------------------------------------------------------------- 
