 ------------------------------------------------------------------------------------------------------------------------------------------------------------------------------------------------------------------------------------ 
| Snapshot                | WNS                  | TNS                  | Density (%) | Power estimated                                            | Hotspot                   | Resource               | DRVs       | Layer-OPT     |
|                         | HEPG (ns) | ALL (ns) | HEPG (ns) | ALL (ns) |             | Total (mW) | Leakage (mW) | Switching (mW) | Internal (mW) | Max (bins) | Total (bins) | Real (s) | Memory (MB) | Tran | Cap | M4  | M6 | M8 |
|-------------------------+-----------+----------+-----------+----------+-------------+------------+--------------+----------------+---------------+------------+--------------+----------+-------------+------+-----+-----+----+----|
| initial_summary         |           |   -0.248 |           |       -8 |        0.36 |            |              |                |               |            |              | 0:00:00  |       10303 |   13 |   0 |     |    |    |
| route_type_refinement   |           |          |           |          |             |            |              |                |               |            |              | 0:00:00  |       10303 |      |     |  74 |  4 |  6 |
| simplify_netlist        |           |          |           |          |             |       0.44 |         0.00 |           0.21 |          0.23 |            |              | 0:00:02  |       10303 |      |     |     |    |    |
| excluded_clk_net_fixing |           |          |           |          |             |            |              |                |               |            |              | 0:00:00  |       10303 |      |     |     |    |    |
| drv_fixing              |     0.000 |   -0.078 |         0 |       -3 |        0.38 |       0.45 |         0.00 |           0.21 |          0.24 |            |              | 0:00:02  |       10423 |    0 |   0 |  97 |  3 |  6 |
| global_opt              |           |    0.002 |           |        0 |        0.38 |       0.45 |         0.00 |           0.21 |          0.24 |            |              | 0:00:02  |       10423 |      |     | 119 |  3 |  6 |
| area_reclaiming         |     0.000 |    0.012 |         0 |        0 |        0.37 |       0.45 |         0.00 |           0.21 |          0.23 |            |              | 0:00:03  |       10415 |      |     |  55 |  3 |  6 |
| wns_fixing              |     0.000 |    0.012 |         0 |        0 |        0.37 |       0.45 |         0.00 |           0.21 |          0.23 |            |              | 0:00:02  |       10617 |      |     |  55 |  3 |  6 |
| area_reclaiming_2       |     0.000 |   -0.000 |         0 |       -0 |        0.36 |       0.44 |         0.00 |           0.21 |          0.23 |            |              | 0:00:03  |       10423 |      |     | 110 |  3 |  6 |
| area_reclaiming_3       |     0.000 |    0.004 |         0 |        0 |        0.36 |       0.44 |         0.00 |           0.21 |          0.23 |            |              | 0:00:02  |       10423 |      |     |  78 |  3 |  6 |
| power_reclaiming        |     0.000 |   -0.020 |         0 |       -0 |        0.36 |       0.44 |         0.00 |           0.21 |          0.23 |            |              | 0:00:01  |       10845 |      |     |  78 |  3 |  6 |
| local_wire_reclaim      |           |          |           |          |             |            |              |                |               |            |              | 0:00:03  |       10645 |      |     |     |    |    |
| global_route            |           |          |           |          |             |            |              |                |               |       0.00 |         0.00 | 0:00:01  |       10547 |      |     |     |    |    |
| route_type_refinement_2 |           |          |           |          |             |            |              |                |               |            |              | 0:00:01  |       10547 |      |     |  78 |  3 |  6 |
| drv_eco_fixing          |     0.000 |   -0.122 |         0 |       -4 |        0.38 |       0.45 |         0.00 |           0.22 |          0.24 |            |              | 0:00:02  |       10679 |    0 |   0 | 108 |  2 |  6 |
| wns_eco_fixing          |     0.000 |    0.000 |         0 |        0 |        0.38 |       0.45 |         0.00 |           0.21 |          0.24 |            |              | 0:00:04  |       10879 |      |     | 125 |  2 |  9 |
| power_reclaiming_2      |     0.000 |    0.000 |         0 |        0 |        0.37 |       0.45 |         0.00 |           0.22 |          0.24 |            |              | 0:00:02  |       11379 |      |     | 125 |  2 |  9 |
| final_summary           |     0.001 |    0.001 |           |        0 |        0.37 |            |              |                |               |       0.00 |         0.00 | 0:00:03  |       11289 |    0 |   0 |     |    |    |
 ------------------------------------------------------------------------------------------------------------------------------------------------------------------------------------------------------------------------------------ 
