 -------------------------------------------------------------------------------------------------------------------------------------------------------------------------------------------------------------------------------- 
| Snapshot                | WNS                  | TNS                  | Density (%) | Power estimated                                            | Hotspot                   | Resource               | DRVs       | Layer-OPT |
|                         | HEPG (ns) | ALL (ns) | HEPG (ns) | ALL (ns) |             | Total (mW) | Leakage (mW) | Switching (mW) | Internal (mW) | Max (bins) | Total (bins) | Real (s) | Memory (MB) | Tran | Cap | M4  | M6  |
|-------------------------+-----------+----------+-----------+----------+-------------+------------+--------------+----------------+---------------+------------+--------------+----------+-------------+------+-----+-----+-----|
| initial_summary         |           |    0.003 |           |        0 |        2.12 |            |              |                |               |            |              | 0:00:01  |       11223 |    0 |   0 |     |     |
| route_type_refinement   |           |          |           |          |             |            |              |                |               |            |              | 0:00:01  |       11223 |      |     | 151 |  11 |
| simplify_netlist        |           |          |           |          |             |       0.44 |         0.00 |           0.20 |          0.23 |            |              | 0:00:01  |       11223 |      |     |     |     |
| excluded_clk_net_fixing |           |          |           |          |             |            |              |                |               |            |              | 0:00:01  |       11223 |      |     |     |     |
| global_opt              |           |    0.003 |           |        0 |        2.12 |       0.44 |         0.00 |           0.20 |          0.23 |            |              | 0:00:02  |       11223 |      |     | 151 |  11 |
| area_reclaiming         |     0.000 |    0.003 |         0 |        0 |        2.10 |       0.44 |         0.00 |           0.20 |          0.23 |            |              | 0:00:02  |       11215 |      |     | 102 |  10 |
| wns_fixing              |     0.007 |    0.007 |         0 |        0 |        2.10 |       0.44 |         0.00 |           0.20 |          0.23 |            |              | 0:00:13  |       11417 |      |     | 102 |  10 |
| area_reclaiming_2       |     0.002 |    0.002 |         0 |        0 |        2.10 |       0.43 |         0.00 |           0.20 |          0.23 |            |              | 0:00:03  |       11335 |      |     | 138 |  10 |
| area_reclaiming_3       |     0.005 |    0.005 |         0 |        0 |        2.08 |       0.43 |         0.00 |           0.20 |          0.23 |            |              | 0:00:01  |       11335 |      |     | 108 |  10 |
| power_reclaiming        |    -0.021 |   -0.023 |        -0 |       -0 |        2.07 |       0.43 |         0.00 |           0.20 |          0.23 |            |              | 0:00:01  |       11889 |      |     | 108 |  10 |
| local_wire_reclaim      |           |          |           |          |             |            |              |                |               |            |              | 0:00:03  |       11689 |      |     |     |     |
| global_route            |           |          |           |          |             |            |              |                |               |       0.00 |         0.00 | 0:00:01  |       11591 |      |     |     |     |
| route_type_refinement_2 |           |          |           |          |             |            |              |                |               |            |              | 0:00:00  |       11591 |      |     | 108 |  10 |
| drv_eco_fixing          |    -0.016 |   -0.016 |        -0 |       -0 |        2.15 |       0.43 |         0.00 |           0.20 |          0.23 |            |              | 0:00:02  |       11647 |    0 |   0 | 129 |  10 |
| wns_eco_fixing          |     0.000 |    0.000 |         0 |        0 |        2.15 |       0.43 |         0.00 |           0.20 |          0.23 |            |              | 0:00:03  |       11900 |      |     | 130 |  10 |
| power_reclaiming_2      |     0.000 |    0.000 |         0 |        0 |        2.13 |       0.43 |         0.00 |           0.20 |          0.23 |            |              | 0:00:01  |       12467 |      |     | 130 |  10 |
| initial_summary_2       |    -0.001 |   -0.001 |           |       -0 |        2.13 |            |              |                |               |            |              | 0:00:02  |       12281 |    0 |   0 |     |     |
| hold_fixing             |    -0.001 |   -0.001 |        -0 |       -0 |        2.31 |       0.45 |         0.00 |           0.20 |          0.24 |            |              | 0:00:02  |       12401 |      |     | 132 |  10 |
| global_route_2          |           |          |           |          |             |            |              |                |               |            |              | 0:00:00  |       12401 |      |     |     |     |
| final_summary           |    -0.001 |   -0.001 |           |       -0 |        2.31 |            |              |                |               |       0.00 |         0.00 | 0:00:04  |       12377 |    0 |   0 |     |     |
 -------------------------------------------------------------------------------------------------------------------------------------------------------------------------------------------------------------------------------- 
