============================================================
  Generated by:           Genus(TM) Synthesis Solution 23.14-s090_1
  Generated on:           Jul 26 2026  02:52:15 am
  Module:                 axi_ram
  Technology libraries:   asap7sc7p5t_SIMPLE_RVT_TT_ccs_211120 1.0
                          asap7sc7p5t_INVBUF_RVT_TT_ccs_211120 1.0
                          asap7sc7p5t_AO_RVT_TT_ccs_211120 1.0
                          asap7sc7p5t_OA_RVT_TT_ccs_211120 1.0
                          asap7sc7p5t_SEQ_RVT_TT_ccs_220123 1.0
                          asap7sc7p5t_SIMPLE_LVT_TT_ccs_211120 1.0
                          asap7sc7p5t_INVBUF_LVT_TT_ccs_211120 1.0
                          asap7sc7p5t_AO_LVT_TT_ccs_211120 1.0
                          asap7sc7p5t_OA_LVT_TT_ccs_211120 1.0
                          asap7sc7p5t_SEQ_LVT_TT_ccs_220123 1.0
                          srambank_256x4x32_6t122 1.0
  Operating conditions:   PVT_0P7V_25C (balanced_tree)
  Wireload mode:          enclosed
  Area mode:              timing library
============================================================

Instance       Module        Cell-Count  Cell-Area  Net-Area   Total-Area   Wireload  
--------------------------------------------------------------------------------------
axi_ram  NA                        1256  21111.781     0.000    21111.781 <none> (D)  
  u_mem  asap7_sram_64k_1rw         443  21012.448     0.000    21012.448 <none> (D)  
  (D) = wireload is default in technology library
