============================================================
  Generated by:           Genus(TM) Synthesis Solution 23.14-s090_1
  Generated on:           Aug 23 2026  03:19:54 am
  Module:                 axi_ram
  Operating conditions:   PVT_0P7V_25C (balanced_tree)
  Wireload mode:          enclosed
  Area mode:              timing library
============================================================

Deleted Sequential Summary
=============================
   Reason      Count
-----------------------------
constant 0     2
unloaded       36
merged         6

   Reason      Instance Name
-----------------------------
constant 0     s_axi_bresp_reg[0]
constant 0     s_axi_rresp_reg[0]
merged         s_axi_awready_reg merged with s_axi_arready_reg
unloaded       r_addr_reg_reg[0]
unloaded       r_addr_reg_reg[1]
unloaded       r_addr_reg_reg[16]
unloaded       r_addr_reg_reg[17]
unloaded       r_addr_reg_reg[18]
unloaded       r_addr_reg_reg[19]
unloaded       r_addr_reg_reg[20]
unloaded       r_addr_reg_reg[21]
unloaded       r_addr_reg_reg[22]
unloaded       r_addr_reg_reg[23]
unloaded       r_addr_reg_reg[24]
unloaded       r_addr_reg_reg[25]
unloaded       r_addr_reg_reg[26]
unloaded       r_addr_reg_reg[27]
unloaded       r_addr_reg_reg[28]
unloaded       r_addr_reg_reg[29]
unloaded       r_addr_reg_reg[30]
unloaded       r_addr_reg_reg[31]
unloaded       w_addr_reg_reg[0]
unloaded       w_addr_reg_reg[1]
unloaded       w_addr_reg_reg[16]
unloaded       w_addr_reg_reg[17]
unloaded       w_addr_reg_reg[18]
unloaded       w_addr_reg_reg[19]
unloaded       w_addr_reg_reg[20]
unloaded       w_addr_reg_reg[21]
unloaded       w_addr_reg_reg[22]
unloaded       w_addr_reg_reg[23]
unloaded       w_addr_reg_reg[24]
unloaded       w_addr_reg_reg[25]
unloaded       w_addr_reg_reg[26]
unloaded       w_addr_reg_reg[27]
unloaded       w_addr_reg_reg[28]
unloaded       w_addr_reg_reg[29]
unloaded       w_addr_reg_reg[30]
unloaded       w_addr_reg_reg[31]
merged         s_axi_rid_reg[4] merged with r_id_reg_reg[4]
merged         s_axi_rid_reg[3] merged with r_id_reg_reg[3]
merged         s_axi_rid_reg[0] merged with r_id_reg_reg[0]
merged         s_axi_rid_reg[1] merged with r_id_reg_reg[1]
merged         s_axi_rid_reg[2] merged with r_id_reg_reg[2]
