============================================================
  Generated by:           Genus(TM) Synthesis Solution 23.14-s090_1
  Generated on:           Aug 02 2026  04:02:36 pm
  Module:                 axi_ram
  Operating conditions:   PVT_0P7V_25C (balanced_tree)
  Wireload mode:          enclosed
  Area mode:              timing library
============================================================

                                              
          Gate           Instances    Area                    Library                 
--------------------------------------------------------------------------------------
A2O1A1Ixp33_ASAP7_75t_L        152     13.297    asap7sc7p5t_AO_LVT_TT_ccs_211120     
AND2x2_ASAP7_75t_L              65      5.686    asap7sc7p5t_SIMPLE_LVT_TT_ccs_211120 
AND3x1_ASAP7_75t_L              34      2.974    asap7sc7p5t_SIMPLE_LVT_TT_ccs_211120 
AND4x1_ASAP7_75t_L              32      3.266    asap7sc7p5t_SIMPLE_LVT_TT_ccs_211120 
AO21x1_ASAP7_75t_L               2      0.175    asap7sc7p5t_AO_LVT_TT_ccs_211120     
AO22x1_ASAP7_75t_L              47      6.167    asap7sc7p5t_AO_LVT_TT_ccs_211120     
AOI211xp5_ASAP7_75t_L            2      0.175    asap7sc7p5t_AO_LVT_TT_ccs_211120     
AOI21xp33_ASAP7_75t_L            2      0.146    asap7sc7p5t_AO_LVT_TT_ccs_211120     
AOI21xp5_ASAP7_75t_L             3      0.219    asap7sc7p5t_AO_LVT_TT_ccs_211120     
AOI221xp5_ASAP7_75t_L            3      0.306    asap7sc7p5t_AO_LVT_TT_ccs_211120     
AOI22xp33_ASAP7_75t_L          269     23.532    asap7sc7p5t_AO_LVT_TT_ccs_211120     
AOI22xp5_ASAP7_75t_L             5      0.437    asap7sc7p5t_AO_LVT_TT_ccs_211120     
AOI333xp33_ASAP7_75t_L           1      0.160    asap7sc7p5t_AO_LVT_TT_ccs_211120     
DFFHQNx1_ASAP7_75t_L           159     46.364    asap7sc7p5t_SEQ_LVT_TT_ccs_220123    
HAxp5_ASAP7_75t_L                4      0.525    asap7sc7p5t_SIMPLE_LVT_TT_ccs_211120 
HB1xp67_ASAP7_75t_L              4      0.233    asap7sc7p5t_INVBUF_LVT_TT_ccs_211120 
INVx1_ASAP7_75t_L              132      5.774    asap7sc7p5t_INVBUF_LVT_TT_ccs_211120 
INVxp33_ASAP7_75t_L              3      0.131    asap7sc7p5t_INVBUF_LVT_TT_ccs_211120 
INVxp33_ASAP7_75t_R              2      0.087    asap7sc7p5t_INVBUF_RVT_TT_ccs_211120 
NAND2xp33_ASAP7_75t_L            1      0.058    asap7sc7p5t_SIMPLE_LVT_TT_ccs_211120 
NAND2xp5_ASAP7_75t_L            64      3.732    asap7sc7p5t_SIMPLE_LVT_TT_ccs_211120 
NAND3xp33_ASAP7_75t_L            6      0.437    asap7sc7p5t_SIMPLE_LVT_TT_ccs_211120 
NAND4xp25_ASAP7_75t_L            1      0.087    asap7sc7p5t_SIMPLE_LVT_TT_ccs_211120 
NAND5xp2_ASAP7_75t_L            33      3.368    asap7sc7p5t_SIMPLE_LVT_TT_ccs_211120 
NOR2xp33_ASAP7_75t_L            91      5.307    asap7sc7p5t_SIMPLE_LVT_TT_ccs_211120 
NOR3xp33_ASAP7_75t_L            28      2.041    asap7sc7p5t_SIMPLE_LVT_TT_ccs_211120 
NOR4xp25_ASAP7_75t_L             3      0.262    asap7sc7p5t_SIMPLE_LVT_TT_ccs_211120 
NOR5xp2_ASAP7_75t_L              5      0.510    asap7sc7p5t_SIMPLE_LVT_TT_ccs_211120 
O2A1O1Ixp33_ASAP7_75t_L         19      1.662    asap7sc7p5t_OA_LVT_TT_ccs_211120     
O2A1O1Ixp33_ASAP7_75t_R          1      0.087    asap7sc7p5t_OA_RVT_TT_ccs_211120     
OAI211xp5_ASAP7_75t_L            2      0.175    asap7sc7p5t_OA_LVT_TT_ccs_211120     
OAI21xp5_ASAP7_75t_L             6      0.437    asap7sc7p5t_OA_LVT_TT_ccs_211120     
OAI221xp5_ASAP7_75t_L            4      0.408    asap7sc7p5t_OA_LVT_TT_ccs_211120     
OAI22xp33_ASAP7_75t_L            1      0.087    asap7sc7p5t_OA_LVT_TT_ccs_211120     
OAI311xp33_ASAP7_75t_L           1      0.102    asap7sc7p5t_OA_LVT_TT_ccs_211120     
OAI32xp33_ASAP7_75t_L            1      0.102    asap7sc7p5t_OA_LVT_TT_ccs_211120     
OAI33xp33_ASAP7_75t_L            1      0.117    asap7sc7p5t_OA_LVT_TT_ccs_211120     
OR2x2_ASAP7_75t_L                1      0.087    asap7sc7p5t_SIMPLE_LVT_TT_ccs_211120 
OR3x1_ASAP7_75t_L                1      0.087    asap7sc7p5t_SIMPLE_LVT_TT_ccs_211120 
XNOR2xp5_ASAP7_75t_L            23      3.018    asap7sc7p5t_SIMPLE_LVT_TT_ccs_211120 
XOR2xp5_ASAP7_75t_L             26      3.412    asap7sc7p5t_SIMPLE_LVT_TT_ccs_211120 
srambank_256x4x32_6t122         16  20976.537    srambank_256x4x32_6t122              
--------------------------------------------------------------------------------------
total                         1256  21111.781                                         


               Library               Instances    Area   Instances % 
---------------------------------------------------------------------
asap7sc7p5t_AO_LVT_TT_ccs_211120           486    44.615        38.7 
asap7sc7p5t_INVBUF_LVT_TT_ccs_211120       139     6.138        11.1 
asap7sc7p5t_INVBUF_RVT_TT_ccs_211120         2     0.087         0.2 
asap7sc7p5t_OA_LVT_TT_ccs_211120            35     3.091         2.8 
asap7sc7p5t_OA_RVT_TT_ccs_211120             1     0.087         0.1 
asap7sc7p5t_SEQ_LVT_TT_ccs_220123          159    46.364        12.7 
asap7sc7p5t_SIMPLE_LVT_TT_ccs_211120       418    34.861        33.3 
srambank_256x4x32_6t122                     16 20976.537         1.3 

                                          
     Type      Instances    Area   Area % 
------------------------------------------
timing_model          16 20976.537   99.4 
sequential           159    46.364    0.2 
inverter             137     5.992    0.0 
buffer                 4     0.233    0.0 
logic                940    82.654    0.4 
physical_cells         0     0.000    0.0 
------------------------------------------
total               1256 21111.781  100.0 

