============================================================
  Generated by:           Genus(TM) Synthesis Solution 23.14-s090_1
  Generated on:           Aug 02 2026  04:02:18 pm
  Module:                 axi_ram
  Technology libraries:   asap7sc7p5t_SIMPLE_RVT_TT_ccs_211120 1.0
                          asap7sc7p5t_INVBUF_RVT_TT_ccs_211120 1.0
                          asap7sc7p5t_AO_RVT_TT_ccs_211120 1.0
                          asap7sc7p5t_OA_RVT_TT_ccs_211120 1.0
                          asap7sc7p5t_SEQ_RVT_TT_ccs_220123 1.0
                          asap7sc7p5t_SIMPLE_LVT_TT_ccs_211120 1.0
                          asap7sc7p5t_INVBUF_LVT_TT_ccs_211120 1.0
                          asap7sc7p5t_AO_LVT_TT_ccs_211120 1.0
                          asap7sc7p5t_OA_LVT_TT_ccs_211120 1.0
                          asap7sc7p5t_SEQ_LVT_TT_ccs_220123 1.0
                          srambank_256x4x32_6t122 1.0
  Operating conditions:   PVT_0P7V_25C (balanced_tree)
  Wireload mode:          enclosed
  Area mode:              timing library
============================================================

 
  Hierarchy Report Format : 
 
    level instance ( module ) <status>
 
    status :    preserve_<value> -- indicating preserve hierachy or inherited_preserve value
           :    blackbox --  indicating  unresolved instance
 
==================================================================

 0 axi_ram
  1 u_mem ( asap7_sram_64k_1rw ) 
     2 mux_bank_rdata[read_bank_q]_51_20 ( bmux ) 
  1 add_344_54 ( add_unsigned ) 
  1 add_342_52 ( add_unsigned_50 ) 
  1 add_399_62 ( add_unsigned_1 ) 
  1 add_386_56 ( add_unsigned_50_1 ) 
  1 mux_s_axi_wready_303_60 ( bmux_63 ) 
  1 mux_s_axi_wready_301_29 ( bmux_63_1 ) 
  1 mux_s_axi_rvalid_274_29 ( bmux_63_2 ) 
  1 mux_s_axi_rlast_274_29 ( bmux_63_3 ) 
  1 mux_s_axi_rlast_388_33 ( bmux_63_4 ) 
  1 mux_s_axi_rvalid_388_33 ( bmux_63_5 ) 
  1 mux_s_axi_rvalid_379_29 ( bmux_63_6 ) 
  1 mux_s_axi_awready_258_48 ( bmux_63_7 ) 
  1 mux_state_274_29 ( bmux_71 ) 
  1 mux_state_241_39 ( bmux_72 ) 
  1 mux_state_317_45 ( bmux_73 ) 
  1 mux_state_301_29 ( bmux_71_1 ) 
  1 mux_state_337_25 ( bmux_63_8 ) 
  1 mux_state_388_33 ( bmux_71_2 ) 
  1 mux_state_379_29 ( bmux_71_3 ) 
  1 ctl_state_232_19 ( case_box ) 
  1 mux_r_addr_reg_232_19 ( mux ) 
  1 mux_w_error_reg_232_19 ( mux_84 ) 
  1 mux_w_addr_reg_232_19 ( mux_87 ) 
  1 mux_s_axi_rresp_232_19 ( mux_89 ) 
  1 ctl_165_15 ( case_box_76 ) 
  1 mux_cmbsop_mem_read_165_15 ( mux_91 ) 
  1 ctl_state_165_15 ( case_box_79 ) 
  1 mux_mem_addr_165_15 ( mux_92 ) 
  1 mux_mem_wdata_178_21 ( bmux_93 ) 
  1 mux_mem_wdata_179_21 ( bmux_93_1 ) 
  1 mux_mem_wdata_180_21 ( bmux_93_2 ) 
  1 mux_mem_wdata_181_21 ( bmux_93_3 ) 
  1 mux_mem_wdata_165_15 ( mux_1 ) 
  1 mux_s_axi_rdata_232_19 ( mux_87_1 ) 
  1 mux_s_axi_rid_232_19 ( mux_100 ) 
  1 mux_338_41 ( bmux_63_14 ) 
  1 mux_s_axi_bresp_232_19 ( mux_89_1 ) 
  1 mux_s_axi_arready_241_39 ( bmux_63_17 ) 
  1 mux_s_axi_wready_241_39 ( bmux_63_18 ) 
  1 mux_w_count_reg_232_19 ( mux_111 ) 
  1 mux_s_axi_wready_292_38 ( bmux_63_21 ) 
  1 mux_s_axi_wready_232_19 ( mux_115 ) 
  1 mux_s_axi_bvalid_232_19 ( mux_115_1 ) 
  1 mux_r_count_reg_232_19 ( mux_119 ) 
  1 mux_s_axi_rlast_379_29 ( bmux_63_24 ) 
  1 mux_s_axi_rlast_232_19 ( mux_89_2 ) 
  1 mux_s_axi_rvalid_232_19 ( mux_89_3 ) 
  1 mux_s_axi_arready_232_19 ( mux_89_4 ) 
  1 mux_state_232_19 ( bmux_132 ) 
