============================================================
  Generated by:           Genus(TM) Synthesis Solution 23.14-s090_1
  Generated on:           Aug 02 2026  04:02:36 pm
  Module:                 axi_ram
  Operating conditions:   PVT_0P7V_25C (balanced_tree)
  Wireload mode:          enclosed
  Area mode:              timing library
============================================================

Timing
--------

Analysis view Clock Period 
---------------------------
tt            CLK   1000.0 


Analysis   Cost   Critical        Violating 
  View    Group  Path Slack  TNS    Paths   
--------------------------------------------
tt           C2C      446.0  0.0          0 
             C2O      481.9  0.0          0 
             CLK      646.6  0.0          0 
         default   No paths  0.0          0 
             I2C      343.2  0.0          0 
--------------------------------------------
Total                       -0.0          0 
                                            

Instance Count
--------------
Leaf Instance Count             1256 
Physical Instance count            0 
Sequential Instance Count        175 
Combinational Instance Count    1081 
Hierarchical Instance Count        1 

Area
----
Cell Area                          21111.781
Physical Cell Area                 0.000
Total Cell Area (Cell+Physical)    21111.781
Net Area                           0.000
Total Area (Cell+Physical+Net)     21111.781

Max Fanout                         175 (clk)
Min Fanout                         0 (s_axi_awaddr[31])
Average Fanout                     2.3
Terms to net ratio                 3.2262
Terms to instance ratio            4.8830
Runtime                            68.236165 seconds
Elapsed Runtime                    36 seconds
Genus peak memory usage            4607.43 
Innovus peak memory usage          no_value 
Hostname                           user1-EliteMini
