============================================================
  Generated by:           Genus(TM) Synthesis Solution 23.14-s090_1
  Generated on:           Jul 26 2026  02:52:15 am
  Module:                 axi_ram
  Operating conditions:   PVT_0P7V_25C (balanced_tree)
  Wireload mode:          enclosed
  Area mode:              timing library
============================================================


Path 1: MET (446 ps) Setup Check with Pin r_count_reg_reg[7]/CLK->D
           View: tt
          Group: C2C
     Startpoint: (R) state_reg[3]/CLK
          Clock: (R) CLK
       Endpoint: (F) r_count_reg_reg[7]/D
          Clock: (R) CLK

                     Capture       Launch     
        Clock Edge:+    1000            0     
       Src Latency:+     100          150     
       Net Latency:+       0 (I)        0 (I) 
           Arrival:=    1100          150     
                                              
             Setup:-       1                  
       Uncertainty:-      50                  
     Required Time:=    1049                  
      Launch Clock:-     150                  
         Data Path:-     453                  
             Slack:=     446                  

#-------------------------------------------------------------------------------------------------------------
#    Timing Point      Flags    Arc    Edge          Cell            Fanout Load Trans Delay Arrival Instance 
#                                                                           (fF)  (ps)  (ps)   (ps)  Location 
#-------------------------------------------------------------------------------------------------------------
  state_reg[3]/CLK     -       -       R     (arrival)                  175    -    40     0     150    (-,-) 
  state_reg[3]/QN      -       CLK->QN F     DFFHQNx1_ASAP7_75t_L         5  2.5    27    51     201    (-,-) 
  g8096__9945/Y        -       B->Y    R     NOR2xp33_ASAP7_75t_L         3  1.6    41    26     226    (-,-) 
  g8095/Y              -       A->Y    F     INVx1_ASAP7_75t_L            1  0.5    12     8     234    (-,-) 
  g11768__5107/Y       -       A->Y    R     NOR3xp33_ASAP7_75t_L        18  7.9   172    81     315    (-,-) 
  g11702__6417/Y       -       B->Y    R     AND2x2_ASAP7_75t_L           2  1.1    14    29     344    (-,-) 
  g11676__5107/Y       -       B->Y    F     NAND2xp5_ASAP7_75t_L         2  0.9    18    10     354    (-,-) 
  g11608__2883/Y       -       B->Y    R     NOR2xp33_ASAP7_75t_L        15  7.7   166    80     434    (-,-) 
  g11582__6131/Y       -       B->Y    F     NOR2xp33_ASAP7_75t_L        16  8.8   179   122     556    (-,-) 
  g11312__7410/Y       -       A->Y    R     NOR3xp33_ASAP7_75t_L         1  0.6    49    36     592    (-,-) 
  g11174__6417/Y       -       B->Y    F     A2O1A1Ixp33_ASAP7_75t_L      1  0.6    47    11     603    (-,-) 
  r_count_reg_reg[7]/D -       -       F     DFFHQNx1_ASAP7_75t_L         1    -     -     0     603    (-,-) 
#-------------------------------------------------------------------------------------------------------------



Path 2: MET (446 ps) Setup Check with Pin r_count_reg_reg[6]/CLK->D
           View: tt
          Group: C2C
     Startpoint: (R) state_reg[3]/CLK
          Clock: (R) CLK
       Endpoint: (F) r_count_reg_reg[6]/D
          Clock: (R) CLK

                     Capture       Launch     
        Clock Edge:+    1000            0     
       Src Latency:+     100          150     
       Net Latency:+       0 (I)        0 (I) 
           Arrival:=    1100          150     
                                              
             Setup:-       1                  
       Uncertainty:-      50                  
     Required Time:=    1049                  
      Launch Clock:-     150                  
         Data Path:-     453                  
             Slack:=     446                  

#-------------------------------------------------------------------------------------------------------------
#    Timing Point      Flags    Arc    Edge          Cell            Fanout Load Trans Delay Arrival Instance 
#                                                                           (fF)  (ps)  (ps)   (ps)  Location 
#-------------------------------------------------------------------------------------------------------------
  state_reg[3]/CLK     -       -       R     (arrival)                  175    -    40     0     150    (-,-) 
  state_reg[3]/QN      -       CLK->QN F     DFFHQNx1_ASAP7_75t_L         5  2.5    27    51     201    (-,-) 
  g8096__9945/Y        -       B->Y    R     NOR2xp33_ASAP7_75t_L         3  1.6    41    26     226    (-,-) 
  g8095/Y              -       A->Y    F     INVx1_ASAP7_75t_L            1  0.5    12     8     234    (-,-) 
  g11768__5107/Y       -       A->Y    R     NOR3xp33_ASAP7_75t_L        18  7.9   172    81     315    (-,-) 
  g11702__6417/Y       -       B->Y    R     AND2x2_ASAP7_75t_L           2  1.1    14    29     344    (-,-) 
  g11676__5107/Y       -       B->Y    F     NAND2xp5_ASAP7_75t_L         2  0.9    18    10     354    (-,-) 
  g11608__2883/Y       -       B->Y    R     NOR2xp33_ASAP7_75t_L        15  7.7   166    80     434    (-,-) 
  g11582__6131/Y       -       B->Y    F     NOR2xp33_ASAP7_75t_L        16  8.8   179   122     556    (-,-) 
  g11348__1881/Y       -       A->Y    R     NOR3xp33_ASAP7_75t_L         1  0.6    49    36     592    (-,-) 
  g11240__5477/Y       -       B->Y    F     A2O1A1Ixp33_ASAP7_75t_L      1  0.6    47    11     603    (-,-) 
  r_count_reg_reg[6]/D -       -       F     DFFHQNx1_ASAP7_75t_L         1    -     -     0     603    (-,-) 
#-------------------------------------------------------------------------------------------------------------



Path 3: MET (446 ps) Setup Check with Pin r_count_reg_reg[5]/CLK->D
           View: tt
          Group: C2C
     Startpoint: (R) state_reg[3]/CLK
          Clock: (R) CLK
       Endpoint: (F) r_count_reg_reg[5]/D
          Clock: (R) CLK

                     Capture       Launch     
        Clock Edge:+    1000            0     
       Src Latency:+     100          150     
       Net Latency:+       0 (I)        0 (I) 
           Arrival:=    1100          150     
                                              
             Setup:-       1                  
       Uncertainty:-      50                  
     Required Time:=    1049                  
      Launch Clock:-     150                  
         Data Path:-     453                  
             Slack:=     446                  

#-------------------------------------------------------------------------------------------------------------
#    Timing Point      Flags    Arc    Edge          Cell            Fanout Load Trans Delay Arrival Instance 
#                                                                           (fF)  (ps)  (ps)   (ps)  Location 
#-------------------------------------------------------------------------------------------------------------
  state_reg[3]/CLK     -       -       R     (arrival)                  175    -    40     0     150    (-,-) 
  state_reg[3]/QN      -       CLK->QN F     DFFHQNx1_ASAP7_75t_L         5  2.5    27    51     201    (-,-) 
  g8096__9945/Y        -       B->Y    R     NOR2xp33_ASAP7_75t_L         3  1.6    41    26     226    (-,-) 
  g8095/Y              -       A->Y    F     INVx1_ASAP7_75t_L            1  0.5    12     8     234    (-,-) 
  g11768__5107/Y       -       A->Y    R     NOR3xp33_ASAP7_75t_L        18  7.9   172    81     315    (-,-) 
  g11702__6417/Y       -       B->Y    R     AND2x2_ASAP7_75t_L           2  1.1    14    29     344    (-,-) 
  g11676__5107/Y       -       B->Y    F     NAND2xp5_ASAP7_75t_L         2  0.9    18    10     354    (-,-) 
  g11608__2883/Y       -       B->Y    R     NOR2xp33_ASAP7_75t_L        15  7.7   166    80     434    (-,-) 
  g11582__6131/Y       -       B->Y    F     NOR2xp33_ASAP7_75t_L        16  8.8   179   122     556    (-,-) 
  g11411__9945/Y       -       A->Y    R     NOR3xp33_ASAP7_75t_L         1  0.6    49    36     592    (-,-) 
  g11301__6131/Y       -       B->Y    F     A2O1A1Ixp33_ASAP7_75t_L      1  0.6    47    11     603    (-,-) 
  r_count_reg_reg[5]/D -       -       F     DFFHQNx1_ASAP7_75t_L         1    -     -     0     603    (-,-) 
#-------------------------------------------------------------------------------------------------------------



Path 4: MET (446 ps) Setup Check with Pin r_count_reg_reg[4]/CLK->D
           View: tt
          Group: C2C
     Startpoint: (R) state_reg[3]/CLK
          Clock: (R) CLK
       Endpoint: (F) r_count_reg_reg[4]/D
          Clock: (R) CLK

                     Capture       Launch     
        Clock Edge:+    1000            0     
       Src Latency:+     100          150     
       Net Latency:+       0 (I)        0 (I) 
           Arrival:=    1100          150     
                                              
             Setup:-       1                  
       Uncertainty:-      50                  
     Required Time:=    1049                  
      Launch Clock:-     150                  
         Data Path:-     453                  
             Slack:=     446                  

#-------------------------------------------------------------------------------------------------------------
#    Timing Point      Flags    Arc    Edge          Cell            Fanout Load Trans Delay Arrival Instance 
#                                                                           (fF)  (ps)  (ps)   (ps)  Location 
#-------------------------------------------------------------------------------------------------------------
  state_reg[3]/CLK     -       -       R     (arrival)                  175    -    40     0     150    (-,-) 
  state_reg[3]/QN      -       CLK->QN F     DFFHQNx1_ASAP7_75t_L         5  2.5    27    51     201    (-,-) 
  g8096__9945/Y        -       B->Y    R     NOR2xp33_ASAP7_75t_L         3  1.6    41    26     226    (-,-) 
  g8095/Y              -       A->Y    F     INVx1_ASAP7_75t_L            1  0.5    12     8     234    (-,-) 
  g11768__5107/Y       -       A->Y    R     NOR3xp33_ASAP7_75t_L        18  7.9   172    81     315    (-,-) 
  g11702__6417/Y       -       B->Y    R     AND2x2_ASAP7_75t_L           2  1.1    14    29     344    (-,-) 
  g11676__5107/Y       -       B->Y    F     NAND2xp5_ASAP7_75t_L         2  0.9    18    10     354    (-,-) 
  g11608__2883/Y       -       B->Y    R     NOR2xp33_ASAP7_75t_L        15  7.7   166    80     434    (-,-) 
  g11582__6131/Y       -       B->Y    F     NOR2xp33_ASAP7_75t_L        16  8.8   179   122     556    (-,-) 
  g11467__5477/Y       -       A->Y    R     NOR3xp33_ASAP7_75t_L         1  0.6    49    36     592    (-,-) 
  g11340__1617/Y       -       B->Y    F     A2O1A1Ixp33_ASAP7_75t_L      1  0.6    47    11     603    (-,-) 
  r_count_reg_reg[4]/D -       -       F     DFFHQNx1_ASAP7_75t_L         1    -     -     0     603    (-,-) 
#-------------------------------------------------------------------------------------------------------------



Path 5: MET (446 ps) Setup Check with Pin r_count_reg_reg[3]/CLK->D
           View: tt
          Group: C2C
     Startpoint: (R) state_reg[3]/CLK
          Clock: (R) CLK
       Endpoint: (F) r_count_reg_reg[3]/D
          Clock: (R) CLK

                     Capture       Launch     
        Clock Edge:+    1000            0     
       Src Latency:+     100          150     
       Net Latency:+       0 (I)        0 (I) 
           Arrival:=    1100          150     
                                              
             Setup:-       1                  
       Uncertainty:-      50                  
     Required Time:=    1049                  
      Launch Clock:-     150                  
         Data Path:-     453                  
             Slack:=     446                  

#-------------------------------------------------------------------------------------------------------------
#    Timing Point      Flags    Arc    Edge          Cell            Fanout Load Trans Delay Arrival Instance 
#                                                                           (fF)  (ps)  (ps)   (ps)  Location 
#-------------------------------------------------------------------------------------------------------------
  state_reg[3]/CLK     -       -       R     (arrival)                  175    -    40     0     150    (-,-) 
  state_reg[3]/QN      -       CLK->QN F     DFFHQNx1_ASAP7_75t_L         5  2.5    27    51     201    (-,-) 
  g8096__9945/Y        -       B->Y    R     NOR2xp33_ASAP7_75t_L         3  1.6    41    26     226    (-,-) 
  g8095/Y              -       A->Y    F     INVx1_ASAP7_75t_L            1  0.5    12     8     234    (-,-) 
  g11768__5107/Y       -       A->Y    R     NOR3xp33_ASAP7_75t_L        18  7.9   172    81     315    (-,-) 
  g11702__6417/Y       -       B->Y    R     AND2x2_ASAP7_75t_L           2  1.1    14    29     344    (-,-) 
  g11676__5107/Y       -       B->Y    F     NAND2xp5_ASAP7_75t_L         2  0.9    18    10     354    (-,-) 
  g11608__2883/Y       -       B->Y    R     NOR2xp33_ASAP7_75t_L        15  7.7   166    80     434    (-,-) 
  g11582__6131/Y       -       B->Y    F     NOR2xp33_ASAP7_75t_L        16  8.8   179   122     556    (-,-) 
  g11468__2398/Y       -       A->Y    R     NOR3xp33_ASAP7_75t_L         1  0.6    49    36     592    (-,-) 
  g11337__5526/Y       -       B->Y    F     A2O1A1Ixp33_ASAP7_75t_L      1  0.6    47    11     603    (-,-) 
  r_count_reg_reg[3]/D -       -       F     DFFHQNx1_ASAP7_75t_L         1    -     -     0     603    (-,-) 
#-------------------------------------------------------------------------------------------------------------



Path 6: MET (446 ps) Setup Check with Pin r_count_reg_reg[2]/CLK->D
           View: tt
          Group: C2C
     Startpoint: (R) state_reg[3]/CLK
          Clock: (R) CLK
       Endpoint: (F) r_count_reg_reg[2]/D
          Clock: (R) CLK

                     Capture       Launch     
        Clock Edge:+    1000            0     
       Src Latency:+     100          150     
       Net Latency:+       0 (I)        0 (I) 
           Arrival:=    1100          150     
                                              
             Setup:-       1                  
       Uncertainty:-      50                  
     Required Time:=    1049                  
      Launch Clock:-     150                  
         Data Path:-     453                  
             Slack:=     446                  

#-------------------------------------------------------------------------------------------------------------
#    Timing Point      Flags    Arc    Edge          Cell            Fanout Load Trans Delay Arrival Instance 
#                                                                           (fF)  (ps)  (ps)   (ps)  Location 
#-------------------------------------------------------------------------------------------------------------
  state_reg[3]/CLK     -       -       R     (arrival)                  175    -    40     0     150    (-,-) 
  state_reg[3]/QN      -       CLK->QN F     DFFHQNx1_ASAP7_75t_L         5  2.5    27    51     201    (-,-) 
  g8096__9945/Y        -       B->Y    R     NOR2xp33_ASAP7_75t_L         3  1.6    41    26     226    (-,-) 
  g8095/Y              -       A->Y    F     INVx1_ASAP7_75t_L            1  0.5    12     8     234    (-,-) 
  g11768__5107/Y       -       A->Y    R     NOR3xp33_ASAP7_75t_L        18  7.9   172    81     315    (-,-) 
  g11702__6417/Y       -       B->Y    R     AND2x2_ASAP7_75t_L           2  1.1    14    29     344    (-,-) 
  g11676__5107/Y       -       B->Y    F     NAND2xp5_ASAP7_75t_L         2  0.9    18    10     354    (-,-) 
  g11608__2883/Y       -       B->Y    R     NOR2xp33_ASAP7_75t_L        15  7.7   166    80     434    (-,-) 
  g11582__6131/Y       -       B->Y    F     NOR2xp33_ASAP7_75t_L        16  8.8   179   122     556    (-,-) 
  g11470__6260/Y       -       A->Y    R     NOR3xp33_ASAP7_75t_L         1  0.6    49    36     592    (-,-) 
  g11339__3680/Y       -       B->Y    F     A2O1A1Ixp33_ASAP7_75t_L      1  0.6    47    11     603    (-,-) 
  r_count_reg_reg[2]/D -       -       F     DFFHQNx1_ASAP7_75t_L         1    -     -     0     603    (-,-) 
#-------------------------------------------------------------------------------------------------------------



Path 7: MET (446 ps) Setup Check with Pin r_count_reg_reg[1]/CLK->D
           View: tt
          Group: C2C
     Startpoint: (R) state_reg[3]/CLK
          Clock: (R) CLK
       Endpoint: (F) r_count_reg_reg[1]/D
          Clock: (R) CLK

                     Capture       Launch     
        Clock Edge:+    1000            0     
       Src Latency:+     100          150     
       Net Latency:+       0 (I)        0 (I) 
           Arrival:=    1100          150     
                                              
             Setup:-       1                  
       Uncertainty:-      50                  
     Required Time:=    1049                  
      Launch Clock:-     150                  
         Data Path:-     453                  
             Slack:=     446                  

#-------------------------------------------------------------------------------------------------------------
#    Timing Point      Flags    Arc    Edge          Cell            Fanout Load Trans Delay Arrival Instance 
#                                                                           (fF)  (ps)  (ps)   (ps)  Location 
#-------------------------------------------------------------------------------------------------------------
  state_reg[3]/CLK     -       -       R     (arrival)                  175    -    40     0     150    (-,-) 
  state_reg[3]/QN      -       CLK->QN F     DFFHQNx1_ASAP7_75t_L         5  2.5    27    51     201    (-,-) 
  g8096__9945/Y        -       B->Y    R     NOR2xp33_ASAP7_75t_L         3  1.6    41    26     226    (-,-) 
  g8095/Y              -       A->Y    F     INVx1_ASAP7_75t_L            1  0.5    12     8     234    (-,-) 
  g11768__5107/Y       -       A->Y    R     NOR3xp33_ASAP7_75t_L        18  7.9   172    81     315    (-,-) 
  g11702__6417/Y       -       B->Y    R     AND2x2_ASAP7_75t_L           2  1.1    14    29     344    (-,-) 
  g11676__5107/Y       -       B->Y    F     NAND2xp5_ASAP7_75t_L         2  0.9    18    10     354    (-,-) 
  g11608__2883/Y       -       B->Y    R     NOR2xp33_ASAP7_75t_L        15  7.7   166    80     434    (-,-) 
  g11582__6131/Y       -       B->Y    F     NOR2xp33_ASAP7_75t_L        16  8.8   179   122     556    (-,-) 
  g11471__4319/Y       -       A->Y    R     NOR3xp33_ASAP7_75t_L         1  0.6    49    36     592    (-,-) 
  g11345__7098/Y       -       B->Y    F     A2O1A1Ixp33_ASAP7_75t_L      1  0.6    47    11     603    (-,-) 
  r_count_reg_reg[1]/D -       -       F     DFFHQNx1_ASAP7_75t_L         1    -     -     0     603    (-,-) 
#-------------------------------------------------------------------------------------------------------------



Path 8: MET (446 ps) Setup Check with Pin r_count_reg_reg[0]/CLK->D
           View: tt
          Group: C2C
     Startpoint: (R) state_reg[3]/CLK
          Clock: (R) CLK
       Endpoint: (F) r_count_reg_reg[0]/D
          Clock: (R) CLK

                     Capture       Launch     
        Clock Edge:+    1000            0     
       Src Latency:+     100          150     
       Net Latency:+       0 (I)        0 (I) 
           Arrival:=    1100          150     
                                              
             Setup:-       1                  
       Uncertainty:-      50                  
     Required Time:=    1049                  
      Launch Clock:-     150                  
         Data Path:-     453                  
             Slack:=     446                  

#-------------------------------------------------------------------------------------------------------------
#    Timing Point      Flags    Arc    Edge          Cell            Fanout Load Trans Delay Arrival Instance 
#                                                                           (fF)  (ps)  (ps)   (ps)  Location 
#-------------------------------------------------------------------------------------------------------------
  state_reg[3]/CLK     -       -       R     (arrival)                  175    -    40     0     150    (-,-) 
  state_reg[3]/QN      -       CLK->QN F     DFFHQNx1_ASAP7_75t_L         5  2.5    27    51     201    (-,-) 
  g8096__9945/Y        -       B->Y    R     NOR2xp33_ASAP7_75t_L         3  1.6    41    26     226    (-,-) 
  g8095/Y              -       A->Y    F     INVx1_ASAP7_75t_L            1  0.5    12     8     234    (-,-) 
  g11768__5107/Y       -       A->Y    R     NOR3xp33_ASAP7_75t_L        18  7.9   172    81     315    (-,-) 
  g11702__6417/Y       -       B->Y    R     AND2x2_ASAP7_75t_L           2  1.1    14    29     344    (-,-) 
  g11676__5107/Y       -       B->Y    F     NAND2xp5_ASAP7_75t_L         2  0.9    18    10     354    (-,-) 
  g11608__2883/Y       -       B->Y    R     NOR2xp33_ASAP7_75t_L        15  7.7   166    80     434    (-,-) 
  g11582__6131/Y       -       B->Y    F     NOR2xp33_ASAP7_75t_L        16  8.8   179   122     556    (-,-) 
  g11477__2802/Y       -       A->Y    R     NOR3xp33_ASAP7_75t_L         1  0.6    49    36     592    (-,-) 
  g11338__6783/Y       -       B->Y    F     A2O1A1Ixp33_ASAP7_75t_L      1  0.6    47    11     603    (-,-) 
  r_count_reg_reg[0]/D -       -       F     DFFHQNx1_ASAP7_75t_L         1    -     -     0     603    (-,-) 
#-------------------------------------------------------------------------------------------------------------



Path 9: MET (451 ps) Setup Check with Pin r_addr_reg_reg[13]/CLK->D
           View: tt
          Group: C2C
     Startpoint: (R) state_reg[3]/CLK
          Clock: (R) CLK
       Endpoint: (F) r_addr_reg_reg[13]/D
          Clock: (R) CLK

                     Capture       Launch     
        Clock Edge:+    1000            0     
       Src Latency:+     100          150     
       Net Latency:+       0 (I)        0 (I) 
           Arrival:=    1100          150     
                                              
             Setup:-       0                  
       Uncertainty:-      50                  
     Required Time:=    1050                  
      Launch Clock:-     150                  
         Data Path:-     449                  
             Slack:=     451                  

#-------------------------------------------------------------------------------------------------------------
#    Timing Point      Flags    Arc    Edge          Cell            Fanout Load Trans Delay Arrival Instance 
#                                                                           (fF)  (ps)  (ps)   (ps)  Location 
#-------------------------------------------------------------------------------------------------------------
  state_reg[3]/CLK     -       -       R     (arrival)                  175    -    40     0     150    (-,-) 
  state_reg[3]/QN      -       CLK->QN F     DFFHQNx1_ASAP7_75t_L         5  2.5    27    51     201    (-,-) 
  g8096__9945/Y        -       B->Y    R     NOR2xp33_ASAP7_75t_L         3  1.6    41    26     226    (-,-) 
  g8095/Y              -       A->Y    F     INVx1_ASAP7_75t_L            1  0.5    12     8     234    (-,-) 
  g11768__5107/Y       -       A->Y    R     NOR3xp33_ASAP7_75t_L        18  7.9   172    81     315    (-,-) 
  g11702__6417/Y       -       B->Y    R     AND2x2_ASAP7_75t_L           2  1.1    14    29     344    (-,-) 
  g11676__5107/Y       -       B->Y    F     NAND2xp5_ASAP7_75t_L         2  0.9    18    10     354    (-,-) 
  g11608__2883/Y       -       B->Y    R     NOR2xp33_ASAP7_75t_L        15  7.7   166    80     434    (-,-) 
  drc_bufs12094/Y      -       A->Y    F     INVx1_ASAP7_75t_L           12  6.8    75    50     484    (-,-) 
  g11498__6131/Y       -       A->Y    F     AND2x2_ASAP7_75t_L          15  9.0    32    44     528    (-,-) 
  drc_bufs12101/Y      -       A->Y    R     INVx1_ASAP7_75t_L            1  0.6    13    10     539    (-,-) 
  drc_bufs12100/Y      -       A->Y    F     INVx1_ASAP7_75t_L           14  8.4    50    28     567    (-,-) 
  g11108__5526/Y       -       C->Y    R     O2A1O1Ixp33_ASAP7_75t_L      1  0.6    32    22     589    (-,-) 
  g11082__2883/Y       -       B->Y    F     A2O1A1Ixp33_ASAP7_75t_L      1  0.6    32    10     599    (-,-) 
  r_addr_reg_reg[13]/D -       -       F     DFFHQNx1_ASAP7_75t_L         1    -     -     0     599    (-,-) 
#-------------------------------------------------------------------------------------------------------------



Path 10: MET (451 ps) Setup Check with Pin r_addr_reg_reg[8]/CLK->D
           View: tt
          Group: C2C
     Startpoint: (R) state_reg[3]/CLK
          Clock: (R) CLK
       Endpoint: (F) r_addr_reg_reg[8]/D
          Clock: (R) CLK

                     Capture       Launch     
        Clock Edge:+    1000            0     
       Src Latency:+     100          150     
       Net Latency:+       0 (I)        0 (I) 
           Arrival:=    1100          150     
                                              
             Setup:-       0                  
       Uncertainty:-      50                  
     Required Time:=    1050                  
      Launch Clock:-     150                  
         Data Path:-     449                  
             Slack:=     451                  

#------------------------------------------------------------------------------------------------------------
#    Timing Point     Flags    Arc    Edge          Cell            Fanout Load Trans Delay Arrival Instance 
#                                                                          (fF)  (ps)  (ps)   (ps)  Location 
#------------------------------------------------------------------------------------------------------------
  state_reg[3]/CLK    -       -       R     (arrival)                  175    -    40     0     150    (-,-) 
  state_reg[3]/QN     -       CLK->QN F     DFFHQNx1_ASAP7_75t_L         5  2.5    27    51     201    (-,-) 
  g8096__9945/Y       -       B->Y    R     NOR2xp33_ASAP7_75t_L         3  1.6    41    26     226    (-,-) 
  g8095/Y             -       A->Y    F     INVx1_ASAP7_75t_L            1  0.5    12     8     234    (-,-) 
  g11768__5107/Y      -       A->Y    R     NOR3xp33_ASAP7_75t_L        18  7.9   172    81     315    (-,-) 
  g11702__6417/Y      -       B->Y    R     AND2x2_ASAP7_75t_L           2  1.1    14    29     344    (-,-) 
  g11676__5107/Y      -       B->Y    F     NAND2xp5_ASAP7_75t_L         2  0.9    18    10     354    (-,-) 
  g11608__2883/Y      -       B->Y    R     NOR2xp33_ASAP7_75t_L        15  7.7   166    80     434    (-,-) 
  drc_bufs12094/Y     -       A->Y    F     INVx1_ASAP7_75t_L           12  6.8    75    50     484    (-,-) 
  g11498__6131/Y      -       A->Y    F     AND2x2_ASAP7_75t_L          15  9.0    32    44     528    (-,-) 
  drc_bufs12101/Y     -       A->Y    R     INVx1_ASAP7_75t_L            1  0.6    13    10     539    (-,-) 
  drc_bufs12100/Y     -       A->Y    F     INVx1_ASAP7_75t_L           14  8.4    50    28     567    (-,-) 
  g11302__1881/Y      -       C->Y    R     O2A1O1Ixp33_ASAP7_75t_L      1  0.6    32    22     589    (-,-) 
  g11187__1617/Y      -       B->Y    F     A2O1A1Ixp33_ASAP7_75t_L      1  0.6    30    10     599    (-,-) 
  r_addr_reg_reg[8]/D -       -       F     DFFHQNx1_ASAP7_75t_L         1    -     -     0     599    (-,-) 
#------------------------------------------------------------------------------------------------------------



Path 11: MET (451 ps) Setup Check with Pin r_addr_reg_reg[6]/CLK->D
           View: tt
          Group: C2C
     Startpoint: (R) state_reg[3]/CLK
          Clock: (R) CLK
       Endpoint: (F) r_addr_reg_reg[6]/D
          Clock: (R) CLK

                     Capture       Launch     
        Clock Edge:+    1000            0     
       Src Latency:+     100          150     
       Net Latency:+       0 (I)        0 (I) 
           Arrival:=    1100          150     
                                              
             Setup:-       0                  
       Uncertainty:-      50                  
     Required Time:=    1050                  
      Launch Clock:-     150                  
         Data Path:-     449                  
             Slack:=     451                  

#------------------------------------------------------------------------------------------------------------
#    Timing Point     Flags    Arc    Edge          Cell            Fanout Load Trans Delay Arrival Instance 
#                                                                          (fF)  (ps)  (ps)   (ps)  Location 
#------------------------------------------------------------------------------------------------------------
  state_reg[3]/CLK    -       -       R     (arrival)                  175    -    40     0     150    (-,-) 
  state_reg[3]/QN     -       CLK->QN F     DFFHQNx1_ASAP7_75t_L         5  2.5    27    51     201    (-,-) 
  g8096__9945/Y       -       B->Y    R     NOR2xp33_ASAP7_75t_L         3  1.6    41    26     226    (-,-) 
  g8095/Y             -       A->Y    F     INVx1_ASAP7_75t_L            1  0.5    12     8     234    (-,-) 
  g11768__5107/Y      -       A->Y    R     NOR3xp33_ASAP7_75t_L        18  7.9   172    81     315    (-,-) 
  g11702__6417/Y      -       B->Y    R     AND2x2_ASAP7_75t_L           2  1.1    14    29     344    (-,-) 
  g11676__5107/Y      -       B->Y    F     NAND2xp5_ASAP7_75t_L         2  0.9    18    10     354    (-,-) 
  g11608__2883/Y      -       B->Y    R     NOR2xp33_ASAP7_75t_L        15  7.7   166    80     434    (-,-) 
  drc_bufs12094/Y     -       A->Y    F     INVx1_ASAP7_75t_L           12  6.8    75    50     484    (-,-) 
  g11498__6131/Y      -       A->Y    F     AND2x2_ASAP7_75t_L          15  9.0    32    44     528    (-,-) 
  drc_bufs12101/Y     -       A->Y    R     INVx1_ASAP7_75t_L            1  0.6    13    10     539    (-,-) 
  drc_bufs12100/Y     -       A->Y    F     INVx1_ASAP7_75t_L           14  8.4    50    28     567    (-,-) 
  g11374__8246/Y      -       C->Y    R     O2A1O1Ixp33_ASAP7_75t_L      1  0.6    32    22     589    (-,-) 
  g11307__9315/Y      -       B->Y    F     A2O1A1Ixp33_ASAP7_75t_L      1  0.6    32    10     599    (-,-) 
  r_addr_reg_reg[6]/D -       -       F     DFFHQNx1_ASAP7_75t_L         1    -     -     0     599    (-,-) 
#------------------------------------------------------------------------------------------------------------



Path 12: MET (451 ps) Setup Check with Pin r_addr_reg_reg[5]/CLK->D
           View: tt
          Group: C2C
     Startpoint: (R) state_reg[3]/CLK
          Clock: (R) CLK
       Endpoint: (F) r_addr_reg_reg[5]/D
          Clock: (R) CLK

                     Capture       Launch     
        Clock Edge:+    1000            0     
       Src Latency:+     100          150     
       Net Latency:+       0 (I)        0 (I) 
           Arrival:=    1100          150     
                                              
             Setup:-       0                  
       Uncertainty:-      50                  
     Required Time:=    1050                  
      Launch Clock:-     150                  
         Data Path:-     449                  
             Slack:=     451                  

#------------------------------------------------------------------------------------------------------------
#    Timing Point     Flags    Arc    Edge          Cell            Fanout Load Trans Delay Arrival Instance 
#                                                                          (fF)  (ps)  (ps)   (ps)  Location 
#------------------------------------------------------------------------------------------------------------
  state_reg[3]/CLK    -       -       R     (arrival)                  175    -    40     0     150    (-,-) 
  state_reg[3]/QN     -       CLK->QN F     DFFHQNx1_ASAP7_75t_L         5  2.5    27    51     201    (-,-) 
  g8096__9945/Y       -       B->Y    R     NOR2xp33_ASAP7_75t_L         3  1.6    41    26     226    (-,-) 
  g8095/Y             -       A->Y    F     INVx1_ASAP7_75t_L            1  0.5    12     8     234    (-,-) 
  g11768__5107/Y      -       A->Y    R     NOR3xp33_ASAP7_75t_L        18  7.9   172    81     315    (-,-) 
  g11702__6417/Y      -       B->Y    R     AND2x2_ASAP7_75t_L           2  1.1    14    29     344    (-,-) 
  g11676__5107/Y      -       B->Y    F     NAND2xp5_ASAP7_75t_L         2  0.9    18    10     354    (-,-) 
  g11608__2883/Y      -       B->Y    R     NOR2xp33_ASAP7_75t_L        15  7.7   166    80     434    (-,-) 
  drc_bufs12094/Y     -       A->Y    F     INVx1_ASAP7_75t_L           12  6.8    75    50     484    (-,-) 
  g11498__6131/Y      -       A->Y    F     AND2x2_ASAP7_75t_L          15  9.0    32    44     528    (-,-) 
  drc_bufs12101/Y     -       A->Y    R     INVx1_ASAP7_75t_L            1  0.6    13    10     539    (-,-) 
  drc_bufs12100/Y     -       A->Y    F     INVx1_ASAP7_75t_L           14  8.4    50    28     567    (-,-) 
  g11373__5122/Y      -       C->Y    R     O2A1O1Ixp33_ASAP7_75t_L      1  0.6    32    22     589    (-,-) 
  g11306__6161/Y      -       B->Y    F     A2O1A1Ixp33_ASAP7_75t_L      1  0.6    31    10     599    (-,-) 
  r_addr_reg_reg[5]/D -       -       F     DFFHQNx1_ASAP7_75t_L         1    -     -     0     599    (-,-) 
#------------------------------------------------------------------------------------------------------------



Path 13: MET (451 ps) Setup Check with Pin r_addr_reg_reg[10]/CLK->D
           View: tt
          Group: C2C
     Startpoint: (R) state_reg[3]/CLK
          Clock: (R) CLK
       Endpoint: (F) r_addr_reg_reg[10]/D
          Clock: (R) CLK

                     Capture       Launch     
        Clock Edge:+    1000            0     
       Src Latency:+     100          150     
       Net Latency:+       0 (I)        0 (I) 
           Arrival:=    1100          150     
                                              
             Setup:-       0                  
       Uncertainty:-      50                  
     Required Time:=    1050                  
      Launch Clock:-     150                  
         Data Path:-     449                  
             Slack:=     451                  

#-------------------------------------------------------------------------------------------------------------
#    Timing Point      Flags    Arc    Edge          Cell            Fanout Load Trans Delay Arrival Instance 
#                                                                           (fF)  (ps)  (ps)   (ps)  Location 
#-------------------------------------------------------------------------------------------------------------
  state_reg[3]/CLK     -       -       R     (arrival)                  175    -    40     0     150    (-,-) 
  state_reg[3]/QN      -       CLK->QN F     DFFHQNx1_ASAP7_75t_L         5  2.5    27    51     201    (-,-) 
  g8096__9945/Y        -       B->Y    R     NOR2xp33_ASAP7_75t_L         3  1.6    41    26     226    (-,-) 
  g8095/Y              -       A->Y    F     INVx1_ASAP7_75t_L            1  0.5    12     8     234    (-,-) 
  g11768__5107/Y       -       A->Y    R     NOR3xp33_ASAP7_75t_L        18  7.9   172    81     315    (-,-) 
  g11702__6417/Y       -       B->Y    R     AND2x2_ASAP7_75t_L           2  1.1    14    29     344    (-,-) 
  g11676__5107/Y       -       B->Y    F     NAND2xp5_ASAP7_75t_L         2  0.9    18    10     354    (-,-) 
  g11608__2883/Y       -       B->Y    R     NOR2xp33_ASAP7_75t_L        15  7.7   166    80     434    (-,-) 
  drc_bufs12094/Y      -       A->Y    F     INVx1_ASAP7_75t_L           12  6.8    75    50     484    (-,-) 
  g11498__6131/Y       -       A->Y    F     AND2x2_ASAP7_75t_L          15  9.0    32    44     528    (-,-) 
  drc_bufs12101/Y      -       A->Y    R     INVx1_ASAP7_75t_L            1  0.6    13    10     539    (-,-) 
  drc_bufs12100/Y      -       A->Y    F     INVx1_ASAP7_75t_L           14  8.4    50    28     567    (-,-) 
  g11184__5526/Y       -       C->Y    R     O2A1O1Ixp33_ASAP7_75t_L      1  0.6    32    22     589    (-,-) 
  g11117__7098/Y       -       B->Y    F     A2O1A1Ixp33_ASAP7_75t_L      1  0.6    38    10     599    (-,-) 
  r_addr_reg_reg[10]/D -       -       F     DFFHQNx1_ASAP7_75t_L         1    -     -     0     599    (-,-) 
#-------------------------------------------------------------------------------------------------------------



Path 14: MET (451 ps) Setup Check with Pin r_addr_reg_reg[4]/CLK->D
           View: tt
          Group: C2C
     Startpoint: (R) state_reg[3]/CLK
          Clock: (R) CLK
       Endpoint: (F) r_addr_reg_reg[4]/D
          Clock: (R) CLK

                     Capture       Launch     
        Clock Edge:+    1000            0     
       Src Latency:+     100          150     
       Net Latency:+       0 (I)        0 (I) 
           Arrival:=    1100          150     
                                              
             Setup:-       0                  
       Uncertainty:-      50                  
     Required Time:=    1050                  
      Launch Clock:-     150                  
         Data Path:-     449                  
             Slack:=     451                  

#------------------------------------------------------------------------------------------------------------
#    Timing Point     Flags    Arc    Edge          Cell            Fanout Load Trans Delay Arrival Instance 
#                                                                          (fF)  (ps)  (ps)   (ps)  Location 
#------------------------------------------------------------------------------------------------------------
  state_reg[3]/CLK    -       -       R     (arrival)                  175    -    40     0     150    (-,-) 
  state_reg[3]/QN     -       CLK->QN F     DFFHQNx1_ASAP7_75t_L         5  2.5    27    51     201    (-,-) 
  g8096__9945/Y       -       B->Y    R     NOR2xp33_ASAP7_75t_L         3  1.6    41    26     226    (-,-) 
  g8095/Y             -       A->Y    F     INVx1_ASAP7_75t_L            1  0.5    12     8     234    (-,-) 
  g11768__5107/Y      -       A->Y    R     NOR3xp33_ASAP7_75t_L        18  7.9   172    81     315    (-,-) 
  g11702__6417/Y      -       B->Y    R     AND2x2_ASAP7_75t_L           2  1.1    14    29     344    (-,-) 
  g11676__5107/Y      -       B->Y    F     NAND2xp5_ASAP7_75t_L         2  0.9    18    10     354    (-,-) 
  g11608__2883/Y      -       B->Y    R     NOR2xp33_ASAP7_75t_L        15  7.7   166    80     434    (-,-) 
  drc_bufs12094/Y     -       A->Y    F     INVx1_ASAP7_75t_L           12  6.8    75    50     484    (-,-) 
  g11498__6131/Y      -       A->Y    F     AND2x2_ASAP7_75t_L          15  9.0    32    44     528    (-,-) 
  drc_bufs12101/Y     -       A->Y    R     INVx1_ASAP7_75t_L            1  0.6    13    10     539    (-,-) 
  drc_bufs12100/Y     -       A->Y    F     INVx1_ASAP7_75t_L           14  8.4    50    28     567    (-,-) 
  g11372__1705/Y      -       C->Y    R     O2A1O1Ixp33_ASAP7_75t_L      1  0.6    32    22     589    (-,-) 
  g11305__4733/Y      -       B->Y    F     A2O1A1Ixp33_ASAP7_75t_L      1  0.6    38    10     599    (-,-) 
  r_addr_reg_reg[4]/D -       -       F     DFFHQNx1_ASAP7_75t_L         1    -     -     0     599    (-,-) 
#------------------------------------------------------------------------------------------------------------



Path 15: MET (456 ps) Setup Check with Pin r_addr_reg_reg[12]/CLK->D
           View: tt
          Group: C2C
     Startpoint: (R) state_reg[3]/CLK
          Clock: (R) CLK
       Endpoint: (R) r_addr_reg_reg[12]/D
          Clock: (R) CLK

                     Capture       Launch     
        Clock Edge:+    1000            0     
       Src Latency:+     100          150     
       Net Latency:+       0 (I)        0 (I) 
           Arrival:=    1100          150     
                                              
             Setup:-       8                  
       Uncertainty:-      50                  
     Required Time:=    1042                  
      Launch Clock:-     150                  
         Data Path:-     436                  
             Slack:=     456                  

#-------------------------------------------------------------------------------------------------------------
#    Timing Point      Flags    Arc    Edge          Cell            Fanout Load Trans Delay Arrival Instance 
#                                                                           (fF)  (ps)  (ps)   (ps)  Location 
#-------------------------------------------------------------------------------------------------------------
  state_reg[3]/CLK     -       -       R     (arrival)                  175    -    40     0     150    (-,-) 
  state_reg[3]/QN      -       CLK->QN F     DFFHQNx1_ASAP7_75t_L         5  2.5    27    51     201    (-,-) 
  g8096__9945/Y        -       B->Y    R     NOR2xp33_ASAP7_75t_L         3  1.6    41    26     226    (-,-) 
  g8095/Y              -       A->Y    F     INVx1_ASAP7_75t_L            1  0.5    12     8     234    (-,-) 
  g11768__5107/Y       -       A->Y    R     NOR3xp33_ASAP7_75t_L        18  7.9   172    81     315    (-,-) 
  g11702__6417/Y       -       B->Y    R     AND2x2_ASAP7_75t_L           2  1.1    14    29     344    (-,-) 
  g11676__5107/Y       -       B->Y    F     NAND2xp5_ASAP7_75t_L         2  0.9    18    10     354    (-,-) 
  g11608__2883/Y       -       B->Y    R     NOR2xp33_ASAP7_75t_L        15  7.7   166    80     434    (-,-) 
  drc_bufs12094/Y      -       A->Y    F     INVx1_ASAP7_75t_L           12  6.8    75    50     484    (-,-) 
  g11498__6131/Y       -       A->Y    F     AND2x2_ASAP7_75t_L          15  9.0    32    44     528    (-,-) 
  drc_bufs12101/Y      -       A->Y    R     INVx1_ASAP7_75t_L            1  0.6    13    10     539    (-,-) 
  drc_bufs12100/Y      -       A->Y    F     INVx1_ASAP7_75t_L           14  8.4    50    28     567    (-,-) 
  g11093__2398/Y       -       A2->Y   R     A2O1A1Ixp33_ASAP7_75t_L      1  0.6    28    19     586    (-,-) 
  r_addr_reg_reg[12]/D -       -       R     DFFHQNx1_ASAP7_75t_L         1    -     -     0     586    (-,-) 
#-------------------------------------------------------------------------------------------------------------



Path 16: MET (456 ps) Setup Check with Pin r_addr_reg_reg[11]/CLK->D
           View: tt
          Group: C2C
     Startpoint: (R) state_reg[3]/CLK
          Clock: (R) CLK
       Endpoint: (R) r_addr_reg_reg[11]/D
          Clock: (R) CLK

                     Capture       Launch     
        Clock Edge:+    1000            0     
       Src Latency:+     100          150     
       Net Latency:+       0 (I)        0 (I) 
           Arrival:=    1100          150     
                                              
             Setup:-       8                  
       Uncertainty:-      50                  
     Required Time:=    1042                  
      Launch Clock:-     150                  
         Data Path:-     436                  
             Slack:=     456                  

#-------------------------------------------------------------------------------------------------------------
#    Timing Point      Flags    Arc    Edge          Cell            Fanout Load Trans Delay Arrival Instance 
#                                                                           (fF)  (ps)  (ps)   (ps)  Location 
#-------------------------------------------------------------------------------------------------------------
  state_reg[3]/CLK     -       -       R     (arrival)                  175    -    40     0     150    (-,-) 
  state_reg[3]/QN      -       CLK->QN F     DFFHQNx1_ASAP7_75t_L         5  2.5    27    51     201    (-,-) 
  g8096__9945/Y        -       B->Y    R     NOR2xp33_ASAP7_75t_L         3  1.6    41    26     226    (-,-) 
  g8095/Y              -       A->Y    F     INVx1_ASAP7_75t_L            1  0.5    12     8     234    (-,-) 
  g11768__5107/Y       -       A->Y    R     NOR3xp33_ASAP7_75t_L        18  7.9   172    81     315    (-,-) 
  g11702__6417/Y       -       B->Y    R     AND2x2_ASAP7_75t_L           2  1.1    14    29     344    (-,-) 
  g11676__5107/Y       -       B->Y    F     NAND2xp5_ASAP7_75t_L         2  0.9    18    10     354    (-,-) 
  g11608__2883/Y       -       B->Y    R     NOR2xp33_ASAP7_75t_L        15  7.7   166    80     434    (-,-) 
  drc_bufs12094/Y      -       A->Y    F     INVx1_ASAP7_75t_L           12  6.8    75    50     484    (-,-) 
  g11498__6131/Y       -       A->Y    F     AND2x2_ASAP7_75t_L          15  9.0    32    44     528    (-,-) 
  drc_bufs12101/Y      -       A->Y    R     INVx1_ASAP7_75t_L            1  0.6    13    10     539    (-,-) 
  drc_bufs12100/Y      -       A->Y    F     INVx1_ASAP7_75t_L           14  8.4    50    28     567    (-,-) 
  g11110__3680/Y       -       A2->Y   R     A2O1A1Ixp33_ASAP7_75t_L      1  0.6    28    19     586    (-,-) 
  r_addr_reg_reg[11]/D -       -       R     DFFHQNx1_ASAP7_75t_L         1    -     -     0     586    (-,-) 
#-------------------------------------------------------------------------------------------------------------



Path 17: MET (456 ps) Setup Check with Pin r_addr_reg_reg[2]/CLK->D
           View: tt
          Group: C2C
     Startpoint: (R) state_reg[3]/CLK
          Clock: (R) CLK
       Endpoint: (R) r_addr_reg_reg[2]/D
          Clock: (R) CLK

                     Capture       Launch     
        Clock Edge:+    1000            0     
       Src Latency:+     100          150     
       Net Latency:+       0 (I)        0 (I) 
           Arrival:=    1100          150     
                                              
             Setup:-       8                  
       Uncertainty:-      50                  
     Required Time:=    1042                  
      Launch Clock:-     150                  
         Data Path:-     436                  
             Slack:=     456                  

#------------------------------------------------------------------------------------------------------------
#    Timing Point     Flags    Arc    Edge          Cell            Fanout Load Trans Delay Arrival Instance 
#                                                                          (fF)  (ps)  (ps)   (ps)  Location 
#------------------------------------------------------------------------------------------------------------
  state_reg[3]/CLK    -       -       R     (arrival)                  175    -    40     0     150    (-,-) 
  state_reg[3]/QN     -       CLK->QN F     DFFHQNx1_ASAP7_75t_L         5  2.5    27    51     201    (-,-) 
  g8096__9945/Y       -       B->Y    R     NOR2xp33_ASAP7_75t_L         3  1.6    41    26     226    (-,-) 
  g8095/Y             -       A->Y    F     INVx1_ASAP7_75t_L            1  0.5    12     8     234    (-,-) 
  g11768__5107/Y      -       A->Y    R     NOR3xp33_ASAP7_75t_L        18  7.9   172    81     315    (-,-) 
  g11702__6417/Y      -       B->Y    R     AND2x2_ASAP7_75t_L           2  1.1    14    29     344    (-,-) 
  g11676__5107/Y      -       B->Y    F     NAND2xp5_ASAP7_75t_L         2  0.9    18    10     354    (-,-) 
  g11608__2883/Y      -       B->Y    R     NOR2xp33_ASAP7_75t_L        15  7.7   166    80     434    (-,-) 
  drc_bufs12094/Y     -       A->Y    F     INVx1_ASAP7_75t_L           12  6.8    75    50     484    (-,-) 
  g11498__6131/Y      -       A->Y    F     AND2x2_ASAP7_75t_L          15  9.0    32    44     528    (-,-) 
  drc_bufs12101/Y     -       A->Y    R     INVx1_ASAP7_75t_L            1  0.6    13    10     539    (-,-) 
  drc_bufs12100/Y     -       A->Y    F     INVx1_ASAP7_75t_L           14  8.4    50    28     567    (-,-) 
  g11308__9945/Y      -       A2->Y   R     A2O1A1Ixp33_ASAP7_75t_L      1  0.6    28    19     586    (-,-) 
  r_addr_reg_reg[2]/D -       -       R     DFFHQNx1_ASAP7_75t_L         1    -     -     0     586    (-,-) 
#------------------------------------------------------------------------------------------------------------



Path 18: MET (457 ps) Setup Check with Pin r_addr_reg_reg[14]/CLK->D
           View: tt
          Group: C2C
     Startpoint: (R) state_reg[3]/CLK
          Clock: (R) CLK
       Endpoint: (R) r_addr_reg_reg[14]/D
          Clock: (R) CLK

                     Capture       Launch     
        Clock Edge:+    1000            0     
       Src Latency:+     100          150     
       Net Latency:+       0 (I)        0 (I) 
           Arrival:=    1100          150     
                                              
             Setup:-       7                  
       Uncertainty:-      50                  
     Required Time:=    1043                  
      Launch Clock:-     150                  
         Data Path:-     436                  
             Slack:=     457                  

#-------------------------------------------------------------------------------------------------------------
#    Timing Point      Flags    Arc    Edge          Cell            Fanout Load Trans Delay Arrival Instance 
#                                                                           (fF)  (ps)  (ps)   (ps)  Location 
#-------------------------------------------------------------------------------------------------------------
  state_reg[3]/CLK     -       -       R     (arrival)                  175    -    40     0     150    (-,-) 
  state_reg[3]/QN      -       CLK->QN F     DFFHQNx1_ASAP7_75t_L         5  2.5    27    51     201    (-,-) 
  g8096__9945/Y        -       B->Y    R     NOR2xp33_ASAP7_75t_L         3  1.6    41    26     226    (-,-) 
  g8095/Y              -       A->Y    F     INVx1_ASAP7_75t_L            1  0.5    12     8     234    (-,-) 
  g11768__5107/Y       -       A->Y    R     NOR3xp33_ASAP7_75t_L        18  7.9   172    81     315    (-,-) 
  g11702__6417/Y       -       B->Y    R     AND2x2_ASAP7_75t_L           2  1.1    14    29     344    (-,-) 
  g11676__5107/Y       -       B->Y    F     NAND2xp5_ASAP7_75t_L         2  0.9    18    10     354    (-,-) 
  g11608__2883/Y       -       B->Y    R     NOR2xp33_ASAP7_75t_L        15  7.7   166    80     434    (-,-) 
  drc_bufs12094/Y      -       A->Y    F     INVx1_ASAP7_75t_L           12  6.8    75    50     484    (-,-) 
  g11498__6131/Y       -       A->Y    F     AND2x2_ASAP7_75t_L          15  9.0    32    44     528    (-,-) 
  drc_bufs12101/Y      -       A->Y    R     INVx1_ASAP7_75t_L            1  0.6    13    10     539    (-,-) 
  drc_bufs12100/Y      -       A->Y    F     INVx1_ASAP7_75t_L           14  8.4    50    28     567    (-,-) 
  g11074__4733/Y       -       A2->Y   R     A2O1A1Ixp33_ASAP7_75t_L      1  0.6    34    19     586    (-,-) 
  r_addr_reg_reg[14]/D -       -       R     DFFHQNx1_ASAP7_75t_L         1    -     -     0     586    (-,-) 
#-------------------------------------------------------------------------------------------------------------



Path 19: MET (489 ps) Setup Check with Pin r_len_reg_reg[2]/CLK->D
           View: tt
          Group: C2C
     Startpoint: (R) state_reg[3]/CLK
          Clock: (R) CLK
       Endpoint: (R) r_len_reg_reg[2]/D
          Clock: (R) CLK

                     Capture       Launch     
        Clock Edge:+    1000            0     
       Src Latency:+     100          150     
       Net Latency:+       0 (I)        0 (I) 
           Arrival:=    1100          150     
                                              
             Setup:-       8                  
       Uncertainty:-      50                  
     Required Time:=    1042                  
      Launch Clock:-     150                  
         Data Path:-     403                  
             Slack:=     489                  

#-----------------------------------------------------------------------------------------------------------
#   Timing Point     Flags    Arc    Edge          Cell            Fanout Load Trans Delay Arrival Instance 
#                                                                         (fF)  (ps)  (ps)   (ps)  Location 
#-----------------------------------------------------------------------------------------------------------
  state_reg[3]/CLK   -       -       R     (arrival)                  175    -    40     0     150    (-,-) 
  state_reg[3]/QN    -       CLK->QN F     DFFHQNx1_ASAP7_75t_L         5  2.5    27    51     201    (-,-) 
  g8096__9945/Y      -       B->Y    R     NOR2xp33_ASAP7_75t_L         3  1.6    41    26     226    (-,-) 
  g8095/Y            -       A->Y    F     INVx1_ASAP7_75t_L            1  0.5    12     8     234    (-,-) 
  g11768__5107/Y     -       A->Y    R     NOR3xp33_ASAP7_75t_L        18  7.9   172    81     315    (-,-) 
  g11702__6417/Y     -       B->Y    R     AND2x2_ASAP7_75t_L           2  1.1    14    29     344    (-,-) 
  g11676__5107/Y     -       B->Y    F     NAND2xp5_ASAP7_75t_L         2  0.9    18    10     354    (-,-) 
  g11608__2883/Y     -       B->Y    R     NOR2xp33_ASAP7_75t_L        15  7.7   166    80     434    (-,-) 
  drc_bufs12094/Y    -       A->Y    F     INVx1_ASAP7_75t_L           12  6.8    75    50     484    (-,-) 
  drc_bufs12093/Y    -       A->Y    R     INVx1_ASAP7_75t_L            9  4.4    50    36     520    (-,-) 
  g11557__7482/Y     -       B->Y    F     NOR2xp33_ASAP7_75t_L         1  0.6    23    18     538    (-,-) 
  g11364__6260/Y     -       B->Y    R     A2O1A1Ixp33_ASAP7_75t_L      1  0.6    28    15     553    (-,-) 
  r_len_reg_reg[2]/D -       -       R     DFFHQNx1_ASAP7_75t_L         1    -     -     0     553    (-,-) 
#-----------------------------------------------------------------------------------------------------------



Path 20: MET (490 ps) Setup Check with Pin r_len_reg_reg[5]/CLK->D
           View: tt
          Group: C2C
     Startpoint: (R) state_reg[3]/CLK
          Clock: (R) CLK
       Endpoint: (R) r_len_reg_reg[5]/D
          Clock: (R) CLK

                     Capture       Launch     
        Clock Edge:+    1000            0     
       Src Latency:+     100          150     
       Net Latency:+       0 (I)        0 (I) 
           Arrival:=    1100          150     
                                              
             Setup:-       7                  
       Uncertainty:-      50                  
     Required Time:=    1043                  
      Launch Clock:-     150                  
         Data Path:-     403                  
             Slack:=     490                  

#-----------------------------------------------------------------------------------------------------------
#   Timing Point     Flags    Arc    Edge          Cell            Fanout Load Trans Delay Arrival Instance 
#                                                                         (fF)  (ps)  (ps)   (ps)  Location 
#-----------------------------------------------------------------------------------------------------------
  state_reg[3]/CLK   -       -       R     (arrival)                  175    -    40     0     150    (-,-) 
  state_reg[3]/QN    -       CLK->QN F     DFFHQNx1_ASAP7_75t_L         5  2.5    27    51     201    (-,-) 
  g8096__9945/Y      -       B->Y    R     NOR2xp33_ASAP7_75t_L         3  1.6    41    26     226    (-,-) 
  g8095/Y            -       A->Y    F     INVx1_ASAP7_75t_L            1  0.5    12     8     234    (-,-) 
  g11768__5107/Y     -       A->Y    R     NOR3xp33_ASAP7_75t_L        18  7.9   172    81     315    (-,-) 
  g11702__6417/Y     -       B->Y    R     AND2x2_ASAP7_75t_L           2  1.1    14    29     344    (-,-) 
  g11676__5107/Y     -       B->Y    F     NAND2xp5_ASAP7_75t_L         2  0.9    18    10     354    (-,-) 
  g11608__2883/Y     -       B->Y    R     NOR2xp33_ASAP7_75t_L        15  7.7   166    80     434    (-,-) 
  drc_bufs12094/Y    -       A->Y    F     INVx1_ASAP7_75t_L           12  6.8    75    50     484    (-,-) 
  drc_bufs12093/Y    -       A->Y    R     INVx1_ASAP7_75t_L            9  4.4    50    36     520    (-,-) 
  g11564__1666/Y     -       B->Y    F     NOR2xp33_ASAP7_75t_L         1  0.6    23    18     538    (-,-) 
  g11367__5526/Y     -       B->Y    R     A2O1A1Ixp33_ASAP7_75t_L      1  0.6    39    15     553    (-,-) 
  r_len_reg_reg[5]/D -       -       R     DFFHQNx1_ASAP7_75t_L         1    -     -     0     553    (-,-) 
#-----------------------------------------------------------------------------------------------------------


