============================================================
  Generated by:           Genus(TM) Synthesis Solution 23.14-s090_1
  Generated on:           Aug 02 2026  04:02:35 pm
  Module:                 axi_ram
  Operating conditions:   PVT_0P7V_25C (balanced_tree)
  Wireload mode:          enclosed
  Area mode:              timing library
============================================================


Path 1: MET (482 ps) Late External Delay Assertion at pin s_axi_arready
           View: tt
          Group: C2O
     Startpoint: (R) s_axi_arready_reg/CLK
          Clock: (R) CLK
       Endpoint: (R) s_axi_arready
          Clock: (R) CLK

                     Capture       Launch     
        Clock Edge:+    1000            0     
       Src Latency:+     100          150     
       Net Latency:+       0 (I)        0 (I) 
           Arrival:=    1100          150     
                                              
      Output Delay:-     300                  
       Uncertainty:-      50                  
     Required Time:=     750                  
      Launch Clock:-     150                  
         Data Path:-     118                  
             Slack:=     482                  

Exceptions/Constraints:
  output_delay             300             constraint.sdc_line_123_356_1   

#-----------------------------------------------------------------------------------------------------------
#     Timing Point      Flags    Arc    Edge         Cell          Fanout Load Trans Delay Arrival Instance 
#                                                                         (fF)  (ps)  (ps)   (ps)  Location 
#-----------------------------------------------------------------------------------------------------------
  s_axi_arready_reg/CLK -       -       R     (arrival)               175    -    40     0     150    (-,-) 
  s_axi_arready_reg/QN  -       CLK->QN R     DFFHQNx1_ASAP7_75t_L      5 21.6   165   118     268    (-,-) 
  s_axi_arready         -       -       R     (port)                    -    -     -     0     268    (-,-) 
#-----------------------------------------------------------------------------------------------------------



Path 2: MET (482 ps) Late External Delay Assertion at pin s_axi_awready
           View: tt
          Group: C2O
     Startpoint: (R) s_axi_arready_reg/CLK
          Clock: (R) CLK
       Endpoint: (R) s_axi_awready
          Clock: (R) CLK

                     Capture       Launch     
        Clock Edge:+    1000            0     
       Src Latency:+     100          150     
       Net Latency:+       0 (I)        0 (I) 
           Arrival:=    1100          150     
                                              
      Output Delay:-     300                  
       Uncertainty:-      50                  
     Required Time:=     750                  
      Launch Clock:-     150                  
         Data Path:-     118                  
             Slack:=     482                  

Exceptions/Constraints:
  output_delay             300             constraint.sdc_line_123   

#-----------------------------------------------------------------------------------------------------------
#     Timing Point      Flags    Arc    Edge         Cell          Fanout Load Trans Delay Arrival Instance 
#                                                                         (fF)  (ps)  (ps)   (ps)  Location 
#-----------------------------------------------------------------------------------------------------------
  s_axi_arready_reg/CLK -       -       R     (arrival)               175    -    40     0     150    (-,-) 
  s_axi_arready_reg/QN  -       CLK->QN R     DFFHQNx1_ASAP7_75t_L      5 21.6   165   118     268    (-,-) 
  s_axi_awready         -       -       R     (port)                    -    -     -     0     268    (-,-) 
#-----------------------------------------------------------------------------------------------------------



Path 3: MET (512 ps) Late External Delay Assertion at pin s_axi_rlast
           View: tt
          Group: C2O
     Startpoint: (R) s_axi_rlast_reg/CLK
          Clock: (R) CLK
       Endpoint: (R) s_axi_rlast
          Clock: (R) CLK

                     Capture       Launch     
        Clock Edge:+    1000            0     
       Src Latency:+     100          150     
       Net Latency:+       0 (I)        0 (I) 
           Arrival:=    1100          150     
                                              
      Output Delay:-     300                  
       Uncertainty:-      50                  
     Required Time:=     750                  
      Launch Clock:-     150                  
         Data Path:-      88                  
             Slack:=     512                  

Exceptions/Constraints:
  output_delay             300             constraint.sdc_line_123_396_1   

#---------------------------------------------------------------------------------------------------------
#    Timing Point     Flags    Arc    Edge         Cell          Fanout Load Trans Delay Arrival Instance 
#                                                                       (fF)  (ps)  (ps)   (ps)  Location 
#---------------------------------------------------------------------------------------------------------
  s_axi_rlast_reg/CLK -       -       R     (arrival)               175    -    40     0     150    (-,-) 
  s_axi_rlast_reg/QN  -       CLK->QN R     DFFHQNx1_ASAP7_75t_L      6 12.5    99    88     238    (-,-) 
  s_axi_rlast         -       -       R     (port)                    -    -     -     0     238    (-,-) 
#---------------------------------------------------------------------------------------------------------



Path 4: MET (517 ps) Late External Delay Assertion at pin s_axi_rvalid
           View: tt
          Group: C2O
     Startpoint: (R) s_axi_rvalid_reg/CLK
          Clock: (R) CLK
       Endpoint: (R) s_axi_rvalid
          Clock: (R) CLK

                     Capture       Launch     
        Clock Edge:+    1000            0     
       Src Latency:+     100          150     
       Net Latency:+       0 (I)        0 (I) 
           Arrival:=    1100          150     
                                              
      Output Delay:-     300                  
       Uncertainty:-      50                  
     Required Time:=     750                  
      Launch Clock:-     150                  
         Data Path:-      83                  
             Slack:=     517                  

Exceptions/Constraints:
  output_delay             300             constraint.sdc_line_123_397_1   

#----------------------------------------------------------------------------------------------------------
#    Timing Point      Flags    Arc    Edge         Cell          Fanout Load Trans Delay Arrival Instance 
#                                                                        (fF)  (ps)  (ps)   (ps)  Location 
#----------------------------------------------------------------------------------------------------------
  s_axi_rvalid_reg/CLK -       -       R     (arrival)               175    -    40     0     150    (-,-) 
  s_axi_rvalid_reg/QN  -       CLK->QN R     DFFHQNx1_ASAP7_75t_L      3 11.1    89    83     233    (-,-) 
  s_axi_rvalid         -       -       R     (port)                    -    -     -     0     233    (-,-) 
#----------------------------------------------------------------------------------------------------------



Path 5: MET (517 ps) Late External Delay Assertion at pin s_axi_bvalid
           View: tt
          Group: C2O
     Startpoint: (R) s_axi_bvalid_reg/CLK
          Clock: (R) CLK
       Endpoint: (R) s_axi_bvalid
          Clock: (R) CLK

                     Capture       Launch     
        Clock Edge:+    1000            0     
       Src Latency:+     100          150     
       Net Latency:+       0 (I)        0 (I) 
           Arrival:=    1100          150     
                                              
      Output Delay:-     300                  
       Uncertainty:-      50                  
     Required Time:=     750                  
      Launch Clock:-     150                  
         Data Path:-      83                  
             Slack:=     517                  

Exceptions/Constraints:
  output_delay             300             constraint.sdc_line_123_355_1   

#----------------------------------------------------------------------------------------------------------
#    Timing Point      Flags    Arc    Edge         Cell          Fanout Load Trans Delay Arrival Instance 
#                                                                        (fF)  (ps)  (ps)   (ps)  Location 
#----------------------------------------------------------------------------------------------------------
  s_axi_bvalid_reg/CLK -       -       R     (arrival)               175    -    40     0     150    (-,-) 
  s_axi_bvalid_reg/QN  -       CLK->QN R     DFFHQNx1_ASAP7_75t_L      3 11.1    89    83     233    (-,-) 
  s_axi_bvalid         -       -       R     (port)                    -    -     -     0     233    (-,-) 
#----------------------------------------------------------------------------------------------------------



Path 6: MET (517 ps) Late External Delay Assertion at pin s_axi_wready
           View: tt
          Group: C2O
     Startpoint: (R) s_axi_wready_reg/CLK
          Clock: (R) CLK
       Endpoint: (R) s_axi_wready
          Clock: (R) CLK

                     Capture       Launch     
        Clock Edge:+    1000            0     
       Src Latency:+     100          150     
       Net Latency:+       0 (I)        0 (I) 
           Arrival:=    1100          150     
                                              
      Output Delay:-     300                  
       Uncertainty:-      50                  
     Required Time:=     750                  
      Launch Clock:-     150                  
         Data Path:-      83                  
             Slack:=     517                  

Exceptions/Constraints:
  output_delay             300             constraint.sdc_line_123_347_1   

#----------------------------------------------------------------------------------------------------------
#    Timing Point      Flags    Arc    Edge         Cell          Fanout Load Trans Delay Arrival Instance 
#                                                                        (fF)  (ps)  (ps)   (ps)  Location 
#----------------------------------------------------------------------------------------------------------
  s_axi_wready_reg/CLK -       -       R     (arrival)               175    -    40     0     150    (-,-) 
  s_axi_wready_reg/QN  -       CLK->QN R     DFFHQNx1_ASAP7_75t_L      3 11.1    89    83     233    (-,-) 
  s_axi_wready         -       -       R     (port)                    -    -     -     0     233    (-,-) 
#----------------------------------------------------------------------------------------------------------



Path 7: MET (518 ps) Late External Delay Assertion at pin s_axi_rdata[1]
           View: tt
          Group: C2O
     Startpoint: (R) s_axi_rdata_reg[1]/CLK
          Clock: (R) CLK
       Endpoint: (R) s_axi_rdata[1]
          Clock: (R) CLK

                     Capture       Launch     
        Clock Edge:+    1000            0     
       Src Latency:+     100          150     
       Net Latency:+       0 (I)        0 (I) 
           Arrival:=    1100          150     
                                              
      Output Delay:-     300                  
       Uncertainty:-      50                  
     Required Time:=     750                  
      Launch Clock:-     150                  
         Data Path:-      82                  
             Slack:=     518                  

Exceptions/Constraints:
  output_delay             300             constraint.sdc_line_123_392_1   

#------------------------------------------------------------------------------------------------------------
#     Timing Point       Flags    Arc    Edge         Cell          Fanout Load Trans Delay Arrival Instance 
#                                                                          (fF)  (ps)  (ps)   (ps)  Location 
#------------------------------------------------------------------------------------------------------------
  s_axi_rdata_reg[1]/CLK -       -       R     (arrival)               175    -    40     0     150    (-,-) 
  s_axi_rdata_reg[1]/QN  -       CLK->QN R     DFFHQNx1_ASAP7_75t_L      2 10.6    86    82     232    (-,-) 
  s_axi_rdata[1]         -       -       R     (port)                    -    -     -     0     232    (-,-) 
#------------------------------------------------------------------------------------------------------------



Path 8: MET (518 ps) Late External Delay Assertion at pin s_axi_rdata[2]
           View: tt
          Group: C2O
     Startpoint: (R) s_axi_rdata_reg[2]/CLK
          Clock: (R) CLK
       Endpoint: (R) s_axi_rdata[2]
          Clock: (R) CLK

                     Capture       Launch     
        Clock Edge:+    1000            0     
       Src Latency:+     100          150     
       Net Latency:+       0 (I)        0 (I) 
           Arrival:=    1100          150     
                                              
      Output Delay:-     300                  
       Uncertainty:-      50                  
     Required Time:=     750                  
      Launch Clock:-     150                  
         Data Path:-      82                  
             Slack:=     518                  

Exceptions/Constraints:
  output_delay             300             constraint.sdc_line_123_391_1   

#------------------------------------------------------------------------------------------------------------
#     Timing Point       Flags    Arc    Edge         Cell          Fanout Load Trans Delay Arrival Instance 
#                                                                          (fF)  (ps)  (ps)   (ps)  Location 
#------------------------------------------------------------------------------------------------------------
  s_axi_rdata_reg[2]/CLK -       -       R     (arrival)               175    -    40     0     150    (-,-) 
  s_axi_rdata_reg[2]/QN  -       CLK->QN R     DFFHQNx1_ASAP7_75t_L      2 10.6    86    82     232    (-,-) 
  s_axi_rdata[2]         -       -       R     (port)                    -    -     -     0     232    (-,-) 
#------------------------------------------------------------------------------------------------------------



Path 9: MET (518 ps) Late External Delay Assertion at pin s_axi_rdata[3]
           View: tt
          Group: C2O
     Startpoint: (R) s_axi_rdata_reg[3]/CLK
          Clock: (R) CLK
       Endpoint: (R) s_axi_rdata[3]
          Clock: (R) CLK

                     Capture       Launch     
        Clock Edge:+    1000            0     
       Src Latency:+     100          150     
       Net Latency:+       0 (I)        0 (I) 
           Arrival:=    1100          150     
                                              
      Output Delay:-     300                  
       Uncertainty:-      50                  
     Required Time:=     750                  
      Launch Clock:-     150                  
         Data Path:-      82                  
             Slack:=     518                  

Exceptions/Constraints:
  output_delay             300             constraint.sdc_line_123_390_1   

#------------------------------------------------------------------------------------------------------------
#     Timing Point       Flags    Arc    Edge         Cell          Fanout Load Trans Delay Arrival Instance 
#                                                                          (fF)  (ps)  (ps)   (ps)  Location 
#------------------------------------------------------------------------------------------------------------
  s_axi_rdata_reg[3]/CLK -       -       R     (arrival)               175    -    40     0     150    (-,-) 
  s_axi_rdata_reg[3]/QN  -       CLK->QN R     DFFHQNx1_ASAP7_75t_L      2 10.6    86    82     232    (-,-) 
  s_axi_rdata[3]         -       -       R     (port)                    -    -     -     0     232    (-,-) 
#------------------------------------------------------------------------------------------------------------



Path 10: MET (518 ps) Late External Delay Assertion at pin s_axi_rdata[4]
           View: tt
          Group: C2O
     Startpoint: (R) s_axi_rdata_reg[4]/CLK
          Clock: (R) CLK
       Endpoint: (R) s_axi_rdata[4]
          Clock: (R) CLK

                     Capture       Launch     
        Clock Edge:+    1000            0     
       Src Latency:+     100          150     
       Net Latency:+       0 (I)        0 (I) 
           Arrival:=    1100          150     
                                              
      Output Delay:-     300                  
       Uncertainty:-      50                  
     Required Time:=     750                  
      Launch Clock:-     150                  
         Data Path:-      82                  
             Slack:=     518                  

Exceptions/Constraints:
  output_delay             300             constraint.sdc_line_123_389_1   

#------------------------------------------------------------------------------------------------------------
#     Timing Point       Flags    Arc    Edge         Cell          Fanout Load Trans Delay Arrival Instance 
#                                                                          (fF)  (ps)  (ps)   (ps)  Location 
#------------------------------------------------------------------------------------------------------------
  s_axi_rdata_reg[4]/CLK -       -       R     (arrival)               175    -    40     0     150    (-,-) 
  s_axi_rdata_reg[4]/QN  -       CLK->QN R     DFFHQNx1_ASAP7_75t_L      2 10.6    86    82     232    (-,-) 
  s_axi_rdata[4]         -       -       R     (port)                    -    -     -     0     232    (-,-) 
#------------------------------------------------------------------------------------------------------------



Path 11: MET (518 ps) Late External Delay Assertion at pin s_axi_rdata[5]
           View: tt
          Group: C2O
     Startpoint: (R) s_axi_rdata_reg[5]/CLK
          Clock: (R) CLK
       Endpoint: (R) s_axi_rdata[5]
          Clock: (R) CLK

                     Capture       Launch     
        Clock Edge:+    1000            0     
       Src Latency:+     100          150     
       Net Latency:+       0 (I)        0 (I) 
           Arrival:=    1100          150     
                                              
      Output Delay:-     300                  
       Uncertainty:-      50                  
     Required Time:=     750                  
      Launch Clock:-     150                  
         Data Path:-      82                  
             Slack:=     518                  

Exceptions/Constraints:
  output_delay             300             constraint.sdc_line_123_388_1   

#------------------------------------------------------------------------------------------------------------
#     Timing Point       Flags    Arc    Edge         Cell          Fanout Load Trans Delay Arrival Instance 
#                                                                          (fF)  (ps)  (ps)   (ps)  Location 
#------------------------------------------------------------------------------------------------------------
  s_axi_rdata_reg[5]/CLK -       -       R     (arrival)               175    -    40     0     150    (-,-) 
  s_axi_rdata_reg[5]/QN  -       CLK->QN R     DFFHQNx1_ASAP7_75t_L      2 10.6    86    82     232    (-,-) 
  s_axi_rdata[5]         -       -       R     (port)                    -    -     -     0     232    (-,-) 
#------------------------------------------------------------------------------------------------------------



Path 12: MET (518 ps) Late External Delay Assertion at pin s_axi_rdata[6]
           View: tt
          Group: C2O
     Startpoint: (R) s_axi_rdata_reg[6]/CLK
          Clock: (R) CLK
       Endpoint: (R) s_axi_rdata[6]
          Clock: (R) CLK

                     Capture       Launch     
        Clock Edge:+    1000            0     
       Src Latency:+     100          150     
       Net Latency:+       0 (I)        0 (I) 
           Arrival:=    1100          150     
                                              
      Output Delay:-     300                  
       Uncertainty:-      50                  
     Required Time:=     750                  
      Launch Clock:-     150                  
         Data Path:-      82                  
             Slack:=     518                  

Exceptions/Constraints:
  output_delay             300             constraint.sdc_line_123_387_1   

#------------------------------------------------------------------------------------------------------------
#     Timing Point       Flags    Arc    Edge         Cell          Fanout Load Trans Delay Arrival Instance 
#                                                                          (fF)  (ps)  (ps)   (ps)  Location 
#------------------------------------------------------------------------------------------------------------
  s_axi_rdata_reg[6]/CLK -       -       R     (arrival)               175    -    40     0     150    (-,-) 
  s_axi_rdata_reg[6]/QN  -       CLK->QN R     DFFHQNx1_ASAP7_75t_L      2 10.6    86    82     232    (-,-) 
  s_axi_rdata[6]         -       -       R     (port)                    -    -     -     0     232    (-,-) 
#------------------------------------------------------------------------------------------------------------



Path 13: MET (518 ps) Late External Delay Assertion at pin s_axi_rdata[7]
           View: tt
          Group: C2O
     Startpoint: (R) s_axi_rdata_reg[7]/CLK
          Clock: (R) CLK
       Endpoint: (R) s_axi_rdata[7]
          Clock: (R) CLK

                     Capture       Launch     
        Clock Edge:+    1000            0     
       Src Latency:+     100          150     
       Net Latency:+       0 (I)        0 (I) 
           Arrival:=    1100          150     
                                              
      Output Delay:-     300                  
       Uncertainty:-      50                  
     Required Time:=     750                  
      Launch Clock:-     150                  
         Data Path:-      82                  
             Slack:=     518                  

Exceptions/Constraints:
  output_delay             300             constraint.sdc_line_123_386_1   

#------------------------------------------------------------------------------------------------------------
#     Timing Point       Flags    Arc    Edge         Cell          Fanout Load Trans Delay Arrival Instance 
#                                                                          (fF)  (ps)  (ps)   (ps)  Location 
#------------------------------------------------------------------------------------------------------------
  s_axi_rdata_reg[7]/CLK -       -       R     (arrival)               175    -    40     0     150    (-,-) 
  s_axi_rdata_reg[7]/QN  -       CLK->QN R     DFFHQNx1_ASAP7_75t_L      2 10.6    86    82     232    (-,-) 
  s_axi_rdata[7]         -       -       R     (port)                    -    -     -     0     232    (-,-) 
#------------------------------------------------------------------------------------------------------------



Path 14: MET (518 ps) Late External Delay Assertion at pin s_axi_rdata[8]
           View: tt
          Group: C2O
     Startpoint: (R) s_axi_rdata_reg[8]/CLK
          Clock: (R) CLK
       Endpoint: (R) s_axi_rdata[8]
          Clock: (R) CLK

                     Capture       Launch     
        Clock Edge:+    1000            0     
       Src Latency:+     100          150     
       Net Latency:+       0 (I)        0 (I) 
           Arrival:=    1100          150     
                                              
      Output Delay:-     300                  
       Uncertainty:-      50                  
     Required Time:=     750                  
      Launch Clock:-     150                  
         Data Path:-      82                  
             Slack:=     518                  

Exceptions/Constraints:
  output_delay             300             constraint.sdc_line_123_385_1   

#------------------------------------------------------------------------------------------------------------
#     Timing Point       Flags    Arc    Edge         Cell          Fanout Load Trans Delay Arrival Instance 
#                                                                          (fF)  (ps)  (ps)   (ps)  Location 
#------------------------------------------------------------------------------------------------------------
  s_axi_rdata_reg[8]/CLK -       -       R     (arrival)               175    -    40     0     150    (-,-) 
  s_axi_rdata_reg[8]/QN  -       CLK->QN R     DFFHQNx1_ASAP7_75t_L      2 10.6    86    82     232    (-,-) 
  s_axi_rdata[8]         -       -       R     (port)                    -    -     -     0     232    (-,-) 
#------------------------------------------------------------------------------------------------------------



Path 15: MET (518 ps) Late External Delay Assertion at pin s_axi_rdata[9]
           View: tt
          Group: C2O
     Startpoint: (R) s_axi_rdata_reg[9]/CLK
          Clock: (R) CLK
       Endpoint: (R) s_axi_rdata[9]
          Clock: (R) CLK

                     Capture       Launch     
        Clock Edge:+    1000            0     
       Src Latency:+     100          150     
       Net Latency:+       0 (I)        0 (I) 
           Arrival:=    1100          150     
                                              
      Output Delay:-     300                  
       Uncertainty:-      50                  
     Required Time:=     750                  
      Launch Clock:-     150                  
         Data Path:-      82                  
             Slack:=     518                  

Exceptions/Constraints:
  output_delay             300             constraint.sdc_line_123_384_1   

#------------------------------------------------------------------------------------------------------------
#     Timing Point       Flags    Arc    Edge         Cell          Fanout Load Trans Delay Arrival Instance 
#                                                                          (fF)  (ps)  (ps)   (ps)  Location 
#------------------------------------------------------------------------------------------------------------
  s_axi_rdata_reg[9]/CLK -       -       R     (arrival)               175    -    40     0     150    (-,-) 
  s_axi_rdata_reg[9]/QN  -       CLK->QN R     DFFHQNx1_ASAP7_75t_L      2 10.6    86    82     232    (-,-) 
  s_axi_rdata[9]         -       -       R     (port)                    -    -     -     0     232    (-,-) 
#------------------------------------------------------------------------------------------------------------



Path 16: MET (518 ps) Late External Delay Assertion at pin s_axi_rdata[10]
           View: tt
          Group: C2O
     Startpoint: (R) s_axi_rdata_reg[10]/CLK
          Clock: (R) CLK
       Endpoint: (R) s_axi_rdata[10]
          Clock: (R) CLK

                     Capture       Launch     
        Clock Edge:+    1000            0     
       Src Latency:+     100          150     
       Net Latency:+       0 (I)        0 (I) 
           Arrival:=    1100          150     
                                              
      Output Delay:-     300                  
       Uncertainty:-      50                  
     Required Time:=     750                  
      Launch Clock:-     150                  
         Data Path:-      82                  
             Slack:=     518                  

Exceptions/Constraints:
  output_delay             300             constraint.sdc_line_123_383_1   

#-------------------------------------------------------------------------------------------------------------
#      Timing Point       Flags    Arc    Edge         Cell          Fanout Load Trans Delay Arrival Instance 
#                                                                           (fF)  (ps)  (ps)   (ps)  Location 
#-------------------------------------------------------------------------------------------------------------
  s_axi_rdata_reg[10]/CLK -       -       R     (arrival)               175    -    40     0     150    (-,-) 
  s_axi_rdata_reg[10]/QN  -       CLK->QN R     DFFHQNx1_ASAP7_75t_L      2 10.6    86    82     232    (-,-) 
  s_axi_rdata[10]         -       -       R     (port)                    -    -     -     0     232    (-,-) 
#-------------------------------------------------------------------------------------------------------------



Path 17: MET (518 ps) Late External Delay Assertion at pin s_axi_rdata[11]
           View: tt
          Group: C2O
     Startpoint: (R) s_axi_rdata_reg[11]/CLK
          Clock: (R) CLK
       Endpoint: (R) s_axi_rdata[11]
          Clock: (R) CLK

                     Capture       Launch     
        Clock Edge:+    1000            0     
       Src Latency:+     100          150     
       Net Latency:+       0 (I)        0 (I) 
           Arrival:=    1100          150     
                                              
      Output Delay:-     300                  
       Uncertainty:-      50                  
     Required Time:=     750                  
      Launch Clock:-     150                  
         Data Path:-      82                  
             Slack:=     518                  

Exceptions/Constraints:
  output_delay             300             constraint.sdc_line_123_382_1   

#-------------------------------------------------------------------------------------------------------------
#      Timing Point       Flags    Arc    Edge         Cell          Fanout Load Trans Delay Arrival Instance 
#                                                                           (fF)  (ps)  (ps)   (ps)  Location 
#-------------------------------------------------------------------------------------------------------------
  s_axi_rdata_reg[11]/CLK -       -       R     (arrival)               175    -    40     0     150    (-,-) 
  s_axi_rdata_reg[11]/QN  -       CLK->QN R     DFFHQNx1_ASAP7_75t_L      2 10.6    86    82     232    (-,-) 
  s_axi_rdata[11]         -       -       R     (port)                    -    -     -     0     232    (-,-) 
#-------------------------------------------------------------------------------------------------------------



Path 18: MET (518 ps) Late External Delay Assertion at pin s_axi_rdata[12]
           View: tt
          Group: C2O
     Startpoint: (R) s_axi_rdata_reg[12]/CLK
          Clock: (R) CLK
       Endpoint: (R) s_axi_rdata[12]
          Clock: (R) CLK

                     Capture       Launch     
        Clock Edge:+    1000            0     
       Src Latency:+     100          150     
       Net Latency:+       0 (I)        0 (I) 
           Arrival:=    1100          150     
                                              
      Output Delay:-     300                  
       Uncertainty:-      50                  
     Required Time:=     750                  
      Launch Clock:-     150                  
         Data Path:-      82                  
             Slack:=     518                  

Exceptions/Constraints:
  output_delay             300             constraint.sdc_line_123_381_1   

#-------------------------------------------------------------------------------------------------------------
#      Timing Point       Flags    Arc    Edge         Cell          Fanout Load Trans Delay Arrival Instance 
#                                                                           (fF)  (ps)  (ps)   (ps)  Location 
#-------------------------------------------------------------------------------------------------------------
  s_axi_rdata_reg[12]/CLK -       -       R     (arrival)               175    -    40     0     150    (-,-) 
  s_axi_rdata_reg[12]/QN  -       CLK->QN R     DFFHQNx1_ASAP7_75t_L      2 10.6    86    82     232    (-,-) 
  s_axi_rdata[12]         -       -       R     (port)                    -    -     -     0     232    (-,-) 
#-------------------------------------------------------------------------------------------------------------



Path 19: MET (518 ps) Late External Delay Assertion at pin s_axi_rdata[13]
           View: tt
          Group: C2O
     Startpoint: (R) s_axi_rdata_reg[13]/CLK
          Clock: (R) CLK
       Endpoint: (R) s_axi_rdata[13]
          Clock: (R) CLK

                     Capture       Launch     
        Clock Edge:+    1000            0     
       Src Latency:+     100          150     
       Net Latency:+       0 (I)        0 (I) 
           Arrival:=    1100          150     
                                              
      Output Delay:-     300                  
       Uncertainty:-      50                  
     Required Time:=     750                  
      Launch Clock:-     150                  
         Data Path:-      82                  
             Slack:=     518                  

Exceptions/Constraints:
  output_delay             300             constraint.sdc_line_123_380_1   

#-------------------------------------------------------------------------------------------------------------
#      Timing Point       Flags    Arc    Edge         Cell          Fanout Load Trans Delay Arrival Instance 
#                                                                           (fF)  (ps)  (ps)   (ps)  Location 
#-------------------------------------------------------------------------------------------------------------
  s_axi_rdata_reg[13]/CLK -       -       R     (arrival)               175    -    40     0     150    (-,-) 
  s_axi_rdata_reg[13]/QN  -       CLK->QN R     DFFHQNx1_ASAP7_75t_L      2 10.6    86    82     232    (-,-) 
  s_axi_rdata[13]         -       -       R     (port)                    -    -     -     0     232    (-,-) 
#-------------------------------------------------------------------------------------------------------------



Path 20: MET (518 ps) Late External Delay Assertion at pin s_axi_bid[3]
           View: tt
          Group: C2O
     Startpoint: (R) s_axi_bid_reg[3]/CLK
          Clock: (R) CLK
       Endpoint: (R) s_axi_bid[3]
          Clock: (R) CLK

                     Capture       Launch     
        Clock Edge:+    1000            0     
       Src Latency:+     100          150     
       Net Latency:+       0 (I)        0 (I) 
           Arrival:=    1100          150     
                                              
      Output Delay:-     300                  
       Uncertainty:-      50                  
     Required Time:=     750                  
      Launch Clock:-     150                  
         Data Path:-      82                  
             Slack:=     518                  

Exceptions/Constraints:
  output_delay             300             constraint.sdc_line_123_349_1   

#----------------------------------------------------------------------------------------------------------
#    Timing Point      Flags    Arc    Edge         Cell          Fanout Load Trans Delay Arrival Instance 
#                                                                        (fF)  (ps)  (ps)   (ps)  Location 
#----------------------------------------------------------------------------------------------------------
  s_axi_bid_reg[3]/CLK -       -       R     (arrival)               175    -    40     0     150    (-,-) 
  s_axi_bid_reg[3]/QN  -       CLK->QN R     DFFHQNx1_ASAP7_75t_L      2 10.6    86    82     232    (-,-) 
  s_axi_bid[3]         -       -       R     (port)                    -    -     -     0     232    (-,-) 
#----------------------------------------------------------------------------------------------------------


