============================================================
  Generated by:           Genus(TM) Synthesis Solution 23.14-s090_1
  Generated on:           Jul 26 2026  02:52:15 am
  Module:                 axi_ram
  Operating conditions:   PVT_0P7V_25C (balanced_tree)
  Wireload mode:          enclosed
  Area mode:              timing library
============================================================


Path 1: MET (647 ps) Setup Check with Pin r_count_reg_reg[7]/CLK->D
           View: tt
          Group: CLK
     Startpoint: (R) rst_n
          Clock: (R) CLK
       Endpoint: (F) r_count_reg_reg[7]/D
          Clock: (R) CLK

                     Capture       Launch     
        Clock Edge:+    1000            0     
        Drv Adjust:+       0            0     
       Src Latency:+     100          150     
       Net Latency:+       0 (I)        0 (I) 
           Arrival:=    1100          150     
                                              
             Setup:-       1                  
       Uncertainty:-      50                  
     Required Time:=    1049                  
      Launch Clock:-     150                  
       Input Delay:-     100                  
         Data Path:-     152                  
             Slack:=     647                  

Exceptions/Constraints:
  input_delay             100             constraint.sdc_line_109   

#-----------------------------------------------------------------------------------------------------------
#    Timing Point      Flags   Arc   Edge          Cell            Fanout Load Trans Delay Arrival Instance 
#                                                                         (fF)  (ps)  (ps)   (ps)  Location 
#-----------------------------------------------------------------------------------------------------------
  rst_n                -       -     R     (arrival)                   19 10.2    40     0     250    (-,-) 
  g12047/Y             -       A->Y  R     HB1xp67_ASAP7_75t_L         17 10.2   116    68     318    (-,-) 
  drc_bufs12074/Y      -       A->Y  F     INVx1_ASAP7_75t_L            3  1.8    33    19     337    (-,-) 
  drc_bufs12072/Y      -       A->Y  R     INVx1_ASAP7_75t_L           16  9.6    76    44     381    (-,-) 
  g11174__6417/Y       -       C->Y  F     A2O1A1Ixp33_ASAP7_75t_L      1  0.6    47    21     402    (-,-) 
  r_count_reg_reg[7]/D -       -     F     DFFHQNx1_ASAP7_75t_L         1    -     -     0     402    (-,-) 
#-----------------------------------------------------------------------------------------------------------



Path 2: MET (647 ps) Setup Check with Pin r_count_reg_reg[5]/CLK->D
           View: tt
          Group: CLK
     Startpoint: (R) rst_n
          Clock: (R) CLK
       Endpoint: (F) r_count_reg_reg[5]/D
          Clock: (R) CLK

                     Capture       Launch     
        Clock Edge:+    1000            0     
        Drv Adjust:+       0            0     
       Src Latency:+     100          150     
       Net Latency:+       0 (I)        0 (I) 
           Arrival:=    1100          150     
                                              
             Setup:-       1                  
       Uncertainty:-      50                  
     Required Time:=    1049                  
      Launch Clock:-     150                  
       Input Delay:-     100                  
         Data Path:-     152                  
             Slack:=     647                  

Exceptions/Constraints:
  input_delay             100             constraint.sdc_line_109   

#-----------------------------------------------------------------------------------------------------------
#    Timing Point      Flags   Arc   Edge          Cell            Fanout Load Trans Delay Arrival Instance 
#                                                                         (fF)  (ps)  (ps)   (ps)  Location 
#-----------------------------------------------------------------------------------------------------------
  rst_n                -       -     R     (arrival)                   19 10.2    40     0     250    (-,-) 
  g12047/Y             -       A->Y  R     HB1xp67_ASAP7_75t_L         17 10.2   116    68     318    (-,-) 
  drc_bufs12074/Y      -       A->Y  F     INVx1_ASAP7_75t_L            3  1.8    33    19     337    (-,-) 
  drc_bufs12071/Y      -       A->Y  R     INVx1_ASAP7_75t_L           16  9.6    76    44     381    (-,-) 
  g11301__6131/Y       -       C->Y  F     A2O1A1Ixp33_ASAP7_75t_L      1  0.6    47    21     402    (-,-) 
  r_count_reg_reg[5]/D -       -     F     DFFHQNx1_ASAP7_75t_L         1    -     -     0     402    (-,-) 
#-----------------------------------------------------------------------------------------------------------



Path 3: MET (647 ps) Setup Check with Pin r_count_reg_reg[2]/CLK->D
           View: tt
          Group: CLK
     Startpoint: (R) rst_n
          Clock: (R) CLK
       Endpoint: (F) r_count_reg_reg[2]/D
          Clock: (R) CLK

                     Capture       Launch     
        Clock Edge:+    1000            0     
        Drv Adjust:+       0            0     
       Src Latency:+     100          150     
       Net Latency:+       0 (I)        0 (I) 
           Arrival:=    1100          150     
                                              
             Setup:-       1                  
       Uncertainty:-      50                  
     Required Time:=    1049                  
      Launch Clock:-     150                  
       Input Delay:-     100                  
         Data Path:-     152                  
             Slack:=     647                  

Exceptions/Constraints:
  input_delay             100             constraint.sdc_line_109   

#-----------------------------------------------------------------------------------------------------------
#    Timing Point      Flags   Arc   Edge          Cell            Fanout Load Trans Delay Arrival Instance 
#                                                                         (fF)  (ps)  (ps)   (ps)  Location 
#-----------------------------------------------------------------------------------------------------------
  rst_n                -       -     R     (arrival)                   19 10.2    40     0     250    (-,-) 
  g12048/Y             -       A->Y  R     HB1xp67_ASAP7_75t_L         17 10.2   116    68     318    (-,-) 
  drc_bufs12061/Y      -       A->Y  F     INVx1_ASAP7_75t_L            3  1.8    33    19     337    (-,-) 
  drc_bufs12060/Y      -       A->Y  R     INVx1_ASAP7_75t_L           16  9.6    76    44     381    (-,-) 
  g11339__3680/Y       -       C->Y  F     A2O1A1Ixp33_ASAP7_75t_L      1  0.6    47    21     402    (-,-) 
  r_count_reg_reg[2]/D -       -     F     DFFHQNx1_ASAP7_75t_L         1    -     -     0     402    (-,-) 
#-----------------------------------------------------------------------------------------------------------



Path 4: MET (647 ps) Setup Check with Pin r_count_reg_reg[0]/CLK->D
           View: tt
          Group: CLK
     Startpoint: (R) rst_n
          Clock: (R) CLK
       Endpoint: (F) r_count_reg_reg[0]/D
          Clock: (R) CLK

                     Capture       Launch     
        Clock Edge:+    1000            0     
        Drv Adjust:+       0            0     
       Src Latency:+     100          150     
       Net Latency:+       0 (I)        0 (I) 
           Arrival:=    1100          150     
                                              
             Setup:-       1                  
       Uncertainty:-      50                  
     Required Time:=    1049                  
      Launch Clock:-     150                  
       Input Delay:-     100                  
         Data Path:-     152                  
             Slack:=     647                  

Exceptions/Constraints:
  input_delay             100             constraint.sdc_line_109   

#-----------------------------------------------------------------------------------------------------------
#    Timing Point      Flags   Arc   Edge          Cell            Fanout Load Trans Delay Arrival Instance 
#                                                                         (fF)  (ps)  (ps)   (ps)  Location 
#-----------------------------------------------------------------------------------------------------------
  rst_n                -       -     R     (arrival)                   19 10.2    40     0     250    (-,-) 
  g12048/Y             -       A->Y  R     HB1xp67_ASAP7_75t_L         17 10.2   116    68     318    (-,-) 
  drc_bufs12061/Y      -       A->Y  F     INVx1_ASAP7_75t_L            3  1.8    33    19     337    (-,-) 
  drc_bufs12059/Y      -       A->Y  R     INVx1_ASAP7_75t_L           16  9.6    76    44     381    (-,-) 
  g11338__6783/Y       -       C->Y  F     A2O1A1Ixp33_ASAP7_75t_L      1  0.6    47    21     402    (-,-) 
  r_count_reg_reg[0]/D -       -     F     DFFHQNx1_ASAP7_75t_L         1    -     -     0     402    (-,-) 
#-----------------------------------------------------------------------------------------------------------



Path 5: MET (647 ps) Setup Check with Pin w_count_reg_reg[6]/CLK->D
           View: tt
          Group: CLK
     Startpoint: (R) rst_n
          Clock: (R) CLK
       Endpoint: (F) w_count_reg_reg[6]/D
          Clock: (R) CLK

                     Capture       Launch     
        Clock Edge:+    1000            0     
        Drv Adjust:+       0            0     
       Src Latency:+     100          150     
       Net Latency:+       0 (I)        0 (I) 
           Arrival:=    1100          150     
                                              
             Setup:-       1                  
       Uncertainty:-      50                  
     Required Time:=    1049                  
      Launch Clock:-     150                  
       Input Delay:-     100                  
         Data Path:-     152                  
             Slack:=     647                  

Exceptions/Constraints:
  input_delay             100             constraint.sdc_line_109   

#-----------------------------------------------------------------------------------------------------------
#    Timing Point      Flags   Arc   Edge          Cell            Fanout Load Trans Delay Arrival Instance 
#                                                                         (fF)  (ps)  (ps)   (ps)  Location 
#-----------------------------------------------------------------------------------------------------------
  rst_n                -       -     R     (arrival)                   19 10.2    40     0     250    (-,-) 
  g12047/Y             -       A->Y  R     HB1xp67_ASAP7_75t_L         17 10.2   116    68     318    (-,-) 
  drc_bufs12074/Y      -       A->Y  F     INVx1_ASAP7_75t_L            3  1.8    33    19     337    (-,-) 
  drc_bufs12072/Y      -       A->Y  R     INVx1_ASAP7_75t_L           16  9.6    76    44     381    (-,-) 
  g11161__1881/Y       -       C->Y  F     A2O1A1Ixp33_ASAP7_75t_L      1  0.6    45    21     402    (-,-) 
  w_count_reg_reg[6]/D -       -     F     DFFHQNx1_ASAP7_75t_L         1    -     -     0     402    (-,-) 
#-----------------------------------------------------------------------------------------------------------



Path 6: MET (647 ps) Setup Check with Pin w_count_reg_reg[4]/CLK->D
           View: tt
          Group: CLK
     Startpoint: (R) rst_n
          Clock: (R) CLK
       Endpoint: (F) w_count_reg_reg[4]/D
          Clock: (R) CLK

                     Capture       Launch     
        Clock Edge:+    1000            0     
        Drv Adjust:+       0            0     
       Src Latency:+     100          150     
       Net Latency:+       0 (I)        0 (I) 
           Arrival:=    1100          150     
                                              
             Setup:-       1                  
       Uncertainty:-      50                  
     Required Time:=    1049                  
      Launch Clock:-     150                  
       Input Delay:-     100                  
         Data Path:-     152                  
             Slack:=     647                  

Exceptions/Constraints:
  input_delay             100             constraint.sdc_line_109   

#-----------------------------------------------------------------------------------------------------------
#    Timing Point      Flags   Arc   Edge          Cell            Fanout Load Trans Delay Arrival Instance 
#                                                                         (fF)  (ps)  (ps)   (ps)  Location 
#-----------------------------------------------------------------------------------------------------------
  rst_n                -       -     R     (arrival)                   19 10.2    40     0     250    (-,-) 
  g12048/Y             -       A->Y  R     HB1xp67_ASAP7_75t_L         17 10.2   116    68     318    (-,-) 
  drc_bufs12061/Y      -       A->Y  F     INVx1_ASAP7_75t_L            3  1.8    33    19     337    (-,-) 
  drc_bufs12058/Y      -       A->Y  R     INVx1_ASAP7_75t_L           16  9.6    76    44     381    (-,-) 
  g11153__1705/Y       -       C->Y  F     A2O1A1Ixp33_ASAP7_75t_L      1  0.6    45    21     402    (-,-) 
  w_count_reg_reg[4]/D -       -     F     DFFHQNx1_ASAP7_75t_L         1    -     -     0     402    (-,-) 
#-----------------------------------------------------------------------------------------------------------



Path 7: MET (647 ps) Setup Check with Pin w_count_reg_reg[3]/CLK->D
           View: tt
          Group: CLK
     Startpoint: (R) rst_n
          Clock: (R) CLK
       Endpoint: (F) w_count_reg_reg[3]/D
          Clock: (R) CLK

                     Capture       Launch     
        Clock Edge:+    1000            0     
        Drv Adjust:+       0            0     
       Src Latency:+     100          150     
       Net Latency:+       0 (I)        0 (I) 
           Arrival:=    1100          150     
                                              
             Setup:-       1                  
       Uncertainty:-      50                  
     Required Time:=    1049                  
      Launch Clock:-     150                  
       Input Delay:-     100                  
         Data Path:-     152                  
             Slack:=     647                  

Exceptions/Constraints:
  input_delay             100             constraint.sdc_line_109   

#-----------------------------------------------------------------------------------------------------------
#    Timing Point      Flags   Arc   Edge          Cell            Fanout Load Trans Delay Arrival Instance 
#                                                                         (fF)  (ps)  (ps)   (ps)  Location 
#-----------------------------------------------------------------------------------------------------------
  rst_n                -       -     R     (arrival)                   19 10.2    40     0     250    (-,-) 
  g12048/Y             -       A->Y  R     HB1xp67_ASAP7_75t_L         17 10.2   116    68     318    (-,-) 
  drc_bufs12061/Y      -       A->Y  F     INVx1_ASAP7_75t_L            3  1.8    33    19     337    (-,-) 
  drc_bufs12058/Y      -       A->Y  R     INVx1_ASAP7_75t_L           16  9.6    76    44     381    (-,-) 
  g11155__8246/Y       -       C->Y  F     A2O1A1Ixp33_ASAP7_75t_L      1  0.6    45    21     402    (-,-) 
  w_count_reg_reg[3]/D -       -     F     DFFHQNx1_ASAP7_75t_L         1    -     -     0     402    (-,-) 
#-----------------------------------------------------------------------------------------------------------



Path 8: MET (647 ps) Setup Check with Pin w_count_reg_reg[2]/CLK->D
           View: tt
          Group: CLK
     Startpoint: (R) rst_n
          Clock: (R) CLK
       Endpoint: (F) w_count_reg_reg[2]/D
          Clock: (R) CLK

                     Capture       Launch     
        Clock Edge:+    1000            0     
        Drv Adjust:+       0            0     
       Src Latency:+     100          150     
       Net Latency:+       0 (I)        0 (I) 
           Arrival:=    1100          150     
                                              
             Setup:-       1                  
       Uncertainty:-      50                  
     Required Time:=    1049                  
      Launch Clock:-     150                  
       Input Delay:-     100                  
         Data Path:-     152                  
             Slack:=     647                  

Exceptions/Constraints:
  input_delay             100             constraint.sdc_line_109   

#-----------------------------------------------------------------------------------------------------------
#    Timing Point      Flags   Arc   Edge          Cell            Fanout Load Trans Delay Arrival Instance 
#                                                                         (fF)  (ps)  (ps)   (ps)  Location 
#-----------------------------------------------------------------------------------------------------------
  rst_n                -       -     R     (arrival)                   19 10.2    40     0     250    (-,-) 
  g12048/Y             -       A->Y  R     HB1xp67_ASAP7_75t_L         17 10.2   116    68     318    (-,-) 
  drc_bufs12061/Y      -       A->Y  F     INVx1_ASAP7_75t_L            3  1.8    33    19     337    (-,-) 
  drc_bufs12059/Y      -       A->Y  R     INVx1_ASAP7_75t_L           16  9.6    76    44     381    (-,-) 
  g11159__7098/Y       -       C->Y  F     A2O1A1Ixp33_ASAP7_75t_L      1  0.6    45    21     402    (-,-) 
  w_count_reg_reg[2]/D -       -     F     DFFHQNx1_ASAP7_75t_L         1    -     -     0     402    (-,-) 
#-----------------------------------------------------------------------------------------------------------



Path 9: MET (647 ps) Setup Check with Pin w_count_reg_reg[1]/CLK->D
           View: tt
          Group: CLK
     Startpoint: (R) rst_n
          Clock: (R) CLK
       Endpoint: (F) w_count_reg_reg[1]/D
          Clock: (R) CLK

                     Capture       Launch     
        Clock Edge:+    1000            0     
        Drv Adjust:+       0            0     
       Src Latency:+     100          150     
       Net Latency:+       0 (I)        0 (I) 
           Arrival:=    1100          150     
                                              
             Setup:-       1                  
       Uncertainty:-      50                  
     Required Time:=    1049                  
      Launch Clock:-     150                  
       Input Delay:-     100                  
         Data Path:-     152                  
             Slack:=     647                  

Exceptions/Constraints:
  input_delay             100             constraint.sdc_line_109   

#-----------------------------------------------------------------------------------------------------------
#    Timing Point      Flags   Arc   Edge          Cell            Fanout Load Trans Delay Arrival Instance 
#                                                                         (fF)  (ps)  (ps)   (ps)  Location 
#-----------------------------------------------------------------------------------------------------------
  rst_n                -       -     R     (arrival)                   19 10.2    40     0     250    (-,-) 
  g12047/Y             -       A->Y  R     HB1xp67_ASAP7_75t_L         17 10.2   116    68     318    (-,-) 
  drc_bufs12074/Y      -       A->Y  F     INVx1_ASAP7_75t_L            3  1.8    33    19     337    (-,-) 
  drc_bufs12071/Y      -       A->Y  R     INVx1_ASAP7_75t_L           16  9.6    76    44     381    (-,-) 
  g11152__2802/Y       -       C->Y  F     A2O1A1Ixp33_ASAP7_75t_L      1  0.6    45    21     402    (-,-) 
  w_count_reg_reg[1]/D -       -     F     DFFHQNx1_ASAP7_75t_L         1    -     -     0     402    (-,-) 
#-----------------------------------------------------------------------------------------------------------



Path 10: MET (647 ps) Setup Check with Pin w_count_reg_reg[0]/CLK->D
           View: tt
          Group: CLK
     Startpoint: (R) rst_n
          Clock: (R) CLK
       Endpoint: (F) w_count_reg_reg[0]/D
          Clock: (R) CLK

                     Capture       Launch     
        Clock Edge:+    1000            0     
        Drv Adjust:+       0            0     
       Src Latency:+     100          150     
       Net Latency:+       0 (I)        0 (I) 
           Arrival:=    1100          150     
                                              
             Setup:-       1                  
       Uncertainty:-      50                  
     Required Time:=    1049                  
      Launch Clock:-     150                  
       Input Delay:-     100                  
         Data Path:-     152                  
             Slack:=     647                  

Exceptions/Constraints:
  input_delay             100             constraint.sdc_line_109   

#-----------------------------------------------------------------------------------------------------------
#    Timing Point      Flags   Arc   Edge          Cell            Fanout Load Trans Delay Arrival Instance 
#                                                                         (fF)  (ps)  (ps)   (ps)  Location 
#-----------------------------------------------------------------------------------------------------------
  rst_n                -       -     R     (arrival)                   19 10.2    40     0     250    (-,-) 
  g12048/Y             -       A->Y  R     HB1xp67_ASAP7_75t_L         17 10.2   116    68     318    (-,-) 
  drc_bufs12061/Y      -       A->Y  F     INVx1_ASAP7_75t_L            3  1.8    33    19     337    (-,-) 
  drc_bufs12059/Y      -       A->Y  R     INVx1_ASAP7_75t_L           16  9.6    76    44     381    (-,-) 
  g11151__1617/Y       -       C->Y  F     A2O1A1Ixp33_ASAP7_75t_L      1  0.6    45    21     402    (-,-) 
  w_count_reg_reg[0]/D -       -     F     DFFHQNx1_ASAP7_75t_L         1    -     -     0     402    (-,-) 
#-----------------------------------------------------------------------------------------------------------



Path 11: MET (648 ps) Setup Check with Pin r_len_reg_reg[6]/CLK->D
           View: tt
          Group: CLK
     Startpoint: (R) rst_n
          Clock: (R) CLK
       Endpoint: (F) r_len_reg_reg[6]/D
          Clock: (R) CLK

                     Capture       Launch     
        Clock Edge:+    1000            0     
        Drv Adjust:+       0            0     
       Src Latency:+     100          150     
       Net Latency:+       0 (I)        0 (I) 
           Arrival:=    1100          150     
                                              
             Setup:-       0                  
       Uncertainty:-      50                  
     Required Time:=    1050                  
      Launch Clock:-     150                  
       Input Delay:-     100                  
         Data Path:-     152                  
             Slack:=     648                  

Exceptions/Constraints:
  input_delay             100             constraint.sdc_line_109   

#---------------------------------------------------------------------------------------------------------
#   Timing Point     Flags   Arc   Edge          Cell            Fanout Load Trans Delay Arrival Instance 
#                                                                       (fF)  (ps)  (ps)   (ps)  Location 
#---------------------------------------------------------------------------------------------------------
  rst_n              -       -     R     (arrival)                   19 10.2    40     0     250    (-,-) 
  g12048/Y           -       A->Y  R     HB1xp67_ASAP7_75t_L         17 10.2   116    68     318    (-,-) 
  drc_bufs12061/Y    -       A->Y  F     INVx1_ASAP7_75t_L            3  1.8    33    19     337    (-,-) 
  drc_bufs12059/Y    -       A->Y  R     INVx1_ASAP7_75t_L           16  9.6    76    44     381    (-,-) 
  g11368__6783/Y     -       C->Y  F     A2O1A1Ixp33_ASAP7_75t_L      1  0.6    41    21     402    (-,-) 
  r_len_reg_reg[6]/D -       -     F     DFFHQNx1_ASAP7_75t_L         1    -     -     0     402    (-,-) 
#---------------------------------------------------------------------------------------------------------



Path 12: MET (648 ps) Setup Check with Pin r_len_reg_reg[5]/CLK->D
           View: tt
          Group: CLK
     Startpoint: (R) rst_n
          Clock: (R) CLK
       Endpoint: (F) r_len_reg_reg[5]/D
          Clock: (R) CLK

                     Capture       Launch     
        Clock Edge:+    1000            0     
        Drv Adjust:+       0            0     
       Src Latency:+     100          150     
       Net Latency:+       0 (I)        0 (I) 
           Arrival:=    1100          150     
                                              
             Setup:-       0                  
       Uncertainty:-      50                  
     Required Time:=    1050                  
      Launch Clock:-     150                  
       Input Delay:-     100                  
         Data Path:-     152                  
             Slack:=     648                  

Exceptions/Constraints:
  input_delay             100             constraint.sdc_line_109   

#---------------------------------------------------------------------------------------------------------
#   Timing Point     Flags   Arc   Edge          Cell            Fanout Load Trans Delay Arrival Instance 
#                                                                       (fF)  (ps)  (ps)   (ps)  Location 
#---------------------------------------------------------------------------------------------------------
  rst_n              -       -     R     (arrival)                   19 10.2    40     0     250    (-,-) 
  g12048/Y           -       A->Y  R     HB1xp67_ASAP7_75t_L         17 10.2   116    68     318    (-,-) 
  drc_bufs12061/Y    -       A->Y  F     INVx1_ASAP7_75t_L            3  1.8    33    19     337    (-,-) 
  drc_bufs12058/Y    -       A->Y  R     INVx1_ASAP7_75t_L           16  9.6    76    44     381    (-,-) 
  g11367__5526/Y     -       C->Y  F     A2O1A1Ixp33_ASAP7_75t_L      1  0.6    41    21     402    (-,-) 
  r_len_reg_reg[5]/D -       -     F     DFFHQNx1_ASAP7_75t_L         1    -     -     0     402    (-,-) 
#---------------------------------------------------------------------------------------------------------



Path 13: MET (648 ps) Setup Check with Pin wdata_hold_reg[27]/CLK->D
           View: tt
          Group: CLK
     Startpoint: (R) rst_n
          Clock: (R) CLK
       Endpoint: (F) wdata_hold_reg[27]/D
          Clock: (R) CLK

                     Capture       Launch     
        Clock Edge:+    1000            0     
        Drv Adjust:+       0            0     
       Src Latency:+     100          150     
       Net Latency:+       0 (I)        0 (I) 
           Arrival:=    1100          150     
                                              
             Setup:-       0                  
       Uncertainty:-      50                  
     Required Time:=    1050                  
      Launch Clock:-     150                  
       Input Delay:-     100                  
         Data Path:-     152                  
             Slack:=     648                  

Exceptions/Constraints:
  input_delay             100             constraint.sdc_line_109   

#-----------------------------------------------------------------------------------------------------------
#    Timing Point      Flags   Arc   Edge          Cell            Fanout Load Trans Delay Arrival Instance 
#                                                                         (fF)  (ps)  (ps)   (ps)  Location 
#-----------------------------------------------------------------------------------------------------------
  rst_n                -       -     R     (arrival)                   19 10.2    40     0     250    (-,-) 
  g12048/Y             -       A->Y  R     HB1xp67_ASAP7_75t_L         17 10.2   116    68     318    (-,-) 
  drc_bufs12061/Y      -       A->Y  F     INVx1_ASAP7_75t_L            3  1.8    33    19     337    (-,-) 
  drc_bufs12060/Y      -       A->Y  R     INVx1_ASAP7_75t_L           16  9.6    76    44     381    (-,-) 
  g11535__2346/Y       -       C->Y  F     A2O1A1Ixp33_ASAP7_75t_L      1  0.6    32    21     402    (-,-) 
  wdata_hold_reg[27]/D -       -     F     DFFHQNx1_ASAP7_75t_L         1    -     -     0     402    (-,-) 
#-----------------------------------------------------------------------------------------------------------



Path 14: MET (648 ps) Setup Check with Pin wdata_hold_reg[3]/CLK->D
           View: tt
          Group: CLK
     Startpoint: (R) rst_n
          Clock: (R) CLK
       Endpoint: (F) wdata_hold_reg[3]/D
          Clock: (R) CLK

                     Capture       Launch     
        Clock Edge:+    1000            0     
        Drv Adjust:+       0            0     
       Src Latency:+     100          150     
       Net Latency:+       0 (I)        0 (I) 
           Arrival:=    1100          150     
                                              
             Setup:-       0                  
       Uncertainty:-      50                  
     Required Time:=    1050                  
      Launch Clock:-     150                  
       Input Delay:-     100                  
         Data Path:-     152                  
             Slack:=     648                  

Exceptions/Constraints:
  input_delay             100             constraint.sdc_line_109   

#----------------------------------------------------------------------------------------------------------
#    Timing Point     Flags   Arc   Edge          Cell            Fanout Load Trans Delay Arrival Instance 
#                                                                        (fF)  (ps)  (ps)   (ps)  Location 
#----------------------------------------------------------------------------------------------------------
  rst_n               -       -     R     (arrival)                   19 10.2    40     0     250    (-,-) 
  g12047/Y            -       A->Y  R     HB1xp67_ASAP7_75t_L         17 10.2   116    68     318    (-,-) 
  drc_bufs12074/Y     -       A->Y  F     INVx1_ASAP7_75t_L            3  1.8    33    19     337    (-,-) 
  drc_bufs12071/Y     -       A->Y  R     INVx1_ASAP7_75t_L           16  9.6    76    44     381    (-,-) 
  g11518__6783/Y      -       C->Y  F     A2O1A1Ixp33_ASAP7_75t_L      1  0.6    32    21     402    (-,-) 
  wdata_hold_reg[3]/D -       -     F     DFFHQNx1_ASAP7_75t_L         1    -     -     0     402    (-,-) 
#----------------------------------------------------------------------------------------------------------



Path 15: MET (648 ps) Setup Check with Pin w_addr_reg_reg[7]/CLK->D
           View: tt
          Group: CLK
     Startpoint: (R) rst_n
          Clock: (R) CLK
       Endpoint: (F) w_addr_reg_reg[7]/D
          Clock: (R) CLK

                     Capture       Launch     
        Clock Edge:+    1000            0     
        Drv Adjust:+       0            0     
       Src Latency:+     100          150     
       Net Latency:+       0 (I)        0 (I) 
           Arrival:=    1100          150     
                                              
             Setup:-       0                  
       Uncertainty:-      50                  
     Required Time:=    1050                  
      Launch Clock:-     150                  
       Input Delay:-     100                  
         Data Path:-     152                  
             Slack:=     648                  

Exceptions/Constraints:
  input_delay             100             constraint.sdc_line_109   

#----------------------------------------------------------------------------------------------------------
#    Timing Point     Flags   Arc   Edge          Cell            Fanout Load Trans Delay Arrival Instance 
#                                                                        (fF)  (ps)  (ps)   (ps)  Location 
#----------------------------------------------------------------------------------------------------------
  rst_n               -       -     R     (arrival)                   19 10.2    40     0     250    (-,-) 
  g12048/Y            -       A->Y  R     HB1xp67_ASAP7_75t_L         17 10.2   116    68     318    (-,-) 
  drc_bufs12061/Y     -       A->Y  F     INVx1_ASAP7_75t_L            3  1.8    33    19     337    (-,-) 
  drc_bufs12060/Y     -       A->Y  R     INVx1_ASAP7_75t_L           16  9.6    76    44     381    (-,-) 
  g11134__6161/Y      -       C->Y  F     A2O1A1Ixp33_ASAP7_75t_L      1  0.6    32    21     402    (-,-) 
  w_addr_reg_reg[7]/D -       -     F     DFFHQNx1_ASAP7_75t_L         1    -     -     0     402    (-,-) 
#----------------------------------------------------------------------------------------------------------



Path 16: MET (648 ps) Setup Check with Pin w_addr_reg_reg[6]/CLK->D
           View: tt
          Group: CLK
     Startpoint: (R) rst_n
          Clock: (R) CLK
       Endpoint: (F) w_addr_reg_reg[6]/D
          Clock: (R) CLK

                     Capture       Launch     
        Clock Edge:+    1000            0     
        Drv Adjust:+       0            0     
       Src Latency:+     100          150     
       Net Latency:+       0 (I)        0 (I) 
           Arrival:=    1100          150     
                                              
             Setup:-       0                  
       Uncertainty:-      50                  
     Required Time:=    1050                  
      Launch Clock:-     150                  
       Input Delay:-     100                  
         Data Path:-     152                  
             Slack:=     648                  

Exceptions/Constraints:
  input_delay             100             constraint.sdc_line_109   

#----------------------------------------------------------------------------------------------------------
#    Timing Point     Flags   Arc   Edge          Cell            Fanout Load Trans Delay Arrival Instance 
#                                                                        (fF)  (ps)  (ps)   (ps)  Location 
#----------------------------------------------------------------------------------------------------------
  rst_n               -       -     R     (arrival)                   19 10.2    40     0     250    (-,-) 
  g12048/Y            -       A->Y  R     HB1xp67_ASAP7_75t_L         17 10.2   116    68     318    (-,-) 
  drc_bufs12061/Y     -       A->Y  F     INVx1_ASAP7_75t_L            3  1.8    33    19     337    (-,-) 
  drc_bufs12058/Y     -       A->Y  R     INVx1_ASAP7_75t_L           16  9.6    76    44     381    (-,-) 
  g11133__4733/Y      -       C->Y  F     A2O1A1Ixp33_ASAP7_75t_L      1  0.6    32    21     402    (-,-) 
  w_addr_reg_reg[6]/D -       -     F     DFFHQNx1_ASAP7_75t_L         1    -     -     0     402    (-,-) 
#----------------------------------------------------------------------------------------------------------



Path 17: MET (648 ps) Setup Check with Pin r_id_reg_reg[3]/CLK->D
           View: tt
          Group: CLK
     Startpoint: (R) rst_n
          Clock: (R) CLK
       Endpoint: (F) r_id_reg_reg[3]/D
          Clock: (R) CLK

                     Capture       Launch     
        Clock Edge:+    1000            0     
        Drv Adjust:+       0            0     
       Src Latency:+     100          150     
       Net Latency:+       0 (I)        0 (I) 
           Arrival:=    1100          150     
                                              
             Setup:-       0                  
       Uncertainty:-      50                  
     Required Time:=    1050                  
      Launch Clock:-     150                  
       Input Delay:-     100                  
         Data Path:-     152                  
             Slack:=     648                  

Exceptions/Constraints:
  input_delay             100             constraint.sdc_line_109   

#--------------------------------------------------------------------------------------------------------
#   Timing Point    Flags   Arc   Edge          Cell            Fanout Load Trans Delay Arrival Instance 
#                                                                      (fF)  (ps)  (ps)   (ps)  Location 
#--------------------------------------------------------------------------------------------------------
  rst_n             -       -     R     (arrival)                   19 10.2    40     0     250    (-,-) 
  g12047/Y          -       A->Y  R     HB1xp67_ASAP7_75t_L         17 10.2   116    68     318    (-,-) 
  drc_bufs12074/Y   -       A->Y  F     INVx1_ASAP7_75t_L            3  1.8    33    19     337    (-,-) 
  drc_bufs12072/Y   -       A->Y  R     INVx1_ASAP7_75t_L           16  9.6    76    44     381    (-,-) 
  g11357__2346/Y    -       C->Y  F     A2O1A1Ixp33_ASAP7_75t_L      1  0.6    32    21     402    (-,-) 
  r_id_reg_reg[3]/D -       -     F     DFFHQNx1_ASAP7_75t_L         1    -     -     0     402    (-,-) 
#--------------------------------------------------------------------------------------------------------



Path 18: MET (648 ps) Setup Check with Pin r_id_reg_reg[2]/CLK->D
           View: tt
          Group: CLK
     Startpoint: (R) rst_n
          Clock: (R) CLK
       Endpoint: (F) r_id_reg_reg[2]/D
          Clock: (R) CLK

                     Capture       Launch     
        Clock Edge:+    1000            0     
        Drv Adjust:+       0            0     
       Src Latency:+     100          150     
       Net Latency:+       0 (I)        0 (I) 
           Arrival:=    1100          150     
                                              
             Setup:-       0                  
       Uncertainty:-      50                  
     Required Time:=    1050                  
      Launch Clock:-     150                  
       Input Delay:-     100                  
         Data Path:-     152                  
             Slack:=     648                  

Exceptions/Constraints:
  input_delay             100             constraint.sdc_line_109   

#--------------------------------------------------------------------------------------------------------
#   Timing Point    Flags   Arc   Edge          Cell            Fanout Load Trans Delay Arrival Instance 
#                                                                      (fF)  (ps)  (ps)   (ps)  Location 
#--------------------------------------------------------------------------------------------------------
  rst_n             -       -     R     (arrival)                   19 10.2    40     0     250    (-,-) 
  g12048/Y          -       A->Y  R     HB1xp67_ASAP7_75t_L         17 10.2   116    68     318    (-,-) 
  drc_bufs12061/Y   -       A->Y  F     INVx1_ASAP7_75t_L            3  1.8    33    19     337    (-,-) 
  drc_bufs12058/Y   -       A->Y  R     INVx1_ASAP7_75t_L           16  9.6    76    44     381    (-,-) 
  g11356__2883/Y    -       C->Y  F     A2O1A1Ixp33_ASAP7_75t_L      1  0.6    32    21     402    (-,-) 
  r_id_reg_reg[2]/D -       -     F     DFFHQNx1_ASAP7_75t_L         1    -     -     0     402    (-,-) 
#--------------------------------------------------------------------------------------------------------



Path 19: MET (648 ps) Setup Check with Pin r_id_reg_reg[1]/CLK->D
           View: tt
          Group: CLK
     Startpoint: (R) rst_n
          Clock: (R) CLK
       Endpoint: (F) r_id_reg_reg[1]/D
          Clock: (R) CLK

                     Capture       Launch     
        Clock Edge:+    1000            0     
        Drv Adjust:+       0            0     
       Src Latency:+     100          150     
       Net Latency:+       0 (I)        0 (I) 
           Arrival:=    1100          150     
                                              
             Setup:-       0                  
       Uncertainty:-      50                  
     Required Time:=    1050                  
      Launch Clock:-     150                  
       Input Delay:-     100                  
         Data Path:-     152                  
             Slack:=     648                  

Exceptions/Constraints:
  input_delay             100             constraint.sdc_line_109   

#--------------------------------------------------------------------------------------------------------
#   Timing Point    Flags   Arc   Edge          Cell            Fanout Load Trans Delay Arrival Instance 
#                                                                      (fF)  (ps)  (ps)   (ps)  Location 
#--------------------------------------------------------------------------------------------------------
  rst_n             -       -     R     (arrival)                   19 10.2    40     0     250    (-,-) 
  g12047/Y          -       A->Y  R     HB1xp67_ASAP7_75t_L         17 10.2   116    68     318    (-,-) 
  drc_bufs12074/Y   -       A->Y  F     INVx1_ASAP7_75t_L            3  1.8    33    19     337    (-,-) 
  drc_bufs12071/Y   -       A->Y  R     INVx1_ASAP7_75t_L           16  9.6    76    44     381    (-,-) 
  g11355__9945/Y    -       C->Y  F     A2O1A1Ixp33_ASAP7_75t_L      1  0.6    32    21     402    (-,-) 
  r_id_reg_reg[1]/D -       -     F     DFFHQNx1_ASAP7_75t_L         1    -     -     0     402    (-,-) 
#--------------------------------------------------------------------------------------------------------



Path 20: MET (648 ps) Setup Check with Pin r_id_reg_reg[0]/CLK->D
           View: tt
          Group: CLK
     Startpoint: (R) rst_n
          Clock: (R) CLK
       Endpoint: (F) r_id_reg_reg[0]/D
          Clock: (R) CLK

                     Capture       Launch     
        Clock Edge:+    1000            0     
        Drv Adjust:+       0            0     
       Src Latency:+     100          150     
       Net Latency:+       0 (I)        0 (I) 
           Arrival:=    1100          150     
                                              
             Setup:-       0                  
       Uncertainty:-      50                  
     Required Time:=    1050                  
      Launch Clock:-     150                  
       Input Delay:-     100                  
         Data Path:-     152                  
             Slack:=     648                  

Exceptions/Constraints:
  input_delay             100             constraint.sdc_line_109   

#--------------------------------------------------------------------------------------------------------
#   Timing Point    Flags   Arc   Edge          Cell            Fanout Load Trans Delay Arrival Instance 
#                                                                      (fF)  (ps)  (ps)   (ps)  Location 
#--------------------------------------------------------------------------------------------------------
  rst_n             -       -     R     (arrival)                   19 10.2    40     0     250    (-,-) 
  g12048/Y          -       A->Y  R     HB1xp67_ASAP7_75t_L         17 10.2   116    68     318    (-,-) 
  drc_bufs12061/Y   -       A->Y  F     INVx1_ASAP7_75t_L            3  1.8    33    19     337    (-,-) 
  drc_bufs12060/Y   -       A->Y  R     INVx1_ASAP7_75t_L           16  9.6    76    44     381    (-,-) 
  g11354__9315/Y    -       C->Y  F     A2O1A1Ixp33_ASAP7_75t_L      1  0.6    32    21     402    (-,-) 
  r_id_reg_reg[0]/D -       -     F     DFFHQNx1_ASAP7_75t_L         1    -     -     0     402    (-,-) 
#--------------------------------------------------------------------------------------------------------


