============================================================
  Generated by:           Genus(TM) Synthesis Solution 23.14-s090_1
  Generated on:           Aug 23 2026  03:19:53 am
  Module:                 axi_ram
  Operating conditions:   PVT_0P7V_25C (balanced_tree)
  Wireload mode:          enclosed
  Area mode:              timing library
============================================================


Path 1: MET (343 ps) Setup Check with Pin wstrb_hold_reg[2]/CLK->D
           View: tt
          Group: I2C
     Startpoint: (R) s_axi_wvalid
          Clock: (R) CLK
       Endpoint: (R) wstrb_hold_reg[2]/D
          Clock: (R) CLK

                     Capture       Launch     
        Clock Edge:+    1000            0     
        Drv Adjust:+       0            0     
       Src Latency:+     100          150     
       Net Latency:+       0 (I)        0 (I) 
           Arrival:=    1100          150     
                                              
             Setup:-       8                  
       Uncertainty:-      50                  
     Required Time:=    1042                  
      Launch Clock:-     150                  
       Input Delay:-     250                  
         Data Path:-     299                  
             Slack:=     343                  

Exceptions/Constraints:
  input_delay             250             constraint.sdc_line_90_104_1   

#----------------------------------------------------------------------------------------------------------
#    Timing Point     Flags   Arc   Edge          Cell            Fanout Load Trans Delay Arrival Instance 
#                                                                        (fF)  (ps)  (ps)   (ps)  Location 
#----------------------------------------------------------------------------------------------------------
  s_axi_wvalid        -       -     R     (arrival)                    1  0.5    40     0     400    (-,-) 
  g11804__5107/Y      -       B->Y  F     NAND2xp5_ASAP7_75t_L         2  1.0    26    14     414    (-,-) 
  g11740__7482/Y      -       B->Y  R     NOR2xp33_ASAP7_75t_L        16  8.4   180    88     503    (-,-) 
  drc_bufs12108/Y     -       A->Y  F     INVx1_ASAP7_75t_L           18 10.8   100    69     572    (-,-) 
  drc_bufs12106/Y     -       A->Y  R     INVx1_ASAP7_75t_L           13  6.6    71    51     623    (-,-) 
  g11714/Y            -       A->Y  F     INVx1_ASAP7_75t_L           20 12.0    81    54     677    (-,-) 
  g11513__5107/Y      -       A2->Y R     A2O1A1Ixp33_ASAP7_75t_L      1  0.6    29    22     699    (-,-) 
  wstrb_hold_reg[2]/D -       -     R     DFFHQNx1_ASAP7_75t_L         1    -     -     0     699    (-,-) 
#----------------------------------------------------------------------------------------------------------



Path 2: MET (343 ps) Setup Check with Pin wstrb_hold_reg[0]/CLK->D
           View: tt
          Group: I2C
     Startpoint: (R) s_axi_wvalid
          Clock: (R) CLK
       Endpoint: (R) wstrb_hold_reg[0]/D
          Clock: (R) CLK

                     Capture       Launch     
        Clock Edge:+    1000            0     
        Drv Adjust:+       0            0     
       Src Latency:+     100          150     
       Net Latency:+       0 (I)        0 (I) 
           Arrival:=    1100          150     
                                              
             Setup:-       8                  
       Uncertainty:-      50                  
     Required Time:=    1042                  
      Launch Clock:-     150                  
       Input Delay:-     250                  
         Data Path:-     299                  
             Slack:=     343                  

Exceptions/Constraints:
  input_delay             250             constraint.sdc_line_90_104_1   

#----------------------------------------------------------------------------------------------------------
#    Timing Point     Flags   Arc   Edge          Cell            Fanout Load Trans Delay Arrival Instance 
#                                                                        (fF)  (ps)  (ps)   (ps)  Location 
#----------------------------------------------------------------------------------------------------------
  s_axi_wvalid        -       -     R     (arrival)                    1  0.5    40     0     400    (-,-) 
  g11804__5107/Y      -       B->Y  F     NAND2xp5_ASAP7_75t_L         2  1.0    26    14     414    (-,-) 
  g11740__7482/Y      -       B->Y  R     NOR2xp33_ASAP7_75t_L        16  8.4   180    88     503    (-,-) 
  drc_bufs12108/Y     -       A->Y  F     INVx1_ASAP7_75t_L           18 10.8   100    69     572    (-,-) 
  drc_bufs12106/Y     -       A->Y  R     INVx1_ASAP7_75t_L           13  6.6    71    51     623    (-,-) 
  g11714/Y            -       A->Y  F     INVx1_ASAP7_75t_L           20 12.0    81    54     677    (-,-) 
  g11541__5107/Y      -       A2->Y R     A2O1A1Ixp33_ASAP7_75t_L      1  0.6    29    22     699    (-,-) 
  wstrb_hold_reg[0]/D -       -     R     DFFHQNx1_ASAP7_75t_L         1    -     -     0     699    (-,-) 
#----------------------------------------------------------------------------------------------------------



Path 3: MET (343 ps) Setup Check with Pin wdata_hold_reg[31]/CLK->D
           View: tt
          Group: I2C
     Startpoint: (R) s_axi_wvalid
          Clock: (R) CLK
       Endpoint: (R) wdata_hold_reg[31]/D
          Clock: (R) CLK

                     Capture       Launch     
        Clock Edge:+    1000            0     
        Drv Adjust:+       0            0     
       Src Latency:+     100          150     
       Net Latency:+       0 (I)        0 (I) 
           Arrival:=    1100          150     
                                              
             Setup:-       8                  
       Uncertainty:-      50                  
     Required Time:=    1042                  
      Launch Clock:-     150                  
       Input Delay:-     250                  
         Data Path:-     299                  
             Slack:=     343                  

Exceptions/Constraints:
  input_delay             250             constraint.sdc_line_90_104_1   

#-----------------------------------------------------------------------------------------------------------
#    Timing Point      Flags   Arc   Edge          Cell            Fanout Load Trans Delay Arrival Instance 
#                                                                         (fF)  (ps)  (ps)   (ps)  Location 
#-----------------------------------------------------------------------------------------------------------
  s_axi_wvalid         -       -     R     (arrival)                    1  0.5    40     0     400    (-,-) 
  g11804__5107/Y       -       B->Y  F     NAND2xp5_ASAP7_75t_L         2  1.0    26    14     414    (-,-) 
  g11740__7482/Y       -       B->Y  R     NOR2xp33_ASAP7_75t_L        16  8.4   180    88     503    (-,-) 
  drc_bufs12108/Y      -       A->Y  F     INVx1_ASAP7_75t_L           18 10.8   100    69     572    (-,-) 
  drc_bufs12106/Y      -       A->Y  R     INVx1_ASAP7_75t_L           13  6.6    71    51     623    (-,-) 
  g11714/Y             -       A->Y  F     INVx1_ASAP7_75t_L           20 12.0    81    54     677    (-,-) 
  g11537__7410/Y       -       A2->Y R     A2O1A1Ixp33_ASAP7_75t_L      1  0.6    29    22     699    (-,-) 
  wdata_hold_reg[31]/D -       -     R     DFFHQNx1_ASAP7_75t_L         1    -     -     0     699    (-,-) 
#-----------------------------------------------------------------------------------------------------------



Path 4: MET (343 ps) Setup Check with Pin wdata_hold_reg[30]/CLK->D
           View: tt
          Group: I2C
     Startpoint: (R) s_axi_wvalid
          Clock: (R) CLK
       Endpoint: (R) wdata_hold_reg[30]/D
          Clock: (R) CLK

                     Capture       Launch     
        Clock Edge:+    1000            0     
        Drv Adjust:+       0            0     
       Src Latency:+     100          150     
       Net Latency:+       0 (I)        0 (I) 
           Arrival:=    1100          150     
                                              
             Setup:-       8                  
       Uncertainty:-      50                  
     Required Time:=    1042                  
      Launch Clock:-     150                  
       Input Delay:-     250                  
         Data Path:-     299                  
             Slack:=     343                  

Exceptions/Constraints:
  input_delay             250             constraint.sdc_line_90_104_1   

#-----------------------------------------------------------------------------------------------------------
#    Timing Point      Flags   Arc   Edge          Cell            Fanout Load Trans Delay Arrival Instance 
#                                                                         (fF)  (ps)  (ps)   (ps)  Location 
#-----------------------------------------------------------------------------------------------------------
  s_axi_wvalid         -       -     R     (arrival)                    1  0.5    40     0     400    (-,-) 
  g11804__5107/Y       -       B->Y  F     NAND2xp5_ASAP7_75t_L         2  1.0    26    14     414    (-,-) 
  g11740__7482/Y       -       B->Y  R     NOR2xp33_ASAP7_75t_L        16  8.4   180    88     503    (-,-) 
  drc_bufs12108/Y      -       A->Y  F     INVx1_ASAP7_75t_L           18 10.8   100    69     572    (-,-) 
  drc_bufs12106/Y      -       A->Y  R     INVx1_ASAP7_75t_L           13  6.6    71    51     623    (-,-) 
  g11714/Y             -       A->Y  F     INVx1_ASAP7_75t_L           20 12.0    81    54     677    (-,-) 
  g11555__1881/Y       -       A2->Y R     A2O1A1Ixp33_ASAP7_75t_L      1  0.6    29    22     699    (-,-) 
  wdata_hold_reg[30]/D -       -     R     DFFHQNx1_ASAP7_75t_L         1    -     -     0     699    (-,-) 
#-----------------------------------------------------------------------------------------------------------



Path 5: MET (343 ps) Setup Check with Pin wdata_hold_reg[29]/CLK->D
           View: tt
          Group: I2C
     Startpoint: (R) s_axi_wvalid
          Clock: (R) CLK
       Endpoint: (R) wdata_hold_reg[29]/D
          Clock: (R) CLK

                     Capture       Launch     
        Clock Edge:+    1000            0     
        Drv Adjust:+       0            0     
       Src Latency:+     100          150     
       Net Latency:+       0 (I)        0 (I) 
           Arrival:=    1100          150     
                                              
             Setup:-       8                  
       Uncertainty:-      50                  
     Required Time:=    1042                  
      Launch Clock:-     150                  
       Input Delay:-     250                  
         Data Path:-     299                  
             Slack:=     343                  

Exceptions/Constraints:
  input_delay             250             constraint.sdc_line_90_104_1   

#-----------------------------------------------------------------------------------------------------------
#    Timing Point      Flags   Arc   Edge          Cell            Fanout Load Trans Delay Arrival Instance 
#                                                                         (fF)  (ps)  (ps)   (ps)  Location 
#-----------------------------------------------------------------------------------------------------------
  s_axi_wvalid         -       -     R     (arrival)                    1  0.5    40     0     400    (-,-) 
  g11804__5107/Y       -       B->Y  F     NAND2xp5_ASAP7_75t_L         2  1.0    26    14     414    (-,-) 
  g11740__7482/Y       -       B->Y  R     NOR2xp33_ASAP7_75t_L        16  8.4   180    88     503    (-,-) 
  drc_bufs12108/Y      -       A->Y  F     INVx1_ASAP7_75t_L           18 10.8   100    69     572    (-,-) 
  drc_bufs12106/Y      -       A->Y  R     INVx1_ASAP7_75t_L           13  6.6    71    51     623    (-,-) 
  g11714/Y             -       A->Y  F     INVx1_ASAP7_75t_L           20 12.0    81    54     677    (-,-) 
  g11536__1666/Y       -       A2->Y R     A2O1A1Ixp33_ASAP7_75t_L      1  0.6    29    22     699    (-,-) 
  wdata_hold_reg[29]/D -       -     R     DFFHQNx1_ASAP7_75t_L         1    -     -     0     699    (-,-) 
#-----------------------------------------------------------------------------------------------------------



Path 6: MET (343 ps) Setup Check with Pin wdata_hold_reg[27]/CLK->D
           View: tt
          Group: I2C
     Startpoint: (R) s_axi_wvalid
          Clock: (R) CLK
       Endpoint: (R) wdata_hold_reg[27]/D
          Clock: (R) CLK

                     Capture       Launch     
        Clock Edge:+    1000            0     
        Drv Adjust:+       0            0     
       Src Latency:+     100          150     
       Net Latency:+       0 (I)        0 (I) 
           Arrival:=    1100          150     
                                              
             Setup:-       8                  
       Uncertainty:-      50                  
     Required Time:=    1042                  
      Launch Clock:-     150                  
       Input Delay:-     250                  
         Data Path:-     299                  
             Slack:=     343                  

Exceptions/Constraints:
  input_delay             250             constraint.sdc_line_90_104_1   

#-----------------------------------------------------------------------------------------------------------
#    Timing Point      Flags   Arc   Edge          Cell            Fanout Load Trans Delay Arrival Instance 
#                                                                         (fF)  (ps)  (ps)   (ps)  Location 
#-----------------------------------------------------------------------------------------------------------
  s_axi_wvalid         -       -     R     (arrival)                    1  0.5    40     0     400    (-,-) 
  g11804__5107/Y       -       B->Y  F     NAND2xp5_ASAP7_75t_L         2  1.0    26    14     414    (-,-) 
  g11740__7482/Y       -       B->Y  R     NOR2xp33_ASAP7_75t_L        16  8.4   180    88     503    (-,-) 
  drc_bufs12108/Y      -       A->Y  F     INVx1_ASAP7_75t_L           18 10.8   100    69     572    (-,-) 
  drc_bufs12106/Y      -       A->Y  R     INVx1_ASAP7_75t_L           13  6.6    71    51     623    (-,-) 
  g11714/Y             -       A->Y  F     INVx1_ASAP7_75t_L           20 12.0    81    54     677    (-,-) 
  g11535__2346/Y       -       A2->Y R     A2O1A1Ixp33_ASAP7_75t_L      1  0.6    29    22     699    (-,-) 
  wdata_hold_reg[27]/D -       -     R     DFFHQNx1_ASAP7_75t_L         1    -     -     0     699    (-,-) 
#-----------------------------------------------------------------------------------------------------------



Path 7: MET (343 ps) Setup Check with Pin wdata_hold_reg[25]/CLK->D
           View: tt
          Group: I2C
     Startpoint: (R) s_axi_wvalid
          Clock: (R) CLK
       Endpoint: (R) wdata_hold_reg[25]/D
          Clock: (R) CLK

                     Capture       Launch     
        Clock Edge:+    1000            0     
        Drv Adjust:+       0            0     
       Src Latency:+     100          150     
       Net Latency:+       0 (I)        0 (I) 
           Arrival:=    1100          150     
                                              
             Setup:-       8                  
       Uncertainty:-      50                  
     Required Time:=    1042                  
      Launch Clock:-     150                  
       Input Delay:-     250                  
         Data Path:-     299                  
             Slack:=     343                  

Exceptions/Constraints:
  input_delay             250             constraint.sdc_line_90_104_1   

#-----------------------------------------------------------------------------------------------------------
#    Timing Point      Flags   Arc   Edge          Cell            Fanout Load Trans Delay Arrival Instance 
#                                                                         (fF)  (ps)  (ps)   (ps)  Location 
#-----------------------------------------------------------------------------------------------------------
  s_axi_wvalid         -       -     R     (arrival)                    1  0.5    40     0     400    (-,-) 
  g11804__5107/Y       -       B->Y  F     NAND2xp5_ASAP7_75t_L         2  1.0    26    14     414    (-,-) 
  g11740__7482/Y       -       B->Y  R     NOR2xp33_ASAP7_75t_L        16  8.4   180    88     503    (-,-) 
  drc_bufs12108/Y      -       A->Y  F     INVx1_ASAP7_75t_L           18 10.8   100    69     572    (-,-) 
  drc_bufs12106/Y      -       A->Y  R     INVx1_ASAP7_75t_L           13  6.6    71    51     623    (-,-) 
  g11714/Y             -       A->Y  F     INVx1_ASAP7_75t_L           20 12.0    81    54     677    (-,-) 
  g11534__2883/Y       -       A2->Y R     A2O1A1Ixp33_ASAP7_75t_L      1  0.6    29    22     699    (-,-) 
  wdata_hold_reg[25]/D -       -     R     DFFHQNx1_ASAP7_75t_L         1    -     -     0     699    (-,-) 
#-----------------------------------------------------------------------------------------------------------



Path 8: MET (343 ps) Setup Check with Pin wdata_hold_reg[22]/CLK->D
           View: tt
          Group: I2C
     Startpoint: (R) s_axi_wvalid
          Clock: (R) CLK
       Endpoint: (R) wdata_hold_reg[22]/D
          Clock: (R) CLK

                     Capture       Launch     
        Clock Edge:+    1000            0     
        Drv Adjust:+       0            0     
       Src Latency:+     100          150     
       Net Latency:+       0 (I)        0 (I) 
           Arrival:=    1100          150     
                                              
             Setup:-       8                  
       Uncertainty:-      50                  
     Required Time:=    1042                  
      Launch Clock:-     150                  
       Input Delay:-     250                  
         Data Path:-     299                  
             Slack:=     343                  

Exceptions/Constraints:
  input_delay             250             constraint.sdc_line_90_104_1   

#-----------------------------------------------------------------------------------------------------------
#    Timing Point      Flags   Arc   Edge          Cell            Fanout Load Trans Delay Arrival Instance 
#                                                                         (fF)  (ps)  (ps)   (ps)  Location 
#-----------------------------------------------------------------------------------------------------------
  s_axi_wvalid         -       -     R     (arrival)                    1  0.5    40     0     400    (-,-) 
  g11804__5107/Y       -       B->Y  F     NAND2xp5_ASAP7_75t_L         2  1.0    26    14     414    (-,-) 
  g11740__7482/Y       -       B->Y  R     NOR2xp33_ASAP7_75t_L        16  8.4   180    88     503    (-,-) 
  drc_bufs12108/Y      -       A->Y  F     INVx1_ASAP7_75t_L           18 10.8   100    69     572    (-,-) 
  drc_bufs12106/Y      -       A->Y  R     INVx1_ASAP7_75t_L           13  6.6    71    51     623    (-,-) 
  g11714/Y             -       A->Y  F     INVx1_ASAP7_75t_L           20 12.0    81    54     677    (-,-) 
  g11532__9315/Y       -       A2->Y R     A2O1A1Ixp33_ASAP7_75t_L      1  0.6    29    22     699    (-,-) 
  wdata_hold_reg[22]/D -       -     R     DFFHQNx1_ASAP7_75t_L         1    -     -     0     699    (-,-) 
#-----------------------------------------------------------------------------------------------------------



Path 9: MET (343 ps) Setup Check with Pin wdata_hold_reg[17]/CLK->D
           View: tt
          Group: I2C
     Startpoint: (R) s_axi_wvalid
          Clock: (R) CLK
       Endpoint: (R) wdata_hold_reg[17]/D
          Clock: (R) CLK

                     Capture       Launch     
        Clock Edge:+    1000            0     
        Drv Adjust:+       0            0     
       Src Latency:+     100          150     
       Net Latency:+       0 (I)        0 (I) 
           Arrival:=    1100          150     
                                              
             Setup:-       8                  
       Uncertainty:-      50                  
     Required Time:=    1042                  
      Launch Clock:-     150                  
       Input Delay:-     250                  
         Data Path:-     299                  
             Slack:=     343                  

Exceptions/Constraints:
  input_delay             250             constraint.sdc_line_90_104_1   

#-----------------------------------------------------------------------------------------------------------
#    Timing Point      Flags   Arc   Edge          Cell            Fanout Load Trans Delay Arrival Instance 
#                                                                         (fF)  (ps)  (ps)   (ps)  Location 
#-----------------------------------------------------------------------------------------------------------
  s_axi_wvalid         -       -     R     (arrival)                    1  0.5    40     0     400    (-,-) 
  g11804__5107/Y       -       B->Y  F     NAND2xp5_ASAP7_75t_L         2  1.0    26    14     414    (-,-) 
  g11740__7482/Y       -       B->Y  R     NOR2xp33_ASAP7_75t_L        16  8.4   180    88     503    (-,-) 
  drc_bufs12108/Y      -       A->Y  F     INVx1_ASAP7_75t_L           18 10.8   100    69     572    (-,-) 
  drc_bufs12106/Y      -       A->Y  R     INVx1_ASAP7_75t_L           13  6.6    71    51     623    (-,-) 
  g11714/Y             -       A->Y  F     INVx1_ASAP7_75t_L           20 12.0    81    54     677    (-,-) 
  g11530__4733/Y       -       A2->Y R     A2O1A1Ixp33_ASAP7_75t_L      1  0.6    29    22     699    (-,-) 
  wdata_hold_reg[17]/D -       -     R     DFFHQNx1_ASAP7_75t_L         1    -     -     0     699    (-,-) 
#-----------------------------------------------------------------------------------------------------------



Path 10: MET (343 ps) Setup Check with Pin wdata_hold_reg[14]/CLK->D
           View: tt
          Group: I2C
     Startpoint: (R) s_axi_wvalid
          Clock: (R) CLK
       Endpoint: (R) wdata_hold_reg[14]/D
          Clock: (R) CLK

                     Capture       Launch     
        Clock Edge:+    1000            0     
        Drv Adjust:+       0            0     
       Src Latency:+     100          150     
       Net Latency:+       0 (I)        0 (I) 
           Arrival:=    1100          150     
                                              
             Setup:-       8                  
       Uncertainty:-      50                  
     Required Time:=    1042                  
      Launch Clock:-     150                  
       Input Delay:-     250                  
         Data Path:-     299                  
             Slack:=     343                  

Exceptions/Constraints:
  input_delay             250             constraint.sdc_line_90_104_1   

#-----------------------------------------------------------------------------------------------------------
#    Timing Point      Flags   Arc   Edge          Cell            Fanout Load Trans Delay Arrival Instance 
#                                                                         (fF)  (ps)  (ps)   (ps)  Location 
#-----------------------------------------------------------------------------------------------------------
  s_axi_wvalid         -       -     R     (arrival)                    1  0.5    40     0     400    (-,-) 
  g11804__5107/Y       -       B->Y  F     NAND2xp5_ASAP7_75t_L         2  1.0    26    14     414    (-,-) 
  g11740__7482/Y       -       B->Y  R     NOR2xp33_ASAP7_75t_L        16  8.4   180    88     503    (-,-) 
  drc_bufs12108/Y      -       A->Y  F     INVx1_ASAP7_75t_L           18 10.8   100    69     572    (-,-) 
  drc_bufs12106/Y      -       A->Y  R     INVx1_ASAP7_75t_L           13  6.6    71    51     623    (-,-) 
  g11714/Y             -       A->Y  F     INVx1_ASAP7_75t_L           20 12.0    81    54     677    (-,-) 
  g11528__5115/Y       -       A2->Y R     A2O1A1Ixp33_ASAP7_75t_L      1  0.6    29    22     699    (-,-) 
  wdata_hold_reg[14]/D -       -     R     DFFHQNx1_ASAP7_75t_L         1    -     -     0     699    (-,-) 
#-----------------------------------------------------------------------------------------------------------



Path 11: MET (343 ps) Setup Check with Pin wdata_hold_reg[8]/CLK->D
           View: tt
          Group: I2C
     Startpoint: (R) s_axi_wvalid
          Clock: (R) CLK
       Endpoint: (R) wdata_hold_reg[8]/D
          Clock: (R) CLK

                     Capture       Launch     
        Clock Edge:+    1000            0     
        Drv Adjust:+       0            0     
       Src Latency:+     100          150     
       Net Latency:+       0 (I)        0 (I) 
           Arrival:=    1100          150     
                                              
             Setup:-       8                  
       Uncertainty:-      50                  
     Required Time:=    1042                  
      Launch Clock:-     150                  
       Input Delay:-     250                  
         Data Path:-     299                  
             Slack:=     343                  

Exceptions/Constraints:
  input_delay             250             constraint.sdc_line_90_104_1   

#----------------------------------------------------------------------------------------------------------
#    Timing Point     Flags   Arc   Edge          Cell            Fanout Load Trans Delay Arrival Instance 
#                                                                        (fF)  (ps)  (ps)   (ps)  Location 
#----------------------------------------------------------------------------------------------------------
  s_axi_wvalid        -       -     R     (arrival)                    1  0.5    40     0     400    (-,-) 
  g11804__5107/Y      -       B->Y  F     NAND2xp5_ASAP7_75t_L         2  1.0    26    14     414    (-,-) 
  g11740__7482/Y      -       B->Y  R     NOR2xp33_ASAP7_75t_L        16  8.4   180    88     503    (-,-) 
  drc_bufs12108/Y     -       A->Y  F     INVx1_ASAP7_75t_L           18 10.8   100    69     572    (-,-) 
  drc_bufs12106/Y     -       A->Y  R     INVx1_ASAP7_75t_L           13  6.6    71    51     623    (-,-) 
  g11714/Y            -       A->Y  F     INVx1_ASAP7_75t_L           20 12.0    81    54     677    (-,-) 
  g11522__1705/Y      -       A2->Y R     A2O1A1Ixp33_ASAP7_75t_L      1  0.6    29    22     699    (-,-) 
  wdata_hold_reg[8]/D -       -     R     DFFHQNx1_ASAP7_75t_L         1    -     -     0     699    (-,-) 
#----------------------------------------------------------------------------------------------------------



Path 12: MET (343 ps) Setup Check with Pin wdata_hold_reg[3]/CLK->D
           View: tt
          Group: I2C
     Startpoint: (R) s_axi_wvalid
          Clock: (R) CLK
       Endpoint: (R) wdata_hold_reg[3]/D
          Clock: (R) CLK

                     Capture       Launch     
        Clock Edge:+    1000            0     
        Drv Adjust:+       0            0     
       Src Latency:+     100          150     
       Net Latency:+       0 (I)        0 (I) 
           Arrival:=    1100          150     
                                              
             Setup:-       8                  
       Uncertainty:-      50                  
     Required Time:=    1042                  
      Launch Clock:-     150                  
       Input Delay:-     250                  
         Data Path:-     299                  
             Slack:=     343                  

Exceptions/Constraints:
  input_delay             250             constraint.sdc_line_90_104_1   

#----------------------------------------------------------------------------------------------------------
#    Timing Point     Flags   Arc   Edge          Cell            Fanout Load Trans Delay Arrival Instance 
#                                                                        (fF)  (ps)  (ps)   (ps)  Location 
#----------------------------------------------------------------------------------------------------------
  s_axi_wvalid        -       -     R     (arrival)                    1  0.5    40     0     400    (-,-) 
  g11804__5107/Y      -       B->Y  F     NAND2xp5_ASAP7_75t_L         2  1.0    26    14     414    (-,-) 
  g11740__7482/Y      -       B->Y  R     NOR2xp33_ASAP7_75t_L        16  8.4   180    88     503    (-,-) 
  drc_bufs12108/Y     -       A->Y  F     INVx1_ASAP7_75t_L           18 10.8   100    69     572    (-,-) 
  drc_bufs12106/Y     -       A->Y  R     INVx1_ASAP7_75t_L           13  6.6    71    51     623    (-,-) 
  g11714/Y            -       A->Y  F     INVx1_ASAP7_75t_L           20 12.0    81    54     677    (-,-) 
  g11518__6783/Y      -       A2->Y R     A2O1A1Ixp33_ASAP7_75t_L      1  0.6    29    22     699    (-,-) 
  wdata_hold_reg[3]/D -       -     R     DFFHQNx1_ASAP7_75t_L         1    -     -     0     699    (-,-) 
#----------------------------------------------------------------------------------------------------------



Path 13: MET (343 ps) Setup Check with Pin wdata_hold_reg[2]/CLK->D
           View: tt
          Group: I2C
     Startpoint: (R) s_axi_wvalid
          Clock: (R) CLK
       Endpoint: (R) wdata_hold_reg[2]/D
          Clock: (R) CLK

                     Capture       Launch     
        Clock Edge:+    1000            0     
        Drv Adjust:+       0            0     
       Src Latency:+     100          150     
       Net Latency:+       0 (I)        0 (I) 
           Arrival:=    1100          150     
                                              
             Setup:-       8                  
       Uncertainty:-      50                  
     Required Time:=    1042                  
      Launch Clock:-     150                  
       Input Delay:-     250                  
         Data Path:-     299                  
             Slack:=     343                  

Exceptions/Constraints:
  input_delay             250             constraint.sdc_line_90_104_1   

#----------------------------------------------------------------------------------------------------------
#    Timing Point     Flags   Arc   Edge          Cell            Fanout Load Trans Delay Arrival Instance 
#                                                                        (fF)  (ps)  (ps)   (ps)  Location 
#----------------------------------------------------------------------------------------------------------
  s_axi_wvalid        -       -     R     (arrival)                    1  0.5    40     0     400    (-,-) 
  g11804__5107/Y      -       B->Y  F     NAND2xp5_ASAP7_75t_L         2  1.0    26    14     414    (-,-) 
  g11740__7482/Y      -       B->Y  R     NOR2xp33_ASAP7_75t_L        16  8.4   180    88     503    (-,-) 
  drc_bufs12108/Y     -       A->Y  F     INVx1_ASAP7_75t_L           18 10.8   100    69     572    (-,-) 
  drc_bufs12106/Y     -       A->Y  R     INVx1_ASAP7_75t_L           13  6.6    71    51     623    (-,-) 
  g11714/Y            -       A->Y  F     INVx1_ASAP7_75t_L           20 12.0    81    54     677    (-,-) 
  g11517__5526/Y      -       A2->Y R     A2O1A1Ixp33_ASAP7_75t_L      1  0.6    29    22     699    (-,-) 
  wdata_hold_reg[2]/D -       -     R     DFFHQNx1_ASAP7_75t_L         1    -     -     0     699    (-,-) 
#----------------------------------------------------------------------------------------------------------



Path 14: MET (343 ps) Setup Check with Pin wdata_hold_reg[1]/CLK->D
           View: tt
          Group: I2C
     Startpoint: (R) s_axi_wvalid
          Clock: (R) CLK
       Endpoint: (R) wdata_hold_reg[1]/D
          Clock: (R) CLK

                     Capture       Launch     
        Clock Edge:+    1000            0     
        Drv Adjust:+       0            0     
       Src Latency:+     100          150     
       Net Latency:+       0 (I)        0 (I) 
           Arrival:=    1100          150     
                                              
             Setup:-       8                  
       Uncertainty:-      50                  
     Required Time:=    1042                  
      Launch Clock:-     150                  
       Input Delay:-     250                  
         Data Path:-     299                  
             Slack:=     343                  

Exceptions/Constraints:
  input_delay             250             constraint.sdc_line_90_104_1   

#----------------------------------------------------------------------------------------------------------
#    Timing Point     Flags   Arc   Edge          Cell            Fanout Load Trans Delay Arrival Instance 
#                                                                        (fF)  (ps)  (ps)   (ps)  Location 
#----------------------------------------------------------------------------------------------------------
  s_axi_wvalid        -       -     R     (arrival)                    1  0.5    40     0     400    (-,-) 
  g11804__5107/Y      -       B->Y  F     NAND2xp5_ASAP7_75t_L         2  1.0    26    14     414    (-,-) 
  g11740__7482/Y      -       B->Y  R     NOR2xp33_ASAP7_75t_L        16  8.4   180    88     503    (-,-) 
  drc_bufs12108/Y     -       A->Y  F     INVx1_ASAP7_75t_L           18 10.8   100    69     572    (-,-) 
  drc_bufs12106/Y     -       A->Y  R     INVx1_ASAP7_75t_L           13  6.6    71    51     623    (-,-) 
  g11714/Y            -       A->Y  F     INVx1_ASAP7_75t_L           20 12.0    81    54     677    (-,-) 
  g11516__8428/Y      -       A2->Y R     A2O1A1Ixp33_ASAP7_75t_L      1  0.6    29    22     699    (-,-) 
  wdata_hold_reg[1]/D -       -     R     DFFHQNx1_ASAP7_75t_L         1    -     -     0     699    (-,-) 
#----------------------------------------------------------------------------------------------------------



Path 15: MET (343 ps) Setup Check with Pin wdata_hold_reg[0]/CLK->D
           View: tt
          Group: I2C
     Startpoint: (R) s_axi_wvalid
          Clock: (R) CLK
       Endpoint: (R) wdata_hold_reg[0]/D
          Clock: (R) CLK

                     Capture       Launch     
        Clock Edge:+    1000            0     
        Drv Adjust:+       0            0     
       Src Latency:+     100          150     
       Net Latency:+       0 (I)        0 (I) 
           Arrival:=    1100          150     
                                              
             Setup:-       8                  
       Uncertainty:-      50                  
     Required Time:=    1042                  
      Launch Clock:-     150                  
       Input Delay:-     250                  
         Data Path:-     299                  
             Slack:=     343                  

Exceptions/Constraints:
  input_delay             250             constraint.sdc_line_90_104_1   

#----------------------------------------------------------------------------------------------------------
#    Timing Point     Flags   Arc   Edge          Cell            Fanout Load Trans Delay Arrival Instance 
#                                                                        (fF)  (ps)  (ps)   (ps)  Location 
#----------------------------------------------------------------------------------------------------------
  s_axi_wvalid        -       -     R     (arrival)                    1  0.5    40     0     400    (-,-) 
  g11804__5107/Y      -       B->Y  F     NAND2xp5_ASAP7_75t_L         2  1.0    26    14     414    (-,-) 
  g11740__7482/Y      -       B->Y  R     NOR2xp33_ASAP7_75t_L        16  8.4   180    88     503    (-,-) 
  drc_bufs12108/Y     -       A->Y  F     INVx1_ASAP7_75t_L           18 10.8   100    69     572    (-,-) 
  drc_bufs12106/Y     -       A->Y  R     INVx1_ASAP7_75t_L           13  6.6    71    51     623    (-,-) 
  g11714/Y            -       A->Y  F     INVx1_ASAP7_75t_L           20 12.0    81    54     677    (-,-) 
  g11515__4319/Y      -       A2->Y R     A2O1A1Ixp33_ASAP7_75t_L      1  0.6    29    22     699    (-,-) 
  wdata_hold_reg[0]/D -       -     R     DFFHQNx1_ASAP7_75t_L         1    -     -     0     699    (-,-) 
#----------------------------------------------------------------------------------------------------------



Path 16: MET (343 ps) Setup Check with Pin w_finish_hold_reg/CLK->D
           View: tt
          Group: I2C
     Startpoint: (R) s_axi_wvalid
          Clock: (R) CLK
       Endpoint: (R) w_finish_hold_reg/D
          Clock: (R) CLK

                     Capture       Launch     
        Clock Edge:+    1000            0     
        Drv Adjust:+       0            0     
       Src Latency:+     100          150     
       Net Latency:+       0 (I)        0 (I) 
           Arrival:=    1100          150     
                                              
             Setup:-       8                  
       Uncertainty:-      50                  
     Required Time:=    1042                  
      Launch Clock:-     150                  
       Input Delay:-     250                  
         Data Path:-     299                  
             Slack:=     343                  

Exceptions/Constraints:
  input_delay             250             constraint.sdc_line_90_104_1   

#----------------------------------------------------------------------------------------------------------
#    Timing Point     Flags   Arc   Edge          Cell            Fanout Load Trans Delay Arrival Instance 
#                                                                        (fF)  (ps)  (ps)   (ps)  Location 
#----------------------------------------------------------------------------------------------------------
  s_axi_wvalid        -       -     R     (arrival)                    1  0.5    40     0     400    (-,-) 
  g11804__5107/Y      -       B->Y  F     NAND2xp5_ASAP7_75t_L         2  1.0    26    14     414    (-,-) 
  g11740__7482/Y      -       B->Y  R     NOR2xp33_ASAP7_75t_L        16  8.4   180    88     503    (-,-) 
  drc_bufs12108/Y     -       A->Y  F     INVx1_ASAP7_75t_L           18 10.8   100    69     572    (-,-) 
  drc_bufs12106/Y     -       A->Y  R     INVx1_ASAP7_75t_L           13  6.6    71    51     623    (-,-) 
  g11714/Y            -       A->Y  F     INVx1_ASAP7_75t_L           20 12.0    81    54     677    (-,-) 
  g11346__6131/Y      -       A2->Y R     A2O1A1Ixp33_ASAP7_75t_L      1  0.6    29    22     699    (-,-) 
  w_finish_hold_reg/D -       -     R     DFFHQNx1_ASAP7_75t_L         1    -     -     0     699    (-,-) 
#----------------------------------------------------------------------------------------------------------



Path 17: MET (344 ps) Setup Check with Pin wdata_hold_reg[24]/CLK->D
           View: tt
          Group: I2C
     Startpoint: (R) s_axi_wvalid
          Clock: (R) CLK
       Endpoint: (R) wdata_hold_reg[24]/D
          Clock: (R) CLK

                     Capture       Launch     
        Clock Edge:+    1000            0     
        Drv Adjust:+       0            0     
       Src Latency:+     100          150     
       Net Latency:+       0 (I)        0 (I) 
           Arrival:=    1100          150     
                                              
             Setup:-       7                  
       Uncertainty:-      50                  
     Required Time:=    1043                  
      Launch Clock:-     150                  
       Input Delay:-     250                  
         Data Path:-     299                  
             Slack:=     344                  

Exceptions/Constraints:
  input_delay             250             constraint.sdc_line_90_104_1   

#-----------------------------------------------------------------------------------------------------------
#    Timing Point      Flags   Arc   Edge          Cell            Fanout Load Trans Delay Arrival Instance 
#                                                                         (fF)  (ps)  (ps)   (ps)  Location 
#-----------------------------------------------------------------------------------------------------------
  s_axi_wvalid         -       -     R     (arrival)                    1  0.5    40     0     400    (-,-) 
  g11804__5107/Y       -       B->Y  F     NAND2xp5_ASAP7_75t_L         2  1.0    26    14     414    (-,-) 
  g11740__7482/Y       -       B->Y  R     NOR2xp33_ASAP7_75t_L        16  8.4   180    88     503    (-,-) 
  drc_bufs12108/Y      -       A->Y  F     INVx1_ASAP7_75t_L           18 10.8   100    69     572    (-,-) 
  drc_bufs12106/Y      -       A->Y  R     INVx1_ASAP7_75t_L           13  6.6    71    51     623    (-,-) 
  g11714/Y             -       A->Y  F     INVx1_ASAP7_75t_L           20 12.0    81    54     677    (-,-) 
  g11539__5477/Y       -       A2->Y R     A2O1A1Ixp33_ASAP7_75t_L      1  0.6    34    22     699    (-,-) 
  wdata_hold_reg[24]/D -       -     R     DFFHQNx1_ASAP7_75t_L         1    -     -     0     699    (-,-) 
#-----------------------------------------------------------------------------------------------------------



Path 18: MET (344 ps) Setup Check with Pin wdata_hold_reg[20]/CLK->D
           View: tt
          Group: I2C
     Startpoint: (R) s_axi_wvalid
          Clock: (R) CLK
       Endpoint: (R) wdata_hold_reg[20]/D
          Clock: (R) CLK

                     Capture       Launch     
        Clock Edge:+    1000            0     
        Drv Adjust:+       0            0     
       Src Latency:+     100          150     
       Net Latency:+       0 (I)        0 (I) 
           Arrival:=    1100          150     
                                              
             Setup:-       7                  
       Uncertainty:-      50                  
     Required Time:=    1043                  
      Launch Clock:-     150                  
       Input Delay:-     250                  
         Data Path:-     299                  
             Slack:=     344                  

Exceptions/Constraints:
  input_delay             250             constraint.sdc_line_90_104_1   

#-----------------------------------------------------------------------------------------------------------
#    Timing Point      Flags   Arc   Edge          Cell            Fanout Load Trans Delay Arrival Instance 
#                                                                         (fF)  (ps)  (ps)   (ps)  Location 
#-----------------------------------------------------------------------------------------------------------
  s_axi_wvalid         -       -     R     (arrival)                    1  0.5    40     0     400    (-,-) 
  g11804__5107/Y       -       B->Y  F     NAND2xp5_ASAP7_75t_L         2  1.0    26    14     414    (-,-) 
  g11740__7482/Y       -       B->Y  R     NOR2xp33_ASAP7_75t_L        16  8.4   180    88     503    (-,-) 
  drc_bufs12108/Y      -       A->Y  F     INVx1_ASAP7_75t_L           18 10.8   100    69     572    (-,-) 
  drc_bufs12106/Y      -       A->Y  R     INVx1_ASAP7_75t_L           13  6.6    71    51     623    (-,-) 
  g11714/Y             -       A->Y  F     INVx1_ASAP7_75t_L           20 12.0    81    54     677    (-,-) 
  g11538__6417/Y       -       A2->Y R     A2O1A1Ixp33_ASAP7_75t_L      1  0.6    34    22     699    (-,-) 
  wdata_hold_reg[20]/D -       -     R     DFFHQNx1_ASAP7_75t_L         1    -     -     0     699    (-,-) 
#-----------------------------------------------------------------------------------------------------------



Path 19: MET (344 ps) Setup Check with Pin wdata_hold_reg[15]/CLK->D
           View: tt
          Group: I2C
     Startpoint: (R) s_axi_wvalid
          Clock: (R) CLK
       Endpoint: (R) wdata_hold_reg[15]/D
          Clock: (R) CLK

                     Capture       Launch     
        Clock Edge:+    1000            0     
        Drv Adjust:+       0            0     
       Src Latency:+     100          150     
       Net Latency:+       0 (I)        0 (I) 
           Arrival:=    1100          150     
                                              
             Setup:-       7                  
       Uncertainty:-      50                  
     Required Time:=    1043                  
      Launch Clock:-     150                  
       Input Delay:-     250                  
         Data Path:-     299                  
             Slack:=     344                  

Exceptions/Constraints:
  input_delay             250             constraint.sdc_line_90_104_1   

#-----------------------------------------------------------------------------------------------------------
#    Timing Point      Flags   Arc   Edge          Cell            Fanout Load Trans Delay Arrival Instance 
#                                                                         (fF)  (ps)  (ps)   (ps)  Location 
#-----------------------------------------------------------------------------------------------------------
  s_axi_wvalid         -       -     R     (arrival)                    1  0.5    40     0     400    (-,-) 
  g11804__5107/Y       -       B->Y  F     NAND2xp5_ASAP7_75t_L         2  1.0    26    14     414    (-,-) 
  g11740__7482/Y       -       B->Y  R     NOR2xp33_ASAP7_75t_L        16  8.4   180    88     503    (-,-) 
  drc_bufs12108/Y      -       A->Y  F     INVx1_ASAP7_75t_L           18 10.8   100    69     572    (-,-) 
  drc_bufs12106/Y      -       A->Y  R     INVx1_ASAP7_75t_L           13  6.6    71    51     623    (-,-) 
  g11714/Y             -       A->Y  F     INVx1_ASAP7_75t_L           20 12.0    81    54     677    (-,-) 
  g11529__7482/Y       -       A2->Y R     A2O1A1Ixp33_ASAP7_75t_L      1  0.6    34    22     699    (-,-) 
  wdata_hold_reg[15]/D -       -     R     DFFHQNx1_ASAP7_75t_L         1    -     -     0     699    (-,-) 
#-----------------------------------------------------------------------------------------------------------



Path 20: MET (344 ps) Setup Check with Pin wdata_hold_reg[11]/CLK->D
           View: tt
          Group: I2C
     Startpoint: (R) s_axi_wvalid
          Clock: (R) CLK
       Endpoint: (R) wdata_hold_reg[11]/D
          Clock: (R) CLK

                     Capture       Launch     
        Clock Edge:+    1000            0     
        Drv Adjust:+       0            0     
       Src Latency:+     100          150     
       Net Latency:+       0 (I)        0 (I) 
           Arrival:=    1100          150     
                                              
             Setup:-       7                  
       Uncertainty:-      50                  
     Required Time:=    1043                  
      Launch Clock:-     150                  
       Input Delay:-     250                  
         Data Path:-     299                  
             Slack:=     344                  

Exceptions/Constraints:
  input_delay             250             constraint.sdc_line_90_104_1   

#-----------------------------------------------------------------------------------------------------------
#    Timing Point      Flags   Arc   Edge          Cell            Fanout Load Trans Delay Arrival Instance 
#                                                                         (fF)  (ps)  (ps)   (ps)  Location 
#-----------------------------------------------------------------------------------------------------------
  s_axi_wvalid         -       -     R     (arrival)                    1  0.5    40     0     400    (-,-) 
  g11804__5107/Y       -       B->Y  F     NAND2xp5_ASAP7_75t_L         2  1.0    26    14     414    (-,-) 
  g11740__7482/Y       -       B->Y  R     NOR2xp33_ASAP7_75t_L        16  8.4   180    88     503    (-,-) 
  drc_bufs12108/Y      -       A->Y  F     INVx1_ASAP7_75t_L           18 10.8   100    69     572    (-,-) 
  drc_bufs12106/Y      -       A->Y  R     INVx1_ASAP7_75t_L           13  6.6    71    51     623    (-,-) 
  g11714/Y             -       A->Y  F     INVx1_ASAP7_75t_L           20 12.0    81    54     677    (-,-) 
  g11514__6260/Y       -       A2->Y R     A2O1A1Ixp33_ASAP7_75t_L      1  0.6    34    22     699    (-,-) 
  wdata_hold_reg[11]/D -       -     R     DFFHQNx1_ASAP7_75t_L         1    -     -     0     699    (-,-) 
#-----------------------------------------------------------------------------------------------------------


