 ----------------------------------------------------------------------------------------------------------------------------------------------------------------------------------------------------------------------------------- 
| Snapshot                | WNS                  | TNS                  | Density (%) | Power estimated                                            | Hotspot                   | Resource               | DRVs       | Layer-OPT    |
|                         | HEPG (ns) | ALL (ns) | HEPG (ns) | ALL (ns) |             | Total (mW) | Leakage (mW) | Switching (mW) | Internal (mW) | Max (bins) | Total (bins) | Real (s) | Memory (MB) | Tran | Cap | M4 | M6 | M8 |
|-------------------------+-----------+----------+-----------+----------+-------------+------------+--------------+----------------+---------------+------------+--------------+----------+-------------+------+-----+----+----+----|
| initial_summary         |           |   -0.461 |           |       -6 |        0.36 |            |              |                |               |            |              | 0:00:01  |       10010 |    8 |   0 |    |    |    |
| route_type_refinement   |           |          |           |          |             |            |              |                |               |            |              | 0:00:00  |       10010 |      |     | 52 |  5 | 17 |
| simplify_netlist        |           |          |           |          |             |       0.46 |         0.00 |           0.23 |          0.24 |            |              | 0:00:02  |       10010 |      |     |    |    |    |
| excluded_clk_net_fixing |           |          |           |          |             |            |              |                |               |            |              | 0:00:00  |       10010 |      |     |    |    |    |
| drv_fixing              |     0.000 |   -0.139 |         0 |       -1 |        0.37 |       0.47 |         0.00 |           0.23 |          0.24 |            |              | 0:00:03  |       10130 |    0 |   0 | 58 |  5 | 17 |
| global_opt              |           |    0.001 |           |        0 |        0.37 |       0.47 |         0.00 |           0.23 |          0.24 |            |              | 0:00:03  |       10138 |      |     | 86 |  5 | 17 |
| area_reclaiming         |     0.000 |    0.001 |         0 |        0 |        0.37 |       0.46 |         0.00 |           0.23 |          0.24 |            |              | 0:00:02  |       10130 |      |     | 56 |  4 | 17 |
| wns_fixing              |     0.000 |    0.006 |         0 |        0 |        0.37 |       0.46 |         0.00 |           0.23 |          0.24 |            |              | 0:00:03  |       10348 |      |     | 59 |  4 | 17 |
| area_reclaiming_2       |     0.000 |    0.001 |         0 |        0 |        0.37 |       0.46 |         0.00 |           0.23 |          0.24 |            |              | 0:00:02  |       10154 |      |     | 69 |  4 | 16 |
| area_reclaiming_3       |     0.000 |    0.000 |         0 |        0 |        0.36 |       0.46 |         0.00 |           0.23 |          0.24 |            |              | 0:00:01  |       10154 |      |     | 58 |  4 | 16 |
| power_reclaiming        |     0.000 |   -0.021 |         0 |       -0 |        0.36 |       0.46 |         0.00 |           0.23 |          0.24 |            |              | 0:00:01  |       10714 |      |     | 58 |  4 | 16 |
| local_wire_reclaim      |           |          |           |          |             |            |              |                |               |            |              | 0:00:04  |       10514 |      |     |    |    |    |
| global_route            |           |          |           |          |             |            |              |                |               |       0.17 |         0.17 | 0:00:01  |       10417 |      |     |    |    |    |
| route_type_refinement_2 |           |          |           |          |             |            |              |                |               |            |              | 0:00:00  |       10417 |      |     | 58 |  4 | 16 |
| drv_eco_fixing          |     0.000 |   -0.015 |         0 |       -0 |        0.37 |       0.46 |         0.00 |           0.23 |          0.24 |            |              | 0:00:01  |       10442 |    0 |   0 | 60 |  4 | 16 |
| wns_eco_fixing          |     0.000 |    0.000 |         0 |        0 |        0.37 |       0.46 |         0.00 |           0.23 |          0.24 |            |              | 0:00:04  |       10654 |      |     | 64 |  4 | 16 |
| power_reclaiming_2      |     0.000 |    0.000 |         0 |        0 |        0.37 |       0.46 |         0.00 |           0.23 |          0.24 |            |              | 0:00:02  |       11230 |      |     | 64 |  4 | 16 |
| final_summary           |     0.000 |    0.000 |           |        0 |        0.37 |            |              |                |               |       0.17 |         0.17 | 0:00:02  |       11140 |    0 |   0 |    |    |    |
 ----------------------------------------------------------------------------------------------------------------------------------------------------------------------------------------------------------------------------------- 
