 -------------------------------------------------------------------------------------------------------------------------------------------------------------------------------------------------------------------------------- 
| Snapshot                | WNS                  | TNS                  | Density (%) | Power estimated                                            | Hotspot                   | Resource               | DRVs       | Layer-OPT |
|                         | HEPG (ns) | ALL (ns) | HEPG (ns) | ALL (ns) |             | Total (mW) | Leakage (mW) | Switching (mW) | Internal (mW) | Max (bins) | Total (bins) | Real (s) | Memory (MB) | Tran | Cap | M4        |
|-------------------------+-----------+----------+-----------+----------+-------------+------------+--------------+----------------+---------------+------------+--------------+----------+-------------+------+-----+-----------|
| initial_summary         |     6.072 |    3.692 |           |        0 |       52.74 |            |              |                |               |            |              | 0:00:05  |        8384 |    0 |   0 |           |
| route_type_refinement   |           |          |           |          |             |            |              |                |               |            |              | 0:00:00  |        8384 |      |     |           |
| simplify_netlist        |           |          |           |          |             |       1.02 |         0.00 |           0.24 |          0.78 |            |              | 0:00:02  |        8384 |      |     |           |
| excluded_clk_net_fixing |           |          |           |          |             |            |              |                |               |            |              | 0:00:01  |        8384 |      |     |           |
| global_opt              |           |    3.692 |           |        0 |       52.74 |       1.02 |         0.00 |           0.24 |          0.78 |            |              | 0:00:02  |        8384 |      |     |           |
| area_reclaiming         |     6.072 |    3.692 |         0 |        0 |       52.73 |       1.02 |         0.00 |           0.24 |          0.78 |            |              | 0:00:04  |        8384 |      |     |           |
| wns_fixing              |     6.072 |    3.692 |         0 |        0 |       52.73 |       1.02 |         0.00 |           0.24 |          0.78 |            |              | 0:00:03  |        8512 |      |     |           |
| area_reclaiming_2       |     6.072 |    3.684 |         0 |        0 |       52.72 |       1.02 |         0.00 |           0.24 |          0.78 |            |              | 0:00:12  |        8578 |      |     |         2 |
| area_reclaiming_3       |     6.072 |    3.692 |         0 |        0 |       52.72 |       1.02 |         0.00 |           0.24 |          0.78 |            |              | 0:00:05  |        8578 |      |     |           |
| power_reclaiming        |     6.072 |    3.692 |         0 |        0 |       52.72 |       1.02 |         0.00 |           0.24 |          0.78 |            |              | 0:00:02  |        8971 |      |     |           |
| local_wire_reclaim      |           |          |           |          |             |            |              |                |               |            |              | 0:00:12  |        8843 |      |     |           |
| global_route            |           |          |           |          |             |            |              |                |               |       0.00 |         0.00 | 0:00:02  |        8770 |      |     |           |
| route_type_refinement_2 |           |          |           |          |             |            |              |                |               |            |              | 0:00:00  |        8770 |      |     |           |
| drv_eco_fixing          |     6.079 |    3.692 |         0 |        0 |       52.74 |       1.02 |         0.00 |           0.24 |          0.78 |            |              | 0:00:02  |        8798 |    0 |   0 |         1 |
| power_reclaiming_2      |     6.079 |    3.692 |         0 |        0 |       52.74 |       1.02 |         0.00 |           0.24 |          0.78 |            |              | 0:00:08  |        9321 |      |     |         1 |
| initial_summary_2       |     6.079 |    3.692 |           |        0 |       52.74 |            |              |                |               |            |              | 0:00:12  |        9199 |    0 |   0 |           |
| hold_fixing             |     6.079 |    3.692 |         0 |        0 |       60.45 |       1.08 |         0.00 |           0.26 |          0.82 |            |              | 0:00:51  |        9320 |      |     |         1 |
| global_route_2          |           |          |           |          |             |            |              |                |               |            |              | 0:00:00  |        9320 |      |     |           |
| final_summary           |     6.079 |    3.692 |           |        0 |       60.45 |            |              |                |               |       4.98 |         6.82 | 0:00:14  |        9264 |    0 |   0 |           |
 -------------------------------------------------------------------------------------------------------------------------------------------------------------------------------------------------------------------------------- 
