 -------------------------------------------------------------------------------------------------------------------------------------------------------------------------------------------------------------------------------- 
| Snapshot                | WNS                  | TNS                  | Density (%) | Power estimated                                            | Hotspot                   | Resource               | DRVs       | Layer-OPT |
|                         | HEPG (ns) | ALL (ns) | HEPG (ns) | ALL (ns) |             | Total (mW) | Leakage (mW) | Switching (mW) | Internal (mW) | Max (bins) | Total (bins) | Real (s) | Memory (MB) | Tran | Cap | M4        |
|-------------------------+-----------+----------+-----------+----------+-------------+------------+--------------+----------------+---------------+------------+--------------+----------+-------------+------+-----+-----------|
| initial_summary         |     6.062 |    3.708 |           |        0 |       52.77 |            |              |                |               |            |              | 0:00:04  |        7874 |    0 |   0 |           |
| route_type_refinement   |           |          |           |          |             |            |              |                |               |            |              | 0:00:01  |        7874 |      |     |         2 |
| simplify_netlist        |           |          |           |          |             |       1.03 |         0.00 |           0.24 |          0.78 |            |              | 0:00:02  |        7874 |      |     |           |
| excluded_clk_net_fixing |           |          |           |          |             |            |              |                |               |            |              | 0:00:00  |        7874 |      |     |           |
| global_opt              |           |    3.708 |           |        0 |       52.77 |       1.03 |         0.00 |           0.24 |          0.78 |            |              | 0:00:03  |        7874 |      |     |         2 |
| area_reclaiming         |     6.062 |    3.695 |         0 |        0 |       52.75 |       1.03 |         0.00 |           0.24 |          0.78 |            |              | 0:00:04  |        7874 |      |     |           |
| wns_fixing              |     6.062 |    3.695 |         0 |        0 |       52.75 |       1.03 |         0.00 |           0.24 |          0.78 |            |              | 0:00:03  |        8002 |      |     |           |
| area_reclaiming_2       |     6.063 |    3.680 |         0 |        0 |       52.74 |       1.03 |         0.00 |           0.24 |          0.78 |            |              | 0:00:13  |        7962 |      |     |         2 |
| area_reclaiming_3       |     6.063 |    3.688 |         0 |        0 |       52.73 |       1.03 |         0.00 |           0.24 |          0.78 |            |              | 0:00:04  |        7962 |      |     |           |
| power_reclaiming        |     6.063 |    3.688 |         0 |        0 |       52.73 |       1.03 |         0.00 |           0.24 |          0.78 |            |              | 0:00:01  |        8260 |      |     |           |
| local_wire_reclaim      |           |          |           |          |             |            |              |                |               |            |              | 0:00:13  |        8132 |      |     |           |
| global_route            |           |          |           |          |             |            |              |                |               |       0.00 |         0.00 | 0:00:02  |        8059 |      |     |           |
| route_type_refinement_2 |           |          |           |          |             |            |              |                |               |            |              | 0:00:00  |        8059 |      |     |           |
| drv_eco_fixing          |     6.072 |    3.692 |         0 |        0 |       52.75 |       1.02 |         0.00 |           0.24 |          0.78 |            |              | 0:00:02  |        8145 |    0 |   0 |           |
| power_reclaiming_2      |     6.072 |    3.692 |         0 |        0 |       52.74 |       1.02 |         0.00 |           0.24 |          0.78 |            |              | 0:00:09  |        8522 |      |     |           |
| final_summary           |     6.072 |    3.692 |           |        0 |       52.74 |            |              |                |               |       4.98 |         7.08 | 0:00:05  |        8464 |    0 |   0 |           |
 -------------------------------------------------------------------------------------------------------------------------------------------------------------------------------------------------------------------------------- 
