###############################################################
#  Generated by:      Cadence Innovus 23.14-s088_1
#  OS:                Linux x86_64(Host ID user1-EliteMini)
#  Generated on:      Fri Sep 18 21:16:43 2026
#  Design:            top_soc
#  Command:           report_analysis_views > ./reports/analysis_views.rpt
###############################################################




Multi-Mode Analysis View Report
_______________________________

+ ALL Views
   |
   + Analysis View:  view_ss
     |
     + Delay Calc Corner: dc_ss
     |   |
     |   + library_set: libset_ss
     |   |    |
     |   |    + timing: /home/user1/Desktop/asap7/asap7sc7p5t_28/LIB/CCS/asap7sc7p5t_SIMPLE_RVT_SS_ccs_211120.lib
                             /home/user1/Desktop/asap7/asap7sc7p5t_28/LIB/CCS/asap7sc7p5t_INVBUF_RVT_SS_ccs_220122.lib
                             /home/user1/Desktop/asap7/asap7sc7p5t_28/LIB/CCS/asap7sc7p5t_AO_RVT_SS_ccs_211120.lib
                             /home/user1/Desktop/asap7/asap7sc7p5t_28/LIB/CCS/asap7sc7p5t_OA_RVT_SS_ccs_211120.lib
                             /home/user1/Desktop/asap7/asap7sc7p5t_28/LIB/CCS/asap7sc7p5t_SEQ_RVT_SS_ccs_220123.lib
                             /home/user1/Desktop/asap7/asap7sc7p5t_28/LIB/CCS/asap7sc7p5t_SIMPLE_LVT_SS_ccs_211120.lib
                             /home/user1/Desktop/asap7/asap7sc7p5t_28/LIB/CCS/asap7sc7p5t_INVBUF_LVT_SS_ccs_220122.lib
                             /home/user1/Desktop/asap7/asap7sc7p5t_28/LIB/CCS/asap7sc7p5t_AO_LVT_SS_ccs_211120.lib
                             /home/user1/Desktop/asap7/asap7sc7p5t_28/LIB/CCS/asap7sc7p5t_OA_LVT_SS_ccs_211120.lib
                             /home/user1/Desktop/asap7/asap7sc7p5t_28/LIB/CCS/asap7sc7p5t_SEQ_LVT_SS_ccs_220123.lib
                             /home/user1/Desktop/asap7/asap7_sram_0p0/generated/LIB/srambank_256x4x32_6t122.lib
                             /home/user1/Desktop/asap7/asap7_sram_0p0/generated/LIB/srambank_128x4x20_6t122.lib
     |   |
     |   |
     |   |
     |   + rc_corner: rc_ss
     |   |    |
     |   |    + T: 100
     |   |    |
     |   |    + preRoute_res: 1
     |   |    |
     |   |    + postRoute_res: 1 1 1
     |   |    |
     |   |    + preRoute_cap: 1
     |   |    |
     |   |    + postRoute_cap: 1 1 1
     |   |    |
     |   |    + postRoute_xcap: 1 1 1
     |   |    |
     |   |    + preRoute_clkcap: 0
     |   |    |
     |   |    + postRoute_clkcap: 0 0 0
     |   |    |
     |   |    + preRoute_clkres: 0
     |   |    |
     |   |    + postRoute_clkres: 0 0 0
     |   |    |
     |   |    + qx_tech_file: /home/user1/Desktop/asap7/asap7sc7p5t_28/qrc/qrcTechFile_typ03_scaled4xV06
     |   |
     |   + si_enabled: true
     |
     + Constraint Mode: mode_func
     |   |
     |   + SDC Constraint Files: /home/user1/Desktop/Script_Backend/Asap7/run_workspace/mcu/innovus/outputs/top_soc_syn.innovus.sdc
   |
   + Analysis View:  view_tt
     |
     + Delay Calc Corner: dc_tt
     |   |
     |   + library_set: libset_tt
     |   |    |
     |   |    + timing: /home/user1/Desktop/asap7/asap7sc7p5t_28/LIB/CCS/asap7sc7p5t_SIMPLE_RVT_TT_ccs_211120.lib
                             /home/user1/Desktop/asap7/asap7sc7p5t_28/LIB/CCS/asap7sc7p5t_INVBUF_RVT_TT_ccs_220122.lib
                             /home/user1/Desktop/asap7/asap7sc7p5t_28/LIB/CCS/asap7sc7p5t_AO_RVT_TT_ccs_211120.lib
                             /home/user1/Desktop/asap7/asap7sc7p5t_28/LIB/CCS/asap7sc7p5t_OA_RVT_TT_ccs_211120.lib
                             /home/user1/Desktop/asap7/asap7sc7p5t_28/LIB/CCS/asap7sc7p5t_SEQ_RVT_TT_ccs_220123.lib
                             /home/user1/Desktop/asap7/asap7sc7p5t_28/LIB/CCS/asap7sc7p5t_SIMPLE_LVT_TT_ccs_211120.lib
                             /home/user1/Desktop/asap7/asap7sc7p5t_28/LIB/CCS/asap7sc7p5t_INVBUF_LVT_TT_ccs_220122.lib
                             /home/user1/Desktop/asap7/asap7sc7p5t_28/LIB/CCS/asap7sc7p5t_AO_LVT_TT_ccs_211120.lib
                             /home/user1/Desktop/asap7/asap7sc7p5t_28/LIB/CCS/asap7sc7p5t_OA_LVT_TT_ccs_211120.lib
                             /home/user1/Desktop/asap7/asap7sc7p5t_28/LIB/CCS/asap7sc7p5t_SEQ_LVT_TT_ccs_220123.lib
                             /home/user1/Desktop/asap7/asap7_sram_0p0/generated/LIB/srambank_256x4x32_6t122.lib
                             /home/user1/Desktop/asap7/asap7_sram_0p0/generated/LIB/srambank_128x4x20_6t122.lib
     |   |
     |   + opcond_library: opcond_tt_0p7v_25c
     |   |
     |   |
     |   |
     |   + rc_corner: rc_typ
     |   |    |
     |   |    + T: 25
     |   |    |
     |   |    + preRoute_res: 1
     |   |    |
     |   |    + postRoute_res: 1 1 1
     |   |    |
     |   |    + preRoute_cap: 1
     |   |    |
     |   |    + postRoute_cap: 1 1 1
     |   |    |
     |   |    + postRoute_xcap: 1 1 1
     |   |    |
     |   |    + preRoute_clkcap: 0
     |   |    |
     |   |    + postRoute_clkcap: 0 0 0
     |   |    |
     |   |    + preRoute_clkres: 0
     |   |    |
     |   |    + postRoute_clkres: 0 0 0
     |   |    |
     |   |    + qx_tech_file: /home/user1/Desktop/asap7/asap7sc7p5t_28/qrc/qrcTechFile_typ03_scaled4xV06
     |   |
     |   + si_enabled: true
     |
     + Constraint Mode: mode_func
     |   |
     |   + SDC Constraint Files: /home/user1/Desktop/Script_Backend/Asap7/run_workspace/mcu/innovus/outputs/top_soc_syn.innovus.sdc
   |
   + Analysis View:  view_ff
     |
     + Delay Calc Corner: dc_ff
     |   |
     |   + library_set: libset_ff
     |   |    |
     |   |    + timing: /home/user1/Desktop/asap7/asap7sc7p5t_28/LIB/CCS/asap7sc7p5t_SIMPLE_RVT_FF_ccs_211120.lib
                             /home/user1/Desktop/asap7/asap7sc7p5t_28/LIB/CCS/asap7sc7p5t_INVBUF_RVT_FF_ccs_220122.lib
                             /home/user1/Desktop/asap7/asap7sc7p5t_28/LIB/CCS/asap7sc7p5t_AO_RVT_FF_ccs_211120.lib
                             /home/user1/Desktop/asap7/asap7sc7p5t_28/LIB/CCS/asap7sc7p5t_OA_RVT_FF_ccs_211120.lib
                             /home/user1/Desktop/asap7/asap7sc7p5t_28/LIB/CCS/asap7sc7p5t_SEQ_RVT_FF_ccs_220123.lib
                             /home/user1/Desktop/asap7/asap7sc7p5t_28/LIB/CCS/asap7sc7p5t_SIMPLE_LVT_FF_ccs_211120.lib
                             /home/user1/Desktop/asap7/asap7sc7p5t_28/LIB/CCS/asap7sc7p5t_INVBUF_LVT_FF_ccs_220122.lib
                             /home/user1/Desktop/asap7/asap7sc7p5t_28/LIB/CCS/asap7sc7p5t_AO_LVT_FF_ccs_211120.lib
                             /home/user1/Desktop/asap7/asap7sc7p5t_28/LIB/CCS/asap7sc7p5t_OA_LVT_FF_ccs_211120.lib
                             /home/user1/Desktop/asap7/asap7sc7p5t_28/LIB/CCS/asap7sc7p5t_SEQ_LVT_FF_ccs_220123.lib
                             /home/user1/Desktop/asap7/asap7_sram_0p0/generated/LIB/srambank_256x4x32_6t122.lib
                             /home/user1/Desktop/asap7/asap7_sram_0p0/generated/LIB/srambank_128x4x20_6t122.lib
     |   |
     |   |
     |   |
     |   + rc_corner: rc_ff
     |   |    |
     |   |    + T: 0
     |   |    |
     |   |    + preRoute_res: 1
     |   |    |
     |   |    + postRoute_res: 1 1 1
     |   |    |
     |   |    + preRoute_cap: 1
     |   |    |
     |   |    + postRoute_cap: 1 1 1
     |   |    |
     |   |    + postRoute_xcap: 1 1 1
     |   |    |
     |   |    + preRoute_clkcap: 0
     |   |    |
     |   |    + postRoute_clkcap: 0 0 0
     |   |    |
     |   |    + preRoute_clkres: 0
     |   |    |
     |   |    + postRoute_clkres: 0 0 0
     |   |    |
     |   |    + qx_tech_file: /home/user1/Desktop/asap7/asap7sc7p5t_28/qrc/qrcTechFile_typ03_scaled4xV06
     |   |
     |   + si_enabled: true
     |
     + Constraint Mode: mode_func
     |   |
     |   + SDC Constraint Files: /home/user1/Desktop/Script_Backend/Asap7/run_workspace/mcu/innovus/outputs/top_soc_syn.innovus.sdc
   |
