###############################################################
#  Generated by:      Cadence Innovus 23.14-s088_1
#  OS:                Linux x86_64(Host ID user1-EliteMini)
#  Generated on:      Mon Sep 21 03:45:36 2026
#  Design:            top_soc
#  Command:           report_clocks > ./reports/clocks_floorplan.rpt
###############################################################
     +-------------------------------------------------------------------------------------------------+ 
     |                                       Clock Descriptions                                        | 
     |-------------------------------------------------------------------------------------------------| 
     |               |                   |         |         |       |        |       Attributes       | 
     |---------------+-------------------+---------+---------+-------+--------+------------------------| 
     |  Clock Name   |      Source       |  View   |  Period |  Lead |  Trail | Generated | Propagated | 
     |---------------+-------------------+---------+---------+-------+--------+-----------+------------| 
     |   CLK_ASCON   |  cg_ascon/clk_out | view_tt |   4.000 | 0.000 |  2.000 |     y     |     y      | 
     |   CLK_ASCON   |  cg_ascon/clk_out | view_ss |   4.000 | 0.000 |  2.000 |     y     |     y      | 
     |  CLK_CORDIC   | cg_cordic/clk_out | view_tt |   4.000 | 0.000 |  2.000 |     y     |     y      | 
     |  CLK_CORDIC   | cg_cordic/clk_out | view_ss |   4.000 | 0.000 |  2.000 |     y     |     y      | 
     |    CLK_CPU    |  cg_cpu/clk_out   | view_tt |   4.000 | 0.000 |  2.000 |     y     |     y      | 
     |    CLK_CPU    |  cg_cpu/clk_out   | view_ss |   4.000 | 0.000 |  2.000 |     y     |     y      | 
     |    CLK_DBG    |  cg_dbg/clk_out   | view_ss |   4.000 | 0.000 |  2.000 |     y     |     y      | 
     |    CLK_DBG    |  cg_dbg/clk_out   | view_tt |   4.000 | 0.000 |  2.000 |     y     |     y      | 
     |   CLK_GPIO    |  cg_gpio/clk_out  | view_ss |   4.000 | 0.000 |  2.000 |     y     |     y      | 
     |   CLK_GPIO    |  cg_gpio/clk_out  | view_tt |   4.000 | 0.000 |  2.000 |     y     |     y      | 
     |    CLK_I2C    |  cg_i2c/clk_out   | view_ss |   4.000 | 0.000 |  2.000 |     y     |     y      | 
     |    CLK_I2C    |  cg_i2c/clk_out   | view_tt |   4.000 | 0.000 |  2.000 |     y     |     y      | 
     |    CLK_PWM    |  cg_pwm/clk_out   | view_tt |   4.000 | 0.000 |  2.000 |     y     |     y      | 
     |    CLK_PWM    |  cg_pwm/clk_out   | view_ss |   4.000 | 0.000 |  2.000 |     y     |     y      | 
     | CLK_SDRAM_OUT |     sdram_clk     | view_tt |   4.000 | 0.000 |  2.000 |     y     |     y      | 
     | CLK_SDRAM_OUT |     sdram_clk     | view_ss |   4.000 | 0.000 |  2.000 |     y     |     y      | 
     |    CLK_SPI    |  cg_spi/clk_out   | view_tt |   4.000 | 0.000 |  2.000 |     y     |     y      | 
     |    CLK_SPI    |  cg_spi/clk_out   | view_ss |   4.000 | 0.000 |  2.000 |     y     |     y      | 
     |    CLK_SYS    |        clk        | view_tt |   4.000 | 0.000 |  2.000 |     n     |     y      | 
     |    CLK_SYS    |        clk        | view_ss |   4.000 | 0.000 |  2.000 |     n     |     y      | 
     |    CLK_TCK    |        tck        | view_tt | 100.000 | 0.000 | 50.000 |     n     |     y      | 
     |    CLK_TCK    |        tck        | view_ss | 100.000 | 0.000 | 50.000 |     n     |     y      | 
     |   CLK_TIM0    |  cg_tim0/clk_out  | view_tt |   4.000 | 0.000 |  2.000 |     y     |     y      | 
     |   CLK_TIM0    |  cg_tim0/clk_out  | view_ss |   4.000 | 0.000 |  2.000 |     y     |     y      | 
     |   CLK_TIM1    |  cg_tim1/clk_out  | view_tt |   4.000 | 0.000 |  2.000 |     y     |     y      | 
     |   CLK_TIM1    |  cg_tim1/clk_out  | view_ss |   4.000 | 0.000 |  2.000 |     y     |     y      | 
     |   CLK_UART    |  cg_uart/clk_out  | view_tt |   4.000 | 0.000 |  2.000 |     y     |     y      | 
     |   CLK_UART    |  cg_uart/clk_out  | view_ss |   4.000 | 0.000 |  2.000 |     y     |     y      | 
     |   CLK_UART1   |  cg_uart1/clk_out | view_ss |   4.000 | 0.000 |  2.000 |     y     |     y      | 
     |   CLK_UART1   |  cg_uart1/clk_out | view_tt |   4.000 | 0.000 |  2.000 |     y     |     y      | 
     +-------------------------------------------------------------------------------------------------+ 
     +-------------------------------------------------------------------------------------------------------------------------------------------+ 
     |                                                       Generated-Clock Descriptions                                                        | 
     |-------------------------------------------------------------------------------------------------------------------------------------------| 
     |     Name      |     Generated     |   Master    | Master-clock |  View   | Source | Invert |   Freq.    | Duty-Cycle | Edges | Edge-Shift | 
     |               |    Source(pin)    | Source(pin) |              |         | Invert |        | Multiplier |            |       |            | 
     |---------------+-------------------+-------------+--------------+---------+--------+--------+------------+------------+-------+------------| 
     |   CLK_ASCON   |  cg_ascon/clk_out |     clk     |   CLK_SYS    | view_tt |   n    |   n    |    1/1     |     50     |   -   |     -      | 
     |   CLK_ASCON   |  cg_ascon/clk_out |     clk     |   CLK_SYS    | view_ss |   n    |   n    |    1/1     |     50     |   -   |     -      | 
     |  CLK_CORDIC   | cg_cordic/clk_out |     clk     |   CLK_SYS    | view_tt |   n    |   n    |    1/1     |     50     |   -   |     -      | 
     |  CLK_CORDIC   | cg_cordic/clk_out |     clk     |   CLK_SYS    | view_ss |   n    |   n    |    1/1     |     50     |   -   |     -      | 
     |    CLK_CPU    |  cg_cpu/clk_out   |     clk     |   CLK_SYS    | view_tt |   n    |   n    |    1/1     |     50     |   -   |     -      | 
     |    CLK_CPU    |  cg_cpu/clk_out   |     clk     |   CLK_SYS    | view_ss |   n    |   n    |    1/1     |     50     |   -   |     -      | 
     |    CLK_DBG    |  cg_dbg/clk_out   |     clk     |   CLK_SYS    | view_tt |   n    |   n    |    1/1     |     50     |   -   |     -      | 
     |    CLK_DBG    |  cg_dbg/clk_out   |     clk     |   CLK_SYS    | view_ss |   n    |   n    |    1/1     |     50     |   -   |     -      | 
     |   CLK_GPIO    |  cg_gpio/clk_out  |     clk     |   CLK_SYS    | view_ss |   n    |   n    |    1/1     |     50     |   -   |     -      | 
     |   CLK_GPIO    |  cg_gpio/clk_out  |     clk     |   CLK_SYS    | view_tt |   n    |   n    |    1/1     |     50     |   -   |     -      | 
     |    CLK_I2C    |  cg_i2c/clk_out   |     clk     |   CLK_SYS    | view_ss |   n    |   n    |    1/1     |     50     |   -   |     -      | 
     |    CLK_I2C    |  cg_i2c/clk_out   |     clk     |   CLK_SYS    | view_tt |   n    |   n    |    1/1     |     50     |   -   |     -      | 
     |    CLK_PWM    |  cg_pwm/clk_out   |     clk     |   CLK_SYS    | view_ss |   n    |   n    |    1/1     |     50     |   -   |     -      | 
     |    CLK_PWM    |  cg_pwm/clk_out   |     clk     |   CLK_SYS    | view_tt |   n    |   n    |    1/1     |     50     |   -   |     -      | 
     | CLK_SDRAM_OUT |     sdram_clk     |     clk     |   CLK_SYS    | view_ss |   n    |   y    |    1/1     |     50     |   -   |     -      | 
     | CLK_SDRAM_OUT |     sdram_clk     |     clk     |   CLK_SYS    | view_tt |   n    |   y    |    1/1     |     50     |   -   |     -      | 
     |    CLK_SPI    |  cg_spi/clk_out   |     clk     |   CLK_SYS    | view_tt |   n    |   n    |    1/1     |     50     |   -   |     -      | 
     |    CLK_SPI    |  cg_spi/clk_out   |     clk     |   CLK_SYS    | view_ss |   n    |   n    |    1/1     |     50     |   -   |     -      | 
     |   CLK_TIM0    |  cg_tim0/clk_out  |     clk     |   CLK_SYS    | view_tt |   n    |   n    |    1/1     |     50     |   -   |     -      | 
     |   CLK_TIM0    |  cg_tim0/clk_out  |     clk     |   CLK_SYS    | view_ss |   n    |   n    |    1/1     |     50     |   -   |     -      | 
     |   CLK_TIM1    |  cg_tim1/clk_out  |     clk     |   CLK_SYS    | view_ss |   n    |   n    |    1/1     |     50     |   -   |     -      | 
     |   CLK_TIM1    |  cg_tim1/clk_out  |     clk     |   CLK_SYS    | view_tt |   n    |   n    |    1/1     |     50     |   -   |     -      | 
     |   CLK_UART    |  cg_uart/clk_out  |     clk     |   CLK_SYS    | view_ss |   n    |   n    |    1/1     |     50     |   -   |     -      | 
     |   CLK_UART    |  cg_uart/clk_out  |     clk     |   CLK_SYS    | view_tt |   n    |   n    |    1/1     |     50     |   -   |     -      | 
     |   CLK_UART1   |  cg_uart1/clk_out |     clk     |   CLK_SYS    | view_ss |   n    |   n    |    1/1     |     50     |   -   |     -      | 
     |   CLK_UART1   |  cg_uart1/clk_out |     clk     |   CLK_SYS    | view_tt |   n    |   n    |    1/1     |     50     |   -   |     -      | 
     +-------------------------------------------------------------------------------------------------------------------------------------------+ 
