###############################################################
#  Generated by:      Cadence Innovus 23.14-s088_1
#  OS:                Linux x86_64(Host ID user1-EliteMini)
#  Generated on:      Wed Sep 30 14:40:30 2026
#  Design:            top_soc
#  Command:           report_ccopt_clock_trees -file ./reports/cts_clock_trees.rpt
###############################################################

Clock DAG stats:
================

---------------------------------------------------------
Cell type                 Count    Area       Capacitance
---------------------------------------------------------
Buffers                   1719     367.708       2.021
Inverters                    2       0.758       0.013
Integrated Clock Gates    1623     514.237       4.031
Discrete Clock Gates         0       0.000       0.000
Clock Logic                 12       1.196       0.013
All                       3356     883.898       6.079
---------------------------------------------------------

Clock DAG miscellaneous counts:
===============================

------------------------------
Type                     Count
------------------------------
Roots                     14
Preserved Ports           12
Multiple Clock Inputs     12
------------------------------


Clock DAG sink counts:
======================

-------------------------
Sink type           Count
-------------------------
Regular             34139
Enable Latch            0
Load Capacitance        0
Antenna Diode           0
Node Sink               0
Total               34139
-------------------------


Clock DAG wire lengths:
=======================

--------------------
Type     Wire Length
--------------------
Top           0.000
Trunk     14631.451
Leaf      44237.259
Total     58868.710
--------------------


Clock DAG hp wire lengths:
==========================

-----------------------
Type     hp Wire Length
-----------------------
Top            0.000
Trunk      13611.888
Leaf       26381.510
Total      39993.398
-----------------------


Clock DAG capacitances:
=======================

----------------------------------
Type     Gate      Wire     Total
----------------------------------
Top       0.000    0.000     0.000
Trunk     6.084    1.824     7.909
Leaf     15.526    6.574    22.101
Total    21.611    8.399    30.009
----------------------------------


Clock DAG sink capacitances:
============================

------------------------------------------------
Total     Average    Std. Dev.    Min      Max
------------------------------------------------
15.526     0.000       0.000      0.000    0.010
------------------------------------------------


Clock DAG net violations:
=========================

------------------------------------------------------------------------------------------------------------------------------------------------------
Type                    Units    Count    Average    Std. Dev.    Sum      Top 10 violations
------------------------------------------------------------------------------------------------------------------------------------------------------
Remaining Transition    ns        77       0.001       0.002      0.078    [0.014, 0.005, 0.003, 0.002, 0.002, 0.002, 0.002, 0.002, 0.001, 0.001, ...]
------------------------------------------------------------------------------------------------------------------------------------------------------


Clock DAG primary half-corner transition distribution:
======================================================

-----------------------------------------------------------------------------------------------------------------------------------------------------------------------------------------------------------------------------------
Net Type    Target    Count    Average    Std. Dev.    Min      Max      Distribution                                                                        Over Target
-----------------------------------------------------------------------------------------------------------------------------------------------------------------------------------------------------------------------------------
Trunk       0.040     1225      0.030       0.007      0.000    0.054    {217 <= 0.024ns, 433 <= 0.032ns, 286 <= 0.036ns, 165 <= 0.038ns, 120 <= 0.040ns}    {3 <= 0.042ns, 0 <= 0.044ns, 0 <= 0.048ns, 1 <= 0.060ns, 0 > 0.060ns}
Leaf        0.035     2157      0.031       0.004      0.008    0.040    {44 <= 0.021ns, 373 <= 0.028ns, 732 <= 0.032ns, 480 <= 0.033ns, 455 <= 0.035ns}     {69 <= 0.037ns, 3 <= 0.039ns, 1 <= 0.042ns, 0 <= 0.052ns, 0 > 0.052ns}
-----------------------------------------------------------------------------------------------------------------------------------------------------------------------------------------------------------------------------------


Clock DAG library cell distribution:
====================================

---------------------------------------------------------
Name                      Type        Inst     Inst Area 
                                      Count    (um^2)
---------------------------------------------------------
BUFx24_ASAP7_75t_R        buffer       145       63.423
BUFx16f_ASAP7_75t_R       buffer       177       56.775
BUFx12f_ASAP7_75t_R       buffer       144       37.791
BUFx12_ASAP7_75t_R        buffer        47       10.964
BUFx10_ASAP7_75t_R        buffer       190       38.783
BUFx8_ASAP7_75t_R         buffer       772      135.069
BUFx4_ASAP7_75t_R         buffer       244       24.903
CKINVDCx16_ASAP7_75t_R    inverter       1        0.437
CKINVDCx8_ASAP7_75t_R     inverter       1        0.321
ICGx8DC_ASAP7_75t_L       icg          167      116.873
ICGx5_ASAP7_75t_L         icg           48       15.396
ICGx4_ASAP7_75t_L         icg           63       19.289
ICGx3_ASAP7_75t_L         icg           82       23.911
ICGx2_ASAP7_75t_L         icg          501      138.787
ICGx1_ASAP7_75t_L         icg          288       75.583
ICGx1_ASAP7_75t_R         icg          474      124.397
AND2x6_ASAP7_75t_L        logic          1        0.175
AND2x4_ASAP7_75t_L        logic          1        0.146
AND2x2_ASAP7_75t_L        logic          4        0.350
AND2x2_ASAP7_75t_R        logic          6        0.525
---------------------------------------------------------



Please note that the following tables reflect only the defined clock trees, so the flop counts might not include all flops in your design.

Clock Tree Summary:
===================

---------------------------------------------------------------------------------------------------------------------------------------------------------
Clock Tree                           Clock  Bufs  Invs  Other  Max       Max     Max      Max          Standard   Wire   Gate    Clock Tree Root
Name                                 Gates              Clock  Non-leaf  Leaf    Length   Source-sink  cell area  cap    cap     
                                                        Cells  Fanout    Fanout  (um)     Resistance   (um^2)     (pF)   (pF)    
                                                                                          (Ohms)                                 
---------------------------------------------------------------------------------------------------------------------------------------------------------
CLK_SYS                              1617   1712   1     12       12       52    147.509   18561.5      878.722   8.325  21.509  clk
CLK_SYS_generator_for_CLK_ASCON<1>     24     60   0      1        7       44     35.37     7814.08      21.097   0.339   0.687  cg_ascon/en_latch_reg/Q
CLK_SYS_generator_for_CLK_CORDIC<1>     8     17   0      1        4       49     23.634    5663.7        6.736   0.078   0.201  cg_cordic/en_latch_reg/Q
CLK_SYS_generator_for_CLK_CPU<1>      124    360   0      1        8       52     99.948   13800.7      134.748   2.056   4.409  cg_cpu/en_latch_reg/Q
CLK_SYS_generator_for_CLK_DBG<1>       17     15   0      1        4       48     21.696    5224.9       11.606   0.080   0.285  cg_dbg/en_latch_reg/Q
CLK_SYS_generator_for_CLK_GPIO<1>       7     14   0      1        4       37     20.778    5551.68       6.576   0.102   0.198  cg_gpio/en_latch_reg/Q
CLK_SYS_generator_for_CLK_I2C<1>       45     14   0      1       12       16     25.836    5663.97      14.959   0.077   0.273  cg_i2c/en_latch_reg/Q
CLK_SYS_generator_for_CLK_PWM<1>        4      6   0      1        5       35     19.572    5039.23       3.193   0.038   0.093  cg_pwm/en_latch_reg/Q
CLK_SYS_generator_for_CLK_SPI<1>       44     13   0      1       11       32     21.106    4731.39      15.805   0.076   0.298  cg_spi/en_latch_reg/Q
CLK_SYS_generator_for_CLK_TIM0<1>      12     16   0      1        4       45     20.394    5627.25       7.377   0.072   0.200  cg_tim0/en_latch_reg/Q
CLK_SYS_generator_for_CLK_TIM1<1>      12     19   0      1        5       32     17.808    5081.74       7.421   0.079   0.201  cg_tim1/en_latch_reg/Q
CLK_SYS_generator_for_CLK_UART1<1>     47     19   0      1       10       32     28.464    5302.05      16.373   0.079   0.307  cg_uart1/en_latch_reg/Q
CLK_SYS_generator_for_CLK_UART<1>      47     17   0      1        7       32     17.87     4906.55      16.490   0.077   0.311  cg_uart/en_latch_reg/Q
CLK_TCK                                 6      7   1      0        8       32    163.59    20558.5        5.176   0.073   0.102  tck
---------------------------------------------------------------------------------------------------------------------------------------------------------

Clock Sink Summary:
===================

--------------------------------------------------------------------------------------------------------------------------------------------------------------------
Clock Tree                           Explicit      Implicit      Explicit     Implicit     Explicit   Implicit   Posedge  Negedge  Memory  Enable  Non enable  Other
Name                                 exclude pins  exclude pins  ignore pins  ignore pins  stop pins  stop pins  Flops    Flops    Clock   Latch   Latch       Sinks
                                                                                                                                   Pins    Sinks   Sinks       
--------------------------------------------------------------------------------------------------------------------------------------------------------------------
CLK_SYS                                   0             0             1            0           0          0       33918      0       0       0         0        85
CLK_SYS_generator_for_CLK_ASCON<1>        0             0             0            0           0          0        1272      0       0       0         0         0
CLK_SYS_generator_for_CLK_CORDIC<1>       0             0             0            0           0          0         362      0       0       0         0         0
CLK_SYS_generator_for_CLK_CPU<1>          0             0             0            0           0          0        7861      0       0       0         0        20
CLK_SYS_generator_for_CLK_DBG<1>          0             0             0            0           0          0         450      0       0       0         0         0
CLK_SYS_generator_for_CLK_GPIO<1>         0             0             0            0           0          0         354      0       0       0         0         0
CLK_SYS_generator_for_CLK_I2C<1>          0             0             0            0           0          0         375      0       0       0         0         0
CLK_SYS_generator_for_CLK_PWM<1>          0             0             0            0           0          0         163      0       0       0         0         0
CLK_SYS_generator_for_CLK_SPI<1>          0             0             0            0           0          0         410      0       0       0         0         0
CLK_SYS_generator_for_CLK_TIM0<1>         0             0             0            0           0          0         346      0       0       0         0         0
CLK_SYS_generator_for_CLK_TIM1<1>         0             0             0            0           0          0         346      0       0       0         0         0
CLK_SYS_generator_for_CLK_UART1<1>        0             0             0            0           0          0         427      0       0       0         0         0
CLK_SYS_generator_for_CLK_UART<1>         0             0             0            0           0          0         427      0       0       0         0         0
CLK_TCK                                   0             0             0            0           0          0         136      0       0       0         0         0
--------------------------------------------------------------------------------------------------------------------------------------------------------------------

Summary across all clock trees:
===============================

-------------------------------------------------------------------------------------------------------------
Clock  Bufs  Invs  Other  Max       Average   Max     Average  Max      Max          Standard   Wire   Gate
Gates              Clock  Non-leaf  Non-leaf  Leaf    Leaf     Length   Source-sink  cell area  cap    cap
                   Cells  Fanout    Fanout    Fanout  Fanout   (um)     Resistance   (um^2)     (pF)   (pF)
                                                                        (Ohms)                         
-------------------------------------------------------------------------------------------------------------
1623   1719   2     12       12     2.78648     52    15.8271  163.590   2055.849     883.898   8.399  21.611
-------------------------------------------------------------------------------------------------------------

Clock Sink Summary across all clock trees:
==========================================

-------------------------------------------------------------------------------------------------------------------------------
Explicit      Implicit      Explicit     Implicit     Explicit   Implicit   Posedge  Negedge  Memory  Enable  Non enable  Other
exclude pins  exclude pins  ignore pins  ignore pins  stop pins  stop pins  Flops    Flops    Clock   Latch   Latch       Sinks
                                                                                              Pins    Sinks   Sinks       
-------------------------------------------------------------------------------------------------------------------------------
     0             0             1            0           0          0       34054      0       0       0         0        85
-------------------------------------------------------------------------------------------------------------------------------

Physical metrics across all clock trees:
========================================

------------------------------------------------------------------------
Metric                               Minimum  Average  Maximum   Std.dev
------------------------------------------------------------------------
Source-sink routed net length (um)    0.378     9.383   163.590   12.207
Source-sink manhattan distance (um)   0.396     8.826   163.515   12.073
Source-sink resistance (Ohm)         31.079   269.140  2055.849  188.626
------------------------------------------------------------------------

Transition distribution for half-corner dc_ss:setup.late:
=========================================================

-----------------------------------------------------------------------------------------------------------------------------------------------------------------------------------------------------------------------------------
Net Type    Target    Count    Average    Std. Dev.    Min      Max      Distribution                                                                        Over Target
-----------------------------------------------------------------------------------------------------------------------------------------------------------------------------------------------------------------------------------
Trunk       0.040     1213      0.031       0.007      0.008    0.054    {205 <= 0.024ns, 433 <= 0.032ns, 286 <= 0.036ns, 165 <= 0.038ns, 120 <= 0.040ns}    {3 <= 0.042ns, 0 <= 0.044ns, 0 <= 0.048ns, 1 <= 0.060ns, 0 > 0.060ns}
Leaf        0.035     2157      0.031       0.004      0.008    0.040    {44 <= 0.021ns, 373 <= 0.028ns, 732 <= 0.032ns, 480 <= 0.033ns, 455 <= 0.035ns}     {69 <= 0.037ns, 3 <= 0.039ns, 1 <= 0.042ns, 0 <= 0.052ns, 0 > 0.052ns}
-----------------------------------------------------------------------------------------------------------------------------------------------------------------------------------------------------------------------------------

Count of violations across all clock trees:
===========================================

----------------------------------------------------------------------------------------------------------------
Clock Tree                           # Max capacitance  # Max resistance  # Max length  # Max fanout  # Slew
Name                                 violations         violations        violations    violations    violations
----------------------------------------------------------------------------------------------------------------
CLK_SYS                                      0                 0               0             0            659
CLK_SYS_generator_for_CLK_ASCON<1>           0                 0               0             0              0
CLK_SYS_generator_for_CLK_CORDIC<1>          0                 0               0             0              0
CLK_SYS_generator_for_CLK_CPU<1>             0                 0               0             0            586
CLK_SYS_generator_for_CLK_DBG<1>             0                 0               0             0             38
CLK_SYS_generator_for_CLK_GPIO<1>            0                 0               0             0              0
CLK_SYS_generator_for_CLK_I2C<1>             0                 0               0             0              0
CLK_SYS_generator_for_CLK_PWM<1>             0                 0               0             0              0
CLK_SYS_generator_for_CLK_SPI<1>             0                 0               0             0             24
CLK_SYS_generator_for_CLK_TIM0<1>            0                 0               0             0             46
CLK_SYS_generator_for_CLK_TIM1<1>            0                 0               0             0             15
CLK_SYS_generator_for_CLK_UART1<1>           0                 0               0             0              0
CLK_SYS_generator_for_CLK_UART<1>            0                 0               0             0             31
CLK_TCK                                      0                 0               0             0              4
----------------------------------------------------------------------------------------------------------------
Total                                        0                 0               0             0           1403
----------------------------------------------------------------------------------------------------------------

Note the above table per clock tree is based on CCOpt clock tree view. The violations are counted across half corners.

Found a total of 0 clock tree pins with max capacitance violations.
Found a total of 0 clock tree nets with max resistance violations.
Found a total of 0 clock tree nets with max length violations.
Found a total of 0 clock tree nets with max fanout violations.
Found a total of 1403 clock tree pins with a slew violation.

Slew violation summary across all clock trees - Top 10 violating pins:
======================================================================

Target and measured clock slews (in ns):

-------------------------------------------------------------------------------------------------------------
Half corner       Violation  Slew    Slew      Dont   Ideal  Target    Pin
                  amount     target  achieved  touch  net?   source    
                                               net?                    
-------------------------------------------------------------------------------------------------------------
dc_ss:setup.late    0.014    0.040    0.054    N      N      explicit  u_jtag_dtm/CTS_ccl_a_buf_01586/A
dc_ss:setup.late    0.005    0.035    0.040    N      N      explicit  u_itcm/u_mem/G_SRAM_BANK[0].u_sram/clk
dc_ss:setup.late    0.003    0.035    0.038    N      N      explicit  u_dtcm/u_mem/G_SRAM_BANK[0].u_sram/clk
dc_ss:setup.late    0.002    0.035    0.037    N      N      explicit  u_icache/valid_arr_reg[302][0]/CLK
dc_ss:setup.late    0.002    0.035    0.037    N      N      explicit  u_icache/valid_arr_reg[303][0]/CLK
dc_ss:setup.late    0.002    0.035    0.037    N      N      explicit  u_icache/valid_arr_reg[262][0]/CLK
dc_ss:setup.late    0.002    0.035    0.037    N      N      explicit  u_icache/valid_arr_reg[263][0]/CLK
dc_ss:setup.late    0.002    0.035    0.037    N      N      explicit  u_icache/valid_arr_reg[298][0]/CLK
dc_ss:setup.late    0.002    0.035    0.037    N      N      explicit  u_icache/valid_arr_reg[258][0]/CLK
dc_ss:setup.late    0.002    0.035    0.037    N      N      explicit  u_icache/valid_arr_reg[424][0]/CLK
-------------------------------------------------------------------------------------------------------------

Target sources:
auto extracted - target was extracted from SDC.
auto computed - target was computed when balancing trees.
explicit - target is explicitly set via target_max_trans property.
pin explicit - target is explicitly set for this pin via pin_target_max_trans property.
liberty explicit - target is explicitly set via max_transition from liberty library.

Found 0 pins on nets marked dont_touch that have slew violations.
Found 0 pins on nets marked dont_touch that do not have slew violations.
Found 0 pins on nets marked ideal_network that have slew violations.
Found 0 pins on nets marked ideal_network that do not have slew violations.


Report for clock tree: CLK_SYS:
===============================

Clock Tree Gating Structure (Logical):

# Full cycle clock gates   : 1617
Minimum clock gating depth :    1
Maximum clock gating depth :    1
Clock gate area (um^2)     :  511.306

Clock Tree Buffering Structure (Logical):

# Buffers             : 1712
# Inverters           :    1
  Total               : 1713
Minimum depth         :    4
Maximum depth         :   15
Buffering area (um^2) :  366.220

Clock Tree Level Structure (Logical):

-----------------------------------------------------------------
Level  Full   Posedge  Negedge  Memory  Enable  Non enable  Other
       Cycle  Flops    Flops    Clock   Latch   Latch       Sinks
                                Pins    Sinks   Sinks       
-----------------------------------------------------------------
root   1617     1245      0       0       0         0        85
  1       0    32673      0       0       0         0         0
-----------------------------------------------------------------
Total  1617    33918      0       0       0         0        85
-----------------------------------------------------------------

Target and measured clock slews (in ns):

----------------------------------------------------------------------------------------------------------------------------
Timing Corner      Worst Rising  Worst Falling  Worst Rising  Worst Falling  Leaf Slew    Leaf Slew  Trunk Slew   Trunk Slew
                   Leaf Slew     Leaf Slew      Trunk Slew    Trunk Slew     Target Type  Target     Target Type  Target
----------------------------------------------------------------------------------------------------------------------------
dc_ff:hold.early      0.027          0.024         0.028          0.027      ignored          -      ignored          -
dc_ff:hold.late       0.027          0.026         0.034          0.030      ignored          -      ignored          -
dc_ss:setup.early     0.037          0.033         0.041          0.038      ignored          -      ignored          -
dc_ss:setup.late      0.040          0.034         0.041          0.038      explicit     *0.035     explicit     *0.040
dc_tt:both.early      0.029          0.026         0.031          0.033      ignored          -      ignored          -
dc_tt:both.late       0.030          0.027         0.032          0.030      ignored          -      ignored          -
----------------------------------------------------------------------------------------------------------------------------

Report for clock tree: CLK_SYS_generator_for_CLK_ASCON<1>:
==========================================================

Clock Tree Gating Structure (Logical):

# Full cycle clock gates   : 24
Minimum clock gating depth :  1
Maximum clock gating depth :  1
Clock gate area (um^2)     :  6.576

Clock Tree Buffering Structure (Logical):

# Buffers             : 60
# Inverters           :  0
  Total               : 60
Minimum depth         :  4
Maximum depth         :  5
Buffering area (um^2) : 14.434

Clock Tree Level Structure (Logical):

-----------------------------------------------------------------
Level  Full   Posedge  Negedge  Memory  Enable  Non enable  Other
       Cycle  Flops    Flops    Clock   Latch   Latch       Sinks
                                Pins    Sinks   Sinks       
-----------------------------------------------------------------
root    24      137       0       0       0         0         0
  1      0     1135       0       0       0         0         0
-----------------------------------------------------------------
Total   24     1272       0       0       0         0         0
-----------------------------------------------------------------

Target and measured clock slews (in ns):

----------------------------------------------------------------------------------------------------------------------------
Timing Corner      Worst Rising  Worst Falling  Worst Rising  Worst Falling  Leaf Slew    Leaf Slew  Trunk Slew   Trunk Slew
                   Leaf Slew     Leaf Slew      Trunk Slew    Trunk Slew     Target Type  Target     Target Type  Target
----------------------------------------------------------------------------------------------------------------------------
dc_ff:hold.early      0.023          0.021         0.021          0.017      ignored          -      ignored          -
dc_ff:hold.late       0.024          0.022         0.022          0.018      ignored          -      ignored          -
dc_ss:setup.early     0.034          0.031         0.038          0.031      ignored          -      ignored          -
dc_ss:setup.late      0.035          0.032         0.040          0.034      explicit      0.035     explicit      0.040
dc_tt:both.early      0.026          0.024         0.026          0.021      ignored          -      ignored          -
dc_tt:both.late       0.027          0.025         0.027          0.023      ignored          -      ignored          -
----------------------------------------------------------------------------------------------------------------------------

Report for clock tree: CLK_SYS_generator_for_CLK_CORDIC<1>:
===========================================================

Clock Tree Gating Structure (Logical):

# Full cycle clock gates   : 8
Minimum clock gating depth : 1
Maximum clock gating depth : 1
Clock gate area (um^2)     : 2.610

Clock Tree Buffering Structure (Logical):

# Buffers             : 17
# Inverters           :  0
  Total               : 17
Minimum depth         :  4
Maximum depth         :  5
Buffering area (um^2) :  4.039

Clock Tree Level Structure (Logical):

-----------------------------------------------------------------
Level  Full   Posedge  Negedge  Memory  Enable  Non enable  Other
       Cycle  Flops    Flops    Clock   Latch   Latch       Sinks
                                Pins    Sinks   Sinks       
-----------------------------------------------------------------
root     8        7       0       0       0         0         0
  1      0      355       0       0       0         0         0
-----------------------------------------------------------------
Total    8      362       0       0       0         0         0
-----------------------------------------------------------------

Target and measured clock slews (in ns):

----------------------------------------------------------------------------------------------------------------------------
Timing Corner      Worst Rising  Worst Falling  Worst Rising  Worst Falling  Leaf Slew    Leaf Slew  Trunk Slew   Trunk Slew
                   Leaf Slew     Leaf Slew      Trunk Slew    Trunk Slew     Target Type  Target     Target Type  Target
----------------------------------------------------------------------------------------------------------------------------
dc_ff:hold.early      0.024          0.022         0.021          0.013      ignored          -      ignored          -
dc_ff:hold.late       0.024          0.022         0.026          0.015      ignored          -      ignored          -
dc_ss:setup.early     0.034          0.031         0.036          0.026      ignored          -      ignored          -
dc_ss:setup.late      0.035          0.032         0.038          0.026      explicit      0.035     explicit      0.040
dc_tt:both.early      0.026          0.024         0.023          0.017      ignored          -      ignored          -
dc_tt:both.late       0.027          0.025         0.025          0.018      ignored          -      ignored          -
----------------------------------------------------------------------------------------------------------------------------

Report for clock tree: CLK_SYS_generator_for_CLK_CPU<1>:
========================================================

Clock Tree Gating Structure (Logical):

# Full cycle clock gates   : 124
Minimum clock gating depth :   1
Maximum clock gating depth :   1
Clock gate area (um^2)     :  37.923

Clock Tree Buffering Structure (Logical):

# Buffers             : 360
# Inverters           :   0
  Total               : 360
Minimum depth         :   8
Maximum depth         :  10
Buffering area (um^2) :  96.680

Clock Tree Level Structure (Logical):

-----------------------------------------------------------------
Level  Full   Posedge  Negedge  Memory  Enable  Non enable  Other
       Cycle  Flops    Flops    Clock   Latch   Latch       Sinks
                                Pins    Sinks   Sinks       
-----------------------------------------------------------------
root    124      42       0       0       0         0        20
  1       0    7819       0       0       0         0         0
-----------------------------------------------------------------
Total   124    7861       0       0       0         0        20
-----------------------------------------------------------------

Target and measured clock slews (in ns):

----------------------------------------------------------------------------------------------------------------------------
Timing Corner      Worst Rising  Worst Falling  Worst Rising  Worst Falling  Leaf Slew    Leaf Slew  Trunk Slew   Trunk Slew
                   Leaf Slew     Leaf Slew      Trunk Slew    Trunk Slew     Target Type  Target     Target Type  Target
----------------------------------------------------------------------------------------------------------------------------
dc_ff:hold.early      0.027          0.024         0.024          0.026      ignored          -      ignored          -
dc_ff:hold.late       0.027          0.026         0.024          0.021      ignored          -      ignored          -
dc_ss:setup.early     0.037          0.033         0.039          0.038      ignored          -      ignored          -
dc_ss:setup.late      0.040          0.034         0.041          0.038      explicit     *0.035     explicit     *0.040
dc_tt:both.early      0.029          0.026         0.028          0.029      ignored          -      ignored          -
dc_tt:both.late       0.030          0.027         0.029          0.027      ignored          -      ignored          -
----------------------------------------------------------------------------------------------------------------------------

Report for clock tree: CLK_SYS_generator_for_CLK_DBG<1>:
========================================================

Clock Tree Gating Structure (Logical):

# Full cycle clock gates   : 17
Minimum clock gating depth :  1
Maximum clock gating depth :  1
Clock gate area (um^2)     :  8.500

Clock Tree Buffering Structure (Logical):

# Buffers             : 15
# Inverters           :  0
  Total               : 15
Minimum depth         :  6
Maximum depth         :  7
Buffering area (um^2) :  3.018

Clock Tree Level Structure (Logical):

-----------------------------------------------------------------
Level  Full   Posedge  Negedge  Memory  Enable  Non enable  Other
       Cycle  Flops    Flops    Clock   Latch   Latch       Sinks
                                Pins    Sinks   Sinks       
-----------------------------------------------------------------
root    17       13       0       0       0         0         0
  1      0      437       0       0       0         0         0
-----------------------------------------------------------------
Total   17      450       0       0       0         0         0
-----------------------------------------------------------------

Target and measured clock slews (in ns):

----------------------------------------------------------------------------------------------------------------------------
Timing Corner      Worst Rising  Worst Falling  Worst Rising  Worst Falling  Leaf Slew    Leaf Slew  Trunk Slew   Trunk Slew
                   Leaf Slew     Leaf Slew      Trunk Slew    Trunk Slew     Target Type  Target     Target Type  Target
----------------------------------------------------------------------------------------------------------------------------
dc_ff:hold.early      0.023          0.021         0.017          0.026      ignored          -      ignored          -
dc_ff:hold.late       0.024          0.022         0.023          0.024      ignored          -      ignored          -
dc_ss:setup.early     0.034          0.031         0.031          0.038      ignored          -      ignored          -
dc_ss:setup.late      0.036          0.032         0.039          0.035      explicit     *0.035     explicit      0.040
dc_tt:both.early      0.026          0.024         0.021          0.029      ignored          -      ignored          -
dc_tt:both.late       0.027          0.024         0.029          0.027      ignored          -      ignored          -
----------------------------------------------------------------------------------------------------------------------------

Report for clock tree: CLK_SYS_generator_for_CLK_GPIO<1>:
=========================================================

Clock Tree Gating Structure (Logical):

# Full cycle clock gates   : 7
Minimum clock gating depth : 1
Maximum clock gating depth : 1
Clock gate area (um^2)     : 2.274

Clock Tree Buffering Structure (Logical):

# Buffers             : 14
# Inverters           :  0
  Total               : 14
Minimum depth         :  4
Maximum depth         :  5
Buffering area (um^2) :  4.214

Clock Tree Level Structure (Logical):

-----------------------------------------------------------------
Level  Full   Posedge  Negedge  Memory  Enable  Non enable  Other
       Cycle  Flops    Flops    Clock   Latch   Latch       Sinks
                                Pins    Sinks   Sinks       
-----------------------------------------------------------------
root     7      130       0       0       0         0         0
  1      0      224       0       0       0         0         0
-----------------------------------------------------------------
Total    7      354       0       0       0         0         0
-----------------------------------------------------------------

Target and measured clock slews (in ns):

----------------------------------------------------------------------------------------------------------------------------
Timing Corner      Worst Rising  Worst Falling  Worst Rising  Worst Falling  Leaf Slew    Leaf Slew  Trunk Slew   Trunk Slew
                   Leaf Slew     Leaf Slew      Trunk Slew    Trunk Slew     Target Type  Target     Target Type  Target
----------------------------------------------------------------------------------------------------------------------------
dc_ff:hold.early      0.021          0.020         0.019          0.017      ignored          -      ignored          -
dc_ff:hold.late       0.022          0.020         0.020          0.018      ignored          -      ignored          -
dc_ss:setup.early     0.033          0.030         0.035          0.028      ignored          -      ignored          -
dc_ss:setup.late      0.035          0.031         0.037          0.029      explicit      0.035     explicit      0.040
dc_tt:both.early      0.025          0.023         0.024          0.020      ignored          -      ignored          -
dc_tt:both.late       0.025          0.024         0.025          0.021      ignored          -      ignored          -
----------------------------------------------------------------------------------------------------------------------------

Report for clock tree: CLK_SYS_generator_for_CLK_I2C<1>:
========================================================

Clock Tree Gating Structure (Logical):

# Full cycle clock gates   : 45
Minimum clock gating depth :  1
Maximum clock gating depth :  1
Clock gate area (um^2)     : 12.626

Clock Tree Buffering Structure (Logical):

# Buffers             : 14
# Inverters           :  0
  Total               : 14
Minimum depth         :  4
Maximum depth         :  4
Buffering area (um^2) :  2.245

Clock Tree Level Structure (Logical):

-----------------------------------------------------------------
Level  Full   Posedge  Negedge  Memory  Enable  Non enable  Other
       Cycle  Flops    Flops    Clock   Latch   Latch       Sinks
                                Pins    Sinks   Sinks       
-----------------------------------------------------------------
root    45       15       0       0       0         0         0
  1      0      360       0       0       0         0         0
-----------------------------------------------------------------
Total   45      375       0       0       0         0         0
-----------------------------------------------------------------

Target and measured clock slews (in ns):

----------------------------------------------------------------------------------------------------------------------------
Timing Corner      Worst Rising  Worst Falling  Worst Rising  Worst Falling  Leaf Slew    Leaf Slew  Trunk Slew   Trunk Slew
                   Leaf Slew     Leaf Slew      Trunk Slew    Trunk Slew     Target Type  Target     Target Type  Target
----------------------------------------------------------------------------------------------------------------------------
dc_ff:hold.early      0.018          0.015         0.017          0.016      ignored          -      ignored          -
dc_ff:hold.late       0.019          0.016         0.020          0.018      ignored          -      ignored          -
dc_ss:setup.early     0.034          0.025         0.034          0.030      ignored          -      ignored          -
dc_ss:setup.late      0.035          0.026         0.038          0.033      explicit      0.035     explicit      0.040
dc_tt:both.early      0.023          0.018         0.023          0.021      ignored          -      ignored          -
dc_tt:both.late       0.024          0.018         0.026          0.023      ignored          -      ignored          -
----------------------------------------------------------------------------------------------------------------------------

Report for clock tree: CLK_SYS_generator_for_CLK_PWM<1>:
========================================================

Clock Tree Gating Structure (Logical):

# Full cycle clock gates   : 4
Minimum clock gating depth : 1
Maximum clock gating depth : 1
Clock gate area (um^2)     : 1.487

Clock Tree Buffering Structure (Logical):

# Buffers             : 6
# Inverters           : 0
  Total               : 6
Minimum depth         : 3
Maximum depth         : 4
Buffering area (um^2) : 1.618

Clock Tree Level Structure (Logical):

-----------------------------------------------------------------
Level  Full   Posedge  Negedge  Memory  Enable  Non enable  Other
       Cycle  Flops    Flops    Clock   Latch   Latch       Sinks
                                Pins    Sinks   Sinks       
-----------------------------------------------------------------
root     4       35       0       0       0         0         0
  1      0      128       0       0       0         0         0
-----------------------------------------------------------------
Total    4      163       0       0       0         0         0
-----------------------------------------------------------------

Target and measured clock slews (in ns):

----------------------------------------------------------------------------------------------------------------------------
Timing Corner      Worst Rising  Worst Falling  Worst Rising  Worst Falling  Leaf Slew    Leaf Slew  Trunk Slew   Trunk Slew
                   Leaf Slew     Leaf Slew      Trunk Slew    Trunk Slew     Target Type  Target     Target Type  Target
----------------------------------------------------------------------------------------------------------------------------
dc_ff:hold.early      0.023          0.021         0.017          0.015      ignored          -      ignored          -
dc_ff:hold.late       0.023          0.022         0.020          0.016      ignored          -      ignored          -
dc_ss:setup.early     0.034          0.031         0.036          0.029      ignored          -      ignored          -
dc_ss:setup.late      0.035          0.032         0.038          0.030      explicit      0.035     explicit      0.040
dc_tt:both.early      0.026          0.023         0.024          0.019      ignored          -      ignored          -
dc_tt:both.late       0.027          0.024         0.025          0.020      ignored          -      ignored          -
----------------------------------------------------------------------------------------------------------------------------

Report for clock tree: CLK_SYS_generator_for_CLK_SPI<1>:
========================================================

Clock Tree Gating Structure (Logical):

# Full cycle clock gates   : 44
Minimum clock gating depth :  1
Maximum clock gating depth :  1
Clock gate area (um^2)     : 13.501

Clock Tree Buffering Structure (Logical):

# Buffers             : 13
# Inverters           :  0
  Total               : 13
Minimum depth         :  4
Maximum depth         :  4
Buffering area (um^2) :  2.216

Clock Tree Level Structure (Logical):

-----------------------------------------------------------------
Level  Full   Posedge  Negedge  Memory  Enable  Non enable  Other
       Cycle  Flops    Flops    Clock   Latch   Latch       Sinks
                                Pins    Sinks   Sinks       
-----------------------------------------------------------------
root    44        9       0       0       0         0         0
  1      0      401       0       0       0         0         0
-----------------------------------------------------------------
Total   44      410       0       0       0         0         0
-----------------------------------------------------------------

Target and measured clock slews (in ns):

----------------------------------------------------------------------------------------------------------------------------
Timing Corner      Worst Rising  Worst Falling  Worst Rising  Worst Falling  Leaf Slew    Leaf Slew  Trunk Slew   Trunk Slew
                   Leaf Slew     Leaf Slew      Trunk Slew    Trunk Slew     Target Type  Target     Target Type  Target
----------------------------------------------------------------------------------------------------------------------------
dc_ff:hold.early      0.019          0.016         0.019          0.021      ignored          -      ignored          -
dc_ff:hold.late       0.021          0.017         0.025          0.023      ignored          -      ignored          -
dc_ss:setup.early     0.034          0.023         0.035          0.030      ignored          -      ignored          -
dc_ss:setup.late      0.036          0.025         0.038          0.032      explicit     *0.035     explicit      0.040
dc_tt:both.early      0.024          0.018         0.024          0.023      ignored          -      ignored          -
dc_tt:both.late       0.025          0.019         0.029          0.025      ignored          -      ignored          -
----------------------------------------------------------------------------------------------------------------------------

Report for clock tree: CLK_SYS_generator_for_CLK_TIM0<1>:
=========================================================

Clock Tree Gating Structure (Logical):

# Full cycle clock gates   : 12
Minimum clock gating depth :  1
Maximum clock gating depth :  1
Clock gate area (um^2)     :  3.718

Clock Tree Buffering Structure (Logical):

# Buffers             : 16
# Inverters           :  0
  Total               : 16
Minimum depth         :  4
Maximum depth         :  4
Buffering area (um^2) :  3.572

Clock Tree Level Structure (Logical):

-----------------------------------------------------------------
Level  Full   Posedge  Negedge  Memory  Enable  Non enable  Other
       Cycle  Flops    Flops    Clock   Latch   Latch       Sinks
                                Pins    Sinks   Sinks       
-----------------------------------------------------------------
root    12       45       0       0       0         0         0
  1      0      301       0       0       0         0         0
-----------------------------------------------------------------
Total   12      346       0       0       0         0         0
-----------------------------------------------------------------

Target and measured clock slews (in ns):

----------------------------------------------------------------------------------------------------------------------------
Timing Corner      Worst Rising  Worst Falling  Worst Rising  Worst Falling  Leaf Slew    Leaf Slew  Trunk Slew   Trunk Slew
                   Leaf Slew     Leaf Slew      Trunk Slew    Trunk Slew     Target Type  Target     Target Type  Target
----------------------------------------------------------------------------------------------------------------------------
dc_ff:hold.early      0.025          0.023         0.018          0.015      ignored          -      ignored          -
dc_ff:hold.late       0.025          0.024         0.019          0.015      ignored          -      ignored          -
dc_ss:setup.early     0.035          0.032         0.038          0.026      ignored          -      ignored          -
dc_ss:setup.late      0.036          0.033         0.040          0.028      explicit     *0.035     explicit      0.040
dc_tt:both.early      0.027          0.025         0.025          0.018      ignored          -      ignored          -
dc_tt:both.late       0.028          0.026         0.026          0.019      ignored          -      ignored          -
----------------------------------------------------------------------------------------------------------------------------

Report for clock tree: CLK_SYS_generator_for_CLK_TIM1<1>:
=========================================================

Clock Tree Gating Structure (Logical):

# Full cycle clock gates   : 12
Minimum clock gating depth :  1
Maximum clock gating depth :  1
Clock gate area (um^2)     :  3.762

Clock Tree Buffering Structure (Logical):

# Buffers             : 19
# Inverters           :  0
  Total               : 19
Minimum depth         :  4
Maximum depth         :  5
Buffering area (um^2) :  3.572

Clock Tree Level Structure (Logical):

-----------------------------------------------------------------
Level  Full   Posedge  Negedge  Memory  Enable  Non enable  Other
       Cycle  Flops    Flops    Clock   Latch   Latch       Sinks
                                Pins    Sinks   Sinks       
-----------------------------------------------------------------
root    12       45       0       0       0         0         0
  1      0      301       0       0       0         0         0
-----------------------------------------------------------------
Total   12      346       0       0       0         0         0
-----------------------------------------------------------------

Target and measured clock slews (in ns):

----------------------------------------------------------------------------------------------------------------------------
Timing Corner      Worst Rising  Worst Falling  Worst Rising  Worst Falling  Leaf Slew    Leaf Slew  Trunk Slew   Trunk Slew
                   Leaf Slew     Leaf Slew      Trunk Slew    Trunk Slew     Target Type  Target     Target Type  Target
----------------------------------------------------------------------------------------------------------------------------
dc_ff:hold.early      0.019          0.017         0.028          0.017      ignored          -      ignored          -
dc_ff:hold.late       0.020          0.017         0.034          0.019      ignored          -      ignored          -
dc_ss:setup.early     0.034          0.027         0.034          0.030      ignored          -      ignored          -
dc_ss:setup.late      0.035          0.029         0.038          0.033      explicit     *0.035     explicit      0.040
dc_tt:both.early      0.024          0.020         0.023          0.021      ignored          -      ignored          -
dc_tt:both.late       0.025          0.021         0.026          0.023      ignored          -      ignored          -
----------------------------------------------------------------------------------------------------------------------------

Report for clock tree: CLK_SYS_generator_for_CLK_UART1<1>:
==========================================================

Clock Tree Gating Structure (Logical):

# Full cycle clock gates   : 47
Minimum clock gating depth :  1
Maximum clock gating depth :  1
Clock gate area (um^2)     : 12.903

Clock Tree Buffering Structure (Logical):

# Buffers             : 19
# Inverters           :  0
  Total               : 19
Minimum depth         :  3
Maximum depth         :  4
Buffering area (um^2) :  3.295

Clock Tree Level Structure (Logical):

-----------------------------------------------------------------
Level  Full   Posedge  Negedge  Memory  Enable  Non enable  Other
       Cycle  Flops    Flops    Clock   Latch   Latch       Sinks
                                Pins    Sinks   Sinks       
-----------------------------------------------------------------
root    47       43       0       0       0         0         0
  1      0      384       0       0       0         0         0
-----------------------------------------------------------------
Total   47      427       0       0       0         0         0
-----------------------------------------------------------------

Target and measured clock slews (in ns):

----------------------------------------------------------------------------------------------------------------------------
Timing Corner      Worst Rising  Worst Falling  Worst Rising  Worst Falling  Leaf Slew    Leaf Slew  Trunk Slew   Trunk Slew
                   Leaf Slew     Leaf Slew      Trunk Slew    Trunk Slew     Target Type  Target     Target Type  Target
----------------------------------------------------------------------------------------------------------------------------
dc_ff:hold.early      0.018          0.016         0.019          0.017      ignored          -      ignored          -
dc_ff:hold.late       0.019          0.017         0.020          0.018      ignored          -      ignored          -
dc_ss:setup.early     0.034          0.029         0.039          0.032      ignored          -      ignored          -
dc_ss:setup.late      0.034          0.029         0.039          0.032      explicit      0.035     explicit      0.040
dc_tt:both.early      0.023          0.019         0.024          0.021      ignored          -      ignored          -
dc_tt:both.late       0.024          0.020         0.025          0.022      ignored          -      ignored          -
----------------------------------------------------------------------------------------------------------------------------

Report for clock tree: CLK_SYS_generator_for_CLK_UART<1>:
=========================================================

Clock Tree Gating Structure (Logical):

# Full cycle clock gates   : 47
Minimum clock gating depth :  1
Maximum clock gating depth :  1
Clock gate area (um^2)     : 13.807

Clock Tree Buffering Structure (Logical):

# Buffers             : 17
# Inverters           :  0
  Total               : 17
Minimum depth         :  4
Maximum depth         :  4
Buffering area (um^2) :  2.595

Clock Tree Level Structure (Logical):

-----------------------------------------------------------------
Level  Full   Posedge  Negedge  Memory  Enable  Non enable  Other
       Cycle  Flops    Flops    Clock   Latch   Latch       Sinks
                                Pins    Sinks   Sinks       
-----------------------------------------------------------------
root    47       43       0       0       0         0         0
  1      0      384       0       0       0         0         0
-----------------------------------------------------------------
Total   47      427       0       0       0         0         0
-----------------------------------------------------------------

Target and measured clock slews (in ns):

----------------------------------------------------------------------------------------------------------------------------
Timing Corner      Worst Rising  Worst Falling  Worst Rising  Worst Falling  Leaf Slew    Leaf Slew  Trunk Slew   Trunk Slew
                   Leaf Slew     Leaf Slew      Trunk Slew    Trunk Slew     Target Type  Target     Target Type  Target
----------------------------------------------------------------------------------------------------------------------------
dc_ff:hold.early      0.020          0.016         0.019          0.020      ignored          -      ignored          -
dc_ff:hold.late       0.020          0.017         0.024          0.022      ignored          -      ignored          -
dc_ss:setup.early     0.034          0.028         0.034          0.031      ignored          -      ignored          -
dc_ss:setup.late      0.036          0.029         0.039          0.033      explicit     *0.035     explicit      0.040
dc_tt:both.early      0.024          0.019         0.024          0.022      ignored          -      ignored          -
dc_tt:both.late       0.025          0.020         0.028          0.024      ignored          -      ignored          -
----------------------------------------------------------------------------------------------------------------------------

Report for clock tree: CLK_TCK:
===============================

Clock Tree Gating Structure (Logical):

# Full cycle clock gates   : 6
Minimum clock gating depth : 1
Maximum clock gating depth : 1
Clock gate area (um^2)     : 2.931

Clock Tree Buffering Structure (Logical):

# Buffers             : 7
# Inverters           : 1
  Total               : 8
Minimum depth         : 3
Maximum depth         : 4
Buffering area (um^2) : 2.245

Clock Tree Level Structure (Logical):

-----------------------------------------------------------------
Level  Full   Posedge  Negedge  Memory  Enable  Non enable  Other
       Cycle  Flops    Flops    Clock   Latch   Latch       Sinks
                                Pins    Sinks   Sinks       
-----------------------------------------------------------------
root     6       12       0       0       0         0         0
  1      0      124       0       0       0         0         0
-----------------------------------------------------------------
Total    6      136       0       0       0         0         0
-----------------------------------------------------------------

Target and measured clock slews (in ns):

----------------------------------------------------------------------------------------------------------------------------
Timing Corner      Worst Rising  Worst Falling  Worst Rising  Worst Falling  Leaf Slew    Leaf Slew  Trunk Slew   Trunk Slew
                   Leaf Slew     Leaf Slew      Trunk Slew    Trunk Slew     Target Type  Target     Target Type  Target
----------------------------------------------------------------------------------------------------------------------------
dc_ff:hold.early      0.019          0.015         0.043          0.043      ignored          -      ignored          -
dc_ff:hold.late       0.020          0.016         0.043          0.043      ignored          -      ignored          -
dc_ss:setup.early     0.033          0.024         0.054          0.054      ignored          -      ignored          -
dc_ss:setup.late      0.035          0.025         0.054          0.054      explicit     *0.035     explicit     *0.040
dc_tt:both.early      0.023          0.018         0.045          0.045      ignored          -      ignored          -
dc_tt:both.late       0.025          0.019         0.045          0.045      ignored          -      ignored          -
----------------------------------------------------------------------------------------------------------------------------

* - indicates that target was not met.

auto extracted - target was extracted from SDC.
auto computed - target was computed when balancing trees.

