*----------------------------------------------------------------------------------------
*	Innovus 23.14-s088_1 (64bit) 02/28/2025 12:25 (Linux 3.10.0-693.el7.x86_64)
*	
*
* 	Date & Time:	2026-Oct-01 15:21:32 (2026-Oct-01 06:21:32 GMT)
*
*----------------------------------------------------------------------------------------
*
*	Design: top_soc
*
*	Liberty Libraries used: 
*	        view_tt: /home/user1/Desktop/asap7/asap7sc7p5t_28/LIB/CCS/asap7sc7p5t_SIMPLE_RVT_TT_ccs_211120.lib
*	        view_tt: /home/user1/Desktop/asap7/asap7sc7p5t_28/LIB/CCS/asap7sc7p5t_INVBUF_RVT_TT_ccs_220122.lib
*	        view_tt: /home/user1/Desktop/asap7/asap7sc7p5t_28/LIB/CCS/asap7sc7p5t_AO_RVT_TT_ccs_211120.lib
*	        view_tt: /home/user1/Desktop/asap7/asap7sc7p5t_28/LIB/CCS/asap7sc7p5t_OA_RVT_TT_ccs_211120.lib
*	        view_tt: /home/user1/Desktop/asap7/asap7sc7p5t_28/LIB/CCS/asap7sc7p5t_SEQ_RVT_TT_ccs_220123.lib
*	        view_tt: /home/user1/Desktop/asap7/asap7sc7p5t_28/LIB/CCS/asap7sc7p5t_SIMPLE_LVT_TT_ccs_211120.lib
*	        view_tt: /home/user1/Desktop/asap7/asap7sc7p5t_28/LIB/CCS/asap7sc7p5t_INVBUF_LVT_TT_ccs_220122.lib
*	        view_tt: /home/user1/Desktop/asap7/asap7sc7p5t_28/LIB/CCS/asap7sc7p5t_AO_LVT_TT_ccs_211120.lib
*	        view_tt: /home/user1/Desktop/asap7/asap7sc7p5t_28/LIB/CCS/asap7sc7p5t_OA_LVT_TT_ccs_211120.lib
*	        view_tt: /home/user1/Desktop/asap7/asap7sc7p5t_28/LIB/CCS/asap7sc7p5t_SEQ_LVT_TT_ccs_220123.lib
*	        view_tt: /home/user1/Desktop/asap7/asap7_sram_0p0/generated/LIB/srambank_256x4x32_6t122.lib
*	        view_tt: /home/user1/Desktop/asap7/asap7_sram_0p0/generated/LIB/srambank_128x4x20_6t122.lib
*
*	Power Domain used: 
*              Rail:        VDD      Voltage:        0.7 
*
*       Power View : view_tt
*
*       User-Defined Activity : N.A.
*
*       Activity File: N.A.
*
*       Hierarchical Global Activity: N.A.
*
*       Global Activity: N.A.
*
*       Sequential Element Activity: 0.200000
*
*       Primary Input Activity: 0.200000
*
*       Default icg ratio: N.A.
*
*       Global Comb ClockGate Ratio: N.A.
*
*	Power Units = 1mW
*
*	Time Units = 1e-09 secs 
*
*       report_power -outfile ./reports/power_final.rpt
*
-----------------------------------------------------------------------------------------


Total Power 
-----------------------------------------------------------------------------------------
Total Internal Power:       87.60713479 	   95.2817%
Total Switching Power:       4.29835472 	    4.6749%
Total Leakage Power:         0.03989591 	    0.0434%
Total Power:                91.94538542 
-----------------------------------------------------------------------------------------


Group                           Internal   Switching     Leakage       Total  Percentage 
                                Power      Power         Power         Power  (%)        
-----------------------------------------------------------------------------------------
Sequential                         3.232      0.4858     0.01047       3.728       4.055 
Macro                              82.21       0.271           0       82.48        89.7 
IO                                     0           0           0           0           0 
Combinational                      1.087       2.336     0.02338       3.447       3.749 
Clock (Combinational)             0.8255       1.096    0.001127       1.923       2.091 
Clock (Sequential)                 0.255      0.1093    0.004923      0.3692      0.4015 
-----------------------------------------------------------------------------------------
Total                              87.61       4.298      0.0399       91.95         100 
-----------------------------------------------------------------------------------------


Rail                  Voltage   Internal   Switching     Leakage       Total  Percentage 
                                Power      Power         Power         Power  (%)        
-----------------------------------------------------------------------------------------
VDD                       0.7      87.61       4.298      0.0399       91.95         100 


Clock                           Internal   Switching     Leakage       Total  Percentage 
                                Power      Power         Power         Power  (%)        
-----------------------------------------------------------------------------------------
CLK_TIM1                        0.008645     0.01107   4.498e-05     0.01976     0.02149 
CLK_UART                         0.01873     0.02163   0.0001635     0.04052     0.04407 
CLK_GPIO                         0.01075     0.01469   2.824e-05     0.02547      0.0277 
CLK_TIM0                        0.009585     0.01091   4.387e-05     0.02054     0.02234 
CLK_ASCON                        0.02891     0.03903   0.0001286     0.06807     0.07403 
CLK_CPU                           0.1171      0.1278   0.0006672      0.2456      0.2671 
CLK_CORDIC                      0.009568     0.01049   3.619e-05     0.02009     0.02185 
CLK_TCK                        0.0003159   0.0003599    4.39e-05   0.0007196   0.0007827 
CLK_SYS                           0.8066       0.892    0.004295       1.703       1.852 
CLK_UART1                        0.01938     0.02115   0.0001538     0.04069     0.04425 
CLK_SPI                          0.01862     0.02042   0.0001722     0.03922     0.04265 
CLK_DBG                          0.01124      0.0123   9.497e-05     0.02364     0.02571 
CLK_I2C                           0.0165      0.0195   0.0001604     0.03616     0.03933 
CLK_PWM                         0.004488    0.004083   1.742e-05    0.008589    0.009341 
-----------------------------------------------------------------------------------------
Total (excluding duplicates)        1.08       1.205     0.00605       2.292       2.493 
-----------------------------------------------------------------------------------------
Clock: CLK_TIM1
Clock Period: 0.004000 usec 
Clock Toggle Rate:   500.0000 Mhz 
Clock Static Probability:  0.5000

Clock: CLK_UART
Clock Period: 0.004000 usec 
Clock Toggle Rate:   500.0000 Mhz 
Clock Static Probability:  0.5000

Clock: CLK_GPIO
Clock Period: 0.004000 usec 
Clock Toggle Rate:   500.0000 Mhz 
Clock Static Probability:  0.5000

Clock: CLK_TIM0
Clock Period: 0.004000 usec 
Clock Toggle Rate:   500.0000 Mhz 
Clock Static Probability:  0.5000

Clock: CLK_ASCON
Clock Period: 0.004000 usec 
Clock Toggle Rate:   500.0000 Mhz 
Clock Static Probability:  0.5000

Clock: CLK_CPU
Clock Period: 0.004000 usec 
Clock Toggle Rate:   500.0000 Mhz 
Clock Static Probability:  0.5000

Clock: CLK_CORDIC
Clock Period: 0.004000 usec 
Clock Toggle Rate:   500.0000 Mhz 
Clock Static Probability:  0.5000

Clock: CLK_TCK
Clock Period: 0.100000 usec 
Clock Toggle Rate:    20.0000 Mhz 
Clock Static Probability:  0.5000

Clock: CLK_SYS
Clock Period: 0.004000 usec 
Clock Toggle Rate:   500.0000 Mhz 
Clock Static Probability:  0.5000

Clock: CLK_UART1
Clock Period: 0.004000 usec 
Clock Toggle Rate:   500.0000 Mhz 
Clock Static Probability:  0.5000

Clock: CLK_SPI
Clock Period: 0.004000 usec 
Clock Toggle Rate:   500.0000 Mhz 
Clock Static Probability:  0.5000

Clock: CLK_DBG
Clock Period: 0.004000 usec 
Clock Toggle Rate:   500.0000 Mhz 
Clock Static Probability:  0.5000

Clock: CLK_I2C
Clock Period: 0.004000 usec 
Clock Toggle Rate:   500.0000 Mhz 
Clock Static Probability:  0.5000

Clock: CLK_PWM
Clock Period: 0.004000 usec 
Clock Toggle Rate:   500.0000 Mhz 
Clock Static Probability:  0.5000



-----------------------------------------------------------------------------------------
*	Power Distribution Summary: 
*                Highest Average Power: u_dcache/TAG_RAM_G_TAG_WAY[0].G_TAG_MACRO.u_sram/u_sram (srambank_128x4x20_6t122):            1.083 
*                Highest Leakage Power: u_axi_ram_hi/u_mem/FE_OFC7757_n (BUFx24_ASAP7_75t_L):        1.377e-05 
*          Total Cap:      3.23924e-10 F
*          Total instances in design: 141804
*          Total instances in design with no power:     0
*          Total instances in design with no activity:     0
*          Total Fillers and Decap:     0
-----------------------------------------------------------------------------------------

