{u_axi_ram_lo/u_mem/G_SRAM_BANK[0].u_sram} RAM_LO {19.872 19.656 141.264 192.456}
{u_axi_ram_lo/u_mem/G_SRAM_BANK[1].u_sram} RAM_LO {19.872 196.776 141.264 369.576}
{u_axi_ram_lo/u_mem/G_SRAM_BANK[2].u_sram} RAM_LO {19.872 373.896 141.264 546.696}
{u_axi_ram_lo/u_mem/G_SRAM_BANK[3].u_sram} RAM_LO {19.872 551.016 141.264 723.816}
{u_axi_ram_lo/u_mem/G_SRAM_BANK[4].u_sram} RAM_LO {19.872 728.136 141.264 900.936}
{u_axi_ram_lo/u_mem/G_SRAM_BANK[5].u_sram} RAM_LO {19.872 905.256 141.264 1078.056}
{u_axi_ram_lo/u_mem/G_SRAM_BANK[6].u_sram} RAM_LO {19.872 1082.376 141.264 1255.176}
{u_axi_ram_lo/u_mem/G_SRAM_BANK[7].u_sram} RAM_LO {19.872 1259.496 141.264 1432.296}
{u_axi_ram_lo/u_mem/G_SRAM_BANK[8].u_sram} RAM_LO {145.584 19.656 266.976 192.456}
{u_axi_ram_lo/u_mem/G_SRAM_BANK[9].u_sram} RAM_LO {145.584 196.776 266.976 369.576}
{u_axi_ram_lo/u_mem/G_SRAM_BANK[10].u_sram} RAM_LO {145.584 373.896 266.976 546.696}
{u_axi_ram_lo/u_mem/G_SRAM_BANK[11].u_sram} RAM_LO {145.584 551.016 266.976 723.816}
{u_axi_ram_lo/u_mem/G_SRAM_BANK[12].u_sram} RAM_LO {145.584 728.136 266.976 900.936}
{u_axi_ram_lo/u_mem/G_SRAM_BANK[13].u_sram} RAM_LO {145.584 905.256 266.976 1078.056}
{u_axi_ram_lo/u_mem/G_SRAM_BANK[14].u_sram} RAM_LO {145.584 1082.376 266.976 1255.176}
{u_axi_ram_lo/u_mem/G_SRAM_BANK[15].u_sram} RAM_LO {145.584 1259.496 266.976 1432.296}
{u_axi_ram_lo/u_mem/G_SRAM_BANK[16].u_sram} RAM_LO {271.296 19.656 392.688 192.456}
{u_axi_ram_lo/u_mem/G_SRAM_BANK[17].u_sram} RAM_LO {271.296 196.776 392.688 369.576}
{u_axi_ram_lo/u_mem/G_SRAM_BANK[18].u_sram} RAM_LO {271.296 373.896 392.688 546.696}
{u_axi_ram_lo/u_mem/G_SRAM_BANK[19].u_sram} RAM_LO {271.296 551.016 392.688 723.816}
{u_axi_ram_lo/u_mem/G_SRAM_BANK[20].u_sram} RAM_LO {271.296 728.136 392.688 900.936}
{u_axi_ram_lo/u_mem/G_SRAM_BANK[21].u_sram} RAM_LO {271.296 905.256 392.688 1078.056}
{u_axi_ram_lo/u_mem/G_SRAM_BANK[22].u_sram} RAM_LO {271.296 1082.376 392.688 1255.176}
{u_axi_ram_lo/u_mem/G_SRAM_BANK[23].u_sram} RAM_LO {271.296 1259.496 392.688 1432.296}
{u_axi_ram_lo/u_mem/G_SRAM_BANK[24].u_sram} RAM_LO {397.008 19.656 518.4 192.456}
{u_axi_ram_lo/u_mem/G_SRAM_BANK[25].u_sram} RAM_LO {397.008 196.776 518.4 369.576}
{u_axi_ram_lo/u_mem/G_SRAM_BANK[26].u_sram} RAM_LO {397.008 373.896 518.4 546.696}
{u_axi_ram_lo/u_mem/G_SRAM_BANK[27].u_sram} RAM_LO {397.008 551.016 518.4 723.816}
{u_axi_ram_lo/u_mem/G_SRAM_BANK[28].u_sram} RAM_LO {397.008 728.136 518.4 900.936}
{u_axi_ram_lo/u_mem/G_SRAM_BANK[29].u_sram} RAM_LO {397.008 905.256 518.4 1078.056}
{u_axi_ram_lo/u_mem/G_SRAM_BANK[30].u_sram} RAM_LO {397.008 1082.376 518.4 1255.176}
{u_axi_ram_lo/u_mem/G_SRAM_BANK[31].u_sram} RAM_LO {397.008 1259.496 518.4 1432.296}
{u_axi_ram_hi/u_mem/G_SRAM_BANK[0].u_sram} RAM_HI {1712.232 19.656 1833.624 192.456}
{u_axi_ram_hi/u_mem/G_SRAM_BANK[1].u_sram} RAM_HI {1712.232 196.776 1833.624 369.576}
{u_axi_ram_hi/u_mem/G_SRAM_BANK[2].u_sram} RAM_HI {1712.232 373.896 1833.624 546.696}
{u_axi_ram_hi/u_mem/G_SRAM_BANK[3].u_sram} RAM_HI {1712.232 551.016 1833.624 723.816}
{u_axi_ram_hi/u_mem/G_SRAM_BANK[4].u_sram} RAM_HI {1712.232 728.136 1833.624 900.936}
{u_axi_ram_hi/u_mem/G_SRAM_BANK[5].u_sram} RAM_HI {1712.232 905.256 1833.624 1078.056}
{u_axi_ram_hi/u_mem/G_SRAM_BANK[6].u_sram} RAM_HI {1712.232 1082.376 1833.624 1255.176}
{u_axi_ram_hi/u_mem/G_SRAM_BANK[7].u_sram} RAM_HI {1712.232 1259.496 1833.624 1432.296}
{u_axi_ram_hi/u_mem/G_SRAM_BANK[8].u_sram} RAM_HI {1837.944 19.656 1959.336 192.456}
{u_axi_ram_hi/u_mem/G_SRAM_BANK[9].u_sram} RAM_HI {1837.944 196.776 1959.336 369.576}
{u_axi_ram_hi/u_mem/G_SRAM_BANK[10].u_sram} RAM_HI {1837.944 373.896 1959.336 546.696}
{u_axi_ram_hi/u_mem/G_SRAM_BANK[11].u_sram} RAM_HI {1837.944 551.016 1959.336 723.816}
{u_axi_ram_hi/u_mem/G_SRAM_BANK[12].u_sram} RAM_HI {1837.944 728.136 1959.336 900.936}
{u_axi_ram_hi/u_mem/G_SRAM_BANK[13].u_sram} RAM_HI {1837.944 905.256 1959.336 1078.056}
{u_axi_ram_hi/u_mem/G_SRAM_BANK[14].u_sram} RAM_HI {1837.944 1082.376 1959.336 1255.176}
{u_axi_ram_hi/u_mem/G_SRAM_BANK[15].u_sram} RAM_HI {1837.944 1259.496 1959.336 1432.296}
{u_axi_ram_hi/u_mem/G_SRAM_BANK[16].u_sram} RAM_HI {1963.656 19.656 2085.048 192.456}
{u_axi_ram_hi/u_mem/G_SRAM_BANK[17].u_sram} RAM_HI {1963.656 196.776 2085.048 369.576}
{u_axi_ram_hi/u_mem/G_SRAM_BANK[18].u_sram} RAM_HI {1963.656 373.896 2085.048 546.696}
{u_axi_ram_hi/u_mem/G_SRAM_BANK[19].u_sram} RAM_HI {1963.656 551.016 2085.048 723.816}
{u_axi_ram_hi/u_mem/G_SRAM_BANK[20].u_sram} RAM_HI {1963.656 728.136 2085.048 900.936}
{u_axi_ram_hi/u_mem/G_SRAM_BANK[21].u_sram} RAM_HI {1963.656 905.256 2085.048 1078.056}
{u_axi_ram_hi/u_mem/G_SRAM_BANK[22].u_sram} RAM_HI {1963.656 1082.376 2085.048 1255.176}
{u_axi_ram_hi/u_mem/G_SRAM_BANK[23].u_sram} RAM_HI {1963.656 1259.496 2085.048 1432.296}
{u_axi_ram_hi/u_mem/G_SRAM_BANK[24].u_sram} RAM_HI {2089.368 19.656 2210.76 192.456}
{u_axi_ram_hi/u_mem/G_SRAM_BANK[25].u_sram} RAM_HI {2089.368 196.776 2210.76 369.576}
{u_axi_ram_hi/u_mem/G_SRAM_BANK[26].u_sram} RAM_HI {2089.368 373.896 2210.76 546.696}
{u_axi_ram_hi/u_mem/G_SRAM_BANK[27].u_sram} RAM_HI {2089.368 551.016 2210.76 723.816}
{u_axi_ram_hi/u_mem/G_SRAM_BANK[28].u_sram} RAM_HI {2089.368 728.136 2210.76 900.936}
{u_axi_ram_hi/u_mem/G_SRAM_BANK[29].u_sram} RAM_HI {2089.368 905.256 2210.76 1078.056}
{u_axi_ram_hi/u_mem/G_SRAM_BANK[30].u_sram} RAM_HI {2089.368 1082.376 2210.76 1255.176}
{u_axi_ram_hi/u_mem/G_SRAM_BANK[31].u_sram} RAM_HI {2089.368 1259.496 2210.76 1432.296}
{u_dcache/DATA_RAM_G_DATA_WAY[0].u_sram/G_SRAM_BANK[0].u_sram} CACHE {538.488 19.656 659.88 192.456}
{u_dcache/DATA_RAM_G_DATA_WAY[0].u_sram/G_SRAM_BANK[1].u_sram} CACHE {538.488 196.776 659.88 369.576}
{u_dcache/DATA_RAM_G_DATA_WAY[1].u_sram/G_SRAM_BANK[0].u_sram} CACHE {664.2 19.656 785.592 192.456}
{u_dcache/DATA_RAM_G_DATA_WAY[1].u_sram/G_SRAM_BANK[1].u_sram} CACHE {664.2 196.776 785.592 369.576}
{u_dtcm/u_mem/G_SRAM_BANK[0].u_sram} CACHE {789.912 19.656 911.304 192.456}
{u_dtcm/u_mem/G_SRAM_BANK[1].u_sram} CACHE {789.912 196.776 911.304 369.576}
{u_dtcm/u_mem/G_SRAM_BANK[2].u_sram} CACHE {915.624 19.656 1037.016 192.456}
{u_dtcm/u_mem/G_SRAM_BANK[3].u_sram} CACHE {915.624 196.776 1037.016 369.576}
{u_icache/DATA_RAM_G_DATA_WAY[0].u_sram/G_SRAM_BANK[0].u_sram} CACHE {1041.336 19.656 1162.728 192.456}
{u_icache/DATA_RAM_G_DATA_WAY[0].u_sram/G_SRAM_BANK[1].u_sram} CACHE {1041.336 196.776 1162.728 369.576}
{u_icache/DATA_RAM_G_DATA_WAY[1].u_sram/G_SRAM_BANK[0].u_sram} CACHE {1167.048 19.656 1288.44 192.456}
{u_icache/DATA_RAM_G_DATA_WAY[1].u_sram/G_SRAM_BANK[1].u_sram} CACHE {1167.048 196.776 1288.44 369.576}
{u_itcm/u_mem/G_SRAM_BANK[0].u_sram} CACHE {1292.76 19.656 1414.152 192.456}
{u_itcm/u_mem/G_SRAM_BANK[1].u_sram} CACHE {1292.76 196.776 1414.152 369.576}
{u_itcm/u_mem/G_SRAM_BANK[2].u_sram} CACHE {1418.472 19.656 1539.864 192.456}
{u_itcm/u_mem/G_SRAM_BANK[3].u_sram} CACHE {1418.472 196.776 1539.864 369.576}
{u_dcache/TAG_RAM_G_TAG_WAY[0].G_TAG_MACRO.u_sram/u_sram} TAG {1559.736 19.656 1623.736 140.616}
{u_dcache/TAG_RAM_G_TAG_WAY[1].G_TAG_MACRO.u_sram/u_sram} TAG {1559.736 144.936 1623.736 265.896}
{u_icache/TAG_RAM_G_TAG_WAY[0].G_TAG_MACRO.u_sram/u_sram} TAG {1628.208 19.656 1692.208 140.616}
{u_icache/TAG_RAM_G_TAG_WAY[1].G_TAG_MACRO.u_sram/u_sram} TAG {1628.208 144.936 1692.208 265.896}
