{u_axi_ram_lo/u_mem/G_SRAM_BANK[0].u_sram} RAM_LO {2.484 2.484 32.832 45.684}
{u_axi_ram_lo/u_mem/G_SRAM_BANK[1].u_sram} RAM_LO {2.484 46.764 32.832 89.964}
{u_axi_ram_lo/u_mem/G_SRAM_BANK[2].u_sram} RAM_LO {2.484 91.044 32.832 134.244}
{u_axi_ram_lo/u_mem/G_SRAM_BANK[3].u_sram} RAM_LO {2.484 135.324 32.832 178.524}
{u_axi_ram_lo/u_mem/G_SRAM_BANK[4].u_sram} RAM_LO {2.484 179.604 32.832 222.804}
{u_axi_ram_lo/u_mem/G_SRAM_BANK[5].u_sram} RAM_LO {2.484 223.884 32.832 267.084}
{u_axi_ram_lo/u_mem/G_SRAM_BANK[6].u_sram} RAM_LO {2.484 268.164 32.832 311.364}
{u_axi_ram_lo/u_mem/G_SRAM_BANK[7].u_sram} RAM_LO {2.484 312.444 32.832 355.644}
{u_axi_ram_lo/u_mem/G_SRAM_BANK[8].u_sram} RAM_LO {37.152 2.484 67.5 45.684}
{u_axi_ram_lo/u_mem/G_SRAM_BANK[9].u_sram} RAM_LO {37.152 46.764 67.5 89.964}
{u_axi_ram_lo/u_mem/G_SRAM_BANK[10].u_sram} RAM_LO {37.152 91.044 67.5 134.244}
{u_axi_ram_lo/u_mem/G_SRAM_BANK[11].u_sram} RAM_LO {37.152 135.324 67.5 178.524}
{u_axi_ram_lo/u_mem/G_SRAM_BANK[12].u_sram} RAM_LO {37.152 179.604 67.5 222.804}
{u_axi_ram_lo/u_mem/G_SRAM_BANK[13].u_sram} RAM_LO {37.152 223.884 67.5 267.084}
{u_axi_ram_lo/u_mem/G_SRAM_BANK[14].u_sram} RAM_LO {37.152 268.164 67.5 311.364}
{u_axi_ram_lo/u_mem/G_SRAM_BANK[15].u_sram} RAM_LO {37.152 312.444 67.5 355.644}
{u_axi_ram_lo/u_mem/G_SRAM_BANK[16].u_sram} RAM_LO {68.58 2.484 98.928 45.684}
{u_axi_ram_lo/u_mem/G_SRAM_BANK[17].u_sram} RAM_LO {68.58 46.764 98.928 89.964}
{u_axi_ram_lo/u_mem/G_SRAM_BANK[18].u_sram} RAM_LO {68.58 91.044 98.928 134.244}
{u_axi_ram_lo/u_mem/G_SRAM_BANK[19].u_sram} RAM_LO {68.58 135.324 98.928 178.524}
{u_axi_ram_lo/u_mem/G_SRAM_BANK[20].u_sram} RAM_LO {68.58 179.604 98.928 222.804}
{u_axi_ram_lo/u_mem/G_SRAM_BANK[21].u_sram} RAM_LO {68.58 223.884 98.928 267.084}
{u_axi_ram_lo/u_mem/G_SRAM_BANK[22].u_sram} RAM_LO {68.58 268.164 98.928 311.364}
{u_axi_ram_lo/u_mem/G_SRAM_BANK[23].u_sram} RAM_LO {68.58 312.444 98.928 355.644}
{u_axi_ram_lo/u_mem/G_SRAM_BANK[24].u_sram} RAM_LO {103.248 2.484 133.596 45.684}
{u_axi_ram_lo/u_mem/G_SRAM_BANK[25].u_sram} RAM_LO {103.248 46.764 133.596 89.964}
{u_axi_ram_lo/u_mem/G_SRAM_BANK[26].u_sram} RAM_LO {103.248 91.044 133.596 134.244}
{u_axi_ram_lo/u_mem/G_SRAM_BANK[27].u_sram} RAM_LO {103.248 135.324 133.596 178.524}
{u_axi_ram_lo/u_mem/G_SRAM_BANK[28].u_sram} RAM_LO {103.248 179.604 133.596 222.804}
{u_axi_ram_lo/u_mem/G_SRAM_BANK[29].u_sram} RAM_LO {103.248 223.884 133.596 267.084}
{u_axi_ram_lo/u_mem/G_SRAM_BANK[30].u_sram} RAM_LO {103.248 268.164 133.596 311.364}
{u_axi_ram_lo/u_mem/G_SRAM_BANK[31].u_sram} RAM_LO {103.248 312.444 133.596 355.644}
{u_axi_ram_hi/u_mem/G_SRAM_BANK[0].u_sram} RAM_HI {432.0 2.484 462.348 45.684}
{u_axi_ram_hi/u_mem/G_SRAM_BANK[1].u_sram} RAM_HI {432.0 46.764 462.348 89.964}
{u_axi_ram_hi/u_mem/G_SRAM_BANK[2].u_sram} RAM_HI {432.0 91.044 462.348 134.244}
{u_axi_ram_hi/u_mem/G_SRAM_BANK[3].u_sram} RAM_HI {432.0 135.324 462.348 178.524}
{u_axi_ram_hi/u_mem/G_SRAM_BANK[4].u_sram} RAM_HI {432.0 179.604 462.348 222.804}
{u_axi_ram_hi/u_mem/G_SRAM_BANK[5].u_sram} RAM_HI {432.0 223.884 462.348 267.084}
{u_axi_ram_hi/u_mem/G_SRAM_BANK[6].u_sram} RAM_HI {432.0 268.164 462.348 311.364}
{u_axi_ram_hi/u_mem/G_SRAM_BANK[7].u_sram} RAM_HI {432.0 312.444 462.348 355.644}
{u_axi_ram_hi/u_mem/G_SRAM_BANK[8].u_sram} RAM_HI {466.668 2.484 497.016 45.684}
{u_axi_ram_hi/u_mem/G_SRAM_BANK[9].u_sram} RAM_HI {466.668 46.764 497.016 89.964}
{u_axi_ram_hi/u_mem/G_SRAM_BANK[10].u_sram} RAM_HI {466.668 91.044 497.016 134.244}
{u_axi_ram_hi/u_mem/G_SRAM_BANK[11].u_sram} RAM_HI {466.668 135.324 497.016 178.524}
{u_axi_ram_hi/u_mem/G_SRAM_BANK[12].u_sram} RAM_HI {466.668 179.604 497.016 222.804}
{u_axi_ram_hi/u_mem/G_SRAM_BANK[13].u_sram} RAM_HI {466.668 223.884 497.016 267.084}
{u_axi_ram_hi/u_mem/G_SRAM_BANK[14].u_sram} RAM_HI {466.668 268.164 497.016 311.364}
{u_axi_ram_hi/u_mem/G_SRAM_BANK[15].u_sram} RAM_HI {466.668 312.444 497.016 355.644}
{u_axi_ram_hi/u_mem/G_SRAM_BANK[16].u_sram} RAM_HI {498.096 2.484 528.444 45.684}
{u_axi_ram_hi/u_mem/G_SRAM_BANK[17].u_sram} RAM_HI {498.096 46.764 528.444 89.964}
{u_axi_ram_hi/u_mem/G_SRAM_BANK[18].u_sram} RAM_HI {498.096 91.044 528.444 134.244}
{u_axi_ram_hi/u_mem/G_SRAM_BANK[19].u_sram} RAM_HI {498.096 135.324 528.444 178.524}
{u_axi_ram_hi/u_mem/G_SRAM_BANK[20].u_sram} RAM_HI {498.096 179.604 528.444 222.804}
{u_axi_ram_hi/u_mem/G_SRAM_BANK[21].u_sram} RAM_HI {498.096 223.884 528.444 267.084}
{u_axi_ram_hi/u_mem/G_SRAM_BANK[22].u_sram} RAM_HI {498.096 268.164 528.444 311.364}
{u_axi_ram_hi/u_mem/G_SRAM_BANK[23].u_sram} RAM_HI {498.096 312.444 528.444 355.644}
{u_axi_ram_hi/u_mem/G_SRAM_BANK[24].u_sram} RAM_HI {532.764 2.484 563.112 45.684}
{u_axi_ram_hi/u_mem/G_SRAM_BANK[25].u_sram} RAM_HI {532.764 46.764 563.112 89.964}
{u_axi_ram_hi/u_mem/G_SRAM_BANK[26].u_sram} RAM_HI {532.764 91.044 563.112 134.244}
{u_axi_ram_hi/u_mem/G_SRAM_BANK[27].u_sram} RAM_HI {532.764 135.324 563.112 178.524}
{u_axi_ram_hi/u_mem/G_SRAM_BANK[28].u_sram} RAM_HI {532.764 179.604 563.112 222.804}
{u_axi_ram_hi/u_mem/G_SRAM_BANK[29].u_sram} RAM_HI {532.764 223.884 563.112 267.084}
{u_axi_ram_hi/u_mem/G_SRAM_BANK[30].u_sram} RAM_HI {532.764 268.164 563.112 311.364}
{u_axi_ram_hi/u_mem/G_SRAM_BANK[31].u_sram} RAM_HI {532.764 312.444 563.112 355.644}
{u_dcache/DATA_RAM_G_DATA_WAY[0].u_sram/G_SRAM_BANK[0].u_sram} CACHE {138.618 2.484 168.966 45.684}
{u_dcache/DATA_RAM_G_DATA_WAY[0].u_sram/G_SRAM_BANK[1].u_sram} CACHE {138.618 46.764 168.966 89.964}
{u_dcache/DATA_RAM_G_DATA_WAY[1].u_sram/G_SRAM_BANK[0].u_sram} CACHE {170.046 2.484 200.394 45.684}
{u_dcache/DATA_RAM_G_DATA_WAY[1].u_sram/G_SRAM_BANK[1].u_sram} CACHE {170.046 46.764 200.394 89.964}
{u_dtcm/u_mem/G_SRAM_BANK[0].u_sram} CACHE {238.896 2.484 269.244 45.684}
{u_dtcm/u_mem/G_SRAM_BANK[1].u_sram} CACHE {238.896 46.764 269.244 89.964}
{u_dtcm/u_mem/G_SRAM_BANK[2].u_sram} CACHE {270.324 2.484 300.672 45.684}
{u_dtcm/u_mem/G_SRAM_BANK[3].u_sram} CACHE {270.324 46.764 300.672 89.964}
{u_icache/DATA_RAM_G_DATA_WAY[0].u_sram/G_SRAM_BANK[0].u_sram} CACHE {304.29 2.484 334.638 45.684}
{u_icache/DATA_RAM_G_DATA_WAY[0].u_sram/G_SRAM_BANK[1].u_sram} CACHE {304.29 46.764 334.638 89.964}
{u_icache/DATA_RAM_G_DATA_WAY[1].u_sram/G_SRAM_BANK[0].u_sram} CACHE {335.718 2.484 366.066 45.684}
{u_icache/DATA_RAM_G_DATA_WAY[1].u_sram/G_SRAM_BANK[1].u_sram} CACHE {335.718 46.764 366.066 89.964}
{u_itcm/u_mem/G_SRAM_BANK[0].u_sram} CACHE {367.146 2.484 397.494 45.684}
{u_itcm/u_mem/G_SRAM_BANK[1].u_sram} CACHE {367.146 46.764 397.494 89.964}
{u_itcm/u_mem/G_SRAM_BANK[2].u_sram} CACHE {398.574 2.484 428.922 45.684}
{u_itcm/u_mem/G_SRAM_BANK[3].u_sram} CACHE {398.574 46.764 428.922 89.964}
{u_dcache/TAG_RAM_G_TAG_WAY[0].G_TAG_MACRO.u_sram/u_sram} TAG {202.554 2.484 218.554 32.724}
{u_dcache/TAG_RAM_G_TAG_WAY[1].G_TAG_MACRO.u_sram/u_sram} TAG {202.554 33.804 218.554 64.044}
{u_icache/TAG_RAM_G_TAG_WAY[0].G_TAG_MACRO.u_sram/u_sram} TAG {220.698 2.484 236.698 32.724}
{u_icache/TAG_RAM_G_TAG_WAY[1].G_TAG_MACRO.u_sram/u_sram} TAG {220.698 33.804 236.698 64.044}
