###############################################################
#  Generated by:      Cadence Innovus 23.14-s088_1
#  OS:                Linux x86_64(Host ID user1-EliteMini)
#  Generated on:      Thu Sep 17 11:16:18 2026
#  Design:            top_soc
#  Command:           report_timing_derate > ./reports/sram_derate.rpt
###############################################################


---- Report Timing Derate for DC Corner: dc_ss

                         -------------Clock-----------------    ---------------Data-----------------
                              Rise                Fall                Rise                Fall
                         Early     Late      Early     Late      Early     Late      Early     Late
                         ---------------------------------------------------------------------------


Cell (leaf): u_itcm/u_mem/G_SRAM_BANK[0].u_sram
 Cell Delay                   --     1.300        --     1.300        --     1.300        --     1.300
 Cell Check                   --     1.300        --     1.300        --     1.300        --     1.300
 pulse_width_check            --        --        --        --        --        --        --        --
 clock_period_check           --        --        --        --        --        --        --        --

Cell (leaf): u_itcm/u_mem/G_SRAM_BANK[1].u_sram
 Cell Delay                   --     1.300        --     1.300        --     1.300        --     1.300
 Cell Check                   --     1.300        --     1.300        --     1.300        --     1.300
 pulse_width_check            --        --        --        --        --        --        --        --
 clock_period_check           --        --        --        --        --        --        --        --

Cell (leaf): u_itcm/u_mem/G_SRAM_BANK[2].u_sram
 Cell Delay                   --     1.300        --     1.300        --     1.300        --     1.300
 Cell Check                   --     1.300        --     1.300        --     1.300        --     1.300
 pulse_width_check            --        --        --        --        --        --        --        --
 clock_period_check           --        --        --        --        --        --        --        --

Cell (leaf): u_itcm/u_mem/G_SRAM_BANK[3].u_sram
 Cell Delay                   --     1.300        --     1.300        --     1.300        --     1.300
 Cell Check                   --     1.300        --     1.300        --     1.300        --     1.300
 pulse_width_check            --        --        --        --        --        --        --        --
 clock_period_check           --        --        --        --        --        --        --        --

Cell (leaf): u_dtcm/u_mem/G_SRAM_BANK[0].u_sram
 Cell Delay                   --     1.300        --     1.300        --     1.300        --     1.300
 Cell Check                   --     1.300        --     1.300        --     1.300        --     1.300
 pulse_width_check            --        --        --        --        --        --        --        --
 clock_period_check           --        --        --        --        --        --        --        --

Cell (leaf): u_dtcm/u_mem/G_SRAM_BANK[1].u_sram
 Cell Delay                   --     1.300        --     1.300        --     1.300        --     1.300
 Cell Check                   --     1.300        --     1.300        --     1.300        --     1.300
 pulse_width_check            --        --        --        --        --        --        --        --
 clock_period_check           --        --        --        --        --        --        --        --

Cell (leaf): u_dtcm/u_mem/G_SRAM_BANK[2].u_sram
 Cell Delay                   --     1.300        --     1.300        --     1.300        --     1.300
 Cell Check                   --     1.300        --     1.300        --     1.300        --     1.300
 pulse_width_check            --        --        --        --        --        --        --        --
 clock_period_check           --        --        --        --        --        --        --        --

Cell (leaf): u_dtcm/u_mem/G_SRAM_BANK[3].u_sram
 Cell Delay                   --     1.300        --     1.300        --     1.300        --     1.300
 Cell Check                   --     1.300        --     1.300        --     1.300        --     1.300
 pulse_width_check            --        --        --        --        --        --        --        --
 clock_period_check           --        --        --        --        --        --        --        --

Cell (leaf): u_dcache/DATA_RAM_G_DATA_WAY[0].u_sram/G_SRAM_BANK[0].u_sram
 Cell Delay                   --     1.300        --     1.300        --     1.300        --     1.300
 Cell Check                   --     1.300        --     1.300        --     1.300        --     1.300
 pulse_width_check            --        --        --        --        --        --        --        --
 clock_period_check           --        --        --        --        --        --        --        --

Cell (leaf): u_dcache/DATA_RAM_G_DATA_WAY[0].u_sram/G_SRAM_BANK[1].u_sram
 Cell Delay                   --     1.300        --     1.300        --     1.300        --     1.300
 Cell Check                   --     1.300        --     1.300        --     1.300        --     1.300
 pulse_width_check            --        --        --        --        --        --        --        --
 clock_period_check           --        --        --        --        --        --        --        --

Cell (leaf): u_dcache/DATA_RAM_G_DATA_WAY[1].u_sram/G_SRAM_BANK[0].u_sram
 Cell Delay                   --     1.300        --     1.300        --     1.300        --     1.300
 Cell Check                   --     1.300        --     1.300        --     1.300        --     1.300
 pulse_width_check            --        --        --        --        --        --        --        --
 clock_period_check           --        --        --        --        --        --        --        --

Cell (leaf): u_dcache/DATA_RAM_G_DATA_WAY[1].u_sram/G_SRAM_BANK[1].u_sram
 Cell Delay                   --     1.300        --     1.300        --     1.300        --     1.300
 Cell Check                   --     1.300        --     1.300        --     1.300        --     1.300
 pulse_width_check            --        --        --        --        --        --        --        --
 clock_period_check           --        --        --        --        --        --        --        --

Cell (leaf): u_dcache/TAG_RAM_G_TAG_WAY[0].G_TAG_MACRO.u_sram/u_sram
 Cell Delay                   --     1.300        --     1.300        --     1.300        --     1.300
 Cell Check                   --     1.300        --     1.300        --     1.300        --     1.300
 pulse_width_check            --        --        --        --        --        --        --        --
 clock_period_check           --        --        --        --        --        --        --        --

Cell (leaf): u_dcache/TAG_RAM_G_TAG_WAY[1].G_TAG_MACRO.u_sram/u_sram
 Cell Delay                   --     1.300        --     1.300        --     1.300        --     1.300
 Cell Check                   --     1.300        --     1.300        --     1.300        --     1.300
 pulse_width_check            --        --        --        --        --        --        --        --
 clock_period_check           --        --        --        --        --        --        --        --

Cell (leaf): u_icache/DATA_RAM_G_DATA_WAY[0].u_sram/G_SRAM_BANK[0].u_sram
 Cell Delay                   --     1.300        --     1.300        --     1.300        --     1.300
 Cell Check                   --     1.300        --     1.300        --     1.300        --     1.300
 pulse_width_check            --        --        --        --        --        --        --        --
 clock_period_check           --        --        --        --        --        --        --        --

Cell (leaf): u_icache/DATA_RAM_G_DATA_WAY[0].u_sram/G_SRAM_BANK[1].u_sram
 Cell Delay                   --     1.300        --     1.300        --     1.300        --     1.300
 Cell Check                   --     1.300        --     1.300        --     1.300        --     1.300
 pulse_width_check            --        --        --        --        --        --        --        --
 clock_period_check           --        --        --        --        --        --        --        --

Cell (leaf): u_icache/DATA_RAM_G_DATA_WAY[1].u_sram/G_SRAM_BANK[0].u_sram
 Cell Delay                   --     1.300        --     1.300        --     1.300        --     1.300
 Cell Check                   --     1.300        --     1.300        --     1.300        --     1.300
 pulse_width_check            --        --        --        --        --        --        --        --
 clock_period_check           --        --        --        --        --        --        --        --

Cell (leaf): u_icache/DATA_RAM_G_DATA_WAY[1].u_sram/G_SRAM_BANK[1].u_sram
 Cell Delay                   --     1.300        --     1.300        --     1.300        --     1.300
 Cell Check                   --     1.300        --     1.300        --     1.300        --     1.300
 pulse_width_check            --        --        --        --        --        --        --        --
 clock_period_check           --        --        --        --        --        --        --        --

Cell (leaf): u_icache/TAG_RAM_G_TAG_WAY[0].G_TAG_MACRO.u_sram/u_sram
 Cell Delay                   --     1.300        --     1.300        --     1.300        --     1.300
 Cell Check                   --     1.300        --     1.300        --     1.300        --     1.300
 pulse_width_check            --        --        --        --        --        --        --        --
 clock_period_check           --        --        --        --        --        --        --        --

Cell (leaf): u_icache/TAG_RAM_G_TAG_WAY[1].G_TAG_MACRO.u_sram/u_sram
 Cell Delay                   --     1.300        --     1.300        --     1.300        --     1.300
 Cell Check                   --     1.300        --     1.300        --     1.300        --     1.300
 pulse_width_check            --        --        --        --        --        --        --        --
 clock_period_check           --        --        --        --        --        --        --        --

Cell (leaf): u_axi_ram_hi/u_mem/G_SRAM_BANK[0].u_sram
 Cell Delay                   --     1.300        --     1.300        --     1.300        --     1.300
 Cell Check                   --     1.300        --     1.300        --     1.300        --     1.300
 pulse_width_check            --        --        --        --        --        --        --        --
 clock_period_check           --        --        --        --        --        --        --        --

Cell (leaf): u_axi_ram_hi/u_mem/G_SRAM_BANK[1].u_sram
 Cell Delay                   --     1.300        --     1.300        --     1.300        --     1.300
 Cell Check                   --     1.300        --     1.300        --     1.300        --     1.300
 pulse_width_check            --        --        --        --        --        --        --        --
 clock_period_check           --        --        --        --        --        --        --        --

Cell (leaf): u_axi_ram_hi/u_mem/G_SRAM_BANK[2].u_sram
 Cell Delay                   --     1.300        --     1.300        --     1.300        --     1.300
 Cell Check                   --     1.300        --     1.300        --     1.300        --     1.300
 pulse_width_check            --        --        --        --        --        --        --        --
 clock_period_check           --        --        --        --        --        --        --        --

Cell (leaf): u_axi_ram_hi/u_mem/G_SRAM_BANK[3].u_sram
 Cell Delay                   --     1.300        --     1.300        --     1.300        --     1.300
 Cell Check                   --     1.300        --     1.300        --     1.300        --     1.300
 pulse_width_check            --        --        --        --        --        --        --        --
 clock_period_check           --        --        --        --        --        --        --        --

Cell (leaf): u_axi_ram_hi/u_mem/G_SRAM_BANK[4].u_sram
 Cell Delay                   --     1.300        --     1.300        --     1.300        --     1.300
 Cell Check                   --     1.300        --     1.300        --     1.300        --     1.300
 pulse_width_check            --        --        --        --        --        --        --        --
 clock_period_check           --        --        --        --        --        --        --        --

Cell (leaf): u_axi_ram_hi/u_mem/G_SRAM_BANK[5].u_sram
 Cell Delay                   --     1.300        --     1.300        --     1.300        --     1.300
 Cell Check                   --     1.300        --     1.300        --     1.300        --     1.300
 pulse_width_check            --        --        --        --        --        --        --        --
 clock_period_check           --        --        --        --        --        --        --        --

Cell (leaf): u_axi_ram_hi/u_mem/G_SRAM_BANK[6].u_sram
 Cell Delay                   --     1.300        --     1.300        --     1.300        --     1.300
 Cell Check                   --     1.300        --     1.300        --     1.300        --     1.300
 pulse_width_check            --        --        --        --        --        --        --        --
 clock_period_check           --        --        --        --        --        --        --        --

Cell (leaf): u_axi_ram_hi/u_mem/G_SRAM_BANK[7].u_sram
 Cell Delay                   --     1.300        --     1.300        --     1.300        --     1.300
 Cell Check                   --     1.300        --     1.300        --     1.300        --     1.300
 pulse_width_check            --        --        --        --        --        --        --        --
 clock_period_check           --        --        --        --        --        --        --        --

Cell (leaf): u_axi_ram_hi/u_mem/G_SRAM_BANK[8].u_sram
 Cell Delay                   --     1.300        --     1.300        --     1.300        --     1.300
 Cell Check                   --     1.300        --     1.300        --     1.300        --     1.300
 pulse_width_check            --        --        --        --        --        --        --        --
 clock_period_check           --        --        --        --        --        --        --        --

Cell (leaf): u_axi_ram_hi/u_mem/G_SRAM_BANK[9].u_sram
 Cell Delay                   --     1.300        --     1.300        --     1.300        --     1.300
 Cell Check                   --     1.300        --     1.300        --     1.300        --     1.300
 pulse_width_check            --        --        --        --        --        --        --        --
 clock_period_check           --        --        --        --        --        --        --        --

Cell (leaf): u_axi_ram_hi/u_mem/G_SRAM_BANK[10].u_sram
 Cell Delay                   --     1.300        --     1.300        --     1.300        --     1.300
 Cell Check                   --     1.300        --     1.300        --     1.300        --     1.300
 pulse_width_check            --        --        --        --        --        --        --        --
 clock_period_check           --        --        --        --        --        --        --        --

Cell (leaf): u_axi_ram_hi/u_mem/G_SRAM_BANK[11].u_sram
 Cell Delay                   --     1.300        --     1.300        --     1.300        --     1.300
 Cell Check                   --     1.300        --     1.300        --     1.300        --     1.300
 pulse_width_check            --        --        --        --        --        --        --        --
 clock_period_check           --        --        --        --        --        --        --        --

Cell (leaf): u_axi_ram_hi/u_mem/G_SRAM_BANK[12].u_sram
 Cell Delay                   --     1.300        --     1.300        --     1.300        --     1.300
 Cell Check                   --     1.300        --     1.300        --     1.300        --     1.300
 pulse_width_check            --        --        --        --        --        --        --        --
 clock_period_check           --        --        --        --        --        --        --        --

Cell (leaf): u_axi_ram_hi/u_mem/G_SRAM_BANK[13].u_sram
 Cell Delay                   --     1.300        --     1.300        --     1.300        --     1.300
 Cell Check                   --     1.300        --     1.300        --     1.300        --     1.300
 pulse_width_check            --        --        --        --        --        --        --        --
 clock_period_check           --        --        --        --        --        --        --        --

Cell (leaf): u_axi_ram_hi/u_mem/G_SRAM_BANK[14].u_sram
 Cell Delay                   --     1.300        --     1.300        --     1.300        --     1.300
 Cell Check                   --     1.300        --     1.300        --     1.300        --     1.300
 pulse_width_check            --        --        --        --        --        --        --        --
 clock_period_check           --        --        --        --        --        --        --        --

Cell (leaf): u_axi_ram_hi/u_mem/G_SRAM_BANK[15].u_sram
 Cell Delay                   --     1.300        --     1.300        --     1.300        --     1.300
 Cell Check                   --     1.300        --     1.300        --     1.300        --     1.300
 pulse_width_check            --        --        --        --        --        --        --        --
 clock_period_check           --        --        --        --        --        --        --        --

Cell (leaf): u_axi_ram_hi/u_mem/G_SRAM_BANK[16].u_sram
 Cell Delay                   --     1.300        --     1.300        --     1.300        --     1.300
 Cell Check                   --     1.300        --     1.300        --     1.300        --     1.300
 pulse_width_check            --        --        --        --        --        --        --        --
 clock_period_check           --        --        --        --        --        --        --        --

Cell (leaf): u_axi_ram_hi/u_mem/G_SRAM_BANK[17].u_sram
 Cell Delay                   --     1.300        --     1.300        --     1.300        --     1.300
 Cell Check                   --     1.300        --     1.300        --     1.300        --     1.300
 pulse_width_check            --        --        --        --        --        --        --        --
 clock_period_check           --        --        --        --        --        --        --        --

Cell (leaf): u_axi_ram_hi/u_mem/G_SRAM_BANK[18].u_sram
 Cell Delay                   --     1.300        --     1.300        --     1.300        --     1.300
 Cell Check                   --     1.300        --     1.300        --     1.300        --     1.300
 pulse_width_check            --        --        --        --        --        --        --        --
 clock_period_check           --        --        --        --        --        --        --        --

Cell (leaf): u_axi_ram_hi/u_mem/G_SRAM_BANK[19].u_sram
 Cell Delay                   --     1.300        --     1.300        --     1.300        --     1.300
 Cell Check                   --     1.300        --     1.300        --     1.300        --     1.300
 pulse_width_check            --        --        --        --        --        --        --        --
 clock_period_check           --        --        --        --        --        --        --        --

Cell (leaf): u_axi_ram_hi/u_mem/G_SRAM_BANK[20].u_sram
 Cell Delay                   --     1.300        --     1.300        --     1.300        --     1.300
 Cell Check                   --     1.300        --     1.300        --     1.300        --     1.300
 pulse_width_check            --        --        --        --        --        --        --        --
 clock_period_check           --        --        --        --        --        --        --        --

Cell (leaf): u_axi_ram_hi/u_mem/G_SRAM_BANK[21].u_sram
 Cell Delay                   --     1.300        --     1.300        --     1.300        --     1.300
 Cell Check                   --     1.300        --     1.300        --     1.300        --     1.300
 pulse_width_check            --        --        --        --        --        --        --        --
 clock_period_check           --        --        --        --        --        --        --        --

Cell (leaf): u_axi_ram_hi/u_mem/G_SRAM_BANK[22].u_sram
 Cell Delay                   --     1.300        --     1.300        --     1.300        --     1.300
 Cell Check                   --     1.300        --     1.300        --     1.300        --     1.300
 pulse_width_check            --        --        --        --        --        --        --        --
 clock_period_check           --        --        --        --        --        --        --        --

Cell (leaf): u_axi_ram_hi/u_mem/G_SRAM_BANK[23].u_sram
 Cell Delay                   --     1.300        --     1.300        --     1.300        --     1.300
 Cell Check                   --     1.300        --     1.300        --     1.300        --     1.300
 pulse_width_check            --        --        --        --        --        --        --        --
 clock_period_check           --        --        --        --        --        --        --        --

Cell (leaf): u_axi_ram_hi/u_mem/G_SRAM_BANK[24].u_sram
 Cell Delay                   --     1.300        --     1.300        --     1.300        --     1.300
 Cell Check                   --     1.300        --     1.300        --     1.300        --     1.300
 pulse_width_check            --        --        --        --        --        --        --        --
 clock_period_check           --        --        --        --        --        --        --        --

Cell (leaf): u_axi_ram_hi/u_mem/G_SRAM_BANK[25].u_sram
 Cell Delay                   --     1.300        --     1.300        --     1.300        --     1.300
 Cell Check                   --     1.300        --     1.300        --     1.300        --     1.300
 pulse_width_check            --        --        --        --        --        --        --        --
 clock_period_check           --        --        --        --        --        --        --        --

Cell (leaf): u_axi_ram_hi/u_mem/G_SRAM_BANK[26].u_sram
 Cell Delay                   --     1.300        --     1.300        --     1.300        --     1.300
 Cell Check                   --     1.300        --     1.300        --     1.300        --     1.300
 pulse_width_check            --        --        --        --        --        --        --        --
 clock_period_check           --        --        --        --        --        --        --        --

Cell (leaf): u_axi_ram_hi/u_mem/G_SRAM_BANK[27].u_sram
 Cell Delay                   --     1.300        --     1.300        --     1.300        --     1.300
 Cell Check                   --     1.300        --     1.300        --     1.300        --     1.300
 pulse_width_check            --        --        --        --        --        --        --        --
 clock_period_check           --        --        --        --        --        --        --        --

Cell (leaf): u_axi_ram_hi/u_mem/G_SRAM_BANK[28].u_sram
 Cell Delay                   --     1.300        --     1.300        --     1.300        --     1.300
 Cell Check                   --     1.300        --     1.300        --     1.300        --     1.300
 pulse_width_check            --        --        --        --        --        --        --        --
 clock_period_check           --        --        --        --        --        --        --        --

Cell (leaf): u_axi_ram_hi/u_mem/G_SRAM_BANK[29].u_sram
 Cell Delay                   --     1.300        --     1.300        --     1.300        --     1.300
 Cell Check                   --     1.300        --     1.300        --     1.300        --     1.300
 pulse_width_check            --        --        --        --        --        --        --        --
 clock_period_check           --        --        --        --        --        --        --        --

Cell (leaf): u_axi_ram_hi/u_mem/G_SRAM_BANK[30].u_sram
 Cell Delay                   --     1.300        --     1.300        --     1.300        --     1.300
 Cell Check                   --     1.300        --     1.300        --     1.300        --     1.300
 pulse_width_check            --        --        --        --        --        --        --        --
 clock_period_check           --        --        --        --        --        --        --        --

Cell (leaf): u_axi_ram_hi/u_mem/G_SRAM_BANK[31].u_sram
 Cell Delay                   --     1.300        --     1.300        --     1.300        --     1.300
 Cell Check                   --     1.300        --     1.300        --     1.300        --     1.300
 pulse_width_check            --        --        --        --        --        --        --        --
 clock_period_check           --        --        --        --        --        --        --        --

Cell (leaf): u_axi_ram_lo/u_mem/G_SRAM_BANK[0].u_sram
 Cell Delay                   --     1.300        --     1.300        --     1.300        --     1.300
 Cell Check                   --     1.300        --     1.300        --     1.300        --     1.300
 pulse_width_check            --        --        --        --        --        --        --        --
 clock_period_check           --        --        --        --        --        --        --        --

Cell (leaf): u_axi_ram_lo/u_mem/G_SRAM_BANK[1].u_sram
 Cell Delay                   --     1.300        --     1.300        --     1.300        --     1.300
 Cell Check                   --     1.300        --     1.300        --     1.300        --     1.300
 pulse_width_check            --        --        --        --        --        --        --        --
 clock_period_check           --        --        --        --        --        --        --        --

Cell (leaf): u_axi_ram_lo/u_mem/G_SRAM_BANK[2].u_sram
 Cell Delay                   --     1.300        --     1.300        --     1.300        --     1.300
 Cell Check                   --     1.300        --     1.300        --     1.300        --     1.300
 pulse_width_check            --        --        --        --        --        --        --        --
 clock_period_check           --        --        --        --        --        --        --        --

Cell (leaf): u_axi_ram_lo/u_mem/G_SRAM_BANK[3].u_sram
 Cell Delay                   --     1.300        --     1.300        --     1.300        --     1.300
 Cell Check                   --     1.300        --     1.300        --     1.300        --     1.300
 pulse_width_check            --        --        --        --        --        --        --        --
 clock_period_check           --        --        --        --        --        --        --        --

Cell (leaf): u_axi_ram_lo/u_mem/G_SRAM_BANK[4].u_sram
 Cell Delay                   --     1.300        --     1.300        --     1.300        --     1.300
 Cell Check                   --     1.300        --     1.300        --     1.300        --     1.300
 pulse_width_check            --        --        --        --        --        --        --        --
 clock_period_check           --        --        --        --        --        --        --        --

Cell (leaf): u_axi_ram_lo/u_mem/G_SRAM_BANK[5].u_sram
 Cell Delay                   --     1.300        --     1.300        --     1.300        --     1.300
 Cell Check                   --     1.300        --     1.300        --     1.300        --     1.300
 pulse_width_check            --        --        --        --        --        --        --        --
 clock_period_check           --        --        --        --        --        --        --        --

Cell (leaf): u_axi_ram_lo/u_mem/G_SRAM_BANK[6].u_sram
 Cell Delay                   --     1.300        --     1.300        --     1.300        --     1.300
 Cell Check                   --     1.300        --     1.300        --     1.300        --     1.300
 pulse_width_check            --        --        --        --        --        --        --        --
 clock_period_check           --        --        --        --        --        --        --        --

Cell (leaf): u_axi_ram_lo/u_mem/G_SRAM_BANK[7].u_sram
 Cell Delay                   --     1.300        --     1.300        --     1.300        --     1.300
 Cell Check                   --     1.300        --     1.300        --     1.300        --     1.300
 pulse_width_check            --        --        --        --        --        --        --        --
 clock_period_check           --        --        --        --        --        --        --        --

Cell (leaf): u_axi_ram_lo/u_mem/G_SRAM_BANK[8].u_sram
 Cell Delay                   --     1.300        --     1.300        --     1.300        --     1.300
 Cell Check                   --     1.300        --     1.300        --     1.300        --     1.300
 pulse_width_check            --        --        --        --        --        --        --        --
 clock_period_check           --        --        --        --        --        --        --        --

Cell (leaf): u_axi_ram_lo/u_mem/G_SRAM_BANK[9].u_sram
 Cell Delay                   --     1.300        --     1.300        --     1.300        --     1.300
 Cell Check                   --     1.300        --     1.300        --     1.300        --     1.300
 pulse_width_check            --        --        --        --        --        --        --        --
 clock_period_check           --        --        --        --        --        --        --        --

Cell (leaf): u_axi_ram_lo/u_mem/G_SRAM_BANK[10].u_sram
 Cell Delay                   --     1.300        --     1.300        --     1.300        --     1.300
 Cell Check                   --     1.300        --     1.300        --     1.300        --     1.300
 pulse_width_check            --        --        --        --        --        --        --        --
 clock_period_check           --        --        --        --        --        --        --        --

Cell (leaf): u_axi_ram_lo/u_mem/G_SRAM_BANK[11].u_sram
 Cell Delay                   --     1.300        --     1.300        --     1.300        --     1.300
 Cell Check                   --     1.300        --     1.300        --     1.300        --     1.300
 pulse_width_check            --        --        --        --        --        --        --        --
 clock_period_check           --        --        --        --        --        --        --        --

Cell (leaf): u_axi_ram_lo/u_mem/G_SRAM_BANK[12].u_sram
 Cell Delay                   --     1.300        --     1.300        --     1.300        --     1.300
 Cell Check                   --     1.300        --     1.300        --     1.300        --     1.300
 pulse_width_check            --        --        --        --        --        --        --        --
 clock_period_check           --        --        --        --        --        --        --        --

Cell (leaf): u_axi_ram_lo/u_mem/G_SRAM_BANK[13].u_sram
 Cell Delay                   --     1.300        --     1.300        --     1.300        --     1.300
 Cell Check                   --     1.300        --     1.300        --     1.300        --     1.300
 pulse_width_check            --        --        --        --        --        --        --        --
 clock_period_check           --        --        --        --        --        --        --        --

Cell (leaf): u_axi_ram_lo/u_mem/G_SRAM_BANK[14].u_sram
 Cell Delay                   --     1.300        --     1.300        --     1.300        --     1.300
 Cell Check                   --     1.300        --     1.300        --     1.300        --     1.300
 pulse_width_check            --        --        --        --        --        --        --        --
 clock_period_check           --        --        --        --        --        --        --        --

Cell (leaf): u_axi_ram_lo/u_mem/G_SRAM_BANK[15].u_sram
 Cell Delay                   --     1.300        --     1.300        --     1.300        --     1.300
 Cell Check                   --     1.300        --     1.300        --     1.300        --     1.300
 pulse_width_check            --        --        --        --        --        --        --        --
 clock_period_check           --        --        --        --        --        --        --        --

Cell (leaf): u_axi_ram_lo/u_mem/G_SRAM_BANK[16].u_sram
 Cell Delay                   --     1.300        --     1.300        --     1.300        --     1.300
 Cell Check                   --     1.300        --     1.300        --     1.300        --     1.300
 pulse_width_check            --        --        --        --        --        --        --        --
 clock_period_check           --        --        --        --        --        --        --        --

Cell (leaf): u_axi_ram_lo/u_mem/G_SRAM_BANK[17].u_sram
 Cell Delay                   --     1.300        --     1.300        --     1.300        --     1.300
 Cell Check                   --     1.300        --     1.300        --     1.300        --     1.300
 pulse_width_check            --        --        --        --        --        --        --        --
 clock_period_check           --        --        --        --        --        --        --        --

Cell (leaf): u_axi_ram_lo/u_mem/G_SRAM_BANK[18].u_sram
 Cell Delay                   --     1.300        --     1.300        --     1.300        --     1.300
 Cell Check                   --     1.300        --     1.300        --     1.300        --     1.300
 pulse_width_check            --        --        --        --        --        --        --        --
 clock_period_check           --        --        --        --        --        --        --        --

Cell (leaf): u_axi_ram_lo/u_mem/G_SRAM_BANK[19].u_sram
 Cell Delay                   --     1.300        --     1.300        --     1.300        --     1.300
 Cell Check                   --     1.300        --     1.300        --     1.300        --     1.300
 pulse_width_check            --        --        --        --        --        --        --        --
 clock_period_check           --        --        --        --        --        --        --        --

Cell (leaf): u_axi_ram_lo/u_mem/G_SRAM_BANK[20].u_sram
 Cell Delay                   --     1.300        --     1.300        --     1.300        --     1.300
 Cell Check                   --     1.300        --     1.300        --     1.300        --     1.300
 pulse_width_check            --        --        --        --        --        --        --        --
 clock_period_check           --        --        --        --        --        --        --        --

Cell (leaf): u_axi_ram_lo/u_mem/G_SRAM_BANK[21].u_sram
 Cell Delay                   --     1.300        --     1.300        --     1.300        --     1.300
 Cell Check                   --     1.300        --     1.300        --     1.300        --     1.300
 pulse_width_check            --        --        --        --        --        --        --        --
 clock_period_check           --        --        --        --        --        --        --        --

Cell (leaf): u_axi_ram_lo/u_mem/G_SRAM_BANK[22].u_sram
 Cell Delay                   --     1.300        --     1.300        --     1.300        --     1.300
 Cell Check                   --     1.300        --     1.300        --     1.300        --     1.300
 pulse_width_check            --        --        --        --        --        --        --        --
 clock_period_check           --        --        --        --        --        --        --        --

Cell (leaf): u_axi_ram_lo/u_mem/G_SRAM_BANK[23].u_sram
 Cell Delay                   --     1.300        --     1.300        --     1.300        --     1.300
 Cell Check                   --     1.300        --     1.300        --     1.300        --     1.300
 pulse_width_check            --        --        --        --        --        --        --        --
 clock_period_check           --        --        --        --        --        --        --        --

Cell (leaf): u_axi_ram_lo/u_mem/G_SRAM_BANK[24].u_sram
 Cell Delay                   --     1.300        --     1.300        --     1.300        --     1.300
 Cell Check                   --     1.300        --     1.300        --     1.300        --     1.300
 pulse_width_check            --        --        --        --        --        --        --        --
 clock_period_check           --        --        --        --        --        --        --        --

Cell (leaf): u_axi_ram_lo/u_mem/G_SRAM_BANK[25].u_sram
 Cell Delay                   --     1.300        --     1.300        --     1.300        --     1.300
 Cell Check                   --     1.300        --     1.300        --     1.300        --     1.300
 pulse_width_check            --        --        --        --        --        --        --        --
 clock_period_check           --        --        --        --        --        --        --        --

Cell (leaf): u_axi_ram_lo/u_mem/G_SRAM_BANK[26].u_sram
 Cell Delay                   --     1.300        --     1.300        --     1.300        --     1.300
 Cell Check                   --     1.300        --     1.300        --     1.300        --     1.300
 pulse_width_check            --        --        --        --        --        --        --        --
 clock_period_check           --        --        --        --        --        --        --        --

Cell (leaf): u_axi_ram_lo/u_mem/G_SRAM_BANK[27].u_sram
 Cell Delay                   --     1.300        --     1.300        --     1.300        --     1.300
 Cell Check                   --     1.300        --     1.300        --     1.300        --     1.300
 pulse_width_check            --        --        --        --        --        --        --        --
 clock_period_check           --        --        --        --        --        --        --        --

Cell (leaf): u_axi_ram_lo/u_mem/G_SRAM_BANK[28].u_sram
 Cell Delay                   --     1.300        --     1.300        --     1.300        --     1.300
 Cell Check                   --     1.300        --     1.300        --     1.300        --     1.300
 pulse_width_check            --        --        --        --        --        --        --        --
 clock_period_check           --        --        --        --        --        --        --        --

Cell (leaf): u_axi_ram_lo/u_mem/G_SRAM_BANK[29].u_sram
 Cell Delay                   --     1.300        --     1.300        --     1.300        --     1.300
 Cell Check                   --     1.300        --     1.300        --     1.300        --     1.300
 pulse_width_check            --        --        --        --        --        --        --        --
 clock_period_check           --        --        --        --        --        --        --        --

Cell (leaf): u_axi_ram_lo/u_mem/G_SRAM_BANK[30].u_sram
 Cell Delay                   --     1.300        --     1.300        --     1.300        --     1.300
 Cell Check                   --     1.300        --     1.300        --     1.300        --     1.300
 pulse_width_check            --        --        --        --        --        --        --        --
 clock_period_check           --        --        --        --        --        --        --        --

Cell (leaf): u_axi_ram_lo/u_mem/G_SRAM_BANK[31].u_sram
 Cell Delay                   --     1.300        --     1.300        --     1.300        --     1.300
 Cell Check                   --     1.300        --     1.300        --     1.300        --     1.300
 pulse_width_check            --        --        --        --        --        --        --        --
 clock_period_check           --        --        --        --        --        --        --        --
