**INFO: Starting Blocking QThread with 8 CPU
   ____________________________________________________________________
__/ message from Blocking QThread
Multi-CPU acceleration using 8 CPU(s).
*** QThread MetricCollect [begin] (IncrReplace #1 / place_opt_design #1) : mem = 0.7M
Multithreaded Timing Analysis is initialized with 8 threads

###############################################################
#  Generated by:      Cadence Innovus 23.14-s088_1
#  OS:                Linux x86_64(Host ID user1-EliteMini)
#  Generated on:      Thu Sep 17 11:22:47 2026
#  Design:            top_soc
#  Command:           place_opt_design
###############################################################

REPORT ANALYSIS SUMMARY (View:view_ss) (EL:Setup)
=========================================================================================================================================================================================================

REPORT ANALYSIS SUMMARY (View:view_tt) (EL:Setup)
=========================================================================================================================================================================================================
Ending "set_metric_timing_analysis_summary" (total cpu=0:00:00.4, real=0:00:00.0, peak res=3477.8M, current mem=2712.8M)
Ending "get_summary_setup_timing" (total cpu=0:00:00.6, real=0:00:00.0, peak res=3477.8M, current mem=2714.1M)
*** QThread MetricCollect [finish] (IncrReplace #1 / place_opt_design #1) : cpu/real = 0:00:00.7/0:00:00.7 (1.0), mem = 48.7M
_______________________________________________________________________
