 ----------------------------------------------------------------------------------------------------------------------------------------------------------------------------------------------------------------------------------- 
| Snapshot                | WNS                  | TNS                  | Density (%) | Power estimated                                            | Hotspot                   | Resource               | DRVs       | Layer-OPT    |
|                         | HEPG (ns) | ALL (ns) | HEPG (ns) | ALL (ns) |             | Total (mW) | Leakage (mW) | Switching (mW) | Internal (mW) | Max (bins) | Total (bins) | Real (s) | Memory (MB) | Tran | Cap | M4 | M6 | M8 |
|-------------------------+-----------+----------+-----------+----------+-------------+------------+--------------+----------------+---------------+------------+--------------+----------+-------------+------+-----+----+----+----|
| initial_summary         |           |    0.000 |           |        0 |       70.33 |            |              |                |               |            |              | 0:00:01  |       10189 |    0 |   0 |    |    |    |
| route_type_refinement   |           |          |           |          |             |            |              |                |               |            |              | 0:00:01  |       10189 |      |     | 28 |  5 | 14 |
| simplify_netlist        |           |          |           |          |             |       1.43 |         0.00 |           0.88 |          0.55 |            |              | 0:00:01  |       10361 |      |     |    |    |    |
| excluded_clk_net_fixing |           |          |           |          |             |            |              |                |               |            |              | 0:00:00  |       10361 |      |     |    |    |    |
| global_opt              |           |    0.001 |           |        0 |       70.33 |       1.43 |         0.00 |           0.88 |          0.55 |            |              | 0:00:01  |       10361 |      |     | 28 |  5 | 14 |
| area_reclaiming         |     0.000 |    0.001 |         0 |        0 |       70.33 |       1.43 |         0.00 |           0.88 |          0.55 |            |              | 0:00:01  |       10361 |      |     | 28 |  6 | 13 |
| wns_fixing              |     0.000 |    0.007 |         0 |        0 |       70.40 |       1.44 |         0.00 |           0.88 |          0.56 |            |              | 0:00:06  |       10673 |      |     | 33 |  7 | 18 |
| area_reclaiming_2       |     0.000 |   -0.001 |         0 |       -0 |       70.33 |       1.44 |         0.00 |           0.88 |          0.55 |            |              | 0:00:02  |       10481 |      |     | 37 |  7 | 19 |
| area_reclaiming_3       |     0.000 |   -0.002 |         0 |       -0 |       70.33 |       1.44 |         0.00 |           0.88 |          0.55 |            |              | 0:00:02  |       10481 |      |     | 31 |  7 | 17 |
| power_reclaiming        |     0.000 |   -0.025 |         0 |       -0 |       70.21 |       1.43 |         0.00 |           0.88 |          0.55 |            |              | 0:00:01  |       10883 |      |     | 31 |  7 | 17 |
| local_wire_reclaim      |           |          |           |          |             |            |              |                |               |            |              | 0:00:05  |       10691 |      |     |    |    |    |
| global_route            |           |          |           |          |             |            |              |                |               |       0.00 |         0.00 | 0:00:01  |       10585 |      |     |    |    |    |
| route_type_refinement_2 |           |          |           |          |             |            |              |                |               |            |              | 0:00:00  |       10585 |      |     | 31 |  7 | 17 |
| drv_eco_fixing          |     0.000 |   -0.025 |         0 |       -0 |       70.21 |       1.43 |         0.00 |           0.88 |          0.55 |            |              | 0:00:01  |       10475 |    0 |   0 | 31 |  7 | 17 |
| wns_eco_fixing          |     0.000 |    0.000 |         0 |        0 |       70.30 |       1.43 |         0.00 |           0.88 |          0.55 |            |              | 0:00:06  |       10936 |      |     | 34 |  9 | 17 |
| power_reclaiming_2      |     0.000 |    0.000 |         0 |        0 |       70.28 |       1.43 |         0.00 |           0.88 |          0.55 |            |              | 0:00:03  |       11436 |      |     | 34 |  9 | 17 |
| initial_summary_2       |           |   -0.000 |           |       -0 |       70.28 |            |              |                |               |            |              | 0:00:02  |       11250 |    0 |   0 |    |    |    |
| hold_fixing             |     0.000 |   -0.000 |         0 |       -0 |       70.42 |       1.43 |         0.00 |           0.88 |          0.55 |            |              | 0:00:02  |       11346 |      |     | 34 |  9 | 17 |
| global_route_2          |           |          |           |          |             |            |              |                |               |            |              | 0:00:00  |       11346 |      |     |    |    |    |
| final_summary           |           |   -0.000 |           |       -0 |       70.42 |            |              |                |               |       0.00 |         0.00 | 0:00:03  |       11346 |    0 |   0 |    |    |    |
 ----------------------------------------------------------------------------------------------------------------------------------------------------------------------------------------------------------------------------------- 
