 ---------------------------------------------------------------------------------------------------------------------------------------------------------------------------------------------------------------------------------------- 
| Snapshot                    | WNS                  | TNS                  | Density (%) | Power estimated                                            | Hotspot                   | Resource               | DRVs       | Layer-OPT     |
|                             | HEPG (ns) | ALL (ns) | HEPG (ns) | ALL (ns) |             | Total (mW) | Leakage (mW) | Switching (mW) | Internal (mW) | Max (bins) | Total (bins) | Real (s) | Memory (MB) | Tran | Cap | M4  | M6 | M8 |
|-----------------------------+-----------+----------+-----------+----------+-------------+------------+--------------+----------------+---------------+------------+--------------+----------+-------------+------+-----+-----+----+----|
| initial_summary             |           |    0.009 |           |        0 |        0.33 |            |              |                |               |            |              | 0:00:01  |        8285 |    0 |   0 |     |    |    |
| route_type_refinement       |           |          |           |          |             |            |              |                |               |            |              | 0:00:01  |        8285 |      |     |  31 | 10 |  5 |
| force_downsizing_area_power |           |   -1.085 |           |     -326 |        0.32 |       0.51 |         0.00 |           0.24 |          0.27 |            |              | 0:00:01  |        8396 |      |     |     |    |    |
| simplify_netlist            |           |          |           |          |             |       0.47 |         0.00 |           0.24 |          0.24 |            |              | 0:00:02  |        8976 |      |     |     |    |    |
| drv_fixing                  |           |          |           |          |             |       0.47 |         0.00 |           0.24 |          0.24 |            |              | 0:00:01  |        8976 |      |     |     |    |    |
| area_reclaiming             |     0.000 |   -1.085 |         0 |     -326 |        0.32 |       0.47 |         0.00 |           0.24 |          0.24 |            |              | 0:00:01  |        8968 |      |     |  31 | 10 |  5 |
| drv_fixing_2                |     0.000 |   -0.832 |         0 |     -168 |        0.35 |       0.47 |         0.00 |           0.24 |          0.23 |            |              | 0:00:02  |        9208 |    0 |   0 |  80 | 14 | 22 |
| global_sizing               |           |          |           |          |             |       0.47 |         0.00 |           0.24 |          0.24 |            |              | 0:00:03  |        9342 |      |     |     |    |    |
| global_opt                  |           |    0.000 |           |        0 |        0.36 |       0.48 |         0.00 |           0.24 |          0.24 |            |              | 0:00:04  |        9392 |      |     | 191 | 12 | 22 |
| area_reclaiming_2           |     0.000 |    0.003 |         0 |        0 |        0.35 |       0.47 |         0.00 |           0.24 |          0.23 |            |              | 0:00:02  |        9387 |      |     |  58 | 11 |  8 |
| incremental_replacement     |           |   -0.252 |           |       -6 |             |            |              |                |               |       0.00 |         0.00 | 0:00:40  |        9395 |      |     |     |    |    |
| drv_fixing_3                |     0.000 |   -0.075 |         0 |       -2 |        0.36 |       0.48 |         0.00 |           0.24 |          0.24 |            |              | 0:00:02  |        9483 |    0 |   0 |  82 | 10 |  8 |
| tns_fixing                  |     0.000 |   -0.075 |         0 |       -2 |        0.36 |       0.48 |         0.00 |           0.24 |          0.24 |            |              | 0:00:03  |        9675 |      |     |  82 | 10 |  8 |
| wns_fixing                  |     0.000 |    0.008 |         0 |        0 |        0.36 |       0.48 |         0.00 |           0.24 |          0.24 |            |              | 0:00:04  |        9723 |      |     |  98 | 10 |  8 |
| area_reclaiming_3           |     0.000 |    0.001 |         0 |        0 |        0.35 |       0.47 |         0.00 |           0.24 |          0.23 |            |              | 0:00:03  |        9547 |      |     | 142 |  6 |  7 |
| area_reclaiming_4           |     0.000 |    0.005 |         0 |        0 |        0.34 |       0.47 |         0.00 |           0.24 |          0.23 |            |              | 0:00:01  |        9547 |      |     |  66 |  4 |  6 |
| drv_eco_fixing              |     0.000 |    0.005 |         0 |        0 |        0.34 |       0.47 |         0.00 |           0.24 |          0.23 |            |              | 0:00:01  |        9555 |    0 |   0 |  66 |  4 |  6 |
| power_reclaiming            |     0.000 |   -0.054 |         0 |       -1 |        0.34 |       0.47 |         0.00 |           0.24 |          0.23 |            |              | 0:00:00  |        9747 |      |     |  66 |  4 |  6 |
| wns_eco_fixing              |     0.000 |    0.004 |         0 |        0 |        0.34 |       0.47 |         0.00 |           0.24 |          0.23 |            |              | 0:00:02  |       10245 |      |     |  74 |  4 |  6 |
| power_reclaiming_2          |     0.000 |    0.003 |         0 |        0 |        0.34 |       0.47 |         0.00 |           0.24 |          0.23 |            |              | 0:00:01  |       10053 |      |     |  74 |  4 |  6 |
| final_summary               |           |    0.003 |           |        0 |        0.34 |            |              |                |               |            |              | 0:00:01  |        9749 |    0 |   0 |     |    |    |
 ---------------------------------------------------------------------------------------------------------------------------------------------------------------------------------------------------------------------------------------- 
