 -------------------------------------------------------------------------------------------------------------------------------------------------------------------------------------------------------------------------------- 
| Snapshot                | WNS                  | TNS                  | Density (%) | Power estimated                                            | Hotspot                   | Resource               | DRVs       | Layer-OPT |
|                         | HEPG (ns) | ALL (ns) | HEPG (ns) | ALL (ns) |             | Total (mW) | Leakage (mW) | Switching (mW) | Internal (mW) | Max (bins) | Total (bins) | Real (s) | Memory (MB) | Tran | Cap | M4  | M6  |
|-------------------------+-----------+----------+-----------+----------+-------------+------------+--------------+----------------+---------------+------------+--------------+----------+-------------+------+-----+-----+-----|
| initial_summary         |           |   -0.000 |           |       -0 |        0.38 |            |              |                |               |            |              | 0:00:01  |       10972 |    0 |   0 |     |     |
| route_type_refinement   |           |          |           |          |             |            |              |                |               |            |              | 0:00:01  |       10972 |      |     | 158 |   3 |
| simplify_netlist        |           |          |           |          |             |       0.46 |         0.00 |           0.22 |          0.24 |            |              | 0:00:02  |       10972 |      |     |     |     |
| excluded_clk_net_fixing |           |          |           |          |             |            |              |                |               |            |              | 0:00:00  |       10972 |      |     |     |     |
| global_opt              |           |    0.001 |           |        0 |        0.38 |       0.46 |         0.00 |           0.22 |          0.24 |            |              | 0:00:03  |       10972 |      |     | 159 |   3 |
| area_reclaiming         |     0.001 |    0.001 |         0 |        0 |        0.37 |       0.46 |         0.00 |           0.22 |          0.23 |            |              | 0:00:02  |       11004 |      |     | 112 |   3 |
| wns_fixing              |     0.007 |    0.007 |         0 |        0 |        0.37 |       0.46 |         0.00 |           0.22 |          0.23 |            |              | 0:00:14  |       11236 |      |     | 116 |   3 |
| area_reclaiming_2       |     0.002 |    0.000 |         0 |        0 |        0.36 |       0.45 |         0.00 |           0.22 |          0.23 |            |              | 0:00:03  |       11116 |      |     | 186 |   2 |
| area_reclaiming_3       |     0.003 |    0.000 |         0 |        0 |        0.36 |       0.45 |         0.00 |           0.22 |          0.23 |            |              | 0:00:02  |       11116 |      |     | 136 |   1 |
| power_reclaiming        |    -0.020 |   -0.020 |        -0 |       -0 |        0.36 |       0.46 |         0.00 |           0.22 |          0.23 |            |              | 0:00:01  |       11773 |      |     | 136 |   1 |
| local_wire_reclaim      |           |          |           |          |             |            |              |                |               |            |              | 0:00:04  |       11573 |      |     |     |     |
| global_route            |           |          |           |          |             |            |              |                |               |       0.00 |         0.00 | 0:00:01  |       11476 |      |     |     |     |
| route_type_refinement_2 |           |          |           |          |             |            |              |                |               |            |              | 0:00:00  |       11476 |      |     | 136 |   1 |
| drv_eco_fixing          |    -0.037 |   -0.037 |        -0 |       -0 |        0.37 |       0.46 |         0.00 |           0.22 |          0.23 |            |              | 0:00:02  |       11551 |    0 |   0 | 152 |   1 |
| wns_eco_fixing          |     0.002 |    0.002 |         0 |        0 |        0.37 |       0.46 |         0.00 |           0.22 |          0.23 |            |              | 0:00:04  |       11773 |      |     | 152 |   2 |
| power_reclaiming_2      |     0.002 |    0.002 |         0 |        0 |        0.37 |       0.46 |         0.00 |           0.22 |          0.23 |            |              | 0:00:02  |       12315 |      |     | 152 |   2 |
| initial_summary_2       |     0.004 |    0.004 |           |        0 |        0.37 |            |              |                |               |            |              | 0:00:02  |       12128 |    0 |   0 |     |     |
| hold_fixing             |     0.003 |    0.003 |         0 |        0 |        0.40 |       0.47 |         0.00 |           0.23 |          0.24 |            |              | 0:00:02  |       12249 |      |     | 157 |   2 |
| global_route_2          |           |          |           |          |             |            |              |                |               |            |              | 0:00:01  |       12249 |      |     |     |     |
| final_summary           |     0.003 |    0.003 |           |        0 |        0.40 |            |              |                |               |       1.21 |         2.43 | 0:00:03  |       12224 |    0 |   0 |     |     |
 -------------------------------------------------------------------------------------------------------------------------------------------------------------------------------------------------------------------------------- 
