============================================================
  Generated by:           Genus(TM) Synthesis Solution 23.14-s090_1
  Generated on:           Aug 11 2026  11:17:54 pm
  Module:                 riscv_pipeline
  Technology libraries:   asap7sc7p5t_SIMPLE_RVT_TT_ccs_211120 1.0
                          asap7sc7p5t_INVBUF_RVT_TT_ccs_211120 1.0
                          asap7sc7p5t_AO_RVT_TT_ccs_211120 1.0
                          asap7sc7p5t_OA_RVT_TT_ccs_211120 1.0
                          asap7sc7p5t_SEQ_RVT_TT_ccs_220123 1.0
                          asap7sc7p5t_SIMPLE_LVT_TT_ccs_211120 1.0
                          asap7sc7p5t_INVBUF_LVT_TT_ccs_211120 1.0
                          asap7sc7p5t_AO_LVT_TT_ccs_211120 1.0
                          asap7sc7p5t_OA_LVT_TT_ccs_211120 1.0
                          asap7sc7p5t_SEQ_LVT_TT_ccs_220123 1.0
  Operating conditions:   PVT_0P7V_25C (balanced_tree)
  Wireload mode:          enclosed
  Area mode:              timing library
============================================================

                 Instance                             Module             Cell-Count  Cell-Area  Net-Area   Total-Area   Wireload  
----------------------------------------------------------------------------------------------------------------------------------
riscv_pipeline                            NA                                  27279   5085.891     0.000     5085.891 <none> (D)  
  BPU                                     branch_prediction_unit               4516   1702.552     0.000     1702.552 <none> (D)  
    BHT                                   branch_history_table                  174     25.136     0.000       25.136 <none> (D)  
      add_157_66                          add_unsigned_1500                       5      0.333     0.000        0.333 <none> (D)  
      ctl_update_index_157_17             case_box_535                           36      3.496     0.000        3.496 <none> (D)  
      mux_predicts[0]_156_30              bmux_78_12                              2      0.333     0.000        0.333 <none> (D)  
      mux_predicts[lookup_index]_147_39   bmux_644                                1      1.332     0.000        1.332 <none> (D)  
      mux_predicts[update_index]_156_34   bmux_1505                               2      2.663     0.000        2.663 <none> (D)  
      sub_159_66                          sub_unsigned_1504                       6      0.375     0.000        0.375 <none> (D)  
    BTB                                   branch_target_buffer                 4316   1675.127     0.000     1675.127 <none> (D)  
      add_100_36                          add_unsigned_3                        196     13.067     0.000       13.067 <none> (D)  
      ctl_update_btb_115_22               case_box_497                            7      0.416     0.000        0.416 <none> (D)  
      ctl_update_index_116_13             case_box_498                           90      8.573     0.000        8.573 <none> (D)  
      eq_104_29                           equal_unsigned_1099_1                  34      3.371     0.000        3.371 <none> (D)  
      eq_105_32                           equal_unsigned_1105                    42      4.203     0.000        4.203 <none> (D)  
      eq_96_42                            equal_unsigned_1099                    34      3.371     0.000        3.371 <none> (D)  
      mux_98_29                           bmux_13_143                            32      5.327     0.000        5.327 <none> (D)  
      mux_tags[0]_115_22                  mux_1362                               24      3.995     0.000        3.995 <none> (D)  
      mux_tags[lookup_index]_96_23        bmux_1491_1                            24    127.844     0.000      127.844 <none> (D)  
      mux_tags[update_index]_104_10       bmux_1491                              24    127.844     0.000      127.844 <none> (D)  
      mux_targets[0]_115_22               mux_1234                               30      4.994     0.000        4.994 <none> (D)  
      mux_targets[lookup_index]_99_30     bmux_1492_1                            30    159.805     0.000      159.805 <none> (D)  
      mux_targets[update_index]_105_10    bmux_1492                              30    159.805     0.000      159.805 <none> (D)  
      mux_valids[0]_115_22                mux_27_6                                1      0.166     0.000        0.166 <none> (D)  
      mux_valids[lookup_index]_95_22      bmux_1490_1                             1      5.327     0.000        5.327 <none> (D)  
      mux_valids[update_index]_103_9      bmux_1490                               1      5.327     0.000        5.327 <none> (D)  
    mux_36_16                             bmux_78_45                              2      0.333     0.000        0.333 <none> (D)  
    mux_37_40                             bmux_78_44                              2      0.333     0.000        0.333 <none> (D)  
    mux_40_25                             bmux_215                                1      0.166     0.000        0.166 <none> (D)  
  CSR_RF                                  csr_register_file                    2930    561.982     0.000      561.982 <none> (D)  
    add_211_34                            add_unsigned_83                       419     27.883     0.000       27.883 <none> (D)  
    add_215_38                            add_unsigned_83_1                     419     27.883     0.000       27.883 <none> (D)  
    ctl_csr_addr_139_15                   case_box_75                            70      8.115     0.000        8.115 <none> (D)  
    ctl_csr_write_addr_257_23             case_box_69                            43      5.119     0.000        5.119 <none> (D)  
    ctl_dbg_reg_read_addr_166_15          case_box_72                            70      8.115     0.000        8.115 <none> (D)  
    ctl_dbg_reg_write_addr_221_23         case_box_68                            43      5.119     0.000        5.119 <none> (D)  
    mux_244_30                            bmux_21_1                               3      0.499     0.000        0.499 <none> (D)  
    mux_csr_read_data_139_15              mux_131_1                              32     55.932     0.000       55.932 <none> (D)  
    mux_dbg_read_data_166_15              mux_131                                32     55.932     0.000       55.932 <none> (D)  
    mux_dcsr_220_17                       bmux_13_12                             32      5.327     0.000        5.327 <none> (D)  
    mux_dcsr_242_37                       bmux_21_2                               3      0.499     0.000        0.499 <none> (D)  
    mux_dpc_220_17                        bmux_13_10                             32      5.327     0.000        5.327 <none> (D)  
    mux_dpc_242_37                        bmux_13_9                              32      5.327     0.000        5.327 <none> (D)  
    mux_dscratch0_220_17                  bmux_13_7                              32      5.327     0.000        5.327 <none> (D)  
    mux_mcause_220_17                     bmux_13_18                             32      5.327     0.000        5.327 <none> (D)  
    mux_mcause_245_26                     bmux_13_17                             32      5.327     0.000        5.327 <none> (D)  
    mux_mcycle_220_17                     bmux_89_10                             64     10.654     0.000       10.654 <none> (D)  
    mux_mcycle_221_23                     mux_87_2                               64     15.981     0.000       15.981 <none> (D)  
    mux_mcycle_242_37                     bmux_89_9                              64     10.654     0.000       10.654 <none> (D)  
    mux_mcycle_245_26                     bmux_89_8                              64     10.654     0.000       10.654 <none> (D)  
    mux_mcycle_252_26                     bmux_89_7                              64     10.654     0.000       10.654 <none> (D)  
    mux_mcycle_256_39                     bmux_89_6                              64     10.654     0.000       10.654 <none> (D)  
    mux_mcycle_257_23                     mux_87_3                               64     15.981     0.000       15.981 <none> (D)  
    mux_mepc_220_17                       bmux_13_21                             32      5.327     0.000        5.327 <none> (D)  
    mux_mepc_245_26                       bmux_13_20                             32      5.327     0.000        5.327 <none> (D)  
    mux_mie_220_17                        bmux_645                                3      0.499     0.000        0.499 <none> (D)  
    mux_minstret_220_17                   bmux_89_4                              64     10.654     0.000       10.654 <none> (D)  
    mux_minstret_221_23                   mux_87                                 64     15.981     0.000       15.981 <none> (D)  
    mux_minstret_242_37                   bmux_89_3                              64     10.654     0.000       10.654 <none> (D)  
    mux_minstret_245_26                   bmux_89_2                              64     10.654     0.000       10.654 <none> (D)  
    mux_minstret_252_26                   bmux_89_1                              64     10.654     0.000       10.654 <none> (D)  
    mux_minstret_256_39                   bmux_89                                64     10.654     0.000       10.654 <none> (D)  
    mux_minstret_257_23                   mux_87_1                               64     15.981     0.000       15.981 <none> (D)  
    mux_mstatus_220_17                    bmux_40_3                               4      0.666     0.000        0.666 <none> (D)  
    mux_mstatus_245_26                    bmux_40_2                               4      0.666     0.000        0.666 <none> (D)  
    mux_mstatus_252_26                    bmux_40_1                               4      0.666     0.000        0.666 <none> (D)  
    mux_mtval_220_17                      bmux_13_15                             32      5.327     0.000        5.327 <none> (D)  
    mux_mtval_245_26                      bmux_13_14                             32      5.327     0.000        5.327 <none> (D)  
  EX                                      execute                             13925   1538.710     0.000     1538.710 <none> (D)  
    DIV                                   divider                              3548    400.096     0.000      400.096 <none> (D)  
      ctl_state_329_19                    case_box_214                           10      0.583     0.000        0.583 <none> (D)  
      eq_369_34                           equal_unsigned_399                     13      1.873     0.000        1.873 <none> (D)  
      eq_421_33                           equal_unsigned_399_1                   13      1.873     0.000        1.873 <none> (D)  
      g25                                 and_op_204                             32      2.663     0.000        2.663 <none> (D)  
      g28                                 or_op_207                              32      2.663     0.000        2.663 <none> (D)  
      g29                                 and_op_208                             32      2.663     0.000        2.663 <none> (D)  
      g32                                 or_op_211                              32      2.663     0.000        2.663 <none> (D)  
      gte_407_38_I1                       geq_unsigned_412_1                    226     15.856     0.000       15.856 <none> (D)  
      gte_407_38_I2                       geq_unsigned_412                      226     15.856     0.000       15.856 <none> (D)  
      minus_336_49                        sub_unsigned_2                        172     11.652     0.000       11.652 <none> (D)  
      minus_342_48                        sub_unsigned_3                        172     11.652     0.000       11.652 <none> (D)  
      minus_429_42                        sub_unsigned_4                        172     11.652     0.000       11.652 <none> (D)  
      minus_435_42                        sub_unsigned_5                        172     11.652     0.000       11.652 <none> (D)  
      mux_dividend_abs_334_29             bmux_13_108                            32      5.327     0.000        5.327 <none> (D)  
      mux_dividend_abs_335_33             bmux_13_107                            32      5.327     0.000        5.327 <none> (D)  
      mux_divisor_abs_334_29              bmux_13_103                            32      5.327     0.000        5.327 <none> (D)  
      mux_divisor_abs_341_33              bmux_13_102                            32      5.327     0.000        5.327 <none> (D)  
      mux_mask_329_19                     mux_352_5                              32      5.327     0.000        5.327 <none> (D)  
      mux_mask_tmp_392_15                 mux_352_2                              32      5.327     0.000        5.327 <none> (D)  
      mux_mask_tmp_400_34                 bmux_13_100                            32      5.327     0.000        5.327 <none> (D)  
      mux_mask_tmp_400_39                 bmux_13_101                            32      5.327     0.000        5.327 <none> (D)  
      mux_md_result_next_392_15           bmux_359_2                             32     10.654     0.000       10.654 <none> (D)  
      mux_md_result_next_421_33           bmux_13_113                            32      5.327     0.000        5.327 <none> (D)  
      mux_md_result_next_422_25           bmux_13_106                            32      5.327     0.000        5.327 <none> (D)  
      mux_md_result_next_427_30           bmux_13_112                            32      5.327     0.000        5.327 <none> (D)  
      mux_md_result_next_428_25           bmux_13_110                            32      5.327     0.000        5.327 <none> (D)  
      mux_md_result_next_434_25           bmux_13_111                            32      5.327     0.000        5.327 <none> (D)  
      mux_quo_tmp_392_15                  mux_352_3                              32      5.327     0.000        5.327 <none> (D)  
      mux_quo_tmp_400_34                  bmux_13_116                            32      5.327     0.000        5.327 <none> (D)  
      mux_quo_tmp_400_60                  bmux_13_118                            32      5.327     0.000        5.327 <none> (D)  
      mux_quo_tmp_407_59                  bmux_13_117                            32      5.327     0.000        5.327 <none> (D)  
      mux_quo_tmp_407_62                  bmux_13_115                            32      5.327     0.000        5.327 <none> (D)  
      mux_quotient_329_19                 mux_352_4                              32      5.327     0.000        5.327 <none> (D)  
      mux_rem_tmp_392_15                  mux_467                                33      5.493     0.000        5.493 <none> (D)  
      mux_rem_tmp_400_34                  bmux_454_2                             33      5.493     0.000        5.493 <none> (D)  
      mux_rem_tmp_400_57                  bmux_454_5                             33      5.493     0.000        5.493 <none> (D)  
      mux_rem_tmp_401_42                  bmux_454                               33      5.493     0.000        5.493 <none> (D)  
      mux_rem_tmp_401_53                  bmux_454_3                             33      5.493     0.000        5.493 <none> (D)  
      mux_rem_tmp_407_56                  bmux_454_4                             33      5.493     0.000        5.493 <none> (D)  
      mux_rem_tmp_407_62                  bmux_454_1                             33      5.493     0.000        5.493 <none> (D)  
      mux_remainder_329_19                mux_467_1                              33      5.493     0.000        5.493 <none> (D)  
      mux_state_329_19                    mux_24_1                                2      0.666     0.000        0.666 <none> (D)  
      neq_355_90                          nequal_unsigned_409_3                  14      1.914     0.000        1.914 <none> (D)  
      neq_400_34_I1                       nequal_unsigned_409_2                  14      1.914     0.000        1.914 <none> (D)  
      neq_400_34_I2                       nequal_unsigned_409                    14      1.914     0.000        1.914 <none> (D)  
      neq_408_42_I1                       nequal_unsigned_409_1                  14      1.914     0.000        1.914 <none> (D)  
      sub_409_47_I1                       sub_unsigned_421_1                    486     34.333     0.000       34.333 <none> (D)  
      sub_409_47_I2                       sub_unsigned_421                      486     34.333     0.000       34.333 <none> (D)  
    MUL                                   multiplier                           7115    788.998     0.000      788.998 <none> (D)  
      add_158_55_I1                       add_unsigned_308_3                   1008     73.161     0.000       73.161 <none> (D)  
      add_158_55_I2                       add_unsigned_308_2                   1008     73.161     0.000       73.161 <none> (D)  
      add_158_55_I3                       add_unsigned_308_1                   1008     73.161     0.000       73.161 <none> (D)  
      add_158_55_I4                       add_unsigned_308                     1008     73.161     0.000       73.161 <none> (D)  
      add_163_53_I1                       add_unsigned_316_3                     22      1.415     0.000        1.415 <none> (D)  
      add_163_53_I2                       add_unsigned_316_2                     22      1.415     0.000        1.415 <none> (D)  
      add_163_53_I3                       add_unsigned_316_1                     22      1.415     0.000        1.415 <none> (D)  
      add_163_53_I4                       add_unsigned_316                       22      1.415     0.000        1.415 <none> (D)  
      ctl_89_27                           case_box_180                            9      0.624     0.000        0.624 <none> (D)  
      ctl_opcode_reg_177_25               case_box_184                            8      0.541     0.000        0.541 <none> (D)  
      ctl_state_84_15                     case_box_181                            6      0.416     0.000        0.416 <none> (D)  
      gte_173_32                          geq_unsigned                           32      2.289     0.000        2.289 <none> (D)  
      lt_156_40_I1                        lt_unsigned_3                          33      2.330     0.000        2.330 <none> (D)  
      lt_156_40_I2                        lt_unsigned_2                          33      2.330     0.000        2.330 <none> (D)  
      lt_156_40_I3                        lt_unsigned_1                          33      2.330     0.000        2.330 <none> (D)  
      lt_156_40_I4                        lt_unsigned                            33      2.330     0.000        2.330 <none> (D)  
      minus_123_53                        sub_unsigned                          172     11.652     0.000       11.652 <none> (D)  
      minus_129_43                        sub_unsigned_1                        172     11.652     0.000       11.652 <none> (D)  
      minus_184_42                        sub_unsigned_324                      382     26.343     0.000       26.343 <none> (D)  
      mux_a_signed_flag_next_84_15        mux_27_2                                1      0.166     0.000        0.166 <none> (D)  
      mux_a_signed_flag_next_86_21        bmux_70                                 1      0.166     0.000        0.166 <none> (D)  
      mux_a_val_next_84_15                mux_352                                32      5.327     0.000        5.327 <none> (D)  
      mux_a_val_next_86_21                bmux_13_89                             32      5.327     0.000        5.327 <none> (D)  
      mux_b_signed_flag_next_84_15        mux_27_3                                1      0.166     0.000        0.166 <none> (D)  
      mux_b_signed_flag_next_86_21        bmux_72                                 1      0.166     0.000        0.166 <none> (D)  
      mux_b_val_next_84_15                mux_352_1                              32      5.327     0.000        5.327 <none> (D)  
      mux_b_val_next_86_21                bmux_13_98                             32      5.327     0.000        5.327 <none> (D)  
      mux_cmbsop_a_signed_flag_next_89_27 mux_337                                 2      0.832     0.000        0.832 <none> (D)  
      mux_count_temp_156_30               bmux_330_1                              6      0.999     0.000        0.999 <none> (D)  
      mux_count_temp_156_32               bmux_330_2                              6      0.999     0.000        0.999 <none> (D)  
      mux_count_temp_156_34               bmux_330_3                              6      0.999     0.000        0.999 <none> (D)  
      mux_count_temp_156_40               bmux_330                                6      0.999     0.000        0.999 <none> (D)  
      mux_counter_next_143_21             bmux_330_5                              6      0.999     0.000        0.999 <none> (D)  
      mux_counter_next_84_15              bmux_363                                6      1.998     0.000        1.998 <none> (D)  
      mux_counter_next_86_21              bmux_330_4                              6      0.999     0.000        0.999 <none> (D)  
      mux_mcand_temp_156_40               bmux_89_25                             64     10.654     0.000       10.654 <none> (D)  
      mux_mcand_temp_156_54               bmux_89_26                             64     10.654     0.000       10.654 <none> (D)  
      mux_mcand_temp_156_55               bmux_89_27                             64     10.654     0.000       10.654 <none> (D)  
      mux_mcand_temp_156_56               bmux_89_28                             64     10.654     0.000       10.654 <none> (D)  
      mux_md_result_next_143_21           bmux_13_92                             32      5.327     0.000        5.327 <none> (D)  
      mux_md_result_next_173_32           bmux_13_91                             32      5.327     0.000        5.327 <none> (D)  
      mux_md_result_next_189_27           bmux_356                               32     21.307     0.000       21.307 <none> (D)  
      mux_md_result_next_84_15            bmux_359                               32     10.654     0.000       10.654 <none> (D)  
      mux_mplier_temp_156_38              bmux_13_86                             32      5.327     0.000        5.327 <none> (D)  
      mux_mplier_temp_156_39              bmux_13_87                             32      5.327     0.000        5.327 <none> (D)  
      mux_mplier_temp_156_40              bmux_13_85                             32      5.327     0.000        5.327 <none> (D)  
      mux_mplier_temp_156_53              bmux_13_95                             32      5.327     0.000        5.327 <none> (D)  
      mux_multiplicand_next_122_44        bmux_13_88                             32      5.327     0.000        5.327 <none> (D)  
      mux_multiplicand_next_143_21        bmux_89_29                             64     10.654     0.000       10.654 <none> (D)  
      mux_multiplicand_next_84_15         bmux_377_1                             64     21.307     0.000       21.307 <none> (D)  
      mux_multiplicand_next_86_21         bmux_89_24                             64     10.654     0.000       10.654 <none> (D)  
      mux_multiplier_next_128_44          bmux_13_84                             32      5.327     0.000        5.327 <none> (D)  
      mux_multiplier_next_143_21          bmux_13_96                             32      5.327     0.000        5.327 <none> (D)  
      mux_multiplier_next_84_15           bmux_359_1                             32     10.654     0.000       10.654 <none> (D)  
      mux_multiplier_next_86_21           bmux_13_94                             32      5.327     0.000        5.327 <none> (D)  
      mux_opcode_reg_next_84_15           mux_22_1                                3      0.499     0.000        0.499 <none> (D)  
      mux_opcode_reg_next_86_21           bmux_21_5                               3      0.499     0.000        0.499 <none> (D)  
      mux_prod_temp_156_40                bmux_89_13                             64     10.654     0.000       10.654 <none> (D)  
      mux_prod_temp_156_46                bmux_89_15                             64     10.654     0.000       10.654 <none> (D)  
      mux_prod_temp_156_48                bmux_89_17                             64     10.654     0.000       10.654 <none> (D)  
      mux_prod_temp_156_50                bmux_89_19                             64     10.654     0.000       10.654 <none> (D)  
      mux_prod_temp_157_33                bmux_89_12                             64     10.654     0.000       10.654 <none> (D)  
      mux_prod_temp_157_45                bmux_89_14                             64     10.654     0.000       10.654 <none> (D)  
      mux_prod_temp_157_47                bmux_89_16                             64     10.654     0.000       10.654 <none> (D)  
      mux_prod_temp_157_49                bmux_89_18                             64     10.654     0.000       10.654 <none> (D)  
      mux_product_next_143_21             bmux_89_22                             64     10.654     0.000       10.654 <none> (D)  
      mux_product_next_84_15              bmux_377                               64     21.307     0.000       21.307 <none> (D)  
      mux_product_next_86_21              bmux_89_21                             64     10.654     0.000       10.654 <none> (D)  
      mux_result_sign_177_25              mux_354                                 1      0.250     0.000        0.250 <none> (D)  
      mux_signed_product_183_25           bmux_643                               32      5.327     0.000        5.327 <none> (D)  
      mux_state_next_143_21               bmux_78_7                               2      0.333     0.000        0.333 <none> (D)  
      mux_state_next_173_32               bmux_78_6                               2      0.333     0.000        0.333 <none> (D)  
      mux_state_next_214_21               bmux_69                                 1      0.166     0.000        0.166 <none> (D)  
      mux_state_next_84_15                bmux_365                                2      0.666     0.000        0.666 <none> (D)  
      mux_state_next_86_21                bmux_78_5                               2      0.333     0.000        0.333 <none> (D)  
    add_260_38                            add_unsigned_2_3                      426     31.087     0.000       31.087 <none> (D)  
    add_273_47                            add_unsigned_2_4                      426     31.087     0.000       31.087 <none> (D)  
    ctl_id_ex_alu_ctrl_270_19             case_box_224                           29      2.164     0.000        2.164 <none> (D)  
    eq_278_64                             equal_unsigned_399_2                   13      1.873     0.000        1.873 <none> (D)  
    g2                                    or_op_221                              32      2.663     0.000        2.663 <none> (D)  
    g3                                    not_op                                 32      1.332     0.000        1.332 <none> (D)  
    g4                                    and_op                                 32      2.663     0.000        2.663 <none> (D)  
    g5                                    and_op_222                             32      2.663     0.000        2.663 <none> (D)  
    g6                                    or_op_223                              32      2.663     0.000        2.663 <none> (D)  
    g7                                    xor_op                                 32      2.663     0.000        2.663 <none> (D)  
    gte_281_70                            geq_signed                            220     15.440     0.000       15.440 <none> (D)  
    gte_283_61                            geq_unsigned_974                      220     15.440     0.000       15.440 <none> (D)  
    lt_290_42                             lt_signed                             221     15.481     0.000       15.481 <none> (D)  
    lt_297_33                             lt_unsigned_487                       221     15.481     0.000       15.481 <none> (D)  
    mux_243_31                            bmux_13_121                            32      5.327     0.000        5.327 <none> (D)  
    mux_alu_result_249_13                 bmux_13_128                            32      5.327     0.000        5.327 <none> (D)  
    mux_alu_result_257_22                 bmux_13_127                            32      5.327     0.000        5.327 <none> (D)  
    mux_alu_result_259_22                 bmux_13_126                            32      5.327     0.000        5.327 <none> (D)  
    mux_alu_result_261_22                 bmux_13_125                            32      5.327     0.000        5.327 <none> (D)  
    mux_alu_result_262_17                 bmux_13_124                            32      5.327     0.000        5.327 <none> (D)  
    mux_alu_result_264_26                 bmux_13_123                            32      5.327     0.000        5.327 <none> (D)  
    mux_alu_result_270_19                 bmux_989                               32     42.615     0.000       42.615 <none> (D)  
    mux_alu_result_290_42                 bmux_82                                 1      0.166     0.000        0.166 <none> (D)  
    mux_alu_result_297_33                 bmux_83                                 1      0.166     0.000        0.166 <none> (D)  
    mux_branch_taken_249_13               bmux_81                                 1      0.166     0.000        0.166 <none> (D)  
    mux_branch_taken_257_22               bmux_80                                 1      0.166     0.000        0.166 <none> (D)  
    mux_branch_taken_259_22               bmux_79                                 1      0.166     0.000        0.166 <none> (D)  
    mux_branch_taken_261_22               bmux_77                                 1      0.166     0.000        0.166 <none> (D)  
    mux_branch_taken_270_19               mux_27_4                                1      0.166     0.000        0.166 <none> (D)  
    mux_branch_taken_276_25               bmux_76                                 1      0.166     0.000        0.166 <none> (D)  
    mux_branch_taken_277_31               bmux_978                                1      0.666     0.000        0.666 <none> (D)  
    mux_csr_write_data_249_13             bmux_13_122                            32      5.327     0.000        5.327 <none> (D)  
    mux_csr_write_data_251_19             bmux_359_3                             32     10.654     0.000       10.654 <none> (D)  
    neq_279_64                            nequal_unsigned_409_4                  14      1.914     0.000        1.914 <none> (D)  
    sll_303_47                            shift_left_vlog_unsigned              165     24.262     0.000       24.262 <none> (D)  
    sra_305_56                            arith_shift_right_vlog_signed         160     26.010     0.000       26.010 <none> (D)  
    srl_304_47                            shift_right_vlog_unsigned             165     24.262     0.000       24.262 <none> (D)  
    sub_275_42                            sub_unsigned_484                      459     32.460     0.000       32.460 <none> (D)  
  EX_MEM                                  ex_mem_register                       314     83.939     0.000       83.939 <none> (D)  
    mux_ex_mem_branch_362_26              bmux_107                                1      0.166     0.000        0.166 <none> (D)  
    mux_ex_mem_branch_taken_362_26        bmux_105                                1      0.166     0.000        0.166 <none> (D)  
    mux_ex_mem_btb_hit_362_26             bmux_97                                 1      0.166     0.000        0.166 <none> (D)  
    mux_ex_mem_csr_we_362_26              bmux_84                                 1      0.166     0.000        0.166 <none> (D)  
    mux_ex_mem_ebreak_362_26              bmux_91                                 1      0.166     0.000        0.166 <none> (D)  
    mux_ex_mem_ecall_362_26               bmux_94                                 1      0.166     0.000        0.166 <none> (D)  
    mux_ex_mem_instr_362_26               bmux_13_129                            32      5.327     0.000        5.327 <none> (D)  
    mux_ex_mem_jal_362_26                 bmux_102                                1      0.166     0.000        0.166 <none> (D)  
    mux_ex_mem_mem_read_362_26            bmux_115                                1      0.166     0.000        0.166 <none> (D)  
    mux_ex_mem_mem_to_reg_362_26          bmux_113                                1      0.166     0.000        0.166 <none> (D)  
    mux_ex_mem_mem_write_362_26           bmux_118                                1      0.166     0.000        0.166 <none> (D)  
    mux_ex_mem_mret_362_26                bmux_87                                 1      0.166     0.000        0.166 <none> (D)  
    mux_ex_mem_predict_taken_362_26       bmux_99                                 1      0.166     0.000        0.166 <none> (D)  
    mux_ex_mem_reg_write_362_26           bmux_110                                1      0.166     0.000        0.166 <none> (D)  
    mux_ex_mem_valid_362_26               bmux_121                                1      0.166     0.000        0.166 <none> (D)  
  FU                                      forwarding_unit                       222     32.294     0.000       32.294 <none> (D)  
    mux_43_33                             bmux_13_83                             32      5.327     0.000        5.327 <none> (D)  
    mux_44_33                             bmux_13_82                             32      5.327     0.000        5.327 <none> (D)  
    mux_47_23                             bmux_13_81                             32      5.327     0.000        5.327 <none> (D)  
    mux_49_40                             bmux_13_80                             32      5.327     0.000        5.327 <none> (D)  
    mux_50_40                             bmux_13_79                             32      5.327     0.000        5.327 <none> (D)  
    mux_forward_a_28_53                   bmux_78_4                               2      0.333     0.000        0.333 <none> (D)  
    mux_forward_a_30_90                   bmux_68                                 1      0.166     0.000        0.166 <none> (D)  
    mux_forward_b_35_53                   bmux_78_3                               2      0.333     0.000        0.333 <none> (D)  
    mux_forward_b_37_90                   bmux_67                                 1      0.166     0.000        0.166 <none> (D)  
  ID                                      instruction_decode                   1313    140.704     0.000      140.704 <none> (D)  
    ACU                                   alu_control_unit                       81     15.107     0.000       15.107 <none> (D)  
      ctl_162_27                          case_box_35                             1      0.042     0.000        0.042 <none> (D)  
      ctl_179_27                          case_box_41                             7      0.416     0.000        0.416 <none> (D)  
      ctl_funct3_162_27                   case_box_34                            19      1.457     0.000        1.457 <none> (D)  
      ctl_funct3_179_27                   case_box_38                            19      1.457     0.000        1.457 <none> (D)  
      mux_alu_ctrl_157_15                 bmux_41                                 4      1.332     0.000        1.332 <none> (D)  
      mux_alu_ctrl_161_28                 bmux_40                                 4      0.666     0.000        0.666 <none> (D)  
      mux_alu_ctrl_162_27                 mux_33                                  5      3.329     0.000        3.329 <none> (D)  
      mux_alu_ctrl_162_3                  mux_35                                  4      0.666     0.000        0.666 <none> (D)  
      mux_alu_ctrl_171_33                 bmux_10                                 1      0.166     0.000        0.166 <none> (D)  
      mux_alu_ctrl_179_27                 mux_36                                  6      3.995     0.000        3.995 <none> (D)  
      mux_alu_ctrl_179_4                  mux_39                                  4      0.999     0.000        0.999 <none> (D)  
    MCU                                   main_control_unit                     149     27.217     0.000       27.217 <none> (D)  
      ctl_40_15                           case_box_23                            27      2.747     0.000        2.747 <none> (D)  
      ctl_40_9                            case_box_26                             1      0.042     0.000        0.042 <none> (D)  
      ctl_70_23                           case_box_17                            13      0.957     0.000        0.957 <none> (D)  
      ctl_funct3_102_23                   case_box_20                            10      0.707     0.000        0.707 <none> (D)  
      ctl_funct3_45_27                    case_box_13                            19      1.457     0.000        1.457 <none> (D)  
      ctl_opcode_40_15                    case_box_14                            29      3.038     0.000        3.038 <none> (D)  
      mux_cmbsop_alu_op_40_15             mux_26                                 11      9.156     0.000        9.156 <none> (D)  
      mux_cmbsop_mem_size_70_23           mux_23                                  3      1.498     0.000        1.498 <none> (D)  
      mux_md_operation_40_15              mux_22                                  3      0.499     0.000        0.499 <none> (D)  
      mux_md_operation_44_28              bmux_21                                 3      0.499     0.000        0.499 <none> (D)  
      mux_md_operation_45_27              mux_20                                  3      1.998     0.000        1.998 <none> (D)  
      mux_mem_size_102_23                 mux_24                                  2      0.666     0.000        0.666 <none> (D)  
      mux_mem_size_40_15                  mux_25                                  2      0.499     0.000        0.499 <none> (D)  
      mux_mem_unsigned_40_15              mux_27                                  1      0.166     0.000        0.166 <none> (D)  
      mux_reg_write_137_28                bmux_9                                  1      0.166     0.000        0.166 <none> (D)  
      mux_reg_write_40_10                 mux_27_1                                1      0.166     0.000        0.166 <none> (D)  
      mux_reg_write_40_15                 mux_28                                  2      1.498     0.000        1.498 <none> (D)  
    add_137_37                            add_unsigned_2_1                      426     31.087     0.000       31.087 <none> (D)  
    add_139_40                            add_unsigned_2_2                      426     31.087     0.000       31.087 <none> (D)  
    ctl_128_44                            case_box_50                            20      1.540     0.000        1.540 <none> (D)  
    eq_142_33                             equal_unsigned_67                      19      2.372     0.000        2.372 <none> (D)  
    eq_143_34                             equal_unsigned_69                      34      3.579     0.000        3.579 <none> (D)  
    eq_144_32                             equal_unsigned_71                      43      4.328     0.000        4.328 <none> (D)  
    eq_145_35                             equal_unsigned_77                      42      4.245     0.000        4.245 <none> (D)  
    mux_128_44                            mux_79                                 32     15.981     0.000       15.981 <none> (D)  
    mux_149_32                            bmux_78                                 2      0.333     0.000        0.333 <none> (D)  
  ID_EX                                   id_ex_register                        373    100.752     0.000      100.752 <none> (D)  
    mux_id_ex_auipc_197_26                bmux_36                                 1      0.166     0.000        0.166 <none> (D)  
    mux_id_ex_branch_197_26               bmux_48                                 1      0.166     0.000        0.166 <none> (D)  
    mux_id_ex_btb_hit_197_26              bmux_31                                 1      0.166     0.000        0.166 <none> (D)  
    mux_id_ex_csr_we_197_26               bmux_18                                 1      0.166     0.000        0.166 <none> (D)  
    mux_id_ex_ebreak_197_26               bmux_25                                 1      0.166     0.000        0.166 <none> (D)  
    mux_id_ex_ecall_197_26                bmux_28                                 1      0.166     0.000        0.166 <none> (D)  
    mux_id_ex_instr_197_26                bmux_13_69                             32      5.327     0.000        5.327 <none> (D)  
    mux_id_ex_jal_197_26                  bmux_45                                 1      0.166     0.000        0.166 <none> (D)  
    mux_id_ex_jalr_197_26                 bmux_42                                 1      0.166     0.000        0.166 <none> (D)  
    mux_id_ex_lui_197_26                  bmux_38                                 1      0.166     0.000        0.166 <none> (D)  
    mux_id_ex_md_type_197_26              bmux_15                                 1      0.166     0.000        0.166 <none> (D)  
    mux_id_ex_mem_read_197_26             bmux_54                                 1      0.166     0.000        0.166 <none> (D)  
    mux_id_ex_mem_to_reg_197_26           bmux_51                                 1      0.166     0.000        0.166 <none> (D)  
    mux_id_ex_mem_write_197_26            bmux_57                                 1      0.166     0.000        0.166 <none> (D)  
    mux_id_ex_mret_197_26                 bmux_22                                 1      0.166     0.000        0.166 <none> (D)  
    mux_id_ex_predict_taken_197_26        bmux_33                                 1      0.166     0.000        0.166 <none> (D)  
    mux_id_ex_reg_write_197_26            bmux_61                                 1      0.166     0.000        0.166 <none> (D)  
    mux_id_ex_valid_197_26                bmux_64                                 1      0.166     0.000        0.166 <none> (D)  
  IF                                      instruction_fetch                     896     87.394     0.000       87.394 <none> (D)  
    add_43_35                             add_unsigned                          196     13.067     0.000       13.067 <none> (D)  
    add_45_31                             add_unsigned_2                        426     31.087     0.000       31.087 <none> (D)  
    add_60_30                             add_unsigned_1                        196     13.067     0.000       13.067 <none> (D)  
    ctl_34_13                             case_box                               39      3.121     0.000        3.121 <none> (D)  
    mux_pc_out_34_13                      mux                                    32     26.634     0.000       26.634 <none> (D)  
  IF_ID                                   if_id_register                        204     45.653     0.000       45.653 <none> (D)  
    mux_if_id_btb_hit_41_26               bmux_3                                  1      0.166     0.000        0.166 <none> (D)  
    mux_if_id_instr_41_26                 bmux_13_4                              32      5.327     0.000        5.327 <none> (D)  
    mux_if_id_pc_in_41_26                 bmux_13                                32      5.327     0.000        5.327 <none> (D)  
    mux_if_id_pc_plus_4_41_26             bmux_13_2                              32      5.327     0.000        5.327 <none> (D)  
    mux_if_id_predict_taken_41_26         bmux_6                                  1      0.166     0.000        0.166 <none> (D)  
    mux_if_id_valid_41_26                 bmux                                    1      0.166     0.000        0.166 <none> (D)  
  MEM_WB                                  mem_wb_register                       118     32.169     0.000       32.169 <none> (D)  
    mux_mem_wb_ecall_457_26               bmux_124                                1      0.166     0.000        0.166 <none> (D)  
    mux_mem_wb_jal_457_26                 bmux_127                                1      0.166     0.000        0.166 <none> (D)  
    mux_mem_wb_mem_to_reg_457_26          bmux_133                                1      0.166     0.000        0.166 <none> (D)  
    mux_mem_wb_reg_write_457_26           bmux_130                                1      0.166     0.000        0.166 <none> (D)  
    mux_mem_wb_valid_457_26               bmux_136                                1      0.166     0.000        0.166 <none> (D)  
  PCU                                     pipeline_control_unit                 192     19.102     0.000       19.102 <none> (D)  
    add_132_48                            add_unsigned_1079                      27      1.748     0.000        1.748 <none> (D)  
    ctl_55_15                             case_box_300                            1      0.042     0.000        0.042 <none> (D)  
    ctl_opcode_55_15                      case_box_299                           34      2.580     0.000        2.580 <none> (D)  
    gte_94_49                             geq_unsigned_1082                      13      0.832     0.000        0.832 <none> (D)  
    lt_131_35                             lt_unsigned_1077                       26      1.789     0.000        1.789 <none> (D)  
    mux_drain_cnt_118_32                  bmux_1094                               7      1.165     0.000        1.165 <none> (D)  
    mux_load_use_hazard_71_28             bmux_143                                1      0.166     0.000        0.166 <none> (D)  
    mux_load_use_stall_101_13             bmux_146                                1      0.166     0.000        0.166 <none> (D)  
    mux_sleeping_reg_155_17               bmux_139                                1      0.166     0.000        0.166 <none> (D)  
    mux_step_active_118_32                bmux_144                                1      0.166     0.000        0.166 <none> (D)  
    mux_uses_rs1_55_15                    mux_1086                                2      1.332     0.000        1.332 <none> (D)  
    mux_uses_rs1_55_54                    mux_27_5                                1      0.166     0.000        0.166 <none> (D)  
    mux_uses_rs1_63_40                    bmux_142                                1      0.166     0.000        0.166 <none> (D)  
    mux_uses_rs2_55_15                    mux_1089                                1      0.333     0.000        0.333 <none> (D)  
  RF                                      register_file                        1682    633.853     0.000      633.853 <none> (D)  
    ctl_dbg_write_addr_37_21              case_box_114                           53      5.535     0.000        5.535 <none> (D)  
    ctl_mem_wb_rd_45_21                   case_box_115                           53      5.535     0.000        5.535 <none> (D)  
    mux_52_36                             bmux_13_68                             32      5.327     0.000        5.327 <none> (D)  
    mux_53_36                             bmux_13_67                             32      5.327     0.000        5.327 <none> (D)  
    mux_55_36                             bmux_13_66                             32      5.327     0.000        5.327 <none> (D)  
    mux_56_36                             bmux_13_65                             32      5.327     0.000        5.327 <none> (D)  
    mux_59_43                             bmux_13_64                             32      5.327     0.000        5.327 <none> (D)  
    mux_60_43                             bmux_13_63                             32      5.327     0.000        5.327 <none> (D)  
    mux_rf_main[dbg_read_addr]_60_62      bmux_187                               32     85.230     0.000       85.230 <none> (D)  
    mux_rf_main[read_reg1]_53_55          bmux_187_2                             32     85.230     0.000       85.230 <none> (D)  
    mux_rf_main[read_reg2]_56_55          bmux_187_1                             32     85.230     0.000       85.230 <none> (D)  
    mux_x2_sp_33_26                       bmux_13_29                             32      5.327     0.000        5.327 <none> (D)  
  WB                                      write_back                             64     10.654     0.000       10.654 <none> (D)  
    mux_345_33                            bmux_13_142                            32      5.327     0.000        5.327 <none> (D)  
    mux_346_33                            bmux_13_141                            32      5.327     0.000        5.327 <none> (D)  
  ctl_316_28                              case_box_637                           16      1.207     0.000        1.207 <none> (D)  
  ctl_is_external_irq_280_30              case_box_636                           13      1.040     0.000        1.040 <none> (D)  
  ctl_take_ebreak_278_27                  case_box_640                           13      1.040     0.000        1.040 <none> (D)  
  eq_448_51                               equal_unsigned_1554_1                  13      1.290     0.000        1.290 <none> (D)  
  eq_450_52                               equal_unsigned_1554                    13      1.290     0.000        1.290 <none> (D)  
  eq_499_71                               equal_unsigned_1560                    16      1.623     0.000        1.623 <none> (D)  
  mux_278_27                              mux_1575_1                             32     13.317     0.000       13.317 <none> (D)  
  mux_280_30                              mux_1571                                5      2.081     0.000        2.081 <none> (D)  
  mux_457_32                              bmux_13_150                            32      5.327     0.000        5.327 <none> (D)  
  mux_458_32                              bmux_13_149                            32      5.327     0.000        5.327 <none> (D)  
  mux_499_51                              bmux_13_148                            32      5.327     0.000        5.327 <none> (D)  
  mux_522_58                              bmux_13_144                            32      5.327     0.000        5.327 <none> (D)  
  mux_523_58                              bmux_13_145                            32      5.327     0.000        5.327 <none> (D)  
  mux_pc_reg_311_13                       bmux_13_147                            32      5.327     0.000        5.327 <none> (D)  
  mux_pc_reg_313_22                       bmux_13_146                            32      5.327     0.000        5.327 <none> (D)  
  mux_pc_reg_316_28                       mux_1575                               32     13.317     0.000       13.317 <none> (D)  
  (D) = wireload is default in technology library
