============================================================
  Generated by:           Genus(TM) Synthesis Solution 23.14-s090_1
  Generated on:           Aug 11 2026  11:40:41 pm
  Module:                 riscv_pipeline
  Technology libraries:   asap7sc7p5t_SIMPLE_RVT_TT_ccs_211120 1.0
                          asap7sc7p5t_INVBUF_RVT_TT_ccs_211120 1.0
                          asap7sc7p5t_AO_RVT_TT_ccs_211120 1.0
                          asap7sc7p5t_OA_RVT_TT_ccs_211120 1.0
                          asap7sc7p5t_SEQ_RVT_TT_ccs_220123 1.0
                          asap7sc7p5t_SIMPLE_LVT_TT_ccs_211120 1.0
                          asap7sc7p5t_INVBUF_LVT_TT_ccs_211120 1.0
                          asap7sc7p5t_AO_LVT_TT_ccs_211120 1.0
                          asap7sc7p5t_OA_LVT_TT_ccs_211120 1.0
                          asap7sc7p5t_SEQ_LVT_TT_ccs_220123 1.0
  Operating conditions:   PVT_0P7V_25C (balanced_tree)
  Wireload mode:          enclosed
  Area mode:              timing library
============================================================

   Instance            Module          Cell-Count  Cell-Area  Net-Area   Total-Area   Wireload  
------------------------------------------------------------------------------------------------
riscv_pipeline NA                           30337   4279.040     0.000     4279.040 <none> (D)  
  BPU          branch_prediction_unit       13895   2190.587     0.000     2190.587 <none> (D)  
    BHT        branch_history_table           198     23.751     0.000       23.751 <none> (D)  
    BTB        branch_target_buffer         13684   2166.049     0.000     2166.049 <none> (D)  
  CSR_RF       csr_register_file             2263    308.921     0.000      308.921 <none> (D)  
  EX           execute                       6237    666.466     0.000      666.466 <none> (D)  
    DIV        divider                       1504    191.042     0.000      191.042 <none> (D)  
    MUL        multiplier                    2797    313.237     0.000      313.237 <none> (D)  
  EX_MEM       ex_mem_register                490    107.644     0.000      107.644 <none> (D)  
  FU           forwarding_unit                161     20.266     0.000       20.266 <none> (D)  
  ID           instruction_decode             426     37.893     0.000       37.893 <none> (D)  
    ACU        alu_control_unit                25      1.604     0.000        1.604 <none> (D)  
    MCU        main_control_unit               54      3.776     0.000        3.776 <none> (D)  
  ID_EX        id_ex_register                 596    131.293     0.000      131.293 <none> (D)  
  IF           instruction_fetch              504     43.405     0.000       43.405 <none> (D)  
  IF_ID        if_id_register                 222     47.575     0.000       47.575 <none> (D)  
  MEM_WB       mem_wb_register                229     50.243     0.000       50.243 <none> (D)  
  PCU          pipeline_control_unit           87      8.442     0.000        8.442 <none> (D)  
  RF           register_file                 4679    601.921     0.000      601.921 <none> (D)  
  WB           write_back                      44      6.226     0.000        6.226 <none> (D)  
  (D) = wireload is default in technology library
