============================================================
  Generated by:           Genus(TM) Synthesis Solution 23.14-s090_1
  Generated on:           Aug 11 2026  11:38:17 pm
  Module:                 riscv_pipeline
  Technology libraries:   asap7sc7p5t_SIMPLE_RVT_TT_ccs_211120 1.0
                          asap7sc7p5t_INVBUF_RVT_TT_ccs_211120 1.0
                          asap7sc7p5t_AO_RVT_TT_ccs_211120 1.0
                          asap7sc7p5t_OA_RVT_TT_ccs_211120 1.0
                          asap7sc7p5t_SEQ_RVT_TT_ccs_220123 1.0
                          asap7sc7p5t_SIMPLE_LVT_TT_ccs_211120 1.0
                          asap7sc7p5t_INVBUF_LVT_TT_ccs_211120 1.0
                          asap7sc7p5t_AO_LVT_TT_ccs_211120 1.0
                          asap7sc7p5t_OA_LVT_TT_ccs_211120 1.0
                          asap7sc7p5t_SEQ_LVT_TT_ccs_220123 1.0
  Operating conditions:   PVT_0P7V_25C (balanced_tree)
  Wireload mode:          enclosed
  Area mode:              timing library
============================================================

               Instance                             Module               Cell-Count  Cell-Area  Net-Area   Total-Area   Wireload  
----------------------------------------------------------------------------------------------------------------------------------
riscv_pipeline                         NA                                     53793   6179.185     0.000     6179.185 <none> (D)  
  BPU                                  branch_prediction_unit                 24358   2960.937     0.000     2960.937 <none> (D)  
    BHT                                branch_history_table                     264     29.048     0.000       29.048 <none> (D)  
      dec_sub_159_66_2                 decrement_unsigned                         3      0.250     0.000        0.250 <none> (D)  
      inc_add_157_66_1                 increment_unsigned                         3      0.250     0.000        0.250 <none> (D)  
    BTB                                branch_target_buffer                   24080   2930.599     0.000     2930.599 <none> (D)  
      add_100_36                       add_unsigned_3                           126     10.695     0.000       10.695 <none> (D)  
      g5877                            cdec                                      80      7.324     0.000        7.324 <none> (D)  
      g5879                            cdec_853                                  80      7.324     0.000        7.324 <none> (D)  
      mux_tags[lookup_index]_96_23     cmux                                    2040    211.742     0.000      211.742 <none> (D)  
      mux_tags[update_index]_104_10    cmux_851                                2040    211.742     0.000      211.742 <none> (D)  
      mux_targets[lookup_index]_99_30  cmux_855                                2550    264.678     0.000      264.678 <none> (D)  
      mux_targets[update_index]_105_10 cmux_859                                2550    264.678     0.000      264.678 <none> (D)  
      mux_valids[lookup_index]_95_22   cmux_863                                  85      8.823     0.000        8.823 <none> (D)  
      mux_valids[update_index]_103_9   cmux_867                                  85      8.823     0.000        8.823 <none> (D)  
  CSR_RF                               csr_register_file                       3775    454.072     0.000      454.072 <none> (D)  
    inc_add_211_34_3                   increment_unsigned_1087                  277     23.721     0.000       23.721 <none> (D)  
    inc_add_215_38_4                   increment_unsigned_1088                  277     23.721     0.000       23.721 <none> (D)  
  EX                                   execute                                12591   1204.534     0.000     1204.534 <none> (D)  
    DIV                                divider                                 2714    292.810     0.000      292.810 <none> (D)  
      gte_407_38_I1                    geq_unsigned_412_1                       111     10.945     0.000       10.945 <none> (D)  
      gte_407_38_I2                    geq_unsigned_412                         111     10.945     0.000       10.945 <none> (D)  
      minus_336_49                     sub_unsigned_2                           134     11.361     0.000       11.361 <none> (D)  
      minus_342_48                     sub_unsigned_3                           134     11.361     0.000       11.361 <none> (D)  
      minus_429_42                     sub_unsigned_4                           134     11.361     0.000       11.361 <none> (D)  
      minus_435_42                     sub_unsigned_5                           134     11.361     0.000       11.361 <none> (D)  
      sub_409_47_I1                    sub_unsigned_421_1                       322     27.675     0.000       27.675 <none> (D)  
      sub_409_47_I2                    sub_unsigned_421                         322     27.675     0.000       27.675 <none> (D)  
    MUL                                multiplier                              5967    558.487     0.000      558.487 <none> (D)  
      addinc_ADD_UNS_OP281_5           add_unsigned_carry_1467                   37      3.080     0.000        3.080 <none> (D)  
      csa_tree_ADD_UNS_OP279           csa_tree_1448                              5      0.375     0.000        0.375 <none> (D)  
      csa_tree_ADD_UNS_OP280           csa_tree_1457                              8      0.666     0.000        0.666 <none> (D)  
      csa_tree_add_158_55_I4_id        csa_tree_1190                           1886    156.976     0.000      156.976 <none> (D)  
      csa_tree_minus_184_42_groupi     csa_tree_minus_184_42_group_1470         749     65.628     0.000       65.628 <none> (D)  
      final_adder_ADD_UNS_OP           add_unsigned_carry                         4      0.499     0.000        0.499 <none> (D)  
      final_adder_ADD_UNS_OP279        add_unsigned_1456                          8      0.791     0.000        0.791 <none> (D)  
      final_adder_ADD_UNS_OP280        add_unsigned_1465                         12      1.124     0.000        1.124 <none> (D)  
      final_adder_add_158_55_I4_id     add_unsigned_1381                        719     62.549     0.000       62.549 <none> (D)  
      minus_123_53                     sub_unsigned                             134     11.361     0.000       11.361 <none> (D)  
      minus_129_43                     sub_unsigned_1                           134     11.361     0.000       11.361 <none> (D)  
    add_260_38                         add_unsigned_2_3                         323     27.758     0.000       27.758 <none> (D)  
    add_273_47                         add_unsigned_2_4                         323     27.758     0.000       27.758 <none> (D)  
    csa_tree_eq_278_64_groupi          csa_tree_eq_278_64_group_1472            229     19.934     0.000       19.934 <none> (D)  
    csa_tree_sub_275_42                csa_tree                                 125     10.321     0.000       10.321 <none> (D)  
    final_adder_sub_275_42             add_unsigned_1122                        323     27.758     0.000       27.758 <none> (D)  
    gte_281_70                         geq_signed                               111     10.903     0.000       10.903 <none> (D)  
    gte_283_61                         geq_unsigned_974                         111     10.903     0.000       10.903 <none> (D)  
    lt_290_42                          lt_signed                                111     10.903     0.000       10.903 <none> (D)  
    lt_297_33                          lt_unsigned_487                          111     10.903     0.000       10.903 <none> (D)  
    sll_303_47                         shift_left_vlog_unsigned                 418     34.791     0.000       34.791 <none> (D)  
    sra_305_56                         arith_shift_right_vlog_signed            439     36.539     0.000       36.539 <none> (D)  
    srl_304_47                         shift_right_vlog_unsigned                418     34.791     0.000       34.791 <none> (D)  
  EX_MEM                               ex_mem_register                          275     70.040     0.000       70.040 <none> (D)  
  FU                                   forwarding_unit                          432     39.286     0.000       39.286 <none> (D)  
  ID                                   instruction_decode                       816     73.744     0.000       73.744 <none> (D)  
    ACU                                alu_control_unit                          23      2.372     0.000        2.372 <none> (D)  
    MCU                                main_control_unit                         50      5.285     0.000        5.285 <none> (D)  
    add_137_37                         add_unsigned_2_1                         315     27.050     0.000       27.050 <none> (D)  
    add_139_40                         add_unsigned_2_2                         315     27.050     0.000       27.050 <none> (D)  
  ID_EX                                id_ex_register                           333     85.271     0.000       85.271 <none> (D)  
  IF                                   instruction_fetch                        936     90.515     0.000       90.515 <none> (D)  
    add_43_35                          add_unsigned                             126     10.695     0.000       10.695 <none> (D)  
    add_45_31                          add_unsigned_2                           320     27.508     0.000       27.508 <none> (D)  
    add_60_30                          add_unsigned_1                           126     10.695     0.000       10.695 <none> (D)  
  IF_ID                                if_id_register                           401     53.934     0.000       53.934 <none> (D)  
  MEM_WB                               mem_wb_register                          122     31.961     0.000       31.961 <none> (D)  
  PCU                                  pipeline_control_unit                    114     11.652     0.000       11.652 <none> (D)  
    gte_94_49                          geq_unsigned_1082                          1      0.166     0.000        0.166 <none> (D)  
    inc_add_132_48_6                   increment_unsigned_1468                   11      0.916     0.000        0.916 <none> (D)  
    lt_131_35                          lt_unsigned_1077                           2      0.166     0.000        0.166 <none> (D)  
  RF                                   register_file                           8608    998.742     0.000      998.742 <none> (D)  
    g2774                              cdec_873                                  42      3.829     0.000        3.829 <none> (D)  
    g2776                              cdec_877                                  42      3.829     0.000        3.829 <none> (D)  
    g2778                              cdec_881                                  42      3.829     0.000        3.829 <none> (D)  
    mux_rf_main[dbg_read_addr]_60_62   cmux_871                                1312    133.171     0.000      133.171 <none> (D)  
    mux_rf_main[read_reg1]_53_55       cmux_875                                1312    133.171     0.000      133.171 <none> (D)  
    mux_rf_main[read_reg2]_56_55       cmux_879                                1312    133.171     0.000      133.171 <none> (D)  
  WB                                   write_back                               130     12.152     0.000       12.152 <none> (D)  
  (D) = wireload is default in technology library
