============================================================
  Generated by:           Genus(TM) Synthesis Solution 23.14-s090_1
  Generated on:           Aug 11 2026  11:40:51 pm
  Module:                 riscv_pipeline
  Operating conditions:   PVT_0P7V_25C (balanced_tree)
  Wireload mode:          enclosed
  Area mode:              timing library
============================================================

Deleted Sequential Summary
=============================
   Reason      Count
-----------------------------
constant 0     140
constant 1     1
unloaded       128
merged         9

   Reason      Instance Name
-----------------------------
unloaded       ID_EX/id_ex_instr_reg[0]
unloaded       ID_EX/id_ex_instr_reg[1]
unloaded       ID_EX/id_ex_instr_reg[2]
unloaded       ID_EX/id_ex_instr_reg[3]
unloaded       ID_EX/id_ex_instr_reg[4]
unloaded       ID_EX/id_ex_instr_reg[5]
unloaded       ID_EX/id_ex_instr_reg[6]
unloaded       ID_EX/id_ex_instr_reg[7]
unloaded       ID_EX/id_ex_instr_reg[8]
unloaded       ID_EX/id_ex_instr_reg[9]
unloaded       ID_EX/id_ex_instr_reg[10]
unloaded       ID_EX/id_ex_instr_reg[11]
unloaded       ID_EX/id_ex_instr_reg[12]
unloaded       ID_EX/id_ex_instr_reg[13]
unloaded       ID_EX/id_ex_instr_reg[14]
unloaded       ID_EX/id_ex_instr_reg[15]
unloaded       ID_EX/id_ex_instr_reg[16]
unloaded       ID_EX/id_ex_instr_reg[17]
unloaded       ID_EX/id_ex_instr_reg[18]
unloaded       ID_EX/id_ex_instr_reg[19]
unloaded       ID_EX/id_ex_instr_reg[20]
unloaded       ID_EX/id_ex_instr_reg[21]
unloaded       ID_EX/id_ex_instr_reg[22]
unloaded       ID_EX/id_ex_instr_reg[23]
unloaded       ID_EX/id_ex_instr_reg[24]
unloaded       ID_EX/id_ex_instr_reg[25]
unloaded       ID_EX/id_ex_instr_reg[26]
unloaded       ID_EX/id_ex_instr_reg[27]
unloaded       ID_EX/id_ex_instr_reg[28]
unloaded       ID_EX/id_ex_instr_reg[29]
unloaded       ID_EX/id_ex_instr_reg[30]
unloaded       ID_EX/id_ex_instr_reg[31]
unloaded       EX_MEM/ex_mem_instr_reg[0]
unloaded       EX_MEM/ex_mem_instr_reg[1]
unloaded       EX_MEM/ex_mem_instr_reg[2]
unloaded       EX_MEM/ex_mem_instr_reg[3]
unloaded       EX_MEM/ex_mem_instr_reg[4]
unloaded       EX_MEM/ex_mem_instr_reg[5]
unloaded       EX_MEM/ex_mem_instr_reg[6]
unloaded       EX_MEM/ex_mem_instr_reg[7]
unloaded       EX_MEM/ex_mem_instr_reg[8]
unloaded       EX_MEM/ex_mem_instr_reg[9]
unloaded       EX_MEM/ex_mem_instr_reg[10]
unloaded       EX_MEM/ex_mem_instr_reg[11]
unloaded       EX_MEM/ex_mem_instr_reg[12]
unloaded       EX_MEM/ex_mem_instr_reg[13]
unloaded       EX_MEM/ex_mem_instr_reg[14]
unloaded       EX_MEM/ex_mem_instr_reg[15]
unloaded       EX_MEM/ex_mem_instr_reg[16]
unloaded       EX_MEM/ex_mem_instr_reg[17]
unloaded       EX_MEM/ex_mem_instr_reg[18]
unloaded       EX_MEM/ex_mem_instr_reg[19]
unloaded       EX_MEM/ex_mem_instr_reg[20]
unloaded       EX_MEM/ex_mem_instr_reg[21]
unloaded       EX_MEM/ex_mem_instr_reg[22]
unloaded       EX_MEM/ex_mem_instr_reg[23]
unloaded       EX_MEM/ex_mem_instr_reg[24]
unloaded       EX_MEM/ex_mem_instr_reg[25]
unloaded       EX_MEM/ex_mem_instr_reg[26]
unloaded       EX_MEM/ex_mem_instr_reg[27]
unloaded       EX_MEM/ex_mem_instr_reg[28]
unloaded       EX_MEM/ex_mem_instr_reg[29]
unloaded       EX_MEM/ex_mem_instr_reg[30]
unloaded       EX_MEM/ex_mem_instr_reg[31]
unloaded       MEM_WB/mem_wb_ecall_reg
constant 0     RF/rf_main_reg[0][31]
constant 0     RF/rf_main_reg[0][30]
constant 0     RF/rf_main_reg[0][29]
constant 0     RF/rf_main_reg[0][28]
constant 0     RF/rf_main_reg[0][27]
constant 0     RF/rf_main_reg[0][26]
constant 0     RF/rf_main_reg[0][25]
constant 0     RF/rf_main_reg[0][24]
constant 0     RF/rf_main_reg[0][23]
constant 0     RF/rf_main_reg[0][22]
constant 0     RF/rf_main_reg[0][21]
constant 0     RF/rf_main_reg[0][20]
constant 0     RF/rf_main_reg[0][19]
constant 0     RF/rf_main_reg[0][18]
constant 0     RF/rf_main_reg[0][17]
constant 0     RF/rf_main_reg[0][16]
constant 0     RF/rf_main_reg[0][15]
constant 0     RF/rf_main_reg[0][14]
constant 0     RF/rf_main_reg[0][13]
constant 0     RF/rf_main_reg[0][12]
constant 0     RF/rf_main_reg[0][11]
constant 0     RF/rf_main_reg[0][10]
constant 0     RF/rf_main_reg[0][9]
constant 0     RF/rf_main_reg[0][8]
constant 0     RF/rf_main_reg[0][7]
constant 0     RF/rf_main_reg[0][6]
constant 0     RF/rf_main_reg[0][5]
constant 0     RF/rf_main_reg[0][4]
constant 0     RF/rf_main_reg[0][3]
constant 0     RF/rf_main_reg[0][2]
constant 0     RF/rf_main_reg[0][1]
constant 0     RF/rf_main_reg[0][0]
constant 0     RF/rf_main_reg[2][31]
constant 0     RF/rf_main_reg[2][30]
constant 0     RF/rf_main_reg[2][29]
constant 0     RF/rf_main_reg[2][28]
constant 0     RF/rf_main_reg[2][27]
constant 0     RF/rf_main_reg[2][26]
constant 0     RF/rf_main_reg[2][25]
constant 0     RF/rf_main_reg[2][24]
constant 0     RF/rf_main_reg[2][23]
constant 0     RF/rf_main_reg[2][22]
constant 0     RF/rf_main_reg[2][21]
constant 0     RF/rf_main_reg[2][20]
constant 0     RF/rf_main_reg[2][19]
constant 0     RF/rf_main_reg[2][18]
constant 0     RF/rf_main_reg[2][17]
constant 0     RF/rf_main_reg[2][16]
constant 0     RF/rf_main_reg[2][15]
constant 0     RF/rf_main_reg[2][14]
constant 0     RF/rf_main_reg[2][13]
constant 0     RF/rf_main_reg[2][12]
constant 0     RF/rf_main_reg[2][11]
constant 0     RF/rf_main_reg[2][10]
constant 0     RF/rf_main_reg[2][9]
constant 0     RF/rf_main_reg[2][8]
constant 0     RF/rf_main_reg[2][7]
constant 0     RF/rf_main_reg[2][6]
constant 0     RF/rf_main_reg[2][5]
constant 0     RF/rf_main_reg[2][4]
constant 0     RF/rf_main_reg[2][3]
constant 0     RF/rf_main_reg[2][2]
constant 0     RF/rf_main_reg[2][1]
constant 0     RF/rf_main_reg[2][0]
constant 0     CSR_RF/mstatus_reg[31]
constant 0     CSR_RF/mstatus_reg[30]
constant 0     CSR_RF/mstatus_reg[29]
constant 0     CSR_RF/mstatus_reg[28]
constant 0     CSR_RF/mstatus_reg[27]
constant 0     CSR_RF/mstatus_reg[26]
constant 0     CSR_RF/mstatus_reg[25]
constant 0     CSR_RF/mstatus_reg[24]
constant 0     CSR_RF/mstatus_reg[23]
constant 0     CSR_RF/mstatus_reg[22]
constant 0     CSR_RF/mstatus_reg[21]
constant 0     CSR_RF/mstatus_reg[20]
constant 0     CSR_RF/mstatus_reg[19]
constant 0     CSR_RF/mstatus_reg[18]
constant 0     CSR_RF/mstatus_reg[17]
constant 0     CSR_RF/mstatus_reg[16]
constant 0     CSR_RF/mstatus_reg[15]
constant 0     CSR_RF/mstatus_reg[14]
constant 1     CSR_RF/mstatus_reg[13]
constant 0     CSR_RF/mstatus_reg[10]
constant 0     CSR_RF/mstatus_reg[9]
constant 0     CSR_RF/mstatus_reg[8]
constant 0     CSR_RF/mstatus_reg[6]
constant 0     CSR_RF/mstatus_reg[5]
constant 0     CSR_RF/mstatus_reg[4]
constant 0     CSR_RF/mstatus_reg[2]
constant 0     CSR_RF/mstatus_reg[1]
constant 0     CSR_RF/mstatus_reg[0]
constant 0     CSR_RF/mie_reg[31]
constant 0     CSR_RF/mie_reg[30]
constant 0     CSR_RF/mie_reg[29]
constant 0     CSR_RF/mie_reg[28]
constant 0     CSR_RF/mie_reg[27]
constant 0     CSR_RF/mie_reg[26]
constant 0     CSR_RF/mie_reg[25]
constant 0     CSR_RF/mie_reg[24]
constant 0     CSR_RF/mie_reg[23]
constant 0     CSR_RF/mie_reg[22]
constant 0     CSR_RF/mie_reg[21]
constant 0     CSR_RF/mie_reg[20]
constant 0     CSR_RF/mie_reg[19]
constant 0     CSR_RF/mie_reg[18]
constant 0     CSR_RF/mie_reg[17]
constant 0     CSR_RF/mie_reg[16]
constant 0     CSR_RF/mie_reg[15]
constant 0     CSR_RF/mie_reg[14]
constant 0     CSR_RF/mie_reg[13]
constant 0     CSR_RF/mie_reg[12]
constant 0     CSR_RF/mie_reg[10]
constant 0     CSR_RF/mie_reg[9]
constant 0     CSR_RF/mie_reg[8]
constant 0     CSR_RF/mie_reg[6]
constant 0     CSR_RF/mie_reg[5]
constant 0     CSR_RF/mie_reg[4]
constant 0     CSR_RF/mie_reg[2]
constant 0     CSR_RF/mie_reg[1]
constant 0     CSR_RF/mie_reg[0]
constant 0     EX/MUL/opcode_reg_reg[2]
constant 0     PCU/drain_cnt_reg[6]
constant 0     PCU/drain_cnt_reg[5]
constant 0     PCU/drain_cnt_reg[4]
merged         EX/DIV/dividend_orig_reg[0] merged with EX/DIV/dividend_abs_reg[0]
merged         ID_EX/id_ex_jal_target_reg[0] merged with ID_EX/id_ex_branch_target_reg[0]
merged         ID_EX/id_ex_pc_in_reg[0] merged with ID_EX/id_ex_branch_target_reg[0]
merged         ID_EX/id_ex_rs2_reg[0] merged with ID_EX/id_ex_csr_addr_reg[0]
merged         ID_EX/id_ex_rs2_reg[1] merged with ID_EX/id_ex_csr_addr_reg[1]
merged         ID_EX/id_ex_rs2_reg[2] merged with ID_EX/id_ex_csr_addr_reg[2]
merged         ID_EX/id_ex_rs2_reg[3] merged with ID_EX/id_ex_csr_addr_reg[3]
merged         ID_EX/id_ex_rs2_reg[4] merged with ID_EX/id_ex_csr_addr_reg[4]
merged         EX_MEM/ex_mem_pc_in_reg[0] merged with EX_MEM/ex_mem_branch_target_reg[0]
constant 0     EX/DIV/mask_reg[30]
constant 0     EX/DIV/mask_reg[28]
constant 0     EX/DIV/mask_reg[26]
constant 0     EX/DIV/mask_reg[24]
constant 0     EX/DIV/mask_reg[22]
constant 0     EX/DIV/mask_reg[20]
constant 0     EX/DIV/mask_reg[18]
constant 0     EX/DIV/mask_reg[16]
constant 0     EX/DIV/mask_reg[14]
constant 0     EX/DIV/mask_reg[12]
constant 0     EX/DIV/mask_reg[10]
constant 0     EX/DIV/mask_reg[8]
constant 0     EX/DIV/mask_reg[6]
constant 0     EX/DIV/mask_reg[4]
constant 0     EX/DIV/mask_reg[2]
constant 0     EX/DIV/mask_reg[0]
unloaded       EX/DIV/remainder_reg[32]
unloaded       EX/MUL/a_val_reg[0]
unloaded       EX/MUL/a_val_reg[1]
unloaded       EX/MUL/a_val_reg[2]
unloaded       EX/MUL/a_val_reg[3]
unloaded       EX/MUL/a_val_reg[4]
unloaded       EX/MUL/a_val_reg[5]
unloaded       EX/MUL/a_val_reg[6]
unloaded       EX/MUL/a_val_reg[7]
unloaded       EX/MUL/a_val_reg[8]
unloaded       EX/MUL/a_val_reg[9]
unloaded       EX/MUL/a_val_reg[10]
unloaded       EX/MUL/a_val_reg[11]
unloaded       EX/MUL/a_val_reg[12]
unloaded       EX/MUL/a_val_reg[13]
unloaded       EX/MUL/a_val_reg[14]
unloaded       EX/MUL/a_val_reg[15]
unloaded       EX/MUL/a_val_reg[16]
unloaded       EX/MUL/a_val_reg[17]
unloaded       EX/MUL/a_val_reg[18]
unloaded       EX/MUL/a_val_reg[19]
unloaded       EX/MUL/a_val_reg[20]
unloaded       EX/MUL/a_val_reg[21]
unloaded       EX/MUL/a_val_reg[22]
unloaded       EX/MUL/a_val_reg[23]
unloaded       EX/MUL/a_val_reg[24]
unloaded       EX/MUL/a_val_reg[25]
unloaded       EX/MUL/a_val_reg[26]
unloaded       EX/MUL/a_val_reg[27]
unloaded       EX/MUL/a_val_reg[28]
unloaded       EX/MUL/a_val_reg[29]
unloaded       EX/MUL/a_val_reg[30]
unloaded       EX/MUL/b_val_reg[0]
unloaded       EX/MUL/b_val_reg[1]
unloaded       EX/MUL/b_val_reg[2]
unloaded       EX/MUL/b_val_reg[3]
unloaded       EX/MUL/b_val_reg[4]
unloaded       EX/MUL/b_val_reg[5]
unloaded       EX/MUL/b_val_reg[6]
unloaded       EX/MUL/b_val_reg[7]
unloaded       EX/MUL/b_val_reg[8]
unloaded       EX/MUL/b_val_reg[9]
unloaded       EX/MUL/b_val_reg[10]
unloaded       EX/MUL/b_val_reg[11]
unloaded       EX/MUL/b_val_reg[12]
unloaded       EX/MUL/b_val_reg[13]
unloaded       EX/MUL/b_val_reg[14]
unloaded       EX/MUL/b_val_reg[15]
unloaded       EX/MUL/b_val_reg[16]
unloaded       EX/MUL/b_val_reg[17]
unloaded       EX/MUL/b_val_reg[18]
unloaded       EX/MUL/b_val_reg[19]
unloaded       EX/MUL/b_val_reg[20]
unloaded       EX/MUL/b_val_reg[21]
unloaded       EX/MUL/b_val_reg[22]
unloaded       EX/MUL/b_val_reg[23]
unloaded       EX/MUL/b_val_reg[24]
unloaded       EX/MUL/b_val_reg[25]
unloaded       EX/MUL/b_val_reg[26]
unloaded       EX/MUL/b_val_reg[27]
unloaded       EX/MUL/b_val_reg[28]
unloaded       EX/MUL/b_val_reg[29]
unloaded       EX/MUL/b_val_reg[30]
