============================================================
  Generated by:           Genus(TM) Synthesis Solution 23.14-s090_1
  Generated on:           Aug 11 2026  11:40:50 pm
  Module:                 riscv_pipeline
  Operating conditions:   PVT_0P7V_25C (balanced_tree)
  Wireload mode:          enclosed
  Area mode:              timing library
============================================================

                                             
          Gate           Instances    Area                   Library                 
-------------------------------------------------------------------------------------
A2O1A1Ixp33_ASAP7_75t_L         43     3.762    asap7sc7p5t_AO_LVT_TT_ccs_211120     
AND2x2_ASAP7_75t_L             288    25.194    asap7sc7p5t_SIMPLE_LVT_TT_ccs_211120 
AND3x1_ASAP7_75t_L              19     1.662    asap7sc7p5t_SIMPLE_LVT_TT_ccs_211120 
AND4x1_ASAP7_75t_L             574    58.582    asap7sc7p5t_SIMPLE_LVT_TT_ccs_211120 
AND5x1_ASAP7_75t_L             106    12.364    asap7sc7p5t_SIMPLE_LVT_TT_ccs_211120 
AO21x1_ASAP7_75t_L              50     4.374    asap7sc7p5t_AO_LVT_TT_ccs_211120     
AO221x1_ASAP7_75t_L             30     4.374    asap7sc7p5t_AO_LVT_TT_ccs_211120     
AO222x2_ASAP7_75t_L            158    27.644    asap7sc7p5t_AO_LVT_TT_ccs_211120     
AO22x1_ASAP7_75t_L             582    76.370    asap7sc7p5t_AO_LVT_TT_ccs_211120     
AO32x1_ASAP7_75t_L               4     0.467    asap7sc7p5t_AO_LVT_TT_ccs_211120     
AO332x1_ASAP7_75t_L             27     4.330    asap7sc7p5t_AO_LVT_TT_ccs_211120     
AOI211xp5_ASAP7_75t_L            7     0.612    asap7sc7p5t_AO_LVT_TT_ccs_211120     
AOI21xp33_ASAP7_75t_L          378    27.556    asap7sc7p5t_AO_LVT_TT_ccs_211120     
AOI21xp33_ASAP7_75t_R            3     0.219    asap7sc7p5t_AO_RVT_TT_ccs_211120     
AOI21xp5_ASAP7_75t_L            79     5.759    asap7sc7p5t_AO_LVT_TT_ccs_211120     
AOI221xp5_ASAP7_75t_L          437    44.600    asap7sc7p5t_AO_LVT_TT_ccs_211120     
AOI222xp33_ASAP7_75t_L         265    38.637    asap7sc7p5t_AO_LVT_TT_ccs_211120     
AOI22xp33_ASAP7_75t_L         6833   597.751    asap7sc7p5t_AO_LVT_TT_ccs_211120     
AOI22xp5_ASAP7_75t_L          4546   397.684    asap7sc7p5t_AO_LVT_TT_ccs_211120     
AOI31xp33_ASAP7_75t_L           18     1.575    asap7sc7p5t_AO_LVT_TT_ccs_211120     
AOI321xp33_ASAP7_75t_L           1     0.117    asap7sc7p5t_AO_LVT_TT_ccs_211120     
AOI322xp5_ASAP7_75t_L            2     0.262    asap7sc7p5t_AO_LVT_TT_ccs_211120     
AOI32xp33_ASAP7_75t_L           34     3.470    asap7sc7p5t_AO_LVT_TT_ccs_211120     
AOI33xp33_ASAP7_75t_L            5     0.583    asap7sc7p5t_AO_LVT_TT_ccs_211120     
BUFx3_ASAP7_75t_L               80     6.998    asap7sc7p5t_INVBUF_LVT_TT_ccs_211120 
BUFx4f_ASAP7_75t_L              10     1.166    asap7sc7p5t_INVBUF_LVT_TT_ccs_211120 
DFFASRHQNx1_ASAP7_75t_L       5122  1941.648    asap7sc7p5t_SEQ_LVT_TT_ccs_220123    
DFFHQNx1_ASAP7_75t_L           992   289.267    asap7sc7p5t_SEQ_LVT_TT_ccs_220123    
HB1xp67_ASAP7_75t_L            149     8.690    asap7sc7p5t_INVBUF_LVT_TT_ccs_211120 
HB1xp67_ASAP7_75t_R             10     0.583    asap7sc7p5t_INVBUF_RVT_TT_ccs_211120 
INVx1_ASAP7_75t_L             3871   169.318    asap7sc7p5t_INVBUF_LVT_TT_ccs_211120 
INVx2_ASAP7_75t_L               60     3.499    asap7sc7p5t_INVBUF_LVT_TT_ccs_211120 
INVx3_ASAP7_75t_L               44     3.208    asap7sc7p5t_INVBUF_LVT_TT_ccs_211120 
INVx4_ASAP7_75t_L                5     0.437    asap7sc7p5t_INVBUF_LVT_TT_ccs_211120 
INVxp33_ASAP7_75t_L              5     0.219    asap7sc7p5t_INVBUF_LVT_TT_ccs_211120 
INVxp33_ASAP7_75t_R             18     0.787    asap7sc7p5t_INVBUF_RVT_TT_ccs_211120 
MAJIxp5_ASAP7_75t_L            592    60.420    asap7sc7p5t_SIMPLE_LVT_TT_ccs_211120 
MAJx2_ASAP7_75t_L              142    18.633    asap7sc7p5t_SIMPLE_LVT_TT_ccs_211120 
NAND2xp33_ASAP7_75t_L           30     1.750    asap7sc7p5t_SIMPLE_LVT_TT_ccs_211120 
NAND2xp5_ASAP7_75t_L           442    25.777    asap7sc7p5t_SIMPLE_LVT_TT_ccs_211120 
NAND3xp33_ASAP7_75t_L           96     6.998    asap7sc7p5t_SIMPLE_LVT_TT_ccs_211120 
NAND4xp25_ASAP7_75t_L          293    25.632    asap7sc7p5t_SIMPLE_LVT_TT_ccs_211120 
NAND5xp2_ASAP7_75t_L           542    55.317    asap7sc7p5t_SIMPLE_LVT_TT_ccs_211120 
NAND5xp2_ASAP7_75t_R             1     0.102    asap7sc7p5t_SIMPLE_RVT_TT_ccs_211120 
NOR2xp33_ASAP7_75t_L          1027    59.895    asap7sc7p5t_SIMPLE_LVT_TT_ccs_211120 
NOR3xp33_ASAP7_75t_L            78     5.686    asap7sc7p5t_SIMPLE_LVT_TT_ccs_211120 
NOR4xp25_ASAP7_75t_L            49     4.287    asap7sc7p5t_SIMPLE_LVT_TT_ccs_211120 
NOR5xp2_ASAP7_75t_L             35     3.572    asap7sc7p5t_SIMPLE_LVT_TT_ccs_211120 
O2A1O1Ixp33_ASAP7_75t_L         29     2.537    asap7sc7p5t_OA_LVT_TT_ccs_211120     
OA211x2_ASAP7_75t_L              2     0.233    asap7sc7p5t_OA_LVT_TT_ccs_211120     
OA21x2_ASAP7_75t_L             125    12.758    asap7sc7p5t_OA_LVT_TT_ccs_211120     
OAI211xp5_ASAP7_75t_L            8     0.700    asap7sc7p5t_OA_LVT_TT_ccs_211120     
OAI21xp33_ASAP7_75t_L           11     0.802    asap7sc7p5t_OA_LVT_TT_ccs_211120     
OAI21xp5_ASAP7_75t_L            45     3.281    asap7sc7p5t_OA_LVT_TT_ccs_211120     
OAI221xp5_ASAP7_75t_L           49     5.001    asap7sc7p5t_OA_LVT_TT_ccs_211120     
OAI22xp33_ASAP7_75t_L            7     0.612    asap7sc7p5t_OA_LVT_TT_ccs_211120     
OAI22xp5_ASAP7_75t_L           417    36.479    asap7sc7p5t_OA_LVT_TT_ccs_211120     
OAI311xp33_ASAP7_75t_L           1     0.102    asap7sc7p5t_OA_LVT_TT_ccs_211120     
OAI31xp33_ASAP7_75t_L           21     1.837    asap7sc7p5t_OA_LVT_TT_ccs_211120     
OAI321xp33_ASAP7_75t_L          32     3.732    asap7sc7p5t_OA_LVT_TT_ccs_211120     
OAI32xp33_ASAP7_75t_L            2     0.204    asap7sc7p5t_OA_LVT_TT_ccs_211120     
OAI331xp33_ASAP7_75t_L           1     0.131    asap7sc7p5t_OA_LVT_TT_ccs_211120     
OAI33xp33_ASAP7_75t_L            4     0.467    asap7sc7p5t_OA_LVT_TT_ccs_211120     
OR2x2_ASAP7_75t_L               26     2.274    asap7sc7p5t_SIMPLE_LVT_TT_ccs_211120 
OR3x1_ASAP7_75t_L               39     3.412    asap7sc7p5t_SIMPLE_LVT_TT_ccs_211120 
OR4x1_ASAP7_75t_L               23     2.347    asap7sc7p5t_SIMPLE_LVT_TT_ccs_211120 
OR5x1_ASAP7_75t_L              114    13.297    asap7sc7p5t_SIMPLE_LVT_TT_ccs_211120 
XNOR2xp5_ASAP7_75t_L           526    69.022    asap7sc7p5t_SIMPLE_LVT_TT_ccs_211120 
XOR2x2_ASAP7_75t_L               1     0.160    asap7sc7p5t_SIMPLE_LVT_TT_ccs_211120 
XOR2xp5_ASAP7_75t_L            666    87.393    asap7sc7p5t_SIMPLE_LVT_TT_ccs_211120 
-------------------------------------------------------------------------------------
total                        30331  4278.618                                         


               Library               Instances   Area   Instances % 
--------------------------------------------------------------------
asap7sc7p5t_AO_LVT_TT_ccs_211120         13499 1239.927        44.5 
asap7sc7p5t_AO_RVT_TT_ccs_211120             3    0.219         0.0 
asap7sc7p5t_INVBUF_LVT_TT_ccs_211120      4224  193.535        13.9 
asap7sc7p5t_INVBUF_RVT_TT_ccs_211120        28    1.371         0.1 
asap7sc7p5t_OA_LVT_TT_ccs_211120           754   68.876         2.5 
asap7sc7p5t_SEQ_LVT_TT_ccs_220123         6114 2230.915        20.2 
asap7sc7p5t_SIMPLE_LVT_TT_ccs_211120      5708  543.674        18.8 
asap7sc7p5t_SIMPLE_RVT_TT_ccs_211120         1    0.102         0.0 

                                         
     Type      Instances   Area   Area % 
-----------------------------------------
sequential          6114 2230.915   52.1 
inverter            4003  177.468    4.1 
buffer               249   17.438    0.4 
logic              19965 1852.797   43.3 
physical_cells         0    0.000    0.0 
-----------------------------------------
total              30331 4278.618  100.0 

