============================================================
  Generated by:           Genus(TM) Synthesis Solution 23.14-s090_1
  Generated on:           Aug 11 2026  11:40:51 pm
  Module:                 riscv_pipeline
  Operating conditions:   PVT_0P7V_25C (balanced_tree)
  Wireload mode:          enclosed
  Area mode:              timing library
============================================================

 
  Hierarchy Report Format : 
 
    level instance ( module ) <status>
 
    status :    preserve_<value> -- indicating preserve hierachy or inherited_preserve value
           :    blackbox --  indicating  unresolved instance
 
==================================================================

 0 riscv_pipeline
  1 BPU ( branch_prediction_unit ) 
     2 BHT ( branch_history_table ) 
     2 BTB ( branch_target_buffer ) 
  1 CSR_RF ( csr_register_file ) 
  1 EX ( execute ) 
     2 DIV ( divider ) 
     2 MUL ( multiplier ) 
  1 EX_MEM ( ex_mem_register ) 
  1 FU ( forwarding_unit ) 
  1 ID ( instruction_decode ) 
     2 ACU ( alu_control_unit ) 
     2 MCU ( main_control_unit ) 
  1 ID_EX ( id_ex_register ) 
  1 IF ( instruction_fetch ) 
  1 IF_ID ( if_id_register ) 
  1 MEM_WB ( mem_wb_register ) 
  1 PCU ( pipeline_control_unit ) 
  1 RF ( register_file ) 
  1 WB ( write_back ) 
