============================================================
  Generated by:           Genus(TM) Synthesis Solution 23.14-s090_1
  Generated on:           Aug 11 2026  11:26:46 pm
  Module:                 riscv_pipeline
  Technology libraries:   asap7sc7p5t_SIMPLE_RVT_TT_ccs_211120 1.0
                          asap7sc7p5t_INVBUF_RVT_TT_ccs_211120 1.0
                          asap7sc7p5t_AO_RVT_TT_ccs_211120 1.0
                          asap7sc7p5t_OA_RVT_TT_ccs_211120 1.0
                          asap7sc7p5t_SEQ_RVT_TT_ccs_220123 1.0
                          asap7sc7p5t_SIMPLE_LVT_TT_ccs_211120 1.0
                          asap7sc7p5t_INVBUF_LVT_TT_ccs_211120 1.0
                          asap7sc7p5t_AO_LVT_TT_ccs_211120 1.0
                          asap7sc7p5t_OA_LVT_TT_ccs_211120 1.0
                          asap7sc7p5t_SEQ_LVT_TT_ccs_220123 1.0
  Operating conditions:   PVT_0P7V_25C (balanced_tree)
  Wireload mode:          enclosed
  Area mode:              timing library
============================================================

 
  Hierarchy Report Format : 
 
    level instance ( module ) <status>
 
    status :    preserve_<value> -- indicating preserve hierachy or inherited_preserve value
           :    blackbox --  indicating  unresolved instance
 
==================================================================

 0 riscv_pipeline
  1 IF ( instruction_fetch ) 
     2 add_43_35 ( add_unsigned ) 
     2 add_45_31 ( add_unsigned_2 ) 
     2 add_60_30 ( add_unsigned_1 ) 
     2 ctl_34_13 ( case_box ) 
     2 mux_pc_out_34_13 ( mux ) 
  1 IF_ID ( if_id_register ) 
     2 mux_if_id_valid_41_26 ( bmux ) 
     2 mux_if_id_btb_hit_41_26 ( bmux_3 ) 
     2 mux_if_id_predict_taken_41_26 ( bmux_6 ) 
     2 mux_if_id_pc_in_41_26 ( bmux_13 ) 
     2 mux_if_id_pc_plus_4_41_26 ( bmux_13_2 ) 
     2 mux_if_id_instr_41_26 ( bmux_13_4 ) 
  1 ID ( instruction_decode ) 
     2 MCU ( main_control_unit ) 
        3 ctl_funct3_45_27 ( case_box_13 ) 
        3 mux_md_operation_45_27 ( mux_20 ) 
        3 mux_md_operation_44_28 ( bmux_21 ) 
        3 ctl_opcode_40_15 ( case_box_14 ) 
        3 mux_md_operation_40_15 ( mux_22 ) 
        3 ctl_70_23 ( case_box_17 ) 
        3 mux_cmbsop_mem_size_70_23 ( mux_23 ) 
        3 ctl_funct3_102_23 ( case_box_20 ) 
        3 mux_mem_size_102_23 ( mux_24 ) 
        3 mux_mem_size_40_15 ( mux_25 ) 
        3 ctl_40_15 ( case_box_23 ) 
        3 mux_cmbsop_alu_op_40_15 ( mux_26 ) 
        3 mux_mem_unsigned_40_15 ( mux_27 ) 
        3 mux_reg_write_40_15 ( mux_28 ) 
        3 mux_reg_write_137_28 ( bmux_9 ) 
        3 ctl_40_9 ( case_box_26 ) 
        3 mux_reg_write_40_10 ( mux_27_1 ) 
     2 ACU ( alu_control_unit ) 
        3 ctl_funct3_162_27 ( case_box_34 ) 
        3 mux_alu_ctrl_162_27 ( mux_33 ) 
        3 mux_alu_ctrl_171_33 ( bmux_10 ) 
        3 ctl_162_27 ( case_box_35 ) 
        3 mux_alu_ctrl_162_3 ( mux_35 ) 
        3 ctl_funct3_179_27 ( case_box_38 ) 
        3 mux_alu_ctrl_179_27 ( mux_36 ) 
        3 ctl_179_27 ( case_box_41 ) 
        3 mux_alu_ctrl_179_4 ( mux_39 ) 
        3 mux_alu_ctrl_161_28 ( bmux_40 ) 
        3 mux_alu_ctrl_157_15 ( bmux_41 ) 
     2 add_137_37 ( add_unsigned_2_1 ) 
     2 add_139_40 ( add_unsigned_2_2 ) 
     2 eq_142_33 ( equal_unsigned_67 ) 
     2 eq_143_34 ( equal_unsigned_69 ) 
     2 eq_144_32 ( equal_unsigned_71 ) 
     2 eq_145_35 ( equal_unsigned_77 ) 
     2 mux_149_32 ( bmux_78 ) 
     2 ctl_128_44 ( case_box_50 ) 
     2 mux_128_44 ( mux_79 ) 
  1 CSR_RF ( csr_register_file ) 
     2 add_211_34 ( add_unsigned_83 ) 
     2 add_215_38 ( add_unsigned_83_1 ) 
     2 ctl_dbg_reg_write_addr_221_23 ( case_box_68 ) 
     2 mux_minstret_221_23 ( mux_87 ) 
     2 ctl_csr_write_addr_257_23 ( case_box_69 ) 
     2 mux_minstret_257_23 ( mux_87_1 ) 
     2 mux_minstret_256_39 ( bmux_89 ) 
     2 mux_minstret_252_26 ( bmux_89_1 ) 
     2 mux_minstret_245_26 ( bmux_89_2 ) 
     2 mux_minstret_242_37 ( bmux_89_3 ) 
     2 mux_minstret_220_17 ( bmux_89_4 ) 
     2 mux_mcycle_221_23 ( mux_87_2 ) 
     2 mux_mcycle_257_23 ( mux_87_3 ) 
     2 mux_mcycle_256_39 ( bmux_89_6 ) 
     2 mux_mcycle_252_26 ( bmux_89_7 ) 
     2 mux_mcycle_245_26 ( bmux_89_8 ) 
     2 mux_mcycle_242_37 ( bmux_89_9 ) 
     2 mux_mcycle_220_17 ( bmux_89_10 ) 
     2 mux_dscratch0_220_17 ( bmux_13_7 ) 
     2 mux_dpc_242_37 ( bmux_13_9 ) 
     2 mux_dpc_220_17 ( bmux_13_10 ) 
     2 mux_244_30 ( bmux_21_1 ) 
     2 mux_dcsr_242_37 ( bmux_21_2 ) 
     2 mux_dcsr_220_17 ( bmux_13_12 ) 
     2 mux_mtval_245_26 ( bmux_13_14 ) 
     2 mux_mtval_220_17 ( bmux_13_15 ) 
     2 mux_mcause_245_26 ( bmux_13_17 ) 
     2 mux_mcause_220_17 ( bmux_13_18 ) 
     2 mux_mepc_245_26 ( bmux_13_20 ) 
     2 mux_mepc_220_17 ( bmux_13_21 ) 
     2 mux_mstatus_252_26 ( bmux_40_1 ) 
     2 mux_mstatus_245_26 ( bmux_40_2 ) 
     2 mux_mstatus_220_17 ( bmux_40_3 ) 
     2 ctl_dbg_reg_read_addr_166_15 ( case_box_72 ) 
     2 mux_dbg_read_data_166_15 ( mux_131 ) 
     2 ctl_csr_addr_139_15 ( case_box_75 ) 
     2 mux_csr_read_data_139_15 ( mux_131_1 ) 
     2 mux_mie_220_17 ( bmux_645 ) 
  1 RF ( register_file ) 
     2 mux_x2_sp_33_26 ( bmux_13_29 ) 
     2 mux_rf_main[dbg_read_addr]_60_62 ( bmux_187 ) 
     2 mux_60_43 ( bmux_13_63 ) 
     2 mux_59_43 ( bmux_13_64 ) 
     2 mux_rf_main[read_reg2]_56_55 ( bmux_187_1 ) 
     2 mux_56_36 ( bmux_13_65 ) 
     2 mux_55_36 ( bmux_13_66 ) 
     2 mux_rf_main[read_reg1]_53_55 ( bmux_187_2 ) 
     2 mux_53_36 ( bmux_13_67 ) 
     2 mux_52_36 ( bmux_13_68 ) 
     2 ctl_dbg_write_addr_37_21 ( case_box_114 ) 
     2 ctl_mem_wb_rd_45_21 ( case_box_115 ) 
  1 ID_EX ( id_ex_register ) 
     2 mux_id_ex_instr_197_26 ( bmux_13_69 ) 
     2 mux_id_ex_md_type_197_26 ( bmux_15 ) 
     2 mux_id_ex_csr_we_197_26 ( bmux_18 ) 
     2 mux_id_ex_mret_197_26 ( bmux_22 ) 
     2 mux_id_ex_ebreak_197_26 ( bmux_25 ) 
     2 mux_id_ex_ecall_197_26 ( bmux_28 ) 
     2 mux_id_ex_btb_hit_197_26 ( bmux_31 ) 
     2 mux_id_ex_predict_taken_197_26 ( bmux_33 ) 
     2 mux_id_ex_auipc_197_26 ( bmux_36 ) 
     2 mux_id_ex_lui_197_26 ( bmux_38 ) 
     2 mux_id_ex_jalr_197_26 ( bmux_42 ) 
     2 mux_id_ex_jal_197_26 ( bmux_45 ) 
     2 mux_id_ex_branch_197_26 ( bmux_48 ) 
     2 mux_id_ex_mem_to_reg_197_26 ( bmux_51 ) 
     2 mux_id_ex_mem_read_197_26 ( bmux_54 ) 
     2 mux_id_ex_mem_write_197_26 ( bmux_57 ) 
     2 mux_id_ex_reg_write_197_26 ( bmux_61 ) 
     2 mux_id_ex_valid_197_26 ( bmux_64 ) 
  1 FU ( forwarding_unit ) 
     2 mux_forward_b_37_90 ( bmux_67 ) 
     2 mux_forward_b_35_53 ( bmux_78_3 ) 
     2 mux_50_40 ( bmux_13_79 ) 
     2 mux_49_40 ( bmux_13_80 ) 
     2 mux_47_23 ( bmux_13_81 ) 
     2 mux_forward_a_30_90 ( bmux_68 ) 
     2 mux_forward_a_28_53 ( bmux_78_4 ) 
     2 mux_44_33 ( bmux_13_82 ) 
     2 mux_43_33 ( bmux_13_83 ) 
  1 EX ( execute ) 
     2 MUL ( multiplier ) 
        3 gte_173_32 ( geq_unsigned ) 
        3 minus_123_53 ( sub_unsigned ) 
        3 lt_156_40_I4 ( lt_unsigned ) 
        3 lt_156_40_I3 ( lt_unsigned_1 ) 
        3 lt_156_40_I2 ( lt_unsigned_2 ) 
        3 lt_156_40_I1 ( lt_unsigned_3 ) 
        3 minus_129_43 ( sub_unsigned_1 ) 
        3 add_158_55_I4 ( add_unsigned_308 ) 
        3 add_158_55_I3 ( add_unsigned_308_1 ) 
        3 add_158_55_I2 ( add_unsigned_308_2 ) 
        3 add_158_55_I1 ( add_unsigned_308_3 ) 
        3 add_163_53_I4 ( add_unsigned_316 ) 
        3 add_163_53_I3 ( add_unsigned_316_1 ) 
        3 add_163_53_I2 ( add_unsigned_316_2 ) 
        3 add_163_53_I1 ( add_unsigned_316_3 ) 
        3 minus_184_42 ( sub_unsigned_324 ) 
        3 mux_state_next_86_21 ( bmux_78_5 ) 
        3 mux_count_temp_156_40 ( bmux_330 ) 
        3 mux_count_temp_156_30 ( bmux_330_1 ) 
        3 mux_count_temp_156_32 ( bmux_330_2 ) 
        3 mux_count_temp_156_34 ( bmux_330_3 ) 
        3 mux_state_next_173_32 ( bmux_78_6 ) 
        3 mux_state_next_143_21 ( bmux_78_7 ) 
        3 mux_state_next_214_21 ( bmux_69 ) 
        3 ctl_89_27 ( case_box_180 ) 
        3 mux_cmbsop_a_signed_flag_next_89_27 ( mux_337 ) 
        3 mux_multiplier_next_128_44 ( bmux_13_84 ) 
        3 mux_mplier_temp_156_40 ( bmux_13_85 ) 
        3 mux_mplier_temp_156_38 ( bmux_13_86 ) 
        3 mux_mplier_temp_156_39 ( bmux_13_87 ) 
        3 mux_multiplicand_next_122_44 ( bmux_13_88 ) 
        3 mux_prod_temp_157_33 ( bmux_89_12 ) 
        3 mux_prod_temp_156_40 ( bmux_89_13 ) 
        3 mux_prod_temp_157_45 ( bmux_89_14 ) 
        3 mux_prod_temp_156_46 ( bmux_89_15 ) 
        3 mux_prod_temp_157_47 ( bmux_89_16 ) 
        3 mux_prod_temp_156_48 ( bmux_89_17 ) 
        3 mux_prod_temp_157_49 ( bmux_89_18 ) 
        3 mux_prod_temp_156_50 ( bmux_89_19 ) 
        3 mux_a_val_next_86_21 ( bmux_13_89 ) 
        3 ctl_state_84_15 ( case_box_181 ) 
        3 mux_a_val_next_84_15 ( mux_352 ) 
        3 ctl_opcode_reg_177_25 ( case_box_184 ) 
        3 mux_result_sign_177_25 ( mux_354 ) 
        3 mux_md_result_next_189_27 ( bmux_356 ) 
        3 mux_md_result_next_173_32 ( bmux_13_91 ) 
        3 mux_md_result_next_143_21 ( bmux_13_92 ) 
        3 mux_md_result_next_84_15 ( bmux_359 ) 
        3 mux_counter_next_86_21 ( bmux_330_4 ) 
        3 mux_counter_next_143_21 ( bmux_330_5 ) 
        3 mux_counter_next_84_15 ( bmux_363 ) 
        3 mux_state_next_84_15 ( bmux_365 ) 
        3 mux_opcode_reg_next_86_21 ( bmux_21_5 ) 
        3 mux_opcode_reg_next_84_15 ( mux_22_1 ) 
        3 mux_multiplier_next_86_21 ( bmux_13_94 ) 
        3 mux_mplier_temp_156_53 ( bmux_13_95 ) 
        3 mux_multiplier_next_143_21 ( bmux_13_96 ) 
        3 mux_multiplier_next_84_15 ( bmux_359_1 ) 
        3 mux_product_next_86_21 ( bmux_89_21 ) 
        3 mux_product_next_143_21 ( bmux_89_22 ) 
        3 mux_product_next_84_15 ( bmux_377 ) 
        3 mux_multiplicand_next_86_21 ( bmux_89_24 ) 
        3 mux_mcand_temp_156_40 ( bmux_89_25 ) 
        3 mux_mcand_temp_156_54 ( bmux_89_26 ) 
        3 mux_mcand_temp_156_55 ( bmux_89_27 ) 
        3 mux_mcand_temp_156_56 ( bmux_89_28 ) 
        3 mux_multiplicand_next_143_21 ( bmux_89_29 ) 
        3 mux_multiplicand_next_84_15 ( bmux_377_1 ) 
        3 mux_a_signed_flag_next_86_21 ( bmux_70 ) 
        3 mux_a_signed_flag_next_84_15 ( mux_27_2 ) 
        3 mux_b_val_next_86_21 ( bmux_13_98 ) 
        3 mux_b_val_next_84_15 ( mux_352_1 ) 
        3 mux_b_signed_flag_next_86_21 ( bmux_72 ) 
        3 mux_b_signed_flag_next_84_15 ( mux_27_3 ) 
        3 mux_signed_product_183_25 ( bmux_643 ) 
     2 DIV ( divider ) 
        3 g25 ( and_op_204 ) 
        3 g28 ( or_op_207 ) 
        3 g29 ( and_op_208 ) 
        3 g32 ( or_op_211 ) 
        3 eq_369_34 ( equal_unsigned_399 ) 
        3 minus_336_49 ( sub_unsigned_2 ) 
        3 minus_342_48 ( sub_unsigned_3 ) 
        3 neq_400_34_I2 ( nequal_unsigned_409 ) 
        3 gte_407_38_I2 ( geq_unsigned_412 ) 
        3 neq_408_42_I1 ( nequal_unsigned_409_1 ) 
        3 neq_400_34_I1 ( nequal_unsigned_409_2 ) 
        3 gte_407_38_I1 ( geq_unsigned_412_1 ) 
        3 sub_409_47_I2 ( sub_unsigned_421 ) 
        3 sub_409_47_I1 ( sub_unsigned_421_1 ) 
        3 neq_355_90 ( nequal_unsigned_409_3 ) 
        3 eq_421_33 ( equal_unsigned_399_1 ) 
        3 minus_429_42 ( sub_unsigned_4 ) 
        3 minus_435_42 ( sub_unsigned_5 ) 
        3 mux_mask_tmp_400_34 ( bmux_13_100 ) 
        3 mux_mask_tmp_400_39 ( bmux_13_101 ) 
        3 ctl_state_329_19 ( case_box_214 ) 
        3 mux_state_329_19 ( mux_24_1 ) 
        3 mux_divisor_abs_341_33 ( bmux_13_102 ) 
        3 mux_divisor_abs_334_29 ( bmux_13_103 ) 
        3 mux_md_result_next_422_25 ( bmux_13_106 ) 
        3 mux_dividend_abs_335_33 ( bmux_13_107 ) 
        3 mux_dividend_abs_334_29 ( bmux_13_108 ) 
        3 mux_rem_tmp_401_42 ( bmux_454 ) 
        3 mux_rem_tmp_407_62 ( bmux_454_1 ) 
        3 mux_rem_tmp_400_34 ( bmux_454_2 ) 
        3 mux_rem_tmp_401_53 ( bmux_454_3 ) 
        3 mux_md_result_next_428_25 ( bmux_13_110 ) 
        3 mux_md_result_next_434_25 ( bmux_13_111 ) 
        3 mux_md_result_next_427_30 ( bmux_13_112 ) 
        3 mux_md_result_next_421_33 ( bmux_13_113 ) 
        3 mux_md_result_next_392_15 ( bmux_359_2 ) 
        3 mux_mask_tmp_392_15 ( mux_352_2 ) 
        3 mux_rem_tmp_407_56 ( bmux_454_4 ) 
        3 mux_rem_tmp_400_57 ( bmux_454_5 ) 
        3 mux_rem_tmp_392_15 ( mux_467 ) 
        3 mux_remainder_329_19 ( mux_467_1 ) 
        3 mux_quo_tmp_407_62 ( bmux_13_115 ) 
        3 mux_quo_tmp_400_34 ( bmux_13_116 ) 
        3 mux_quo_tmp_407_59 ( bmux_13_117 ) 
        3 mux_quo_tmp_400_60 ( bmux_13_118 ) 
        3 mux_quo_tmp_392_15 ( mux_352_3 ) 
        3 mux_quotient_329_19 ( mux_352_4 ) 
        3 mux_mask_329_19 ( mux_352_5 ) 
     2 g2 ( or_op_221 ) 
     2 g3 ( not_op ) 
     2 g4 ( and_op ) 
     2 g5 ( and_op_222 ) 
     2 g6 ( or_op_223 ) 
     2 g7 ( xor_op ) 
     2 add_260_38 ( add_unsigned_2_3 ) 
     2 add_273_47 ( add_unsigned_2_4 ) 
     2 sub_275_42 ( sub_unsigned_484 ) 
     2 lt_290_42 ( lt_signed ) 
     2 lt_297_33 ( lt_unsigned_487 ) 
     2 sll_303_47 ( shift_left_vlog_unsigned ) 
     2 srl_304_47 ( shift_right_vlog_unsigned ) 
     2 sra_305_56 ( arith_shift_right_vlog_signed ) 
     2 eq_278_64 ( equal_unsigned_399_2 ) 
     2 neq_279_64 ( nequal_unsigned_409_4 ) 
     2 gte_281_70 ( geq_signed ) 
     2 gte_283_61 ( geq_unsigned_974 ) 
     2 mux_243_31 ( bmux_13_121 ) 
     2 mux_csr_write_data_251_19 ( bmux_359_3 ) 
     2 mux_csr_write_data_249_13 ( bmux_13_122 ) 
     2 mux_branch_taken_277_31 ( bmux_978 ) 
     2 mux_branch_taken_276_25 ( bmux_76 ) 
     2 ctl_id_ex_alu_ctrl_270_19 ( case_box_224 ) 
     2 mux_branch_taken_270_19 ( mux_27_4 ) 
     2 mux_branch_taken_261_22 ( bmux_77 ) 
     2 mux_branch_taken_259_22 ( bmux_79 ) 
     2 mux_branch_taken_257_22 ( bmux_80 ) 
     2 mux_branch_taken_249_13 ( bmux_81 ) 
     2 mux_alu_result_264_26 ( bmux_13_123 ) 
     2 mux_alu_result_262_17 ( bmux_13_124 ) 
     2 mux_alu_result_290_42 ( bmux_82 ) 
     2 mux_alu_result_297_33 ( bmux_83 ) 
     2 mux_alu_result_270_19 ( bmux_989 ) 
     2 mux_alu_result_261_22 ( bmux_13_125 ) 
     2 mux_alu_result_259_22 ( bmux_13_126 ) 
     2 mux_alu_result_257_22 ( bmux_13_127 ) 
     2 mux_alu_result_249_13 ( bmux_13_128 ) 
  1 EX_MEM ( ex_mem_register ) 
     2 mux_ex_mem_instr_362_26 ( bmux_13_129 ) 
     2 mux_ex_mem_csr_we_362_26 ( bmux_84 ) 
     2 mux_ex_mem_mret_362_26 ( bmux_87 ) 
     2 mux_ex_mem_ebreak_362_26 ( bmux_91 ) 
     2 mux_ex_mem_ecall_362_26 ( bmux_94 ) 
     2 mux_ex_mem_btb_hit_362_26 ( bmux_97 ) 
     2 mux_ex_mem_predict_taken_362_26 ( bmux_99 ) 
     2 mux_ex_mem_jal_362_26 ( bmux_102 ) 
     2 mux_ex_mem_branch_taken_362_26 ( bmux_105 ) 
     2 mux_ex_mem_branch_362_26 ( bmux_107 ) 
     2 mux_ex_mem_reg_write_362_26 ( bmux_110 ) 
     2 mux_ex_mem_mem_to_reg_362_26 ( bmux_113 ) 
     2 mux_ex_mem_mem_read_362_26 ( bmux_115 ) 
     2 mux_ex_mem_mem_write_362_26 ( bmux_118 ) 
     2 mux_ex_mem_valid_362_26 ( bmux_121 ) 
  1 MEM ( memory_access ) 
  1 MEM_WB ( mem_wb_register ) 
     2 mux_mem_wb_ecall_457_26 ( bmux_124 ) 
     2 mux_mem_wb_jal_457_26 ( bmux_127 ) 
     2 mux_mem_wb_reg_write_457_26 ( bmux_130 ) 
     2 mux_mem_wb_mem_to_reg_457_26 ( bmux_133 ) 
     2 mux_mem_wb_valid_457_26 ( bmux_136 ) 
  1 WB ( write_back ) 
     2 mux_346_33 ( bmux_13_141 ) 
     2 mux_345_33 ( bmux_13_142 ) 
  1 PCU ( pipeline_control_unit ) 
     2 lt_131_35 ( lt_unsigned_1077 ) 
     2 add_132_48 ( add_unsigned_1079 ) 
     2 gte_94_49 ( geq_unsigned_1082 ) 
     2 mux_sleeping_reg_155_17 ( bmux_139 ) 
     2 ctl_opcode_55_15 ( case_box_299 ) 
     2 mux_uses_rs1_55_15 ( mux_1086 ) 
     2 mux_uses_rs1_63_40 ( bmux_142 ) 
     2 ctl_55_15 ( case_box_300 ) 
     2 mux_uses_rs1_55_54 ( mux_27_5 ) 
     2 mux_uses_rs2_55_15 ( mux_1089 ) 
     2 mux_load_use_hazard_71_28 ( bmux_143 ) 
     2 mux_step_active_118_32 ( bmux_144 ) 
     2 mux_load_use_stall_101_13 ( bmux_146 ) 
     2 mux_drain_cnt_118_32 ( bmux_1094 ) 
  1 BPU ( branch_prediction_unit ) 
     2 BTB ( branch_target_buffer ) 
        3 eq_96_42 ( equal_unsigned_1099 ) 
        3 add_100_36 ( add_unsigned_3 ) 
        3 eq_104_29 ( equal_unsigned_1099_1 ) 
        3 eq_105_32 ( equal_unsigned_1105 ) 
        3 ctl_update_btb_115_22 ( case_box_497 ) 
        3 mux_valids[0]_115_22 ( mux_27_6 ) 
        3 mux_targets[0]_115_22 ( mux_1234 ) 
        3 mux_tags[0]_115_22 ( mux_1362 ) 
        3 mux_valids[update_index]_103_9 ( bmux_1490 ) 
        3 mux_tags[update_index]_104_10 ( bmux_1491 ) 
        3 mux_targets[update_index]_105_10 ( bmux_1492 ) 
        3 mux_valids[lookup_index]_95_22 ( bmux_1490_1 ) 
        3 mux_tags[lookup_index]_96_23 ( bmux_1491_1 ) 
        3 mux_targets[lookup_index]_99_30 ( bmux_1492_1 ) 
        3 mux_98_29 ( bmux_13_143 ) 
        3 ctl_update_index_116_13 ( case_box_498 ) 
     2 BHT ( branch_history_table ) 
        3 add_157_66 ( add_unsigned_1500 ) 
        3 sub_159_66 ( sub_unsigned_1504 ) 
        3 mux_predicts[update_index]_156_34 ( bmux_1505 ) 
        3 mux_predicts[0]_156_30 ( bmux_78_12 ) 
        3 ctl_update_index_157_17 ( case_box_535 ) 
        3 mux_predicts[lookup_index]_147_39 ( bmux_644 ) 
     2 mux_40_25 ( bmux_215 ) 
     2 mux_37_40 ( bmux_78_44 ) 
     2 mux_36_16 ( bmux_78_45 ) 
  1 eq_450_52 ( equal_unsigned_1554 ) 
  1 eq_499_71 ( equal_unsigned_1560 ) 
  1 eq_448_51 ( equal_unsigned_1554_1 ) 
  1 mux_522_58 ( bmux_13_144 ) 
  1 mux_523_58 ( bmux_13_145 ) 
  1 ctl_is_external_irq_280_30 ( case_box_636 ) 
  1 mux_280_30 ( mux_1571 ) 
  1 ctl_316_28 ( case_box_637 ) 
  1 mux_pc_reg_316_28 ( mux_1575 ) 
  1 mux_pc_reg_313_22 ( bmux_13_146 ) 
  1 mux_pc_reg_311_13 ( bmux_13_147 ) 
  1 ctl_take_ebreak_278_27 ( case_box_640 ) 
  1 mux_278_27 ( mux_1575_1 ) 
  1 mux_499_51 ( bmux_13_148 ) 
  1 mux_458_32 ( bmux_13_149 ) 
  1 mux_457_32 ( bmux_13_150 ) 
