  =================
   Message Summary
  =================
-----------------------------------------------------------------------------------------------------------------------------------------------------------------------------------------------------------------------------------------------------------------------------------------------------------------
|    Id    |  Sev  |Count|                                                                                                                                     Message Text                                                                                                                                     |
-----------------------------------------------------------------------------------------------------------------------------------------------------------------------------------------------------------------------------------------------------------------------------------------------------------------
|CFM-1     |Info   |    1|Wrote dofile.                                                                                                                                                                                                                                                                         |
|CFM-2     |Info   |    1|Wrote composite dofile.                                                                                                                                                                                                                                                               |
|CFM-5     |Info   |    2|Wrote formal verification information.                                                                                                                                                                                                                                                |
|DPOPT-1   |Info   |    2|Optimizing datapath logic.                                                                                                                                                                                                                                                            |
|DPOPT-3   |Info   |    4|Implementing datapath configurations.                                                                                                                                                                                                                                                 |
|DPOPT-4   |Info   |    4|Done implementing datapath configurations.                                                                                                                                                                                                                                            |
|ELAB-1    |Info   |    1|Elaborating Design.                                                                                                                                                                                                                                                                   |
|ELAB-3    |Info   |    1|Done Elaborating Design.                                                                                                                                                                                                                                                              |
|GLO-12    |Info   |  140|Replacing a flip-flop with a logic constant 0.                                                                                                                                                                                                                                        |
|          |       |     |To prevent this optimization, set the 'optimize_constant_0_flops' root attribute to 'false' or 'optimize_constant_0_seq' instance attribute to 'false'. You can also see the complete list of deleted sequential with command 'report sequential -deleted' (on Reason 'constant0').   |
|GLO-13    |Info   |    1|Replacing a flip-flop with a logic constant 1.                                                                                                                                                                                                                                        |
|          |       |     |To prevent this optimization, set the 'optimize_constant_1_flops' root attribute to 'false' or 'optimize_constant_1_seq' instance attribute to 'false'.                                                                                                                               |
|GLO-34    |Info   |   21|Deleting instances not driving any primary outputs.                                                                                                                                                                                                                                   |
|          |       |     |Optimizations such as constant propagation or redundancy removal could change the connections so a hierarchical instance does not drive any primary outputs anymore. To see the list of deleted hierarchical instances, set the 'information_level' attribute to 2 or above. If the   |
|          |       |     | message is truncated set the message attribute 'truncate' to false to see the complete list. To prevent this optimization, set the 'delete_unloaded_insts' root/subdesign attribute to 'false' or 'preserve' instance attribute to 'true'.                                           |
|GLO-45    |Info   |   20|Replacing the synchronous part of an always feeding back flip-flop with a logic constant.                                                                                                                                                                                             |
|          |       |     |To prevent this optimization, set 'optimize_constant_feedback_seqs' root attribute to 'false'. The instance attribute 'optimize_constant_feedback_seq' controls this optimization.                                                                                                    |
|HLO_RR-1  |Info   |    1|Setting up the version of high level Redundancy Removal Optimizations.                                                                                                                                                                                                                |
|LBR-412   |Info   |   10|Created nominal operating condition.                                                                                                                                                                                                                                                  |
|          |       |     |The nominal operating condition is represented, either by the nominal PVT values specified in the library source (via nom_process,nom_voltage and nom_temperature respectively), or by the default PVT values (1.0,1.0,1.0).                                                          |
|MESG-11   |Warning|    2|Maximum message print count reached.                                                                                                                                                                                                                                                  |
|PHYS-752  |Info   |    2|Partition Based Synthesis execution skipped.                                                                                                                                                                                                                                          |
|RPT-16    |Info   |    1|Joules engine is used.                                                                                                                                                                                                                                                                |
|RPT-80    |Warning|    2|The details given in report might be incorrect or incomplete.                                                                                                                                                                                                                         |
|          |       |     |Map the design using syn_map before using the '-detail' option of the 'report_area' command.                                                                                                                                                                                          |
|RTLOPT-1  |Info   |    1|Optimizing RTL.                                                                                                                                                                                                                                                                       |
|RTLOPT-2  |Info   |    1|Done optimizing RTL.                                                                                                                                                                                                                                                                  |
|RTLOPT-19 |Info   |    5|Grouping carry-save logic.                                                                                                                                                                                                                                                            |
|RTLOPT-20 |Info   |    5|Accepted carry-save configuration.                                                                                                                                                                                                                                                    |
|RTLOPT-23 |Info   |    5|Done grouping carry-save logic.                                                                                                                                                                                                                                                       |
|SYNTH-1   |Info   |    1|Synthesizing.                                                                                                                                                                                                                                                                         |
|SYNTH-2   |Info   |    1|Done synthesizing.                                                                                                                                                                                                                                                                    |
|SYNTH-4   |Info   |    1|Mapping.                                                                                                                                                                                                                                                                              |
|SYNTH-5   |Info   |    1|Done mapping.                                                                                                                                                                                                                                                                         |
|SYNTH-7   |Info   |    1|Incrementally optimizing.                                                                                                                                                                                                                                                             |
|SYNTH-8   |Info   |    1|Done incrementally optimizing.                                                                                                                                                                                                                                                        |
|SYNTH-33  |Warning|    1|The selected flow setting will be removed in a future release.                                                                                                                                                                                                                        |
|          |       |     |Contact Cadence support to understand current flows.                                                                                                                                                                                                                                  |
|TUI-744   |Info   |    4|Timing analysis will be done for this view.                                                                                                                                                                                                                                           |
|          |       |     |Worst paths will be shown in this view.                                                                                                                                                                                                                                               |
|VLOGPT-506|Warning|    7|Unused attribute.                                                                                                                                                                                                                                                                     |
-----------------------------------------------------------------------------------------------------------------------------------------------------------------------------------------------------------------------------------------------------------------------------------------------------------------
