============================================================
  Generated by:           Genus(TM) Synthesis Solution 23.14-s090_1
  Generated on:           Aug 11 2026  11:40:50 pm
  Module:                 riscv_pipeline
  Operating conditions:   PVT_0P7V_25C (balanced_tree)
  Wireload mode:          enclosed
  Area mode:              timing library
============================================================

Timing
--------

Analysis view Clock  Period 
----------------------------
tt            CLK   10000.0 


Analysis   Cost   Critical        Violating 
  View    Group  Path Slack  TNS    Paths   
--------------------------------------------
tt           C2C     7681.8  0.0          0 
             C2O     6698.9  0.0          0 
             CLK   No paths  0.0          0 
         default   No paths  0.0          0 
             I2C     6841.3  0.0          0 
             I2O     4025.9  0.0          0 
--------------------------------------------
Total                       -0.0          0 
                                            

Instance Count
--------------
Leaf Instance Count             30331 
Physical Instance count             0 
Sequential Instance Count        6114 
Combinational Instance Count    24217 
Hierarchical Instance Count        19 

Area
----
Cell Area                          4278.618
Physical Cell Area                 0.000
Total Cell Area (Cell+Physical)    4278.618
Net Area                           0.000
Total Area (Cell+Physical+Net)     4278.618

Max Fanout                         6114 (clk)
Min Fanout                         0 (alu_op[0])
Average Fanout                     3.0
Terms to net ratio                 4.2850
Terms to instance ratio            4.3404
Runtime                            274.997054 seconds
Elapsed Runtime                    279 seconds
Genus peak memory usage            1902.34 
Innovus peak memory usage          no_value 
Hostname                           user1-EliteMini
