============================================================
  Generated by:           Genus(TM) Synthesis Solution 23.14-s090_1
  Generated on:           Aug 11 2026  11:40:47 pm
  Module:                 riscv_pipeline
  Operating conditions:   PVT_0P7V_25C (balanced_tree)
  Wireload mode:          enclosed
  Area mode:              timing library
============================================================


Path 1: MET (6841 ps) Setup Check with Pin CSR_RF/mtvec_reg[30]/CLK->D
           View: tt
          Group: I2C
     Startpoint: (F) dcache_hit
          Clock: (R) CLK
       Endpoint: (F) CSR_RF/mtvec_reg[30]/D
          Clock: (R) CLK

                     Capture       Launch     
        Clock Edge:+   10000            0     
        Drv Adjust:+       0            0     
       Src Latency:+     100          150     
       Net Latency:+       0 (I)        0 (I) 
           Arrival:=   10100          150     
                                              
             Setup:-       1                  
       Uncertainty:-      50                  
     Required Time:=   10049                  
      Launch Clock:-     150                  
       Input Delay:-    2500                  
         Data Path:-     558                  
             Slack:=    6841                  

Exceptions/Constraints:
  input_delay             2500            constraint.sdc_line_49_99_1   

#-------------------------------------------------------------------------------------------------------------
#     Timing Point       Flags   Arc   Edge          Cell            Fanout Load Trans Delay Arrival Instance 
#                                                                           (fF)  (ps)  (ps)   (ps)  Location 
#-------------------------------------------------------------------------------------------------------------
  dcache_hit             -       -     F     (arrival)                    1  0.6    40     0    2650    (-,-) 
  g2945/Y                -       A->Y  R     INVx1_ASAP7_75t_L            1  0.6    15    11    2661    (-,-) 
  g2986/Y                -       B->Y  F     OAI21xp5_ASAP7_75t_L         2  1.0    19    11    2672    (-,-) 
  g2982/Y                -       B->Y  F     OR2x2_ASAP7_75t_L            2  1.0     9    21    2693    (-,-) 
  g2978/Y                -       B->Y  R     NAND2xp5_ASAP7_75t_L         3  1.4    22    12    2706    (-,-) 
  g2977/Y                -       B->Y  F     NOR2xp33_ASAP7_75t_L         2  1.2    52    19    2725    (-,-) 
  g2976/Y                -       A->Y  R     INVx1_ASAP7_75t_L           11  4.2    43    30    2755    (-,-) 
  g2974/Y                -       A2->Y F     OAI33xp33_ASAP7_75t_L        9  4.5   106    47    2802    (-,-) 
  CSR_RF/g20381/Y        -       A->Y  R     NOR2xp33_ASAP7_75t_L         5  2.7    76    47    2849    (-,-) 
  CSR_RF/g20302/Y        -       C->Y  R     AND3x1_ASAP7_75t_L           5  2.7    26    30    2880    (-,-) 
  CSR_RF/g20283/Y        -       B->Y  F     NAND2xp5_ASAP7_75t_L         5  2.5    37    21    2900    (-,-) 
  CSR_RF/g20271/Y        -       A->Y  F     OR5x1_ASAP7_75t_L            1  0.5    13    33    2934    (-,-) 
  CSR_RF/g20237/Y        -       A1->Y R     OAI33xp33_ASAP7_75t_L       18 11.4   255   116    3050    (-,-) 
  CSR_RF/drc_bufs20638/Y -       A->Y  F     INVx1_ASAP7_75t_L           17 10.2   112    74    3124    (-,-) 
  CSR_RF/drc_bufs20645/Y -       A->Y  R     INVx1_ASAP7_75t_L           16  9.6    94    66    3189    (-,-) 
  CSR_RF/g20078/Y        -       A2->Y F     AOI22xp5_ASAP7_75t_L         1  0.6    33    19    3208    (-,-) 
  CSR_RF/mtvec_reg[30]/D -       -     F     DFFASRHQNx1_ASAP7_75t_L      1    -     -     0    3208    (-,-) 
#-------------------------------------------------------------------------------------------------------------



Path 2: MET (6841 ps) Setup Check with Pin CSR_RF/mtvec_reg[29]/CLK->D
           View: tt
          Group: I2C
     Startpoint: (F) dcache_hit
          Clock: (R) CLK
       Endpoint: (F) CSR_RF/mtvec_reg[29]/D
          Clock: (R) CLK

                     Capture       Launch     
        Clock Edge:+   10000            0     
        Drv Adjust:+       0            0     
       Src Latency:+     100          150     
       Net Latency:+       0 (I)        0 (I) 
           Arrival:=   10100          150     
                                              
             Setup:-       1                  
       Uncertainty:-      50                  
     Required Time:=   10049                  
      Launch Clock:-     150                  
       Input Delay:-    2500                  
         Data Path:-     558                  
             Slack:=    6841                  

Exceptions/Constraints:
  input_delay             2500            constraint.sdc_line_49_99_1   

#-------------------------------------------------------------------------------------------------------------
#     Timing Point       Flags   Arc   Edge          Cell            Fanout Load Trans Delay Arrival Instance 
#                                                                           (fF)  (ps)  (ps)   (ps)  Location 
#-------------------------------------------------------------------------------------------------------------
  dcache_hit             -       -     F     (arrival)                    1  0.6    40     0    2650    (-,-) 
  g2945/Y                -       A->Y  R     INVx1_ASAP7_75t_L            1  0.6    15    11    2661    (-,-) 
  g2986/Y                -       B->Y  F     OAI21xp5_ASAP7_75t_L         2  1.0    19    11    2672    (-,-) 
  g2982/Y                -       B->Y  F     OR2x2_ASAP7_75t_L            2  1.0     9    21    2693    (-,-) 
  g2978/Y                -       B->Y  R     NAND2xp5_ASAP7_75t_L         3  1.4    22    12    2706    (-,-) 
  g2977/Y                -       B->Y  F     NOR2xp33_ASAP7_75t_L         2  1.2    52    19    2725    (-,-) 
  g2976/Y                -       A->Y  R     INVx1_ASAP7_75t_L           11  4.2    43    30    2755    (-,-) 
  g2974/Y                -       A2->Y F     OAI33xp33_ASAP7_75t_L        9  4.5   106    47    2802    (-,-) 
  CSR_RF/g20381/Y        -       A->Y  R     NOR2xp33_ASAP7_75t_L         5  2.7    76    47    2849    (-,-) 
  CSR_RF/g20302/Y        -       C->Y  R     AND3x1_ASAP7_75t_L           5  2.7    26    30    2880    (-,-) 
  CSR_RF/g20283/Y        -       B->Y  F     NAND2xp5_ASAP7_75t_L         5  2.5    37    21    2900    (-,-) 
  CSR_RF/g20271/Y        -       A->Y  F     OR5x1_ASAP7_75t_L            1  0.5    13    33    2934    (-,-) 
  CSR_RF/g20237/Y        -       A1->Y R     OAI33xp33_ASAP7_75t_L       18 11.4   255   116    3050    (-,-) 
  CSR_RF/drc_bufs20638/Y -       A->Y  F     INVx1_ASAP7_75t_L           17 10.2   112    74    3124    (-,-) 
  CSR_RF/drc_bufs20645/Y -       A->Y  R     INVx1_ASAP7_75t_L           16  9.6    94    66    3189    (-,-) 
  CSR_RF/g20077/Y        -       A2->Y F     AOI22xp5_ASAP7_75t_L         1  0.6    33    19    3208    (-,-) 
  CSR_RF/mtvec_reg[29]/D -       -     F     DFFASRHQNx1_ASAP7_75t_L      1    -     -     0    3208    (-,-) 
#-------------------------------------------------------------------------------------------------------------



Path 3: MET (6841 ps) Setup Check with Pin CSR_RF/mtvec_reg[27]/CLK->D
           View: tt
          Group: I2C
     Startpoint: (F) dcache_hit
          Clock: (R) CLK
       Endpoint: (F) CSR_RF/mtvec_reg[27]/D
          Clock: (R) CLK

                     Capture       Launch     
        Clock Edge:+   10000            0     
        Drv Adjust:+       0            0     
       Src Latency:+     100          150     
       Net Latency:+       0 (I)        0 (I) 
           Arrival:=   10100          150     
                                              
             Setup:-       1                  
       Uncertainty:-      50                  
     Required Time:=   10049                  
      Launch Clock:-     150                  
       Input Delay:-    2500                  
         Data Path:-     558                  
             Slack:=    6841                  

Exceptions/Constraints:
  input_delay             2500            constraint.sdc_line_49_99_1   

#-------------------------------------------------------------------------------------------------------------
#     Timing Point       Flags   Arc   Edge          Cell            Fanout Load Trans Delay Arrival Instance 
#                                                                           (fF)  (ps)  (ps)   (ps)  Location 
#-------------------------------------------------------------------------------------------------------------
  dcache_hit             -       -     F     (arrival)                    1  0.6    40     0    2650    (-,-) 
  g2945/Y                -       A->Y  R     INVx1_ASAP7_75t_L            1  0.6    15    11    2661    (-,-) 
  g2986/Y                -       B->Y  F     OAI21xp5_ASAP7_75t_L         2  1.0    19    11    2672    (-,-) 
  g2982/Y                -       B->Y  F     OR2x2_ASAP7_75t_L            2  1.0     9    21    2693    (-,-) 
  g2978/Y                -       B->Y  R     NAND2xp5_ASAP7_75t_L         3  1.4    22    12    2706    (-,-) 
  g2977/Y                -       B->Y  F     NOR2xp33_ASAP7_75t_L         2  1.2    52    19    2725    (-,-) 
  g2976/Y                -       A->Y  R     INVx1_ASAP7_75t_L           11  4.2    43    30    2755    (-,-) 
  g2974/Y                -       A2->Y F     OAI33xp33_ASAP7_75t_L        9  4.5   106    47    2802    (-,-) 
  CSR_RF/g20381/Y        -       A->Y  R     NOR2xp33_ASAP7_75t_L         5  2.7    76    47    2849    (-,-) 
  CSR_RF/g20302/Y        -       C->Y  R     AND3x1_ASAP7_75t_L           5  2.7    26    30    2880    (-,-) 
  CSR_RF/g20283/Y        -       B->Y  F     NAND2xp5_ASAP7_75t_L         5  2.5    37    21    2900    (-,-) 
  CSR_RF/g20271/Y        -       A->Y  F     OR5x1_ASAP7_75t_L            1  0.5    13    33    2934    (-,-) 
  CSR_RF/g20237/Y        -       A1->Y R     OAI33xp33_ASAP7_75t_L       18 11.4   255   116    3050    (-,-) 
  CSR_RF/drc_bufs20638/Y -       A->Y  F     INVx1_ASAP7_75t_L           17 10.2   112    74    3124    (-,-) 
  CSR_RF/drc_bufs20645/Y -       A->Y  R     INVx1_ASAP7_75t_L           16  9.6    94    66    3189    (-,-) 
  CSR_RF/g20075/Y        -       A2->Y F     AOI22xp5_ASAP7_75t_L         1  0.6    33    19    3208    (-,-) 
  CSR_RF/mtvec_reg[27]/D -       -     F     DFFASRHQNx1_ASAP7_75t_L      1    -     -     0    3208    (-,-) 
#-------------------------------------------------------------------------------------------------------------



Path 4: MET (6841 ps) Setup Check with Pin CSR_RF/mtvec_reg[19]/CLK->D
           View: tt
          Group: I2C
     Startpoint: (F) dcache_hit
          Clock: (R) CLK
       Endpoint: (F) CSR_RF/mtvec_reg[19]/D
          Clock: (R) CLK

                     Capture       Launch     
        Clock Edge:+   10000            0     
        Drv Adjust:+       0            0     
       Src Latency:+     100          150     
       Net Latency:+       0 (I)        0 (I) 
           Arrival:=   10100          150     
                                              
             Setup:-       1                  
       Uncertainty:-      50                  
     Required Time:=   10049                  
      Launch Clock:-     150                  
       Input Delay:-    2500                  
         Data Path:-     558                  
             Slack:=    6841                  

Exceptions/Constraints:
  input_delay             2500            constraint.sdc_line_49_99_1   

#-------------------------------------------------------------------------------------------------------------
#     Timing Point       Flags   Arc   Edge          Cell            Fanout Load Trans Delay Arrival Instance 
#                                                                           (fF)  (ps)  (ps)   (ps)  Location 
#-------------------------------------------------------------------------------------------------------------
  dcache_hit             -       -     F     (arrival)                    1  0.6    40     0    2650    (-,-) 
  g2945/Y                -       A->Y  R     INVx1_ASAP7_75t_L            1  0.6    15    11    2661    (-,-) 
  g2986/Y                -       B->Y  F     OAI21xp5_ASAP7_75t_L         2  1.0    19    11    2672    (-,-) 
  g2982/Y                -       B->Y  F     OR2x2_ASAP7_75t_L            2  1.0     9    21    2693    (-,-) 
  g2978/Y                -       B->Y  R     NAND2xp5_ASAP7_75t_L         3  1.4    22    12    2706    (-,-) 
  g2977/Y                -       B->Y  F     NOR2xp33_ASAP7_75t_L         2  1.2    52    19    2725    (-,-) 
  g2976/Y                -       A->Y  R     INVx1_ASAP7_75t_L           11  4.2    43    30    2755    (-,-) 
  g2974/Y                -       A2->Y F     OAI33xp33_ASAP7_75t_L        9  4.5   106    47    2802    (-,-) 
  CSR_RF/g20381/Y        -       A->Y  R     NOR2xp33_ASAP7_75t_L         5  2.7    76    47    2849    (-,-) 
  CSR_RF/g20302/Y        -       C->Y  R     AND3x1_ASAP7_75t_L           5  2.7    26    30    2880    (-,-) 
  CSR_RF/g20283/Y        -       B->Y  F     NAND2xp5_ASAP7_75t_L         5  2.5    37    21    2900    (-,-) 
  CSR_RF/g20271/Y        -       A->Y  F     OR5x1_ASAP7_75t_L            1  0.5    13    33    2934    (-,-) 
  CSR_RF/g20237/Y        -       A1->Y R     OAI33xp33_ASAP7_75t_L       18 11.4   255   116    3050    (-,-) 
  CSR_RF/drc_bufs20638/Y -       A->Y  F     INVx1_ASAP7_75t_L           17 10.2   112    74    3124    (-,-) 
  CSR_RF/drc_bufs20645/Y -       A->Y  R     INVx1_ASAP7_75t_L           16  9.6    94    66    3189    (-,-) 
  CSR_RF/g20069/Y        -       A2->Y F     AOI22xp5_ASAP7_75t_L         1  0.6    33    19    3208    (-,-) 
  CSR_RF/mtvec_reg[19]/D -       -     F     DFFASRHQNx1_ASAP7_75t_L      1    -     -     0    3208    (-,-) 
#-------------------------------------------------------------------------------------------------------------



Path 5: MET (6841 ps) Setup Check with Pin CSR_RF/mtvec_reg[18]/CLK->D
           View: tt
          Group: I2C
     Startpoint: (F) dcache_hit
          Clock: (R) CLK
       Endpoint: (F) CSR_RF/mtvec_reg[18]/D
          Clock: (R) CLK

                     Capture       Launch     
        Clock Edge:+   10000            0     
        Drv Adjust:+       0            0     
       Src Latency:+     100          150     
       Net Latency:+       0 (I)        0 (I) 
           Arrival:=   10100          150     
                                              
             Setup:-       1                  
       Uncertainty:-      50                  
     Required Time:=   10049                  
      Launch Clock:-     150                  
       Input Delay:-    2500                  
         Data Path:-     558                  
             Slack:=    6841                  

Exceptions/Constraints:
  input_delay             2500            constraint.sdc_line_49_99_1   

#-------------------------------------------------------------------------------------------------------------
#     Timing Point       Flags   Arc   Edge          Cell            Fanout Load Trans Delay Arrival Instance 
#                                                                           (fF)  (ps)  (ps)   (ps)  Location 
#-------------------------------------------------------------------------------------------------------------
  dcache_hit             -       -     F     (arrival)                    1  0.6    40     0    2650    (-,-) 
  g2945/Y                -       A->Y  R     INVx1_ASAP7_75t_L            1  0.6    15    11    2661    (-,-) 
  g2986/Y                -       B->Y  F     OAI21xp5_ASAP7_75t_L         2  1.0    19    11    2672    (-,-) 
  g2982/Y                -       B->Y  F     OR2x2_ASAP7_75t_L            2  1.0     9    21    2693    (-,-) 
  g2978/Y                -       B->Y  R     NAND2xp5_ASAP7_75t_L         3  1.4    22    12    2706    (-,-) 
  g2977/Y                -       B->Y  F     NOR2xp33_ASAP7_75t_L         2  1.2    52    19    2725    (-,-) 
  g2976/Y                -       A->Y  R     INVx1_ASAP7_75t_L           11  4.2    43    30    2755    (-,-) 
  g2974/Y                -       A2->Y F     OAI33xp33_ASAP7_75t_L        9  4.5   106    47    2802    (-,-) 
  CSR_RF/g20381/Y        -       A->Y  R     NOR2xp33_ASAP7_75t_L         5  2.7    76    47    2849    (-,-) 
  CSR_RF/g20302/Y        -       C->Y  R     AND3x1_ASAP7_75t_L           5  2.7    26    30    2880    (-,-) 
  CSR_RF/g20283/Y        -       B->Y  F     NAND2xp5_ASAP7_75t_L         5  2.5    37    21    2900    (-,-) 
  CSR_RF/g20271/Y        -       A->Y  F     OR5x1_ASAP7_75t_L            1  0.5    13    33    2934    (-,-) 
  CSR_RF/g20237/Y        -       A1->Y R     OAI33xp33_ASAP7_75t_L       18 11.4   255   116    3050    (-,-) 
  CSR_RF/drc_bufs20638/Y -       A->Y  F     INVx1_ASAP7_75t_L           17 10.2   112    74    3124    (-,-) 
  CSR_RF/drc_bufs20645/Y -       A->Y  R     INVx1_ASAP7_75t_L           16  9.6    94    66    3189    (-,-) 
  CSR_RF/g19963/Y        -       A2->Y F     AOI22xp5_ASAP7_75t_L         1  0.6    33    19    3208    (-,-) 
  CSR_RF/mtvec_reg[18]/D -       -     F     DFFASRHQNx1_ASAP7_75t_L      1    -     -     0    3208    (-,-) 
#-------------------------------------------------------------------------------------------------------------



Path 6: MET (6841 ps) Setup Check with Pin CSR_RF/mtvec_reg[16]/CLK->D
           View: tt
          Group: I2C
     Startpoint: (F) dcache_hit
          Clock: (R) CLK
       Endpoint: (F) CSR_RF/mtvec_reg[16]/D
          Clock: (R) CLK

                     Capture       Launch     
        Clock Edge:+   10000            0     
        Drv Adjust:+       0            0     
       Src Latency:+     100          150     
       Net Latency:+       0 (I)        0 (I) 
           Arrival:=   10100          150     
                                              
             Setup:-       1                  
       Uncertainty:-      50                  
     Required Time:=   10049                  
      Launch Clock:-     150                  
       Input Delay:-    2500                  
         Data Path:-     558                  
             Slack:=    6841                  

Exceptions/Constraints:
  input_delay             2500            constraint.sdc_line_49_99_1   

#-------------------------------------------------------------------------------------------------------------
#     Timing Point       Flags   Arc   Edge          Cell            Fanout Load Trans Delay Arrival Instance 
#                                                                           (fF)  (ps)  (ps)   (ps)  Location 
#-------------------------------------------------------------------------------------------------------------
  dcache_hit             -       -     F     (arrival)                    1  0.6    40     0    2650    (-,-) 
  g2945/Y                -       A->Y  R     INVx1_ASAP7_75t_L            1  0.6    15    11    2661    (-,-) 
  g2986/Y                -       B->Y  F     OAI21xp5_ASAP7_75t_L         2  1.0    19    11    2672    (-,-) 
  g2982/Y                -       B->Y  F     OR2x2_ASAP7_75t_L            2  1.0     9    21    2693    (-,-) 
  g2978/Y                -       B->Y  R     NAND2xp5_ASAP7_75t_L         3  1.4    22    12    2706    (-,-) 
  g2977/Y                -       B->Y  F     NOR2xp33_ASAP7_75t_L         2  1.2    52    19    2725    (-,-) 
  g2976/Y                -       A->Y  R     INVx1_ASAP7_75t_L           11  4.2    43    30    2755    (-,-) 
  g2974/Y                -       A2->Y F     OAI33xp33_ASAP7_75t_L        9  4.5   106    47    2802    (-,-) 
  CSR_RF/g20381/Y        -       A->Y  R     NOR2xp33_ASAP7_75t_L         5  2.7    76    47    2849    (-,-) 
  CSR_RF/g20302/Y        -       C->Y  R     AND3x1_ASAP7_75t_L           5  2.7    26    30    2880    (-,-) 
  CSR_RF/g20283/Y        -       B->Y  F     NAND2xp5_ASAP7_75t_L         5  2.5    37    21    2900    (-,-) 
  CSR_RF/g20271/Y        -       A->Y  F     OR5x1_ASAP7_75t_L            1  0.5    13    33    2934    (-,-) 
  CSR_RF/g20237/Y        -       A1->Y R     OAI33xp33_ASAP7_75t_L       18 11.4   255   116    3050    (-,-) 
  CSR_RF/drc_bufs20638/Y -       A->Y  F     INVx1_ASAP7_75t_L           17 10.2   112    74    3124    (-,-) 
  CSR_RF/drc_bufs20645/Y -       A->Y  R     INVx1_ASAP7_75t_L           16  9.6    94    66    3189    (-,-) 
  CSR_RF/g20067/Y        -       A2->Y F     AOI22xp5_ASAP7_75t_L         1  0.6    33    19    3208    (-,-) 
  CSR_RF/mtvec_reg[16]/D -       -     F     DFFASRHQNx1_ASAP7_75t_L      1    -     -     0    3208    (-,-) 
#-------------------------------------------------------------------------------------------------------------



Path 7: MET (6841 ps) Setup Check with Pin CSR_RF/mtvec_reg[13]/CLK->D
           View: tt
          Group: I2C
     Startpoint: (F) dcache_hit
          Clock: (R) CLK
       Endpoint: (F) CSR_RF/mtvec_reg[13]/D
          Clock: (R) CLK

                     Capture       Launch     
        Clock Edge:+   10000            0     
        Drv Adjust:+       0            0     
       Src Latency:+     100          150     
       Net Latency:+       0 (I)        0 (I) 
           Arrival:=   10100          150     
                                              
             Setup:-       1                  
       Uncertainty:-      50                  
     Required Time:=   10049                  
      Launch Clock:-     150                  
       Input Delay:-    2500                  
         Data Path:-     558                  
             Slack:=    6841                  

Exceptions/Constraints:
  input_delay             2500            constraint.sdc_line_49_99_1   

#-------------------------------------------------------------------------------------------------------------
#     Timing Point       Flags   Arc   Edge          Cell            Fanout Load Trans Delay Arrival Instance 
#                                                                           (fF)  (ps)  (ps)   (ps)  Location 
#-------------------------------------------------------------------------------------------------------------
  dcache_hit             -       -     F     (arrival)                    1  0.6    40     0    2650    (-,-) 
  g2945/Y                -       A->Y  R     INVx1_ASAP7_75t_L            1  0.6    15    11    2661    (-,-) 
  g2986/Y                -       B->Y  F     OAI21xp5_ASAP7_75t_L         2  1.0    19    11    2672    (-,-) 
  g2982/Y                -       B->Y  F     OR2x2_ASAP7_75t_L            2  1.0     9    21    2693    (-,-) 
  g2978/Y                -       B->Y  R     NAND2xp5_ASAP7_75t_L         3  1.4    22    12    2706    (-,-) 
  g2977/Y                -       B->Y  F     NOR2xp33_ASAP7_75t_L         2  1.2    52    19    2725    (-,-) 
  g2976/Y                -       A->Y  R     INVx1_ASAP7_75t_L           11  4.2    43    30    2755    (-,-) 
  g2974/Y                -       A2->Y F     OAI33xp33_ASAP7_75t_L        9  4.5   106    47    2802    (-,-) 
  CSR_RF/g20381/Y        -       A->Y  R     NOR2xp33_ASAP7_75t_L         5  2.7    76    47    2849    (-,-) 
  CSR_RF/g20302/Y        -       C->Y  R     AND3x1_ASAP7_75t_L           5  2.7    26    30    2880    (-,-) 
  CSR_RF/g20283/Y        -       B->Y  F     NAND2xp5_ASAP7_75t_L         5  2.5    37    21    2900    (-,-) 
  CSR_RF/g20271/Y        -       A->Y  F     OR5x1_ASAP7_75t_L            1  0.5    13    33    2934    (-,-) 
  CSR_RF/g20237/Y        -       A1->Y R     OAI33xp33_ASAP7_75t_L       18 11.4   255   116    3050    (-,-) 
  CSR_RF/drc_bufs20638/Y -       A->Y  F     INVx1_ASAP7_75t_L           17 10.2   112    74    3124    (-,-) 
  CSR_RF/drc_bufs20645/Y -       A->Y  R     INVx1_ASAP7_75t_L           16  9.6    94    66    3189    (-,-) 
  CSR_RF/g20065/Y        -       A2->Y F     AOI22xp5_ASAP7_75t_L         1  0.6    33    19    3208    (-,-) 
  CSR_RF/mtvec_reg[13]/D -       -     F     DFFASRHQNx1_ASAP7_75t_L      1    -     -     0    3208    (-,-) 
#-------------------------------------------------------------------------------------------------------------



Path 8: MET (6841 ps) Setup Check with Pin CSR_RF/mtvec_reg[6]/CLK->D
           View: tt
          Group: I2C
     Startpoint: (F) dcache_hit
          Clock: (R) CLK
       Endpoint: (F) CSR_RF/mtvec_reg[6]/D
          Clock: (R) CLK

                     Capture       Launch     
        Clock Edge:+   10000            0     
        Drv Adjust:+       0            0     
       Src Latency:+     100          150     
       Net Latency:+       0 (I)        0 (I) 
           Arrival:=   10100          150     
                                              
             Setup:-       1                  
       Uncertainty:-      50                  
     Required Time:=   10049                  
      Launch Clock:-     150                  
       Input Delay:-    2500                  
         Data Path:-     558                  
             Slack:=    6841                  

Exceptions/Constraints:
  input_delay             2500            constraint.sdc_line_49_99_1   

#-------------------------------------------------------------------------------------------------------------
#     Timing Point       Flags   Arc   Edge          Cell            Fanout Load Trans Delay Arrival Instance 
#                                                                           (fF)  (ps)  (ps)   (ps)  Location 
#-------------------------------------------------------------------------------------------------------------
  dcache_hit             -       -     F     (arrival)                    1  0.6    40     0    2650    (-,-) 
  g2945/Y                -       A->Y  R     INVx1_ASAP7_75t_L            1  0.6    15    11    2661    (-,-) 
  g2986/Y                -       B->Y  F     OAI21xp5_ASAP7_75t_L         2  1.0    19    11    2672    (-,-) 
  g2982/Y                -       B->Y  F     OR2x2_ASAP7_75t_L            2  1.0     9    21    2693    (-,-) 
  g2978/Y                -       B->Y  R     NAND2xp5_ASAP7_75t_L         3  1.4    22    12    2706    (-,-) 
  g2977/Y                -       B->Y  F     NOR2xp33_ASAP7_75t_L         2  1.2    52    19    2725    (-,-) 
  g2976/Y                -       A->Y  R     INVx1_ASAP7_75t_L           11  4.2    43    30    2755    (-,-) 
  g2974/Y                -       A2->Y F     OAI33xp33_ASAP7_75t_L        9  4.5   106    47    2802    (-,-) 
  CSR_RF/g20381/Y        -       A->Y  R     NOR2xp33_ASAP7_75t_L         5  2.7    76    47    2849    (-,-) 
  CSR_RF/g20302/Y        -       C->Y  R     AND3x1_ASAP7_75t_L           5  2.7    26    30    2880    (-,-) 
  CSR_RF/g20283/Y        -       B->Y  F     NAND2xp5_ASAP7_75t_L         5  2.5    37    21    2900    (-,-) 
  CSR_RF/g20271/Y        -       A->Y  F     OR5x1_ASAP7_75t_L            1  0.5    13    33    2934    (-,-) 
  CSR_RF/g20237/Y        -       A1->Y R     OAI33xp33_ASAP7_75t_L       18 11.4   255   116    3050    (-,-) 
  CSR_RF/drc_bufs20638/Y -       A->Y  F     INVx1_ASAP7_75t_L           17 10.2   112    74    3124    (-,-) 
  CSR_RF/drc_bufs20645/Y -       A->Y  R     INVx1_ASAP7_75t_L           16  9.6    94    66    3189    (-,-) 
  CSR_RF/g20059/Y        -       A2->Y F     AOI22xp5_ASAP7_75t_L         1  0.6    33    19    3208    (-,-) 
  CSR_RF/mtvec_reg[6]/D  -       -     F     DFFASRHQNx1_ASAP7_75t_L      1    -     -     0    3208    (-,-) 
#-------------------------------------------------------------------------------------------------------------



Path 9: MET (6841 ps) Setup Check with Pin CSR_RF/mtvec_reg[3]/CLK->D
           View: tt
          Group: I2C
     Startpoint: (F) dcache_hit
          Clock: (R) CLK
       Endpoint: (F) CSR_RF/mtvec_reg[3]/D
          Clock: (R) CLK

                     Capture       Launch     
        Clock Edge:+   10000            0     
        Drv Adjust:+       0            0     
       Src Latency:+     100          150     
       Net Latency:+       0 (I)        0 (I) 
           Arrival:=   10100          150     
                                              
             Setup:-       1                  
       Uncertainty:-      50                  
     Required Time:=   10049                  
      Launch Clock:-     150                  
       Input Delay:-    2500                  
         Data Path:-     558                  
             Slack:=    6841                  

Exceptions/Constraints:
  input_delay             2500            constraint.sdc_line_49_99_1   

#-------------------------------------------------------------------------------------------------------------
#     Timing Point       Flags   Arc   Edge          Cell            Fanout Load Trans Delay Arrival Instance 
#                                                                           (fF)  (ps)  (ps)   (ps)  Location 
#-------------------------------------------------------------------------------------------------------------
  dcache_hit             -       -     F     (arrival)                    1  0.6    40     0    2650    (-,-) 
  g2945/Y                -       A->Y  R     INVx1_ASAP7_75t_L            1  0.6    15    11    2661    (-,-) 
  g2986/Y                -       B->Y  F     OAI21xp5_ASAP7_75t_L         2  1.0    19    11    2672    (-,-) 
  g2982/Y                -       B->Y  F     OR2x2_ASAP7_75t_L            2  1.0     9    21    2693    (-,-) 
  g2978/Y                -       B->Y  R     NAND2xp5_ASAP7_75t_L         3  1.4    22    12    2706    (-,-) 
  g2977/Y                -       B->Y  F     NOR2xp33_ASAP7_75t_L         2  1.2    52    19    2725    (-,-) 
  g2976/Y                -       A->Y  R     INVx1_ASAP7_75t_L           11  4.2    43    30    2755    (-,-) 
  g2974/Y                -       A2->Y F     OAI33xp33_ASAP7_75t_L        9  4.5   106    47    2802    (-,-) 
  CSR_RF/g20381/Y        -       A->Y  R     NOR2xp33_ASAP7_75t_L         5  2.7    76    47    2849    (-,-) 
  CSR_RF/g20302/Y        -       C->Y  R     AND3x1_ASAP7_75t_L           5  2.7    26    30    2880    (-,-) 
  CSR_RF/g20283/Y        -       B->Y  F     NAND2xp5_ASAP7_75t_L         5  2.5    37    21    2900    (-,-) 
  CSR_RF/g20271/Y        -       A->Y  F     OR5x1_ASAP7_75t_L            1  0.5    13    33    2934    (-,-) 
  CSR_RF/g20237/Y        -       A1->Y R     OAI33xp33_ASAP7_75t_L       18 11.4   255   116    3050    (-,-) 
  CSR_RF/drc_bufs20638/Y -       A->Y  F     INVx1_ASAP7_75t_L           17 10.2   112    74    3124    (-,-) 
  CSR_RF/drc_bufs20645/Y -       A->Y  R     INVx1_ASAP7_75t_L           16  9.6    94    66    3189    (-,-) 
  CSR_RF/g20056/Y        -       A2->Y F     AOI22xp5_ASAP7_75t_L         1  0.6    33    19    3208    (-,-) 
  CSR_RF/mtvec_reg[3]/D  -       -     F     DFFASRHQNx1_ASAP7_75t_L      1    -     -     0    3208    (-,-) 
#-------------------------------------------------------------------------------------------------------------



Path 10: MET (6841 ps) Setup Check with Pin CSR_RF/mtvec_reg[28]/CLK->D
           View: tt
          Group: I2C
     Startpoint: (F) dcache_hit
          Clock: (R) CLK
       Endpoint: (F) CSR_RF/mtvec_reg[28]/D
          Clock: (R) CLK

                     Capture       Launch     
        Clock Edge:+   10000            0     
        Drv Adjust:+       0            0     
       Src Latency:+     100          150     
       Net Latency:+       0 (I)        0 (I) 
           Arrival:=   10100          150     
                                              
             Setup:-       0                  
       Uncertainty:-      50                  
     Required Time:=   10050                  
      Launch Clock:-     150                  
       Input Delay:-    2500                  
         Data Path:-     558                  
             Slack:=    6841                  

Exceptions/Constraints:
  input_delay             2500            constraint.sdc_line_49_99_1   

#-------------------------------------------------------------------------------------------------------------
#     Timing Point       Flags   Arc   Edge          Cell            Fanout Load Trans Delay Arrival Instance 
#                                                                           (fF)  (ps)  (ps)   (ps)  Location 
#-------------------------------------------------------------------------------------------------------------
  dcache_hit             -       -     F     (arrival)                    1  0.6    40     0    2650    (-,-) 
  g2945/Y                -       A->Y  R     INVx1_ASAP7_75t_L            1  0.6    15    11    2661    (-,-) 
  g2986/Y                -       B->Y  F     OAI21xp5_ASAP7_75t_L         2  1.0    19    11    2672    (-,-) 
  g2982/Y                -       B->Y  F     OR2x2_ASAP7_75t_L            2  1.0     9    21    2693    (-,-) 
  g2978/Y                -       B->Y  R     NAND2xp5_ASAP7_75t_L         3  1.4    22    12    2706    (-,-) 
  g2977/Y                -       B->Y  F     NOR2xp33_ASAP7_75t_L         2  1.2    52    19    2725    (-,-) 
  g2976/Y                -       A->Y  R     INVx1_ASAP7_75t_L           11  4.2    43    30    2755    (-,-) 
  g2974/Y                -       A2->Y F     OAI33xp33_ASAP7_75t_L        9  4.5   106    47    2802    (-,-) 
  CSR_RF/g20381/Y        -       A->Y  R     NOR2xp33_ASAP7_75t_L         5  2.7    76    47    2849    (-,-) 
  CSR_RF/g20302/Y        -       C->Y  R     AND3x1_ASAP7_75t_L           5  2.7    26    30    2880    (-,-) 
  CSR_RF/g20283/Y        -       B->Y  F     NAND2xp5_ASAP7_75t_L         5  2.5    37    21    2900    (-,-) 
  CSR_RF/g20271/Y        -       A->Y  F     OR5x1_ASAP7_75t_L            1  0.5    13    33    2934    (-,-) 
  CSR_RF/g20237/Y        -       A1->Y R     OAI33xp33_ASAP7_75t_L       18 11.4   255   116    3050    (-,-) 
  CSR_RF/drc_bufs20638/Y -       A->Y  F     INVx1_ASAP7_75t_L           17 10.2   112    74    3124    (-,-) 
  CSR_RF/drc_bufs20645/Y -       A->Y  R     INVx1_ASAP7_75t_L           16  9.6    94    66    3189    (-,-) 
  CSR_RF/g20076/Y        -       A2->Y F     AOI22xp5_ASAP7_75t_L         1  0.6    31    19    3208    (-,-) 
  CSR_RF/mtvec_reg[28]/D -       -     F     DFFASRHQNx1_ASAP7_75t_L      1    -     -     0    3208    (-,-) 
#-------------------------------------------------------------------------------------------------------------



Path 11: MET (6841 ps) Setup Check with Pin CSR_RF/mtvec_reg[17]/CLK->D
           View: tt
          Group: I2C
     Startpoint: (F) dcache_hit
          Clock: (R) CLK
       Endpoint: (F) CSR_RF/mtvec_reg[17]/D
          Clock: (R) CLK

                     Capture       Launch     
        Clock Edge:+   10000            0     
        Drv Adjust:+       0            0     
       Src Latency:+     100          150     
       Net Latency:+       0 (I)        0 (I) 
           Arrival:=   10100          150     
                                              
             Setup:-       0                  
       Uncertainty:-      50                  
     Required Time:=   10050                  
      Launch Clock:-     150                  
       Input Delay:-    2500                  
         Data Path:-     558                  
             Slack:=    6841                  

Exceptions/Constraints:
  input_delay             2500            constraint.sdc_line_49_99_1   

#-------------------------------------------------------------------------------------------------------------
#     Timing Point       Flags   Arc   Edge          Cell            Fanout Load Trans Delay Arrival Instance 
#                                                                           (fF)  (ps)  (ps)   (ps)  Location 
#-------------------------------------------------------------------------------------------------------------
  dcache_hit             -       -     F     (arrival)                    1  0.6    40     0    2650    (-,-) 
  g2945/Y                -       A->Y  R     INVx1_ASAP7_75t_L            1  0.6    15    11    2661    (-,-) 
  g2986/Y                -       B->Y  F     OAI21xp5_ASAP7_75t_L         2  1.0    19    11    2672    (-,-) 
  g2982/Y                -       B->Y  F     OR2x2_ASAP7_75t_L            2  1.0     9    21    2693    (-,-) 
  g2978/Y                -       B->Y  R     NAND2xp5_ASAP7_75t_L         3  1.4    22    12    2706    (-,-) 
  g2977/Y                -       B->Y  F     NOR2xp33_ASAP7_75t_L         2  1.2    52    19    2725    (-,-) 
  g2976/Y                -       A->Y  R     INVx1_ASAP7_75t_L           11  4.2    43    30    2755    (-,-) 
  g2974/Y                -       A2->Y F     OAI33xp33_ASAP7_75t_L        9  4.5   106    47    2802    (-,-) 
  CSR_RF/g20381/Y        -       A->Y  R     NOR2xp33_ASAP7_75t_L         5  2.7    76    47    2849    (-,-) 
  CSR_RF/g20302/Y        -       C->Y  R     AND3x1_ASAP7_75t_L           5  2.7    26    30    2880    (-,-) 
  CSR_RF/g20283/Y        -       B->Y  F     NAND2xp5_ASAP7_75t_L         5  2.5    37    21    2900    (-,-) 
  CSR_RF/g20271/Y        -       A->Y  F     OR5x1_ASAP7_75t_L            1  0.5    13    33    2934    (-,-) 
  CSR_RF/g20237/Y        -       A1->Y R     OAI33xp33_ASAP7_75t_L       18 11.4   255   116    3050    (-,-) 
  CSR_RF/drc_bufs20638/Y -       A->Y  F     INVx1_ASAP7_75t_L           17 10.2   112    74    3124    (-,-) 
  CSR_RF/drc_bufs20645/Y -       A->Y  R     INVx1_ASAP7_75t_L           16  9.6    94    66    3189    (-,-) 
  CSR_RF/g20068/Y        -       A2->Y F     AOI22xp5_ASAP7_75t_L         1  0.6    31    19    3208    (-,-) 
  CSR_RF/mtvec_reg[17]/D -       -     F     DFFASRHQNx1_ASAP7_75t_L      1    -     -     0    3208    (-,-) 
#-------------------------------------------------------------------------------------------------------------



Path 12: MET (6841 ps) Setup Check with Pin CSR_RF/mtvec_reg[14]/CLK->D
           View: tt
          Group: I2C
     Startpoint: (F) dcache_hit
          Clock: (R) CLK
       Endpoint: (F) CSR_RF/mtvec_reg[14]/D
          Clock: (R) CLK

                     Capture       Launch     
        Clock Edge:+   10000            0     
        Drv Adjust:+       0            0     
       Src Latency:+     100          150     
       Net Latency:+       0 (I)        0 (I) 
           Arrival:=   10100          150     
                                              
             Setup:-       0                  
       Uncertainty:-      50                  
     Required Time:=   10050                  
      Launch Clock:-     150                  
       Input Delay:-    2500                  
         Data Path:-     558                  
             Slack:=    6841                  

Exceptions/Constraints:
  input_delay             2500            constraint.sdc_line_49_99_1   

#-------------------------------------------------------------------------------------------------------------
#     Timing Point       Flags   Arc   Edge          Cell            Fanout Load Trans Delay Arrival Instance 
#                                                                           (fF)  (ps)  (ps)   (ps)  Location 
#-------------------------------------------------------------------------------------------------------------
  dcache_hit             -       -     F     (arrival)                    1  0.6    40     0    2650    (-,-) 
  g2945/Y                -       A->Y  R     INVx1_ASAP7_75t_L            1  0.6    15    11    2661    (-,-) 
  g2986/Y                -       B->Y  F     OAI21xp5_ASAP7_75t_L         2  1.0    19    11    2672    (-,-) 
  g2982/Y                -       B->Y  F     OR2x2_ASAP7_75t_L            2  1.0     9    21    2693    (-,-) 
  g2978/Y                -       B->Y  R     NAND2xp5_ASAP7_75t_L         3  1.4    22    12    2706    (-,-) 
  g2977/Y                -       B->Y  F     NOR2xp33_ASAP7_75t_L         2  1.2    52    19    2725    (-,-) 
  g2976/Y                -       A->Y  R     INVx1_ASAP7_75t_L           11  4.2    43    30    2755    (-,-) 
  g2974/Y                -       A2->Y F     OAI33xp33_ASAP7_75t_L        9  4.5   106    47    2802    (-,-) 
  CSR_RF/g20381/Y        -       A->Y  R     NOR2xp33_ASAP7_75t_L         5  2.7    76    47    2849    (-,-) 
  CSR_RF/g20302/Y        -       C->Y  R     AND3x1_ASAP7_75t_L           5  2.7    26    30    2880    (-,-) 
  CSR_RF/g20283/Y        -       B->Y  F     NAND2xp5_ASAP7_75t_L         5  2.5    37    21    2900    (-,-) 
  CSR_RF/g20271/Y        -       A->Y  F     OR5x1_ASAP7_75t_L            1  0.5    13    33    2934    (-,-) 
  CSR_RF/g20237/Y        -       A1->Y R     OAI33xp33_ASAP7_75t_L       18 11.4   255   116    3050    (-,-) 
  CSR_RF/drc_bufs20638/Y -       A->Y  F     INVx1_ASAP7_75t_L           17 10.2   112    74    3124    (-,-) 
  CSR_RF/drc_bufs20645/Y -       A->Y  R     INVx1_ASAP7_75t_L           16  9.6    94    66    3189    (-,-) 
  CSR_RF/g19949/Y        -       A2->Y F     AOI22xp5_ASAP7_75t_L         1  0.6    31    19    3208    (-,-) 
  CSR_RF/mtvec_reg[14]/D -       -     F     DFFASRHQNx1_ASAP7_75t_L      1    -     -     0    3208    (-,-) 
#-------------------------------------------------------------------------------------------------------------



Path 13: MET (6841 ps) Setup Check with Pin CSR_RF/mtvec_reg[12]/CLK->D
           View: tt
          Group: I2C
     Startpoint: (F) dcache_hit
          Clock: (R) CLK
       Endpoint: (F) CSR_RF/mtvec_reg[12]/D
          Clock: (R) CLK

                     Capture       Launch     
        Clock Edge:+   10000            0     
        Drv Adjust:+       0            0     
       Src Latency:+     100          150     
       Net Latency:+       0 (I)        0 (I) 
           Arrival:=   10100          150     
                                              
             Setup:-       0                  
       Uncertainty:-      50                  
     Required Time:=   10050                  
      Launch Clock:-     150                  
       Input Delay:-    2500                  
         Data Path:-     558                  
             Slack:=    6841                  

Exceptions/Constraints:
  input_delay             2500            constraint.sdc_line_49_99_1   

#-------------------------------------------------------------------------------------------------------------
#     Timing Point       Flags   Arc   Edge          Cell            Fanout Load Trans Delay Arrival Instance 
#                                                                           (fF)  (ps)  (ps)   (ps)  Location 
#-------------------------------------------------------------------------------------------------------------
  dcache_hit             -       -     F     (arrival)                    1  0.6    40     0    2650    (-,-) 
  g2945/Y                -       A->Y  R     INVx1_ASAP7_75t_L            1  0.6    15    11    2661    (-,-) 
  g2986/Y                -       B->Y  F     OAI21xp5_ASAP7_75t_L         2  1.0    19    11    2672    (-,-) 
  g2982/Y                -       B->Y  F     OR2x2_ASAP7_75t_L            2  1.0     9    21    2693    (-,-) 
  g2978/Y                -       B->Y  R     NAND2xp5_ASAP7_75t_L         3  1.4    22    12    2706    (-,-) 
  g2977/Y                -       B->Y  F     NOR2xp33_ASAP7_75t_L         2  1.2    52    19    2725    (-,-) 
  g2976/Y                -       A->Y  R     INVx1_ASAP7_75t_L           11  4.2    43    30    2755    (-,-) 
  g2974/Y                -       A2->Y F     OAI33xp33_ASAP7_75t_L        9  4.5   106    47    2802    (-,-) 
  CSR_RF/g20381/Y        -       A->Y  R     NOR2xp33_ASAP7_75t_L         5  2.7    76    47    2849    (-,-) 
  CSR_RF/g20302/Y        -       C->Y  R     AND3x1_ASAP7_75t_L           5  2.7    26    30    2880    (-,-) 
  CSR_RF/g20283/Y        -       B->Y  F     NAND2xp5_ASAP7_75t_L         5  2.5    37    21    2900    (-,-) 
  CSR_RF/g20271/Y        -       A->Y  F     OR5x1_ASAP7_75t_L            1  0.5    13    33    2934    (-,-) 
  CSR_RF/g20237/Y        -       A1->Y R     OAI33xp33_ASAP7_75t_L       18 11.4   255   116    3050    (-,-) 
  CSR_RF/drc_bufs20638/Y -       A->Y  F     INVx1_ASAP7_75t_L           17 10.2   112    74    3124    (-,-) 
  CSR_RF/drc_bufs20645/Y -       A->Y  R     INVx1_ASAP7_75t_L           16  9.6    94    66    3189    (-,-) 
  CSR_RF/g20064/Y        -       A2->Y F     AOI22xp5_ASAP7_75t_L         1  0.6    31    19    3208    (-,-) 
  CSR_RF/mtvec_reg[12]/D -       -     F     DFFASRHQNx1_ASAP7_75t_L      1    -     -     0    3208    (-,-) 
#-------------------------------------------------------------------------------------------------------------



Path 14: MET (6841 ps) Setup Check with Pin CSR_RF/mtvec_reg[11]/CLK->D
           View: tt
          Group: I2C
     Startpoint: (F) dcache_hit
          Clock: (R) CLK
       Endpoint: (F) CSR_RF/mtvec_reg[11]/D
          Clock: (R) CLK

                     Capture       Launch     
        Clock Edge:+   10000            0     
        Drv Adjust:+       0            0     
       Src Latency:+     100          150     
       Net Latency:+       0 (I)        0 (I) 
           Arrival:=   10100          150     
                                              
             Setup:-       0                  
       Uncertainty:-      50                  
     Required Time:=   10050                  
      Launch Clock:-     150                  
       Input Delay:-    2500                  
         Data Path:-     558                  
             Slack:=    6841                  

Exceptions/Constraints:
  input_delay             2500            constraint.sdc_line_49_99_1   

#-------------------------------------------------------------------------------------------------------------
#     Timing Point       Flags   Arc   Edge          Cell            Fanout Load Trans Delay Arrival Instance 
#                                                                           (fF)  (ps)  (ps)   (ps)  Location 
#-------------------------------------------------------------------------------------------------------------
  dcache_hit             -       -     F     (arrival)                    1  0.6    40     0    2650    (-,-) 
  g2945/Y                -       A->Y  R     INVx1_ASAP7_75t_L            1  0.6    15    11    2661    (-,-) 
  g2986/Y                -       B->Y  F     OAI21xp5_ASAP7_75t_L         2  1.0    19    11    2672    (-,-) 
  g2982/Y                -       B->Y  F     OR2x2_ASAP7_75t_L            2  1.0     9    21    2693    (-,-) 
  g2978/Y                -       B->Y  R     NAND2xp5_ASAP7_75t_L         3  1.4    22    12    2706    (-,-) 
  g2977/Y                -       B->Y  F     NOR2xp33_ASAP7_75t_L         2  1.2    52    19    2725    (-,-) 
  g2976/Y                -       A->Y  R     INVx1_ASAP7_75t_L           11  4.2    43    30    2755    (-,-) 
  g2974/Y                -       A2->Y F     OAI33xp33_ASAP7_75t_L        9  4.5   106    47    2802    (-,-) 
  CSR_RF/g20381/Y        -       A->Y  R     NOR2xp33_ASAP7_75t_L         5  2.7    76    47    2849    (-,-) 
  CSR_RF/g20302/Y        -       C->Y  R     AND3x1_ASAP7_75t_L           5  2.7    26    30    2880    (-,-) 
  CSR_RF/g20283/Y        -       B->Y  F     NAND2xp5_ASAP7_75t_L         5  2.5    37    21    2900    (-,-) 
  CSR_RF/g20271/Y        -       A->Y  F     OR5x1_ASAP7_75t_L            1  0.5    13    33    2934    (-,-) 
  CSR_RF/g20237/Y        -       A1->Y R     OAI33xp33_ASAP7_75t_L       18 11.4   255   116    3050    (-,-) 
  CSR_RF/drc_bufs20638/Y -       A->Y  F     INVx1_ASAP7_75t_L           17 10.2   112    74    3124    (-,-) 
  CSR_RF/drc_bufs20645/Y -       A->Y  R     INVx1_ASAP7_75t_L           16  9.6    94    66    3189    (-,-) 
  CSR_RF/g20063/Y        -       A2->Y F     AOI22xp5_ASAP7_75t_L         1  0.6    31    19    3208    (-,-) 
  CSR_RF/mtvec_reg[11]/D -       -     F     DFFASRHQNx1_ASAP7_75t_L      1    -     -     0    3208    (-,-) 
#-------------------------------------------------------------------------------------------------------------



Path 15: MET (6841 ps) Setup Check with Pin CSR_RF/mtvec_reg[10]/CLK->D
           View: tt
          Group: I2C
     Startpoint: (F) dcache_hit
          Clock: (R) CLK
       Endpoint: (F) CSR_RF/mtvec_reg[10]/D
          Clock: (R) CLK

                     Capture       Launch     
        Clock Edge:+   10000            0     
        Drv Adjust:+       0            0     
       Src Latency:+     100          150     
       Net Latency:+       0 (I)        0 (I) 
           Arrival:=   10100          150     
                                              
             Setup:-       0                  
       Uncertainty:-      50                  
     Required Time:=   10050                  
      Launch Clock:-     150                  
       Input Delay:-    2500                  
         Data Path:-     558                  
             Slack:=    6841                  

Exceptions/Constraints:
  input_delay             2500            constraint.sdc_line_49_99_1   

#-------------------------------------------------------------------------------------------------------------
#     Timing Point       Flags   Arc   Edge          Cell            Fanout Load Trans Delay Arrival Instance 
#                                                                           (fF)  (ps)  (ps)   (ps)  Location 
#-------------------------------------------------------------------------------------------------------------
  dcache_hit             -       -     F     (arrival)                    1  0.6    40     0    2650    (-,-) 
  g2945/Y                -       A->Y  R     INVx1_ASAP7_75t_L            1  0.6    15    11    2661    (-,-) 
  g2986/Y                -       B->Y  F     OAI21xp5_ASAP7_75t_L         2  1.0    19    11    2672    (-,-) 
  g2982/Y                -       B->Y  F     OR2x2_ASAP7_75t_L            2  1.0     9    21    2693    (-,-) 
  g2978/Y                -       B->Y  R     NAND2xp5_ASAP7_75t_L         3  1.4    22    12    2706    (-,-) 
  g2977/Y                -       B->Y  F     NOR2xp33_ASAP7_75t_L         2  1.2    52    19    2725    (-,-) 
  g2976/Y                -       A->Y  R     INVx1_ASAP7_75t_L           11  4.2    43    30    2755    (-,-) 
  g2974/Y                -       A2->Y F     OAI33xp33_ASAP7_75t_L        9  4.5   106    47    2802    (-,-) 
  CSR_RF/g20381/Y        -       A->Y  R     NOR2xp33_ASAP7_75t_L         5  2.7    76    47    2849    (-,-) 
  CSR_RF/g20302/Y        -       C->Y  R     AND3x1_ASAP7_75t_L           5  2.7    26    30    2880    (-,-) 
  CSR_RF/g20283/Y        -       B->Y  F     NAND2xp5_ASAP7_75t_L         5  2.5    37    21    2900    (-,-) 
  CSR_RF/g20271/Y        -       A->Y  F     OR5x1_ASAP7_75t_L            1  0.5    13    33    2934    (-,-) 
  CSR_RF/g20237/Y        -       A1->Y R     OAI33xp33_ASAP7_75t_L       18 11.4   255   116    3050    (-,-) 
  CSR_RF/drc_bufs20638/Y -       A->Y  F     INVx1_ASAP7_75t_L           17 10.2   112    74    3124    (-,-) 
  CSR_RF/drc_bufs20645/Y -       A->Y  R     INVx1_ASAP7_75t_L           16  9.6    94    66    3189    (-,-) 
  CSR_RF/g19960/Y        -       A2->Y F     AOI22xp5_ASAP7_75t_L         1  0.6    31    19    3208    (-,-) 
  CSR_RF/mtvec_reg[10]/D -       -     F     DFFASRHQNx1_ASAP7_75t_L      1    -     -     0    3208    (-,-) 
#-------------------------------------------------------------------------------------------------------------



Path 16: MET (6841 ps) Setup Check with Pin CSR_RF/mtvec_reg[8]/CLK->D
           View: tt
          Group: I2C
     Startpoint: (F) dcache_hit
          Clock: (R) CLK
       Endpoint: (F) CSR_RF/mtvec_reg[8]/D
          Clock: (R) CLK

                     Capture       Launch     
        Clock Edge:+   10000            0     
        Drv Adjust:+       0            0     
       Src Latency:+     100          150     
       Net Latency:+       0 (I)        0 (I) 
           Arrival:=   10100          150     
                                              
             Setup:-       0                  
       Uncertainty:-      50                  
     Required Time:=   10050                  
      Launch Clock:-     150                  
       Input Delay:-    2500                  
         Data Path:-     558                  
             Slack:=    6841                  

Exceptions/Constraints:
  input_delay             2500            constraint.sdc_line_49_99_1   

#-------------------------------------------------------------------------------------------------------------
#     Timing Point       Flags   Arc   Edge          Cell            Fanout Load Trans Delay Arrival Instance 
#                                                                           (fF)  (ps)  (ps)   (ps)  Location 
#-------------------------------------------------------------------------------------------------------------
  dcache_hit             -       -     F     (arrival)                    1  0.6    40     0    2650    (-,-) 
  g2945/Y                -       A->Y  R     INVx1_ASAP7_75t_L            1  0.6    15    11    2661    (-,-) 
  g2986/Y                -       B->Y  F     OAI21xp5_ASAP7_75t_L         2  1.0    19    11    2672    (-,-) 
  g2982/Y                -       B->Y  F     OR2x2_ASAP7_75t_L            2  1.0     9    21    2693    (-,-) 
  g2978/Y                -       B->Y  R     NAND2xp5_ASAP7_75t_L         3  1.4    22    12    2706    (-,-) 
  g2977/Y                -       B->Y  F     NOR2xp33_ASAP7_75t_L         2  1.2    52    19    2725    (-,-) 
  g2976/Y                -       A->Y  R     INVx1_ASAP7_75t_L           11  4.2    43    30    2755    (-,-) 
  g2974/Y                -       A2->Y F     OAI33xp33_ASAP7_75t_L        9  4.5   106    47    2802    (-,-) 
  CSR_RF/g20381/Y        -       A->Y  R     NOR2xp33_ASAP7_75t_L         5  2.7    76    47    2849    (-,-) 
  CSR_RF/g20302/Y        -       C->Y  R     AND3x1_ASAP7_75t_L           5  2.7    26    30    2880    (-,-) 
  CSR_RF/g20283/Y        -       B->Y  F     NAND2xp5_ASAP7_75t_L         5  2.5    37    21    2900    (-,-) 
  CSR_RF/g20271/Y        -       A->Y  F     OR5x1_ASAP7_75t_L            1  0.5    13    33    2934    (-,-) 
  CSR_RF/g20237/Y        -       A1->Y R     OAI33xp33_ASAP7_75t_L       18 11.4   255   116    3050    (-,-) 
  CSR_RF/drc_bufs20638/Y -       A->Y  F     INVx1_ASAP7_75t_L           17 10.2   112    74    3124    (-,-) 
  CSR_RF/drc_bufs20645/Y -       A->Y  R     INVx1_ASAP7_75t_L           16  9.6    94    66    3189    (-,-) 
  CSR_RF/g20061/Y        -       A2->Y F     AOI22xp5_ASAP7_75t_L         1  0.6    31    19    3208    (-,-) 
  CSR_RF/mtvec_reg[8]/D  -       -     F     DFFASRHQNx1_ASAP7_75t_L      1    -     -     0    3208    (-,-) 
#-------------------------------------------------------------------------------------------------------------



Path 17: MET (6842 ps) Setup Check with Pin CSR_RF/dcsr_reg[30]/CLK->D
           View: tt
          Group: I2C
     Startpoint: (F) dcache_hit
          Clock: (R) CLK
       Endpoint: (R) CSR_RF/dcsr_reg[30]/D
          Clock: (R) CLK

                     Capture       Launch     
        Clock Edge:+   10000            0     
        Drv Adjust:+       0            0     
       Src Latency:+     100          150     
       Net Latency:+       0 (I)        0 (I) 
           Arrival:=   10100          150     
                                              
             Setup:-      12                  
       Uncertainty:-      50                  
     Required Time:=   10038                  
      Launch Clock:-     150                  
       Input Delay:-    2500                  
         Data Path:-     546                  
             Slack:=    6842                  

Exceptions/Constraints:
  input_delay             2500            constraint.sdc_line_49_99_1   

#-------------------------------------------------------------------------------------------------------------
#     Timing Point       Flags   Arc   Edge          Cell            Fanout Load Trans Delay Arrival Instance 
#                                                                           (fF)  (ps)  (ps)   (ps)  Location 
#-------------------------------------------------------------------------------------------------------------
  dcache_hit             -       -     F     (arrival)                    1  0.6    40     0    2650    (-,-) 
  g2945/Y                -       A->Y  R     INVx1_ASAP7_75t_L            1  0.6    15    11    2661    (-,-) 
  g2986/Y                -       B->Y  F     OAI21xp5_ASAP7_75t_L         2  1.0    19    11    2672    (-,-) 
  g2982/Y                -       B->Y  F     OR2x2_ASAP7_75t_L            2  1.0     9    21    2693    (-,-) 
  g2978/Y                -       B->Y  R     NAND2xp5_ASAP7_75t_L         3  1.4    22    12    2706    (-,-) 
  g2977/Y                -       B->Y  F     NOR2xp33_ASAP7_75t_L         2  1.2    52    19    2725    (-,-) 
  g2976/Y                -       A->Y  R     INVx1_ASAP7_75t_L           11  4.2    43    30    2755    (-,-) 
  g2974/Y                -       A2->Y F     OAI33xp33_ASAP7_75t_L        9  4.5   106    47    2802    (-,-) 
  CSR_RF/g20381/Y        -       A->Y  R     NOR2xp33_ASAP7_75t_L         5  2.7    76    47    2849    (-,-) 
  CSR_RF/g20302/Y        -       C->Y  R     AND3x1_ASAP7_75t_L           5  2.7    26    30    2880    (-,-) 
  CSR_RF/g20283/Y        -       B->Y  F     NAND2xp5_ASAP7_75t_L         5  2.5    37    21    2900    (-,-) 
  CSR_RF/g20268/Y        -       A->Y  R     NOR2xp33_ASAP7_75t_L        18  9.0   193    95    2995    (-,-) 
  CSR_RF/g20244/Y        -       B->Y  F     NOR2xp33_ASAP7_75t_L        16  8.1   196   121    3116    (-,-) 
  CSR_RF/drc_bufs20744/Y -       A->Y  R     INVx1_ASAP7_75t_L            1  0.6    35    23    3139    (-,-) 
  CSR_RF/drc_bufs20743/Y -       A->Y  F     INVx1_ASAP7_75t_L           14  7.0    46    31    3170    (-,-) 
  CSR_RF/g20108/Y        -       A2->Y R     AOI222xp33_ASAP7_75t_L       1  0.6    55    26    3196    (-,-) 
  CSR_RF/dcsr_reg[30]/D  -       -     R     DFFASRHQNx1_ASAP7_75t_L      1    -     -     0    3196    (-,-) 
#-------------------------------------------------------------------------------------------------------------



Path 18: MET (6842 ps) Setup Check with Pin CSR_RF/dcsr_reg[15]/CLK->D
           View: tt
          Group: I2C
     Startpoint: (F) dcache_hit
          Clock: (R) CLK
       Endpoint: (R) CSR_RF/dcsr_reg[15]/D
          Clock: (R) CLK

                     Capture       Launch     
        Clock Edge:+   10000            0     
        Drv Adjust:+       0            0     
       Src Latency:+     100          150     
       Net Latency:+       0 (I)        0 (I) 
           Arrival:=   10100          150     
                                              
             Setup:-      12                  
       Uncertainty:-      50                  
     Required Time:=   10038                  
      Launch Clock:-     150                  
       Input Delay:-    2500                  
         Data Path:-     546                  
             Slack:=    6842                  

Exceptions/Constraints:
  input_delay             2500            constraint.sdc_line_49_99_1   

#-------------------------------------------------------------------------------------------------------------
#     Timing Point       Flags   Arc   Edge          Cell            Fanout Load Trans Delay Arrival Instance 
#                                                                           (fF)  (ps)  (ps)   (ps)  Location 
#-------------------------------------------------------------------------------------------------------------
  dcache_hit             -       -     F     (arrival)                    1  0.6    40     0    2650    (-,-) 
  g2945/Y                -       A->Y  R     INVx1_ASAP7_75t_L            1  0.6    15    11    2661    (-,-) 
  g2986/Y                -       B->Y  F     OAI21xp5_ASAP7_75t_L         2  1.0    19    11    2672    (-,-) 
  g2982/Y                -       B->Y  F     OR2x2_ASAP7_75t_L            2  1.0     9    21    2693    (-,-) 
  g2978/Y                -       B->Y  R     NAND2xp5_ASAP7_75t_L         3  1.4    22    12    2706    (-,-) 
  g2977/Y                -       B->Y  F     NOR2xp33_ASAP7_75t_L         2  1.2    52    19    2725    (-,-) 
  g2976/Y                -       A->Y  R     INVx1_ASAP7_75t_L           11  4.2    43    30    2755    (-,-) 
  g2974/Y                -       A2->Y F     OAI33xp33_ASAP7_75t_L        9  4.5   106    47    2802    (-,-) 
  CSR_RF/g20381/Y        -       A->Y  R     NOR2xp33_ASAP7_75t_L         5  2.7    76    47    2849    (-,-) 
  CSR_RF/g20302/Y        -       C->Y  R     AND3x1_ASAP7_75t_L           5  2.7    26    30    2880    (-,-) 
  CSR_RF/g20283/Y        -       B->Y  F     NAND2xp5_ASAP7_75t_L         5  2.5    37    21    2900    (-,-) 
  CSR_RF/g20268/Y        -       A->Y  R     NOR2xp33_ASAP7_75t_L        18  9.0   193    95    2995    (-,-) 
  CSR_RF/g20244/Y        -       B->Y  F     NOR2xp33_ASAP7_75t_L        16  8.1   196   121    3116    (-,-) 
  CSR_RF/drc_bufs20744/Y -       A->Y  R     INVx1_ASAP7_75t_L            1  0.6    35    23    3139    (-,-) 
  CSR_RF/drc_bufs20743/Y -       A->Y  F     INVx1_ASAP7_75t_L           14  7.0    46    31    3170    (-,-) 
  CSR_RF/g20087/Y        -       A2->Y R     AOI222xp33_ASAP7_75t_L       1  0.6    55    26    3196    (-,-) 
  CSR_RF/dcsr_reg[15]/D  -       -     R     DFFASRHQNx1_ASAP7_75t_L      1    -     -     0    3196    (-,-) 
#-------------------------------------------------------------------------------------------------------------



Path 19: MET (6842 ps) Setup Check with Pin CSR_RF/dcsr_reg[14]/CLK->D
           View: tt
          Group: I2C
     Startpoint: (F) dcache_hit
          Clock: (R) CLK
       Endpoint: (R) CSR_RF/dcsr_reg[14]/D
          Clock: (R) CLK

                     Capture       Launch     
        Clock Edge:+   10000            0     
        Drv Adjust:+       0            0     
       Src Latency:+     100          150     
       Net Latency:+       0 (I)        0 (I) 
           Arrival:=   10100          150     
                                              
             Setup:-      12                  
       Uncertainty:-      50                  
     Required Time:=   10038                  
      Launch Clock:-     150                  
       Input Delay:-    2500                  
         Data Path:-     546                  
             Slack:=    6842                  

Exceptions/Constraints:
  input_delay             2500            constraint.sdc_line_49_99_1   

#-------------------------------------------------------------------------------------------------------------
#     Timing Point       Flags   Arc   Edge          Cell            Fanout Load Trans Delay Arrival Instance 
#                                                                           (fF)  (ps)  (ps)   (ps)  Location 
#-------------------------------------------------------------------------------------------------------------
  dcache_hit             -       -     F     (arrival)                    1  0.6    40     0    2650    (-,-) 
  g2945/Y                -       A->Y  R     INVx1_ASAP7_75t_L            1  0.6    15    11    2661    (-,-) 
  g2986/Y                -       B->Y  F     OAI21xp5_ASAP7_75t_L         2  1.0    19    11    2672    (-,-) 
  g2982/Y                -       B->Y  F     OR2x2_ASAP7_75t_L            2  1.0     9    21    2693    (-,-) 
  g2978/Y                -       B->Y  R     NAND2xp5_ASAP7_75t_L         3  1.4    22    12    2706    (-,-) 
  g2977/Y                -       B->Y  F     NOR2xp33_ASAP7_75t_L         2  1.2    52    19    2725    (-,-) 
  g2976/Y                -       A->Y  R     INVx1_ASAP7_75t_L           11  4.2    43    30    2755    (-,-) 
  g2974/Y                -       A2->Y F     OAI33xp33_ASAP7_75t_L        9  4.5   106    47    2802    (-,-) 
  CSR_RF/g20381/Y        -       A->Y  R     NOR2xp33_ASAP7_75t_L         5  2.7    76    47    2849    (-,-) 
  CSR_RF/g20302/Y        -       C->Y  R     AND3x1_ASAP7_75t_L           5  2.7    26    30    2880    (-,-) 
  CSR_RF/g20283/Y        -       B->Y  F     NAND2xp5_ASAP7_75t_L         5  2.5    37    21    2900    (-,-) 
  CSR_RF/g20268/Y        -       A->Y  R     NOR2xp33_ASAP7_75t_L        18  9.0   193    95    2995    (-,-) 
  CSR_RF/g20244/Y        -       B->Y  F     NOR2xp33_ASAP7_75t_L        16  8.1   196   121    3116    (-,-) 
  CSR_RF/drc_bufs20744/Y -       A->Y  R     INVx1_ASAP7_75t_L            1  0.6    35    23    3139    (-,-) 
  CSR_RF/drc_bufs20743/Y -       A->Y  F     INVx1_ASAP7_75t_L           14  7.0    46    31    3170    (-,-) 
  CSR_RF/g20095/Y        -       A2->Y R     AOI222xp33_ASAP7_75t_L       1  0.6    55    26    3196    (-,-) 
  CSR_RF/dcsr_reg[14]/D  -       -     R     DFFASRHQNx1_ASAP7_75t_L      1    -     -     0    3196    (-,-) 
#-------------------------------------------------------------------------------------------------------------



Path 20: MET (6842 ps) Setup Check with Pin CSR_RF/dcsr_reg[2]/CLK->D
           View: tt
          Group: I2C
     Startpoint: (F) dcache_hit
          Clock: (R) CLK
       Endpoint: (R) CSR_RF/dcsr_reg[2]/D
          Clock: (R) CLK

                     Capture       Launch     
        Clock Edge:+   10000            0     
        Drv Adjust:+       0            0     
       Src Latency:+     100          150     
       Net Latency:+       0 (I)        0 (I) 
           Arrival:=   10100          150     
                                              
             Setup:-      12                  
       Uncertainty:-      50                  
     Required Time:=   10038                  
      Launch Clock:-     150                  
       Input Delay:-    2500                  
         Data Path:-     546                  
             Slack:=    6842                  

Exceptions/Constraints:
  input_delay             2500            constraint.sdc_line_49_99_1   

#-------------------------------------------------------------------------------------------------------------
#     Timing Point       Flags   Arc   Edge          Cell            Fanout Load Trans Delay Arrival Instance 
#                                                                           (fF)  (ps)  (ps)   (ps)  Location 
#-------------------------------------------------------------------------------------------------------------
  dcache_hit             -       -     F     (arrival)                    1  0.6    40     0    2650    (-,-) 
  g2945/Y                -       A->Y  R     INVx1_ASAP7_75t_L            1  0.6    15    11    2661    (-,-) 
  g2986/Y                -       B->Y  F     OAI21xp5_ASAP7_75t_L         2  1.0    19    11    2672    (-,-) 
  g2982/Y                -       B->Y  F     OR2x2_ASAP7_75t_L            2  1.0     9    21    2693    (-,-) 
  g2978/Y                -       B->Y  R     NAND2xp5_ASAP7_75t_L         3  1.4    22    12    2706    (-,-) 
  g2977/Y                -       B->Y  F     NOR2xp33_ASAP7_75t_L         2  1.2    52    19    2725    (-,-) 
  g2976/Y                -       A->Y  R     INVx1_ASAP7_75t_L           11  4.2    43    30    2755    (-,-) 
  g2974/Y                -       A2->Y F     OAI33xp33_ASAP7_75t_L        9  4.5   106    47    2802    (-,-) 
  CSR_RF/g20381/Y        -       A->Y  R     NOR2xp33_ASAP7_75t_L         5  2.7    76    47    2849    (-,-) 
  CSR_RF/g20302/Y        -       C->Y  R     AND3x1_ASAP7_75t_L           5  2.7    26    30    2880    (-,-) 
  CSR_RF/g20283/Y        -       B->Y  F     NAND2xp5_ASAP7_75t_L         5  2.5    37    21    2900    (-,-) 
  CSR_RF/g20268/Y        -       A->Y  R     NOR2xp33_ASAP7_75t_L        18  9.0   193    95    2995    (-,-) 
  CSR_RF/g20244/Y        -       B->Y  F     NOR2xp33_ASAP7_75t_L        16  8.1   196   121    3116    (-,-) 
  CSR_RF/drc_bufs20744/Y -       A->Y  R     INVx1_ASAP7_75t_L            1  0.6    35    23    3139    (-,-) 
  CSR_RF/drc_bufs20743/Y -       A->Y  F     INVx1_ASAP7_75t_L           14  7.0    46    31    3170    (-,-) 
  CSR_RF/g20089/Y        -       A2->Y R     AOI222xp33_ASAP7_75t_L       1  0.6    55    26    3196    (-,-) 
  CSR_RF/dcsr_reg[2]/D   -       -     R     DFFASRHQNx1_ASAP7_75t_L      1    -     -     0    3196    (-,-) 
#-------------------------------------------------------------------------------------------------------------


