============================================================
  Generated by:           Genus(TM) Synthesis Solution 23.14-s090_1
  Generated on:           Aug 11 2026  11:40:48 pm
  Module:                 riscv_pipeline
  Operating conditions:   PVT_0P7V_25C (balanced_tree)
  Wireload mode:          enclosed
  Area mode:              timing library
============================================================


Path 1: MET (6699 ps) Late External Delay Assertion at pin dbg_reg_read_data[0]
           View: tt
          Group: C2O
     Startpoint: (R) RF/rf_main_reg[24][0]/CLK
          Clock: (R) CLK
       Endpoint: (F) dbg_reg_read_data[0]
          Clock: (R) CLK

                     Capture       Launch     
        Clock Edge:+   10000            0     
       Src Latency:+     100          150     
       Net Latency:+       0 (I)        0 (I) 
           Arrival:=   10100          150     
                                              
      Output Delay:-    3000                  
       Uncertainty:-      50                  
     Required Time:=    7050                  
      Launch Clock:-     150                  
         Data Path:-     201                  
             Slack:=    6699                  

Exceptions/Constraints:
  output_delay             3000            constraint.sdc_line_62_464_1   

#----------------------------------------------------------------------------------------------------------------
#       Timing Point        Flags    Arc    Edge         Cell           Fanout Load Trans Delay Arrival Instance 
#                                                                              (fF)  (ps)  (ps)   (ps)  Location 
#----------------------------------------------------------------------------------------------------------------
  RF/rf_main_reg[24][0]/CLK -       -       R     (arrival)               6114    -    40     0     150    (-,-) 
  RF/rf_main_reg[24][0]/QN  -       CLK->QN F     DFFHQNx1_ASAP7_75t_L       4  1.6    22    46     196    (-,-) 
  RF/g3697/Y                -       B2->Y   R     AOI22xp33_ASAP7_75t_L      1  0.6    29    17     214    (-,-) 
  RF/g3398/Y                -       A->Y    R     AND4x1_ASAP7_75t_L         1  0.5    11    24     238    (-,-) 
  RF/g3346/Y                -       A->Y    R     AND5x1_ASAP7_75t_L         1  0.5    13    27     265    (-,-) 
  RF/g3328/Y                -       A->Y    F     NAND5xp2_ASAP7_75t_L       1  0.4    28    14     278    (-,-) 
  RF/g12991/Y               -       B1->Y   F     AO22x1_ASAP7_75t_L         1  0.4     9    24     303    (-,-) 
  g3360/Y                   -       A1->Y   F     AO22x1_ASAP7_75t_L         1 10.0    62    48     351    (-,-) 
  dbg_reg_read_data[0]      -       -       F     (port)                     -    -     -     0     351    (-,-) 
#----------------------------------------------------------------------------------------------------------------



Path 2: MET (6699 ps) Late External Delay Assertion at pin dbg_reg_read_data[1]
           View: tt
          Group: C2O
     Startpoint: (R) RF/rf_main_reg[24][1]/CLK
          Clock: (R) CLK
       Endpoint: (F) dbg_reg_read_data[1]
          Clock: (R) CLK

                     Capture       Launch     
        Clock Edge:+   10000            0     
       Src Latency:+     100          150     
       Net Latency:+       0 (I)        0 (I) 
           Arrival:=   10100          150     
                                              
      Output Delay:-    3000                  
       Uncertainty:-      50                  
     Required Time:=    7050                  
      Launch Clock:-     150                  
         Data Path:-     201                  
             Slack:=    6699                  

Exceptions/Constraints:
  output_delay             3000            constraint.sdc_line_62_463_1   

#----------------------------------------------------------------------------------------------------------------
#       Timing Point        Flags    Arc    Edge         Cell           Fanout Load Trans Delay Arrival Instance 
#                                                                              (fF)  (ps)  (ps)   (ps)  Location 
#----------------------------------------------------------------------------------------------------------------
  RF/rf_main_reg[24][1]/CLK -       -       R     (arrival)               6114    -    40     0     150    (-,-) 
  RF/rf_main_reg[24][1]/QN  -       CLK->QN F     DFFHQNx1_ASAP7_75t_L       4  1.6    22    46     196    (-,-) 
  RF/g3669/Y                -       B2->Y   R     AOI22xp33_ASAP7_75t_L      1  0.6    29    17     214    (-,-) 
  RF/g3409/Y                -       A->Y    R     AND4x1_ASAP7_75t_L         1  0.5    11    24     238    (-,-) 
  RF/g3360/Y                -       A->Y    R     AND5x1_ASAP7_75t_L         1  0.5    13    27     265    (-,-) 
  RF/g3297/Y                -       A->Y    F     NAND5xp2_ASAP7_75t_L       1  0.4    28    14     278    (-,-) 
  RF/g12989/Y               -       B1->Y   F     AO22x1_ASAP7_75t_L         1  0.4     9    24     303    (-,-) 
  g3357/Y                   -       A1->Y   F     AO22x1_ASAP7_75t_L         1 10.0    62    48     351    (-,-) 
  dbg_reg_read_data[1]      -       -       F     (port)                     -    -     -     0     351    (-,-) 
#----------------------------------------------------------------------------------------------------------------



Path 3: MET (6699 ps) Late External Delay Assertion at pin dbg_reg_read_data[2]
           View: tt
          Group: C2O
     Startpoint: (R) RF/rf_main_reg[24][2]/CLK
          Clock: (R) CLK
       Endpoint: (F) dbg_reg_read_data[2]
          Clock: (R) CLK

                     Capture       Launch     
        Clock Edge:+   10000            0     
       Src Latency:+     100          150     
       Net Latency:+       0 (I)        0 (I) 
           Arrival:=   10100          150     
                                              
      Output Delay:-    3000                  
       Uncertainty:-      50                  
     Required Time:=    7050                  
      Launch Clock:-     150                  
         Data Path:-     201                  
             Slack:=    6699                  

Exceptions/Constraints:
  output_delay             3000            constraint.sdc_line_62_462_1   

#----------------------------------------------------------------------------------------------------------------
#       Timing Point        Flags    Arc    Edge         Cell           Fanout Load Trans Delay Arrival Instance 
#                                                                              (fF)  (ps)  (ps)   (ps)  Location 
#----------------------------------------------------------------------------------------------------------------
  RF/rf_main_reg[24][2]/CLK -       -       R     (arrival)               6114    -    40     0     150    (-,-) 
  RF/rf_main_reg[24][2]/QN  -       CLK->QN F     DFFHQNx1_ASAP7_75t_L       4  1.6    22    46     196    (-,-) 
  RF/g3643/Y                -       B2->Y   R     AOI22xp33_ASAP7_75t_L      1  0.6    29    17     214    (-,-) 
  RF/g3389/Y                -       A->Y    R     AND4x1_ASAP7_75t_L         1  0.5    11    24     238    (-,-) 
  RF/g3342/Y                -       A->Y    R     AND5x1_ASAP7_75t_L         1  0.5    13    27     265    (-,-) 
  RF/g3311/Y                -       A->Y    F     NAND5xp2_ASAP7_75t_L       1  0.4    28    14     278    (-,-) 
  RF/g12988/Y               -       B1->Y   F     AO22x1_ASAP7_75t_L         1  0.4     9    24     303    (-,-) 
  g3371/Y                   -       A1->Y   F     AO22x1_ASAP7_75t_L         1 10.0    62    48     351    (-,-) 
  dbg_reg_read_data[2]      -       -       F     (port)                     -    -     -     0     351    (-,-) 
#----------------------------------------------------------------------------------------------------------------



Path 4: MET (6699 ps) Late External Delay Assertion at pin dbg_reg_read_data[3]
           View: tt
          Group: C2O
     Startpoint: (R) RF/rf_main_reg[24][3]/CLK
          Clock: (R) CLK
       Endpoint: (F) dbg_reg_read_data[3]
          Clock: (R) CLK

                     Capture       Launch     
        Clock Edge:+   10000            0     
       Src Latency:+     100          150     
       Net Latency:+       0 (I)        0 (I) 
           Arrival:=   10100          150     
                                              
      Output Delay:-    3000                  
       Uncertainty:-      50                  
     Required Time:=    7050                  
      Launch Clock:-     150                  
         Data Path:-     201                  
             Slack:=    6699                  

Exceptions/Constraints:
  output_delay             3000            constraint.sdc_line_62_461_1   

#----------------------------------------------------------------------------------------------------------------
#       Timing Point        Flags    Arc    Edge         Cell           Fanout Load Trans Delay Arrival Instance 
#                                                                              (fF)  (ps)  (ps)   (ps)  Location 
#----------------------------------------------------------------------------------------------------------------
  RF/rf_main_reg[24][3]/CLK -       -       R     (arrival)               6114    -    40     0     150    (-,-) 
  RF/rf_main_reg[24][3]/QN  -       CLK->QN F     DFFHQNx1_ASAP7_75t_L       4  1.6    22    46     196    (-,-) 
  RF/g3611/Y                -       B2->Y   R     AOI22xp33_ASAP7_75t_L      1  0.6    29    17     214    (-,-) 
  RF/g3385/Y                -       A->Y    R     AND4x1_ASAP7_75t_L         1  0.5    11    24     238    (-,-) 
  RF/g3341/Y                -       A->Y    R     AND5x1_ASAP7_75t_L         1  0.5    13    27     265    (-,-) 
  RF/g3308/Y                -       A->Y    F     NAND5xp2_ASAP7_75t_L       1  0.4    28    14     278    (-,-) 
  RF/g12985/Y               -       B1->Y   F     AO22x1_ASAP7_75t_L         1  0.4     9    24     303    (-,-) 
  g3354/Y                   -       A1->Y   F     AO22x1_ASAP7_75t_L         1 10.0    62    48     351    (-,-) 
  dbg_reg_read_data[3]      -       -       F     (port)                     -    -     -     0     351    (-,-) 
#----------------------------------------------------------------------------------------------------------------



Path 5: MET (6699 ps) Late External Delay Assertion at pin dbg_reg_read_data[4]
           View: tt
          Group: C2O
     Startpoint: (R) RF/rf_main_reg[24][4]/CLK
          Clock: (R) CLK
       Endpoint: (F) dbg_reg_read_data[4]
          Clock: (R) CLK

                     Capture       Launch     
        Clock Edge:+   10000            0     
       Src Latency:+     100          150     
       Net Latency:+       0 (I)        0 (I) 
           Arrival:=   10100          150     
                                              
      Output Delay:-    3000                  
       Uncertainty:-      50                  
     Required Time:=    7050                  
      Launch Clock:-     150                  
         Data Path:-     201                  
             Slack:=    6699                  

Exceptions/Constraints:
  output_delay             3000            constraint.sdc_line_62_460_1   

#----------------------------------------------------------------------------------------------------------------
#       Timing Point        Flags    Arc    Edge         Cell           Fanout Load Trans Delay Arrival Instance 
#                                                                              (fF)  (ps)  (ps)   (ps)  Location 
#----------------------------------------------------------------------------------------------------------------
  RF/rf_main_reg[24][4]/CLK -       -       R     (arrival)               6114    -    40     0     150    (-,-) 
  RF/rf_main_reg[24][4]/QN  -       CLK->QN F     DFFHQNx1_ASAP7_75t_L       4  1.6    22    46     196    (-,-) 
  RF/g3581/Y                -       B2->Y   R     AOI22xp33_ASAP7_75t_L      1  0.6    29    17     214    (-,-) 
  RF/g3381/Y                -       A->Y    R     AND4x1_ASAP7_75t_L         1  0.5    11    24     238    (-,-) 
  RF/g3338/Y                -       A->Y    R     AND5x1_ASAP7_75t_L         1  0.5    13    27     265    (-,-) 
  RF/g3307/Y                -       A->Y    F     NAND5xp2_ASAP7_75t_L       1  0.4    28    14     278    (-,-) 
  RF/g12984/Y               -       B1->Y   F     AO22x1_ASAP7_75t_L         1  0.4     9    24     303    (-,-) 
  g3353/Y                   -       A1->Y   F     AO22x1_ASAP7_75t_L         1 10.0    62    48     351    (-,-) 
  dbg_reg_read_data[4]      -       -       F     (port)                     -    -     -     0     351    (-,-) 
#----------------------------------------------------------------------------------------------------------------



Path 6: MET (6699 ps) Late External Delay Assertion at pin dbg_reg_read_data[5]
           View: tt
          Group: C2O
     Startpoint: (R) RF/rf_main_reg[24][5]/CLK
          Clock: (R) CLK
       Endpoint: (F) dbg_reg_read_data[5]
          Clock: (R) CLK

                     Capture       Launch     
        Clock Edge:+   10000            0     
       Src Latency:+     100          150     
       Net Latency:+       0 (I)        0 (I) 
           Arrival:=   10100          150     
                                              
      Output Delay:-    3000                  
       Uncertainty:-      50                  
     Required Time:=    7050                  
      Launch Clock:-     150                  
         Data Path:-     201                  
             Slack:=    6699                  

Exceptions/Constraints:
  output_delay             3000            constraint.sdc_line_62_459_1   

#----------------------------------------------------------------------------------------------------------------
#       Timing Point        Flags    Arc    Edge         Cell           Fanout Load Trans Delay Arrival Instance 
#                                                                              (fF)  (ps)  (ps)   (ps)  Location 
#----------------------------------------------------------------------------------------------------------------
  RF/rf_main_reg[24][5]/CLK -       -       R     (arrival)               6114    -    40     0     150    (-,-) 
  RF/rf_main_reg[24][5]/QN  -       CLK->QN F     DFFHQNx1_ASAP7_75t_L       4  1.6    22    46     196    (-,-) 
  RF/g3553/Y                -       B2->Y   R     AOI22xp33_ASAP7_75t_L      1  0.6    29    17     214    (-,-) 
  RF/g3378/Y                -       A->Y    R     AND4x1_ASAP7_75t_L         1  0.5    11    24     238    (-,-) 
  RF/g3337/Y                -       A->Y    R     AND5x1_ASAP7_75t_L         1  0.5    13    27     265    (-,-) 
  RF/g3305/Y                -       A->Y    F     NAND5xp2_ASAP7_75t_L       1  0.4    28    14     278    (-,-) 
  RF/g12982/Y               -       B1->Y   F     AO22x1_ASAP7_75t_L         1  0.4     9    24     303    (-,-) 
  g3350/Y                   -       A1->Y   F     AO22x1_ASAP7_75t_L         1 10.0    62    48     351    (-,-) 
  dbg_reg_read_data[5]      -       -       F     (port)                     -    -     -     0     351    (-,-) 
#----------------------------------------------------------------------------------------------------------------



Path 7: MET (6699 ps) Late External Delay Assertion at pin dbg_reg_read_data[6]
           View: tt
          Group: C2O
     Startpoint: (R) RF/rf_main_reg[24][6]/CLK
          Clock: (R) CLK
       Endpoint: (F) dbg_reg_read_data[6]
          Clock: (R) CLK

                     Capture       Launch     
        Clock Edge:+   10000            0     
       Src Latency:+     100          150     
       Net Latency:+       0 (I)        0 (I) 
           Arrival:=   10100          150     
                                              
      Output Delay:-    3000                  
       Uncertainty:-      50                  
     Required Time:=    7050                  
      Launch Clock:-     150                  
         Data Path:-     201                  
             Slack:=    6699                  

Exceptions/Constraints:
  output_delay             3000            constraint.sdc_line_62_458_1   

#----------------------------------------------------------------------------------------------------------------
#       Timing Point        Flags    Arc    Edge         Cell           Fanout Load Trans Delay Arrival Instance 
#                                                                              (fF)  (ps)  (ps)   (ps)  Location 
#----------------------------------------------------------------------------------------------------------------
  RF/rf_main_reg[24][6]/CLK -       -       R     (arrival)               6114    -    40     0     150    (-,-) 
  RF/rf_main_reg[24][6]/QN  -       CLK->QN F     DFFHQNx1_ASAP7_75t_L       4  1.6    22    46     196    (-,-) 
  RF/g3519/Y                -       B2->Y   R     AOI22xp33_ASAP7_75t_L      1  0.6    29    17     214    (-,-) 
  RF/g3373/Y                -       A->Y    R     AND4x1_ASAP7_75t_L         1  0.5    11    24     238    (-,-) 
  RF/g3335/Y                -       A->Y    R     AND5x1_ASAP7_75t_L         1  0.5    13    27     265    (-,-) 
  RF/g3303/Y                -       A->Y    F     NAND5xp2_ASAP7_75t_L       1  0.4    28    14     278    (-,-) 
  RF/g12981/Y               -       B1->Y   F     AO22x1_ASAP7_75t_L         1  0.4     9    24     303    (-,-) 
  g3349/Y                   -       A1->Y   F     AO22x1_ASAP7_75t_L         1 10.0    62    48     351    (-,-) 
  dbg_reg_read_data[6]      -       -       F     (port)                     -    -     -     0     351    (-,-) 
#----------------------------------------------------------------------------------------------------------------



Path 8: MET (6699 ps) Late External Delay Assertion at pin dbg_reg_read_data[7]
           View: tt
          Group: C2O
     Startpoint: (R) RF/rf_main_reg[24][7]/CLK
          Clock: (R) CLK
       Endpoint: (F) dbg_reg_read_data[7]
          Clock: (R) CLK

                     Capture       Launch     
        Clock Edge:+   10000            0     
       Src Latency:+     100          150     
       Net Latency:+       0 (I)        0 (I) 
           Arrival:=   10100          150     
                                              
      Output Delay:-    3000                  
       Uncertainty:-      50                  
     Required Time:=    7050                  
      Launch Clock:-     150                  
         Data Path:-     201                  
             Slack:=    6699                  

Exceptions/Constraints:
  output_delay             3000            constraint.sdc_line_62_457_1   

#----------------------------------------------------------------------------------------------------------------
#       Timing Point        Flags    Arc    Edge         Cell           Fanout Load Trans Delay Arrival Instance 
#                                                                              (fF)  (ps)  (ps)   (ps)  Location 
#----------------------------------------------------------------------------------------------------------------
  RF/rf_main_reg[24][7]/CLK -       -       R     (arrival)               6114    -    40     0     150    (-,-) 
  RF/rf_main_reg[24][7]/QN  -       CLK->QN F     DFFHQNx1_ASAP7_75t_L       4  1.6    22    46     196    (-,-) 
  RF/g3489/Y                -       B2->Y   R     AOI22xp33_ASAP7_75t_L      1  0.6    29    17     214    (-,-) 
  RF/g3370/Y                -       A->Y    R     AND4x1_ASAP7_75t_L         1  0.5    11    24     238    (-,-) 
  RF/g3332/Y                -       A->Y    R     AND5x1_ASAP7_75t_L         1  0.5    13    27     265    (-,-) 
  RF/g3302/Y                -       A->Y    F     NAND5xp2_ASAP7_75t_L       1  0.4    28    14     278    (-,-) 
  RF/g12977/Y               -       B1->Y   F     AO22x1_ASAP7_75t_L         1  0.4     9    24     303    (-,-) 
  g3348/Y                   -       A1->Y   F     AO22x1_ASAP7_75t_L         1 10.0    62    48     351    (-,-) 
  dbg_reg_read_data[7]      -       -       F     (port)                     -    -     -     0     351    (-,-) 
#----------------------------------------------------------------------------------------------------------------



Path 9: MET (6699 ps) Late External Delay Assertion at pin dbg_reg_read_data[8]
           View: tt
          Group: C2O
     Startpoint: (R) RF/rf_main_reg[24][8]/CLK
          Clock: (R) CLK
       Endpoint: (F) dbg_reg_read_data[8]
          Clock: (R) CLK

                     Capture       Launch     
        Clock Edge:+   10000            0     
       Src Latency:+     100          150     
       Net Latency:+       0 (I)        0 (I) 
           Arrival:=   10100          150     
                                              
      Output Delay:-    3000                  
       Uncertainty:-      50                  
     Required Time:=    7050                  
      Launch Clock:-     150                  
         Data Path:-     201                  
             Slack:=    6699                  

Exceptions/Constraints:
  output_delay             3000            constraint.sdc_line_62_456_1   

#----------------------------------------------------------------------------------------------------------------
#       Timing Point        Flags    Arc    Edge         Cell           Fanout Load Trans Delay Arrival Instance 
#                                                                              (fF)  (ps)  (ps)   (ps)  Location 
#----------------------------------------------------------------------------------------------------------------
  RF/rf_main_reg[24][8]/CLK -       -       R     (arrival)               6114    -    40     0     150    (-,-) 
  RF/rf_main_reg[24][8]/QN  -       CLK->QN F     DFFHQNx1_ASAP7_75t_L       4  1.6    22    46     196    (-,-) 
  RF/g3462/Y                -       B2->Y   R     AOI22xp33_ASAP7_75t_L      1  0.6    29    17     214    (-,-) 
  RF/g3366/Y                -       A->Y    R     AND4x1_ASAP7_75t_L         1  0.5    11    24     238    (-,-) 
  RF/g3330/Y                -       A->Y    R     AND5x1_ASAP7_75t_L         1  0.5    13    27     265    (-,-) 
  RF/g3301/Y                -       A->Y    F     NAND5xp2_ASAP7_75t_L       1  0.4    28    14     278    (-,-) 
  RF/g12976/Y               -       B1->Y   F     AO22x1_ASAP7_75t_L         1  0.4     9    24     303    (-,-) 
  g3346/Y                   -       A1->Y   F     AO22x1_ASAP7_75t_L         1 10.0    62    48     351    (-,-) 
  dbg_reg_read_data[8]      -       -       F     (port)                     -    -     -     0     351    (-,-) 
#----------------------------------------------------------------------------------------------------------------



Path 10: MET (6699 ps) Late External Delay Assertion at pin dbg_reg_read_data[9]
           View: tt
          Group: C2O
     Startpoint: (R) RF/rf_main_reg[24][9]/CLK
          Clock: (R) CLK
       Endpoint: (F) dbg_reg_read_data[9]
          Clock: (R) CLK

                     Capture       Launch     
        Clock Edge:+   10000            0     
       Src Latency:+     100          150     
       Net Latency:+       0 (I)        0 (I) 
           Arrival:=   10100          150     
                                              
      Output Delay:-    3000                  
       Uncertainty:-      50                  
     Required Time:=    7050                  
      Launch Clock:-     150                  
         Data Path:-     201                  
             Slack:=    6699                  

Exceptions/Constraints:
  output_delay             3000            constraint.sdc_line_62_455_1   

#----------------------------------------------------------------------------------------------------------------
#       Timing Point        Flags    Arc    Edge         Cell           Fanout Load Trans Delay Arrival Instance 
#                                                                              (fF)  (ps)  (ps)   (ps)  Location 
#----------------------------------------------------------------------------------------------------------------
  RF/rf_main_reg[24][9]/CLK -       -       R     (arrival)               6114    -    40     0     150    (-,-) 
  RF/rf_main_reg[24][9]/QN  -       CLK->QN F     DFFHQNx1_ASAP7_75t_L       4  1.6    22    46     196    (-,-) 
  RF/g3428/Y                -       B2->Y   R     AOI22xp33_ASAP7_75t_L      1  0.6    29    17     214    (-,-) 
  RF/g3377/Y                -       A->Y    R     AND4x1_ASAP7_75t_L         1  0.5    11    24     238    (-,-) 
  RF/g3345/Y                -       A->Y    R     AND5x1_ASAP7_75t_L         1  0.5    13    27     265    (-,-) 
  RF/g3313/Y                -       A->Y    F     NAND5xp2_ASAP7_75t_L       1  0.4    28    14     278    (-,-) 
  RF/g12974/Y               -       B1->Y   F     AO22x1_ASAP7_75t_L         1  0.4     9    24     303    (-,-) 
  g3345/Y                   -       A1->Y   F     AO22x1_ASAP7_75t_L         1 10.0    62    48     351    (-,-) 
  dbg_reg_read_data[9]      -       -       F     (port)                     -    -     -     0     351    (-,-) 
#----------------------------------------------------------------------------------------------------------------



Path 11: MET (6699 ps) Late External Delay Assertion at pin dbg_reg_read_data[10]
           View: tt
          Group: C2O
     Startpoint: (R) RF/rf_main_reg[24][10]/CLK
          Clock: (R) CLK
       Endpoint: (F) dbg_reg_read_data[10]
          Clock: (R) CLK

                     Capture       Launch     
        Clock Edge:+   10000            0     
       Src Latency:+     100          150     
       Net Latency:+       0 (I)        0 (I) 
           Arrival:=   10100          150     
                                              
      Output Delay:-    3000                  
       Uncertainty:-      50                  
     Required Time:=    7050                  
      Launch Clock:-     150                  
         Data Path:-     201                  
             Slack:=    6699                  

Exceptions/Constraints:
  output_delay             3000            constraint.sdc_line_62_454_1   

#-----------------------------------------------------------------------------------------------------------------
#       Timing Point         Flags    Arc    Edge         Cell           Fanout Load Trans Delay Arrival Instance 
#                                                                               (fF)  (ps)  (ps)   (ps)  Location 
#-----------------------------------------------------------------------------------------------------------------
  RF/rf_main_reg[24][10]/CLK -       -       R     (arrival)               6114    -    40     0     150    (-,-) 
  RF/rf_main_reg[24][10]/QN  -       CLK->QN F     DFFHQNx1_ASAP7_75t_L       4  1.6    22    46     196    (-,-) 
  RF/g3880/Y                 -       B2->Y   R     AOI22xp33_ASAP7_75t_L      1  0.6    29    17     214    (-,-) 
  RF/g3421/Y                 -       A->Y    R     AND4x1_ASAP7_75t_L         1  0.5    11    24     238    (-,-) 
  RF/g3358/Y                 -       A->Y    R     AND5x1_ASAP7_75t_L         1  0.5    13    27     265    (-,-) 
  RF/g3326/Y                 -       A->Y    F     NAND5xp2_ASAP7_75t_L       1  0.4    28    14     278    (-,-) 
  RF/g12973/Y                -       B1->Y   F     AO22x1_ASAP7_75t_L         1  0.4     9    24     303    (-,-) 
  g3344/Y                    -       A1->Y   F     AO22x1_ASAP7_75t_L         1 10.0    62    48     351    (-,-) 
  dbg_reg_read_data[10]      -       -       F     (port)                     -    -     -     0     351    (-,-) 
#-----------------------------------------------------------------------------------------------------------------



Path 12: MET (6699 ps) Late External Delay Assertion at pin dbg_reg_read_data[11]
           View: tt
          Group: C2O
     Startpoint: (R) RF/rf_main_reg[24][11]/CLK
          Clock: (R) CLK
       Endpoint: (F) dbg_reg_read_data[11]
          Clock: (R) CLK

                     Capture       Launch     
        Clock Edge:+   10000            0     
       Src Latency:+     100          150     
       Net Latency:+       0 (I)        0 (I) 
           Arrival:=   10100          150     
                                              
      Output Delay:-    3000                  
       Uncertainty:-      50                  
     Required Time:=    7050                  
      Launch Clock:-     150                  
         Data Path:-     201                  
             Slack:=    6699                  

Exceptions/Constraints:
  output_delay             3000            constraint.sdc_line_62_453_1   

#-----------------------------------------------------------------------------------------------------------------
#       Timing Point         Flags    Arc    Edge         Cell           Fanout Load Trans Delay Arrival Instance 
#                                                                               (fF)  (ps)  (ps)   (ps)  Location 
#-----------------------------------------------------------------------------------------------------------------
  RF/rf_main_reg[24][11]/CLK -       -       R     (arrival)               6114    -    40     0     150    (-,-) 
  RF/rf_main_reg[24][11]/QN  -       CLK->QN F     DFFHQNx1_ASAP7_75t_L       4  1.6    22    46     196    (-,-) 
  RF/g3849/Y                 -       B2->Y   R     AOI22xp33_ASAP7_75t_L      1  0.6    29    17     214    (-,-) 
  RF/g3419/Y                 -       A->Y    R     AND4x1_ASAP7_75t_L         1  0.5    11    24     238    (-,-) 
  RF/g3356/Y                 -       A->Y    R     AND5x1_ASAP7_75t_L         1  0.5    13    27     265    (-,-) 
  RF/g3325/Y                 -       A->Y    F     NAND5xp2_ASAP7_75t_L       1  0.4    28    14     278    (-,-) 
  RF/g12970/Y                -       B1->Y   F     AO22x1_ASAP7_75t_L         1  0.4     9    24     303    (-,-) 
  g3356/Y                    -       A1->Y   F     AO22x1_ASAP7_75t_L         1 10.0    62    48     351    (-,-) 
  dbg_reg_read_data[11]      -       -       F     (port)                     -    -     -     0     351    (-,-) 
#-----------------------------------------------------------------------------------------------------------------



Path 13: MET (6699 ps) Late External Delay Assertion at pin dbg_reg_read_data[12]
           View: tt
          Group: C2O
     Startpoint: (R) RF/rf_main_reg[24][12]/CLK
          Clock: (R) CLK
       Endpoint: (F) dbg_reg_read_data[12]
          Clock: (R) CLK

                     Capture       Launch     
        Clock Edge:+   10000            0     
       Src Latency:+     100          150     
       Net Latency:+       0 (I)        0 (I) 
           Arrival:=   10100          150     
                                              
      Output Delay:-    3000                  
       Uncertainty:-      50                  
     Required Time:=    7050                  
      Launch Clock:-     150                  
         Data Path:-     201                  
             Slack:=    6699                  

Exceptions/Constraints:
  output_delay             3000            constraint.sdc_line_62_452_1   

#-----------------------------------------------------------------------------------------------------------------
#       Timing Point         Flags    Arc    Edge         Cell           Fanout Load Trans Delay Arrival Instance 
#                                                                               (fF)  (ps)  (ps)   (ps)  Location 
#-----------------------------------------------------------------------------------------------------------------
  RF/rf_main_reg[24][12]/CLK -       -       R     (arrival)               6114    -    40     0     150    (-,-) 
  RF/rf_main_reg[24][12]/QN  -       CLK->QN F     DFFHQNx1_ASAP7_75t_L       4  1.6    22    46     196    (-,-) 
  RF/g3820/Y                 -       B2->Y   R     AOI22xp33_ASAP7_75t_L      1  0.6    29    17     214    (-,-) 
  RF/g3413/Y                 -       A->Y    R     AND4x1_ASAP7_75t_L         1  0.5    11    24     238    (-,-) 
  RF/g3354/Y                 -       A->Y    R     AND5x1_ASAP7_75t_L         1  0.5    13    27     265    (-,-) 
  RF/g3322/Y                 -       A->Y    F     NAND5xp2_ASAP7_75t_L       1  0.4    28    14     278    (-,-) 
  RF/g12969/Y                -       B1->Y   F     AO22x1_ASAP7_75t_L         1  0.4     9    24     303    (-,-) 
  g3370/Y                    -       A1->Y   F     AO22x1_ASAP7_75t_L         1 10.0    62    48     351    (-,-) 
  dbg_reg_read_data[12]      -       -       F     (port)                     -    -     -     0     351    (-,-) 
#-----------------------------------------------------------------------------------------------------------------



Path 14: MET (6699 ps) Late External Delay Assertion at pin dbg_reg_read_data[13]
           View: tt
          Group: C2O
     Startpoint: (R) RF/rf_main_reg[24][13]/CLK
          Clock: (R) CLK
       Endpoint: (F) dbg_reg_read_data[13]
          Clock: (R) CLK

                     Capture       Launch     
        Clock Edge:+   10000            0     
       Src Latency:+     100          150     
       Net Latency:+       0 (I)        0 (I) 
           Arrival:=   10100          150     
                                              
      Output Delay:-    3000                  
       Uncertainty:-      50                  
     Required Time:=    7050                  
      Launch Clock:-     150                  
         Data Path:-     201                  
             Slack:=    6699                  

Exceptions/Constraints:
  output_delay             3000            constraint.sdc_line_62_451_1   

#-----------------------------------------------------------------------------------------------------------------
#       Timing Point         Flags    Arc    Edge         Cell           Fanout Load Trans Delay Arrival Instance 
#                                                                               (fF)  (ps)  (ps)   (ps)  Location 
#-----------------------------------------------------------------------------------------------------------------
  RF/rf_main_reg[24][13]/CLK -       -       R     (arrival)               6114    -    40     0     150    (-,-) 
  RF/rf_main_reg[24][13]/QN  -       CLK->QN F     DFFHQNx1_ASAP7_75t_L       4  1.6    22    46     196    (-,-) 
  RF/g3789/Y                 -       B2->Y   R     AOI22xp33_ASAP7_75t_L      1  0.6    29    17     214    (-,-) 
  RF/g3411/Y                 -       A->Y    R     AND4x1_ASAP7_75t_L         1  0.5    11    24     238    (-,-) 
  RF/g3351/Y                 -       A->Y    R     AND5x1_ASAP7_75t_L         1  0.5    13    27     265    (-,-) 
  RF/g3320/Y                 -       A->Y    F     NAND5xp2_ASAP7_75t_L       1  0.4    28    14     278    (-,-) 
  RF/g12967/Y                -       B1->Y   F     AO22x1_ASAP7_75t_L         1  0.4     9    24     303    (-,-) 
  g3369/Y                    -       A1->Y   F     AO22x1_ASAP7_75t_L         1 10.0    62    48     351    (-,-) 
  dbg_reg_read_data[13]      -       -       F     (port)                     -    -     -     0     351    (-,-) 
#-----------------------------------------------------------------------------------------------------------------



Path 15: MET (6699 ps) Late External Delay Assertion at pin dbg_reg_read_data[14]
           View: tt
          Group: C2O
     Startpoint: (R) RF/rf_main_reg[24][14]/CLK
          Clock: (R) CLK
       Endpoint: (F) dbg_reg_read_data[14]
          Clock: (R) CLK

                     Capture       Launch     
        Clock Edge:+   10000            0     
       Src Latency:+     100          150     
       Net Latency:+       0 (I)        0 (I) 
           Arrival:=   10100          150     
                                              
      Output Delay:-    3000                  
       Uncertainty:-      50                  
     Required Time:=    7050                  
      Launch Clock:-     150                  
         Data Path:-     201                  
             Slack:=    6699                  

Exceptions/Constraints:
  output_delay             3000            constraint.sdc_line_62_450_1   

#-----------------------------------------------------------------------------------------------------------------
#       Timing Point         Flags    Arc    Edge         Cell           Fanout Load Trans Delay Arrival Instance 
#                                                                               (fF)  (ps)  (ps)   (ps)  Location 
#-----------------------------------------------------------------------------------------------------------------
  RF/rf_main_reg[24][14]/CLK -       -       R     (arrival)               6114    -    40     0     150    (-,-) 
  RF/rf_main_reg[24][14]/QN  -       CLK->QN F     DFFHQNx1_ASAP7_75t_L       4  1.6    22    46     196    (-,-) 
  RF/g3760/Y                 -       B2->Y   R     AOI22xp33_ASAP7_75t_L      1  0.6    29    17     214    (-,-) 
  RF/g3406/Y                 -       A->Y    R     AND4x1_ASAP7_75t_L         1  0.5    11    24     238    (-,-) 
  RF/g3350/Y                 -       A->Y    R     AND5x1_ASAP7_75t_L         1  0.5    13    27     265    (-,-) 
  RF/g3319/Y                 -       A->Y    F     NAND5xp2_ASAP7_75t_L       1  0.4    28    14     278    (-,-) 
  RF/g12966/Y                -       B1->Y   F     AO22x1_ASAP7_75t_L         1  0.4     9    24     303    (-,-) 
  g3367/Y                    -       A1->Y   F     AO22x1_ASAP7_75t_L         1 10.0    62    48     351    (-,-) 
  dbg_reg_read_data[14]      -       -       F     (port)                     -    -     -     0     351    (-,-) 
#-----------------------------------------------------------------------------------------------------------------



Path 16: MET (6699 ps) Late External Delay Assertion at pin dbg_reg_read_data[15]
           View: tt
          Group: C2O
     Startpoint: (R) RF/rf_main_reg[24][15]/CLK
          Clock: (R) CLK
       Endpoint: (F) dbg_reg_read_data[15]
          Clock: (R) CLK

                     Capture       Launch     
        Clock Edge:+   10000            0     
       Src Latency:+     100          150     
       Net Latency:+       0 (I)        0 (I) 
           Arrival:=   10100          150     
                                              
      Output Delay:-    3000                  
       Uncertainty:-      50                  
     Required Time:=    7050                  
      Launch Clock:-     150                  
         Data Path:-     201                  
             Slack:=    6699                  

Exceptions/Constraints:
  output_delay             3000            constraint.sdc_line_62_449_1   

#-----------------------------------------------------------------------------------------------------------------
#       Timing Point         Flags    Arc    Edge         Cell           Fanout Load Trans Delay Arrival Instance 
#                                                                               (fF)  (ps)  (ps)   (ps)  Location 
#-----------------------------------------------------------------------------------------------------------------
  RF/rf_main_reg[24][15]/CLK -       -       R     (arrival)               6114    -    40     0     150    (-,-) 
  RF/rf_main_reg[24][15]/QN  -       CLK->QN F     DFFHQNx1_ASAP7_75t_L       4  1.6    22    46     196    (-,-) 
  RF/g3730/Y                 -       B2->Y   R     AOI22xp33_ASAP7_75t_L      1  0.6    29    17     214    (-,-) 
  RF/g3403/Y                 -       A->Y    R     AND4x1_ASAP7_75t_L         1  0.5    11    24     238    (-,-) 
  RF/g3348/Y                 -       A->Y    R     AND5x1_ASAP7_75t_L         1  0.5    13    27     265    (-,-) 
  RF/g3315/Y                 -       A->Y    F     NAND5xp2_ASAP7_75t_L       1  0.4    28    14     278    (-,-) 
  RF/g12961/Y                -       B1->Y   F     AO22x1_ASAP7_75t_L         1  0.4     9    24     303    (-,-) 
  g3366/Y                    -       A1->Y   F     AO22x1_ASAP7_75t_L         1 10.0    62    48     351    (-,-) 
  dbg_reg_read_data[15]      -       -       F     (port)                     -    -     -     0     351    (-,-) 
#-----------------------------------------------------------------------------------------------------------------



Path 17: MET (6699 ps) Late External Delay Assertion at pin dbg_reg_read_data[16]
           View: tt
          Group: C2O
     Startpoint: (R) RF/rf_main_reg[24][16]/CLK
          Clock: (R) CLK
       Endpoint: (F) dbg_reg_read_data[16]
          Clock: (R) CLK

                     Capture       Launch     
        Clock Edge:+   10000            0     
       Src Latency:+     100          150     
       Net Latency:+       0 (I)        0 (I) 
           Arrival:=   10100          150     
                                              
      Output Delay:-    3000                  
       Uncertainty:-      50                  
     Required Time:=    7050                  
      Launch Clock:-     150                  
         Data Path:-     201                  
             Slack:=    6699                  

Exceptions/Constraints:
  output_delay             3000            constraint.sdc_line_62_448_1   

#-----------------------------------------------------------------------------------------------------------------
#       Timing Point         Flags    Arc    Edge         Cell           Fanout Load Trans Delay Arrival Instance 
#                                                                               (fF)  (ps)  (ps)   (ps)  Location 
#-----------------------------------------------------------------------------------------------------------------
  RF/rf_main_reg[24][16]/CLK -       -       R     (arrival)               6114    -    40     0     150    (-,-) 
  RF/rf_main_reg[24][16]/QN  -       CLK->QN F     DFFHQNx1_ASAP7_75t_L       4  1.6    22    46     196    (-,-) 
  RF/g3700/Y                 -       B2->Y   R     AOI22xp33_ASAP7_75t_L      1  0.6    29    17     214    (-,-) 
  RF/g3397/Y                 -       A->Y    R     AND4x1_ASAP7_75t_L         1  0.5    11    24     238    (-,-) 
  RF/g3347/Y                 -       A->Y    R     AND5x1_ASAP7_75t_L         1  0.5    13    27     265    (-,-) 
  RF/g3310/Y                 -       A->Y    F     NAND5xp2_ASAP7_75t_L       1  0.4    28    14     278    (-,-) 
  RF/g12960/Y                -       B1->Y   F     AO22x1_ASAP7_75t_L         1  0.4     9    24     303    (-,-) 
  g3364/Y                    -       A1->Y   F     AO22x1_ASAP7_75t_L         1 10.0    62    48     351    (-,-) 
  dbg_reg_read_data[16]      -       -       F     (port)                     -    -     -     0     351    (-,-) 
#-----------------------------------------------------------------------------------------------------------------



Path 18: MET (6699 ps) Late External Delay Assertion at pin dbg_reg_read_data[17]
           View: tt
          Group: C2O
     Startpoint: (R) RF/rf_main_reg[24][17]/CLK
          Clock: (R) CLK
       Endpoint: (F) dbg_reg_read_data[17]
          Clock: (R) CLK

                     Capture       Launch     
        Clock Edge:+   10000            0     
       Src Latency:+     100          150     
       Net Latency:+       0 (I)        0 (I) 
           Arrival:=   10100          150     
                                              
      Output Delay:-    3000                  
       Uncertainty:-      50                  
     Required Time:=    7050                  
      Launch Clock:-     150                  
         Data Path:-     201                  
             Slack:=    6699                  

Exceptions/Constraints:
  output_delay             3000            constraint.sdc_line_62_447_1   

#-----------------------------------------------------------------------------------------------------------------
#       Timing Point         Flags    Arc    Edge         Cell           Fanout Load Trans Delay Arrival Instance 
#                                                                               (fF)  (ps)  (ps)   (ps)  Location 
#-----------------------------------------------------------------------------------------------------------------
  RF/rf_main_reg[24][17]/CLK -       -       R     (arrival)               6114    -    40     0     150    (-,-) 
  RF/rf_main_reg[24][17]/QN  -       CLK->QN F     DFFHQNx1_ASAP7_75t_L       4  1.6    22    46     196    (-,-) 
  RF/g3645/Y                 -       B2->Y   R     AOI22xp33_ASAP7_75t_L      1  0.6    29    17     214    (-,-) 
  RF/g3388/Y                 -       A->Y    R     AND4x1_ASAP7_75t_L         1  0.5    11    24     238    (-,-) 
  RF/g3340/Y                 -       A->Y    R     AND5x1_ASAP7_75t_L         1  0.5    13    27     265    (-,-) 
  RF/g3306/Y                 -       A->Y    F     NAND5xp2_ASAP7_75t_L       1  0.4    28    14     278    (-,-) 
  RF/g12958/Y                -       B1->Y   F     AO22x1_ASAP7_75t_L         1  0.4     9    24     303    (-,-) 
  g3361/Y                    -       A1->Y   F     AO22x1_ASAP7_75t_L         1 10.0    62    48     351    (-,-) 
  dbg_reg_read_data[17]      -       -       F     (port)                     -    -     -     0     351    (-,-) 
#-----------------------------------------------------------------------------------------------------------------



Path 19: MET (6699 ps) Late External Delay Assertion at pin dbg_reg_read_data[18]
           View: tt
          Group: C2O
     Startpoint: (R) RF/rf_main_reg[24][18]/CLK
          Clock: (R) CLK
       Endpoint: (F) dbg_reg_read_data[18]
          Clock: (R) CLK

                     Capture       Launch     
        Clock Edge:+   10000            0     
       Src Latency:+     100          150     
       Net Latency:+       0 (I)        0 (I) 
           Arrival:=   10100          150     
                                              
      Output Delay:-    3000                  
       Uncertainty:-      50                  
     Required Time:=    7050                  
      Launch Clock:-     150                  
         Data Path:-     201                  
             Slack:=    6699                  

Exceptions/Constraints:
  output_delay             3000            constraint.sdc_line_62_446_1   

#-----------------------------------------------------------------------------------------------------------------
#       Timing Point         Flags    Arc    Edge         Cell           Fanout Load Trans Delay Arrival Instance 
#                                                                               (fF)  (ps)  (ps)   (ps)  Location 
#-----------------------------------------------------------------------------------------------------------------
  RF/rf_main_reg[24][18]/CLK -       -       R     (arrival)               6114    -    40     0     150    (-,-) 
  RF/rf_main_reg[24][18]/QN  -       CLK->QN F     DFFHQNx1_ASAP7_75t_L       4  1.6    22    46     196    (-,-) 
  RF/g3585/Y                 -       B2->Y   R     AOI22xp33_ASAP7_75t_L      1  0.6    29    17     214    (-,-) 
  RF/g3382/Y                 -       A->Y    R     AND4x1_ASAP7_75t_L         1  0.5    11    24     238    (-,-) 
  RF/g3339/Y                 -       A->Y    R     AND5x1_ASAP7_75t_L         1  0.5    13    27     265    (-,-) 
  RF/g3304/Y                 -       A->Y    F     NAND5xp2_ASAP7_75t_L       1  0.4    28    14     278    (-,-) 
  RF/g12957/Y                -       B1->Y   F     AO22x1_ASAP7_75t_L         1  0.4     9    24     303    (-,-) 
  g3359/Y                    -       A1->Y   F     AO22x1_ASAP7_75t_L         1 10.0    62    48     351    (-,-) 
  dbg_reg_read_data[18]      -       -       F     (port)                     -    -     -     0     351    (-,-) 
#-----------------------------------------------------------------------------------------------------------------



Path 20: MET (6699 ps) Late External Delay Assertion at pin dbg_reg_read_data[19]
           View: tt
          Group: C2O
     Startpoint: (R) RF/rf_main_reg[24][19]/CLK
          Clock: (R) CLK
       Endpoint: (F) dbg_reg_read_data[19]
          Clock: (R) CLK

                     Capture       Launch     
        Clock Edge:+   10000            0     
       Src Latency:+     100          150     
       Net Latency:+       0 (I)        0 (I) 
           Arrival:=   10100          150     
                                              
      Output Delay:-    3000                  
       Uncertainty:-      50                  
     Required Time:=    7050                  
      Launch Clock:-     150                  
         Data Path:-     201                  
             Slack:=    6699                  

Exceptions/Constraints:
  output_delay             3000            constraint.sdc_line_62_445_1   

#-----------------------------------------------------------------------------------------------------------------
#       Timing Point         Flags    Arc    Edge         Cell           Fanout Load Trans Delay Arrival Instance 
#                                                                               (fF)  (ps)  (ps)   (ps)  Location 
#-----------------------------------------------------------------------------------------------------------------
  RF/rf_main_reg[24][19]/CLK -       -       R     (arrival)               6114    -    40     0     150    (-,-) 
  RF/rf_main_reg[24][19]/QN  -       CLK->QN F     DFFHQNx1_ASAP7_75t_L       4  1.6    22    46     196    (-,-) 
  RF/g3522/Y                 -       B2->Y   R     AOI22xp33_ASAP7_75t_L      1  0.6    29    17     214    (-,-) 
  RF/g3372/Y                 -       A->Y    R     AND4x1_ASAP7_75t_L         1  0.5    11    24     238    (-,-) 
  RF/g3334/Y                 -       A->Y    R     AND5x1_ASAP7_75t_L         1  0.5    13    27     265    (-,-) 
  RF/g3300/Y                 -       A->Y    F     NAND5xp2_ASAP7_75t_L       1  0.4    28    14     278    (-,-) 
  RF/g12954/Y                -       B1->Y   F     AO22x1_ASAP7_75t_L         1  0.4     9    24     303    (-,-) 
  g3340/Y                    -       A1->Y   F     AO22x1_ASAP7_75t_L         1 10.0    62    48     351    (-,-) 
  dbg_reg_read_data[19]      -       -       F     (port)                     -    -     -     0     351    (-,-) 
#-----------------------------------------------------------------------------------------------------------------


