**INFO: Starting Blocking QThread with 12 CPU
   ____________________________________________________________________
__/ message from Blocking QThread
Multi-CPU acceleration using 12 CPU(s).
*** QThread MetricCollect [begin] (IncrReplace #1 / place_opt_design #2) : mem = 0.6M
Multithreaded Timing Analysis is initialized with 12 threads

###############################################################
#  Generated by:      Cadence Innovus 23.14-s088_1
#  OS:                Linux x86_64(Host ID user1-EliteMini)
#  Generated on:      Fri Aug  7 18:24:08 2026
#  Design:            axi_ram
#  Command:           optDesign -prefix preCTS -preCTS
###############################################################

REPORT ANALYSIS SUMMARY (View:tt) (EL:Setup)
=========================================================================================================================================================================================================

GroupType:*
=========================================================================================================================================================================================================

         All                             IN2REG                          IN2OUT                           REG2REG                              REG2OUT
    -----------------------------------------------------------------------------------------------------------------------------------------------------------------------------------------------------  
     WNS:TNS:#VIO                     WNS:TNS:#VIO                     WNS:TNS:#VIO                     WNS:TNS:#VIO                     WNS:TNS:#VIO                     FromClk->ToClk                   
    -----------------------------------------------------------------------------------------------------------------------------------------------------------------------------------------------------  
    -0.252:-6.350:142                0.000:0.000:0                    0.000:0.000:0                    -0.252:-6.350:142                0.000:0.000:0                    *->*
    -----------------------------------------------------------------------------------------------------------------------------------------------------------------------------------------------------
Ending "set_metric_timing_analysis_summary" (total cpu=0:00:00.2, real=0:00:00.0, peak res=5492.4M, current mem=3907.5M)
Ending "get_summary_setup_timing" (total cpu=0:00:00.4, real=0:00:00.0, peak res=5492.4M, current mem=3908.6M)
*** QThread MetricCollect [finish] (IncrReplace #1 / place_opt_design #2) : cpu/real = 0:00:00.4/0:00:00.5 (0.9), mem = 88.7M
_______________________________________________________________________
