**INFO: Starting Blocking QThread with 12 CPU
   ____________________________________________________________________
__/ message from Blocking QThread
Multi-CPU acceleration using 12 CPU(s).
*** QThread MetricCollect [begin] (IncrReplace #1 / place_opt_design #2) : mem = 0.3M
Multithreaded Timing Analysis is initialized with 12 threads

###############################################################
#  Generated by:      Cadence Innovus 23.14-s088_1
#  OS:                Linux x86_64(Host ID user1-EliteMini)
#  Generated on:      Mon Aug 10 02:25:03 2026
#  Design:            axi_ram
#  Command:           optDesign -prefix preCTS -preCTS
###############################################################

REPORT ANALYSIS SUMMARY (View:tt) (EL:Setup)
=========================================================================================================================================================================================================

GroupType:*
=========================================================================================================================================================================================================

         All                             IN2REG                          IN2OUT                           REG2REG                              REG2OUT
    -----------------------------------------------------------------------------------------------------------------------------------------------------------------------------------------------------  
     WNS:TNS:#VIO                     WNS:TNS:#VIO                     WNS:TNS:#VIO                     WNS:TNS:#VIO                     WNS:TNS:#VIO                     FromClk->ToClk                   
    -----------------------------------------------------------------------------------------------------------------------------------------------------------------------------------------------------  
    -0.201:-8.665:194                0.000:0.000:0                    0.000:0.000:0                    -0.201:-8.665:194                0.000:0.000:0                    *->*
    -----------------------------------------------------------------------------------------------------------------------------------------------------------------------------------------------------
Ending "set_metric_timing_analysis_summary" (total cpu=0:00:00.2, real=0:00:00.0, peak res=5278.5M, current mem=4052.1M)
Ending "get_summary_setup_timing" (total cpu=0:00:00.4, real=0:00:01.0, peak res=5278.5M, current mem=4053.2M)
*** QThread MetricCollect [finish] (IncrReplace #1 / place_opt_design #2) : cpu/real = 0:00:00.4/0:00:00.4 (1.0), mem = 88.4M
_______________________________________________________________________
