 ------------------------------------------------------------------------------------------------------------------------------------------------------------------- 
| Snapshot                | WNS                  | TNS                  | Density (%) | Hotspot                   | Resource               | DRVs       | Layer-OPT |
|                         | HEPG (ns) | ALL (ns) | HEPG (ns) | ALL (ns) |             | Max (bins) | Total (bins) | Real (s) | Memory (MB) | Tran | Cap | M4  | M6  |
|-------------------------+-----------+----------+-----------+----------+-------------+------------+--------------+----------+-------------+------+-----+-----+-----|
| initial_summary         |           |   -0.996 |           |     -246 |        1.74 |            |              | 0:00:02  |        6896 |  261 |  59 |     |     |
| simplify_netlist        |           |          |           |          |             |            |              | 0:00:01  |        7031 |      |     |     |     |
| drv_fixing              |           |          |           |          |             |            |              | 0:00:01  |        7031 |      |     |     |     |
| drv_fixing_2            |     0.000 |   -0.127 |         0 |       -4 |        2.03 |            |              | 0:00:02  |        7216 |   10 |   0 | 132 |  26 |
| global_opt              |           |    0.001 |           |        0 |        1.99 |            |              | 0:00:01  |        7293 |      |     | 155 |  26 |
| area_reclaiming         |     0.000 |    0.001 |         0 |        0 |        1.94 |            |              | 0:00:01  |        7312 |      |     |  31 |  25 |
| incremental_replacement |           |   -0.040 |           |       -1 |             |       0.00 |         0.00 | 0:00:27  |        7474 |      |     |     |     |
| drv_fixing_3            |     0.000 |   -0.040 |         0 |       -1 |        1.99 |            |              | 0:00:01  |        7608 |    0 |   0 |  56 |  23 |
| tns_fixing              |     0.000 |   -0.040 |         0 |       -1 |        1.99 |            |              | 0:00:01  |        7800 |      |     |  56 |  23 |
| wns_fixing              |     0.000 |    0.007 |         0 |        0 |        1.99 |            |              | 0:00:02  |        7832 |      |     |  56 |  24 |
| area_reclaiming_2       |     0.000 |    0.007 |         0 |        0 |        1.95 |            |              | 0:00:01  |        7656 |      |     |  71 |  23 |
| area_reclaiming_3       |     0.000 |    0.007 |         0 |        0 |        1.94 |            |              | 0:00:01  |        7656 |      |     |  29 |  23 |
| drv_eco_fixing          |     0.000 |    0.007 |         0 |        0 |        1.94 |            |              | 0:00:01  |        7656 |    0 |   0 |  32 |  23 |
| final_summary           |           |    0.008 |           |        0 |        1.94 |            |              | 0:00:01  |        7480 |    0 |   0 |     |     |
 ------------------------------------------------------------------------------------------------------------------------------------------------------------------- 
