============================================================
  Generated by:           Genus(TM) Synthesis Solution 23.14-s090_1
  Generated on:           Sep 25 2026  02:08:13 am
  Module:                 top_soc
  Operating conditions:   PVT_0P63V_100C 
  Operating conditions:   PVT_0P7V_25C 
  Interconnect mode:      global
  Area mode:              physical library
============================================================

Mode view_ss:
Max_transition design rule (violation total = 8823)
Pin                                                                                    Slew           Max     Violation
-------------------------------------------------------------------------------------------------------------------------
u_core/g177219/A                                                                        436           150           286
  --> Other violations on net                                                                   4290
u_core/PMP_addr_q_reg[1][0]/D                                                           436           150           286
  --> Other violations on net                                                                   4290
u_core/PMP_addr_q_reg[6][0]/D                                                           436           150           286
  --> Other violations on net                                                                   4290
u_core/PMP_addr_q_reg[7][0]/D                                                           436           150           286
  --> Other violations on net                                                                   4290
u_core/PMP_addr_q_reg[5][0]/D                                                           436           150           286
  --> Other violations on net                                                                   4290
u_core/PMP_addr_q_reg[2][0]/D                                                           436           150           286
  --> Other violations on net                                                                   4290
u_core/PMP_addr_q_reg[0][0]/D                                                           436           150           286
  --> Other violations on net                                                                   4290
u_core/PMP_addr_q_reg[3][0]/D                                                           436           150           286
  --> Other violations on net                                                                   4290
u_core/PMP_addr_q_reg[4][0]/D                                                           436           150           286
  --> Other violations on net                                                                   4290
u_core/PMP_cfg_q_reg[4][0]/D                                                            436           150           286
  --> Other violations on net                                                                   4290
u_core/CSR_RF_dscratch0_reg[0]/D                                                        436           150           286
  --> Other violations on net                                                                   4290
u_core/CSR_RF_mscratch_reg[0]/D                                                         436           150           286
  --> Other violations on net                                                                   4290
u_core/CSR_RF_mintthresh_reg[0]/D                                                       436           150           286
  --> Other violations on net                                                                   4290
u_core/CSR_RF_mtvec_reg[0]/D                                                            436           150           286
  --> Other violations on net                                                                   4290
u_core/PMP_cfg_q_reg[0][0]/D                                                            436           150           286
  --> Other violations on net                                                                   4290
u_core/g177762/Y                                                                        436           150           286
  --> Other violations on net                                                                   4290
u_core/g218114/B                                                                        198           150            48
  --> Other violations on net                                                                   868
u_core/g218108/B                                                                        198           150            48
  --> Other violations on net                                                                   868
u_core/g218106/B                                                                        198           150            48
  --> Other violations on net                                                                   868
u_core/g218133/B                                                                        198           150            48
  --> Other violations on net                                                                   868
u_core/g218085/B                                                                        198           150            48
  --> Other violations on net                                                                   868
u_core/g218075/B                                                                        198           150            48
  --> Other violations on net                                                                   868
u_core/g218113/B                                                                        198           150            48
  --> Other violations on net                                                                   868
u_core/g218115/B                                                                        198           150            48
  --> Other violations on net                                                                   868
u_core/g218119/B                                                                        198           150            48
  --> Other violations on net                                                                   868
u_core/g218103/B                                                                        198           150            48
  --> Other violations on net                                                                   868
u_core/g218110/B                                                                        198           150            48
  --> Other violations on net                                                                   868
u_core/g218107/B                                                                        198           150            48
  --> Other violations on net                                                                   868
u_core/g218104/B                                                                        198           150            48
  --> Other violations on net                                                                   868
u_core/g218730/A                                                                        198           150            48
  --> Other violations on net                                                                   868
u_core/g218101/B                                                                        198           150            48
  --> Other violations on net                                                                   868
u_core/g218105/B                                                                        198           150            48
  --> Other violations on net                                                                   868
u_core/g218754/A                                                                        198           150            48
  --> Other violations on net                                                                   868
u_core/g218077/B                                                                        198           150            48
  --> Other violations on net                                                                   868
u_core/g218731/Y                                                                        198           150            48
  --> Other violations on net                                                                   868
u_icache/g83520/A1                                                                      211           150            61
  --> Other violations on net                                                                   853
u_icache/g83507/A1                                                                      211           150            61
  --> Other violations on net                                                                   853
u_icache/g83491/A1                                                                      211           150            61
  --> Other violations on net                                                                   853
u_icache/g83508/A1                                                                      211           150            61
  --> Other violations on net                                                                   853
u_icache/g83492/A1                                                                      211           150            61
  --> Other violations on net                                                                   853
u_icache/g83516/A1                                                                      211           150            61
  --> Other violations on net                                                                   853
u_icache/g83518/A1                                                                      211           150            61
  --> Other violations on net                                                                   853
u_icache/g83502/A1                                                                      211           150            61
  --> Other violations on net                                                                   853
u_icache/g83500/A1                                                                      211           150            61
  --> Other violations on net                                                                   853
u_icache/g83517/A1                                                                      211           150            61
  --> Other violations on net                                                                   853
u_icache/g83501/A1                                                                      211           150            61
  --> Other violations on net                                                                   853
u_icache/g83512/A1                                                                      211           150            61
  --> Other violations on net                                                                   853
u_icache/g83504/A1                                                                      211           150            61
  --> Other violations on net                                                                   853
u_icache/g83496/A1                                                                      211           150            61
  --> Other violations on net                                                                   853
u_icache/g83533/Y                                                                       211           150            61
  --> Other violations on net                                                                   853
u_core/PMP_dc_q_reg[6][3]/D                                                             242           150            92
  --> Other violations on net                                                                   734
u_core/PMP_dc_q_reg[1][3]/D                                                             242           150            92
  --> Other violations on net                                                                   734
u_core/PMP_dc_q_reg[3][3]/D                                                             242           150            92
  --> Other violations on net                                                                   734
u_core/PMP_dc_q_reg[5][3]/D                                                             242           150            92
  --> Other violations on net                                                                   734
u_core/PMP_dc_q_reg[4][3]/D                                                             242           150            92
  --> Other violations on net                                                                   734
u_core/PMP_dc_q_reg[2][3]/D                                                             242           150            92
  --> Other violations on net                                                                   734
u_core/PMP_dc_q_reg[7][3]/D                                                             242           150            92
  --> Other violations on net                                                                   734
u_core/PMP_dc_q_reg[0][3]/D                                                             242           150            92
  --> Other violations on net                                                                   734
u_core/g168182/Y                                                                        242           150            92
  --> Other violations on net                                                                   734
u_core/PMP_dc_q_reg[2][4]/D                                                             242           150            92
  --> Other violations on net                                                                   734
u_core/PMP_dc_q_reg[3][4]/D                                                             242           150            92
  --> Other violations on net                                                                   734
u_core/PMP_dc_q_reg[5][4]/D                                                             242           150            92
  --> Other violations on net                                                                   734
u_core/PMP_dc_q_reg[4][4]/D                                                             242           150            92
  --> Other violations on net                                                                   734
u_core/PMP_dc_q_reg[1][4]/D                                                             242           150            92
  --> Other violations on net                                                                   734
u_core/PMP_dc_q_reg[0][4]/D                                                             242           150            92
  --> Other violations on net                                                                   734
u_core/PMP_dc_q_reg[7][4]/D                                                             242           150            92
  --> Other violations on net                                                                   734
u_core/PMP_dc_q_reg[6][4]/D                                                             242           150            92
  --> Other violations on net                                                                   734
u_core/g168088/Y                                                                        242           150            92
  --> Other violations on net                                                                   734
u_core/g193333/A1                                                                       196           150            46
  --> Other violations on net                                                                   603
u_core/g193334/A1                                                                       196           150            46
  --> Other violations on net                                                                   603
u_core/g193335/A1                                                                       196           150            46
  --> Other violations on net                                                                   603
u_core/g193336/A1                                                                       196           150            46
  --> Other violations on net                                                                   603
u_core/g194252/A                                                                        196           150            46
  --> Other violations on net                                                                   603
u_core/g193330/A1                                                                       196           150            46
  --> Other violations on net                                                                   603
u_core/g193331/A1                                                                       196           150            46
  --> Other violations on net                                                                   603
u_core/g193332/A1                                                                       196           150            46
  --> Other violations on net                                                                   603
u_core/g193328/A1                                                                       196           150            46
  --> Other violations on net                                                                   603
u_core/g193329/A1                                                                       196           150            46
  --> Other violations on net                                                                   603
u_core/g193327/A1                                                                       196           150            46
  --> Other violations on net                                                                   603
u_core/g193322/A1                                                                       196           150            46
  --> Other violations on net                                                                   603
u_core/g193323/A1                                                                       196           150            46
  --> Other violations on net                                                                   603
u_core/g194258/Y                                                                        196           150            46
  --> Other violations on net                                                                   603
u_axi_rom/g3724/A2                                                                      153           150             3
  --> Other violations on net                                                                   36
u_axi_rom/g3734/B                                                                       153           150             3
  --> Other violations on net                                                                   36
u_axi_rom/g3735/B1                                                                      153           150             3
  --> Other violations on net                                                                   36
u_axi_rom/g3736/B1                                                                      153           150             3
  --> Other violations on net                                                                   36
u_axi_rom/g3737/B1                                                                      153           150             3
  --> Other violations on net                                                                   36
u_axi_rom/g3741/B1                                                                      153           150             3
  --> Other violations on net                                                                   36
u_axi_rom/g3742/A3                                                                      153           150             3
  --> Other violations on net                                                                   36
u_axi_rom/g3743/A3                                                                      153           150             3
  --> Other violations on net                                                                   36
u_axi_rom/g3744/B1                                                                      153           150             3
  --> Other violations on net                                                                   36
u_axi_rom/g3745/B1                                                                      153           150             3
  --> Other violations on net                                                                   36
u_axi_rom/g3746/B                                                                       153           150             3
  --> Other violations on net                                                                   36
u_axi_rom/g3747/Y                                                                       153           150             3
  --> Other violations on net                                                                   36
u_core/g175513/B                                                                        155           150             5
  --> Other violations on net                                                                   16
u_core/g175515/B                                                                        155           150             5
  --> Other violations on net                                                                   16
u_core/g176592/A                                                                        155           150             5
  --> Other violations on net                                                                   16
u_core/g177219/Y                                                                        155           150             5
  --> Other violations on net                                                                   16
u_core/g214392/B                                                                        153           150             3
  --> Other violations on net                                                                   14
u_core/g214208/A2                                                                       153           150             3
  --> Other violations on net                                                                   14
u_core/g214127/B1                                                                       153           150             3
  --> Other violations on net                                                                   14
u_core/g214128/C                                                                        153           150             3
  --> Other violations on net                                                                   14
u_core/g215366/A                                                                        153           150             3
  --> Other violations on net                                                                   14
u_core/g215556/Y                                                                        153           150             3
  --> Other violations on net                                                                   14
u_axi_interconnect/g275762/B2                                                           151           150             1
  --> Other violations on net                                                                   14
u_axi_interconnect/g275019/B2                                                           151           150             1
  --> Other violations on net                                                                   14
u_axi_interconnect/g275014/B2                                                           151           150             1
  --> Other violations on net                                                                   14
u_axi_interconnect/g275007/B2                                                           151           150             1
  --> Other violations on net                                                                   14
u_axi_interconnect/g275002/B2                                                           151           150             1
  --> Other violations on net                                                                   14
u_axi_interconnect/g274994/B2                                                           151           150             1
  --> Other violations on net                                                                   14
u_axi_interconnect/g274988/B2                                                           151           150             1
  --> Other violations on net                                                                   14
u_axi_interconnect/g274982/B2                                                           151           150             1
  --> Other violations on net                                                                   14
u_axi_interconnect/g274398/B2                                                           151           150             1
  --> Other violations on net                                                                   14
u_axi_interconnect/g273877/B1                                                           151           150             1
  --> Other violations on net                                                                   14
u_axi_interconnect/g274393/B2                                                           151           150             1
  --> Other violations on net                                                                   14
u_axi_interconnect/g287903/Y                                                            151           150             1
  --> Other violations on net                                                                   14
u_axi_interconnect/g275762/A2                                                           151           150             1
  --> Other violations on net                                                                   13
u_axi_interconnect/g275019/A2                                                           151           150             1
  --> Other violations on net                                                                   13
u_axi_interconnect/g275014/A2                                                           151           150             1
  --> Other violations on net                                                                   13
u_axi_interconnect/g275007/A2                                                           151           150             1
  --> Other violations on net                                                                   13
u_axi_interconnect/g275002/A2                                                           151           150             1
  --> Other violations on net                                                                   13
u_axi_interconnect/g274994/A2                                                           151           150             1
  --> Other violations on net                                                                   13
u_axi_interconnect/g274988/A2                                                           151           150             1
  --> Other violations on net                                                                   13
u_axi_interconnect/g274982/A2                                                           151           150             1
  --> Other violations on net                                                                   13
u_axi_interconnect/g274398/A2                                                           151           150             1
  --> Other violations on net                                                                   13
u_axi_interconnect/g273877/A1                                                           151           150             1
  --> Other violations on net                                                                   13
u_axi_interconnect/g274393/A2                                                           151           150             1
  --> Other violations on net                                                                   13
u_axi_interconnect/g287416/Y                                                            151           150             1
  --> Other violations on net                                                                   13
u_axi_apb_dma_u_dma_engine/g136688/A2                                                   151           150             1
  --> Other violations on net                                                                   5
u_axi_apb_dma_u_dma_engine/g136691/A2                                                   151           150             1
  --> Other violations on net                                                                   5
u_axi_apb_dma_u_dma_engine/g136692/A2                                                   151           150             1
  --> Other violations on net                                                                   5
u_axi_apb_dma_u_dma_engine/g136689/A2                                                   151           150             1
  --> Other violations on net                                                                   5
u_axi_apb_dma_u_dma_engine/g136687/A2                                                   151           150             1
  --> Other violations on net                                                                   5
u_axi_apb_dma_u_dma_engine/g139284/Y                                                    151           150             1
  --> Other violations on net                                                                   5
u_axi_interconnect/SA_GEN[5].genblk1.slave_arbitration_R_channel/g15817/B               150           150             0
  --> Other violations on net                                                                   1
u_axi_interconnect/SA_GEN[5].genblk1.slave_arbitration_R_channel/g15756/A1              150           150             0
  --> Other violations on net                                                                   1
u_axi_interconnect/SA_GEN[5].genblk1.slave_arbitration_R_channel/g15712/A2              150           150             0
  --> Other violations on net                                                                   1
u_axi_interconnect/SA_GEN[5].genblk1.slave_arbitration_R_channel/g15715/B               150           150             0
  --> Other violations on net                                                                   1
u_axi_interconnect/SA_GEN[5].genblk1.slave_arbitration_R_channel/g15853/Y               150           150             0
  --> Other violations on net                                                                   1
u_axi_interconnect/g102488/A                                                            150           150             0
  --> Other violations on net                                                                   1
u_axi_interconnect/g102484/A                                                            150           150             0
  --> Other violations on net                                                                   1
u_axi_interconnect/g102481/A                                                            150           150             0
  --> Other violations on net                                                                   1
u_axi_interconnect/g102483/A                                                            150           150             0
  --> Other violations on net                                                                   1
u_axi_interconnect/g269329/A                                                            150           150             0
  --> Other violations on net                                                                   1
u_axi_interconnect/g269330/B                                                            150           150             0
  --> Other violations on net                                                                   1
u_axi_interconnect/g269612/Y                                                            150           150             0
  --> Other violations on net                                                                   1
u_core/g214297/A1                                                                       150           150             0
  --> Other violations on net                                                                   0
u_core/g214386/B                                                                        150           150             0
  --> Other violations on net                                                                   0
u_core/g213739/C                                                                        150           150             0
  --> Other violations on net                                                                   0
u_core/g214000/A1                                                                       150           150             0
  --> Other violations on net                                                                   0
u_core/g214433/A                                                                        150           150             0
  --> Other violations on net                                                                   0
u_core/g214520/Y                                                                        150           150             0
  --> Other violations on net                                                                   0


Max_capacitance design rule: no violations.


Max_fanout design rule (violation total = 111.000)
Pin                                             Fanout           Max     Violation
------------------------------------------------------------------------------------
u_debug_module/g13461/Y                         33.000        20.000        13.000
u_debug_module/g13461/Y                         33.000        20.000        13.000
u_debug_module/g13461/Y                         33.000        20.000        13.000
u_debug_module/g13461/Y                         33.000        20.000        13.000
u_debug_module/g13461/Y                         33.000        20.000        13.000
u_debug_module/g13461/Y                         33.000        20.000        13.000
u_debug_module/g13461/Y                         33.000        20.000        13.000
u_debug_module/g13461/Y                         33.000        20.000        13.000
u_debug_module/g13461/Y                         33.000        20.000        13.000
u_debug_module/g13461/Y                         33.000        20.000        13.000
u_debug_module/g13461/Y                         33.000        20.000        13.000
u_debug_module/g13461/Y                         33.000        20.000        13.000
u_debug_module/g13461/Y                         33.000        20.000        13.000
u_debug_module/g13461/Y                         33.000        20.000        13.000
u_debug_module/g13461/Y                         33.000        20.000        13.000
u_debug_module/g13461/Y                         33.000        20.000        13.000
u_debug_module/g13461/Y                         33.000        20.000        13.000
u_debug_module/g13461/Y                         33.000        20.000        13.000
u_debug_module/g13461/Y                         33.000        20.000        13.000
u_debug_module/g13461/Y                         33.000        20.000        13.000
u_debug_module/g13461/Y                         33.000        20.000        13.000
u_debug_module/g13461/Y                         33.000        20.000        13.000
u_debug_module/g13461/Y                         33.000        20.000        13.000
u_debug_module/g13461/Y                         33.000        20.000        13.000
u_debug_module/g13461/Y                         33.000        20.000        13.000
u_debug_module/g13461/Y                         33.000        20.000        13.000
u_debug_module/g13461/Y                         33.000        20.000        13.000
u_debug_module/g13461/Y                         33.000        20.000        13.000
u_debug_module/g13461/Y                         33.000        20.000        13.000
u_debug_module/g13461/Y                         33.000        20.000        13.000
u_debug_module/g13461/Y                         33.000        20.000        13.000
u_debug_module/g13461/Y                         33.000        20.000        13.000
u_debug_module/g13461/Y                         33.000        20.000        13.000
u_debug_module/g13461/Y                         33.000        20.000        13.000
u_core/g175481/Y                                32.000        20.000        12.000
u_core/g175481/Y                                32.000        20.000        12.000
u_core/g175481/Y                                32.000        20.000        12.000
u_core/g175481/Y                                32.000        20.000        12.000
u_core/g175481/Y                                32.000        20.000        12.000
u_core/g175481/Y                                32.000        20.000        12.000
u_core/g175481/Y                                32.000        20.000        12.000
u_core/g175481/Y                                32.000        20.000        12.000
u_core/g175481/Y                                32.000        20.000        12.000
u_core/g175481/Y                                32.000        20.000        12.000
u_core/g175481/Y                                32.000        20.000        12.000
u_core/g175481/Y                                32.000        20.000        12.000
u_core/g175481/Y                                32.000        20.000        12.000
u_core/g175481/Y                                32.000        20.000        12.000
u_core/g175481/Y                                32.000        20.000        12.000
u_core/g175481/Y                                32.000        20.000        12.000
u_core/g175481/Y                                32.000        20.000        12.000
u_core/g175481/Y                                32.000        20.000        12.000
u_core/g175481/Y                                32.000        20.000        12.000
u_core/g175481/Y                                32.000        20.000        12.000
u_core/g175481/Y                                32.000        20.000        12.000
u_core/g175481/Y                                32.000        20.000        12.000
u_core/g175481/Y                                32.000        20.000        12.000
u_core/g175481/Y                                32.000        20.000        12.000
u_core/g175481/Y                                32.000        20.000        12.000
u_core/g175481/Y                                32.000        20.000        12.000
u_core/g175481/Y                                32.000        20.000        12.000
u_core/g175481/Y                                32.000        20.000        12.000
u_core/g175481/Y                                32.000        20.000        12.000
u_core/g175481/Y                                32.000        20.000        12.000
u_core/g175481/Y                                32.000        20.000        12.000
u_core/g175481/Y                                32.000        20.000        12.000
u_core/g175481/Y                                32.000        20.000        12.000
u_core/g175069/Y                                32.000        20.000        12.000
u_core/g175069/Y                                32.000        20.000        12.000
u_core/g175069/Y                                32.000        20.000        12.000
u_core/g175069/Y                                32.000        20.000        12.000
u_core/g175069/Y                                32.000        20.000        12.000
u_core/g175069/Y                                32.000        20.000        12.000
u_core/g175069/Y                                32.000        20.000        12.000
u_core/g175069/Y                                32.000        20.000        12.000
u_core/g175069/Y                                32.000        20.000        12.000
u_core/g175069/Y                                32.000        20.000        12.000
u_core/g175069/Y                                32.000        20.000        12.000
u_core/g175069/Y                                32.000        20.000        12.000
u_core/g175069/Y                                32.000        20.000        12.000
u_core/g175069/Y                                32.000        20.000        12.000
u_core/g175069/Y                                32.000        20.000        12.000
u_core/g175069/Y                                32.000        20.000        12.000
u_core/g175069/Y                                32.000        20.000        12.000
u_core/g175069/Y                                32.000        20.000        12.000
u_core/g175069/Y                                32.000        20.000        12.000
u_core/g175069/Y                                32.000        20.000        12.000
u_core/g175069/Y                                32.000        20.000        12.000
u_core/g175069/Y                                32.000        20.000        12.000
u_core/g175069/Y                                32.000        20.000        12.000
u_core/g175069/Y                                32.000        20.000        12.000
u_core/g175069/Y                                32.000        20.000        12.000
u_core/g175069/Y                                32.000        20.000        12.000
u_core/g175069/Y                                32.000        20.000        12.000
u_core/g175069/Y                                32.000        20.000        12.000
u_core/g175069/Y                                32.000        20.000        12.000
u_core/g175069/Y                                32.000        20.000        12.000
u_core/g175069/Y                                32.000        20.000        12.000
u_core/g175069/Y                                32.000        20.000        12.000
u_core/g175069/Y                                32.000        20.000        12.000
u_core/g176606/Y                                32.000        20.000        12.000
u_core/g176606/Y                                32.000        20.000        12.000
u_core/g176606/Y                                32.000        20.000        12.000
u_core/g176606/Y                                32.000        20.000        12.000
u_core/g176606/Y                                32.000        20.000        12.000
u_core/g176606/Y                                32.000        20.000        12.000
u_core/g176606/Y                                32.000        20.000        12.000
u_core/g176606/Y                                32.000        20.000        12.000
u_core/g176606/Y                                32.000        20.000        12.000
u_core/g176606/Y                                32.000        20.000        12.000
u_core/g176606/Y                                32.000        20.000        12.000
u_core/g176606/Y                                32.000        20.000        12.000
u_core/g176606/Y                                32.000        20.000        12.000
u_core/g176606/Y                                32.000        20.000        12.000
u_core/g176606/Y                                32.000        20.000        12.000
u_core/g176606/Y                                32.000        20.000        12.000
u_core/g176606/Y                                32.000        20.000        12.000
u_core/g176606/Y                                32.000        20.000        12.000
u_core/g176606/Y                                32.000        20.000        12.000
u_core/g176606/Y                                32.000        20.000        12.000
u_core/g176606/Y                                32.000        20.000        12.000
u_core/g176606/Y                                32.000        20.000        12.000
u_core/g176606/Y                                32.000        20.000        12.000
u_core/g176606/Y                                32.000        20.000        12.000
u_core/g176606/Y                                32.000        20.000        12.000
u_core/g176606/Y                                32.000        20.000        12.000
u_core/g176606/Y                                32.000        20.000        12.000
u_core/g176606/Y                                32.000        20.000        12.000
u_core/g176606/Y                                32.000        20.000        12.000
u_core/g176606/Y                                32.000        20.000        12.000
u_core/g176606/Y                                32.000        20.000        12.000
u_core/g176606/Y                                32.000        20.000        12.000
u_core/g176606/Y                                32.000        20.000        12.000
u_dtcm/u_mem/drc_buf_sp2391/Y                   32.000        20.000        12.000
u_dtcm/u_mem/drc_buf_sp2391/Y                   32.000        20.000        12.000
u_dtcm/u_mem/drc_buf_sp2391/Y                   32.000        20.000        12.000
u_dtcm/u_mem/drc_buf_sp2391/Y                   32.000        20.000        12.000
u_dtcm/u_mem/drc_buf_sp2391/Y                   32.000        20.000        12.000
u_dtcm/u_mem/drc_buf_sp2391/Y                   32.000        20.000        12.000
u_dtcm/u_mem/drc_buf_sp2391/Y                   32.000        20.000        12.000
u_dtcm/u_mem/drc_buf_sp2391/Y                   32.000        20.000        12.000
u_dtcm/u_mem/drc_buf_sp2391/Y                   32.000        20.000        12.000
u_dtcm/u_mem/drc_buf_sp2391/Y                   32.000        20.000        12.000
u_dtcm/u_mem/drc_buf_sp2391/Y                   32.000        20.000        12.000
u_dtcm/u_mem/drc_buf_sp2391/Y                   32.000        20.000        12.000
u_dtcm/u_mem/drc_buf_sp2391/Y                   32.000        20.000        12.000
u_dtcm/u_mem/drc_buf_sp2391/Y                   32.000        20.000        12.000
u_dtcm/u_mem/drc_buf_sp2391/Y                   32.000        20.000        12.000
u_dtcm/u_mem/drc_buf_sp2391/Y                   32.000        20.000        12.000
u_dtcm/u_mem/drc_buf_sp2391/Y                   32.000        20.000        12.000
u_dtcm/u_mem/drc_buf_sp2391/Y                   32.000        20.000        12.000
u_dtcm/u_mem/drc_buf_sp2391/Y                   32.000        20.000        12.000
u_dtcm/u_mem/drc_buf_sp2391/Y                   32.000        20.000        12.000
u_dtcm/u_mem/drc_buf_sp2391/Y                   32.000        20.000        12.000
u_dtcm/u_mem/drc_buf_sp2391/Y                   32.000        20.000        12.000
u_dtcm/u_mem/drc_buf_sp2391/Y                   32.000        20.000        12.000
u_dtcm/u_mem/drc_buf_sp2391/Y                   32.000        20.000        12.000
u_dtcm/u_mem/drc_buf_sp2391/Y                   32.000        20.000        12.000
u_dtcm/u_mem/drc_buf_sp2391/Y                   32.000        20.000        12.000
u_dtcm/u_mem/drc_buf_sp2391/Y                   32.000        20.000        12.000
u_dtcm/u_mem/drc_buf_sp2391/Y                   32.000        20.000        12.000
u_dtcm/u_mem/drc_buf_sp2391/Y                   32.000        20.000        12.000
u_dtcm/u_mem/drc_buf_sp2391/Y                   32.000        20.000        12.000
u_dtcm/u_mem/drc_buf_sp2391/Y                   32.000        20.000        12.000
u_dtcm/u_mem/drc_buf_sp2391/Y                   32.000        20.000        12.000
u_dtcm/u_mem/drc_buf_sp2391/Y                   32.000        20.000        12.000
u_axi_interconnect/drc_buf_sp294347/Y           32.000        20.000        12.000
u_axi_interconnect/drc_buf_sp294347/Y           32.000        20.000        12.000
u_axi_interconnect/drc_buf_sp294347/Y           32.000        20.000        12.000
u_axi_interconnect/drc_buf_sp294347/Y           32.000        20.000        12.000
u_axi_interconnect/drc_buf_sp294347/Y           32.000        20.000        12.000
u_axi_interconnect/drc_buf_sp294347/Y           32.000        20.000        12.000
u_axi_interconnect/drc_buf_sp294347/Y           32.000        20.000        12.000
u_axi_interconnect/drc_buf_sp294347/Y           32.000        20.000        12.000
u_axi_interconnect/drc_buf_sp294347/Y           32.000        20.000        12.000
u_axi_interconnect/drc_buf_sp294347/Y           32.000        20.000        12.000
u_axi_interconnect/drc_buf_sp294347/Y           32.000        20.000        12.000
u_axi_interconnect/drc_buf_sp294347/Y           32.000        20.000        12.000
u_axi_interconnect/drc_buf_sp294347/Y           32.000        20.000        12.000
u_axi_interconnect/drc_buf_sp294347/Y           32.000        20.000        12.000
u_axi_interconnect/drc_buf_sp294347/Y           32.000        20.000        12.000
u_axi_interconnect/drc_buf_sp294347/Y           32.000        20.000        12.000
u_axi_interconnect/drc_buf_sp294347/Y           32.000        20.000        12.000
u_axi_interconnect/drc_buf_sp294347/Y           32.000        20.000        12.000
u_axi_interconnect/drc_buf_sp294347/Y           32.000        20.000        12.000
u_axi_interconnect/drc_buf_sp294347/Y           32.000        20.000        12.000
u_axi_interconnect/drc_buf_sp294347/Y           32.000        20.000        12.000
u_axi_interconnect/drc_buf_sp294347/Y           32.000        20.000        12.000
u_axi_interconnect/drc_buf_sp294347/Y           32.000        20.000        12.000
u_axi_interconnect/drc_buf_sp294347/Y           32.000        20.000        12.000
u_axi_interconnect/drc_buf_sp294347/Y           32.000        20.000        12.000
u_axi_interconnect/drc_buf_sp294347/Y           32.000        20.000        12.000
u_axi_interconnect/drc_buf_sp294347/Y           32.000        20.000        12.000
u_axi_interconnect/drc_buf_sp294347/Y           32.000        20.000        12.000
u_axi_interconnect/drc_buf_sp294347/Y           32.000        20.000        12.000
u_axi_interconnect/drc_buf_sp294347/Y           32.000        20.000        12.000
u_axi_interconnect/drc_buf_sp294347/Y           32.000        20.000        12.000
u_axi_interconnect/drc_buf_sp294347/Y           32.000        20.000        12.000
u_axi_interconnect/drc_buf_sp294347/Y           32.000        20.000        12.000
u_axi_interconnect/drc_buf_sp294122/Y           32.000        20.000        12.000
u_axi_interconnect/drc_buf_sp294122/Y           32.000        20.000        12.000
u_axi_interconnect/drc_buf_sp294122/Y           32.000        20.000        12.000
u_axi_interconnect/drc_buf_sp294122/Y           32.000        20.000        12.000
u_axi_interconnect/drc_buf_sp294122/Y           32.000        20.000        12.000
u_axi_interconnect/drc_buf_sp294122/Y           32.000        20.000        12.000
u_axi_interconnect/drc_buf_sp294122/Y           32.000        20.000        12.000
u_axi_interconnect/drc_buf_sp294122/Y           32.000        20.000        12.000
u_axi_interconnect/drc_buf_sp294122/Y           32.000        20.000        12.000
u_axi_interconnect/drc_buf_sp294122/Y           32.000        20.000        12.000
u_axi_interconnect/drc_buf_sp294122/Y           32.000        20.000        12.000
u_axi_interconnect/drc_buf_sp294122/Y           32.000        20.000        12.000
u_axi_interconnect/drc_buf_sp294122/Y           32.000        20.000        12.000
u_axi_interconnect/drc_buf_sp294122/Y           32.000        20.000        12.000
u_axi_interconnect/drc_buf_sp294122/Y           32.000        20.000        12.000
u_axi_interconnect/drc_buf_sp294122/Y           32.000        20.000        12.000
u_axi_interconnect/drc_buf_sp294122/Y           32.000        20.000        12.000
u_axi_interconnect/drc_buf_sp294122/Y           32.000        20.000        12.000
u_axi_interconnect/drc_buf_sp294122/Y           32.000        20.000        12.000
u_axi_interconnect/drc_buf_sp294122/Y           32.000        20.000        12.000
u_axi_interconnect/drc_buf_sp294122/Y           32.000        20.000        12.000
u_axi_interconnect/drc_buf_sp294122/Y           32.000        20.000        12.000
u_axi_interconnect/drc_buf_sp294122/Y           32.000        20.000        12.000
u_axi_interconnect/drc_buf_sp294122/Y           32.000        20.000        12.000
u_axi_interconnect/drc_buf_sp294122/Y           32.000        20.000        12.000
u_axi_interconnect/drc_buf_sp294122/Y           32.000        20.000        12.000
u_axi_interconnect/drc_buf_sp294122/Y           32.000        20.000        12.000
u_axi_interconnect/drc_buf_sp294122/Y           32.000        20.000        12.000
u_axi_interconnect/drc_buf_sp294122/Y           32.000        20.000        12.000
u_axi_interconnect/drc_buf_sp294122/Y           32.000        20.000        12.000
u_axi_interconnect/drc_buf_sp294122/Y           32.000        20.000        12.000
u_axi_interconnect/drc_buf_sp294122/Y           32.000        20.000        12.000
u_axi_interconnect/drc_buf_sp294122/Y           32.000        20.000        12.000
u_core/g177792/Y                                30.000        20.000        10.000
u_core/g177792/Y                                30.000        20.000        10.000
u_core/g177792/Y                                30.000        20.000        10.000
u_core/g177792/Y                                30.000        20.000        10.000
u_core/g177792/Y                                30.000        20.000        10.000
u_core/g177792/Y                                30.000        20.000        10.000
u_core/g177792/Y                                30.000        20.000        10.000
u_core/g177792/Y                                30.000        20.000        10.000
u_core/g177792/Y                                30.000        20.000        10.000
u_core/g177792/Y                                30.000        20.000        10.000
u_core/g177792/Y                                30.000        20.000        10.000
u_core/g177792/Y                                30.000        20.000        10.000
u_core/g177792/Y                                30.000        20.000        10.000
u_core/g177792/Y                                30.000        20.000        10.000
u_core/g177792/Y                                30.000        20.000        10.000
u_core/g177792/Y                                30.000        20.000        10.000
u_core/g177792/Y                                30.000        20.000        10.000
u_core/g177792/Y                                30.000        20.000        10.000
u_core/g177792/Y                                30.000        20.000        10.000
u_core/g177792/Y                                30.000        20.000        10.000
u_core/g177792/Y                                30.000        20.000        10.000
u_core/g177792/Y                                30.000        20.000        10.000
u_core/g177792/Y                                30.000        20.000        10.000
u_core/g177792/Y                                30.000        20.000        10.000
u_core/g177792/Y                                30.000        20.000        10.000
u_core/g177792/Y                                30.000        20.000        10.000
u_core/g177792/Y                                30.000        20.000        10.000
u_core/g177792/Y                                30.000        20.000        10.000
u_core/g177792/Y                                30.000        20.000        10.000
u_core/g177792/Y                                30.000        20.000        10.000
u_core/g177792/Y                                30.000        20.000        10.000
u_dtcm/u_mem/drc_buf_sp2416/Y                   28.000        20.000         8.000
u_dtcm/u_mem/drc_buf_sp2416/Y                   28.000        20.000         8.000
u_dtcm/u_mem/drc_buf_sp2416/Y                   28.000        20.000         8.000
u_dtcm/u_mem/drc_buf_sp2416/Y                   28.000        20.000         8.000
u_dtcm/u_mem/drc_buf_sp2416/Y                   28.000        20.000         8.000
u_dtcm/u_mem/drc_buf_sp2416/Y                   28.000        20.000         8.000
u_dtcm/u_mem/drc_buf_sp2416/Y                   28.000        20.000         8.000
u_dtcm/u_mem/drc_buf_sp2416/Y                   28.000        20.000         8.000
u_dtcm/u_mem/drc_buf_sp2416/Y                   28.000        20.000         8.000
u_dtcm/u_mem/drc_buf_sp2416/Y                   28.000        20.000         8.000
u_dtcm/u_mem/drc_buf_sp2416/Y                   28.000        20.000         8.000
u_dtcm/u_mem/drc_buf_sp2416/Y                   28.000        20.000         8.000
u_dtcm/u_mem/drc_buf_sp2416/Y                   28.000        20.000         8.000
u_dtcm/u_mem/drc_buf_sp2416/Y                   28.000        20.000         8.000
u_dtcm/u_mem/drc_buf_sp2416/Y                   28.000        20.000         8.000
u_dtcm/u_mem/drc_buf_sp2416/Y                   28.000        20.000         8.000
u_dtcm/u_mem/drc_buf_sp2416/Y                   28.000        20.000         8.000
u_dtcm/u_mem/drc_buf_sp2416/Y                   28.000        20.000         8.000
u_dtcm/u_mem/drc_buf_sp2416/Y                   28.000        20.000         8.000
u_dtcm/u_mem/drc_buf_sp2416/Y                   28.000        20.000         8.000
u_dtcm/u_mem/drc_buf_sp2416/Y                   28.000        20.000         8.000
u_dtcm/u_mem/drc_buf_sp2416/Y                   28.000        20.000         8.000
u_dtcm/u_mem/drc_buf_sp2416/Y                   28.000        20.000         8.000
u_dtcm/u_mem/drc_buf_sp2416/Y                   28.000        20.000         8.000
u_dtcm/u_mem/drc_buf_sp2416/Y                   28.000        20.000         8.000
u_dtcm/u_mem/drc_buf_sp2416/Y                   28.000        20.000         8.000
u_dtcm/u_mem/drc_buf_sp2416/Y                   28.000        20.000         8.000
u_dtcm/u_mem/drc_buf_sp2416/Y                   28.000        20.000         8.000
u_dtcm/u_mem/drc_buf_sp2416/Y                   28.000        20.000         8.000
u_axi_interconnect/drc_buf_sp292957/Y           27.000        20.000         7.000
u_axi_interconnect/drc_buf_sp292957/Y           27.000        20.000         7.000
u_axi_interconnect/drc_buf_sp292957/Y           27.000        20.000         7.000
u_axi_interconnect/drc_buf_sp292957/Y           27.000        20.000         7.000
u_axi_interconnect/drc_buf_sp292957/Y           27.000        20.000         7.000
u_axi_interconnect/drc_buf_sp292957/Y           27.000        20.000         7.000
u_axi_interconnect/drc_buf_sp292957/Y           27.000        20.000         7.000
u_axi_interconnect/drc_buf_sp292957/Y           27.000        20.000         7.000
u_axi_interconnect/drc_buf_sp292957/Y           27.000        20.000         7.000
u_axi_interconnect/drc_buf_sp292957/Y           27.000        20.000         7.000
u_axi_interconnect/drc_buf_sp292957/Y           27.000        20.000         7.000
u_axi_interconnect/drc_buf_sp292957/Y           27.000        20.000         7.000
u_axi_interconnect/drc_buf_sp292957/Y           27.000        20.000         7.000
u_axi_interconnect/drc_buf_sp292957/Y           27.000        20.000         7.000
u_axi_interconnect/drc_buf_sp292957/Y           27.000        20.000         7.000
u_axi_interconnect/drc_buf_sp292957/Y           27.000        20.000         7.000
u_axi_interconnect/drc_buf_sp292957/Y           27.000        20.000         7.000
u_axi_interconnect/drc_buf_sp292957/Y           27.000        20.000         7.000
u_axi_interconnect/drc_buf_sp292957/Y           27.000        20.000         7.000
u_axi_interconnect/drc_buf_sp292957/Y           27.000        20.000         7.000
u_axi_interconnect/drc_buf_sp292957/Y           27.000        20.000         7.000
u_axi_interconnect/drc_buf_sp292957/Y           27.000        20.000         7.000
u_axi_interconnect/drc_buf_sp292957/Y           27.000        20.000         7.000
u_axi_interconnect/drc_buf_sp292957/Y           27.000        20.000         7.000
u_axi_interconnect/drc_buf_sp292957/Y           27.000        20.000         7.000
u_axi_interconnect/drc_buf_sp292957/Y           27.000        20.000         7.000
u_axi_interconnect/drc_buf_sp292957/Y           27.000        20.000         7.000
u_axi_interconnect/drc_buf_sp292957/Y           27.000        20.000         7.000
u_debug_module/g13488/Y                         21.000        20.000         1.000
u_debug_module/g13488/Y                         21.000        20.000         1.000
u_debug_module/g13488/Y                         21.000        20.000         1.000
u_debug_module/g13488/Y                         21.000        20.000         1.000
u_debug_module/g13488/Y                         21.000        20.000         1.000
u_debug_module/g13488/Y                         21.000        20.000         1.000
u_debug_module/g13488/Y                         21.000        20.000         1.000
u_debug_module/g13488/Y                         21.000        20.000         1.000
u_debug_module/g13488/Y                         21.000        20.000         1.000
u_debug_module/g13488/Y                         21.000        20.000         1.000
u_debug_module/g13488/Y                         21.000        20.000         1.000
u_debug_module/g13488/Y                         21.000        20.000         1.000
u_debug_module/g13488/Y                         21.000        20.000         1.000
u_debug_module/g13488/Y                         21.000        20.000         1.000
u_debug_module/g13488/Y                         21.000        20.000         1.000
u_debug_module/g13488/Y                         21.000        20.000         1.000
u_debug_module/g13488/Y                         21.000        20.000         1.000
u_debug_module/g13488/Y                         21.000        20.000         1.000
u_debug_module/g13488/Y                         21.000        20.000         1.000
u_debug_module/g13488/Y                         21.000        20.000         1.000
u_debug_module/g13488/Y                         21.000        20.000         1.000
u_debug_module/g13488/Y                         21.000        20.000         1.000


Mode view_tt:
Max_transition design rule (violation total = 2821)
Pin                                           Slew           Max     Violation
--------------------------------------------------------------------------------
u_core/g177219/A                               304           150           154
  --> Other violations on net                          2318
u_core/PMP_addr_q_reg[1][0]/D                  304           150           154
  --> Other violations on net                          2318
u_core/PMP_addr_q_reg[6][0]/D                  304           150           154
  --> Other violations on net                          2318
u_core/PMP_addr_q_reg[7][0]/D                  304           150           154
  --> Other violations on net                          2318
u_core/PMP_addr_q_reg[5][0]/D                  304           150           154
  --> Other violations on net                          2318
u_core/PMP_addr_q_reg[2][0]/D                  304           150           154
  --> Other violations on net                          2318
u_core/PMP_addr_q_reg[0][0]/D                  304           150           154
  --> Other violations on net                          2318
u_core/PMP_addr_q_reg[3][0]/D                  304           150           154
  --> Other violations on net                          2318
u_core/PMP_addr_q_reg[4][0]/D                  304           150           154
  --> Other violations on net                          2318
u_core/PMP_cfg_q_reg[4][0]/D                   304           150           154
  --> Other violations on net                          2318
u_core/CSR_RF_dscratch0_reg[0]/D               304           150           154
  --> Other violations on net                          2318
u_core/CSR_RF_mscratch_reg[0]/D                304           150           154
  --> Other violations on net                          2318
u_core/CSR_RF_mintthresh_reg[0]/D              304           150           154
  --> Other violations on net                          2318
u_core/CSR_RF_mtvec_reg[0]/D                   304           150           154
  --> Other violations on net                          2318
u_core/PMP_cfg_q_reg[0][0]/D                   304           150           154
  --> Other violations on net                          2318
u_core/g177762/Y                               304           150           154
  --> Other violations on net                          2318
u_core/PMP_dc_q_reg[2][4]/D                    169           150            19
  --> Other violations on net                          155
u_core/PMP_dc_q_reg[3][4]/D                    169           150            19
  --> Other violations on net                          155
u_core/PMP_dc_q_reg[5][4]/D                    169           150            19
  --> Other violations on net                          155
u_core/PMP_dc_q_reg[4][4]/D                    169           150            19
  --> Other violations on net                          155
u_core/PMP_dc_q_reg[1][4]/D                    169           150            19
  --> Other violations on net                          155
u_core/PMP_dc_q_reg[0][4]/D                    169           150            19
  --> Other violations on net                          155
u_core/PMP_dc_q_reg[7][4]/D                    169           150            19
  --> Other violations on net                          155
u_core/PMP_dc_q_reg[6][4]/D                    169           150            19
  --> Other violations on net                          155
u_core/g168088/Y                               169           150            19
  --> Other violations on net                          155
u_core/PMP_dc_q_reg[6][3]/D                    169           150            19
  --> Other violations on net                          155
u_core/PMP_dc_q_reg[1][3]/D                    169           150            19
  --> Other violations on net                          155
u_core/PMP_dc_q_reg[3][3]/D                    169           150            19
  --> Other violations on net                          155
u_core/PMP_dc_q_reg[5][3]/D                    169           150            19
  --> Other violations on net                          155
u_core/PMP_dc_q_reg[4][3]/D                    169           150            19
  --> Other violations on net                          155
u_core/PMP_dc_q_reg[2][3]/D                    169           150            19
  --> Other violations on net                          155
u_core/PMP_dc_q_reg[7][3]/D                    169           150            19
  --> Other violations on net                          155
u_core/PMP_dc_q_reg[0][3]/D                    169           150            19
  --> Other violations on net                          155
u_core/g168182/Y                               169           150            19
  --> Other violations on net                          155


Max_capacitance design rule: no violations.


Max_fanout design rule (violation total = 111.000)
Pin                                             Fanout           Max     Violation
------------------------------------------------------------------------------------
u_debug_module/g13461/Y                         33.000        20.000        13.000
u_debug_module/g13461/Y                         33.000        20.000        13.000
u_debug_module/g13461/Y                         33.000        20.000        13.000
u_debug_module/g13461/Y                         33.000        20.000        13.000
u_debug_module/g13461/Y                         33.000        20.000        13.000
u_debug_module/g13461/Y                         33.000        20.000        13.000
u_debug_module/g13461/Y                         33.000        20.000        13.000
u_debug_module/g13461/Y                         33.000        20.000        13.000
u_debug_module/g13461/Y                         33.000        20.000        13.000
u_debug_module/g13461/Y                         33.000        20.000        13.000
u_debug_module/g13461/Y                         33.000        20.000        13.000
u_debug_module/g13461/Y                         33.000        20.000        13.000
u_debug_module/g13461/Y                         33.000        20.000        13.000
u_debug_module/g13461/Y                         33.000        20.000        13.000
u_debug_module/g13461/Y                         33.000        20.000        13.000
u_debug_module/g13461/Y                         33.000        20.000        13.000
u_debug_module/g13461/Y                         33.000        20.000        13.000
u_debug_module/g13461/Y                         33.000        20.000        13.000
u_debug_module/g13461/Y                         33.000        20.000        13.000
u_debug_module/g13461/Y                         33.000        20.000        13.000
u_debug_module/g13461/Y                         33.000        20.000        13.000
u_debug_module/g13461/Y                         33.000        20.000        13.000
u_debug_module/g13461/Y                         33.000        20.000        13.000
u_debug_module/g13461/Y                         33.000        20.000        13.000
u_debug_module/g13461/Y                         33.000        20.000        13.000
u_debug_module/g13461/Y                         33.000        20.000        13.000
u_debug_module/g13461/Y                         33.000        20.000        13.000
u_debug_module/g13461/Y                         33.000        20.000        13.000
u_debug_module/g13461/Y                         33.000        20.000        13.000
u_debug_module/g13461/Y                         33.000        20.000        13.000
u_debug_module/g13461/Y                         33.000        20.000        13.000
u_debug_module/g13461/Y                         33.000        20.000        13.000
u_debug_module/g13461/Y                         33.000        20.000        13.000
u_debug_module/g13461/Y                         33.000        20.000        13.000
u_core/g175481/Y                                32.000        20.000        12.000
u_core/g175481/Y                                32.000        20.000        12.000
u_core/g175481/Y                                32.000        20.000        12.000
u_core/g175481/Y                                32.000        20.000        12.000
u_core/g175481/Y                                32.000        20.000        12.000
u_core/g175481/Y                                32.000        20.000        12.000
u_core/g175481/Y                                32.000        20.000        12.000
u_core/g175481/Y                                32.000        20.000        12.000
u_core/g175481/Y                                32.000        20.000        12.000
u_core/g175481/Y                                32.000        20.000        12.000
u_core/g175481/Y                                32.000        20.000        12.000
u_core/g175481/Y                                32.000        20.000        12.000
u_core/g175481/Y                                32.000        20.000        12.000
u_core/g175481/Y                                32.000        20.000        12.000
u_core/g175481/Y                                32.000        20.000        12.000
u_core/g175481/Y                                32.000        20.000        12.000
u_core/g175481/Y                                32.000        20.000        12.000
u_core/g175481/Y                                32.000        20.000        12.000
u_core/g175481/Y                                32.000        20.000        12.000
u_core/g175481/Y                                32.000        20.000        12.000
u_core/g175481/Y                                32.000        20.000        12.000
u_core/g175481/Y                                32.000        20.000        12.000
u_core/g175481/Y                                32.000        20.000        12.000
u_core/g175481/Y                                32.000        20.000        12.000
u_core/g175481/Y                                32.000        20.000        12.000
u_core/g175481/Y                                32.000        20.000        12.000
u_core/g175481/Y                                32.000        20.000        12.000
u_core/g175481/Y                                32.000        20.000        12.000
u_core/g175481/Y                                32.000        20.000        12.000
u_core/g175481/Y                                32.000        20.000        12.000
u_core/g175481/Y                                32.000        20.000        12.000
u_core/g175481/Y                                32.000        20.000        12.000
u_core/g175481/Y                                32.000        20.000        12.000
u_core/g175069/Y                                32.000        20.000        12.000
u_core/g175069/Y                                32.000        20.000        12.000
u_core/g175069/Y                                32.000        20.000        12.000
u_core/g175069/Y                                32.000        20.000        12.000
u_core/g175069/Y                                32.000        20.000        12.000
u_core/g175069/Y                                32.000        20.000        12.000
u_core/g175069/Y                                32.000        20.000        12.000
u_core/g175069/Y                                32.000        20.000        12.000
u_core/g175069/Y                                32.000        20.000        12.000
u_core/g175069/Y                                32.000        20.000        12.000
u_core/g175069/Y                                32.000        20.000        12.000
u_core/g175069/Y                                32.000        20.000        12.000
u_core/g175069/Y                                32.000        20.000        12.000
u_core/g175069/Y                                32.000        20.000        12.000
u_core/g175069/Y                                32.000        20.000        12.000
u_core/g175069/Y                                32.000        20.000        12.000
u_core/g175069/Y                                32.000        20.000        12.000
u_core/g175069/Y                                32.000        20.000        12.000
u_core/g175069/Y                                32.000        20.000        12.000
u_core/g175069/Y                                32.000        20.000        12.000
u_core/g175069/Y                                32.000        20.000        12.000
u_core/g175069/Y                                32.000        20.000        12.000
u_core/g175069/Y                                32.000        20.000        12.000
u_core/g175069/Y                                32.000        20.000        12.000
u_core/g175069/Y                                32.000        20.000        12.000
u_core/g175069/Y                                32.000        20.000        12.000
u_core/g175069/Y                                32.000        20.000        12.000
u_core/g175069/Y                                32.000        20.000        12.000
u_core/g175069/Y                                32.000        20.000        12.000
u_core/g175069/Y                                32.000        20.000        12.000
u_core/g175069/Y                                32.000        20.000        12.000
u_core/g175069/Y                                32.000        20.000        12.000
u_core/g175069/Y                                32.000        20.000        12.000
u_core/g176606/Y                                32.000        20.000        12.000
u_core/g176606/Y                                32.000        20.000        12.000
u_core/g176606/Y                                32.000        20.000        12.000
u_core/g176606/Y                                32.000        20.000        12.000
u_core/g176606/Y                                32.000        20.000        12.000
u_core/g176606/Y                                32.000        20.000        12.000
u_core/g176606/Y                                32.000        20.000        12.000
u_core/g176606/Y                                32.000        20.000        12.000
u_core/g176606/Y                                32.000        20.000        12.000
u_core/g176606/Y                                32.000        20.000        12.000
u_core/g176606/Y                                32.000        20.000        12.000
u_core/g176606/Y                                32.000        20.000        12.000
u_core/g176606/Y                                32.000        20.000        12.000
u_core/g176606/Y                                32.000        20.000        12.000
u_core/g176606/Y                                32.000        20.000        12.000
u_core/g176606/Y                                32.000        20.000        12.000
u_core/g176606/Y                                32.000        20.000        12.000
u_core/g176606/Y                                32.000        20.000        12.000
u_core/g176606/Y                                32.000        20.000        12.000
u_core/g176606/Y                                32.000        20.000        12.000
u_core/g176606/Y                                32.000        20.000        12.000
u_core/g176606/Y                                32.000        20.000        12.000
u_core/g176606/Y                                32.000        20.000        12.000
u_core/g176606/Y                                32.000        20.000        12.000
u_core/g176606/Y                                32.000        20.000        12.000
u_core/g176606/Y                                32.000        20.000        12.000
u_core/g176606/Y                                32.000        20.000        12.000
u_core/g176606/Y                                32.000        20.000        12.000
u_core/g176606/Y                                32.000        20.000        12.000
u_core/g176606/Y                                32.000        20.000        12.000
u_core/g176606/Y                                32.000        20.000        12.000
u_core/g176606/Y                                32.000        20.000        12.000
u_core/g176606/Y                                32.000        20.000        12.000
u_dtcm/u_mem/drc_buf_sp2391/Y                   32.000        20.000        12.000
u_dtcm/u_mem/drc_buf_sp2391/Y                   32.000        20.000        12.000
u_dtcm/u_mem/drc_buf_sp2391/Y                   32.000        20.000        12.000
u_dtcm/u_mem/drc_buf_sp2391/Y                   32.000        20.000        12.000
u_dtcm/u_mem/drc_buf_sp2391/Y                   32.000        20.000        12.000
u_dtcm/u_mem/drc_buf_sp2391/Y                   32.000        20.000        12.000
u_dtcm/u_mem/drc_buf_sp2391/Y                   32.000        20.000        12.000
u_dtcm/u_mem/drc_buf_sp2391/Y                   32.000        20.000        12.000
u_dtcm/u_mem/drc_buf_sp2391/Y                   32.000        20.000        12.000
u_dtcm/u_mem/drc_buf_sp2391/Y                   32.000        20.000        12.000
u_dtcm/u_mem/drc_buf_sp2391/Y                   32.000        20.000        12.000
u_dtcm/u_mem/drc_buf_sp2391/Y                   32.000        20.000        12.000
u_dtcm/u_mem/drc_buf_sp2391/Y                   32.000        20.000        12.000
u_dtcm/u_mem/drc_buf_sp2391/Y                   32.000        20.000        12.000
u_dtcm/u_mem/drc_buf_sp2391/Y                   32.000        20.000        12.000
u_dtcm/u_mem/drc_buf_sp2391/Y                   32.000        20.000        12.000
u_dtcm/u_mem/drc_buf_sp2391/Y                   32.000        20.000        12.000
u_dtcm/u_mem/drc_buf_sp2391/Y                   32.000        20.000        12.000
u_dtcm/u_mem/drc_buf_sp2391/Y                   32.000        20.000        12.000
u_dtcm/u_mem/drc_buf_sp2391/Y                   32.000        20.000        12.000
u_dtcm/u_mem/drc_buf_sp2391/Y                   32.000        20.000        12.000
u_dtcm/u_mem/drc_buf_sp2391/Y                   32.000        20.000        12.000
u_dtcm/u_mem/drc_buf_sp2391/Y                   32.000        20.000        12.000
u_dtcm/u_mem/drc_buf_sp2391/Y                   32.000        20.000        12.000
u_dtcm/u_mem/drc_buf_sp2391/Y                   32.000        20.000        12.000
u_dtcm/u_mem/drc_buf_sp2391/Y                   32.000        20.000        12.000
u_dtcm/u_mem/drc_buf_sp2391/Y                   32.000        20.000        12.000
u_dtcm/u_mem/drc_buf_sp2391/Y                   32.000        20.000        12.000
u_dtcm/u_mem/drc_buf_sp2391/Y                   32.000        20.000        12.000
u_dtcm/u_mem/drc_buf_sp2391/Y                   32.000        20.000        12.000
u_dtcm/u_mem/drc_buf_sp2391/Y                   32.000        20.000        12.000
u_dtcm/u_mem/drc_buf_sp2391/Y                   32.000        20.000        12.000
u_dtcm/u_mem/drc_buf_sp2391/Y                   32.000        20.000        12.000
u_axi_interconnect/drc_buf_sp294347/Y           32.000        20.000        12.000
u_axi_interconnect/drc_buf_sp294347/Y           32.000        20.000        12.000
u_axi_interconnect/drc_buf_sp294347/Y           32.000        20.000        12.000
u_axi_interconnect/drc_buf_sp294347/Y           32.000        20.000        12.000
u_axi_interconnect/drc_buf_sp294347/Y           32.000        20.000        12.000
u_axi_interconnect/drc_buf_sp294347/Y           32.000        20.000        12.000
u_axi_interconnect/drc_buf_sp294347/Y           32.000        20.000        12.000
u_axi_interconnect/drc_buf_sp294347/Y           32.000        20.000        12.000
u_axi_interconnect/drc_buf_sp294347/Y           32.000        20.000        12.000
u_axi_interconnect/drc_buf_sp294347/Y           32.000        20.000        12.000
u_axi_interconnect/drc_buf_sp294347/Y           32.000        20.000        12.000
u_axi_interconnect/drc_buf_sp294347/Y           32.000        20.000        12.000
u_axi_interconnect/drc_buf_sp294347/Y           32.000        20.000        12.000
u_axi_interconnect/drc_buf_sp294347/Y           32.000        20.000        12.000
u_axi_interconnect/drc_buf_sp294347/Y           32.000        20.000        12.000
u_axi_interconnect/drc_buf_sp294347/Y           32.000        20.000        12.000
u_axi_interconnect/drc_buf_sp294347/Y           32.000        20.000        12.000
u_axi_interconnect/drc_buf_sp294347/Y           32.000        20.000        12.000
u_axi_interconnect/drc_buf_sp294347/Y           32.000        20.000        12.000
u_axi_interconnect/drc_buf_sp294347/Y           32.000        20.000        12.000
u_axi_interconnect/drc_buf_sp294347/Y           32.000        20.000        12.000
u_axi_interconnect/drc_buf_sp294347/Y           32.000        20.000        12.000
u_axi_interconnect/drc_buf_sp294347/Y           32.000        20.000        12.000
u_axi_interconnect/drc_buf_sp294347/Y           32.000        20.000        12.000
u_axi_interconnect/drc_buf_sp294347/Y           32.000        20.000        12.000
u_axi_interconnect/drc_buf_sp294347/Y           32.000        20.000        12.000
u_axi_interconnect/drc_buf_sp294347/Y           32.000        20.000        12.000
u_axi_interconnect/drc_buf_sp294347/Y           32.000        20.000        12.000
u_axi_interconnect/drc_buf_sp294347/Y           32.000        20.000        12.000
u_axi_interconnect/drc_buf_sp294347/Y           32.000        20.000        12.000
u_axi_interconnect/drc_buf_sp294347/Y           32.000        20.000        12.000
u_axi_interconnect/drc_buf_sp294347/Y           32.000        20.000        12.000
u_axi_interconnect/drc_buf_sp294347/Y           32.000        20.000        12.000
u_axi_interconnect/drc_buf_sp294122/Y           32.000        20.000        12.000
u_axi_interconnect/drc_buf_sp294122/Y           32.000        20.000        12.000
u_axi_interconnect/drc_buf_sp294122/Y           32.000        20.000        12.000
u_axi_interconnect/drc_buf_sp294122/Y           32.000        20.000        12.000
u_axi_interconnect/drc_buf_sp294122/Y           32.000        20.000        12.000
u_axi_interconnect/drc_buf_sp294122/Y           32.000        20.000        12.000
u_axi_interconnect/drc_buf_sp294122/Y           32.000        20.000        12.000
u_axi_interconnect/drc_buf_sp294122/Y           32.000        20.000        12.000
u_axi_interconnect/drc_buf_sp294122/Y           32.000        20.000        12.000
u_axi_interconnect/drc_buf_sp294122/Y           32.000        20.000        12.000
u_axi_interconnect/drc_buf_sp294122/Y           32.000        20.000        12.000
u_axi_interconnect/drc_buf_sp294122/Y           32.000        20.000        12.000
u_axi_interconnect/drc_buf_sp294122/Y           32.000        20.000        12.000
u_axi_interconnect/drc_buf_sp294122/Y           32.000        20.000        12.000
u_axi_interconnect/drc_buf_sp294122/Y           32.000        20.000        12.000
u_axi_interconnect/drc_buf_sp294122/Y           32.000        20.000        12.000
u_axi_interconnect/drc_buf_sp294122/Y           32.000        20.000        12.000
u_axi_interconnect/drc_buf_sp294122/Y           32.000        20.000        12.000
u_axi_interconnect/drc_buf_sp294122/Y           32.000        20.000        12.000
u_axi_interconnect/drc_buf_sp294122/Y           32.000        20.000        12.000
u_axi_interconnect/drc_buf_sp294122/Y           32.000        20.000        12.000
u_axi_interconnect/drc_buf_sp294122/Y           32.000        20.000        12.000
u_axi_interconnect/drc_buf_sp294122/Y           32.000        20.000        12.000
u_axi_interconnect/drc_buf_sp294122/Y           32.000        20.000        12.000
u_axi_interconnect/drc_buf_sp294122/Y           32.000        20.000        12.000
u_axi_interconnect/drc_buf_sp294122/Y           32.000        20.000        12.000
u_axi_interconnect/drc_buf_sp294122/Y           32.000        20.000        12.000
u_axi_interconnect/drc_buf_sp294122/Y           32.000        20.000        12.000
u_axi_interconnect/drc_buf_sp294122/Y           32.000        20.000        12.000
u_axi_interconnect/drc_buf_sp294122/Y           32.000        20.000        12.000
u_axi_interconnect/drc_buf_sp294122/Y           32.000        20.000        12.000
u_axi_interconnect/drc_buf_sp294122/Y           32.000        20.000        12.000
u_axi_interconnect/drc_buf_sp294122/Y           32.000        20.000        12.000
u_core/g177792/Y                                30.000        20.000        10.000
u_core/g177792/Y                                30.000        20.000        10.000
u_core/g177792/Y                                30.000        20.000        10.000
u_core/g177792/Y                                30.000        20.000        10.000
u_core/g177792/Y                                30.000        20.000        10.000
u_core/g177792/Y                                30.000        20.000        10.000
u_core/g177792/Y                                30.000        20.000        10.000
u_core/g177792/Y                                30.000        20.000        10.000
u_core/g177792/Y                                30.000        20.000        10.000
u_core/g177792/Y                                30.000        20.000        10.000
u_core/g177792/Y                                30.000        20.000        10.000
u_core/g177792/Y                                30.000        20.000        10.000
u_core/g177792/Y                                30.000        20.000        10.000
u_core/g177792/Y                                30.000        20.000        10.000
u_core/g177792/Y                                30.000        20.000        10.000
u_core/g177792/Y                                30.000        20.000        10.000
u_core/g177792/Y                                30.000        20.000        10.000
u_core/g177792/Y                                30.000        20.000        10.000
u_core/g177792/Y                                30.000        20.000        10.000
u_core/g177792/Y                                30.000        20.000        10.000
u_core/g177792/Y                                30.000        20.000        10.000
u_core/g177792/Y                                30.000        20.000        10.000
u_core/g177792/Y                                30.000        20.000        10.000
u_core/g177792/Y                                30.000        20.000        10.000
u_core/g177792/Y                                30.000        20.000        10.000
u_core/g177792/Y                                30.000        20.000        10.000
u_core/g177792/Y                                30.000        20.000        10.000
u_core/g177792/Y                                30.000        20.000        10.000
u_core/g177792/Y                                30.000        20.000        10.000
u_core/g177792/Y                                30.000        20.000        10.000
u_core/g177792/Y                                30.000        20.000        10.000
u_dtcm/u_mem/drc_buf_sp2416/Y                   28.000        20.000         8.000
u_dtcm/u_mem/drc_buf_sp2416/Y                   28.000        20.000         8.000
u_dtcm/u_mem/drc_buf_sp2416/Y                   28.000        20.000         8.000
u_dtcm/u_mem/drc_buf_sp2416/Y                   28.000        20.000         8.000
u_dtcm/u_mem/drc_buf_sp2416/Y                   28.000        20.000         8.000
u_dtcm/u_mem/drc_buf_sp2416/Y                   28.000        20.000         8.000
u_dtcm/u_mem/drc_buf_sp2416/Y                   28.000        20.000         8.000
u_dtcm/u_mem/drc_buf_sp2416/Y                   28.000        20.000         8.000
u_dtcm/u_mem/drc_buf_sp2416/Y                   28.000        20.000         8.000
u_dtcm/u_mem/drc_buf_sp2416/Y                   28.000        20.000         8.000
u_dtcm/u_mem/drc_buf_sp2416/Y                   28.000        20.000         8.000
u_dtcm/u_mem/drc_buf_sp2416/Y                   28.000        20.000         8.000
u_dtcm/u_mem/drc_buf_sp2416/Y                   28.000        20.000         8.000
u_dtcm/u_mem/drc_buf_sp2416/Y                   28.000        20.000         8.000
u_dtcm/u_mem/drc_buf_sp2416/Y                   28.000        20.000         8.000
u_dtcm/u_mem/drc_buf_sp2416/Y                   28.000        20.000         8.000
u_dtcm/u_mem/drc_buf_sp2416/Y                   28.000        20.000         8.000
u_dtcm/u_mem/drc_buf_sp2416/Y                   28.000        20.000         8.000
u_dtcm/u_mem/drc_buf_sp2416/Y                   28.000        20.000         8.000
u_dtcm/u_mem/drc_buf_sp2416/Y                   28.000        20.000         8.000
u_dtcm/u_mem/drc_buf_sp2416/Y                   28.000        20.000         8.000
u_dtcm/u_mem/drc_buf_sp2416/Y                   28.000        20.000         8.000
u_dtcm/u_mem/drc_buf_sp2416/Y                   28.000        20.000         8.000
u_dtcm/u_mem/drc_buf_sp2416/Y                   28.000        20.000         8.000
u_dtcm/u_mem/drc_buf_sp2416/Y                   28.000        20.000         8.000
u_dtcm/u_mem/drc_buf_sp2416/Y                   28.000        20.000         8.000
u_dtcm/u_mem/drc_buf_sp2416/Y                   28.000        20.000         8.000
u_dtcm/u_mem/drc_buf_sp2416/Y                   28.000        20.000         8.000
u_dtcm/u_mem/drc_buf_sp2416/Y                   28.000        20.000         8.000
u_axi_interconnect/drc_buf_sp292957/Y           27.000        20.000         7.000
u_axi_interconnect/drc_buf_sp292957/Y           27.000        20.000         7.000
u_axi_interconnect/drc_buf_sp292957/Y           27.000        20.000         7.000
u_axi_interconnect/drc_buf_sp292957/Y           27.000        20.000         7.000
u_axi_interconnect/drc_buf_sp292957/Y           27.000        20.000         7.000
u_axi_interconnect/drc_buf_sp292957/Y           27.000        20.000         7.000
u_axi_interconnect/drc_buf_sp292957/Y           27.000        20.000         7.000
u_axi_interconnect/drc_buf_sp292957/Y           27.000        20.000         7.000
u_axi_interconnect/drc_buf_sp292957/Y           27.000        20.000         7.000
u_axi_interconnect/drc_buf_sp292957/Y           27.000        20.000         7.000
u_axi_interconnect/drc_buf_sp292957/Y           27.000        20.000         7.000
u_axi_interconnect/drc_buf_sp292957/Y           27.000        20.000         7.000
u_axi_interconnect/drc_buf_sp292957/Y           27.000        20.000         7.000
u_axi_interconnect/drc_buf_sp292957/Y           27.000        20.000         7.000
u_axi_interconnect/drc_buf_sp292957/Y           27.000        20.000         7.000
u_axi_interconnect/drc_buf_sp292957/Y           27.000        20.000         7.000
u_axi_interconnect/drc_buf_sp292957/Y           27.000        20.000         7.000
u_axi_interconnect/drc_buf_sp292957/Y           27.000        20.000         7.000
u_axi_interconnect/drc_buf_sp292957/Y           27.000        20.000         7.000
u_axi_interconnect/drc_buf_sp292957/Y           27.000        20.000         7.000
u_axi_interconnect/drc_buf_sp292957/Y           27.000        20.000         7.000
u_axi_interconnect/drc_buf_sp292957/Y           27.000        20.000         7.000
u_axi_interconnect/drc_buf_sp292957/Y           27.000        20.000         7.000
u_axi_interconnect/drc_buf_sp292957/Y           27.000        20.000         7.000
u_axi_interconnect/drc_buf_sp292957/Y           27.000        20.000         7.000
u_axi_interconnect/drc_buf_sp292957/Y           27.000        20.000         7.000
u_axi_interconnect/drc_buf_sp292957/Y           27.000        20.000         7.000
u_axi_interconnect/drc_buf_sp292957/Y           27.000        20.000         7.000
u_debug_module/g13488/Y                         21.000        20.000         1.000
u_debug_module/g13488/Y                         21.000        20.000         1.000
u_debug_module/g13488/Y                         21.000        20.000         1.000
u_debug_module/g13488/Y                         21.000        20.000         1.000
u_debug_module/g13488/Y                         21.000        20.000         1.000
u_debug_module/g13488/Y                         21.000        20.000         1.000
u_debug_module/g13488/Y                         21.000        20.000         1.000
u_debug_module/g13488/Y                         21.000        20.000         1.000
u_debug_module/g13488/Y                         21.000        20.000         1.000
u_debug_module/g13488/Y                         21.000        20.000         1.000
u_debug_module/g13488/Y                         21.000        20.000         1.000
u_debug_module/g13488/Y                         21.000        20.000         1.000
u_debug_module/g13488/Y                         21.000        20.000         1.000
u_debug_module/g13488/Y                         21.000        20.000         1.000
u_debug_module/g13488/Y                         21.000        20.000         1.000
u_debug_module/g13488/Y                         21.000        20.000         1.000
u_debug_module/g13488/Y                         21.000        20.000         1.000
u_debug_module/g13488/Y                         21.000        20.000         1.000
u_debug_module/g13488/Y                         21.000        20.000         1.000
u_debug_module/g13488/Y                         21.000        20.000         1.000
u_debug_module/g13488/Y                         21.000        20.000         1.000
u_debug_module/g13488/Y                         21.000        20.000         1.000



