============================================================
  Generated by:           Genus(TM) Synthesis Solution 23.14-s090_1
  Generated on:           Sep 25 2026  02:08:21 am
  Module:                 top_soc
  Operating conditions:   PVT_0P63V_100C 
  Operating conditions:   PVT_0P7V_25C 
  Interconnect mode:      global
  Area mode:              physical library
============================================================

                                                                                         Library 
           Gate            Instances     Area                    Library                  Domain 
-------------------------------------------------------------------------------------------------
A2O1A1Ixp33_ASAP7_75t_R          632      55.287    asap7sc7p5t_AO_RVT_SS_ccs_211120       tc_ss 
A2O1A1O1Ixp25_ASAP7_75t_R         83      10.891    asap7sc7p5t_AO_RVT_SS_ccs_211120       tc_ss 
AND2x2_ASAP7_75t_R              1546     135.244    asap7sc7p5t_SIMPLE_RVT_SS_ccs_211120   tc_ss 
AND3x1_ASAP7_75t_R               294      25.719    asap7sc7p5t_SIMPLE_RVT_SS_ccs_211120   tc_ss 
AND3x2_ASAP7_75t_R                 2       0.204    asap7sc7p5t_SIMPLE_RVT_SS_ccs_211120   tc_ss 
AND4x1_ASAP7_75t_R               499      50.928    asap7sc7p5t_SIMPLE_RVT_SS_ccs_211120   tc_ss 
AND4x2_ASAP7_75t_R                 1       0.117    asap7sc7p5t_SIMPLE_RVT_SS_ccs_211120   tc_ss 
AND5x1_ASAP7_75t_R               323      37.675    asap7sc7p5t_SIMPLE_RVT_SS_ccs_211120   tc_ss 
AO21x1_ASAP7_75t_R               746      65.260    asap7sc7p5t_AO_RVT_SS_ccs_211120       tc_ss 
AO21x2_ASAP7_75t_R                 2       0.204    asap7sc7p5t_AO_RVT_SS_ccs_211120       tc_ss 
AO221x1_ASAP7_75t_R              479      69.838    asap7sc7p5t_AO_RVT_SS_ccs_211120       tc_ss 
AO221x2_ASAP7_75t_R                7       1.123    asap7sc7p5t_AO_RVT_SS_ccs_211120       tc_ss 
AO222x2_ASAP7_75t_R              508      88.880    asap7sc7p5t_AO_RVT_SS_ccs_211120       tc_ss 
AO22x1_ASAP7_75t_R              2287     300.100    asap7sc7p5t_AO_RVT_SS_ccs_211120       tc_ss 
AO22x2_ASAP7_75t_R                 3       0.437    asap7sc7p5t_AO_RVT_SS_ccs_211120       tc_ss 
AO31x2_ASAP7_75t_R                 2       0.467    asap7sc7p5t_AO_RVT_SS_ccs_211120       tc_ss 
AO322x2_ASAP7_75t_R                1       0.219    asap7sc7p5t_AO_RVT_SS_ccs_211120       tc_ss 
AO32x1_ASAP7_75t_R                65       7.582    asap7sc7p5t_AO_RVT_SS_ccs_211120       tc_ss 
AO331x1_ASAP7_75t_R               14       2.041    asap7sc7p5t_AO_RVT_SS_ccs_211120       tc_ss 
AO332x1_ASAP7_75t_R                9       1.443    asap7sc7p5t_AO_RVT_SS_ccs_211120       tc_ss 
AO333x1_ASAP7_75t_R                1       0.175    asap7sc7p5t_AO_RVT_SS_ccs_211120       tc_ss 
AO33x2_ASAP7_75t_R                 4       0.583    asap7sc7p5t_AO_RVT_SS_ccs_211120       tc_ss 
AOI211x1_ASAP7_75t_R               3       0.525    asap7sc7p5t_AO_RVT_SS_ccs_211120       tc_ss 
AOI211xp5_ASAP7_75t_R            336      29.393    asap7sc7p5t_AO_RVT_SS_ccs_211120       tc_ss 
AOI21x1_ASAP7_75t_L                1       0.117    asap7sc7p5t_AO_LVT_SS_ccs_211120       tc_ss 
AOI21x1_ASAP7_75t_R                6       0.700    asap7sc7p5t_AO_RVT_SS_ccs_211120       tc_ss 
AOI21xp33_ASAP7_75t_R           2445     178.241    asap7sc7p5t_AO_RVT_SS_ccs_211120       tc_ss 
AOI21xp5_ASAP7_75t_R              16       1.166    asap7sc7p5t_AO_RVT_SS_ccs_211120       tc_ss 
AOI221x1_ASAP7_75t_R               1       0.204    asap7sc7p5t_AO_RVT_SS_ccs_211120       tc_ss 
AOI221xp5_ASAP7_75t_R           2721     277.705    asap7sc7p5t_AO_RVT_SS_ccs_211120       tc_ss 
AOI222xp33_ASAP7_75t_R          1013     147.695    asap7sc7p5t_AO_RVT_SS_ccs_211120       tc_ss 
AOI22x1_ASAP7_75t_L               28       4.082    asap7sc7p5t_AO_LVT_SS_ccs_211120       tc_ss 
AOI22x1_ASAP7_75t_R               31       4.520    asap7sc7p5t_AO_RVT_SS_ccs_211120       tc_ss 
AOI22xp33_ASAP7_75t_R          13492    1180.280    asap7sc7p5t_AO_RVT_SS_ccs_211120       tc_ss 
AOI22xp5_ASAP7_75t_L               6       0.525    asap7sc7p5t_AO_LVT_SS_ccs_211120       tc_ss 
AOI22xp5_ASAP7_75t_R              84       7.348    asap7sc7p5t_AO_RVT_SS_ccs_211120       tc_ss 
AOI311xp33_ASAP7_75t_R            36       3.674    asap7sc7p5t_AO_RVT_SS_ccs_211120       tc_ss 
AOI31xp33_ASAP7_75t_R            254      22.220    asap7sc7p5t_AO_RVT_SS_ccs_211120       tc_ss 
AOI321xp33_ASAP7_75t_R            74       8.631    asap7sc7p5t_AO_RVT_SS_ccs_211120       tc_ss 
AOI322xp5_ASAP7_75t_R             84      11.022    asap7sc7p5t_AO_RVT_SS_ccs_211120       tc_ss 
AOI32xp33_ASAP7_75t_R            157      16.023    asap7sc7p5t_AO_RVT_SS_ccs_211120       tc_ss 
AOI331xp33_ASAP7_75t_R            41       5.380    asap7sc7p5t_AO_RVT_SS_ccs_211120       tc_ss 
AOI332xp33_ASAP7_75t_R            10       1.458    asap7sc7p5t_AO_RVT_SS_ccs_211120       tc_ss 
AOI333xp33_ASAP7_75t_R             5       0.802    asap7sc7p5t_AO_RVT_SS_ccs_211120       tc_ss 
AOI33xp33_ASAP7_75t_R             37       4.316    asap7sc7p5t_AO_RVT_SS_ccs_211120       tc_ss 
BUFx2_ASAP7_75t_R               1882     137.198    asap7sc7p5t_INVBUF_RVT_SS_ccs_211120   tc_ss 
BUFx3_ASAP7_75t_R                190      16.621    asap7sc7p5t_INVBUF_RVT_SS_ccs_211120   tc_ss 
BUFx4_ASAP7_75t_R                  1       0.102    asap7sc7p5t_INVBUF_RVT_SS_ccs_211120   tc_ss 
BUFx4f_ASAP7_75t_R                10       1.166    asap7sc7p5t_INVBUF_RVT_SS_ccs_211120   tc_ss 
BUFx6f_ASAP7_75t_R                 1       0.146    asap7sc7p5t_INVBUF_RVT_SS_ccs_211120   tc_ss 
DFFASRHQNx1_ASAP7_75t_L            2       0.758    asap7sc7p5t_SEQ_LVT_SS_ccs_220123      tc_ss 
DFFASRHQNx1_ASAP7_75t_R        13915    5274.898    asap7sc7p5t_SEQ_RVT_SS_ccs_220123      tc_ss 
DFFHQNx1_ASAP7_75t_R           17599    5131.868    asap7sc7p5t_SEQ_RVT_SS_ccs_220123      tc_ss 
DFFHQNx2_ASAP7_75t_R              39      11.941    asap7sc7p5t_SEQ_RVT_SS_ccs_220123      tc_ss 
DFFHQx4_ASAP7_75t_R             2431     886.099    asap7sc7p5t_SEQ_RVT_SS_ccs_220123      tc_ss 
DLLx1_ASAP7_75t_R                 12       2.624    asap7sc7p5t_SEQ_RVT_SS_ccs_220123      tc_ss 
FAx1_ASAP7_75t_R                 447      91.242    asap7sc7p5t_SIMPLE_RVT_SS_ccs_211120   tc_ss 
HAxp5_ASAP7_75t_R                188      24.669    asap7sc7p5t_SIMPLE_RVT_SS_ccs_211120   tc_ss 
HB1xp67_ASAP7_75t_L                6       0.350    asap7sc7p5t_INVBUF_LVT_SS_ccs_211120   tc_ss 
HB1xp67_ASAP7_75t_R              248      14.463    asap7sc7p5t_INVBUF_RVT_SS_ccs_211120   tc_ss 
HB2xp67_ASAP7_75t_R             1231      89.740    asap7sc7p5t_INVBUF_RVT_SS_ccs_211120   tc_ss 
HB3xp67_ASAP7_75t_R               37       3.237    asap7sc7p5t_INVBUF_RVT_SS_ccs_211120   tc_ss 
HB4xp67_ASAP7_75t_R              111      11.329    asap7sc7p5t_INVBUF_RVT_SS_ccs_211120   tc_ss 
ICGx1_ASAP7_75t_R               1623     425.940    asap7sc7p5t_SEQ_RVT_SS_ccs_220123      tc_ss 
INVx1_ASAP7_75t_L                144       6.299    asap7sc7p5t_INVBUF_LVT_SS_ccs_211120   tc_ss 
INVx1_ASAP7_75t_R               1217      53.232    asap7sc7p5t_INVBUF_RVT_SS_ccs_211120   tc_ss 
INVx2_ASAP7_75t_R                285      16.621    asap7sc7p5t_INVBUF_RVT_SS_ccs_211120   tc_ss 
INVxp33_ASAP7_75t_R            11282     493.475    asap7sc7p5t_INVBUF_RVT_SS_ccs_211120   tc_ss 
INVxp67_ASAP7_75t_L                2       0.087    asap7sc7p5t_INVBUF_LVT_SS_ccs_211120   tc_ss 
INVxp67_ASAP7_75t_R             1385      60.580    asap7sc7p5t_INVBUF_RVT_SS_ccs_211120   tc_ss 
MAJIxp5_ASAP7_75t_L                1       0.102    asap7sc7p5t_SIMPLE_LVT_SS_ccs_211120   tc_ss 
MAJIxp5_ASAP7_75t_R              535      54.602    asap7sc7p5t_SIMPLE_RVT_SS_ccs_211120   tc_ss 
MAJx2_ASAP7_75t_R                120      15.746    asap7sc7p5t_SIMPLE_RVT_SS_ccs_211120   tc_ss 
NAND2x1_ASAP7_75t_L                3       0.262    asap7sc7p5t_SIMPLE_LVT_SS_ccs_211120   tc_ss 
NAND2x1_ASAP7_75t_R               60       5.249    asap7sc7p5t_SIMPLE_RVT_SS_ccs_211120   tc_ss 
NAND2x1p5_ASAP7_75t_R              4       0.467    asap7sc7p5t_SIMPLE_RVT_SS_ccs_211120   tc_ss 
NAND2xp33_ASAP7_75t_R           7256     423.170    asap7sc7p5t_SIMPLE_RVT_SS_ccs_211120   tc_ss 
NAND2xp5_ASAP7_75t_L              38       2.216    asap7sc7p5t_SIMPLE_LVT_SS_ccs_211120   tc_ss 
NAND2xp5_ASAP7_75t_R             424      24.728    asap7sc7p5t_SIMPLE_RVT_SS_ccs_211120   tc_ss 
NAND3x1_ASAP7_75t_R                1       0.160    asap7sc7p5t_SIMPLE_RVT_SS_ccs_211120   tc_ss 
NAND3xp33_ASAP7_75t_R            813      59.268    asap7sc7p5t_SIMPLE_RVT_SS_ccs_211120   tc_ss 
NAND4xp25_ASAP7_75t_R            521      45.577    asap7sc7p5t_SIMPLE_RVT_SS_ccs_211120   tc_ss 
NAND5xp2_ASAP7_75t_R            1116     113.899    asap7sc7p5t_SIMPLE_RVT_SS_ccs_211120   tc_ss 
NOR2x1_ASAP7_75t_L                 8       0.700    asap7sc7p5t_SIMPLE_LVT_SS_ccs_211120   tc_ss 
NOR2x1_ASAP7_75t_R               155      13.559    asap7sc7p5t_SIMPLE_RVT_SS_ccs_211120   tc_ss 
NOR2x1p5_ASAP7_75t_R               5       0.583    asap7sc7p5t_SIMPLE_RVT_SS_ccs_211120   tc_ss 
NOR2x2_ASAP7_75t_R                 3       0.437    asap7sc7p5t_SIMPLE_RVT_SS_ccs_211120   tc_ss 
NOR2xp33_ASAP7_75t_L               3       0.175    asap7sc7p5t_SIMPLE_LVT_SS_ccs_211120   tc_ss 
NOR2xp33_ASAP7_75t_R            9746     568.387    asap7sc7p5t_SIMPLE_RVT_SS_ccs_211120   tc_ss 
NOR2xp67_ASAP7_75t_R              89       7.786    asap7sc7p5t_SIMPLE_RVT_SS_ccs_211120   tc_ss 
NOR3x1_ASAP7_75t_R                13       2.085    asap7sc7p5t_SIMPLE_RVT_SS_ccs_211120   tc_ss 
NOR3x2_ASAP7_75t_R                 1       0.292    asap7sc7p5t_SIMPLE_RVT_SS_ccs_211120   tc_ss 
NOR3xp33_ASAP7_75t_R             768      55.987    asap7sc7p5t_SIMPLE_RVT_SS_ccs_211120   tc_ss 
NOR4xp25_ASAP7_75t_R             170      14.872    asap7sc7p5t_SIMPLE_RVT_SS_ccs_211120   tc_ss 
NOR4xp75_ASAP7_75t_R               1       0.204    asap7sc7p5t_SIMPLE_RVT_SS_ccs_211120   tc_ss 
NOR5xp2_ASAP7_75t_R              194      19.800    asap7sc7p5t_SIMPLE_RVT_SS_ccs_211120   tc_ss 
O2A1O1Ixp33_ASAP7_75t_R          321      28.081    asap7sc7p5t_OA_RVT_SS_ccs_211120       tc_ss 
O2A1O1Ixp5_ASAP7_75t_R             1       0.117    asap7sc7p5t_OA_RVT_SS_ccs_211120       tc_ss 
OA211x2_ASAP7_75t_R              105      12.247    asap7sc7p5t_OA_RVT_SS_ccs_211120       tc_ss 
OA21x2_ASAP7_75t_R               605      61.746    asap7sc7p5t_OA_RVT_SS_ccs_211120       tc_ss 
OA221x2_ASAP7_75t_R                1       0.233    asap7sc7p5t_OA_RVT_SS_ccs_211120       tc_ss 
OA222x2_ASAP7_75t_R               47       8.223    asap7sc7p5t_OA_RVT_SS_ccs_211120       tc_ss 
OA22x2_ASAP7_75t_R                83      12.101    asap7sc7p5t_OA_RVT_SS_ccs_211120       tc_ss 
OA31x2_ASAP7_75t_R                 1       0.219    asap7sc7p5t_OA_RVT_SS_ccs_211120       tc_ss 
OA331x1_ASAP7_75t_R               14       2.041    asap7sc7p5t_OA_RVT_SS_ccs_211120       tc_ss 
OA332x1_ASAP7_75t_R               19       3.047    asap7sc7p5t_OA_RVT_SS_ccs_211120       tc_ss 
OA333x1_ASAP7_75t_R                1       0.175    asap7sc7p5t_OA_RVT_SS_ccs_211120       tc_ss 
OA33x2_ASAP7_75t_R                14       2.041    asap7sc7p5t_OA_RVT_SS_ccs_211120       tc_ss 
OAI211xp5_ASAP7_75t_R            579      50.651    asap7sc7p5t_OA_RVT_SS_ccs_211120       tc_ss 
OAI21x1_ASAP7_75t_R               38       4.432    asap7sc7p5t_OA_RVT_SS_ccs_211120       tc_ss 
OAI21xp33_ASAP7_75t_R            893      65.100    asap7sc7p5t_OA_RVT_SS_ccs_211120       tc_ss 
OAI21xp5_ASAP7_75t_L               7       0.510    asap7sc7p5t_OA_LVT_SS_ccs_211120       tc_ss 
OAI21xp5_ASAP7_75t_R              36       2.624    asap7sc7p5t_OA_RVT_SS_ccs_211120       tc_ss 
OAI221xp5_ASAP7_75t_L              1       0.102    asap7sc7p5t_OA_LVT_SS_ccs_211120       tc_ss 
OAI221xp5_ASAP7_75t_R            525      53.581    asap7sc7p5t_OA_RVT_SS_ccs_211120       tc_ss 
OAI222xp33_ASAP7_75t_R            92      13.414    asap7sc7p5t_OA_RVT_SS_ccs_211120       tc_ss 
OAI22xp33_ASAP7_75t_R            748      65.435    asap7sc7p5t_OA_RVT_SS_ccs_211120       tc_ss 
OAI22xp5_ASAP7_75t_R              23       2.012    asap7sc7p5t_OA_RVT_SS_ccs_211120       tc_ss 
OAI311xp33_ASAP7_75t_R            29       2.960    asap7sc7p5t_OA_RVT_SS_ccs_211120       tc_ss 
OAI31xp33_ASAP7_75t_R             87       7.611    asap7sc7p5t_OA_RVT_SS_ccs_211120       tc_ss 
OAI31xp67_ASAP7_75t_R              2       0.379    asap7sc7p5t_OA_RVT_SS_ccs_211120       tc_ss 
OAI321xp33_ASAP7_75t_R            43       5.016    asap7sc7p5t_OA_RVT_SS_ccs_211120       tc_ss 
OAI322xp33_ASAP7_75t_R            28       3.674    asap7sc7p5t_OA_RVT_SS_ccs_211120       tc_ss 
OAI32xp33_ASAP7_75t_R             86       8.777    asap7sc7p5t_OA_RVT_SS_ccs_211120       tc_ss 
OAI331xp33_ASAP7_75t_R            15       1.968    asap7sc7p5t_OA_RVT_SS_ccs_211120       tc_ss 
OAI332xp33_ASAP7_75t_R            11       1.604    asap7sc7p5t_OA_RVT_SS_ccs_211120       tc_ss 
OAI333xp33_ASAP7_75t_R             1       0.160    asap7sc7p5t_OA_RVT_SS_ccs_211120       tc_ss 
OAI33xp33_ASAP7_75t_R             14       1.633    asap7sc7p5t_OA_RVT_SS_ccs_211120       tc_ss 
OR2x2_ASAP7_75t_R               1082      94.653    asap7sc7p5t_SIMPLE_RVT_SS_ccs_211120   tc_ss 
OR3x1_ASAP7_75t_R                225      19.683    asap7sc7p5t_SIMPLE_RVT_SS_ccs_211120   tc_ss 
OR3x2_ASAP7_75t_R                  1       0.102    asap7sc7p5t_SIMPLE_RVT_SS_ccs_211120   tc_ss 
OR4x1_ASAP7_75t_R                170      17.350    asap7sc7p5t_SIMPLE_RVT_SS_ccs_211120   tc_ss 
OR4x2_ASAP7_75t_R                  1       0.117    asap7sc7p5t_SIMPLE_RVT_SS_ccs_211120   tc_ss 
OR5x1_ASAP7_75t_R                136      15.863    asap7sc7p5t_SIMPLE_RVT_SS_ccs_211120   tc_ss 
SDFHx1_ASAP7_75t_R                68      24.786    asap7sc7p5t_SEQ_RVT_SS_ccs_220123      tc_ss 
XNOR2xp5_ASAP7_75t_R            2618     343.534    asap7sc7p5t_SIMPLE_RVT_SS_ccs_211120   tc_ss 
XOR2x2_ASAP7_75t_R                 1       0.160    asap7sc7p5t_SIMPLE_RVT_SS_ccs_211120   tc_ss 
XOR2xp5_ASAP7_75t_R             2552     334.873    asap7sc7p5t_SIMPLE_RVT_SS_ccs_211120   tc_ss 
srambank_128x4x20_6t122            4    1935.360    srambank_128x4x20_6t122                tc_ss 
srambank_256x4x32_6t122           80  104882.688    srambank_256x4x32_6t122                tc_ss 
-------------------------------------------------------------------------------------------------
total                         116133  125036.531                                         


               Library               Instances    Area    Instances % 
----------------------------------------------------------------------
asap7sc7p5t_AO_LVT_SS_ccs_211120            35      4.724         0.0 
asap7sc7p5t_AO_RVT_SS_ccs_211120         25689   2505.835        22.1 
asap7sc7p5t_INVBUF_LVT_SS_ccs_211120       152      6.736         0.1 
asap7sc7p5t_INVBUF_RVT_SS_ccs_211120     17880    897.909        15.4 
asap7sc7p5t_OA_LVT_SS_ccs_211120             8      0.612         0.0 
asap7sc7p5t_OA_RVT_SS_ccs_211120          4462    421.304         3.8 
asap7sc7p5t_SEQ_LVT_SS_ccs_220123            2      0.758         0.0 
asap7sc7p5t_SEQ_RVT_SS_ccs_220123        35687  11758.158        30.7 
asap7sc7p5t_SIMPLE_LVT_SS_ccs_211120        53      3.455         0.0 
asap7sc7p5t_SIMPLE_RVT_SS_ccs_211120     32081   2618.991        27.6 
srambank_128x4x20_6t122                      4   1935.360         0.0 
srambank_256x4x32_6t122                     80 104882.688         0.1 

                                                         
            Type             Instances    Area    Area % 
---------------------------------------------------------
timing_model                        84 106818.048   85.4 
sequential                       34066  11332.976    9.1 
inverter                         14315    630.293    0.5 
buffer                            3717    274.352    0.2 
clock_gating_integrated_cell      1623    425.940    0.3 
logic                            62328   5554.922    4.4 
physical_cells                       0      0.000    0.0 
---------------------------------------------------------
total                           116133 125036.531  100.0 

