  =================
   Message Summary
  =================
----------------------------------------------------------------------------------------------------------------------------------------------------------------------------
|   Id    |  Sev  |Count|                                                                   Message Text                                                                   |
----------------------------------------------------------------------------------------------------------------------------------------------------------------------------
|CDFG-780 |Info   |    2|Reversed the data and condition priority for priority mux chain (possibly created from loop based RTL), using new loop reversal algorithm.        |
|CFM-1    |Info   |    1|Wrote dofile.                                                                                                                                     |
|CFM-2    |Info   |    1|Wrote composite dofile.                                                                                                                           |
|CFM-5    |Info   |    2|Wrote formal verification information.                                                                                                            |
|DPOPT-1  |Info   |    3|Optimizing datapath logic.                                                                                                                        |
|DPOPT-2  |Info   |    1|Done optimizing datapath logic.                                                                                                                   |
|DPOPT-3  |Info   |   20|Implementing datapath configurations.                                                                                                             |
|DPOPT-4  |Info   |   20|Done implementing datapath configurations.                                                                                                        |
|DPOPT-6  |Info   |    1|Pre-processed datapath logic.                                                                                                                     |
|ELAB-1   |Info   |    1|Elaborating Design.                                                                                                                               |
|ELAB-3   |Info   |    1|Done Elaborating Design.                                                                                                                          |
|GLO-12   |Info   |11798|Replacing a flip-flop with a logic constant 0.                                                                                                    |
|         |       |     |To prevent this optimization, set the 'optimize_constant_0_flops' root attribute to 'false' or 'optimize_constant_0_seq' instance attribute to    |
|         |       |     | 'false'. You can also see the complete list of deleted sequential with command 'report sequential -deleted' (on Reason 'constant0').             |
|GLO-13   |Info   | 2623|Replacing a flip-flop with a logic constant 1.                                                                                                    |
|         |       |     |To prevent this optimization, set the 'optimize_constant_1_flops' root attribute to 'false' or 'optimize_constant_1_seq' instance attribute to    |
|         |       |     | 'false'.                                                                                                                                         |
|GLO-14   |Info   |    3|Replacing a latch with a logic constant 0.                                                                                                        |
|         |       |     |This optimization was enabled by the root attribute 'optimize_constant_latches'.                                                                  |
|GLO-15   |Info   |    4|Replacing a latch with a logic constant 1.                                                                                                        |
|         |       |     |This optimization was enabled by the root attribute 'optimize_constant_latches'.                                                                  |
|GLO-21   |Info   |   40|Replacing a blocking flip-flop with a logic constant 0.                                                                                           |
|         |       |     |The value used to replace the flop can be set by the root attribute 'optimize_seq_x_to'.                                                          |
|GLO-32   |Info   |    1|Deleting sequential instances not driving any primary outputs.                                                                                    |
|         |       |     |Optimizations such as constant propagation or redundancy removal could change the connections so an instance does not drive any primary outputs   |
|         |       |     | anymore. To see the list of deleted sequential, set the 'information_level' attribute to 2 or above. If the message is truncated set the message |
|         |       |     | attribute 'truncate' to false to see the complete list.                                                                                          |
|GLO-34   |Info   |   25|Deleting instances not driving any primary outputs.                                                                                               |
|         |       |     |Optimizations such as constant propagation or redundancy removal could change the connections so a hierarchical instance does not drive any       |
|         |       |     | primary outputs anymore. To see the list of deleted hierarchical instances, set the 'information_level' attribute to 2 or above. If the message  |
|         |       |     | is truncated set the message attribute 'truncate' to false to see the complete list. To prevent this optimization, set the                       |
|         |       |     | 'delete_unloaded_insts' root/subdesign attribute to 'false' or 'preserve' instance attribute to 'true'.                                          |
|GLO-45   |Info   |   40|Replacing the synchronous part of an always feeding back flip-flop with a logic constant.                                                         |
|         |       |     |To prevent this optimization, set 'optimize_constant_feedback_seqs' root attribute to 'false'. The instance attribute                             |
|         |       |     | 'optimize_constant_feedback_seq' controls this optimization.                                                                                     |
|HLO_RR-1 |Info   |    1|Setting up the version of high level Redundancy Removal Optimizations.                                                                            |
|LBR-412  |Info   |   11|Created nominal operating condition.                                                                                                              |
|         |       |     |The nominal operating condition is represented, either by the nominal PVT values specified in the library source                                  |
|         |       |     | (via nom_process,nom_voltage and nom_temperature respectively), or by the default PVT values (1.0,1.0,1.0).                                      |
|LBR-714  |Warning|    1|Inconsistency detected among the units specified in the timing libraries being used.                                                              |
|         |       |     |Default system time/capacitance unit will be used.                                                                                                |
|MAP-32   |Info   |    2|Relaxed some design requirements on sequential instances to run synthesis successfully.                                                           |
|         |       |     |To see the list of relaxed sequential instances, set the 'information_level' attribute to 2 or above. If the message is truncated set the message |
|         |       |     | attribute 'truncate' to false to see the complete list.                                                                                          |
|MESG-11  |Warning|    8|Maximum message print count reached.                                                                                                              |
|PBS-2    |Warning|    2|Genus synthesis should be run with a minimum of 8 threads. This will impact run time.                                                             |
|PHYS-235 |Info   |    4|Skipping writing out floorplan data.                                                                                                              |
|PHYS-752 |Info   |    2|Partition Based Synthesis execution skipped.                                                                                                      |
|RPT-16   |Info   |    1|Joules engine is used.                                                                                                                            |
|RPT-80   |Warning|    1|The details given in report might be incorrect or incomplete.                                                                                     |
|         |       |     |Map the design using syn_map before using the '-detail' option of the 'report_area' command.                                                      |
|RTLOPT-22|Info   |    2|Truncated carry-save logic.                                                                                                                       |
|RTLOPT-30|Info   |   20|Accepted resource sharing opportunity.                                                                                                            |
|RTLOPT-55|Warning|   20|Inferred datapath logic has changed and cannot be considered for datapath optimizations.                                                          |
|         |       |     |For best results, ensure this command is issued after syn_map, when all datapath optimizations have finished.                                     |
|SYNTH-1  |Info   |    1|Synthesizing.                                                                                                                                     |
|SYNTH-2  |Info   |    1|Done synthesizing.                                                                                                                                |
|SYNTH-4  |Info   |    1|Mapping.                                                                                                                                          |
|SYNTH-5  |Info   |    1|Done mapping.                                                                                                                                     |
|SYNTH-7  |Info   |    1|Incrementally optimizing.                                                                                                                         |
|SYNTH-8  |Info   |    1|Done incrementally optimizing.                                                                                                                    |
|SYNTH-33 |Warning|    1|The selected flow setting will be removed in a future release.                                                                                    |
|         |       |     |Contact Cadence support to understand current flows.                                                                                              |
|TUI-296  |Info   |    1|The given (sub)design is already uniquified.                                                                                                      |
|         |       |     |Try running the 'edit_netlist uniquify' command on the parent hierarchy of this (sub)design, if there exists any.                                 |
|TUI-744  |Info   |    4|Timing analysis will be done for this view.                                                                                                       |
|         |       |     |Worst paths will be shown in this view.                                                                                                           |
----------------------------------------------------------------------------------------------------------------------------------------------------------------------------
