============================================================
  Generated by:           Genus(TM) Synthesis Solution 23.14-s090_1
  Generated on:           Sep 29 2026  06:43:41 pm
  Module:                 top_soc
  Operating conditions:   PVT_0P63V_100C 
  Operating conditions:   PVT_0P7V_25C 
  Interconnect mode:      global
  Area mode:              physical library
============================================================

Timing
--------

Analysis view     Clock      Period  
-------------------------------------
view_ss       CLK_ASCON       4000.0 
              CLK_CORDIC      4000.0 
              CLK_CPU         4000.0 
              CLK_DBG         4000.0 
              CLK_GPIO        4000.0 
              CLK_I2C         4000.0 
              CLK_PWM         4000.0 
              CLK_SDRAM_OUT   4000.0 
              CLK_SPI         4000.0 
              CLK_SYS         4000.0 
              CLK_TCK       100000.0 
              CLK_TIM0        4000.0 
              CLK_TIM1        4000.0 
              CLK_UART        4000.0 
              CLK_UART1       4000.0 
view_tt       CLK_ASCON       4000.0 
              CLK_CORDIC      4000.0 
              CLK_CPU         4000.0 
              CLK_DBG         4000.0 
              CLK_GPIO        4000.0 
              CLK_I2C         4000.0 
              CLK_PWM         4000.0 
              CLK_SDRAM_OUT   4000.0 
              CLK_SPI         4000.0 
              CLK_SYS         4000.0 
              CLK_TCK       100000.0 
              CLK_TIM0        4000.0 
              CLK_TIM1        4000.0 
              CLK_UART        4000.0 
              CLK_UART1       4000.0 


Analysis            Cost             Critical        Violating 
  View              Group           Path Slack  TNS    Paths   
---------------------------------------------------------------
view_ss                         C2O      441.7  0.0          0 
          cg_enable_group_CLK_ASCON     2649.1  0.0          0 
         cg_enable_group_CLK_CORDIC     2726.9  0.0          0 
            cg_enable_group_CLK_CPU      731.1  0.0          0 
            cg_enable_group_CLK_DBG     3021.3  0.0          0 
           cg_enable_group_CLK_GPIO     2943.1  0.0          0 
            cg_enable_group_CLK_I2C     2831.3  0.0          0 
            cg_enable_group_CLK_PWM     2994.4  0.0          0 
            cg_enable_group_CLK_SPI     2637.5  0.0          0 
            cg_enable_group_CLK_SYS     1295.0  0.0          0 
            cg_enable_group_CLK_TCK    99142.8  0.0          0 
           cg_enable_group_CLK_TIM0     2708.6  0.0          0 
           cg_enable_group_CLK_TIM1     2708.6  0.0          0 
           cg_enable_group_CLK_UART     2644.3  0.0          0 
          cg_enable_group_CLK_UART1     2644.3  0.0          0 
                          CLK_ASCON     2903.6  0.0          0 
                         CLK_CORDIC      116.0  0.0          0 
                            CLK_CPU      101.9  0.0          0 
                            CLK_DBG     1058.3  0.0          0 
                           CLK_GPIO     2865.1  0.0          0 
                            CLK_I2C     2806.7  0.0          0 
                            CLK_PWM     1376.3  0.0          0 
                      CLK_SDRAM_OUT   No paths  0.0          0 
                            CLK_SPI     1508.3  0.0          0 
                            CLK_SYS      105.1  0.0          0 
                            CLK_TCK     3632.8  0.0          0 
                           CLK_TIM0     1353.9  0.0          0 
                           CLK_TIM1     1359.9  0.0          0 
                           CLK_UART     2212.4  0.0          0 
                          CLK_UART1     2212.4  0.0          0 
                            default   No paths  0.0          0 
                                I2C      736.0  0.0          0 
                                I2O   No paths  0.0          0 
---------------------------------------------------------------
Total                                          -0.0          0 
                                                               
view_tt                         C2O      494.6  0.0          0 
          cg_enable_group_CLK_ASCON     3048.7  0.0          0 
         cg_enable_group_CLK_CORDIC     3005.3  0.0          0 
            cg_enable_group_CLK_CPU     1649.2  0.0          0 
            cg_enable_group_CLK_DBG     3190.5  0.0          0 
           cg_enable_group_CLK_GPIO     3243.8  0.0          0 
            cg_enable_group_CLK_I2C     3171.2  0.0          0 
            cg_enable_group_CLK_PWM     3267.9  0.0          0 
            cg_enable_group_CLK_SPI     3048.9  0.0          0 
            cg_enable_group_CLK_SYS     2059.8  0.0          0 
            cg_enable_group_CLK_TCK    99376.4  0.0          0 
           cg_enable_group_CLK_TIM0     3092.5  0.0          0 
           cg_enable_group_CLK_TIM1     3092.5  0.0          0 
           cg_enable_group_CLK_UART     3056.8  0.0          0 
          cg_enable_group_CLK_UART1     3056.8  0.0          0 
                          CLK_ASCON     3203.5  0.0          0 
                         CLK_CORDIC     1329.7  0.0          0 
                            CLK_CPU     1196.0  0.0          0 
                            CLK_DBG     1909.7  0.0          0 
                           CLK_GPIO     3192.8  0.0          0 
                            CLK_I2C     3152.2  0.0          0 
                            CLK_PWM     2225.6  0.0          0 
                      CLK_SDRAM_OUT   No paths  0.0          0 
                            CLK_SPI     2297.9  0.0          0 
                            CLK_SYS     1181.4  0.0          0 
                            CLK_TCK     3692.3  0.0          0 
                           CLK_TIM0     2204.5  0.0          0 
                           CLK_TIM1     2209.0  0.0          0 
                           CLK_UART     2769.0  0.0          0 
                          CLK_UART1     2769.0  0.0          0 
                            default   No paths  0.0          0 
                                I2C      656.5  0.0          0 
                                I2O   No paths  0.0          0 
---------------------------------------------------------------
Total                                          -0.0          0 
                                                               

Instance Count
--------------
Leaf Instance Count             116099 
Physical Instance count              0 
Sequential Instance Count        35773 
Combinational Instance Count     80326 
Hierarchical Instance Count       1703 

Area
----
Cell Area                          125040.015
Physical Cell Area                 0.000
Total Cell Area (Cell+Physical)    125040.015
Net Area                           5790.360
Total Area (Cell+Physical+Net)     130830.375

Power
-----
Leakage Power                      15735.563 nW
Dynamic Power                      88018514.853 nW
Total Power                        88034250.415 nW

Number of Clock Gating Logic       1623
Max Fanout                         1996 (clk)
Min Fanout                         0 (flash_io_i[3])
Average Fanout                     2.5
Terms to net ratio                 3.7140
Terms to instance ratio            3.8237
Runtime                            3723.182065 seconds
Elapsed Runtime                    3737 seconds
Genus peak memory usage            5024.49 
Innovus peak memory usage          no_value 
Hostname                           user1-EliteMini
