============================================================
  Generated by:           Genus(TM) Synthesis Solution 23.14-s090_1
  Generated on:           Sep 25 2026  02:08:26 am
  Module:                 top_soc
  Operating conditions:   PVT_0P63V_100C 
  Operating conditions:   PVT_0P7V_25C 
  Interconnect mode:      global
  Area mode:              physical library
============================================================


Path 1: MET (3633 ps) Setup Check with Pin u_jtag_dtm/resp_valid_sync_reg[0]/CLK->D
           View: view_ss
          Group: CLK_TCK
     Startpoint: (R) u_debug_module/dmi_resp_valid_reg/CLK
          Clock: (R) CLK_DBG
       Endpoint: (R) u_jtag_dtm/resp_valid_sync_reg[0]/D
          Clock: (R) CLK_TCK

                        Capture       Launch     
           Path Delay:+    4000            -     
          Src Latency:+     100          150     
          Net Latency:+       0 (I)        0 (I) 
        Capture Clock:+       0                  
              Arrival:=    4100          150     
                                                 
                Setup:-      27                  
          Uncertainty:-     150                  
        Required Time:=    3923                  
         Launch Clock:-     150                  
            Data Path:-     140                  
                Slack:=    3633                  

Exceptions/Constraints:
  max_delay             4000            constraint.sdc_line_183   

#------------------------------------------------------------------------------------------------------------------------------
#             Timing Point              Flags    Arc    Edge          Cell            Fanout Load Trans Delay Arrival Instance 
#                                                                                            (fF)  (ps)  (ps)   (ps)  Location 
#------------------------------------------------------------------------------------------------------------------------------
  u_debug_module/dmi_resp_valid_reg/CLK -       -       R     (arrival)                    4    -    40     0     150    (-,-) 
  u_debug_module/dmi_resp_valid_reg/QN  -       CLK->QN F     DFFASRHQNx1_ASAP7_75t_R      2  1.4    44   102     252    (-,-) 
  u_jtag_dtm/g3203/Y                    -       A->Y    R     INVxp33_ASAP7_75t_R          1  0.9    50    38     290    (-,-) 
  u_jtag_dtm/resp_valid_sync_reg[0]/D   -       -       R     DFFASRHQNx1_ASAP7_75t_R      1    -     -     0     290    (-,-) 
#------------------------------------------------------------------------------------------------------------------------------



Path 2: MET (3646 ps) Setup Check with Pin u_jtag_dtm/dmi_read_data_reg[31]/CLK->D
           View: view_ss
          Group: CLK_TCK
     Startpoint: (R) u_debug_module/dmi_resp_data_reg[31]/CLK
          Clock: (R) CLK_DBG
       Endpoint: (R) u_jtag_dtm/dmi_read_data_reg[31]/D
          Clock: (R) CLK_TCK

                        Capture       Launch     
           Path Delay:+    4000            -     
          Src Latency:+     100          150     
          Net Latency:+       0 (I)        0 (I) 
        Capture Clock:+       0                  
              Arrival:=    4100          150     
                                                 
                Setup:-      27                  
          Uncertainty:-     150                  
        Required Time:=    3923                  
         Launch Clock:-     150                  
            Data Path:-     127                  
                Slack:=    3646                  

Exceptions/Constraints:
  max_delay             4000            constraint.sdc_line_183   

#---------------------------------------------------------------------------------------------------------------------------------
#              Timing Point                Flags    Arc    Edge          Cell            Fanout Load Trans Delay Arrival Instance 
#                                                                                               (fF)  (ps)  (ps)   (ps)  Location 
#---------------------------------------------------------------------------------------------------------------------------------
  u_debug_module/dmi_resp_data_reg[31]/CLK -       -       R     (arrival)                   32    -    40     0     150    (-,-) 
  u_debug_module/dmi_resp_data_reg[31]/QN  -       CLK->QN F     DFFASRHQNx1_ASAP7_75t_R      1  0.7    35    92     242    (-,-) 
  u_jtag_dtm/g3875/Y                       -       A->Y    R     INVxp33_ASAP7_75t_R          1  0.9    48    35     277    (-,-) 
  u_jtag_dtm/dmi_read_data_reg[31]/D       -       -       R     DFFASRHQNx1_ASAP7_75t_R      1    -     -     0     277    (-,-) 
#---------------------------------------------------------------------------------------------------------------------------------



Path 3: MET (3646 ps) Setup Check with Pin u_jtag_dtm/dmi_read_data_reg[30]/CLK->D
           View: view_ss
          Group: CLK_TCK
     Startpoint: (R) u_debug_module/dmi_resp_data_reg[30]/CLK
          Clock: (R) CLK_DBG
       Endpoint: (R) u_jtag_dtm/dmi_read_data_reg[30]/D
          Clock: (R) CLK_TCK

                        Capture       Launch     
           Path Delay:+    4000            -     
          Src Latency:+     100          150     
          Net Latency:+       0 (I)        0 (I) 
        Capture Clock:+       0                  
              Arrival:=    4100          150     
                                                 
                Setup:-      27                  
          Uncertainty:-     150                  
        Required Time:=    3923                  
         Launch Clock:-     150                  
            Data Path:-     127                  
                Slack:=    3646                  

Exceptions/Constraints:
  max_delay             4000            constraint.sdc_line_183   

#---------------------------------------------------------------------------------------------------------------------------------
#              Timing Point                Flags    Arc    Edge          Cell            Fanout Load Trans Delay Arrival Instance 
#                                                                                               (fF)  (ps)  (ps)   (ps)  Location 
#---------------------------------------------------------------------------------------------------------------------------------
  u_debug_module/dmi_resp_data_reg[30]/CLK -       -       R     (arrival)                   32    -    40     0     150    (-,-) 
  u_debug_module/dmi_resp_data_reg[30]/QN  -       CLK->QN F     DFFASRHQNx1_ASAP7_75t_R      1  0.7    35    92     242    (-,-) 
  u_jtag_dtm/g3859/Y                       -       A->Y    R     INVxp33_ASAP7_75t_R          1  0.9    48    35     277    (-,-) 
  u_jtag_dtm/dmi_read_data_reg[30]/D       -       -       R     DFFASRHQNx1_ASAP7_75t_R      1    -     -     0     277    (-,-) 
#---------------------------------------------------------------------------------------------------------------------------------



Path 4: MET (3646 ps) Setup Check with Pin u_jtag_dtm/dmi_read_data_reg[29]/CLK->D
           View: view_ss
          Group: CLK_TCK
     Startpoint: (R) u_debug_module/dmi_resp_data_reg[29]/CLK
          Clock: (R) CLK_DBG
       Endpoint: (R) u_jtag_dtm/dmi_read_data_reg[29]/D
          Clock: (R) CLK_TCK

                        Capture       Launch     
           Path Delay:+    4000            -     
          Src Latency:+     100          150     
          Net Latency:+       0 (I)        0 (I) 
        Capture Clock:+       0                  
              Arrival:=    4100          150     
                                                 
                Setup:-      27                  
          Uncertainty:-     150                  
        Required Time:=    3923                  
         Launch Clock:-     150                  
            Data Path:-     127                  
                Slack:=    3646                  

Exceptions/Constraints:
  max_delay             4000            constraint.sdc_line_183   

#---------------------------------------------------------------------------------------------------------------------------------
#              Timing Point                Flags    Arc    Edge          Cell            Fanout Load Trans Delay Arrival Instance 
#                                                                                               (fF)  (ps)  (ps)   (ps)  Location 
#---------------------------------------------------------------------------------------------------------------------------------
  u_debug_module/dmi_resp_data_reg[29]/CLK -       -       R     (arrival)                   32    -    40     0     150    (-,-) 
  u_debug_module/dmi_resp_data_reg[29]/QN  -       CLK->QN F     DFFASRHQNx1_ASAP7_75t_R      1  0.7    35    92     242    (-,-) 
  u_jtag_dtm/g3858/Y                       -       A->Y    R     INVxp33_ASAP7_75t_R          1  0.9    48    35     277    (-,-) 
  u_jtag_dtm/dmi_read_data_reg[29]/D       -       -       R     DFFASRHQNx1_ASAP7_75t_R      1    -     -     0     277    (-,-) 
#---------------------------------------------------------------------------------------------------------------------------------



Path 5: MET (3646 ps) Setup Check with Pin u_jtag_dtm/dmi_read_data_reg[28]/CLK->D
           View: view_ss
          Group: CLK_TCK
     Startpoint: (R) u_debug_module/dmi_resp_data_reg[28]/CLK
          Clock: (R) CLK_DBG
       Endpoint: (R) u_jtag_dtm/dmi_read_data_reg[28]/D
          Clock: (R) CLK_TCK

                        Capture       Launch     
           Path Delay:+    4000            -     
          Src Latency:+     100          150     
          Net Latency:+       0 (I)        0 (I) 
        Capture Clock:+       0                  
              Arrival:=    4100          150     
                                                 
                Setup:-      27                  
          Uncertainty:-     150                  
        Required Time:=    3923                  
         Launch Clock:-     150                  
            Data Path:-     127                  
                Slack:=    3646                  

Exceptions/Constraints:
  max_delay             4000            constraint.sdc_line_183   

#---------------------------------------------------------------------------------------------------------------------------------
#              Timing Point                Flags    Arc    Edge          Cell            Fanout Load Trans Delay Arrival Instance 
#                                                                                               (fF)  (ps)  (ps)   (ps)  Location 
#---------------------------------------------------------------------------------------------------------------------------------
  u_debug_module/dmi_resp_data_reg[28]/CLK -       -       R     (arrival)                   32    -    40     0     150    (-,-) 
  u_debug_module/dmi_resp_data_reg[28]/QN  -       CLK->QN F     DFFASRHQNx1_ASAP7_75t_R      1  0.7    35    92     242    (-,-) 
  u_jtag_dtm/g3860/Y                       -       A->Y    R     INVxp33_ASAP7_75t_R          1  0.9    48    35     277    (-,-) 
  u_jtag_dtm/dmi_read_data_reg[28]/D       -       -       R     DFFASRHQNx1_ASAP7_75t_R      1    -     -     0     277    (-,-) 
#---------------------------------------------------------------------------------------------------------------------------------



Path 6: MET (3646 ps) Setup Check with Pin u_jtag_dtm/dmi_read_data_reg[27]/CLK->D
           View: view_ss
          Group: CLK_TCK
     Startpoint: (R) u_debug_module/dmi_resp_data_reg[27]/CLK
          Clock: (R) CLK_DBG
       Endpoint: (R) u_jtag_dtm/dmi_read_data_reg[27]/D
          Clock: (R) CLK_TCK

                        Capture       Launch     
           Path Delay:+    4000            -     
          Src Latency:+     100          150     
          Net Latency:+       0 (I)        0 (I) 
        Capture Clock:+       0                  
              Arrival:=    4100          150     
                                                 
                Setup:-      27                  
          Uncertainty:-     150                  
        Required Time:=    3923                  
         Launch Clock:-     150                  
            Data Path:-     127                  
                Slack:=    3646                  

Exceptions/Constraints:
  max_delay             4000            constraint.sdc_line_183   

#---------------------------------------------------------------------------------------------------------------------------------
#              Timing Point                Flags    Arc    Edge          Cell            Fanout Load Trans Delay Arrival Instance 
#                                                                                               (fF)  (ps)  (ps)   (ps)  Location 
#---------------------------------------------------------------------------------------------------------------------------------
  u_debug_module/dmi_resp_data_reg[27]/CLK -       -       R     (arrival)                   32    -    40     0     150    (-,-) 
  u_debug_module/dmi_resp_data_reg[27]/QN  -       CLK->QN F     DFFASRHQNx1_ASAP7_75t_R      1  0.7    35    92     242    (-,-) 
  u_jtag_dtm/g3851/Y                       -       A->Y    R     INVxp33_ASAP7_75t_R          1  0.9    48    35     277    (-,-) 
  u_jtag_dtm/dmi_read_data_reg[27]/D       -       -       R     DFFASRHQNx1_ASAP7_75t_R      1    -     -     0     277    (-,-) 
#---------------------------------------------------------------------------------------------------------------------------------



Path 7: MET (3646 ps) Setup Check with Pin u_jtag_dtm/dmi_read_data_reg[26]/CLK->D
           View: view_ss
          Group: CLK_TCK
     Startpoint: (R) u_debug_module/dmi_resp_data_reg[26]/CLK
          Clock: (R) CLK_DBG
       Endpoint: (R) u_jtag_dtm/dmi_read_data_reg[26]/D
          Clock: (R) CLK_TCK

                        Capture       Launch     
           Path Delay:+    4000            -     
          Src Latency:+     100          150     
          Net Latency:+       0 (I)        0 (I) 
        Capture Clock:+       0                  
              Arrival:=    4100          150     
                                                 
                Setup:-      27                  
          Uncertainty:-     150                  
        Required Time:=    3923                  
         Launch Clock:-     150                  
            Data Path:-     127                  
                Slack:=    3646                  

Exceptions/Constraints:
  max_delay             4000            constraint.sdc_line_183   

#---------------------------------------------------------------------------------------------------------------------------------
#              Timing Point                Flags    Arc    Edge          Cell            Fanout Load Trans Delay Arrival Instance 
#                                                                                               (fF)  (ps)  (ps)   (ps)  Location 
#---------------------------------------------------------------------------------------------------------------------------------
  u_debug_module/dmi_resp_data_reg[26]/CLK -       -       R     (arrival)                   32    -    40     0     150    (-,-) 
  u_debug_module/dmi_resp_data_reg[26]/QN  -       CLK->QN F     DFFASRHQNx1_ASAP7_75t_R      1  0.7    35    92     242    (-,-) 
  u_jtag_dtm/g3874/Y                       -       A->Y    R     INVxp33_ASAP7_75t_R          1  0.9    48    35     277    (-,-) 
  u_jtag_dtm/dmi_read_data_reg[26]/D       -       -       R     DFFASRHQNx1_ASAP7_75t_R      1    -     -     0     277    (-,-) 
#---------------------------------------------------------------------------------------------------------------------------------



Path 8: MET (3646 ps) Setup Check with Pin u_jtag_dtm/dmi_read_data_reg[25]/CLK->D
           View: view_ss
          Group: CLK_TCK
     Startpoint: (R) u_debug_module/dmi_resp_data_reg[25]/CLK
          Clock: (R) CLK_DBG
       Endpoint: (R) u_jtag_dtm/dmi_read_data_reg[25]/D
          Clock: (R) CLK_TCK

                        Capture       Launch     
           Path Delay:+    4000            -     
          Src Latency:+     100          150     
          Net Latency:+       0 (I)        0 (I) 
        Capture Clock:+       0                  
              Arrival:=    4100          150     
                                                 
                Setup:-      27                  
          Uncertainty:-     150                  
        Required Time:=    3923                  
         Launch Clock:-     150                  
            Data Path:-     127                  
                Slack:=    3646                  

Exceptions/Constraints:
  max_delay             4000            constraint.sdc_line_183   

#---------------------------------------------------------------------------------------------------------------------------------
#              Timing Point                Flags    Arc    Edge          Cell            Fanout Load Trans Delay Arrival Instance 
#                                                                                               (fF)  (ps)  (ps)   (ps)  Location 
#---------------------------------------------------------------------------------------------------------------------------------
  u_debug_module/dmi_resp_data_reg[25]/CLK -       -       R     (arrival)                   32    -    40     0     150    (-,-) 
  u_debug_module/dmi_resp_data_reg[25]/QN  -       CLK->QN F     DFFASRHQNx1_ASAP7_75t_R      1  0.7    35    92     242    (-,-) 
  u_jtag_dtm/g3856/Y                       -       A->Y    R     INVxp33_ASAP7_75t_R          1  0.9    48    35     277    (-,-) 
  u_jtag_dtm/dmi_read_data_reg[25]/D       -       -       R     DFFASRHQNx1_ASAP7_75t_R      1    -     -     0     277    (-,-) 
#---------------------------------------------------------------------------------------------------------------------------------



Path 9: MET (3646 ps) Setup Check with Pin u_jtag_dtm/dmi_read_data_reg[24]/CLK->D
           View: view_ss
          Group: CLK_TCK
     Startpoint: (R) u_debug_module/dmi_resp_data_reg[24]/CLK
          Clock: (R) CLK_DBG
       Endpoint: (R) u_jtag_dtm/dmi_read_data_reg[24]/D
          Clock: (R) CLK_TCK

                        Capture       Launch     
           Path Delay:+    4000            -     
          Src Latency:+     100          150     
          Net Latency:+       0 (I)        0 (I) 
        Capture Clock:+       0                  
              Arrival:=    4100          150     
                                                 
                Setup:-      27                  
          Uncertainty:-     150                  
        Required Time:=    3923                  
         Launch Clock:-     150                  
            Data Path:-     127                  
                Slack:=    3646                  

Exceptions/Constraints:
  max_delay             4000            constraint.sdc_line_183   

#---------------------------------------------------------------------------------------------------------------------------------
#              Timing Point                Flags    Arc    Edge          Cell            Fanout Load Trans Delay Arrival Instance 
#                                                                                               (fF)  (ps)  (ps)   (ps)  Location 
#---------------------------------------------------------------------------------------------------------------------------------
  u_debug_module/dmi_resp_data_reg[24]/CLK -       -       R     (arrival)                   32    -    40     0     150    (-,-) 
  u_debug_module/dmi_resp_data_reg[24]/QN  -       CLK->QN F     DFFASRHQNx1_ASAP7_75t_R      1  0.7    35    92     242    (-,-) 
  u_jtag_dtm/g3882/Y                       -       A->Y    R     INVxp33_ASAP7_75t_R          1  0.9    48    35     277    (-,-) 
  u_jtag_dtm/dmi_read_data_reg[24]/D       -       -       R     DFFASRHQNx1_ASAP7_75t_R      1    -     -     0     277    (-,-) 
#---------------------------------------------------------------------------------------------------------------------------------



Path 10: MET (3646 ps) Setup Check with Pin u_jtag_dtm/dmi_read_data_reg[23]/CLK->D
           View: view_ss
          Group: CLK_TCK
     Startpoint: (R) u_debug_module/dmi_resp_data_reg[23]/CLK
          Clock: (R) CLK_DBG
       Endpoint: (R) u_jtag_dtm/dmi_read_data_reg[23]/D
          Clock: (R) CLK_TCK

                        Capture       Launch     
           Path Delay:+    4000            -     
          Src Latency:+     100          150     
          Net Latency:+       0 (I)        0 (I) 
        Capture Clock:+       0                  
              Arrival:=    4100          150     
                                                 
                Setup:-      27                  
          Uncertainty:-     150                  
        Required Time:=    3923                  
         Launch Clock:-     150                  
            Data Path:-     127                  
                Slack:=    3646                  

Exceptions/Constraints:
  max_delay             4000            constraint.sdc_line_183   

#---------------------------------------------------------------------------------------------------------------------------------
#              Timing Point                Flags    Arc    Edge          Cell            Fanout Load Trans Delay Arrival Instance 
#                                                                                               (fF)  (ps)  (ps)   (ps)  Location 
#---------------------------------------------------------------------------------------------------------------------------------
  u_debug_module/dmi_resp_data_reg[23]/CLK -       -       R     (arrival)                   32    -    40     0     150    (-,-) 
  u_debug_module/dmi_resp_data_reg[23]/QN  -       CLK->QN F     DFFASRHQNx1_ASAP7_75t_R      1  0.7    35    92     242    (-,-) 
  u_jtag_dtm/g3879/Y                       -       A->Y    R     INVxp33_ASAP7_75t_R          1  0.9    48    35     277    (-,-) 
  u_jtag_dtm/dmi_read_data_reg[23]/D       -       -       R     DFFASRHQNx1_ASAP7_75t_R      1    -     -     0     277    (-,-) 
#---------------------------------------------------------------------------------------------------------------------------------



Path 11: MET (3646 ps) Setup Check with Pin u_jtag_dtm/dmi_read_data_reg[22]/CLK->D
           View: view_ss
          Group: CLK_TCK
     Startpoint: (R) u_debug_module/dmi_resp_data_reg[22]/CLK
          Clock: (R) CLK_DBG
       Endpoint: (R) u_jtag_dtm/dmi_read_data_reg[22]/D
          Clock: (R) CLK_TCK

                        Capture       Launch     
           Path Delay:+    4000            -     
          Src Latency:+     100          150     
          Net Latency:+       0 (I)        0 (I) 
        Capture Clock:+       0                  
              Arrival:=    4100          150     
                                                 
                Setup:-      27                  
          Uncertainty:-     150                  
        Required Time:=    3923                  
         Launch Clock:-     150                  
            Data Path:-     127                  
                Slack:=    3646                  

Exceptions/Constraints:
  max_delay             4000            constraint.sdc_line_183   

#---------------------------------------------------------------------------------------------------------------------------------
#              Timing Point                Flags    Arc    Edge          Cell            Fanout Load Trans Delay Arrival Instance 
#                                                                                               (fF)  (ps)  (ps)   (ps)  Location 
#---------------------------------------------------------------------------------------------------------------------------------
  u_debug_module/dmi_resp_data_reg[22]/CLK -       -       R     (arrival)                   32    -    40     0     150    (-,-) 
  u_debug_module/dmi_resp_data_reg[22]/QN  -       CLK->QN F     DFFASRHQNx1_ASAP7_75t_R      1  0.7    35    92     242    (-,-) 
  u_jtag_dtm/g3854/Y                       -       A->Y    R     INVxp33_ASAP7_75t_R          1  0.9    48    35     277    (-,-) 
  u_jtag_dtm/dmi_read_data_reg[22]/D       -       -       R     DFFASRHQNx1_ASAP7_75t_R      1    -     -     0     277    (-,-) 
#---------------------------------------------------------------------------------------------------------------------------------



Path 12: MET (3646 ps) Setup Check with Pin u_jtag_dtm/dmi_read_data_reg[21]/CLK->D
           View: view_ss
          Group: CLK_TCK
     Startpoint: (R) u_debug_module/dmi_resp_data_reg[21]/CLK
          Clock: (R) CLK_DBG
       Endpoint: (R) u_jtag_dtm/dmi_read_data_reg[21]/D
          Clock: (R) CLK_TCK

                        Capture       Launch     
           Path Delay:+    4000            -     
          Src Latency:+     100          150     
          Net Latency:+       0 (I)        0 (I) 
        Capture Clock:+       0                  
              Arrival:=    4100          150     
                                                 
                Setup:-      27                  
          Uncertainty:-     150                  
        Required Time:=    3923                  
         Launch Clock:-     150                  
            Data Path:-     127                  
                Slack:=    3646                  

Exceptions/Constraints:
  max_delay             4000            constraint.sdc_line_183   

#---------------------------------------------------------------------------------------------------------------------------------
#              Timing Point                Flags    Arc    Edge          Cell            Fanout Load Trans Delay Arrival Instance 
#                                                                                               (fF)  (ps)  (ps)   (ps)  Location 
#---------------------------------------------------------------------------------------------------------------------------------
  u_debug_module/dmi_resp_data_reg[21]/CLK -       -       R     (arrival)                   32    -    40     0     150    (-,-) 
  u_debug_module/dmi_resp_data_reg[21]/QN  -       CLK->QN F     DFFASRHQNx1_ASAP7_75t_R      1  0.7    35    92     242    (-,-) 
  u_jtag_dtm/g3853/Y                       -       A->Y    R     INVxp33_ASAP7_75t_R          1  0.9    48    35     277    (-,-) 
  u_jtag_dtm/dmi_read_data_reg[21]/D       -       -       R     DFFASRHQNx1_ASAP7_75t_R      1    -     -     0     277    (-,-) 
#---------------------------------------------------------------------------------------------------------------------------------



Path 13: MET (3646 ps) Setup Check with Pin u_jtag_dtm/dmi_read_data_reg[20]/CLK->D
           View: view_ss
          Group: CLK_TCK
     Startpoint: (R) u_debug_module/dmi_resp_data_reg[20]/CLK
          Clock: (R) CLK_DBG
       Endpoint: (R) u_jtag_dtm/dmi_read_data_reg[20]/D
          Clock: (R) CLK_TCK

                        Capture       Launch     
           Path Delay:+    4000            -     
          Src Latency:+     100          150     
          Net Latency:+       0 (I)        0 (I) 
        Capture Clock:+       0                  
              Arrival:=    4100          150     
                                                 
                Setup:-      27                  
          Uncertainty:-     150                  
        Required Time:=    3923                  
         Launch Clock:-     150                  
            Data Path:-     127                  
                Slack:=    3646                  

Exceptions/Constraints:
  max_delay             4000            constraint.sdc_line_183   

#---------------------------------------------------------------------------------------------------------------------------------
#              Timing Point                Flags    Arc    Edge          Cell            Fanout Load Trans Delay Arrival Instance 
#                                                                                               (fF)  (ps)  (ps)   (ps)  Location 
#---------------------------------------------------------------------------------------------------------------------------------
  u_debug_module/dmi_resp_data_reg[20]/CLK -       -       R     (arrival)                   32    -    40     0     150    (-,-) 
  u_debug_module/dmi_resp_data_reg[20]/QN  -       CLK->QN F     DFFASRHQNx1_ASAP7_75t_R      1  0.7    35    92     242    (-,-) 
  u_jtag_dtm/g3865/Y                       -       A->Y    R     INVxp33_ASAP7_75t_R          1  0.9    48    35     277    (-,-) 
  u_jtag_dtm/dmi_read_data_reg[20]/D       -       -       R     DFFASRHQNx1_ASAP7_75t_R      1    -     -     0     277    (-,-) 
#---------------------------------------------------------------------------------------------------------------------------------



Path 14: MET (3646 ps) Setup Check with Pin u_jtag_dtm/dmi_read_data_reg[19]/CLK->D
           View: view_ss
          Group: CLK_TCK
     Startpoint: (R) u_debug_module/dmi_resp_data_reg[19]/CLK
          Clock: (R) CLK_DBG
       Endpoint: (R) u_jtag_dtm/dmi_read_data_reg[19]/D
          Clock: (R) CLK_TCK

                        Capture       Launch     
           Path Delay:+    4000            -     
          Src Latency:+     100          150     
          Net Latency:+       0 (I)        0 (I) 
        Capture Clock:+       0                  
              Arrival:=    4100          150     
                                                 
                Setup:-      27                  
          Uncertainty:-     150                  
        Required Time:=    3923                  
         Launch Clock:-     150                  
            Data Path:-     127                  
                Slack:=    3646                  

Exceptions/Constraints:
  max_delay             4000            constraint.sdc_line_183   

#---------------------------------------------------------------------------------------------------------------------------------
#              Timing Point                Flags    Arc    Edge          Cell            Fanout Load Trans Delay Arrival Instance 
#                                                                                               (fF)  (ps)  (ps)   (ps)  Location 
#---------------------------------------------------------------------------------------------------------------------------------
  u_debug_module/dmi_resp_data_reg[19]/CLK -       -       R     (arrival)                   32    -    40     0     150    (-,-) 
  u_debug_module/dmi_resp_data_reg[19]/QN  -       CLK->QN F     DFFASRHQNx1_ASAP7_75t_R      1  0.7    35    92     242    (-,-) 
  u_jtag_dtm/g3876/Y                       -       A->Y    R     INVxp33_ASAP7_75t_R          1  0.9    48    35     277    (-,-) 
  u_jtag_dtm/dmi_read_data_reg[19]/D       -       -       R     DFFASRHQNx1_ASAP7_75t_R      1    -     -     0     277    (-,-) 
#---------------------------------------------------------------------------------------------------------------------------------



Path 15: MET (3646 ps) Setup Check with Pin u_jtag_dtm/dmi_read_data_reg[18]/CLK->D
           View: view_ss
          Group: CLK_TCK
     Startpoint: (R) u_debug_module/dmi_resp_data_reg[18]/CLK
          Clock: (R) CLK_DBG
       Endpoint: (R) u_jtag_dtm/dmi_read_data_reg[18]/D
          Clock: (R) CLK_TCK

                        Capture       Launch     
           Path Delay:+    4000            -     
          Src Latency:+     100          150     
          Net Latency:+       0 (I)        0 (I) 
        Capture Clock:+       0                  
              Arrival:=    4100          150     
                                                 
                Setup:-      27                  
          Uncertainty:-     150                  
        Required Time:=    3923                  
         Launch Clock:-     150                  
            Data Path:-     127                  
                Slack:=    3646                  

Exceptions/Constraints:
  max_delay             4000            constraint.sdc_line_183   

#---------------------------------------------------------------------------------------------------------------------------------
#              Timing Point                Flags    Arc    Edge          Cell            Fanout Load Trans Delay Arrival Instance 
#                                                                                               (fF)  (ps)  (ps)   (ps)  Location 
#---------------------------------------------------------------------------------------------------------------------------------
  u_debug_module/dmi_resp_data_reg[18]/CLK -       -       R     (arrival)                   32    -    40     0     150    (-,-) 
  u_debug_module/dmi_resp_data_reg[18]/QN  -       CLK->QN F     DFFASRHQNx1_ASAP7_75t_R      1  0.7    35    92     242    (-,-) 
  u_jtag_dtm/g3870/Y                       -       A->Y    R     INVxp33_ASAP7_75t_R          1  0.9    48    35     277    (-,-) 
  u_jtag_dtm/dmi_read_data_reg[18]/D       -       -       R     DFFASRHQNx1_ASAP7_75t_R      1    -     -     0     277    (-,-) 
#---------------------------------------------------------------------------------------------------------------------------------



Path 16: MET (3646 ps) Setup Check with Pin u_jtag_dtm/dmi_read_data_reg[17]/CLK->D
           View: view_ss
          Group: CLK_TCK
     Startpoint: (R) u_debug_module/dmi_resp_data_reg[17]/CLK
          Clock: (R) CLK_DBG
       Endpoint: (R) u_jtag_dtm/dmi_read_data_reg[17]/D
          Clock: (R) CLK_TCK

                        Capture       Launch     
           Path Delay:+    4000            -     
          Src Latency:+     100          150     
          Net Latency:+       0 (I)        0 (I) 
        Capture Clock:+       0                  
              Arrival:=    4100          150     
                                                 
                Setup:-      27                  
          Uncertainty:-     150                  
        Required Time:=    3923                  
         Launch Clock:-     150                  
            Data Path:-     127                  
                Slack:=    3646                  

Exceptions/Constraints:
  max_delay             4000            constraint.sdc_line_183   

#---------------------------------------------------------------------------------------------------------------------------------
#              Timing Point                Flags    Arc    Edge          Cell            Fanout Load Trans Delay Arrival Instance 
#                                                                                               (fF)  (ps)  (ps)   (ps)  Location 
#---------------------------------------------------------------------------------------------------------------------------------
  u_debug_module/dmi_resp_data_reg[17]/CLK -       -       R     (arrival)                   32    -    40     0     150    (-,-) 
  u_debug_module/dmi_resp_data_reg[17]/QN  -       CLK->QN F     DFFASRHQNx1_ASAP7_75t_R      1  0.7    35    92     242    (-,-) 
  u_jtag_dtm/g3871/Y                       -       A->Y    R     INVxp33_ASAP7_75t_R          1  0.9    48    35     277    (-,-) 
  u_jtag_dtm/dmi_read_data_reg[17]/D       -       -       R     DFFASRHQNx1_ASAP7_75t_R      1    -     -     0     277    (-,-) 
#---------------------------------------------------------------------------------------------------------------------------------



Path 17: MET (3646 ps) Setup Check with Pin u_jtag_dtm/dmi_read_data_reg[16]/CLK->D
           View: view_ss
          Group: CLK_TCK
     Startpoint: (R) u_debug_module/dmi_resp_data_reg[16]/CLK
          Clock: (R) CLK_DBG
       Endpoint: (R) u_jtag_dtm/dmi_read_data_reg[16]/D
          Clock: (R) CLK_TCK

                        Capture       Launch     
           Path Delay:+    4000            -     
          Src Latency:+     100          150     
          Net Latency:+       0 (I)        0 (I) 
        Capture Clock:+       0                  
              Arrival:=    4100          150     
                                                 
                Setup:-      27                  
          Uncertainty:-     150                  
        Required Time:=    3923                  
         Launch Clock:-     150                  
            Data Path:-     127                  
                Slack:=    3646                  

Exceptions/Constraints:
  max_delay             4000            constraint.sdc_line_183   

#---------------------------------------------------------------------------------------------------------------------------------
#              Timing Point                Flags    Arc    Edge          Cell            Fanout Load Trans Delay Arrival Instance 
#                                                                                               (fF)  (ps)  (ps)   (ps)  Location 
#---------------------------------------------------------------------------------------------------------------------------------
  u_debug_module/dmi_resp_data_reg[16]/CLK -       -       R     (arrival)                   32    -    40     0     150    (-,-) 
  u_debug_module/dmi_resp_data_reg[16]/QN  -       CLK->QN F     DFFASRHQNx1_ASAP7_75t_R      1  0.7    35    92     242    (-,-) 
  u_jtag_dtm/g3855/Y                       -       A->Y    R     INVxp33_ASAP7_75t_R          1  0.9    48    35     277    (-,-) 
  u_jtag_dtm/dmi_read_data_reg[16]/D       -       -       R     DFFASRHQNx1_ASAP7_75t_R      1    -     -     0     277    (-,-) 
#---------------------------------------------------------------------------------------------------------------------------------



Path 18: MET (3646 ps) Setup Check with Pin u_jtag_dtm/dmi_read_data_reg[15]/CLK->D
           View: view_ss
          Group: CLK_TCK
     Startpoint: (R) u_debug_module/dmi_resp_data_reg[15]/CLK
          Clock: (R) CLK_DBG
       Endpoint: (R) u_jtag_dtm/dmi_read_data_reg[15]/D
          Clock: (R) CLK_TCK

                        Capture       Launch     
           Path Delay:+    4000            -     
          Src Latency:+     100          150     
          Net Latency:+       0 (I)        0 (I) 
        Capture Clock:+       0                  
              Arrival:=    4100          150     
                                                 
                Setup:-      27                  
          Uncertainty:-     150                  
        Required Time:=    3923                  
         Launch Clock:-     150                  
            Data Path:-     127                  
                Slack:=    3646                  

Exceptions/Constraints:
  max_delay             4000            constraint.sdc_line_183   

#---------------------------------------------------------------------------------------------------------------------------------
#              Timing Point                Flags    Arc    Edge          Cell            Fanout Load Trans Delay Arrival Instance 
#                                                                                               (fF)  (ps)  (ps)   (ps)  Location 
#---------------------------------------------------------------------------------------------------------------------------------
  u_debug_module/dmi_resp_data_reg[15]/CLK -       -       R     (arrival)                   32    -    40     0     150    (-,-) 
  u_debug_module/dmi_resp_data_reg[15]/QN  -       CLK->QN F     DFFASRHQNx1_ASAP7_75t_R      1  0.7    35    92     242    (-,-) 
  u_jtag_dtm/g3878/Y                       -       A->Y    R     INVxp33_ASAP7_75t_R          1  0.9    48    35     277    (-,-) 
  u_jtag_dtm/dmi_read_data_reg[15]/D       -       -       R     DFFASRHQNx1_ASAP7_75t_R      1    -     -     0     277    (-,-) 
#---------------------------------------------------------------------------------------------------------------------------------



Path 19: MET (3646 ps) Setup Check with Pin u_jtag_dtm/dmi_read_data_reg[14]/CLK->D
           View: view_ss
          Group: CLK_TCK
     Startpoint: (R) u_debug_module/dmi_resp_data_reg[14]/CLK
          Clock: (R) CLK_DBG
       Endpoint: (R) u_jtag_dtm/dmi_read_data_reg[14]/D
          Clock: (R) CLK_TCK

                        Capture       Launch     
           Path Delay:+    4000            -     
          Src Latency:+     100          150     
          Net Latency:+       0 (I)        0 (I) 
        Capture Clock:+       0                  
              Arrival:=    4100          150     
                                                 
                Setup:-      27                  
          Uncertainty:-     150                  
        Required Time:=    3923                  
         Launch Clock:-     150                  
            Data Path:-     127                  
                Slack:=    3646                  

Exceptions/Constraints:
  max_delay             4000            constraint.sdc_line_183   

#---------------------------------------------------------------------------------------------------------------------------------
#              Timing Point                Flags    Arc    Edge          Cell            Fanout Load Trans Delay Arrival Instance 
#                                                                                               (fF)  (ps)  (ps)   (ps)  Location 
#---------------------------------------------------------------------------------------------------------------------------------
  u_debug_module/dmi_resp_data_reg[14]/CLK -       -       R     (arrival)                   32    -    40     0     150    (-,-) 
  u_debug_module/dmi_resp_data_reg[14]/QN  -       CLK->QN F     DFFASRHQNx1_ASAP7_75t_R      1  0.7    35    92     242    (-,-) 
  u_jtag_dtm/g3848/Y                       -       A->Y    R     INVxp33_ASAP7_75t_R          1  0.9    48    35     277    (-,-) 
  u_jtag_dtm/dmi_read_data_reg[14]/D       -       -       R     DFFASRHQNx1_ASAP7_75t_R      1    -     -     0     277    (-,-) 
#---------------------------------------------------------------------------------------------------------------------------------



Path 20: MET (3646 ps) Setup Check with Pin u_jtag_dtm/dmi_read_data_reg[13]/CLK->D
           View: view_ss
          Group: CLK_TCK
     Startpoint: (R) u_debug_module/dmi_resp_data_reg[13]/CLK
          Clock: (R) CLK_DBG
       Endpoint: (R) u_jtag_dtm/dmi_read_data_reg[13]/D
          Clock: (R) CLK_TCK

                        Capture       Launch     
           Path Delay:+    4000            -     
          Src Latency:+     100          150     
          Net Latency:+       0 (I)        0 (I) 
        Capture Clock:+       0                  
              Arrival:=    4100          150     
                                                 
                Setup:-      27                  
          Uncertainty:-     150                  
        Required Time:=    3923                  
         Launch Clock:-     150                  
            Data Path:-     127                  
                Slack:=    3646                  

Exceptions/Constraints:
  max_delay             4000            constraint.sdc_line_183   

#---------------------------------------------------------------------------------------------------------------------------------
#              Timing Point                Flags    Arc    Edge          Cell            Fanout Load Trans Delay Arrival Instance 
#                                                                                               (fF)  (ps)  (ps)   (ps)  Location 
#---------------------------------------------------------------------------------------------------------------------------------
  u_debug_module/dmi_resp_data_reg[13]/CLK -       -       R     (arrival)                   32    -    40     0     150    (-,-) 
  u_debug_module/dmi_resp_data_reg[13]/QN  -       CLK->QN F     DFFASRHQNx1_ASAP7_75t_R      1  0.7    35    92     242    (-,-) 
  u_jtag_dtm/g3849/Y                       -       A->Y    R     INVxp33_ASAP7_75t_R          1  0.9    48    35     277    (-,-) 
  u_jtag_dtm/dmi_read_data_reg[13]/D       -       -       R     DFFASRHQNx1_ASAP7_75t_R      1    -     -     0     277    (-,-) 
#---------------------------------------------------------------------------------------------------------------------------------


