============================================================
  Generated by:           Genus(TM) Synthesis Solution 23.14-s090_1
  Generated on:           Sep 14 2026  04:17:46 pm
  Module:                 top_soc
  Operating conditions:   PVT_0P63V_100C 
  Operating conditions:   PVT_0P7V_25C 
  Interconnect mode:      global
  Area mode:              physical library
============================================================


Path 1: MET (2271 ps) Clock Gating Setup Check at cgic pin u_apb_cordic_cg_icg__RC_CG_HIER_INST18/RC_CGIC_INST/ENA
           View: view_ss
          Group: cg_enable_group_CLK_CORDIC
     Startpoint: (R) u_axi_to_apb_m_apb_paddr_reg[11]/CLK
          Clock: (R) CLK_SYS
       Endpoint: (R) u_apb_cordic_cg_icg__RC_CG_HIER_INST18/RC_CGIC_INST/ENA
          Clock: (R) CLK_CORDIC

                     Capture       Launch     
        Clock Edge:+    4000            0     
       Src Latency:+     100          150     
       Net Latency:+       0 (I)        0 (I) 
           Arrival:=    4100          150     
                                              
  Gate Check Setup:-      68                  
       Uncertainty:-     150                  
       Path Adjust:+    -100                  
     Required Time:=    3782                  
      Launch Clock:-     150                  
         Data Path:-    1361                  
             Slack:=    2271                  

Exceptions/Constraints:
  path_adjust             -100            zipped_path_adjust_1   

#------------------------------------------------------------------------------------------------------------------------------------------------
#                      Timing Point                       Flags    Arc    Edge          Cell            Fanout Load Trans Delay Arrival Instance 
#                                                                                                              (fF)  (ps)  (ps)   (ps)  Location 
#------------------------------------------------------------------------------------------------------------------------------------------------
  u_axi_to_apb_m_apb_paddr_reg[11]/CLK                    -       -       R     (arrival)                   69    -    40     0     150    (-,-) 
  u_axi_to_apb_m_apb_paddr_reg[11]/QN                     -       CLK->QN F     DFFASRHQNx1_ASAP7_75t_R      5  6.7    96   142     292    (-,-) 
  drc_bufs3091/Y                                          -       A->Y    R     INVxp33_ASAP7_75t_R          1  1.9   101    76     368    (-,-) 
  drc_bufs3090/Y                                          -       A->Y    F     INVxp67_ASAP7_75t_R          3  4.5    85    72     440    (-,-) 
  g202031/Y                                               -       B->Y    F     OR3x1_ASAP7_75t_R            2  3.4    47    76     516    (-,-) 
  g201438/Y                                               -       A->Y    R     NOR3xp33_ASAP7_75t_R         2  3.0   145    81     597    (-,-) 
  drc_bufs866/Y                                           -       A->Y    F     INVxp33_ASAP7_75t_R          1  1.8    86    78     675    (-,-) 
  drc_bufs864/Y                                           -       A->Y    R     INVxp33_ASAP7_75t_R          2  3.0   140    95     770    (-,-) 
  g201105/Y                                               -       B->Y    F     NAND2xp5_ASAP7_75t_R         3  4.3   107    87     857    (-,-) 
  g200945/Y                                               -       A->Y    R     INVxp67_ASAP7_75t_R          2  3.2    92    72     929    (-,-) 
  g200712/Y                                               -       A->Y    R     AND3x2_ASAP7_75t_R          13 17.2   133   119    1048    (-,-) 
  g200624/Y                                               -       A->Y    R     BUFx2_ASAP7_75t_R           13 16.5   123   106    1154    (-,-) 
  g200623/Y                                               -       A->Y    R     BUFx2_ASAP7_75t_R           15 18.6   138   111    1266    (-,-) 
  drc_buf_sp4849/Y                                        -       A->Y    R     BUFx2_ASAP7_75t_R           12 14.4   109   101    1366    (-,-) 
  drc_buf_sp4848/Y                                        -       A->Y    R     BUFx2_ASAP7_75t_R           12 14.2   107    95    1461    (-,-) 
  g200338/Y                                               -       A->Y    R     AND2x2_ASAP7_75t_R           1  1.9    25    50    1511    (-,-) 
  u_apb_cordic_cg_icg__RC_CG_HIER_INST18/RC_CGIC_INST/ENA -       -       R     ICGx1_ASAP7_75t_R            1    -     -     0    1511    (-,-) 
#------------------------------------------------------------------------------------------------------------------------------------------------



Path 2: MET (2616 ps) Clock Gating Setup Check at cgic pin u_apb_cordic_cg_icg__RC_CG_HIER_INST19/RC_CGIC_INST/ENA
           View: view_ss
          Group: cg_enable_group_CLK_CORDIC
     Startpoint: (R) u_axi_to_apb_m_apb_paddr_reg[30]/CLK
          Clock: (R) CLK_SYS
       Endpoint: (R) u_apb_cordic_cg_icg__RC_CG_HIER_INST19/RC_CGIC_INST/ENA
          Clock: (R) CLK_CORDIC

                     Capture       Launch     
        Clock Edge:+    4000            0     
       Src Latency:+     100          150     
       Net Latency:+       0 (I)        0 (I) 
           Arrival:=    4100          150     
                                              
  Gate Check Setup:-      83                  
       Uncertainty:-     150                  
       Path Adjust:+    -100                  
     Required Time:=    3767                  
      Launch Clock:-     150                  
         Data Path:-    1001                  
             Slack:=    2616                  

Exceptions/Constraints:
  path_adjust             -100            zipped_path_adjust_1   

#------------------------------------------------------------------------------------------------------------------------------------------------
#                      Timing Point                       Flags    Arc    Edge          Cell            Fanout Load Trans Delay Arrival Instance 
#                                                                                                              (fF)  (ps)  (ps)   (ps)  Location 
#------------------------------------------------------------------------------------------------------------------------------------------------
  u_axi_to_apb_m_apb_paddr_reg[30]/CLK                    -       -       R     (arrival)                   69    -    40     0     150    (-,-) 
  u_axi_to_apb_m_apb_paddr_reg[30]/QN                     -       CLK->QN R     DFFASRHQNx1_ASAP7_75t_R      1  1.8    47    99     249    (-,-) 
  g126619/Y                                               -       A->Y    F     INVxp33_ASAP7_75t_R          1  2.1    70    52     301    (-,-) 
  g126891/Y                                               -       A->Y    F     OR4x1_ASAP7_75t_R            2  3.2    48    83     384    (-,-) 
  g126885/Y                                               -       A->Y    F     OR5x1_ASAP7_75t_R            3  4.3    63    94     478    (-,-) 
  g126882/Y                                               -       A->Y    F     OR4x2_ASAP7_75t_R           10 15.4    97   124     603    (-,-) 
  g201456/Y                                               -       B->Y    R     NOR2x1_ASAP7_75t_R           5  6.5   111    77     680    (-,-) 
  drc_buf_sp4899/Y                                        -       A->Y    R     BUFx2_ASAP7_75t_R           13 15.8   118   100     780    (-,-) 
  g201307/Y                                               -       A->Y    F     INVxp33_ASAP7_75t_R          1  2.7   102    86     867    (-,-) 
  g201110/Y                                               -       A->Y    R     NOR3x1_ASAP7_75t_R           4  5.6   106    71     938    (-,-) 
  g200658/Y                                               -       A->Y    R     AND3x1_ASAP7_75t_R           2  3.0    53    73    1011    (-,-) 
  g200336/Y                                               -       B->Y    F     NAND2xp33_ASAP7_75t_R        2  3.0   103    62    1073    (-,-) 
  g126599/Y                                               -       A->Y    R     INVxp33_ASAP7_75t_R          1  1.9   103    78    1151    (-,-) 
  u_apb_cordic_cg_icg__RC_CG_HIER_INST19/RC_CGIC_INST/ENA -       -       R     ICGx1_ASAP7_75t_R            1    -     -     0    1151    (-,-) 
#------------------------------------------------------------------------------------------------------------------------------------------------



Path 3: MET (2724 ps) Clock Gating Setup Check at cgic pin u_apb_cordic_cg_icg__RC_CG_HIER_INST16/RC_CGIC_INST/ENA
           View: view_ss
          Group: cg_enable_group_CLK_CORDIC
     Startpoint: (R) u_axi_to_apb_m_apb_paddr_reg[30]/CLK
          Clock: (R) CLK_SYS
       Endpoint: (R) u_apb_cordic_cg_icg__RC_CG_HIER_INST16/RC_CGIC_INST/ENA
          Clock: (R) CLK_CORDIC

                     Capture       Launch     
        Clock Edge:+    4000            0     
       Src Latency:+     100          150     
       Net Latency:+       0 (I)        0 (I) 
           Arrival:=    4100          150     
                                              
  Gate Check Setup:-      89                  
       Uncertainty:-     150                  
       Path Adjust:+    -100                  
     Required Time:=    3761                  
      Launch Clock:-     150                  
         Data Path:-     888                  
             Slack:=    2724                  

Exceptions/Constraints:
  path_adjust             -100            zipped_path_adjust_1   

#------------------------------------------------------------------------------------------------------------------------------------------------
#                      Timing Point                       Flags    Arc    Edge          Cell            Fanout Load Trans Delay Arrival Instance 
#                                                                                                              (fF)  (ps)  (ps)   (ps)  Location 
#------------------------------------------------------------------------------------------------------------------------------------------------
  u_axi_to_apb_m_apb_paddr_reg[30]/CLK                    -       -       R     (arrival)                   69    -    40     0     150    (-,-) 
  u_axi_to_apb_m_apb_paddr_reg[30]/QN                     -       CLK->QN R     DFFASRHQNx1_ASAP7_75t_R      1  1.8    47    99     249    (-,-) 
  g126619/Y                                               -       A->Y    F     INVxp33_ASAP7_75t_R          1  2.1    70    52     301    (-,-) 
  g126891/Y                                               -       A->Y    F     OR4x1_ASAP7_75t_R            2  3.2    48    83     384    (-,-) 
  g126885/Y                                               -       A->Y    F     OR5x1_ASAP7_75t_R            3  4.3    63    94     478    (-,-) 
  g126882/Y                                               -       A->Y    F     OR4x2_ASAP7_75t_R           10 15.4    97   124     603    (-,-) 
  g201456/Y                                               -       B->Y    R     NOR2x1_ASAP7_75t_R           5  6.5   111    77     680    (-,-) 
  drc_buf_sp4899/Y                                        -       A->Y    R     BUFx2_ASAP7_75t_R           13 15.8   118   100     780    (-,-) 
  g201311/Y                                               -       A->Y    R     BUFx2_ASAP7_75t_R           12 14.8   111    98     879    (-,-) 
  g204298/Y                                               -       C->Y    F     A2O1A1Ixp33_ASAP7_75t_R      1  1.8    82    66     945    (-,-) 
  g204297/Y                                               -       A->Y    R     INVxp33_ASAP7_75t_R          2  3.0   139    93    1038    (-,-) 
  u_apb_cordic_cg_icg__RC_CG_HIER_INST16/RC_CGIC_INST/ENA -       -       R     ICGx1_ASAP7_75t_R            2    -     -     0    1038    (-,-) 
#------------------------------------------------------------------------------------------------------------------------------------------------



Path 4: MET (2728 ps) Clock Gating Setup Check at cgic pin u_apb_cordic_cg_icg__RC_CG_HIER_INST15/RC_CGIC_INST/ENA
           View: view_ss
          Group: cg_enable_group_CLK_CORDIC
     Startpoint: (R) u_axi_to_apb_m_apb_paddr_reg[30]/CLK
          Clock: (R) CLK_SYS
       Endpoint: (R) u_apb_cordic_cg_icg__RC_CG_HIER_INST15/RC_CGIC_INST/ENA
          Clock: (R) CLK_CORDIC

                     Capture       Launch     
        Clock Edge:+    4000            0     
       Src Latency:+     100          150     
       Net Latency:+       0 (I)        0 (I) 
           Arrival:=    4100          150     
                                              
  Gate Check Setup:-      68                  
       Uncertainty:-     150                  
       Path Adjust:+    -100                  
     Required Time:=    3782                  
      Launch Clock:-     150                  
         Data Path:-     905                  
             Slack:=    2728                  

Exceptions/Constraints:
  path_adjust             -100            zipped_path_adjust_1   

#------------------------------------------------------------------------------------------------------------------------------------------------
#                      Timing Point                       Flags    Arc    Edge          Cell            Fanout Load Trans Delay Arrival Instance 
#                                                                                                              (fF)  (ps)  (ps)   (ps)  Location 
#------------------------------------------------------------------------------------------------------------------------------------------------
  u_axi_to_apb_m_apb_paddr_reg[30]/CLK                    -       -       R     (arrival)                   69    -    40     0     150    (-,-) 
  u_axi_to_apb_m_apb_paddr_reg[30]/QN                     -       CLK->QN R     DFFASRHQNx1_ASAP7_75t_R      1  1.8    47    99     249    (-,-) 
  g126619/Y                                               -       A->Y    F     INVxp33_ASAP7_75t_R          1  2.1    70    52     301    (-,-) 
  g126891/Y                                               -       A->Y    F     OR4x1_ASAP7_75t_R            2  3.2    48    83     384    (-,-) 
  g126885/Y                                               -       A->Y    F     OR5x1_ASAP7_75t_R            3  4.3    63    94     478    (-,-) 
  g126882/Y                                               -       A->Y    F     OR4x2_ASAP7_75t_R           10 15.4    97   124     603    (-,-) 
  g201456/Y                                               -       B->Y    R     NOR2x1_ASAP7_75t_R           5  6.5   111    77     680    (-,-) 
  drc_buf_sp4899/Y                                        -       A->Y    R     BUFx2_ASAP7_75t_R           13 15.8   118   100     780    (-,-) 
  g201307/Y                                               -       A->Y    F     INVxp33_ASAP7_75t_R          1  2.7   102    86     867    (-,-) 
  g201110/Y                                               -       A->Y    R     NOR3x1_ASAP7_75t_R           4  5.6   106    71     938    (-,-) 
  g200658/Y                                               -       A->Y    R     AND3x1_ASAP7_75t_R           2  3.0    53    73    1011    (-,-) 
  g200330/Y                                               -       B->Y    R     AND2x2_ASAP7_75t_R           1  1.9    24    44    1055    (-,-) 
  u_apb_cordic_cg_icg__RC_CG_HIER_INST15/RC_CGIC_INST/ENA -       -       R     ICGx1_ASAP7_75t_R            1    -     -     0    1055    (-,-) 
#------------------------------------------------------------------------------------------------------------------------------------------------



Path 5: MET (2737 ps) Clock Gating Setup Check at cgic pin u_apb_cordic_cg_icg__RC_CG_HIER_INST17/RC_CGIC_INST/ENA
           View: view_ss
          Group: cg_enable_group_CLK_CORDIC
     Startpoint: (R) u_axi_to_apb_m_apb_paddr_reg[11]/CLK
          Clock: (R) CLK_SYS
       Endpoint: (R) u_apb_cordic_cg_icg__RC_CG_HIER_INST17/RC_CGIC_INST/ENA
          Clock: (R) CLK_CORDIC

                     Capture       Launch     
        Clock Edge:+    4000            0     
       Src Latency:+     100          150     
       Net Latency:+       0 (I)        0 (I) 
           Arrival:=    4100          150     
                                              
  Gate Check Setup:-      71                  
       Uncertainty:-     150                  
       Path Adjust:+    -100                  
     Required Time:=    3779                  
      Launch Clock:-     150                  
         Data Path:-     892                  
             Slack:=    2737                  

Exceptions/Constraints:
  path_adjust             -100            zipped_path_adjust_1   

#------------------------------------------------------------------------------------------------------------------------------------------------
#                      Timing Point                       Flags    Arc    Edge          Cell            Fanout Load Trans Delay Arrival Instance 
#                                                                                                              (fF)  (ps)  (ps)   (ps)  Location 
#------------------------------------------------------------------------------------------------------------------------------------------------
  u_axi_to_apb_m_apb_paddr_reg[11]/CLK                    -       -       R     (arrival)                   69    -    40     0     150    (-,-) 
  u_axi_to_apb_m_apb_paddr_reg[11]/QN                     -       CLK->QN F     DFFASRHQNx1_ASAP7_75t_R      5  6.7    96   142     292    (-,-) 
  drc_bufs3091/Y                                          -       A->Y    R     INVxp33_ASAP7_75t_R          1  1.9   101    76     368    (-,-) 
  drc_bufs3090/Y                                          -       A->Y    F     INVxp67_ASAP7_75t_R          3  4.5    85    72     440    (-,-) 
  g202031/Y                                               -       B->Y    F     OR3x1_ASAP7_75t_R            2  3.4    47    76     516    (-,-) 
  g201438/Y                                               -       A->Y    R     NOR3xp33_ASAP7_75t_R         2  3.0   145    81     597    (-,-) 
  g201106/Y                                               -       B->Y    F     NAND2xp5_ASAP7_75t_R         4  5.6   129   103     700    (-,-) 
  g200818/Y                                               -       B->Y    R     NOR2xp67_ASAP7_75t_R         3  4.2   118    84     784    (-,-) 
  drc_bufs809/Y                                           -       A->Y    F     INVxp33_ASAP7_75t_R          2  2.9   107    90     874    (-,-) 
  g200555/Y                                               -       B->Y    R     NOR2xp33_ASAP7_75t_R         2  3.1   149    99     973    (-,-) 
  g200022/Y                                               -       B->Y    R     AND3x1_ASAP7_75t_R           1  1.9    39    69    1042    (-,-) 
  u_apb_cordic_cg_icg__RC_CG_HIER_INST17/RC_CGIC_INST/ENA -       -       R     ICGx1_ASAP7_75t_R            1    -     -     0    1042    (-,-) 
#------------------------------------------------------------------------------------------------------------------------------------------------



Path 6: MET (2879 ps) Clock Gating Setup Check at cgic pin u_apb_cordic_cg_icg__RC_CG_HIER_INST20/RC_CGIC_INST/ENA
           View: view_ss
          Group: cg_enable_group_CLK_CORDIC
     Startpoint: (R) u_apb_cordic_iter_cnt_reg[0]/CLK
          Clock: (R) CLK_CORDIC
       Endpoint: (R) u_apb_cordic_cg_icg__RC_CG_HIER_INST20/RC_CGIC_INST/ENA
          Clock: (R) CLK_CORDIC

                     Capture       Launch     
        Clock Edge:+    4000            0     
       Src Latency:+     100          150     
       Net Latency:+       0 (I)        0 (I) 
           Arrival:=    4100          150     
                                              
  Gate Check Setup:-      81                  
       Uncertainty:-     150                  
       Path Adjust:+    -100                  
     Required Time:=    3769                  
      Launch Clock:-     150                  
         Data Path:-     740                  
             Slack:=    2879                  

Exceptions/Constraints:
  path_adjust             -100            zipped_path_adjust_1   

#------------------------------------------------------------------------------------------------------------------------------------------------
#                      Timing Point                       Flags    Arc    Edge          Cell            Fanout Load Trans Delay Arrival Instance 
#                                                                                                              (fF)  (ps)  (ps)   (ps)  Location 
#------------------------------------------------------------------------------------------------------------------------------------------------
  u_apb_cordic_iter_cnt_reg[0]/CLK                        -       -       R     (arrival)                    4    -    40     0     150    (-,-) 
  u_apb_cordic_iter_cnt_reg[0]/QN                         -       CLK->QN F     DFFASRHQNx1_ASAP7_75t_R      1  2.4    55   112     262    (-,-) 
  g166400/Y                                               -       A->Y    F     BUFx4f_ASAP7_75t_R          18 24.9    69    72     333    (-,-) 
  g203773/Y                                               -       A->Y    R     INVx2_ASAP7_75t_R           15 19.5   145    91     424    (-,-) 
  g203768/Y                                               -       A->Y    F     INVx2_ASAP7_75t_R           14 17.7   114    98     522    (-,-) 
  g203367/Y                                               -       B->Y    F     AND2x2_ASAP7_75t_R           5  6.2    41    73     596    (-,-) 
  g201756/Y                                               -       B->Y    R     NAND2xp33_ASAP7_75t_R        2  2.8   132    76     671    (-,-) 
  g201625/Y                                               -       A->Y    F     INVxp33_ASAP7_75t_R          2  3.1   115    98     769    (-,-) 
  g201047/Y                                               -       A2->Y   F     AO21x1_ASAP7_75t_R           2  3.0    39    65     834    (-,-) 
  g126582/Y                                               -       A->Y    R     INVxp33_ASAP7_75t_R          1  1.9    88    56     890    (-,-) 
  u_apb_cordic_cg_icg__RC_CG_HIER_INST20/RC_CGIC_INST/ENA -       -       R     ICGx1_ASAP7_75t_R            1    -     -     0     890    (-,-) 
#------------------------------------------------------------------------------------------------------------------------------------------------



Path 7: MET (3226 ps) Clock Gating Setup Check at cgic pin u_apb_cordic_cg_icg__RC_CG_HIER_INST13/RC_CGIC_INST/ENA
           View: view_ss
          Group: cg_enable_group_CLK_CORDIC
     Startpoint: (R) u_apb_cordic_state_reg[0]/CLK
          Clock: (R) CLK_CORDIC
       Endpoint: (R) u_apb_cordic_cg_icg__RC_CG_HIER_INST13/RC_CGIC_INST/ENA
          Clock: (R) CLK_CORDIC

                     Capture       Launch     
        Clock Edge:+    4000            0     
       Src Latency:+     100          150     
       Net Latency:+       0 (I)        0 (I) 
           Arrival:=    4100          150     
                                              
  Gate Check Setup:-      83                  
       Uncertainty:-     150                  
       Path Adjust:+    -100                  
     Required Time:=    3767                  
      Launch Clock:-     150                  
         Data Path:-     391                  
             Slack:=    3226                  

Exceptions/Constraints:
  path_adjust             -100            zipped_path_adjust_1   

#------------------------------------------------------------------------------------------------------------------------------------------------
#                      Timing Point                       Flags    Arc    Edge          Cell            Fanout Load Trans Delay Arrival Instance 
#                                                                                                              (fF)  (ps)  (ps)   (ps)  Location 
#------------------------------------------------------------------------------------------------------------------------------------------------
  u_apb_cordic_state_reg[0]/CLK                           -       -       R     (arrival)                   15    -    40     0     150    (-,-) 
  u_apb_cordic_state_reg[0]/QN                            -       CLK->QN F     DFFASRHQNx1_ASAP7_75t_R      4  6.7    96   142     292    (-,-) 
  drc_bufs800/Y                                           -       A->Y    R     INVx3_ASAP7_75t_R           19 23.3   125    88     381    (-,-) 
  g203232/Y                                               -       B->Y    F     NAND2xp33_ASAP7_75t_R        2  2.8   103    82     463    (-,-) 
  g126584/Y                                               -       A->Y    R     INVxp33_ASAP7_75t_R          1  1.9   103    78     541    (-,-) 
  u_apb_cordic_cg_icg__RC_CG_HIER_INST13/RC_CGIC_INST/ENA -       -       R     ICGx1_ASAP7_75t_R            1    -     -     0     541    (-,-) 
#------------------------------------------------------------------------------------------------------------------------------------------------



Path 8: MET (3235 ps) Clock Gating Setup Check at cgic pin u_apb_cordic_cg_icg__RC_CG_HIER_INST14/RC_CGIC_INST/ENA
           View: view_ss
          Group: cg_enable_group_CLK_CORDIC
     Startpoint: (R) u_apb_cordic_state_reg[1]/CLK
          Clock: (R) CLK_CORDIC
       Endpoint: (R) u_apb_cordic_cg_icg__RC_CG_HIER_INST14/RC_CGIC_INST/ENA
          Clock: (R) CLK_CORDIC

                     Capture       Launch     
        Clock Edge:+    4000            0     
       Src Latency:+     100          150     
       Net Latency:+       0 (I)        0 (I) 
           Arrival:=    4100          150     
                                              
  Gate Check Setup:-      84                  
       Uncertainty:-     150                  
       Path Adjust:+    -100                  
     Required Time:=    3766                  
      Launch Clock:-     150                  
         Data Path:-     381                  
             Slack:=    3235                  

Exceptions/Constraints:
  path_adjust             -100            zipped_path_adjust_1   

#------------------------------------------------------------------------------------------------------------------------------------------------
#                      Timing Point                       Flags    Arc    Edge          Cell            Fanout Load Trans Delay Arrival Instance 
#                                                                                                              (fF)  (ps)  (ps)   (ps)  Location 
#------------------------------------------------------------------------------------------------------------------------------------------------
  u_apb_cordic_state_reg[1]/CLK                           -       -       R     (arrival)                   15    -    40     0     150    (-,-) 
  u_apb_cordic_state_reg[1]/QN                            -       CLK->QN F     DFFASRHQNx1_ASAP7_75t_R      4  6.2    91   139     289    (-,-) 
  drc_bufs3034/Y                                          -       A->Y    R     INVxp33_ASAP7_75t_R          1  1.9   100    74     364    (-,-) 
  drc_bufs3033/Y                                          -       A->Y    F     INVxp67_ASAP7_75t_R          5  6.5   111    88     452    (-,-) 
  g201646/Y                                               -       B->Y    R     AOI21xp33_ASAP7_75t_R        1  1.9   109    79     531    (-,-) 
  u_apb_cordic_cg_icg__RC_CG_HIER_INST14/RC_CGIC_INST/ENA -       -       R     ICGx1_ASAP7_75t_R            1    -     -     0     531    (-,-) 
#------------------------------------------------------------------------------------------------------------------------------------------------


