============================================================
  Generated by:           Genus(TM) Synthesis Solution 23.14-s090_1
  Generated on:           Sep 14 2026  08:13:02 pm
  Module:                 top_soc
  Operating conditions:   PVT_0P63V_100C 
  Operating conditions:   PVT_0P7V_25C 
  Interconnect mode:      global
  Area mode:              physical library
============================================================


Path 1: MET (2556 ps) Clock Gating Setup Check at cgic pin u_apb_gpio/cg_icg__RC_CG_HIER_INST25/RC_CGIC_INST/ENA
           View: view_ss
          Group: cg_enable_group_CLK_GPIO
     Startpoint: (R) u_axi_to_apb_m_apb_paddr_reg[0]/CLK
          Clock: (R) CLK_SYS
       Endpoint: (R) u_apb_gpio/cg_icg__RC_CG_HIER_INST25/RC_CGIC_INST/ENA
          Clock: (R) CLK_GPIO

                     Capture       Launch     
        Clock Edge:+    4000            0     
       Src Latency:+     100          150     
       Net Latency:+       0 (I)        0 (I) 
           Arrival:=    4100          150     
                                              
  Gate Check Setup:-      82                  
       Uncertainty:-     150                  
     Required Time:=    3868                  
      Launch Clock:-     150                  
         Data Path:-    1162                  
             Slack:=    2556                  

#----------------------------------------------------------------------------------------------------------------------------------------------
#                     Timing Point                      Flags    Arc    Edge          Cell            Fanout Load Trans Delay Arrival Instance 
#                                                                                                            (fF)  (ps)  (ps)   (ps)  Location 
#----------------------------------------------------------------------------------------------------------------------------------------------
  u_axi_to_apb_m_apb_paddr_reg[0]/CLK                   -       -       R     (arrival)                   69    -    40     0     150    (-,-) 
  u_axi_to_apb_m_apb_paddr_reg[0]/QN                    -       CLK->QN F     DFFASRHQNx1_ASAP7_75t_R      4  6.1    90   139     289    (-,-) 
  g125443/Y                                             -       A->Y    F     HB2xp67_ASAP7_75t_R          5  6.5   106   126     414    (-,-) 
  u_apb_gpio/g12953/Y                                   -       E->Y    R     NOR5xp2_ASAP7_75t_L          1  1.8   147    76     490    (-,-) 
  u_apb_gpio/drc/Y                                      -       A->Y    R     HB1xp67_ASAP7_75t_R          1  1.8    48    70     560    (-,-) 
  u_apb_gpio/drc_bufs13413/Y                            -       A->Y    F     INVxp33_ASAP7_75t_R          1  1.8    62    48     608    (-,-) 
  u_apb_gpio/drc_bufs13412/Y                            -       A->Y    R     INVxp33_ASAP7_75t_R          1  2.0    96    66     674    (-,-) 
  u_apb_gpio/g12904/Y                                   -       B->Y    R     AND2x2_ASAP7_75t_R           3  4.3    41    62     736    (-,-) 
  u_apb_gpio/g12899/Y                                   -       B->Y    R     AND2x2_ASAP7_75t_R           3  4.4    42    50     786    (-,-) 
  u_apb_gpio/g12889/Y                                   -       B->Y    F     NAND2xp5_ASAP7_75t_R         2  2.8    63    44     829    (-,-) 
  u_apb_gpio/g12887/Y                                   -       B->Y    R     NOR2xp33_ASAP7_75t_R         1  1.9    98    62     892    (-,-) 
  u_apb_gpio/drc_bufs13398/Y                            -       A->Y    F     INVxp67_ASAP7_75t_R          2  4.4    83    70     962    (-,-) 
  u_apb_gpio/drc_bufs13397/Y                            -       A->Y    R     INVx2_ASAP7_75t_R           15 17.7   136    91    1053    (-,-) 
  u_apb_gpio/g12882/Y                                   -       A->Y    R     HB1xp67_ASAP7_75t_R          5  6.7   148   115    1168    (-,-) 
  u_apb_gpio/g12881/Y                                   -       A->Y    F     INVxp33_ASAP7_75t_R          1  1.8    87    79    1247    (-,-) 
  u_apb_gpio/g12863/Y                                   -       A->Y    R     NOR2xp33_ASAP7_75t_R         1  1.9    96    65    1312    (-,-) 
  u_apb_gpio/cg_icg__RC_CG_HIER_INST25/RC_CGIC_INST/ENA -       -       R     ICGx1_ASAP7_75t_R            1    -     -     0    1312    (-,-) 
#----------------------------------------------------------------------------------------------------------------------------------------------



Path 2: MET (2597 ps) Clock Gating Setup Check at cgic pin u_apb_gpio/cg_icg__RC_CG_HIER_INST22/RC_CGIC_INST/ENA
           View: view_ss
          Group: cg_enable_group_CLK_GPIO
     Startpoint: (R) u_axi_to_apb_m_apb_paddr_reg[0]/CLK
          Clock: (R) CLK_SYS
       Endpoint: (R) u_apb_gpio/cg_icg__RC_CG_HIER_INST22/RC_CGIC_INST/ENA
          Clock: (R) CLK_GPIO

                     Capture       Launch     
        Clock Edge:+    4000            0     
       Src Latency:+     100          150     
       Net Latency:+       0 (I)        0 (I) 
           Arrival:=    4100          150     
                                              
  Gate Check Setup:-      82                  
       Uncertainty:-     150                  
     Required Time:=    3868                  
      Launch Clock:-     150                  
         Data Path:-    1121                  
             Slack:=    2597                  

#----------------------------------------------------------------------------------------------------------------------------------------------
#                     Timing Point                      Flags    Arc    Edge          Cell            Fanout Load Trans Delay Arrival Instance 
#                                                                                                            (fF)  (ps)  (ps)   (ps)  Location 
#----------------------------------------------------------------------------------------------------------------------------------------------
  u_axi_to_apb_m_apb_paddr_reg[0]/CLK                   -       -       R     (arrival)                   69    -    40     0     150    (-,-) 
  u_axi_to_apb_m_apb_paddr_reg[0]/QN                    -       CLK->QN F     DFFASRHQNx1_ASAP7_75t_R      4  6.1    90   139     289    (-,-) 
  g125443/Y                                             -       A->Y    F     HB2xp67_ASAP7_75t_R          5  6.5   106   126     414    (-,-) 
  u_apb_gpio/g12953/Y                                   -       E->Y    R     NOR5xp2_ASAP7_75t_L          1  1.8   147    76     490    (-,-) 
  u_apb_gpio/drc/Y                                      -       A->Y    R     HB1xp67_ASAP7_75t_R          1  1.8    48    70     560    (-,-) 
  u_apb_gpio/drc_bufs13413/Y                            -       A->Y    F     INVxp33_ASAP7_75t_R          1  1.8    62    48     608    (-,-) 
  u_apb_gpio/drc_bufs13412/Y                            -       A->Y    R     INVxp33_ASAP7_75t_R          1  2.0    96    66     674    (-,-) 
  u_apb_gpio/g12904/Y                                   -       B->Y    R     AND2x2_ASAP7_75t_R           3  4.3    41    62     736    (-,-) 
  u_apb_gpio/g12900/Y                                   -       B->Y    R     AND2x2_ASAP7_75t_R           3  4.4    40    50     786    (-,-) 
  u_apb_gpio/g12890/Y                                   -       B->Y    F     NAND2xp5_ASAP7_75t_R         2  2.8    63    43     829    (-,-) 
  u_apb_gpio/g12875/Y                                   -       B->Y    R     NOR2xp33_ASAP7_75t_R         1  1.9    98    62     892    (-,-) 
  u_apb_gpio/drc_bufs13405/Y                            -       A->Y    F     INVxp67_ASAP7_75t_R          2  4.4    83    70     962    (-,-) 
  u_apb_gpio/drc_bufs13403/Y                            -       A->Y    R     INVx2_ASAP7_75t_R           11 13.2   106    76    1038    (-,-) 
  u_apb_gpio/g12871/Y                                   -       A->Y    R     BUFx2_ASAP7_75t_R           12 15.0   112    97    1135    (-,-) 
  u_apb_gpio/g12870/Y                                   -       A->Y    F     INVxp33_ASAP7_75t_R          1  1.8    77    69    1204    (-,-) 
  u_apb_gpio/g12861/Y                                   -       B->Y    R     NOR2xp33_ASAP7_75t_R         1  1.9    97    67    1271    (-,-) 
  u_apb_gpio/cg_icg__RC_CG_HIER_INST22/RC_CGIC_INST/ENA -       -       R     ICGx1_ASAP7_75t_R            1    -     -     0    1271    (-,-) 
#----------------------------------------------------------------------------------------------------------------------------------------------



Path 3: MET (2626 ps) Clock Gating Setup Check at cgic pin u_apb_gpio/cg_icg__RC_CG_HIER_INST23/RC_CGIC_INST/ENA
           View: view_ss
          Group: cg_enable_group_CLK_GPIO
     Startpoint: (R) u_axi_to_apb_m_apb_paddr_reg[0]/CLK
          Clock: (R) CLK_SYS
       Endpoint: (R) u_apb_gpio/cg_icg__RC_CG_HIER_INST23/RC_CGIC_INST/ENA
          Clock: (R) CLK_GPIO

                     Capture       Launch     
        Clock Edge:+    4000            0     
       Src Latency:+     100          150     
       Net Latency:+       0 (I)        0 (I) 
           Arrival:=    4100          150     
                                              
  Gate Check Setup:-      82                  
       Uncertainty:-     150                  
     Required Time:=    3868                  
      Launch Clock:-     150                  
         Data Path:-    1091                  
             Slack:=    2626                  

#----------------------------------------------------------------------------------------------------------------------------------------------
#                     Timing Point                      Flags    Arc    Edge          Cell            Fanout Load Trans Delay Arrival Instance 
#                                                                                                            (fF)  (ps)  (ps)   (ps)  Location 
#----------------------------------------------------------------------------------------------------------------------------------------------
  u_axi_to_apb_m_apb_paddr_reg[0]/CLK                   -       -       R     (arrival)                   69    -    40     0     150    (-,-) 
  u_axi_to_apb_m_apb_paddr_reg[0]/QN                    -       CLK->QN F     DFFASRHQNx1_ASAP7_75t_R      4  6.1    90   139     289    (-,-) 
  g125443/Y                                             -       A->Y    F     HB2xp67_ASAP7_75t_R          5  6.5   106   126     414    (-,-) 
  u_apb_gpio/g12953/Y                                   -       E->Y    R     NOR5xp2_ASAP7_75t_L          1  1.8   147    76     490    (-,-) 
  u_apb_gpio/drc/Y                                      -       A->Y    R     HB1xp67_ASAP7_75t_R          1  1.8    48    70     560    (-,-) 
  u_apb_gpio/drc_bufs13413/Y                            -       A->Y    F     INVxp33_ASAP7_75t_R          1  1.8    62    48     608    (-,-) 
  u_apb_gpio/drc_bufs13412/Y                            -       A->Y    R     INVxp33_ASAP7_75t_R          1  2.0    96    66     674    (-,-) 
  u_apb_gpio/g12904/Y                                   -       B->Y    R     AND2x2_ASAP7_75t_R           3  4.3    41    62     736    (-,-) 
  u_apb_gpio/g12900/Y                                   -       B->Y    R     AND2x2_ASAP7_75t_R           3  4.4    40    50     786    (-,-) 
  u_apb_gpio/g12890/Y                                   -       B->Y    F     NAND2xp5_ASAP7_75t_R         2  2.8    63    43     829    (-,-) 
  u_apb_gpio/g12888/Y                                   -       A->Y    R     INVxp33_ASAP7_75t_R          1  2.0    97    66     896    (-,-) 
  u_apb_gpio/g12874/Y                                   -       B->Y    R     AND2x2_ASAP7_75t_R           1  2.0    26    53     949    (-,-) 
  u_apb_gpio/drc_buf_sp13469/Y                          -       A->Y    R     HB2xp67_ASAP7_75t_R          2  3.4    81    76    1024    (-,-) 
  u_apb_gpio/drc_buf_sp13467/Y                          -       A->Y    R     BUFx3_ASAP7_75t_R           17 20.0   101    85    1110    (-,-) 
  u_apb_gpio/g12868/Y                                   -       A->Y    F     INVxp33_ASAP7_75t_R          1  1.8    74    65    1175    (-,-) 
  u_apb_gpio/g12860/Y                                   -       B->Y    R     NOR2xp33_ASAP7_75t_R         1  1.9    96    66    1241    (-,-) 
  u_apb_gpio/cg_icg__RC_CG_HIER_INST23/RC_CGIC_INST/ENA -       -       R     ICGx1_ASAP7_75t_R            1    -     -     0    1241    (-,-) 
#----------------------------------------------------------------------------------------------------------------------------------------------



Path 4: MET (2732 ps) Clock Gating Setup Check at cgic pin u_apb_gpio/cg_icg__RC_CG_HIER_INST27/RC_CGIC_INST/ENA
           View: view_ss
          Group: cg_enable_group_CLK_GPIO
     Startpoint: (R) u_axi_to_apb_m_apb_paddr_reg[0]/CLK
          Clock: (R) CLK_SYS
       Endpoint: (R) u_apb_gpio/cg_icg__RC_CG_HIER_INST27/RC_CGIC_INST/ENA
          Clock: (R) CLK_GPIO

                     Capture       Launch     
        Clock Edge:+    4000            0     
       Src Latency:+     100          150     
       Net Latency:+       0 (I)        0 (I) 
           Arrival:=    4100          150     
                                              
  Gate Check Setup:-      82                  
       Uncertainty:-     150                  
     Required Time:=    3868                  
      Launch Clock:-     150                  
         Data Path:-     985                  
             Slack:=    2732                  

#----------------------------------------------------------------------------------------------------------------------------------------------
#                     Timing Point                      Flags    Arc    Edge          Cell            Fanout Load Trans Delay Arrival Instance 
#                                                                                                            (fF)  (ps)  (ps)   (ps)  Location 
#----------------------------------------------------------------------------------------------------------------------------------------------
  u_axi_to_apb_m_apb_paddr_reg[0]/CLK                   -       -       R     (arrival)                   69    -    40     0     150    (-,-) 
  u_axi_to_apb_m_apb_paddr_reg[0]/QN                    -       CLK->QN F     DFFASRHQNx1_ASAP7_75t_R      4  6.1    90   139     289    (-,-) 
  g125443/Y                                             -       A->Y    F     HB2xp67_ASAP7_75t_R          5  6.5   106   126     414    (-,-) 
  u_apb_gpio/g12953/Y                                   -       E->Y    R     NOR5xp2_ASAP7_75t_L          1  1.8   147    76     490    (-,-) 
  u_apb_gpio/drc/Y                                      -       A->Y    R     HB1xp67_ASAP7_75t_R          1  1.8    48    70     560    (-,-) 
  u_apb_gpio/drc_bufs13413/Y                            -       A->Y    F     INVxp33_ASAP7_75t_R          1  1.8    62    48     608    (-,-) 
  u_apb_gpio/drc_bufs13412/Y                            -       A->Y    R     INVxp33_ASAP7_75t_R          1  2.0    96    66     674    (-,-) 
  u_apb_gpio/g12904/Y                                   -       B->Y    R     AND2x2_ASAP7_75t_R           3  4.3    41    62     736    (-,-) 
  u_apb_gpio/g12900/Y                                   -       B->Y    R     AND2x2_ASAP7_75t_R           3  4.4    40    50     786    (-,-) 
  u_apb_gpio/g12886/Y                                   -       A->Y    R     AND3x1_ASAP7_75t_R           1  2.0    40    52     838    (-,-) 
  u_apb_gpio/drc_buf_sp13494/Y                          -       A->Y    R     HB2xp67_ASAP7_75t_R          2  3.4    81    81     919    (-,-) 
  u_apb_gpio/drc_buf_sp13493/Y                          -       A->Y    R     BUFx3_ASAP7_75t_R           17 19.8   100    85    1004    (-,-) 
  u_apb_gpio/g12878/Y                                   -       A->Y    F     INVxp33_ASAP7_75t_R          1  1.8    74    65    1069    (-,-) 
  u_apb_gpio/g12859/Y                                   -       B->Y    R     NOR2xp33_ASAP7_75t_R         1  1.9    96    66    1135    (-,-) 
  u_apb_gpio/cg_icg__RC_CG_HIER_INST27/RC_CGIC_INST/ENA -       -       R     ICGx1_ASAP7_75t_R            1    -     -     0    1135    (-,-) 
#----------------------------------------------------------------------------------------------------------------------------------------------



Path 5: MET (2736 ps) Clock Gating Setup Check at cgic pin u_apb_gpio/cg_icg__RC_CG_HIER_INST24/RC_CGIC_INST/ENA
           View: view_ss
          Group: cg_enable_group_CLK_GPIO
     Startpoint: (R) u_axi_to_apb_m_apb_paddr_reg[0]/CLK
          Clock: (R) CLK_SYS
       Endpoint: (R) u_apb_gpio/cg_icg__RC_CG_HIER_INST24/RC_CGIC_INST/ENA
          Clock: (R) CLK_GPIO

                     Capture       Launch     
        Clock Edge:+    4000            0     
       Src Latency:+     100          150     
       Net Latency:+       0 (I)        0 (I) 
           Arrival:=    4100          150     
                                              
  Gate Check Setup:-      82                  
       Uncertainty:-     150                  
     Required Time:=    3868                  
      Launch Clock:-     150                  
         Data Path:-     982                  
             Slack:=    2736                  

#----------------------------------------------------------------------------------------------------------------------------------------------
#                     Timing Point                      Flags    Arc    Edge          Cell            Fanout Load Trans Delay Arrival Instance 
#                                                                                                            (fF)  (ps)  (ps)   (ps)  Location 
#----------------------------------------------------------------------------------------------------------------------------------------------
  u_axi_to_apb_m_apb_paddr_reg[0]/CLK                   -       -       R     (arrival)                   69    -    40     0     150    (-,-) 
  u_axi_to_apb_m_apb_paddr_reg[0]/QN                    -       CLK->QN F     DFFASRHQNx1_ASAP7_75t_R      4  6.1    90   139     289    (-,-) 
  g125443/Y                                             -       A->Y    F     HB2xp67_ASAP7_75t_R          5  6.5   106   126     414    (-,-) 
  u_apb_gpio/g12953/Y                                   -       E->Y    R     NOR5xp2_ASAP7_75t_L          1  1.8   147    76     490    (-,-) 
  u_apb_gpio/drc/Y                                      -       A->Y    R     HB1xp67_ASAP7_75t_R          1  1.8    48    70     560    (-,-) 
  u_apb_gpio/drc_bufs13413/Y                            -       A->Y    F     INVxp33_ASAP7_75t_R          1  1.8    62    48     608    (-,-) 
  u_apb_gpio/drc_bufs13412/Y                            -       A->Y    R     INVxp33_ASAP7_75t_R          1  2.0    96    66     674    (-,-) 
  u_apb_gpio/g12904/Y                                   -       B->Y    R     AND2x2_ASAP7_75t_R           3  4.3    41    62     736    (-,-) 
  u_apb_gpio/g12899/Y                                   -       B->Y    R     AND2x2_ASAP7_75t_R           3  4.4    42    50     786    (-,-) 
  u_apb_gpio/g12885/Y                                   -       A->Y    R     AND3x1_ASAP7_75t_R           1  2.0    40    52     838    (-,-) 
  u_apb_gpio/drc_buf_sp13444/Y                          -       A->Y    R     HB2xp67_ASAP7_75t_R          2  3.4    81    81     919    (-,-) 
  u_apb_gpio/drc_buf_sp13443/Y                          -       A->Y    R     BUFx3_ASAP7_75t_R           17 19.9   100    85    1005    (-,-) 
  u_apb_gpio/g12876/Y                                   -       A->Y    F     INVxp33_ASAP7_75t_R          1  1.8    74    65    1070    (-,-) 
  u_apb_gpio/g12862/Y                                   -       A->Y    R     NOR2xp33_ASAP7_75t_R         1  1.9    94    62    1132    (-,-) 
  u_apb_gpio/cg_icg__RC_CG_HIER_INST24/RC_CGIC_INST/ENA -       -       R     ICGx1_ASAP7_75t_R            1    -     -     0    1132    (-,-) 
#----------------------------------------------------------------------------------------------------------------------------------------------



Path 6: MET (2770 ps) Clock Gating Setup Check at cgic pin u_apb_gpio/cg_icg__RC_CG_HIER_INST21/RC_CGIC_INST/ENA
           View: view_ss
          Group: cg_enable_group_CLK_GPIO
     Startpoint: (R) u_axi_to_apb_m_apb_paddr_reg[0]/CLK
          Clock: (R) CLK_SYS
       Endpoint: (R) u_apb_gpio/cg_icg__RC_CG_HIER_INST21/RC_CGIC_INST/ENA
          Clock: (R) CLK_GPIO

                     Capture       Launch     
        Clock Edge:+    4000            0     
       Src Latency:+     100          150     
       Net Latency:+       0 (I)        0 (I) 
           Arrival:=    4100          150     
                                              
  Gate Check Setup:-      82                  
       Uncertainty:-     150                  
     Required Time:=    3868                  
      Launch Clock:-     150                  
         Data Path:-     949                  
             Slack:=    2770                  

#----------------------------------------------------------------------------------------------------------------------------------------------
#                     Timing Point                      Flags    Arc    Edge          Cell            Fanout Load Trans Delay Arrival Instance 
#                                                                                                            (fF)  (ps)  (ps)   (ps)  Location 
#----------------------------------------------------------------------------------------------------------------------------------------------
  u_axi_to_apb_m_apb_paddr_reg[0]/CLK                   -       -       R     (arrival)                   69    -    40     0     150    (-,-) 
  u_axi_to_apb_m_apb_paddr_reg[0]/QN                    -       CLK->QN F     DFFASRHQNx1_ASAP7_75t_R      4  6.1    90   139     289    (-,-) 
  g125443/Y                                             -       A->Y    F     HB2xp67_ASAP7_75t_R          5  6.5   106   126     414    (-,-) 
  u_apb_gpio/g12953/Y                                   -       E->Y    R     NOR5xp2_ASAP7_75t_L          1  1.8   147    76     490    (-,-) 
  u_apb_gpio/drc/Y                                      -       A->Y    R     HB1xp67_ASAP7_75t_R          1  1.8    48    70     560    (-,-) 
  u_apb_gpio/drc_bufs13413/Y                            -       A->Y    F     INVxp33_ASAP7_75t_R          1  1.8    62    48     608    (-,-) 
  u_apb_gpio/drc_bufs13412/Y                            -       A->Y    R     INVxp33_ASAP7_75t_R          1  2.0    96    66     674    (-,-) 
  u_apb_gpio/g12904/Y                                   -       B->Y    R     AND2x2_ASAP7_75t_R           3  4.3    41    62     736    (-,-) 
  u_apb_gpio/g12899/Y                                   -       B->Y    R     AND2x2_ASAP7_75t_R           3  4.4    42    50     786    (-,-) 
  u_apb_gpio/g12897/Y                                   -       B->Y    R     AND2x2_ASAP7_75t_R           1  2.0    24    42     828    (-,-) 
  u_apb_gpio/drc_buf_sp13569/Y                          -       A->Y    R     HB2xp67_ASAP7_75t_R          2  3.4    81    75     903    (-,-) 
  u_apb_gpio/drc_buf_sp13567/Y                          -       A->Y    R     BUFx3_ASAP7_75t_R           13 15.4    79    76     978    (-,-) 
  u_apb_gpio/g12893/Y                                   -       A->Y    F     INVxp33_ASAP7_75t_R          1  1.8    69    59    1038    (-,-) 
  u_apb_gpio/g12884/Y                                   -       A->Y    R     NOR2xp33_ASAP7_75t_R         1  1.9    93    61    1099    (-,-) 
  u_apb_gpio/cg_icg__RC_CG_HIER_INST21/RC_CGIC_INST/ENA -       -       R     ICGx1_ASAP7_75t_R            1    -     -     0    1099    (-,-) 
#----------------------------------------------------------------------------------------------------------------------------------------------



Path 7: MET (2888 ps) Clock Gating Setup Check at cgic pin u_apb_gpio/cg_icg__RC_CG_HIER_INST26/RC_CGIC_INST/ENA
           View: view_ss
          Group: cg_enable_group_CLK_GPIO
     Startpoint: (R) u_axi_to_apb_m_apb_paddr_reg[30]/CLK
          Clock: (R) CLK_SYS
       Endpoint: (R) u_apb_gpio/cg_icg__RC_CG_HIER_INST26/RC_CGIC_INST/ENA
          Clock: (R) CLK_GPIO

                     Capture       Launch     
        Clock Edge:+    4000            0     
       Src Latency:+     100          150     
       Net Latency:+       0 (I)        0 (I) 
           Arrival:=    4100          150     
                                              
  Gate Check Setup:-      84                  
       Uncertainty:-     150                  
     Required Time:=    3866                  
      Launch Clock:-     150                  
         Data Path:-     829                  
             Slack:=    2888                  

#----------------------------------------------------------------------------------------------------------------------------------------------
#                     Timing Point                      Flags    Arc    Edge          Cell            Fanout Load Trans Delay Arrival Instance 
#                                                                                                            (fF)  (ps)  (ps)   (ps)  Location 
#----------------------------------------------------------------------------------------------------------------------------------------------
  u_axi_to_apb_m_apb_paddr_reg[30]/CLK                  -       -       R     (arrival)                   69    -    40     0     150    (-,-) 
  u_axi_to_apb_m_apb_paddr_reg[30]/QN                   -       CLK->QN R     DFFASRHQNx1_ASAP7_75t_R      1  1.8    47    99     249    (-,-) 
  g625/Y                                                -       A->Y    F     INVxp33_ASAP7_75t_R          1  2.1    70    52     301    (-,-) 
  g125925/Y                                             -       A->Y    F     OR4x1_ASAP7_75t_R            2  3.1    47    82     384    (-,-) 
  g125924/Y                                             -       D->Y    F     OR5x1_ASAP7_75t_R            2  3.2    52    97     481    (-,-) 
  g125923/Y                                             -       B->Y    F     OR4x2_ASAP7_75t_R           10 16.1   100   126     607    (-,-) 
  g125918/Y                                             -       A->Y    R     NOR3x1_ASAP7_75t_R           3  4.3    89    60     667    (-,-) 
  g125841/Y                                             -       B->Y    F     NAND2xp5_ASAP7_75t_R         3  4.0    96    69     737    (-,-) 
  g125424/Y                                             -       A->Y    R     INVxp33_ASAP7_75t_R          1  2.0   105    78     815    (-,-) 
  u_apb_gpio/g13278/Y                                   -       B->Y    F     NAND2xp5_ASAP7_75t_R         4  5.4   116    87     902    (-,-) 
  u_apb_gpio/g13004/Y                                   -       B->Y    R     NOR2xp33_ASAP7_75t_R         1  1.9   107    77     979    (-,-) 
  u_apb_gpio/cg_icg__RC_CG_HIER_INST26/RC_CGIC_INST/ENA -       -       R     ICGx1_ASAP7_75t_R            1    -     -     0     979    (-,-) 
#----------------------------------------------------------------------------------------------------------------------------------------------


