============================================================
  Generated by:           Genus(TM) Synthesis Solution 23.14-s090_1
  Generated on:           Sep 14 2026  09:35:47 pm
  Module:                 top_soc
  Operating conditions:   PVT_0P63V_100C 
  Operating conditions:   PVT_0P7V_25C 
  Interconnect mode:      global
  Area mode:              physical library
============================================================


Path 1: MET (2100 ps) Clock Gating Setup Check at cgic pin u_apb_pwm_cg_icg__RC_CG_HIER_INST43/RC_CGIC_INST/ENA
           View: view_ss
          Group: cg_enable_group_CLK_PWM
     Startpoint: (R) u_axi_to_apb_m_apb_paddr_reg[30]/CLK
          Clock: (R) CLK_SYS
       Endpoint: (R) u_apb_pwm_cg_icg__RC_CG_HIER_INST43/RC_CGIC_INST/ENA
          Clock: (R) CLK_PWM

                     Capture       Launch     
        Clock Edge:+    4000            0     
       Src Latency:+     100          150     
       Net Latency:+       0 (I)        0 (I) 
           Arrival:=    4100          150     
                                              
  Gate Check Setup:-      83                  
       Uncertainty:-     150                  
     Required Time:=    3867                  
      Launch Clock:-     150                  
         Data Path:-    1617                  
             Slack:=    2100                  

#---------------------------------------------------------------------------------------------------------------------------------------------
#                    Timing Point                      Flags    Arc    Edge          Cell            Fanout Load Trans Delay Arrival Instance 
#                                                                                                           (fF)  (ps)  (ps)   (ps)  Location 
#---------------------------------------------------------------------------------------------------------------------------------------------
  u_axi_to_apb_m_apb_paddr_reg[30]/CLK                 -       -       R     (arrival)                   69    -    40     0     150    (-,-) 
  u_axi_to_apb_m_apb_paddr_reg[30]/QN                  -       CLK->QN R     DFFASRHQNx1_ASAP7_75t_R      1  1.8    47    99     249    (-,-) 
  g625/Y                                               -       A->Y    F     INVxp33_ASAP7_75t_R          1  2.1    70    52     301    (-,-) 
  g125925/Y                                            -       A->Y    F     OR4x1_ASAP7_75t_R            2  3.1    47    82     384    (-,-) 
  g125924/Y                                            -       D->Y    F     OR5x1_ASAP7_75t_R            2  3.2    52    97     481    (-,-) 
  g125923/Y                                            -       B->Y    F     OR4x2_ASAP7_75t_R           10 16.1   100   126     607    (-,-) 
  g199553/Y                                            -       A->Y    R     NOR3xp33_ASAP7_75t_R         1  1.9   110    74     681    (-,-) 
  drc_bufs202951/Y                                     -       A->Y    F     INVxp67_ASAP7_75t_R          2  2.8    66    60     741    (-,-) 
  drc_bufs202949/Y                                     -       A->Y    R     INVxp33_ASAP7_75t_R          1  2.2   105    72     812    (-,-) 
  g199422/Y                                            -       A->Y    R     HB4xp67_ASAP7_75t_R          1  2.0    62   126     939    (-,-) 
  drc_buf_sp207162/Y                                   -       A->Y    R     HB2xp67_ASAP7_75t_R          2  3.4    81    89    1027    (-,-) 
  drc_buf_sp207161/Y                                   -       A->Y    R     BUFx3_ASAP7_75t_R           16 19.7    99    85    1112    (-,-) 
  g199421/Y                                            -       A->Y    R     HB2xp67_ASAP7_75t_R          4  5.1   117   117    1229    (-,-) 
  g199420/Y                                            -       A->Y    F     INVxp33_ASAP7_75t_R          1  2.0    84    74    1302    (-,-) 
  g199095/Y                                            -       A->Y    F     OR3x1_ASAP7_75t_R            4  5.3    64    87    1390    (-,-) 
  g198173/Y                                            -       A->Y    R     NOR3xp33_ASAP7_75t_R         1  1.8   108    63    1452    (-,-) 
  drc_bufs204982/Y                                     -       A->Y    F     INVxp33_ASAP7_75t_R          2  2.8   101    85    1537    (-,-) 
  drc_bufs204981/Y                                     -       A->Y    R     INVxp33_ASAP7_75t_R          1  1.8    99    76    1613    (-,-) 
  g198053/Y                                            -       A->Y    F     INVxp33_ASAP7_75t_R          2  2.8    99    82    1694    (-,-) 
  g197639/Y                                            -       B->Y    R     NOR2xp33_ASAP7_75t_R         1  1.9   103    72    1767    (-,-) 
  u_apb_pwm_cg_icg__RC_CG_HIER_INST43/RC_CGIC_INST/ENA -       -       R     ICGx1_ASAP7_75t_R            1    -     -     0    1767    (-,-) 
#---------------------------------------------------------------------------------------------------------------------------------------------



Path 2: MET (2100 ps) Clock Gating Setup Check at cgic pin u_apb_pwm_cg_icg__RC_CG_HIER_INST41/RC_CGIC_INST/ENA
           View: view_ss
          Group: cg_enable_group_CLK_PWM
     Startpoint: (R) u_axi_to_apb_m_apb_paddr_reg[30]/CLK
          Clock: (R) CLK_SYS
       Endpoint: (R) u_apb_pwm_cg_icg__RC_CG_HIER_INST41/RC_CGIC_INST/ENA
          Clock: (R) CLK_PWM

                     Capture       Launch     
        Clock Edge:+    4000            0     
       Src Latency:+     100          150     
       Net Latency:+       0 (I)        0 (I) 
           Arrival:=    4100          150     
                                              
  Gate Check Setup:-      83                  
       Uncertainty:-     150                  
     Required Time:=    3867                  
      Launch Clock:-     150                  
         Data Path:-    1617                  
             Slack:=    2100                  

#---------------------------------------------------------------------------------------------------------------------------------------------
#                    Timing Point                      Flags    Arc    Edge          Cell            Fanout Load Trans Delay Arrival Instance 
#                                                                                                           (fF)  (ps)  (ps)   (ps)  Location 
#---------------------------------------------------------------------------------------------------------------------------------------------
  u_axi_to_apb_m_apb_paddr_reg[30]/CLK                 -       -       R     (arrival)                   69    -    40     0     150    (-,-) 
  u_axi_to_apb_m_apb_paddr_reg[30]/QN                  -       CLK->QN R     DFFASRHQNx1_ASAP7_75t_R      1  1.8    47    99     249    (-,-) 
  g625/Y                                               -       A->Y    F     INVxp33_ASAP7_75t_R          1  2.1    70    52     301    (-,-) 
  g125925/Y                                            -       A->Y    F     OR4x1_ASAP7_75t_R            2  3.1    47    82     384    (-,-) 
  g125924/Y                                            -       D->Y    F     OR5x1_ASAP7_75t_R            2  3.2    52    97     481    (-,-) 
  g125923/Y                                            -       B->Y    F     OR4x2_ASAP7_75t_R           10 16.1   100   126     607    (-,-) 
  g199553/Y                                            -       A->Y    R     NOR3xp33_ASAP7_75t_R         1  1.9   110    74     681    (-,-) 
  drc_bufs202951/Y                                     -       A->Y    F     INVxp67_ASAP7_75t_R          2  2.8    66    60     741    (-,-) 
  drc_bufs202949/Y                                     -       A->Y    R     INVxp33_ASAP7_75t_R          1  2.2   105    72     812    (-,-) 
  g199422/Y                                            -       A->Y    R     HB4xp67_ASAP7_75t_R          1  2.0    62   126     939    (-,-) 
  drc_buf_sp207162/Y                                   -       A->Y    R     HB2xp67_ASAP7_75t_R          2  3.4    81    89    1027    (-,-) 
  drc_buf_sp207161/Y                                   -       A->Y    R     BUFx3_ASAP7_75t_R           16 19.7    99    85    1112    (-,-) 
  g199421/Y                                            -       A->Y    R     HB2xp67_ASAP7_75t_R          4  5.1   117   117    1229    (-,-) 
  g199420/Y                                            -       A->Y    F     INVxp33_ASAP7_75t_R          1  2.0    84    74    1302    (-,-) 
  g199095/Y                                            -       A->Y    F     OR3x1_ASAP7_75t_R            4  5.3    64    87    1390    (-,-) 
  g198173/Y                                            -       A->Y    R     NOR3xp33_ASAP7_75t_R         1  1.8   108    63    1452    (-,-) 
  drc_bufs204982/Y                                     -       A->Y    F     INVxp33_ASAP7_75t_R          2  2.8   101    85    1537    (-,-) 
  drc_bufs204981/Y                                     -       A->Y    R     INVxp33_ASAP7_75t_R          1  1.8    99    76    1613    (-,-) 
  g198053/Y                                            -       A->Y    F     INVxp33_ASAP7_75t_R          2  2.8    99    82    1694    (-,-) 
  g197640/Y                                            -       B->Y    R     NOR2xp33_ASAP7_75t_R         1  1.9   103    72    1767    (-,-) 
  u_apb_pwm_cg_icg__RC_CG_HIER_INST41/RC_CGIC_INST/ENA -       -       R     ICGx1_ASAP7_75t_R            1    -     -     0    1767    (-,-) 
#---------------------------------------------------------------------------------------------------------------------------------------------



Path 3: MET (2211 ps) Clock Gating Setup Check at cgic pin u_apb_pwm_cg_icg__RC_CG_HIER_INST42/RC_CGIC_INST/ENA
           View: view_ss
          Group: cg_enable_group_CLK_PWM
     Startpoint: (R) u_axi_to_apb_m_apb_paddr_reg[30]/CLK
          Clock: (R) CLK_SYS
       Endpoint: (R) u_apb_pwm_cg_icg__RC_CG_HIER_INST42/RC_CGIC_INST/ENA
          Clock: (R) CLK_PWM

                     Capture       Launch     
        Clock Edge:+    4000            0     
       Src Latency:+     100          150     
       Net Latency:+       0 (I)        0 (I) 
           Arrival:=    4100          150     
                                              
  Gate Check Setup:-      68                  
       Uncertainty:-     150                  
     Required Time:=    3882                  
      Launch Clock:-     150                  
         Data Path:-    1521                  
             Slack:=    2211                  

#---------------------------------------------------------------------------------------------------------------------------------------------
#                    Timing Point                      Flags    Arc    Edge          Cell            Fanout Load Trans Delay Arrival Instance 
#                                                                                                           (fF)  (ps)  (ps)   (ps)  Location 
#---------------------------------------------------------------------------------------------------------------------------------------------
  u_axi_to_apb_m_apb_paddr_reg[30]/CLK                 -       -       R     (arrival)                   69    -    40     0     150    (-,-) 
  u_axi_to_apb_m_apb_paddr_reg[30]/QN                  -       CLK->QN R     DFFASRHQNx1_ASAP7_75t_R      1  1.8    47    99     249    (-,-) 
  g625/Y                                               -       A->Y    F     INVxp33_ASAP7_75t_R          1  2.1    70    52     301    (-,-) 
  g125925/Y                                            -       A->Y    F     OR4x1_ASAP7_75t_R            2  3.1    47    82     384    (-,-) 
  g125924/Y                                            -       D->Y    F     OR5x1_ASAP7_75t_R            2  3.2    52    97     481    (-,-) 
  g125923/Y                                            -       B->Y    F     OR4x2_ASAP7_75t_R           10 16.1   100   126     607    (-,-) 
  g199553/Y                                            -       A->Y    R     NOR3xp33_ASAP7_75t_R         1  1.9   110    74     681    (-,-) 
  drc_bufs202951/Y                                     -       A->Y    F     INVxp67_ASAP7_75t_R          2  2.8    66    60     741    (-,-) 
  drc_bufs202949/Y                                     -       A->Y    R     INVxp33_ASAP7_75t_R          1  2.2   105    72     812    (-,-) 
  g199422/Y                                            -       A->Y    R     HB4xp67_ASAP7_75t_R          1  2.0    62   126     939    (-,-) 
  drc_buf_sp207162/Y                                   -       A->Y    R     HB2xp67_ASAP7_75t_R          2  3.4    81    89    1027    (-,-) 
  drc_buf_sp207161/Y                                   -       A->Y    R     BUFx3_ASAP7_75t_R           16 19.7    99    85    1112    (-,-) 
  g199421/Y                                            -       A->Y    R     HB2xp67_ASAP7_75t_R          4  5.1   117   117    1229    (-,-) 
  g199420/Y                                            -       A->Y    F     INVxp33_ASAP7_75t_R          1  2.0    84    74    1302    (-,-) 
  g199095/Y                                            -       A->Y    F     OR3x1_ASAP7_75t_R            4  5.3    64    87    1390    (-,-) 
  g198173/Y                                            -       A->Y    R     NOR3xp33_ASAP7_75t_R         1  1.8   108    63    1452    (-,-) 
  drc_bufs204982/Y                                     -       A->Y    F     INVxp33_ASAP7_75t_R          2  2.8   101    85    1537    (-,-) 
  drc_bufs204980/Y                                     -       A->Y    R     INVxp33_ASAP7_75t_R          1  2.0   106    80    1617    (-,-) 
  g197641/Y                                            -       B->Y    R     AND2x2_ASAP7_75t_R           1  1.9    25    54    1671    (-,-) 
  u_apb_pwm_cg_icg__RC_CG_HIER_INST42/RC_CGIC_INST/ENA -       -       R     ICGx1_ASAP7_75t_R            1    -     -     0    1671    (-,-) 
#---------------------------------------------------------------------------------------------------------------------------------------------



Path 4: MET (2415 ps) Clock Gating Setup Check at cgic pin u_apb_pwm_cg_icg__RC_CG_HIER_INST40/RC_CGIC_INST/ENA
           View: view_ss
          Group: cg_enable_group_CLK_PWM
     Startpoint: (R) u_axi_to_apb_m_apb_paddr_reg[30]/CLK
          Clock: (R) CLK_SYS
       Endpoint: (R) u_apb_pwm_cg_icg__RC_CG_HIER_INST40/RC_CGIC_INST/ENA
          Clock: (R) CLK_PWM

                     Capture       Launch     
        Clock Edge:+    4000            0     
       Src Latency:+     100          150     
       Net Latency:+       0 (I)        0 (I) 
           Arrival:=    4100          150     
                                              
  Gate Check Setup:-      83                  
       Uncertainty:-     150                  
     Required Time:=    3867                  
      Launch Clock:-     150                  
         Data Path:-    1302                  
             Slack:=    2415                  

#---------------------------------------------------------------------------------------------------------------------------------------------
#                    Timing Point                      Flags    Arc    Edge          Cell            Fanout Load Trans Delay Arrival Instance 
#                                                                                                           (fF)  (ps)  (ps)   (ps)  Location 
#---------------------------------------------------------------------------------------------------------------------------------------------
  u_axi_to_apb_m_apb_paddr_reg[30]/CLK                 -       -       R     (arrival)                   69    -    40     0     150    (-,-) 
  u_axi_to_apb_m_apb_paddr_reg[30]/QN                  -       CLK->QN R     DFFASRHQNx1_ASAP7_75t_R      1  1.8    47    99     249    (-,-) 
  g625/Y                                               -       A->Y    F     INVxp33_ASAP7_75t_R          1  2.1    70    52     301    (-,-) 
  g125925/Y                                            -       A->Y    F     OR4x1_ASAP7_75t_R            2  3.1    47    82     384    (-,-) 
  g125924/Y                                            -       D->Y    F     OR5x1_ASAP7_75t_R            2  3.2    52    97     481    (-,-) 
  g125923/Y                                            -       B->Y    F     OR4x2_ASAP7_75t_R           10 16.1   100   126     607    (-,-) 
  g199553/Y                                            -       A->Y    R     NOR3xp33_ASAP7_75t_R         1  1.9   110    74     681    (-,-) 
  drc_bufs202951/Y                                     -       A->Y    F     INVxp67_ASAP7_75t_R          2  2.8    66    60     741    (-,-) 
  drc_bufs202949/Y                                     -       A->Y    R     INVxp33_ASAP7_75t_R          1  2.2   105    72     812    (-,-) 
  g199422/Y                                            -       A->Y    R     HB4xp67_ASAP7_75t_R          1  2.0    62   126     939    (-,-) 
  drc_buf_sp207162/Y                                   -       A->Y    R     HB2xp67_ASAP7_75t_R          2  3.4    81    89    1027    (-,-) 
  drc_buf_sp207161/Y                                   -       A->Y    R     BUFx3_ASAP7_75t_R           16 19.7    99    85    1112    (-,-) 
  g199421/Y                                            -       A->Y    R     HB2xp67_ASAP7_75t_R          4  5.1   117   117    1229    (-,-) 
  g199420/Y                                            -       A->Y    F     INVxp33_ASAP7_75t_R          1  2.0    84    74    1302    (-,-) 
  g199095/Y                                            -       A->Y    F     OR3x1_ASAP7_75t_R            4  5.3    64    87    1390    (-,-) 
  g198752/Y                                            -       B->Y    R     NOR2xp33_ASAP7_75t_R         1  1.9    99    63    1452    (-,-) 
  u_apb_pwm_cg_icg__RC_CG_HIER_INST40/RC_CGIC_INST/ENA -       -       R     ICGx1_ASAP7_75t_R            1    -     -     0    1452    (-,-) 
#---------------------------------------------------------------------------------------------------------------------------------------------


