============================================================
  Generated by:           Genus(TM) Synthesis Solution 23.14-s090_1
  Generated on:           Sep 14 2026  09:35:42 pm
  Module:                 top_soc
  Operating conditions:   PVT_0P63V_100C 
  Operating conditions:   PVT_0P7V_25C 
  Interconnect mode:      global
  Area mode:              physical library
============================================================


Path 1: MET (2211 ps) Setup Check with Pin u_apb_ascon_u_ascon/state_reg[304]/CLK->D
           View: view_ss
          Group: CLK_ASCON
     Startpoint: (R) u_apb_ascon_u_ascon/round_reg[3]/CLK
          Clock: (R) CLK_ASCON
       Endpoint: (R) u_apb_ascon_u_ascon/state_reg[304]/D
          Clock: (R) CLK_ASCON

                     Capture       Launch     
        Clock Edge:+    4000            0     
       Src Latency:+     100          150     
       Net Latency:+       0 (I)        0 (I) 
           Arrival:=    4100          150     
                                              
             Setup:-      34                  
       Uncertainty:-     150                  
     Required Time:=    3916                  
      Launch Clock:-     150                  
         Data Path:-    1555                  
             Slack:=    2211                  

#-----------------------------------------------------------------------------------------------------------------------------
#            Timing Point              Flags    Arc    Edge          Cell            Fanout Load Trans Delay Arrival Instance 
#                                                                                           (fF)  (ps)  (ps)   (ps)  Location 
#-----------------------------------------------------------------------------------------------------------------------------
  u_apb_ascon_u_ascon/round_reg[3]/CLK -       -       R     (arrival)                    4    -    40     0     150    (-,-) 
  u_apb_ascon_u_ascon/round_reg[3]/QN  -       CLK->QN F     DFFASRHQNx1_ASAP7_75t_R      5  7.2   100   145     295    (-,-) 
  u_apb_ascon_u_ascon/g40597/Y         -       A->Y    R     INVxp33_ASAP7_75t_R          1  1.8    98    75     370    (-,-) 
  u_apb_ascon_u_ascon/g40464/Y         -       B->Y    F     NOR2xp33_ASAP7_75t_R         1  1.8    82    67     437    (-,-) 
  u_apb_ascon_u_ascon/drc_bufs43551/Y  -       A->Y    R     INVxp33_ASAP7_75t_R          2  2.8   131    89     526    (-,-) 
  u_apb_ascon_u_ascon/drc_bufs43549/Y  -       A->Y    F     INVxp33_ASAP7_75t_R          1  2.4    97    85     612    (-,-) 
  u_apb_ascon_u_ascon/g40058/Y         -       B->Y    R     XNOR2xp5_ASAP7_75t_R         2  3.0   111    79     690    (-,-) 
  u_apb_ascon_u_ascon/g39855__3680/Y   -       B->Y    F     NOR2xp33_ASAP7_75t_R         1  1.8    83    70     761    (-,-) 
  u_apb_ascon_u_ascon/drc_bufs43503/Y  -       A->Y    R     INVxp33_ASAP7_75t_R          2  2.8   132    90     850    (-,-) 
  u_apb_ascon_u_ascon/drc_bufs43501/Y  -       A->Y    F     INVxp33_ASAP7_75t_R          1  2.4    98    86     936    (-,-) 
  u_apb_ascon_u_ascon/g39648__2398/Y   -       B->Y    R     XNOR2xp5_ASAP7_75t_R         2  4.0   137    92    1027    (-,-) 
  u_apb_ascon_u_ascon/g39451__2398/Y   -       B->Y    R     XOR2xp5_ASAP7_75t_R          1  1.9    78    73    1101    (-,-) 
  u_apb_ascon_u_ascon/drc_bufs43029/Y  -       A->Y    F     INVxp67_ASAP7_75t_R          2  4.3    77    64    1164    (-,-) 
  u_apb_ascon_u_ascon/drc_bufs43027/Y  -       A->Y    R     INVxp67_ASAP7_75t_R          2  5.0   118    81    1245    (-,-) 
  u_apb_ascon_u_ascon/g44427/SN        -       CI->SN  F     FAx1_ASAP7_75t_R             1  1.8    84   121    1366    (-,-) 
  u_apb_ascon_u_ascon/g44426/Y         -       A->Y    R     INVxp33_ASAP7_75t_R          1  1.9    98    72    1439    (-,-) 
  u_apb_ascon_u_ascon/drc_bufs41997/Y  -       A->Y    F     INVxp67_ASAP7_75t_R          2  2.9    64    58    1497    (-,-) 
  u_apb_ascon_u_ascon/drc_bufs41995/Y  -       A->Y    R     INVxp67_ASAP7_75t_R          3  4.2   100    68    1565    (-,-) 
  u_apb_ascon_u_ascon/g38825/Y         -       A->Y    F     INVxp33_ASAP7_75t_R          1  1.9    77    67    1632    (-,-) 
  u_apb_ascon_u_ascon/g41264/Y         -       B2->Y   R     AOI22xp33_ASAP7_75t_R        1  2.0   108    73    1705    (-,-) 
  u_apb_ascon_u_ascon/state_reg[304]/D -       -       R     DFFASRHQNx1_ASAP7_75t_R      1    -     -     0    1705    (-,-) 
#-----------------------------------------------------------------------------------------------------------------------------



Path 2: MET (2211 ps) Setup Check with Pin u_apb_ascon_u_ascon/state_reg[259]/CLK->D
           View: view_ss
          Group: CLK_ASCON
     Startpoint: (R) u_apb_ascon_u_ascon/round_reg[3]/CLK
          Clock: (R) CLK_ASCON
       Endpoint: (R) u_apb_ascon_u_ascon/state_reg[259]/D
          Clock: (R) CLK_ASCON

                     Capture       Launch     
        Clock Edge:+    4000            0     
       Src Latency:+     100          150     
       Net Latency:+       0 (I)        0 (I) 
           Arrival:=    4100          150     
                                              
             Setup:-      34                  
       Uncertainty:-     150                  
     Required Time:=    3916                  
      Launch Clock:-     150                  
         Data Path:-    1555                  
             Slack:=    2211                  

#-----------------------------------------------------------------------------------------------------------------------------
#            Timing Point              Flags    Arc    Edge          Cell            Fanout Load Trans Delay Arrival Instance 
#                                                                                           (fF)  (ps)  (ps)   (ps)  Location 
#-----------------------------------------------------------------------------------------------------------------------------
  u_apb_ascon_u_ascon/round_reg[3]/CLK -       -       R     (arrival)                    4    -    40     0     150    (-,-) 
  u_apb_ascon_u_ascon/round_reg[3]/QN  -       CLK->QN F     DFFASRHQNx1_ASAP7_75t_R      5  7.2   100   145     295    (-,-) 
  u_apb_ascon_u_ascon/g40597/Y         -       A->Y    R     INVxp33_ASAP7_75t_R          1  1.8    98    75     370    (-,-) 
  u_apb_ascon_u_ascon/g40464/Y         -       B->Y    F     NOR2xp33_ASAP7_75t_R         1  1.8    82    67     437    (-,-) 
  u_apb_ascon_u_ascon/drc_bufs43551/Y  -       A->Y    R     INVxp33_ASAP7_75t_R          2  2.8   131    89     526    (-,-) 
  u_apb_ascon_u_ascon/drc_bufs43549/Y  -       A->Y    F     INVxp33_ASAP7_75t_R          1  2.4    97    85     612    (-,-) 
  u_apb_ascon_u_ascon/g40058/Y         -       B->Y    R     XNOR2xp5_ASAP7_75t_R         2  3.0   111    79     690    (-,-) 
  u_apb_ascon_u_ascon/g39855__3680/Y   -       B->Y    F     NOR2xp33_ASAP7_75t_R         1  1.8    83    70     761    (-,-) 
  u_apb_ascon_u_ascon/drc_bufs43503/Y  -       A->Y    R     INVxp33_ASAP7_75t_R          2  2.8   132    90     850    (-,-) 
  u_apb_ascon_u_ascon/drc_bufs43501/Y  -       A->Y    F     INVxp33_ASAP7_75t_R          1  2.4    98    86     936    (-,-) 
  u_apb_ascon_u_ascon/g39648__2398/Y   -       B->Y    R     XNOR2xp5_ASAP7_75t_R         2  4.0   137    92    1027    (-,-) 
  u_apb_ascon_u_ascon/g39451__2398/Y   -       B->Y    R     XOR2xp5_ASAP7_75t_R          1  1.9    78    73    1101    (-,-) 
  u_apb_ascon_u_ascon/drc_bufs43029/Y  -       A->Y    F     INVxp67_ASAP7_75t_R          2  4.3    77    64    1164    (-,-) 
  u_apb_ascon_u_ascon/drc_bufs43027/Y  -       A->Y    R     INVxp67_ASAP7_75t_R          2  5.0   118    81    1245    (-,-) 
  u_apb_ascon_u_ascon/g44425/SN        -       CI->SN  F     FAx1_ASAP7_75t_R             1  1.8    84   121    1366    (-,-) 
  u_apb_ascon_u_ascon/g44424/Y         -       A->Y    R     INVxp33_ASAP7_75t_R          1  1.9    98    72    1439    (-,-) 
  u_apb_ascon_u_ascon/drc_bufs42147/Y  -       A->Y    F     INVxp67_ASAP7_75t_R          2  2.9    64    58    1497    (-,-) 
  u_apb_ascon_u_ascon/drc_bufs42145/Y  -       A->Y    R     INVxp67_ASAP7_75t_R          3  4.2   100    68    1565    (-,-) 
  u_apb_ascon_u_ascon/g38826/Y         -       A->Y    F     INVxp33_ASAP7_75t_R          1  1.9    77    67    1632    (-,-) 
  u_apb_ascon_u_ascon/g41286/Y         -       B2->Y   R     AOI22xp33_ASAP7_75t_R        1  2.0   108    73    1705    (-,-) 
  u_apb_ascon_u_ascon/state_reg[259]/D -       -       R     DFFASRHQNx1_ASAP7_75t_R      1    -     -     0    1705    (-,-) 
#-----------------------------------------------------------------------------------------------------------------------------



Path 3: MET (2251 ps) Setup Check with Pin u_apb_ascon_u_ascon/state_reg[121]/CLK->D
           View: view_ss
          Group: CLK_ASCON
     Startpoint: (R) u_apb_ascon_u_ascon/round_reg[3]/CLK
          Clock: (R) CLK_ASCON
       Endpoint: (R) u_apb_ascon_u_ascon/state_reg[121]/D
          Clock: (R) CLK_ASCON

                     Capture       Launch     
        Clock Edge:+    4000            0     
       Src Latency:+     100          150     
       Net Latency:+       0 (I)        0 (I) 
           Arrival:=    4100          150     
                                              
             Setup:-      36                  
       Uncertainty:-     150                  
     Required Time:=    3914                  
      Launch Clock:-     150                  
         Data Path:-    1514                  
             Slack:=    2251                  

#-----------------------------------------------------------------------------------------------------------------------------
#            Timing Point              Flags    Arc    Edge          Cell            Fanout Load Trans Delay Arrival Instance 
#                                                                                           (fF)  (ps)  (ps)   (ps)  Location 
#-----------------------------------------------------------------------------------------------------------------------------
  u_apb_ascon_u_ascon/round_reg[3]/CLK -       -       R     (arrival)                    4    -    40     0     150    (-,-) 
  u_apb_ascon_u_ascon/round_reg[3]/QN  -       CLK->QN F     DFFASRHQNx1_ASAP7_75t_R      5  7.2   100   145     295    (-,-) 
  u_apb_ascon_u_ascon/g40597/Y         -       A->Y    R     INVxp33_ASAP7_75t_R          1  1.8    98    75     370    (-,-) 
  u_apb_ascon_u_ascon/g40464/Y         -       B->Y    F     NOR2xp33_ASAP7_75t_R         1  1.8    82    67     437    (-,-) 
  u_apb_ascon_u_ascon/drc_bufs43551/Y  -       A->Y    R     INVxp33_ASAP7_75t_R          2  2.8   131    89     526    (-,-) 
  u_apb_ascon_u_ascon/drc_bufs43549/Y  -       A->Y    F     INVxp33_ASAP7_75t_R          1  2.4    97    85     612    (-,-) 
  u_apb_ascon_u_ascon/g40058/Y         -       B->Y    R     XNOR2xp5_ASAP7_75t_R         2  3.0   111    79     690    (-,-) 
  u_apb_ascon_u_ascon/g39855__3680/Y   -       B->Y    F     NOR2xp33_ASAP7_75t_R         1  1.8    83    70     761    (-,-) 
  u_apb_ascon_u_ascon/drc_bufs43503/Y  -       A->Y    R     INVxp33_ASAP7_75t_R          2  2.8   132    90     850    (-,-) 
  u_apb_ascon_u_ascon/drc_bufs43502/Y  -       A->Y    F     INVxp33_ASAP7_75t_R          1  2.0    87    78     928    (-,-) 
  u_apb_ascon_u_ascon/g39676__2398/Y   -       B->Y    F     AO21x1_ASAP7_75t_R           2  3.3    42    63     991    (-,-) 
  u_apb_ascon_u_ascon/g39566__4319/Y   -       A->Y    R     XOR2x2_ASAP7_75t_R           4  9.7    78    88    1079    (-,-) 
  u_apb_ascon_u_ascon/g44453/SN        -       CI->SN  F     FAx1_ASAP7_75t_R             1  1.8    82   111    1190    (-,-) 
  u_apb_ascon_u_ascon/drc_bufs43461/Y  -       A->Y    R     INVxp33_ASAP7_75t_R          2  2.9   135    91    1281    (-,-) 
  u_apb_ascon_u_ascon/drc_bufs43460/Y  -       A->Y    F     INVxp33_ASAP7_75t_R          1  2.4    98    87    1368    (-,-) 
  u_apb_ascon_u_ascon/g39061__6260/Y   -       B->Y    F     XNOR2xp5_ASAP7_75t_R         1  2.4    70    68    1436    (-,-) 
  u_apb_ascon_u_ascon/g38607__6260/Y   -       B->Y    R     XNOR2xp5_ASAP7_75t_R         2  3.5   121    77    1513    (-,-) 
  u_apb_ascon_u_ascon/g38453__2883/Y   -       B->Y    F     XOR2xp5_ASAP7_75t_R          2  3.0    86    72    1584    (-,-) 
  u_apb_ascon_u_ascon/g40972/Y         -       A1->Y   R     AOI222xp33_ASAP7_75t_R       1  2.0   119    79    1664    (-,-) 
  u_apb_ascon_u_ascon/state_reg[121]/D -       -       R     DFFASRHQNx1_ASAP7_75t_R      1    -     -     0    1664    (-,-) 
#-----------------------------------------------------------------------------------------------------------------------------



Path 4: MET (2257 ps) Setup Check with Pin u_apb_ascon_u_ascon/tag_out_reg[121]/CLK->D
           View: view_ss
          Group: CLK_ASCON
     Startpoint: (R) u_apb_ascon_u_ascon/round_reg[3]/CLK
          Clock: (R) CLK_ASCON
       Endpoint: (R) u_apb_ascon_u_ascon/tag_out_reg[121]/D
          Clock: (R) CLK_ASCON

                     Capture       Launch     
        Clock Edge:+    4000            0     
       Src Latency:+     100          150     
       Net Latency:+       0 (I)        0 (I) 
           Arrival:=    4100          150     
                                              
             Setup:-      34                  
       Uncertainty:-     150                  
     Required Time:=    3916                  
      Launch Clock:-     150                  
         Data Path:-    1509                  
             Slack:=    2257                  

#-------------------------------------------------------------------------------------------------------------------------------
#             Timing Point               Flags    Arc    Edge          Cell            Fanout Load Trans Delay Arrival Instance 
#                                                                                             (fF)  (ps)  (ps)   (ps)  Location 
#-------------------------------------------------------------------------------------------------------------------------------
  u_apb_ascon_u_ascon/round_reg[3]/CLK   -       -       R     (arrival)                    4    -    40     0     150    (-,-) 
  u_apb_ascon_u_ascon/round_reg[3]/QN    -       CLK->QN F     DFFASRHQNx1_ASAP7_75t_R      5  7.2   100   145     295    (-,-) 
  u_apb_ascon_u_ascon/g40597/Y           -       A->Y    R     INVxp33_ASAP7_75t_R          1  1.8    98    75     370    (-,-) 
  u_apb_ascon_u_ascon/g40464/Y           -       B->Y    F     NOR2xp33_ASAP7_75t_R         1  1.8    82    67     437    (-,-) 
  u_apb_ascon_u_ascon/drc_bufs43551/Y    -       A->Y    R     INVxp33_ASAP7_75t_R          2  2.8   131    89     526    (-,-) 
  u_apb_ascon_u_ascon/drc_bufs43549/Y    -       A->Y    F     INVxp33_ASAP7_75t_R          1  2.4    97    85     612    (-,-) 
  u_apb_ascon_u_ascon/g40058/Y           -       B->Y    R     XNOR2xp5_ASAP7_75t_R         2  3.0   111    79     690    (-,-) 
  u_apb_ascon_u_ascon/g39855__3680/Y     -       B->Y    F     NOR2xp33_ASAP7_75t_R         1  1.8    83    70     761    (-,-) 
  u_apb_ascon_u_ascon/drc_bufs43503/Y    -       A->Y    R     INVxp33_ASAP7_75t_R          2  2.8   132    90     850    (-,-) 
  u_apb_ascon_u_ascon/drc_bufs43502/Y    -       A->Y    F     INVxp33_ASAP7_75t_R          1  2.0    87    78     928    (-,-) 
  u_apb_ascon_u_ascon/g39676__2398/Y     -       B->Y    F     AO21x1_ASAP7_75t_R           2  3.3    42    63     991    (-,-) 
  u_apb_ascon_u_ascon/g39566__4319/Y     -       A->Y    R     XOR2x2_ASAP7_75t_R           4  9.7    78    88    1079    (-,-) 
  u_apb_ascon_u_ascon/g44453/SN          -       CI->SN  F     FAx1_ASAP7_75t_R             1  1.8    82   111    1190    (-,-) 
  u_apb_ascon_u_ascon/drc_bufs43461/Y    -       A->Y    R     INVxp33_ASAP7_75t_R          2  2.9   135    91    1281    (-,-) 
  u_apb_ascon_u_ascon/drc_bufs43460/Y    -       A->Y    F     INVxp33_ASAP7_75t_R          1  2.4    98    87    1368    (-,-) 
  u_apb_ascon_u_ascon/g39061__6260/Y     -       B->Y    F     XNOR2xp5_ASAP7_75t_R         1  2.4    70    68    1436    (-,-) 
  u_apb_ascon_u_ascon/g38607__6260/Y     -       B->Y    R     XNOR2xp5_ASAP7_75t_R         2  3.5   121    77    1513    (-,-) 
  u_apb_ascon_u_ascon/g38453__2883/Y     -       B->Y    F     XOR2xp5_ASAP7_75t_R          2  3.0    86    72    1584    (-,-) 
  u_apb_ascon_u_ascon/g38447/Y           -       A->Y    R     INVxp33_ASAP7_75t_R          1  2.0   102    75    1659    (-,-) 
  u_apb_ascon_u_ascon/tag_out_reg[121]/D -       -       R     DFFASRHQNx1_ASAP7_75t_R      1    -     -     0    1659    (-,-) 
#-------------------------------------------------------------------------------------------------------------------------------



Path 5: MET (2263 ps) Setup Check with Pin u_apb_ascon_u_ascon/state_reg[67]/CLK->D
           View: view_ss
          Group: CLK_ASCON
     Startpoint: (R) u_apb_ascon_u_ascon/round_reg[3]/CLK
          Clock: (R) CLK_ASCON
       Endpoint: (R) u_apb_ascon_u_ascon/state_reg[67]/D
          Clock: (R) CLK_ASCON

                     Capture       Launch     
        Clock Edge:+    4000            0     
       Src Latency:+     100          150     
       Net Latency:+       0 (I)        0 (I) 
           Arrival:=    4100          150     
                                              
             Setup:-      36                  
       Uncertainty:-     150                  
     Required Time:=    3914                  
      Launch Clock:-     150                  
         Data Path:-    1501                  
             Slack:=    2263                  

#-----------------------------------------------------------------------------------------------------------------------------
#            Timing Point              Flags    Arc    Edge          Cell            Fanout Load Trans Delay Arrival Instance 
#                                                                                           (fF)  (ps)  (ps)   (ps)  Location 
#-----------------------------------------------------------------------------------------------------------------------------
  u_apb_ascon_u_ascon/round_reg[3]/CLK -       -       R     (arrival)                    4    -    40     0     150    (-,-) 
  u_apb_ascon_u_ascon/round_reg[3]/QN  -       CLK->QN F     DFFASRHQNx1_ASAP7_75t_R      5  7.2   100   145     295    (-,-) 
  u_apb_ascon_u_ascon/g40597/Y         -       A->Y    R     INVxp33_ASAP7_75t_R          1  1.8    98    75     370    (-,-) 
  u_apb_ascon_u_ascon/g40464/Y         -       B->Y    F     NOR2xp33_ASAP7_75t_R         1  1.8    82    67     437    (-,-) 
  u_apb_ascon_u_ascon/drc_bufs43551/Y  -       A->Y    R     INVxp33_ASAP7_75t_R          2  2.8   131    89     526    (-,-) 
  u_apb_ascon_u_ascon/drc_bufs43549/Y  -       A->Y    F     INVxp33_ASAP7_75t_R          1  2.4    97    85     612    (-,-) 
  u_apb_ascon_u_ascon/g40058/Y         -       B->Y    R     XNOR2xp5_ASAP7_75t_R         2  3.0   111    79     690    (-,-) 
  u_apb_ascon_u_ascon/g39855__3680/Y   -       B->Y    F     NOR2xp33_ASAP7_75t_R         1  1.8    83    70     761    (-,-) 
  u_apb_ascon_u_ascon/drc_bufs43503/Y  -       A->Y    R     INVxp33_ASAP7_75t_R          2  2.8   132    90     850    (-,-) 
  u_apb_ascon_u_ascon/drc_bufs43502/Y  -       A->Y    F     INVxp33_ASAP7_75t_R          1  2.0    87    78     928    (-,-) 
  u_apb_ascon_u_ascon/g39676__2398/Y   -       B->Y    F     AO21x1_ASAP7_75t_R           2  3.3    42    63     991    (-,-) 
  u_apb_ascon_u_ascon/g39566__4319/Y   -       A->Y    R     XOR2x2_ASAP7_75t_R           4  9.7    78    88    1079    (-,-) 
  u_apb_ascon_u_ascon/g44453/SN        -       CI->SN  F     FAx1_ASAP7_75t_R             1  1.8    82   111    1190    (-,-) 
  u_apb_ascon_u_ascon/drc_bufs43461/Y  -       A->Y    R     INVxp33_ASAP7_75t_R          2  2.9   135    91    1281    (-,-) 
  u_apb_ascon_u_ascon/drc_bufs43459/Y  -       A->Y    F     INVxp67_ASAP7_75t_R          2  3.9    86    77    1358    (-,-) 
  u_apb_ascon_u_ascon/g39218__6161/Y   -       B->Y    F     XNOR2xp5_ASAP7_75t_R         1  2.4    68    66    1424    (-,-) 
  u_apb_ascon_u_ascon/g38670__4319/Y   -       B->Y    R     XNOR2xp5_ASAP7_75t_R         2  3.5   121    76    1500    (-,-) 
  u_apb_ascon_u_ascon/g38451__9315/Y   -       B->Y    F     XOR2xp5_ASAP7_75t_R          2  3.0    86    72    1572    (-,-) 
  u_apb_ascon_u_ascon/g40980/Y         -       A1->Y   R     AOI222xp33_ASAP7_75t_R       1  2.0   119    79    1651    (-,-) 
  u_apb_ascon_u_ascon/state_reg[67]/D  -       -       R     DFFASRHQNx1_ASAP7_75t_R      1    -     -     0    1651    (-,-) 
#-----------------------------------------------------------------------------------------------------------------------------



Path 6: MET (2269 ps) Setup Check with Pin u_apb_ascon_u_ascon/tag_out_reg[67]/CLK->D
           View: view_ss
          Group: CLK_ASCON
     Startpoint: (R) u_apb_ascon_u_ascon/round_reg[3]/CLK
          Clock: (R) CLK_ASCON
       Endpoint: (R) u_apb_ascon_u_ascon/tag_out_reg[67]/D
          Clock: (R) CLK_ASCON

                     Capture       Launch     
        Clock Edge:+    4000            0     
       Src Latency:+     100          150     
       Net Latency:+       0 (I)        0 (I) 
           Arrival:=    4100          150     
                                              
             Setup:-      34                  
       Uncertainty:-     150                  
     Required Time:=    3916                  
      Launch Clock:-     150                  
         Data Path:-    1497                  
             Slack:=    2269                  

#------------------------------------------------------------------------------------------------------------------------------
#             Timing Point              Flags    Arc    Edge          Cell            Fanout Load Trans Delay Arrival Instance 
#                                                                                            (fF)  (ps)  (ps)   (ps)  Location 
#------------------------------------------------------------------------------------------------------------------------------
  u_apb_ascon_u_ascon/round_reg[3]/CLK  -       -       R     (arrival)                    4    -    40     0     150    (-,-) 
  u_apb_ascon_u_ascon/round_reg[3]/QN   -       CLK->QN F     DFFASRHQNx1_ASAP7_75t_R      5  7.2   100   145     295    (-,-) 
  u_apb_ascon_u_ascon/g40597/Y          -       A->Y    R     INVxp33_ASAP7_75t_R          1  1.8    98    75     370    (-,-) 
  u_apb_ascon_u_ascon/g40464/Y          -       B->Y    F     NOR2xp33_ASAP7_75t_R         1  1.8    82    67     437    (-,-) 
  u_apb_ascon_u_ascon/drc_bufs43551/Y   -       A->Y    R     INVxp33_ASAP7_75t_R          2  2.8   131    89     526    (-,-) 
  u_apb_ascon_u_ascon/drc_bufs43549/Y   -       A->Y    F     INVxp33_ASAP7_75t_R          1  2.4    97    85     612    (-,-) 
  u_apb_ascon_u_ascon/g40058/Y          -       B->Y    R     XNOR2xp5_ASAP7_75t_R         2  3.0   111    79     690    (-,-) 
  u_apb_ascon_u_ascon/g39855__3680/Y    -       B->Y    F     NOR2xp33_ASAP7_75t_R         1  1.8    83    70     761    (-,-) 
  u_apb_ascon_u_ascon/drc_bufs43503/Y   -       A->Y    R     INVxp33_ASAP7_75t_R          2  2.8   132    90     850    (-,-) 
  u_apb_ascon_u_ascon/drc_bufs43502/Y   -       A->Y    F     INVxp33_ASAP7_75t_R          1  2.0    87    78     928    (-,-) 
  u_apb_ascon_u_ascon/g39676__2398/Y    -       B->Y    F     AO21x1_ASAP7_75t_R           2  3.3    42    63     991    (-,-) 
  u_apb_ascon_u_ascon/g39566__4319/Y    -       A->Y    R     XOR2x2_ASAP7_75t_R           4  9.7    78    88    1079    (-,-) 
  u_apb_ascon_u_ascon/g44453/SN         -       CI->SN  F     FAx1_ASAP7_75t_R             1  1.8    82   111    1190    (-,-) 
  u_apb_ascon_u_ascon/drc_bufs43461/Y   -       A->Y    R     INVxp33_ASAP7_75t_R          2  2.9   135    91    1281    (-,-) 
  u_apb_ascon_u_ascon/drc_bufs43459/Y   -       A->Y    F     INVxp67_ASAP7_75t_R          2  3.9    86    77    1358    (-,-) 
  u_apb_ascon_u_ascon/g39218__6161/Y    -       B->Y    F     XNOR2xp5_ASAP7_75t_R         1  2.4    68    66    1424    (-,-) 
  u_apb_ascon_u_ascon/g38670__4319/Y    -       B->Y    R     XNOR2xp5_ASAP7_75t_R         2  3.5   121    76    1500    (-,-) 
  u_apb_ascon_u_ascon/g38451__9315/Y    -       B->Y    F     XOR2xp5_ASAP7_75t_R          2  3.0    86    72    1572    (-,-) 
  u_apb_ascon_u_ascon/g38445/Y          -       A->Y    R     INVxp33_ASAP7_75t_R          1  2.0   102    75    1647    (-,-) 
  u_apb_ascon_u_ascon/tag_out_reg[67]/D -       -       R     DFFASRHQNx1_ASAP7_75t_R      1    -     -     0    1647    (-,-) 
#------------------------------------------------------------------------------------------------------------------------------



Path 7: MET (2302 ps) Setup Check with Pin u_apb_ascon_u_ascon/state_reg[295]/CLK->D
           View: view_ss
          Group: CLK_ASCON
     Startpoint: (R) u_apb_ascon_u_ascon/round_reg[3]/CLK
          Clock: (R) CLK_ASCON
       Endpoint: (R) u_apb_ascon_u_ascon/state_reg[295]/D
          Clock: (R) CLK_ASCON

                     Capture       Launch     
        Clock Edge:+    4000            0     
       Src Latency:+     100          150     
       Net Latency:+       0 (I)        0 (I) 
           Arrival:=    4100          150     
                                              
             Setup:-      34                  
       Uncertainty:-     150                  
     Required Time:=    3916                  
      Launch Clock:-     150                  
         Data Path:-    1464                  
             Slack:=    2302                  

#-----------------------------------------------------------------------------------------------------------------------------
#            Timing Point              Flags    Arc    Edge          Cell            Fanout Load Trans Delay Arrival Instance 
#                                                                                           (fF)  (ps)  (ps)   (ps)  Location 
#-----------------------------------------------------------------------------------------------------------------------------
  u_apb_ascon_u_ascon/round_reg[3]/CLK -       -       R     (arrival)                    4    -    40     0     150    (-,-) 
  u_apb_ascon_u_ascon/round_reg[3]/QN  -       CLK->QN F     DFFASRHQNx1_ASAP7_75t_R      5  7.2   100   145     295    (-,-) 
  u_apb_ascon_u_ascon/g40597/Y         -       A->Y    R     INVxp33_ASAP7_75t_R          1  1.8    98    75     370    (-,-) 
  u_apb_ascon_u_ascon/g40464/Y         -       B->Y    F     NOR2xp33_ASAP7_75t_R         1  1.8    82    67     437    (-,-) 
  u_apb_ascon_u_ascon/drc_bufs43551/Y  -       A->Y    R     INVxp33_ASAP7_75t_R          2  2.8   131    89     526    (-,-) 
  u_apb_ascon_u_ascon/drc_bufs43549/Y  -       A->Y    F     INVxp33_ASAP7_75t_R          1  2.4    97    85     612    (-,-) 
  u_apb_ascon_u_ascon/g40058/Y         -       B->Y    R     XNOR2xp5_ASAP7_75t_R         2  3.0   111    79     690    (-,-) 
  u_apb_ascon_u_ascon/g39855__3680/Y   -       B->Y    F     NOR2xp33_ASAP7_75t_R         1  1.8    83    70     761    (-,-) 
  u_apb_ascon_u_ascon/drc_bufs43503/Y  -       A->Y    R     INVxp33_ASAP7_75t_R          2  2.8   132    90     850    (-,-) 
  u_apb_ascon_u_ascon/drc_bufs43501/Y  -       A->Y    F     INVxp33_ASAP7_75t_R          1  2.4    98    86     936    (-,-) 
  u_apb_ascon_u_ascon/g39648__2398/Y   -       B->Y    R     XNOR2xp5_ASAP7_75t_R         2  4.0   137    92    1027    (-,-) 
  u_apb_ascon_u_ascon/g39451__2398/Y   -       B->Y    F     XOR2xp5_ASAP7_75t_R          1  1.9    72    61    1089    (-,-) 
  u_apb_ascon_u_ascon/drc_bufs43029/Y  -       A->Y    R     INVxp67_ASAP7_75t_R          2  4.3   103    72    1161    (-,-) 
  u_apb_ascon_u_ascon/g44416/SN        -       A->SN   F     FAx1_ASAP7_75t_R             1  1.8    84   115    1276    (-,-) 
  u_apb_ascon_u_ascon/g44415/Y         -       A->Y    R     INVxp33_ASAP7_75t_R          1  1.9    98    72    1348    (-,-) 
  u_apb_ascon_u_ascon/drc_bufs41913/Y  -       A->Y    F     INVxp67_ASAP7_75t_R          2  2.9    64    58    1406    (-,-) 
  u_apb_ascon_u_ascon/drc_bufs/Y       -       A->Y    R     INVxp67_ASAP7_75t_R          3  4.2   100    68    1474    (-,-) 
  u_apb_ascon_u_ascon/g39009/Y         -       A->Y    F     INVxp33_ASAP7_75t_R          1  1.9    77    67    1541    (-,-) 
  u_apb_ascon_u_ascon/g41260/Y         -       B2->Y   R     AOI22xp33_ASAP7_75t_R        1  2.0   108    73    1614    (-,-) 
  u_apb_ascon_u_ascon/state_reg[295]/D -       -       R     DFFASRHQNx1_ASAP7_75t_R      1    -     -     0    1614    (-,-) 
#-----------------------------------------------------------------------------------------------------------------------------



Path 8: MET (2316 ps) Setup Check with Pin u_apb_ascon_u_ascon/state_reg[122]/CLK->D
           View: view_ss
          Group: CLK_ASCON
     Startpoint: (R) u_apb_ascon_u_ascon/round_reg[2]/CLK
          Clock: (R) CLK_ASCON
       Endpoint: (R) u_apb_ascon_u_ascon/state_reg[122]/D
          Clock: (R) CLK_ASCON

                     Capture       Launch     
        Clock Edge:+    4000            0     
       Src Latency:+     100          150     
       Net Latency:+       0 (I)        0 (I) 
           Arrival:=    4100          150     
                                              
             Setup:-      36                  
       Uncertainty:-     150                  
     Required Time:=    3914                  
      Launch Clock:-     150                  
         Data Path:-    1449                  
             Slack:=    2316                  

#-----------------------------------------------------------------------------------------------------------------------------
#            Timing Point              Flags    Arc    Edge          Cell            Fanout Load Trans Delay Arrival Instance 
#                                                                                           (fF)  (ps)  (ps)   (ps)  Location 
#-----------------------------------------------------------------------------------------------------------------------------
  u_apb_ascon_u_ascon/round_reg[2]/CLK -       -       R     (arrival)                    4    -    40     0     150    (-,-) 
  u_apb_ascon_u_ascon/round_reg[2]/QN  -       CLK->QN R     DFFASRHQNx1_ASAP7_75t_R      5  6.9   116   140     290    (-,-) 
  u_apb_ascon_u_ascon/g40468/Y         -       B->Y    F     NAND2xp5_ASAP7_75t_R         3  3.8    94    75     364    (-,-) 
  u_apb_ascon_u_ascon/g40403/Y         -       A->Y    R     INVxp33_ASAP7_75t_R          2  2.8   134    94     458    (-,-) 
  u_apb_ascon_u_ascon/g40068/Y         -       B->Y    F     NOR2xp33_ASAP7_75t_R         1  2.4    99    88     546    (-,-) 
  u_apb_ascon_u_ascon/g39859__5122/Y   -       B->Y    R     XNOR2xp5_ASAP7_75t_R         2  3.0   112    79     625    (-,-) 
  u_apb_ascon_u_ascon/g39677__5107/Y   -       B->Y    F     NOR2xp33_ASAP7_75t_R         1  1.8    83    71     696    (-,-) 
  u_apb_ascon_u_ascon/drc_bufs43539/Y  -       A->Y    R     INVxp33_ASAP7_75t_R          2  2.8   132    90     786    (-,-) 
  u_apb_ascon_u_ascon/drc_bufs43538/Y  -       A->Y    F     INVxp33_ASAP7_75t_R          1  2.0    87    78     864    (-,-) 
  u_apb_ascon_u_ascon/g39643__2346/Y   -       B->Y    F     AO21x1_ASAP7_75t_R           2  3.3    42    63     926    (-,-) 
  u_apb_ascon_u_ascon/g39453__6260/Y   -       A->Y    R     XOR2x2_ASAP7_75t_R           4  9.7    78    88    1015    (-,-) 
  u_apb_ascon_u_ascon/g44409/SN        -       CI->SN  F     FAx1_ASAP7_75t_R             1  1.8    82   111    1125    (-,-) 
  u_apb_ascon_u_ascon/drc_bufs43443/Y  -       A->Y    R     INVxp33_ASAP7_75t_R          2  2.9   135    91    1216    (-,-) 
  u_apb_ascon_u_ascon/drc_bufs43442/Y  -       A->Y    F     INVxp33_ASAP7_75t_R          1  2.4    98    87    1303    (-,-) 
  u_apb_ascon_u_ascon/g38957__6131/Y   -       B->Y    F     XNOR2xp5_ASAP7_75t_R         1  2.4    70    68    1371    (-,-) 
  u_apb_ascon_u_ascon/g38552__2802/Y   -       B->Y    R     XNOR2xp5_ASAP7_75t_R         2  3.5   121    77    1448    (-,-) 
  u_apb_ascon_u_ascon/g38433__6131/Y   -       B->Y    F     XOR2xp5_ASAP7_75t_R          2  3.0    86    72    1520    (-,-) 
  u_apb_ascon_u_ascon/g40970/Y         -       A1->Y   R     AOI222xp33_ASAP7_75t_R       1  2.0   119    79    1599    (-,-) 
  u_apb_ascon_u_ascon/state_reg[122]/D -       -       R     DFFASRHQNx1_ASAP7_75t_R      1    -     -     0    1599    (-,-) 
#-----------------------------------------------------------------------------------------------------------------------------



Path 9: MET (2316 ps) Setup Check with Pin u_apb_ascon_u_ascon/state_reg[123]/CLK->D
           View: view_ss
          Group: CLK_ASCON
     Startpoint: (R) u_apb_ascon_u_ascon/round_reg[2]/CLK
          Clock: (R) CLK_ASCON
       Endpoint: (R) u_apb_ascon_u_ascon/state_reg[123]/D
          Clock: (R) CLK_ASCON

                     Capture       Launch     
        Clock Edge:+    4000            0     
       Src Latency:+     100          150     
       Net Latency:+       0 (I)        0 (I) 
           Arrival:=    4100          150     
                                              
             Setup:-      36                  
       Uncertainty:-     150                  
     Required Time:=    3914                  
      Launch Clock:-     150                  
         Data Path:-    1448                  
             Slack:=    2316                  

#-----------------------------------------------------------------------------------------------------------------------------
#            Timing Point              Flags    Arc    Edge          Cell            Fanout Load Trans Delay Arrival Instance 
#                                                                                           (fF)  (ps)  (ps)   (ps)  Location 
#-----------------------------------------------------------------------------------------------------------------------------
  u_apb_ascon_u_ascon/round_reg[2]/CLK -       -       R     (arrival)                    4    -    40     0     150    (-,-) 
  u_apb_ascon_u_ascon/round_reg[2]/QN  -       CLK->QN R     DFFASRHQNx1_ASAP7_75t_R      5  6.9   116   140     290    (-,-) 
  u_apb_ascon_u_ascon/g40468/Y         -       B->Y    F     NAND2xp5_ASAP7_75t_R         3  3.8    94    75     364    (-,-) 
  u_apb_ascon_u_ascon/g40403/Y         -       A->Y    R     INVxp33_ASAP7_75t_R          2  2.8   134    94     458    (-,-) 
  u_apb_ascon_u_ascon/g40074/Y         -       B->Y    F     NOR2xp33_ASAP7_75t_R         1  2.4    99    88     546    (-,-) 
  u_apb_ascon_u_ascon/g39856__1617/Y   -       B->Y    R     XNOR2xp5_ASAP7_75t_R         2  3.0   112    79     625    (-,-) 
  u_apb_ascon_u_ascon/g39678__6260/Y   -       B->Y    F     NOR2xp33_ASAP7_75t_R         1  1.8    83    71     696    (-,-) 
  u_apb_ascon_u_ascon/drc_bufs43509/Y  -       A->Y    R     INVxp33_ASAP7_75t_R          2  2.8   132    90     786    (-,-) 
  u_apb_ascon_u_ascon/drc_bufs43508/Y  -       A->Y    F     INVxp33_ASAP7_75t_R          1  2.0    87    78     864    (-,-) 
  u_apb_ascon_u_ascon/g39649__5107/Y   -       B->Y    F     AO21x1_ASAP7_75t_R           2  3.3    42    63     926    (-,-) 
  u_apb_ascon_u_ascon/g39452__5107/Y   -       A->Y    R     XOR2x2_ASAP7_75t_R           4  9.6    77    88    1014    (-,-) 
  u_apb_ascon_u_ascon/g44410/SN        -       CI->SN  F     FAx1_ASAP7_75t_R             1  1.8    82   110    1125    (-,-) 
  u_apb_ascon_u_ascon/drc_bufs43455/Y  -       A->Y    R     INVxp33_ASAP7_75t_R          2  2.9   135    91    1216    (-,-) 
  u_apb_ascon_u_ascon/drc_bufs43454/Y  -       A->Y    F     INVxp33_ASAP7_75t_R          1  2.4    98    87    1302    (-,-) 
  u_apb_ascon_u_ascon/g38958__1881/Y   -       B->Y    F     XNOR2xp5_ASAP7_75t_R         1  2.4    70    68    1370    (-,-) 
  u_apb_ascon_u_ascon/g38547__8428/Y   -       B->Y    R     XNOR2xp5_ASAP7_75t_R         2  3.5   121    77    1447    (-,-) 
  u_apb_ascon_u_ascon/g38434__1881/Y   -       B->Y    F     XOR2xp5_ASAP7_75t_R          2  3.0    86    72    1519    (-,-) 
  u_apb_ascon_u_ascon/g40971/Y         -       A1->Y   R     AOI222xp33_ASAP7_75t_R       1  2.0   119    79    1598    (-,-) 
  u_apb_ascon_u_ascon/state_reg[123]/D -       -       R     DFFASRHQNx1_ASAP7_75t_R      1    -     -     0    1598    (-,-) 
#-----------------------------------------------------------------------------------------------------------------------------



Path 10: MET (2322 ps) Setup Check with Pin u_apb_ascon_u_ascon/tag_out_reg[122]/CLK->D
           View: view_ss
          Group: CLK_ASCON
     Startpoint: (R) u_apb_ascon_u_ascon/round_reg[2]/CLK
          Clock: (R) CLK_ASCON
       Endpoint: (R) u_apb_ascon_u_ascon/tag_out_reg[122]/D
          Clock: (R) CLK_ASCON

                     Capture       Launch     
        Clock Edge:+    4000            0     
       Src Latency:+     100          150     
       Net Latency:+       0 (I)        0 (I) 
           Arrival:=    4100          150     
                                              
             Setup:-      34                  
       Uncertainty:-     150                  
     Required Time:=    3916                  
      Launch Clock:-     150                  
         Data Path:-    1445                  
             Slack:=    2322                  

#-------------------------------------------------------------------------------------------------------------------------------
#             Timing Point               Flags    Arc    Edge          Cell            Fanout Load Trans Delay Arrival Instance 
#                                                                                             (fF)  (ps)  (ps)   (ps)  Location 
#-------------------------------------------------------------------------------------------------------------------------------
  u_apb_ascon_u_ascon/round_reg[2]/CLK   -       -       R     (arrival)                    4    -    40     0     150    (-,-) 
  u_apb_ascon_u_ascon/round_reg[2]/QN    -       CLK->QN R     DFFASRHQNx1_ASAP7_75t_R      5  6.9   116   140     290    (-,-) 
  u_apb_ascon_u_ascon/g40468/Y           -       B->Y    F     NAND2xp5_ASAP7_75t_R         3  3.8    94    75     364    (-,-) 
  u_apb_ascon_u_ascon/g40403/Y           -       A->Y    R     INVxp33_ASAP7_75t_R          2  2.8   134    94     458    (-,-) 
  u_apb_ascon_u_ascon/g40068/Y           -       B->Y    F     NOR2xp33_ASAP7_75t_R         1  2.4    99    88     546    (-,-) 
  u_apb_ascon_u_ascon/g39859__5122/Y     -       B->Y    R     XNOR2xp5_ASAP7_75t_R         2  3.0   112    79     625    (-,-) 
  u_apb_ascon_u_ascon/g39677__5107/Y     -       B->Y    F     NOR2xp33_ASAP7_75t_R         1  1.8    83    71     696    (-,-) 
  u_apb_ascon_u_ascon/drc_bufs43539/Y    -       A->Y    R     INVxp33_ASAP7_75t_R          2  2.8   132    90     786    (-,-) 
  u_apb_ascon_u_ascon/drc_bufs43538/Y    -       A->Y    F     INVxp33_ASAP7_75t_R          1  2.0    87    78     864    (-,-) 
  u_apb_ascon_u_ascon/g39643__2346/Y     -       B->Y    F     AO21x1_ASAP7_75t_R           2  3.3    42    63     926    (-,-) 
  u_apb_ascon_u_ascon/g39453__6260/Y     -       A->Y    R     XOR2x2_ASAP7_75t_R           4  9.7    78    88    1015    (-,-) 
  u_apb_ascon_u_ascon/g44409/SN          -       CI->SN  F     FAx1_ASAP7_75t_R             1  1.8    82   111    1125    (-,-) 
  u_apb_ascon_u_ascon/drc_bufs43443/Y    -       A->Y    R     INVxp33_ASAP7_75t_R          2  2.9   135    91    1216    (-,-) 
  u_apb_ascon_u_ascon/drc_bufs43442/Y    -       A->Y    F     INVxp33_ASAP7_75t_R          1  2.4    98    87    1303    (-,-) 
  u_apb_ascon_u_ascon/g38957__6131/Y     -       B->Y    F     XNOR2xp5_ASAP7_75t_R         1  2.4    70    68    1371    (-,-) 
  u_apb_ascon_u_ascon/g38552__2802/Y     -       B->Y    R     XNOR2xp5_ASAP7_75t_R         2  3.5   121    77    1448    (-,-) 
  u_apb_ascon_u_ascon/g38433__6131/Y     -       B->Y    F     XOR2xp5_ASAP7_75t_R          2  3.0    86    72    1520    (-,-) 
  u_apb_ascon_u_ascon/g38427/Y           -       A->Y    R     INVxp33_ASAP7_75t_R          1  2.0   102    75    1595    (-,-) 
  u_apb_ascon_u_ascon/tag_out_reg[122]/D -       -       R     DFFASRHQNx1_ASAP7_75t_R      1    -     -     0    1595    (-,-) 
#-------------------------------------------------------------------------------------------------------------------------------



Path 11: MET (2322 ps) Setup Check with Pin u_apb_ascon_u_ascon/tag_out_reg[123]/CLK->D
           View: view_ss
          Group: CLK_ASCON
     Startpoint: (R) u_apb_ascon_u_ascon/round_reg[2]/CLK
          Clock: (R) CLK_ASCON
       Endpoint: (R) u_apb_ascon_u_ascon/tag_out_reg[123]/D
          Clock: (R) CLK_ASCON

                     Capture       Launch     
        Clock Edge:+    4000            0     
       Src Latency:+     100          150     
       Net Latency:+       0 (I)        0 (I) 
           Arrival:=    4100          150     
                                              
             Setup:-      34                  
       Uncertainty:-     150                  
     Required Time:=    3916                  
      Launch Clock:-     150                  
         Data Path:-    1444                  
             Slack:=    2322                  

#-------------------------------------------------------------------------------------------------------------------------------
#             Timing Point               Flags    Arc    Edge          Cell            Fanout Load Trans Delay Arrival Instance 
#                                                                                             (fF)  (ps)  (ps)   (ps)  Location 
#-------------------------------------------------------------------------------------------------------------------------------
  u_apb_ascon_u_ascon/round_reg[2]/CLK   -       -       R     (arrival)                    4    -    40     0     150    (-,-) 
  u_apb_ascon_u_ascon/round_reg[2]/QN    -       CLK->QN R     DFFASRHQNx1_ASAP7_75t_R      5  6.9   116   140     290    (-,-) 
  u_apb_ascon_u_ascon/g40468/Y           -       B->Y    F     NAND2xp5_ASAP7_75t_R         3  3.8    94    75     364    (-,-) 
  u_apb_ascon_u_ascon/g40403/Y           -       A->Y    R     INVxp33_ASAP7_75t_R          2  2.8   134    94     458    (-,-) 
  u_apb_ascon_u_ascon/g40074/Y           -       B->Y    F     NOR2xp33_ASAP7_75t_R         1  2.4    99    88     546    (-,-) 
  u_apb_ascon_u_ascon/g39856__1617/Y     -       B->Y    R     XNOR2xp5_ASAP7_75t_R         2  3.0   112    79     625    (-,-) 
  u_apb_ascon_u_ascon/g39678__6260/Y     -       B->Y    F     NOR2xp33_ASAP7_75t_R         1  1.8    83    71     696    (-,-) 
  u_apb_ascon_u_ascon/drc_bufs43509/Y    -       A->Y    R     INVxp33_ASAP7_75t_R          2  2.8   132    90     786    (-,-) 
  u_apb_ascon_u_ascon/drc_bufs43508/Y    -       A->Y    F     INVxp33_ASAP7_75t_R          1  2.0    87    78     864    (-,-) 
  u_apb_ascon_u_ascon/g39649__5107/Y     -       B->Y    F     AO21x1_ASAP7_75t_R           2  3.3    42    63     926    (-,-) 
  u_apb_ascon_u_ascon/g39452__5107/Y     -       A->Y    R     XOR2x2_ASAP7_75t_R           4  9.6    77    88    1014    (-,-) 
  u_apb_ascon_u_ascon/g44410/SN          -       CI->SN  F     FAx1_ASAP7_75t_R             1  1.8    82   110    1125    (-,-) 
  u_apb_ascon_u_ascon/drc_bufs43455/Y    -       A->Y    R     INVxp33_ASAP7_75t_R          2  2.9   135    91    1216    (-,-) 
  u_apb_ascon_u_ascon/drc_bufs43454/Y    -       A->Y    F     INVxp33_ASAP7_75t_R          1  2.4    98    87    1302    (-,-) 
  u_apb_ascon_u_ascon/g38958__1881/Y     -       B->Y    F     XNOR2xp5_ASAP7_75t_R         1  2.4    70    68    1370    (-,-) 
  u_apb_ascon_u_ascon/g38547__8428/Y     -       B->Y    R     XNOR2xp5_ASAP7_75t_R         2  3.5   121    77    1447    (-,-) 
  u_apb_ascon_u_ascon/g38434__1881/Y     -       B->Y    F     XOR2xp5_ASAP7_75t_R          2  3.0    86    72    1519    (-,-) 
  u_apb_ascon_u_ascon/g38428/Y           -       A->Y    R     INVxp33_ASAP7_75t_R          1  2.0   102    75    1594    (-,-) 
  u_apb_ascon_u_ascon/tag_out_reg[123]/D -       -       R     DFFASRHQNx1_ASAP7_75t_R      1    -     -     0    1594    (-,-) 
#-------------------------------------------------------------------------------------------------------------------------------



Path 12: MET (2324 ps) Setup Check with Pin u_apb_ascon_u_ascon/hash_out_reg[112]/CLK->D
           View: view_ss
          Group: CLK_ASCON
     Startpoint: (R) u_apb_ascon_u_ascon/round_reg[3]/CLK
          Clock: (R) CLK_ASCON
       Endpoint: (R) u_apb_ascon_u_ascon/hash_out_reg[112]/D
          Clock: (R) CLK_ASCON

                     Capture       Launch     
        Clock Edge:+    4000            0     
       Src Latency:+     100          150     
       Net Latency:+       0 (I)        0 (I) 
           Arrival:=    4100          150     
                                              
             Setup:-      39                  
       Uncertainty:-     150                  
     Required Time:=    3911                  
      Launch Clock:-     150                  
         Data Path:-    1437                  
             Slack:=    2324                  

#--------------------------------------------------------------------------------------------------------------------------------
#              Timing Point               Flags    Arc    Edge          Cell            Fanout Load Trans Delay Arrival Instance 
#                                                                                              (fF)  (ps)  (ps)   (ps)  Location 
#--------------------------------------------------------------------------------------------------------------------------------
  u_apb_ascon_u_ascon/round_reg[3]/CLK    -       -       R     (arrival)                    4    -    40     0     150    (-,-) 
  u_apb_ascon_u_ascon/round_reg[3]/QN     -       CLK->QN F     DFFASRHQNx1_ASAP7_75t_R      5  7.2   100   145     295    (-,-) 
  u_apb_ascon_u_ascon/g40597/Y            -       A->Y    R     INVxp33_ASAP7_75t_R          1  1.8    98    75     370    (-,-) 
  u_apb_ascon_u_ascon/g40464/Y            -       B->Y    F     NOR2xp33_ASAP7_75t_R         1  1.8    82    67     437    (-,-) 
  u_apb_ascon_u_ascon/drc_bufs43551/Y     -       A->Y    R     INVxp33_ASAP7_75t_R          2  2.8   131    89     526    (-,-) 
  u_apb_ascon_u_ascon/drc_bufs43549/Y     -       A->Y    F     INVxp33_ASAP7_75t_R          1  2.4    97    85     612    (-,-) 
  u_apb_ascon_u_ascon/g40058/Y            -       B->Y    R     XNOR2xp5_ASAP7_75t_R         2  3.0   111    79     690    (-,-) 
  u_apb_ascon_u_ascon/g39855__3680/Y      -       B->Y    F     NOR2xp33_ASAP7_75t_R         1  1.8    83    70     761    (-,-) 
  u_apb_ascon_u_ascon/drc_bufs43503/Y     -       A->Y    R     INVxp33_ASAP7_75t_R          2  2.8   132    90     850    (-,-) 
  u_apb_ascon_u_ascon/drc_bufs43501/Y     -       A->Y    F     INVxp33_ASAP7_75t_R          1  2.4    98    86     936    (-,-) 
  u_apb_ascon_u_ascon/g39648__2398/Y      -       B->Y    R     XNOR2xp5_ASAP7_75t_R         2  4.0   137    92    1027    (-,-) 
  u_apb_ascon_u_ascon/g39451__2398/Y      -       B->Y    R     XOR2xp5_ASAP7_75t_R          1  1.9    78    73    1101    (-,-) 
  u_apb_ascon_u_ascon/drc_bufs43029/Y     -       A->Y    F     INVxp67_ASAP7_75t_R          2  4.3    77    64    1164    (-,-) 
  u_apb_ascon_u_ascon/drc_bufs43027/Y     -       A->Y    R     INVxp67_ASAP7_75t_R          2  5.0   118    81    1245    (-,-) 
  u_apb_ascon_u_ascon/g44427/SN           -       CI->SN  F     FAx1_ASAP7_75t_R             1  1.8    84   121    1366    (-,-) 
  u_apb_ascon_u_ascon/g44426/Y            -       A->Y    R     INVxp33_ASAP7_75t_R          1  1.9    98    72    1439    (-,-) 
  u_apb_ascon_u_ascon/drc_bufs41997/Y     -       A->Y    F     INVxp67_ASAP7_75t_R          2  2.9    64    58    1497    (-,-) 
  u_apb_ascon_u_ascon/drc_bufs41996/Y     -       A->Y    R     INVxp33_ASAP7_75t_R          2  3.2   144    90    1587    (-,-) 
  u_apb_ascon_u_ascon/hash_out_reg[112]/D -       -       R     DFFASRHQNx1_ASAP7_75t_R      2    -     -     0    1587    (-,-) 
#--------------------------------------------------------------------------------------------------------------------------------



Path 13: MET (2324 ps) Setup Check with Pin u_apb_ascon_u_ascon/hash_out_reg[67]/CLK->D
           View: view_ss
          Group: CLK_ASCON
     Startpoint: (R) u_apb_ascon_u_ascon/round_reg[3]/CLK
          Clock: (R) CLK_ASCON
       Endpoint: (R) u_apb_ascon_u_ascon/hash_out_reg[67]/D
          Clock: (R) CLK_ASCON

                     Capture       Launch     
        Clock Edge:+    4000            0     
       Src Latency:+     100          150     
       Net Latency:+       0 (I)        0 (I) 
           Arrival:=    4100          150     
                                              
             Setup:-      39                  
       Uncertainty:-     150                  
     Required Time:=    3911                  
      Launch Clock:-     150                  
         Data Path:-    1437                  
             Slack:=    2324                  

#-------------------------------------------------------------------------------------------------------------------------------
#             Timing Point               Flags    Arc    Edge          Cell            Fanout Load Trans Delay Arrival Instance 
#                                                                                             (fF)  (ps)  (ps)   (ps)  Location 
#-------------------------------------------------------------------------------------------------------------------------------
  u_apb_ascon_u_ascon/round_reg[3]/CLK   -       -       R     (arrival)                    4    -    40     0     150    (-,-) 
  u_apb_ascon_u_ascon/round_reg[3]/QN    -       CLK->QN F     DFFASRHQNx1_ASAP7_75t_R      5  7.2   100   145     295    (-,-) 
  u_apb_ascon_u_ascon/g40597/Y           -       A->Y    R     INVxp33_ASAP7_75t_R          1  1.8    98    75     370    (-,-) 
  u_apb_ascon_u_ascon/g40464/Y           -       B->Y    F     NOR2xp33_ASAP7_75t_R         1  1.8    82    67     437    (-,-) 
  u_apb_ascon_u_ascon/drc_bufs43551/Y    -       A->Y    R     INVxp33_ASAP7_75t_R          2  2.8   131    89     526    (-,-) 
  u_apb_ascon_u_ascon/drc_bufs43549/Y    -       A->Y    F     INVxp33_ASAP7_75t_R          1  2.4    97    85     612    (-,-) 
  u_apb_ascon_u_ascon/g40058/Y           -       B->Y    R     XNOR2xp5_ASAP7_75t_R         2  3.0   111    79     690    (-,-) 
  u_apb_ascon_u_ascon/g39855__3680/Y     -       B->Y    F     NOR2xp33_ASAP7_75t_R         1  1.8    83    70     761    (-,-) 
  u_apb_ascon_u_ascon/drc_bufs43503/Y    -       A->Y    R     INVxp33_ASAP7_75t_R          2  2.8   132    90     850    (-,-) 
  u_apb_ascon_u_ascon/drc_bufs43501/Y    -       A->Y    F     INVxp33_ASAP7_75t_R          1  2.4    98    86     936    (-,-) 
  u_apb_ascon_u_ascon/g39648__2398/Y     -       B->Y    R     XNOR2xp5_ASAP7_75t_R         2  4.0   137    92    1027    (-,-) 
  u_apb_ascon_u_ascon/g39451__2398/Y     -       B->Y    R     XOR2xp5_ASAP7_75t_R          1  1.9    78    73    1101    (-,-) 
  u_apb_ascon_u_ascon/drc_bufs43029/Y    -       A->Y    F     INVxp67_ASAP7_75t_R          2  4.3    77    64    1164    (-,-) 
  u_apb_ascon_u_ascon/drc_bufs43027/Y    -       A->Y    R     INVxp67_ASAP7_75t_R          2  5.0   118    81    1245    (-,-) 
  u_apb_ascon_u_ascon/g44425/SN          -       CI->SN  F     FAx1_ASAP7_75t_R             1  1.8    84   121    1366    (-,-) 
  u_apb_ascon_u_ascon/g44424/Y           -       A->Y    R     INVxp33_ASAP7_75t_R          1  1.9    98    72    1439    (-,-) 
  u_apb_ascon_u_ascon/drc_bufs42147/Y    -       A->Y    F     INVxp67_ASAP7_75t_R          2  2.9    64    58    1497    (-,-) 
  u_apb_ascon_u_ascon/drc_bufs42146/Y    -       A->Y    R     INVxp33_ASAP7_75t_R          2  3.2   144    90    1587    (-,-) 
  u_apb_ascon_u_ascon/hash_out_reg[67]/D -       -       R     DFFASRHQNx1_ASAP7_75t_R      2    -     -     0    1587    (-,-) 
#-------------------------------------------------------------------------------------------------------------------------------



Path 14: MET (2324 ps) Setup Check with Pin u_apb_ascon_u_ascon/hash_out_reg[48]/CLK->D
           View: view_ss
          Group: CLK_ASCON
     Startpoint: (R) u_apb_ascon_u_ascon/round_reg[3]/CLK
          Clock: (R) CLK_ASCON
       Endpoint: (R) u_apb_ascon_u_ascon/hash_out_reg[48]/D
          Clock: (R) CLK_ASCON

                     Capture       Launch     
        Clock Edge:+    4000            0     
       Src Latency:+     100          150     
       Net Latency:+       0 (I)        0 (I) 
           Arrival:=    4100          150     
                                              
             Setup:-      39                  
       Uncertainty:-     150                  
     Required Time:=    3911                  
      Launch Clock:-     150                  
         Data Path:-    1437                  
             Slack:=    2324                  

#-------------------------------------------------------------------------------------------------------------------------------
#             Timing Point               Flags    Arc    Edge          Cell            Fanout Load Trans Delay Arrival Instance 
#                                                                                             (fF)  (ps)  (ps)   (ps)  Location 
#-------------------------------------------------------------------------------------------------------------------------------
  u_apb_ascon_u_ascon/round_reg[3]/CLK   -       -       R     (arrival)                    4    -    40     0     150    (-,-) 
  u_apb_ascon_u_ascon/round_reg[3]/QN    -       CLK->QN F     DFFASRHQNx1_ASAP7_75t_R      5  7.2   100   145     295    (-,-) 
  u_apb_ascon_u_ascon/g40597/Y           -       A->Y    R     INVxp33_ASAP7_75t_R          1  1.8    98    75     370    (-,-) 
  u_apb_ascon_u_ascon/g40464/Y           -       B->Y    F     NOR2xp33_ASAP7_75t_R         1  1.8    82    67     437    (-,-) 
  u_apb_ascon_u_ascon/drc_bufs43551/Y    -       A->Y    R     INVxp33_ASAP7_75t_R          2  2.8   131    89     526    (-,-) 
  u_apb_ascon_u_ascon/drc_bufs43549/Y    -       A->Y    F     INVxp33_ASAP7_75t_R          1  2.4    97    85     612    (-,-) 
  u_apb_ascon_u_ascon/g40058/Y           -       B->Y    R     XNOR2xp5_ASAP7_75t_R         2  3.0   111    79     690    (-,-) 
  u_apb_ascon_u_ascon/g39855__3680/Y     -       B->Y    F     NOR2xp33_ASAP7_75t_R         1  1.8    83    70     761    (-,-) 
  u_apb_ascon_u_ascon/drc_bufs43503/Y    -       A->Y    R     INVxp33_ASAP7_75t_R          2  2.8   132    90     850    (-,-) 
  u_apb_ascon_u_ascon/drc_bufs43501/Y    -       A->Y    F     INVxp33_ASAP7_75t_R          1  2.4    98    86     936    (-,-) 
  u_apb_ascon_u_ascon/g39648__2398/Y     -       B->Y    R     XNOR2xp5_ASAP7_75t_R         2  4.0   137    92    1027    (-,-) 
  u_apb_ascon_u_ascon/g39451__2398/Y     -       B->Y    R     XOR2xp5_ASAP7_75t_R          1  1.9    78    73    1101    (-,-) 
  u_apb_ascon_u_ascon/drc_bufs43029/Y    -       A->Y    F     INVxp67_ASAP7_75t_R          2  4.3    77    64    1164    (-,-) 
  u_apb_ascon_u_ascon/drc_bufs43027/Y    -       A->Y    R     INVxp67_ASAP7_75t_R          2  5.0   118    81    1245    (-,-) 
  u_apb_ascon_u_ascon/g44427/SN          -       CI->SN  F     FAx1_ASAP7_75t_R             1  1.8    84   121    1366    (-,-) 
  u_apb_ascon_u_ascon/g44426/Y           -       A->Y    R     INVxp33_ASAP7_75t_R          1  1.9    98    72    1439    (-,-) 
  u_apb_ascon_u_ascon/drc_bufs41997/Y    -       A->Y    F     INVxp67_ASAP7_75t_R          2  2.9    64    58    1497    (-,-) 
  u_apb_ascon_u_ascon/drc_bufs41996/Y    -       A->Y    R     INVxp33_ASAP7_75t_R          2  3.2   144    90    1587    (-,-) 
  u_apb_ascon_u_ascon/hash_out_reg[48]/D -       -       R     DFFASRHQNx1_ASAP7_75t_R      2    -     -     0    1587    (-,-) 
#-------------------------------------------------------------------------------------------------------------------------------



Path 15: MET (2324 ps) Setup Check with Pin u_apb_ascon_u_ascon/hash_out_reg[3]/CLK->D
           View: view_ss
          Group: CLK_ASCON
     Startpoint: (R) u_apb_ascon_u_ascon/round_reg[3]/CLK
          Clock: (R) CLK_ASCON
       Endpoint: (R) u_apb_ascon_u_ascon/hash_out_reg[3]/D
          Clock: (R) CLK_ASCON

                     Capture       Launch     
        Clock Edge:+    4000            0     
       Src Latency:+     100          150     
       Net Latency:+       0 (I)        0 (I) 
           Arrival:=    4100          150     
                                              
             Setup:-      39                  
       Uncertainty:-     150                  
     Required Time:=    3911                  
      Launch Clock:-     150                  
         Data Path:-    1437                  
             Slack:=    2324                  

#------------------------------------------------------------------------------------------------------------------------------
#             Timing Point              Flags    Arc    Edge          Cell            Fanout Load Trans Delay Arrival Instance 
#                                                                                            (fF)  (ps)  (ps)   (ps)  Location 
#------------------------------------------------------------------------------------------------------------------------------
  u_apb_ascon_u_ascon/round_reg[3]/CLK  -       -       R     (arrival)                    4    -    40     0     150    (-,-) 
  u_apb_ascon_u_ascon/round_reg[3]/QN   -       CLK->QN F     DFFASRHQNx1_ASAP7_75t_R      5  7.2   100   145     295    (-,-) 
  u_apb_ascon_u_ascon/g40597/Y          -       A->Y    R     INVxp33_ASAP7_75t_R          1  1.8    98    75     370    (-,-) 
  u_apb_ascon_u_ascon/g40464/Y          -       B->Y    F     NOR2xp33_ASAP7_75t_R         1  1.8    82    67     437    (-,-) 
  u_apb_ascon_u_ascon/drc_bufs43551/Y   -       A->Y    R     INVxp33_ASAP7_75t_R          2  2.8   131    89     526    (-,-) 
  u_apb_ascon_u_ascon/drc_bufs43549/Y   -       A->Y    F     INVxp33_ASAP7_75t_R          1  2.4    97    85     612    (-,-) 
  u_apb_ascon_u_ascon/g40058/Y          -       B->Y    R     XNOR2xp5_ASAP7_75t_R         2  3.0   111    79     690    (-,-) 
  u_apb_ascon_u_ascon/g39855__3680/Y    -       B->Y    F     NOR2xp33_ASAP7_75t_R         1  1.8    83    70     761    (-,-) 
  u_apb_ascon_u_ascon/drc_bufs43503/Y   -       A->Y    R     INVxp33_ASAP7_75t_R          2  2.8   132    90     850    (-,-) 
  u_apb_ascon_u_ascon/drc_bufs43501/Y   -       A->Y    F     INVxp33_ASAP7_75t_R          1  2.4    98    86     936    (-,-) 
  u_apb_ascon_u_ascon/g39648__2398/Y    -       B->Y    R     XNOR2xp5_ASAP7_75t_R         2  4.0   137    92    1027    (-,-) 
  u_apb_ascon_u_ascon/g39451__2398/Y    -       B->Y    R     XOR2xp5_ASAP7_75t_R          1  1.9    78    73    1101    (-,-) 
  u_apb_ascon_u_ascon/drc_bufs43029/Y   -       A->Y    F     INVxp67_ASAP7_75t_R          2  4.3    77    64    1164    (-,-) 
  u_apb_ascon_u_ascon/drc_bufs43027/Y   -       A->Y    R     INVxp67_ASAP7_75t_R          2  5.0   118    81    1245    (-,-) 
  u_apb_ascon_u_ascon/g44425/SN         -       CI->SN  F     FAx1_ASAP7_75t_R             1  1.8    84   121    1366    (-,-) 
  u_apb_ascon_u_ascon/g44424/Y          -       A->Y    R     INVxp33_ASAP7_75t_R          1  1.9    98    72    1439    (-,-) 
  u_apb_ascon_u_ascon/drc_bufs42147/Y   -       A->Y    F     INVxp67_ASAP7_75t_R          2  2.9    64    58    1497    (-,-) 
  u_apb_ascon_u_ascon/drc_bufs42146/Y   -       A->Y    R     INVxp33_ASAP7_75t_R          2  3.2   144    90    1587    (-,-) 
  u_apb_ascon_u_ascon/hash_out_reg[3]/D -       -       R     DFFASRHQNx1_ASAP7_75t_R      2    -     -     0    1587    (-,-) 
#------------------------------------------------------------------------------------------------------------------------------



Path 16: MET (2327 ps) Setup Check with Pin u_apb_ascon_u_ascon/state_reg[68]/CLK->D
           View: view_ss
          Group: CLK_ASCON
     Startpoint: (R) u_apb_ascon_u_ascon/round_reg[2]/CLK
          Clock: (R) CLK_ASCON
       Endpoint: (R) u_apb_ascon_u_ascon/state_reg[68]/D
          Clock: (R) CLK_ASCON

                     Capture       Launch     
        Clock Edge:+    4000            0     
       Src Latency:+     100          150     
       Net Latency:+       0 (I)        0 (I) 
           Arrival:=    4100          150     
                                              
             Setup:-      36                  
       Uncertainty:-     150                  
     Required Time:=    3914                  
      Launch Clock:-     150                  
         Data Path:-    1438                  
             Slack:=    2327                  

#-----------------------------------------------------------------------------------------------------------------------------
#            Timing Point              Flags    Arc    Edge          Cell            Fanout Load Trans Delay Arrival Instance 
#                                                                                           (fF)  (ps)  (ps)   (ps)  Location 
#-----------------------------------------------------------------------------------------------------------------------------
  u_apb_ascon_u_ascon/round_reg[2]/CLK -       -       R     (arrival)                    4    -    40     0     150    (-,-) 
  u_apb_ascon_u_ascon/round_reg[2]/QN  -       CLK->QN R     DFFASRHQNx1_ASAP7_75t_R      5  6.9   116   140     290    (-,-) 
  u_apb_ascon_u_ascon/g40468/Y         -       B->Y    F     NAND2xp5_ASAP7_75t_R         3  3.8    94    75     364    (-,-) 
  u_apb_ascon_u_ascon/g40403/Y         -       A->Y    R     INVxp33_ASAP7_75t_R          2  2.8   134    94     458    (-,-) 
  u_apb_ascon_u_ascon/g40068/Y         -       B->Y    F     NOR2xp33_ASAP7_75t_R         1  2.4    99    88     546    (-,-) 
  u_apb_ascon_u_ascon/g39859__5122/Y   -       B->Y    R     XNOR2xp5_ASAP7_75t_R         2  3.0   112    79     625    (-,-) 
  u_apb_ascon_u_ascon/g39677__5107/Y   -       B->Y    F     NOR2xp33_ASAP7_75t_R         1  1.8    83    71     696    (-,-) 
  u_apb_ascon_u_ascon/drc_bufs43539/Y  -       A->Y    R     INVxp33_ASAP7_75t_R          2  2.8   132    90     786    (-,-) 
  u_apb_ascon_u_ascon/drc_bufs43538/Y  -       A->Y    F     INVxp33_ASAP7_75t_R          1  2.0    87    78     864    (-,-) 
  u_apb_ascon_u_ascon/g39643__2346/Y   -       B->Y    F     AO21x1_ASAP7_75t_R           2  3.3    42    63     926    (-,-) 
  u_apb_ascon_u_ascon/g39453__6260/Y   -       A->Y    R     XOR2x2_ASAP7_75t_R           4  9.7    78    88    1015    (-,-) 
  u_apb_ascon_u_ascon/g44409/SN        -       CI->SN  F     FAx1_ASAP7_75t_R             1  1.8    82   111    1125    (-,-) 
  u_apb_ascon_u_ascon/drc_bufs43443/Y  -       A->Y    R     INVxp33_ASAP7_75t_R          2  2.9   135    91    1216    (-,-) 
  u_apb_ascon_u_ascon/drc_bufs43441/Y  -       A->Y    F     INVxp67_ASAP7_75t_R          2  3.9    86    77    1294    (-,-) 
  u_apb_ascon_u_ascon/g38961__4733/Y   -       B->Y    F     XNOR2xp5_ASAP7_75t_R         1  2.4    70    66    1360    (-,-) 
  u_apb_ascon_u_ascon/g38549__6783/Y   -       B->Y    R     XNOR2xp5_ASAP7_75t_R         2  3.5   121    77    1437    (-,-) 
  u_apb_ascon_u_ascon/g38437__4733/Y   -       B->Y    F     XOR2xp5_ASAP7_75t_R          2  3.0    86    72    1508    (-,-) 
  u_apb_ascon_u_ascon/g40981/Y         -       A1->Y   R     AOI222xp33_ASAP7_75t_R       1  2.0   119    79    1588    (-,-) 
  u_apb_ascon_u_ascon/state_reg[68]/D  -       -       R     DFFASRHQNx1_ASAP7_75t_R      1    -     -     0    1588    (-,-) 
#-----------------------------------------------------------------------------------------------------------------------------



Path 17: MET (2328 ps) Setup Check with Pin u_apb_ascon_u_ascon/state_reg[69]/CLK->D
           View: view_ss
          Group: CLK_ASCON
     Startpoint: (R) u_apb_ascon_u_ascon/round_reg[2]/CLK
          Clock: (R) CLK_ASCON
       Endpoint: (R) u_apb_ascon_u_ascon/state_reg[69]/D
          Clock: (R) CLK_ASCON

                     Capture       Launch     
        Clock Edge:+    4000            0     
       Src Latency:+     100          150     
       Net Latency:+       0 (I)        0 (I) 
           Arrival:=    4100          150     
                                              
             Setup:-      36                  
       Uncertainty:-     150                  
     Required Time:=    3914                  
      Launch Clock:-     150                  
         Data Path:-    1437                  
             Slack:=    2328                  

#-----------------------------------------------------------------------------------------------------------------------------
#            Timing Point              Flags    Arc    Edge          Cell            Fanout Load Trans Delay Arrival Instance 
#                                                                                           (fF)  (ps)  (ps)   (ps)  Location 
#-----------------------------------------------------------------------------------------------------------------------------
  u_apb_ascon_u_ascon/round_reg[2]/CLK -       -       R     (arrival)                    4    -    40     0     150    (-,-) 
  u_apb_ascon_u_ascon/round_reg[2]/QN  -       CLK->QN R     DFFASRHQNx1_ASAP7_75t_R      5  6.9   116   140     290    (-,-) 
  u_apb_ascon_u_ascon/g40468/Y         -       B->Y    F     NAND2xp5_ASAP7_75t_R         3  3.8    94    75     364    (-,-) 
  u_apb_ascon_u_ascon/g40403/Y         -       A->Y    R     INVxp33_ASAP7_75t_R          2  2.8   134    94     458    (-,-) 
  u_apb_ascon_u_ascon/g40074/Y         -       B->Y    F     NOR2xp33_ASAP7_75t_R         1  2.4    99    88     546    (-,-) 
  u_apb_ascon_u_ascon/g39856__1617/Y   -       B->Y    R     XNOR2xp5_ASAP7_75t_R         2  3.0   112    79     625    (-,-) 
  u_apb_ascon_u_ascon/g39678__6260/Y   -       B->Y    F     NOR2xp33_ASAP7_75t_R         1  1.8    83    71     696    (-,-) 
  u_apb_ascon_u_ascon/drc_bufs43509/Y  -       A->Y    R     INVxp33_ASAP7_75t_R          2  2.8   132    90     786    (-,-) 
  u_apb_ascon_u_ascon/drc_bufs43508/Y  -       A->Y    F     INVxp33_ASAP7_75t_R          1  2.0    87    78     864    (-,-) 
  u_apb_ascon_u_ascon/g39649__5107/Y   -       B->Y    F     AO21x1_ASAP7_75t_R           2  3.3    42    63     926    (-,-) 
  u_apb_ascon_u_ascon/g39452__5107/Y   -       A->Y    R     XOR2x2_ASAP7_75t_R           4  9.6    77    88    1014    (-,-) 
  u_apb_ascon_u_ascon/g44410/SN        -       CI->SN  F     FAx1_ASAP7_75t_R             1  1.8    82   110    1125    (-,-) 
  u_apb_ascon_u_ascon/drc_bufs43455/Y  -       A->Y    R     INVxp33_ASAP7_75t_R          2  2.9   135    91    1216    (-,-) 
  u_apb_ascon_u_ascon/drc_bufs43453/Y  -       A->Y    F     INVxp67_ASAP7_75t_R          2  3.9    86    77    1293    (-,-) 
  u_apb_ascon_u_ascon/g38962__6161/Y   -       B->Y    F     XNOR2xp5_ASAP7_75t_R         1  2.4    70    66    1359    (-,-) 
  u_apb_ascon_u_ascon/g38550__3680/Y   -       B->Y    R     XNOR2xp5_ASAP7_75t_R         2  3.5   121    77    1436    (-,-) 
  u_apb_ascon_u_ascon/g38438__6161/Y   -       B->Y    F     XOR2xp5_ASAP7_75t_R          2  3.0    86    72    1508    (-,-) 
  u_apb_ascon_u_ascon/g40982/Y         -       A1->Y   R     AOI222xp33_ASAP7_75t_R       1  2.0   119    79    1587    (-,-) 
  u_apb_ascon_u_ascon/state_reg[69]/D  -       -       R     DFFASRHQNx1_ASAP7_75t_R      1    -     -     0    1587    (-,-) 
#-----------------------------------------------------------------------------------------------------------------------------



Path 18: MET (2328 ps) Setup Check with Pin u_apb_ascon_u_ascon/state_reg[114]/CLK->D
           View: view_ss
          Group: CLK_ASCON
     Startpoint: (R) u_apb_ascon_u_ascon/round_reg[3]/CLK
          Clock: (R) CLK_ASCON
       Endpoint: (R) u_apb_ascon_u_ascon/state_reg[114]/D
          Clock: (R) CLK_ASCON

                     Capture       Launch     
        Clock Edge:+    4000            0     
       Src Latency:+     100          150     
       Net Latency:+       0 (I)        0 (I) 
           Arrival:=    4100          150     
                                              
             Setup:-      36                  
       Uncertainty:-     150                  
     Required Time:=    3914                  
      Launch Clock:-     150                  
         Data Path:-    1437                  
             Slack:=    2328                  

#-----------------------------------------------------------------------------------------------------------------------------
#            Timing Point              Flags    Arc    Edge          Cell            Fanout Load Trans Delay Arrival Instance 
#                                                                                           (fF)  (ps)  (ps)   (ps)  Location 
#-----------------------------------------------------------------------------------------------------------------------------
  u_apb_ascon_u_ascon/round_reg[3]/CLK -       -       R     (arrival)                    4    -    40     0     150    (-,-) 
  u_apb_ascon_u_ascon/round_reg[3]/QN  -       CLK->QN F     DFFASRHQNx1_ASAP7_75t_R      5  7.2   100   145     295    (-,-) 
  u_apb_ascon_u_ascon/g40597/Y         -       A->Y    R     INVxp33_ASAP7_75t_R          1  1.8    98    75     370    (-,-) 
  u_apb_ascon_u_ascon/g40464/Y         -       B->Y    F     NOR2xp33_ASAP7_75t_R         1  1.8    82    67     437    (-,-) 
  u_apb_ascon_u_ascon/drc_bufs43551/Y  -       A->Y    R     INVxp33_ASAP7_75t_R          2  2.8   131    89     526    (-,-) 
  u_apb_ascon_u_ascon/drc_bufs43549/Y  -       A->Y    F     INVxp33_ASAP7_75t_R          1  2.4    97    85     612    (-,-) 
  u_apb_ascon_u_ascon/g40058/Y         -       B->Y    R     XNOR2xp5_ASAP7_75t_R         2  3.0   111    79     690    (-,-) 
  u_apb_ascon_u_ascon/g39855__3680/Y   -       B->Y    F     NOR2xp33_ASAP7_75t_R         1  1.8    83    70     761    (-,-) 
  u_apb_ascon_u_ascon/drc_bufs43503/Y  -       A->Y    R     INVxp33_ASAP7_75t_R          2  2.8   132    90     850    (-,-) 
  u_apb_ascon_u_ascon/drc_bufs43502/Y  -       A->Y    F     INVxp33_ASAP7_75t_R          1  2.0    87    78     928    (-,-) 
  u_apb_ascon_u_ascon/g39676__2398/Y   -       B->Y    F     AO21x1_ASAP7_75t_R           2  3.3    42    63     991    (-,-) 
  u_apb_ascon_u_ascon/g39566__4319/Y   -       A->Y    R     XOR2x2_ASAP7_75t_R           4  9.7    78    88    1079    (-,-) 
  u_apb_ascon_u_ascon/g44453/SN        -       CI->SN  R     FAx1_ASAP7_75t_R             1  1.8   112   103    1182    (-,-) 
  u_apb_ascon_u_ascon/drc_bufs43461/Y  -       A->Y    F     INVxp33_ASAP7_75t_R          2  2.9   105    88    1270    (-,-) 
  u_apb_ascon_u_ascon/drc_bufs43459/Y  -       A->Y    R     INVxp67_ASAP7_75t_R          2  3.9   104    79    1349    (-,-) 
  u_apb_ascon_u_ascon/g39070__5122/Y   -       B->Y    R     XOR2xp5_ASAP7_75t_R          2  3.6   119    90    1439    (-,-) 
  u_apb_ascon_u_ascon/g38605__2398/Y   -       B->Y    F     XOR2xp5_ASAP7_75t_R          2  2.9    84    70    1510    (-,-) 
  u_apb_ascon_u_ascon/g40964/Y         -       B1->Y   R     AOI222xp33_ASAP7_75t_R       1  2.0   120    77    1587    (-,-) 
  u_apb_ascon_u_ascon/state_reg[114]/D -       -       R     DFFASRHQNx1_ASAP7_75t_R      1    -     -     0    1587    (-,-) 
#-----------------------------------------------------------------------------------------------------------------------------



Path 19: MET (2333 ps) Setup Check with Pin u_apb_ascon_u_ascon/tag_out_reg[114]/CLK->D
           View: view_ss
          Group: CLK_ASCON
     Startpoint: (R) u_apb_ascon_u_ascon/round_reg[3]/CLK
          Clock: (R) CLK_ASCON
       Endpoint: (R) u_apb_ascon_u_ascon/tag_out_reg[114]/D
          Clock: (R) CLK_ASCON

                     Capture       Launch     
        Clock Edge:+    4000            0     
       Src Latency:+     100          150     
       Net Latency:+       0 (I)        0 (I) 
           Arrival:=    4100          150     
                                              
             Setup:-      33                  
       Uncertainty:-     150                  
     Required Time:=    3917                  
      Launch Clock:-     150                  
         Data Path:-    1434                  
             Slack:=    2333                  

#-------------------------------------------------------------------------------------------------------------------------------
#             Timing Point               Flags    Arc    Edge          Cell            Fanout Load Trans Delay Arrival Instance 
#                                                                                             (fF)  (ps)  (ps)   (ps)  Location 
#-------------------------------------------------------------------------------------------------------------------------------
  u_apb_ascon_u_ascon/round_reg[3]/CLK   -       -       R     (arrival)                    4    -    40     0     150    (-,-) 
  u_apb_ascon_u_ascon/round_reg[3]/QN    -       CLK->QN F     DFFASRHQNx1_ASAP7_75t_R      5  7.2   100   145     295    (-,-) 
  u_apb_ascon_u_ascon/g40597/Y           -       A->Y    R     INVxp33_ASAP7_75t_R          1  1.8    98    75     370    (-,-) 
  u_apb_ascon_u_ascon/g40464/Y           -       B->Y    F     NOR2xp33_ASAP7_75t_R         1  1.8    82    67     437    (-,-) 
  u_apb_ascon_u_ascon/drc_bufs43551/Y    -       A->Y    R     INVxp33_ASAP7_75t_R          2  2.8   131    89     526    (-,-) 
  u_apb_ascon_u_ascon/drc_bufs43549/Y    -       A->Y    F     INVxp33_ASAP7_75t_R          1  2.4    97    85     612    (-,-) 
  u_apb_ascon_u_ascon/g40058/Y           -       B->Y    R     XNOR2xp5_ASAP7_75t_R         2  3.0   111    79     690    (-,-) 
  u_apb_ascon_u_ascon/g39855__3680/Y     -       B->Y    F     NOR2xp33_ASAP7_75t_R         1  1.8    83    70     761    (-,-) 
  u_apb_ascon_u_ascon/drc_bufs43503/Y    -       A->Y    R     INVxp33_ASAP7_75t_R          2  2.8   132    90     850    (-,-) 
  u_apb_ascon_u_ascon/drc_bufs43502/Y    -       A->Y    F     INVxp33_ASAP7_75t_R          1  2.0    87    78     928    (-,-) 
  u_apb_ascon_u_ascon/g39676__2398/Y     -       B->Y    F     AO21x1_ASAP7_75t_R           2  3.3    42    63     991    (-,-) 
  u_apb_ascon_u_ascon/g39566__4319/Y     -       A->Y    R     XOR2x2_ASAP7_75t_R           4  9.7    78    88    1079    (-,-) 
  u_apb_ascon_u_ascon/g44453/SN          -       CI->SN  R     FAx1_ASAP7_75t_R             1  1.8   112   103    1182    (-,-) 
  u_apb_ascon_u_ascon/drc_bufs43461/Y    -       A->Y    F     INVxp33_ASAP7_75t_R          2  2.9   105    88    1270    (-,-) 
  u_apb_ascon_u_ascon/drc_bufs43459/Y    -       A->Y    R     INVxp67_ASAP7_75t_R          2  3.9   104    79    1349    (-,-) 
  u_apb_ascon_u_ascon/g39070__5122/Y     -       B->Y    R     XOR2xp5_ASAP7_75t_R          2  3.6   119    90    1439    (-,-) 
  u_apb_ascon_u_ascon/g38605__2398/Y     -       B->Y    F     XOR2xp5_ASAP7_75t_R          2  2.9    84    70    1510    (-,-) 
  u_apb_ascon_u_ascon/g38571/Y           -       A->Y    R     INVxp33_ASAP7_75t_R          1  2.0   102    74    1584    (-,-) 
  u_apb_ascon_u_ascon/tag_out_reg[114]/D -       -       R     DFFASRHQNx1_ASAP7_75t_R      1    -     -     0    1584    (-,-) 
#-------------------------------------------------------------------------------------------------------------------------------



Path 20: MET (2333 ps) Setup Check with Pin u_apb_ascon_u_ascon/tag_out_reg[68]/CLK->D
           View: view_ss
          Group: CLK_ASCON
     Startpoint: (R) u_apb_ascon_u_ascon/round_reg[2]/CLK
          Clock: (R) CLK_ASCON
       Endpoint: (R) u_apb_ascon_u_ascon/tag_out_reg[68]/D
          Clock: (R) CLK_ASCON

                     Capture       Launch     
        Clock Edge:+    4000            0     
       Src Latency:+     100          150     
       Net Latency:+       0 (I)        0 (I) 
           Arrival:=    4100          150     
                                              
             Setup:-      34                  
       Uncertainty:-     150                  
     Required Time:=    3916                  
      Launch Clock:-     150                  
         Data Path:-    1433                  
             Slack:=    2333                  

#------------------------------------------------------------------------------------------------------------------------------
#             Timing Point              Flags    Arc    Edge          Cell            Fanout Load Trans Delay Arrival Instance 
#                                                                                            (fF)  (ps)  (ps)   (ps)  Location 
#------------------------------------------------------------------------------------------------------------------------------
  u_apb_ascon_u_ascon/round_reg[2]/CLK  -       -       R     (arrival)                    4    -    40     0     150    (-,-) 
  u_apb_ascon_u_ascon/round_reg[2]/QN   -       CLK->QN R     DFFASRHQNx1_ASAP7_75t_R      5  6.9   116   140     290    (-,-) 
  u_apb_ascon_u_ascon/g40468/Y          -       B->Y    F     NAND2xp5_ASAP7_75t_R         3  3.8    94    75     364    (-,-) 
  u_apb_ascon_u_ascon/g40403/Y          -       A->Y    R     INVxp33_ASAP7_75t_R          2  2.8   134    94     458    (-,-) 
  u_apb_ascon_u_ascon/g40068/Y          -       B->Y    F     NOR2xp33_ASAP7_75t_R         1  2.4    99    88     546    (-,-) 
  u_apb_ascon_u_ascon/g39859__5122/Y    -       B->Y    R     XNOR2xp5_ASAP7_75t_R         2  3.0   112    79     625    (-,-) 
  u_apb_ascon_u_ascon/g39677__5107/Y    -       B->Y    F     NOR2xp33_ASAP7_75t_R         1  1.8    83    71     696    (-,-) 
  u_apb_ascon_u_ascon/drc_bufs43539/Y   -       A->Y    R     INVxp33_ASAP7_75t_R          2  2.8   132    90     786    (-,-) 
  u_apb_ascon_u_ascon/drc_bufs43538/Y   -       A->Y    F     INVxp33_ASAP7_75t_R          1  2.0    87    78     864    (-,-) 
  u_apb_ascon_u_ascon/g39643__2346/Y    -       B->Y    F     AO21x1_ASAP7_75t_R           2  3.3    42    63     926    (-,-) 
  u_apb_ascon_u_ascon/g39453__6260/Y    -       A->Y    R     XOR2x2_ASAP7_75t_R           4  9.7    78    88    1015    (-,-) 
  u_apb_ascon_u_ascon/g44409/SN         -       CI->SN  F     FAx1_ASAP7_75t_R             1  1.8    82   111    1125    (-,-) 
  u_apb_ascon_u_ascon/drc_bufs43443/Y   -       A->Y    R     INVxp33_ASAP7_75t_R          2  2.9   135    91    1216    (-,-) 
  u_apb_ascon_u_ascon/drc_bufs43441/Y   -       A->Y    F     INVxp67_ASAP7_75t_R          2  3.9    86    77    1294    (-,-) 
  u_apb_ascon_u_ascon/g38961__4733/Y    -       B->Y    F     XNOR2xp5_ASAP7_75t_R         1  2.4    70    66    1360    (-,-) 
  u_apb_ascon_u_ascon/g38549__6783/Y    -       B->Y    R     XNOR2xp5_ASAP7_75t_R         2  3.5   121    77    1437    (-,-) 
  u_apb_ascon_u_ascon/g38437__4733/Y    -       B->Y    F     XOR2xp5_ASAP7_75t_R          2  3.0    86    72    1508    (-,-) 
  u_apb_ascon_u_ascon/g38431/Y          -       A->Y    R     INVxp33_ASAP7_75t_R          1  2.0   102    75    1583    (-,-) 
  u_apb_ascon_u_ascon/tag_out_reg[68]/D -       -       R     DFFASRHQNx1_ASAP7_75t_R      1    -     -     0    1583    (-,-) 
#------------------------------------------------------------------------------------------------------------------------------


