============================================================
  Generated by:           Genus(TM) Synthesis Solution 23.14-s090_1
  Generated on:           Sep 10 2026  02:58:12 am
  Module:                 top_soc
  Technology libraries:   asap7sc7p5t_SIMPLE_RVT_TT_ccs_211120 1.0
                          asap7sc7p5t_INVBUF_RVT_TT_ccs_211120 1.0
                          asap7sc7p5t_AO_RVT_TT_ccs_211120 1.0
                          asap7sc7p5t_OA_RVT_TT_ccs_211120 1.0
                          asap7sc7p5t_SEQ_RVT_TT_ccs_220123 1.0
                          asap7sc7p5t_SIMPLE_LVT_TT_ccs_211120 1.0
                          asap7sc7p5t_INVBUF_LVT_TT_ccs_211120 1.0
                          asap7sc7p5t_AO_LVT_TT_ccs_211120 1.0
                          asap7sc7p5t_OA_LVT_TT_ccs_211120 1.0
                          asap7sc7p5t_SEQ_LVT_TT_ccs_220123 1.0
                          srambank_256x4x32_6t122 1.0
                          physical_cells 
  Operating conditions:   PVT_0P7V_25C 
  Interconnect mode:      global
  Area mode:              physical library
============================================================

-------------------------------------------------------------------------------
Sequential clock pins without clock waveform

The following sequential clock pins have no clock waveform driving them in mode 
'view_tt'.  No timing constraints will be derived for paths leading to or from  
these pins. (Pin | Source | Reason)                                             

pin:top_soc/u_apb_uart/u_uart_rx/timeout_error_reg/ena pin:top_soc/u_uart_rst_sync/r2_reg/q {Disabled timing*}
pin:top_soc/u_axi_flash/spi_io1_o_reg/ena pin:top_soc/u_axi_rst_sync/r2_reg/q {Disabled timing*}
pin:top_soc/u_axi_flash/spi_io1_oe_reg/ena pin:top_soc/u_axi_rst_sync/r2_reg/q {Disabled timing*}
pin:top_soc/u_axi_flash/spi_io2_o_reg/ena pin:top_soc/u_axi_rst_sync/r2_reg/q {Disabled timing*}
pin:top_soc/u_axi_flash/spi_io2_oe_reg/ena pin:top_soc/u_axi_rst_sync/r2_reg/q {Disabled timing*}
pin:top_soc/u_axi_flash/spi_io3_o_reg/ena pin:top_soc/u_axi_rst_sync/r2_reg/q {Disabled timing*}
pin:top_soc/u_axi_flash/spi_io3_oe_reg/ena pin:top_soc/u_axi_rst_sync/r2_reg/q {Disabled timing*}
pin:top_soc/u_core/riscv_done_reg/ena pin:top_soc/u_core_rst_sync/r2_reg/q {Disabled timing*}
pin:top_soc/u_debug_module/dmi_resp_ready_reg/ena pin:top_soc/u_dbg_rst_sync/r2_reg/q {Disabled timing*}
-------------------------------------------------------------------------------

-------------------------------------------------------------------------------
Timing exceptions with no effect

The following timing exceptions are not currently affecting timing in the       
design in mode 'view_tt'.  Either no paths in the design satisfy the            
exception's path specification, or all paths that satisfy the path              
specification also satisfy an exception with a higher priority.  You can        
improve runtime and memory usage by removing these exceptions if they are not   
truly needed.  To see if there is a path in the design that satisfies the path  
specification for an exception, or to see what other exception is overriding an 
exception because of priority, use the command:                                 
  report timing -paths [eval [::legacy::get_attribute paths <exception>]]

exception:top_soc/view_tt/CLK_SDRAM
exception:top_soc/view_tt/constraint.sdc_1_line_206
exception:top_soc/view_tt/dis_1
-------------------------------------------------------------------------------

-------------------------------------------------------------------------------
Inputs without clocked external delays

The following primary inputs have no clocked external delays in mode 'view_tt'. 
 As a result the timing paths leading from the ports have no timing constraints 
derived from clock waveforms.  The'external_delay' command is used to create    
new external delays.                                                            

port:top_soc/rst_n
port:top_soc/trst_n
-------------------------------------------------------------------------------

-------------------------------------------------------------------------------
Exceptions with invalid timing start-/endpoints

The following timing exceptions have -from points that are not valid timing     
startpoints or -to points that are not valid timing endpoints.  If the          
exception was intended to constrain paths that pass through these points, the   
-through option should be used instead when creating the timing exception.  If  
these points were specified inadvertantly, the exception should be re-written   
to not include them.  Currently these exception points are being ignored.       

exception:top_soc/view_tt/dis_1
    invalid from points:
        pin:top_soc/u_apb_ascon/u_trng/ro/ro_invs_not_gate_0/inst/u_cell/Y
        pin:top_soc/u_apb_ascon/u_trng/ro/ro_invs_not_gate_1/inst/u_cell/Y
        pin:top_soc/u_apb_ascon/u_trng/ro/ro_invs_not_gate_2/inst/u_cell/Y
        pin:top_soc/u_apb_ascon/u_trng/ro/ro_invs_not_gate_3/inst/u_cell/Y
        pin:top_soc/u_apb_ascon/u_trng/ro/ro_invs_not_gate_4/inst/u_cell/Y
        pin:top_soc/u_apb_ascon/u_trng/ro/ro_invs_not_gate_5/inst/u_cell/Y
        pin:top_soc/u_apb_ascon/u_trng/ro/ro_nand_nand_gate_0/inst/u_cell/Y
-------------------------------------------------------------------------------


Lint summary
 Unconnected/logic driven clocks                                                           0
 Sequential data pins driven by a clock signal                                             0
 Sequential clock pins without clock waveform                                              9
 Sequential clock pins with multiple clock waveforms                                       0
 Generated clocks without clock waveform                                                   0
 Generated clocks with incompatible options                                                0
 Generated clocks with multi-master clock                                                  0
 Generated clocks with master clock not reaching the generated clock target                0
 Paths constrained with different clocks                                                   0
 Loop-breaking cells for combinational feedback                                            0
 Nets with multiple drivers                                                                0
 Timing exceptions with no effect                                                          3
 Suspicious multi_cycle exceptions                                                         0
 Pins/ports with conflicting case constants                                                0
 Inputs without clocked external delays                                                    2
 Outputs without clocked external delays                                                   0
 Inputs without external driver/transition                                                 0
 Outputs without external load                                                             0
 Exceptions with invalid timing start-/endpoints                                           1

                                                                           Total:         15
============================================================
  Generated by:           Genus(TM) Synthesis Solution 23.14-s090_1
  Generated on:           Sep 10 2026  02:58:13 am
  Module:                 top_soc
  Technology libraries:   asap7sc7p5t_SIMPLE_RVT_TT_ccs_211120 1.0
                          asap7sc7p5t_INVBUF_RVT_TT_ccs_211120 1.0
                          asap7sc7p5t_AO_RVT_TT_ccs_211120 1.0
                          asap7sc7p5t_OA_RVT_TT_ccs_211120 1.0
                          asap7sc7p5t_SEQ_RVT_TT_ccs_220123 1.0
                          asap7sc7p5t_SIMPLE_LVT_TT_ccs_211120 1.0
                          asap7sc7p5t_INVBUF_LVT_TT_ccs_211120 1.0
                          asap7sc7p5t_AO_LVT_TT_ccs_211120 1.0
                          asap7sc7p5t_OA_LVT_TT_ccs_211120 1.0
                          asap7sc7p5t_SEQ_LVT_TT_ccs_220123 1.0
                          srambank_256x4x32_6t122 1.0
                          physical_cells 
  Operating conditions:   PVT_0P7V_25C 
  Interconnect mode:      global
  Area mode:              physical library
============================================================

-------------------------------------------------------------------------------
Sequential clock pins without clock waveform

The following sequential clock pins have no clock waveform driving them in mode 
'view_ss'.  No timing constraints will be derived for paths leading to or from  
these pins. (Pin | Source | Reason)                                             

pin:top_soc/u_apb_uart/u_uart_rx/timeout_error_reg/ena pin:top_soc/u_uart_rst_sync/r2_reg/q {Disabled timing*}
pin:top_soc/u_axi_flash/spi_io1_o_reg/ena pin:top_soc/u_axi_rst_sync/r2_reg/q {Disabled timing*}
pin:top_soc/u_axi_flash/spi_io1_oe_reg/ena pin:top_soc/u_axi_rst_sync/r2_reg/q {Disabled timing*}
pin:top_soc/u_axi_flash/spi_io2_o_reg/ena pin:top_soc/u_axi_rst_sync/r2_reg/q {Disabled timing*}
pin:top_soc/u_axi_flash/spi_io2_oe_reg/ena pin:top_soc/u_axi_rst_sync/r2_reg/q {Disabled timing*}
pin:top_soc/u_axi_flash/spi_io3_o_reg/ena pin:top_soc/u_axi_rst_sync/r2_reg/q {Disabled timing*}
pin:top_soc/u_axi_flash/spi_io3_oe_reg/ena pin:top_soc/u_axi_rst_sync/r2_reg/q {Disabled timing*}
pin:top_soc/u_core/riscv_done_reg/ena pin:top_soc/u_core_rst_sync/r2_reg/q {Disabled timing*}
pin:top_soc/u_debug_module/dmi_resp_ready_reg/ena pin:top_soc/u_dbg_rst_sync/r2_reg/q {Disabled timing*}
-------------------------------------------------------------------------------

-------------------------------------------------------------------------------
Timing exceptions with no effect

The following timing exceptions are not currently affecting timing in the       
design in mode 'view_ss'.  Either no paths in the design satisfy the            
exception's path specification, or all paths that satisfy the path              
specification also satisfy an exception with a higher priority.  You can        
improve runtime and memory usage by removing these exceptions if they are not   
truly needed.  To see if there is a path in the design that satisfies the path  
specification for an exception, or to see what other exception is overriding an 
exception because of priority, use the command:                                 
  report timing -paths [eval [::legacy::get_attribute paths <exception>]]

exception:top_soc/view_ss/CLK_SDRAM
exception:top_soc/view_ss/constraint.sdc_line_206
exception:top_soc/view_ss/dis_1
-------------------------------------------------------------------------------

-------------------------------------------------------------------------------
Inputs without clocked external delays

The following primary inputs have no clocked external delays in mode 'view_ss'. 
 As a result the timing paths leading from the ports have no timing constraints 
derived from clock waveforms.  The'external_delay' command is used to create    
new external delays.                                                            

port:top_soc/rst_n
port:top_soc/trst_n
-------------------------------------------------------------------------------

-------------------------------------------------------------------------------
Exceptions with invalid timing start-/endpoints

The following timing exceptions have -from points that are not valid timing     
startpoints or -to points that are not valid timing endpoints.  If the          
exception was intended to constrain paths that pass through these points, the   
-through option should be used instead when creating the timing exception.  If  
these points were specified inadvertantly, the exception should be re-written   
to not include them.  Currently these exception points are being ignored.       

exception:top_soc/view_ss/dis_1
    invalid from points:
        pin:top_soc/u_apb_ascon/u_trng/ro/ro_invs_not_gate_0/inst/u_cell/Y
        pin:top_soc/u_apb_ascon/u_trng/ro/ro_invs_not_gate_1/inst/u_cell/Y
        pin:top_soc/u_apb_ascon/u_trng/ro/ro_invs_not_gate_2/inst/u_cell/Y
        pin:top_soc/u_apb_ascon/u_trng/ro/ro_invs_not_gate_3/inst/u_cell/Y
        pin:top_soc/u_apb_ascon/u_trng/ro/ro_invs_not_gate_4/inst/u_cell/Y
        pin:top_soc/u_apb_ascon/u_trng/ro/ro_invs_not_gate_5/inst/u_cell/Y
        pin:top_soc/u_apb_ascon/u_trng/ro/ro_nand_nand_gate_0/inst/u_cell/Y
-------------------------------------------------------------------------------


Lint summary
 Unconnected/logic driven clocks                                                           0
 Sequential data pins driven by a clock signal                                             0
 Sequential clock pins without clock waveform                                              9
 Sequential clock pins with multiple clock waveforms                                       0
 Generated clocks without clock waveform                                                   0
 Generated clocks with incompatible options                                                0
 Generated clocks with multi-master clock                                                  0
 Generated clocks with master clock not reaching the generated clock target                0
 Paths constrained with different clocks                                                   0
 Loop-breaking cells for combinational feedback                                            0
 Nets with multiple drivers                                                                0
 Timing exceptions with no effect                                                          3
 Suspicious multi_cycle exceptions                                                         0
 Pins/ports with conflicting case constants                                                0
 Inputs without clocked external delays                                                    2
 Outputs without clocked external delays                                                   0
 Inputs without external driver/transition                                                 0
 Outputs without external load                                                             0
 Exceptions with invalid timing start-/endpoints                                           1

                                                                           Total:         15

