============================================================
  Generated by:           Genus(TM) Synthesis Solution 23.14-s090_1
  Generated on:           Sep 25 2026  02:08:36 am
  Module:                 top_soc
  Operating conditions:   PVT_0P63V_100C 
  Operating conditions:   PVT_0P7V_25C 
  Interconnect mode:      global
  Area mode:              physical library
============================================================


Path 1: MET (99143 ps) Clock Gating Setup Check at cgic pin u_jtag_dtm/cg_icg__RC_CG_HIER_INST506/RC_CGIC_INST/ENA
           View: view_ss
          Group: cg_enable_group_CLK_TCK
     Startpoint: (R) u_jtag_dtm/state_reg[3]/CLK
          Clock: (R) CLK_TCK
       Endpoint: (R) u_jtag_dtm/cg_icg__RC_CG_HIER_INST506/RC_CGIC_INST/ENA
          Clock: (R) CLK_TCK

                     Capture       Launch     
        Clock Edge:+  100000            0     
       Src Latency:+     100          150     
       Net Latency:+       0 (I)        0 (I) 
           Arrival:=  100100          150     
                                              
  Gate Check Setup:-      77                  
       Uncertainty:-     150                  
     Required Time:=   99873                  
      Launch Clock:-     150                  
         Data Path:-     581                  
             Slack:=   99143                  

#-----------------------------------------------------------------------------------------------------------------------------------------------
#                     Timing Point                       Flags    Arc    Edge          Cell            Fanout Load Trans Delay Arrival Instance 
#                                                                                                             (fF)  (ps)  (ps)   (ps)  Location 
#-----------------------------------------------------------------------------------------------------------------------------------------------
  u_jtag_dtm/state_reg[3]/CLK                            -       -       R     (arrival)                   18    -    40     0     150    (-,-) 
  u_jtag_dtm/state_reg[3]/QN                             -       CLK->QN F     DFFASRHQNx1_ASAP7_75t_R      7  4.4    74   127     277    (-,-) 
  u_jtag_dtm/g3884/Y                                     -       A->Y    R     INVxp33_ASAP7_75t_R          6  3.8   170   106     383    (-,-) 
  u_jtag_dtm/g3842/Y                                     -       B->Y    F     NAND2xp33_ASAP7_75t_R        3  2.1    96    80     463    (-,-) 
  u_jtag_dtm/g3770/Y                                     -       A->Y    R     NOR3xp33_ASAP7_75t_R         7  4.5   208   123     586    (-,-) 
  u_jtag_dtm/g3767/Y                                     -       A->Y    F     INVxp33_ASAP7_75t_R          3  1.9   104    94     680    (-,-) 
  u_jtag_dtm/g3721/Y                                     -       A2->Y   R     OAI21xp33_ASAP7_75t_R        1  0.8    66    51     731    (-,-) 
  u_jtag_dtm/cg_icg__RC_CG_HIER_INST506/RC_CGIC_INST/ENA -       -       R     ICGx1_ASAP7_75t_R            1    -     -     0     731    (-,-) 
#-----------------------------------------------------------------------------------------------------------------------------------------------



Path 2: MET (99151 ps) Clock Gating Setup Check at cgic pin u_jtag_dtm/cg_icg__RC_CG_HIER_INST505/RC_CGIC_INST/ENA
           View: view_ss
          Group: cg_enable_group_CLK_TCK
     Startpoint: (R) u_jtag_dtm/state_reg[3]/CLK
          Clock: (R) CLK_TCK
       Endpoint: (R) u_jtag_dtm/cg_icg__RC_CG_HIER_INST505/RC_CGIC_INST/ENA
          Clock: (R) CLK_TCK

                     Capture       Launch     
        Clock Edge:+  100000            0     
       Src Latency:+     100          150     
       Net Latency:+       0 (I)        0 (I) 
           Arrival:=  100100          150     
                                              
  Gate Check Setup:-      74                  
       Uncertainty:-     150                  
     Required Time:=   99876                  
      Launch Clock:-     150                  
         Data Path:-     576                  
             Slack:=   99151                  

#-----------------------------------------------------------------------------------------------------------------------------------------------
#                     Timing Point                       Flags    Arc    Edge          Cell            Fanout Load Trans Delay Arrival Instance 
#                                                                                                             (fF)  (ps)  (ps)   (ps)  Location 
#-----------------------------------------------------------------------------------------------------------------------------------------------
  u_jtag_dtm/state_reg[3]/CLK                            -       -       R     (arrival)                   18    -    40     0     150    (-,-) 
  u_jtag_dtm/state_reg[3]/QN                             -       CLK->QN F     DFFASRHQNx1_ASAP7_75t_R      7  4.4    74   127     277    (-,-) 
  u_jtag_dtm/g3884/Y                                     -       A->Y    R     INVxp33_ASAP7_75t_R          6  3.8   170   106     383    (-,-) 
  u_jtag_dtm/g3842/Y                                     -       B->Y    F     NAND2xp33_ASAP7_75t_R        3  2.1    96    80     463    (-,-) 
  u_jtag_dtm/g3770/Y                                     -       A->Y    R     NOR3xp33_ASAP7_75t_R         7  4.5   208   123     586    (-,-) 
  u_jtag_dtm/g3767/Y                                     -       A->Y    F     INVxp33_ASAP7_75t_R          3  1.9   104    94     680    (-,-) 
  u_jtag_dtm/g3722/Y                                     -       C->Y    R     NAND3xp33_ASAP7_75t_R        1  0.8    52    46     726    (-,-) 
  u_jtag_dtm/cg_icg__RC_CG_HIER_INST505/RC_CGIC_INST/ENA -       -       R     ICGx1_ASAP7_75t_R            1    -     -     0     726    (-,-) 
#-----------------------------------------------------------------------------------------------------------------------------------------------



Path 3: MET (99328 ps) Clock Gating Setup Check at cgic pin u_jtag_dtm/cg_icg__RC_CG_HIER_INST503/RC_CGIC_INST/ENA
           View: view_ss
          Group: cg_enable_group_CLK_TCK
     Startpoint: (R) u_jtag_dtm/state_reg[3]/CLK
          Clock: (R) CLK_TCK
       Endpoint: (R) u_jtag_dtm/cg_icg__RC_CG_HIER_INST503/RC_CGIC_INST/ENA
          Clock: (R) CLK_TCK

                     Capture       Launch     
        Clock Edge:+  100000            0     
       Src Latency:+     100          150     
       Net Latency:+       0 (I)        0 (I) 
           Arrival:=  100100          150     
                                              
  Gate Check Setup:-      72                  
       Uncertainty:-     150                  
     Required Time:=   99878                  
      Launch Clock:-     150                  
         Data Path:-     401                  
             Slack:=   99328                  

#-----------------------------------------------------------------------------------------------------------------------------------------------
#                     Timing Point                       Flags    Arc    Edge          Cell            Fanout Load Trans Delay Arrival Instance 
#                                                                                                             (fF)  (ps)  (ps)   (ps)  Location 
#-----------------------------------------------------------------------------------------------------------------------------------------------
  u_jtag_dtm/state_reg[3]/CLK                            -       -       R     (arrival)                   18    -    40     0     150    (-,-) 
  u_jtag_dtm/state_reg[3]/QN                             -       CLK->QN R     DFFASRHQNx1_ASAP7_75t_R      7  4.4    82   121     271    (-,-) 
  u_jtag_dtm/g3884/Y                                     -       A->Y    F     INVxp33_ASAP7_75t_R          6  3.8   122    90     362    (-,-) 
  u_jtag_dtm/g3768/Y                                     -       A->Y    F     OR2x2_ASAP7_75t_R            3  2.0    24    60     421    (-,-) 
  u_jtag_dtm/g3738/Y                                     -       B->Y    F     OR2x2_ASAP7_75t_R            3  2.0    21    42     463    (-,-) 
  u_jtag_dtm/g3703/Y                                     -       A->Y    F     OR4x1_ASAP7_75t_R            2  1.2    28    57     520    (-,-) 
  u_jtag_dtm/g3701/Y                                     -       B->Y    R     NOR2xp33_ASAP7_75t_R         1  0.8    44    31     551    (-,-) 
  u_jtag_dtm/cg_icg__RC_CG_HIER_INST503/RC_CGIC_INST/ENA -       -       R     ICGx1_ASAP7_75t_R            1    -     -     0     551    (-,-) 
#-----------------------------------------------------------------------------------------------------------------------------------------------



Path 4: MET (99346 ps) Clock Gating Setup Check at cgic pin u_jtag_dtm/cg_icg__RC_CG_HIER_INST507/RC_CGIC_INST/ENA
           View: view_ss
          Group: cg_enable_group_CLK_TCK
     Startpoint: (R) u_jtag_dtm/state_reg[3]/CLK
          Clock: (R) CLK_TCK
       Endpoint: (F) u_jtag_dtm/cg_icg__RC_CG_HIER_INST507/RC_CGIC_INST/ENA
          Clock: (R) CLK_TCK

                     Capture       Launch     
        Clock Edge:+  100000            0     
       Src Latency:+     100          150     
       Net Latency:+       0 (I)        0 (I) 
           Arrival:=  100100          150     
                                              
  Gate Check Setup:-      57                  
       Uncertainty:-     150                  
     Required Time:=   99893                  
      Launch Clock:-     150                  
         Data Path:-     397                  
             Slack:=   99346                  

#-----------------------------------------------------------------------------------------------------------------------------------------------
#                     Timing Point                       Flags    Arc    Edge          Cell            Fanout Load Trans Delay Arrival Instance 
#                                                                                                             (fF)  (ps)  (ps)   (ps)  Location 
#-----------------------------------------------------------------------------------------------------------------------------------------------
  u_jtag_dtm/state_reg[3]/CLK                            -       -       R     (arrival)                   18    -    40     0     150    (-,-) 
  u_jtag_dtm/state_reg[3]/QN                             -       CLK->QN F     DFFASRHQNx1_ASAP7_75t_R      7  4.4    74   127     277    (-,-) 
  u_jtag_dtm/g3843/Y                                     -       A->Y    R     NAND2xp33_ASAP7_75t_R        4  2.4   119    82     359    (-,-) 
  u_jtag_dtm/g3778/Y                                     -       B->Y    F     NOR2xp33_ASAP7_75t_R         5  2.6   100    87     446    (-,-) 
  u_jtag_dtm/g3775/Y                                     -       A->Y    R     INVxp33_ASAP7_75t_R          2  1.3    80    64     510    (-,-) 
  u_jtag_dtm/g3763/Y                                     -       B->Y    F     OAI21xp33_ASAP7_75t_R        1  0.8    47    37     547    (-,-) 
  u_jtag_dtm/cg_icg__RC_CG_HIER_INST507/RC_CGIC_INST/ENA -       -       F     ICGx1_ASAP7_75t_R            1    -     -     0     547    (-,-) 
#-----------------------------------------------------------------------------------------------------------------------------------------------



Path 5: MET (99356 ps) Clock Gating Setup Check at cgic pin u_jtag_dtm/cg_icg__RC_CG_HIER_INST504/RC_CGIC_INST/ENA
           View: view_ss
          Group: cg_enable_group_CLK_TCK
     Startpoint: (R) u_jtag_dtm/state_reg[3]/CLK
          Clock: (R) CLK_TCK
       Endpoint: (R) u_jtag_dtm/cg_icg__RC_CG_HIER_INST504/RC_CGIC_INST/ENA
          Clock: (R) CLK_TCK

                     Capture       Launch     
        Clock Edge:+  100000            0     
       Src Latency:+     100          150     
       Net Latency:+       0 (I)        0 (I) 
           Arrival:=  100100          150     
                                              
  Gate Check Setup:-      72                  
       Uncertainty:-     150                  
     Required Time:=   99878                  
      Launch Clock:-     150                  
         Data Path:-     372                  
             Slack:=   99356                  

#-----------------------------------------------------------------------------------------------------------------------------------------------
#                     Timing Point                       Flags    Arc    Edge          Cell            Fanout Load Trans Delay Arrival Instance 
#                                                                                                             (fF)  (ps)  (ps)   (ps)  Location 
#-----------------------------------------------------------------------------------------------------------------------------------------------
  u_jtag_dtm/state_reg[3]/CLK                            -       -       R     (arrival)                   18    -    40     0     150    (-,-) 
  u_jtag_dtm/state_reg[3]/QN                             -       CLK->QN F     DFFASRHQNx1_ASAP7_75t_R      7  4.4    74   127     277    (-,-) 
  u_jtag_dtm/g3884/Y                                     -       A->Y    R     INVxp33_ASAP7_75t_R          6  3.8   170   106     383    (-,-) 
  u_jtag_dtm/g3768/Y                                     -       A->Y    R     OR2x2_ASAP7_75t_R            3  2.0    27    70     453    (-,-) 
  u_jtag_dtm/g3761/Y                                     -       A->Y    F     NAND3xp33_ASAP7_75t_R        2  1.2    50    31     484    (-,-) 
  u_jtag_dtm/g3200/Y                                     -       A->Y    R     INVxp33_ASAP7_75t_R          1  0.8    47    38     522    (-,-) 
  u_jtag_dtm/cg_icg__RC_CG_HIER_INST504/RC_CGIC_INST/ENA -       -       R     ICGx1_ASAP7_75t_R            1    -     -     0     522    (-,-) 
#-----------------------------------------------------------------------------------------------------------------------------------------------



Path 6: MET (99357 ps) Clock Gating Setup Check at cgic pin u_jtag_dtm/cg_icg__RC_CG_HIER_INST508/RC_CGIC_INST/ENA
           View: view_ss
          Group: cg_enable_group_CLK_TCK
     Startpoint: (R) u_jtag_dtm/state_reg[2]/CLK
          Clock: (R) CLK_TCK
       Endpoint: (R) u_jtag_dtm/cg_icg__RC_CG_HIER_INST508/RC_CGIC_INST/ENA
          Clock: (R) CLK_TCK

                     Capture       Launch     
        Clock Edge:+  100000            0     
       Src Latency:+     100          150     
       Net Latency:+       0 (I)        0 (I) 
           Arrival:=  100100          150     
                                              
  Gate Check Setup:-      71                  
       Uncertainty:-     150                  
     Required Time:=   99879                  
      Launch Clock:-     150                  
         Data Path:-     371                  
             Slack:=   99357                  

#-----------------------------------------------------------------------------------------------------------------------------------------------
#                     Timing Point                       Flags    Arc    Edge          Cell            Fanout Load Trans Delay Arrival Instance 
#                                                                                                             (fF)  (ps)  (ps)   (ps)  Location 
#-----------------------------------------------------------------------------------------------------------------------------------------------
  u_jtag_dtm/state_reg[2]/CLK                            -       -       R     (arrival)                   18    -    40     0     150    (-,-) 
  u_jtag_dtm/state_reg[2]/QN                             -       CLK->QN F     DFFASRHQNx1_ASAP7_75t_R      6  3.5    66   121     271    (-,-) 
  u_jtag_dtm/g4666/Y                                     -       A->Y    R     INVxp33_ASAP7_75t_R          4  2.5   117    77     348    (-,-) 
  u_jtag_dtm/g3846/Y                                     -       B->Y    F     NAND2xp33_ASAP7_75t_R        4  2.7    98    78     426    (-,-) 
  u_jtag_dtm/g3777/Y                                     -       B->Y    F     OR2x2_ASAP7_75t_R            5  3.1    29    64     490    (-,-) 
  u_jtag_dtm/g3202/Y                                     -       A->Y    R     INVxp33_ASAP7_75t_R          1  0.8    42    31     521    (-,-) 
  u_jtag_dtm/cg_icg__RC_CG_HIER_INST508/RC_CGIC_INST/ENA -       -       R     ICGx1_ASAP7_75t_R            1    -     -     0     521    (-,-) 
#-----------------------------------------------------------------------------------------------------------------------------------------------


