============================================================
  Generated by:           Genus(TM) Synthesis Solution 23.14-s090_1
  Generated on:           Sep 25 2026  02:08:34 am
  Module:                 top_soc
  Operating conditions:   PVT_0P63V_100C 
  Operating conditions:   PVT_0P7V_25C 
  Interconnect mode:      global
  Area mode:              physical library
============================================================


Path 1: MET (2638 ps) Clock Gating Setup Check at cgic pin u_apb_spi_cg_icg__RC_CG_HIER_INST45/RC_CGIC_INST/ENA
           View: view_ss
          Group: cg_enable_group_CLK_SPI
     Startpoint: (R) u_axi_to_apb_m_apb_paddr_reg[9]/CLK
          Clock: (R) CLK_SYS
       Endpoint: (R) u_apb_spi_cg_icg__RC_CG_HIER_INST45/RC_CGIC_INST/ENA
          Clock: (R) CLK_SPI

                     Capture       Launch     
        Clock Edge:+    4000            0     
       Src Latency:+     100          150     
       Net Latency:+       0 (I)        0 (I) 
           Arrival:=    4100          150     
                                              
  Gate Check Setup:-      75                  
       Uncertainty:-     150                  
     Required Time:=    3875                  
      Launch Clock:-     150                  
         Data Path:-    1088                  
             Slack:=    2638                  

#---------------------------------------------------------------------------------------------------------------------------------------------
#                    Timing Point                      Flags    Arc    Edge          Cell            Fanout Load Trans Delay Arrival Instance 
#                                                                                                           (fF)  (ps)  (ps)   (ps)  Location 
#---------------------------------------------------------------------------------------------------------------------------------------------
  u_axi_to_apb_m_apb_paddr_reg[9]/CLK                  -       -       R     (arrival)                   69    -    40     0     150    (-,-) 
  u_axi_to_apb_m_apb_paddr_reg[9]/QN                   -       CLK->QN F     DFFASRHQNx1_ASAP7_75t_R      7  4.7    77   129     279    (-,-) 
  g208481/Y                                            -       B->Y    F     OR2x2_ASAP7_75t_R            2  1.6    20    55     334    (-,-) 
  g206865/Y                                            -       A->Y    R     NOR4xp25_ASAP7_75t_R         2  1.2   103    52     386    (-,-) 
  g206388/Y                                            -       B->Y    F     NAND2xp33_ASAP7_75t_R        4  2.5    92    71     457    (-,-) 
  g206221/Y                                            -       A->Y    R     INVxp33_ASAP7_75t_R          2  1.6    88    69     526    (-,-) 
  g206100/Y                                            -       B->Y    F     NAND2xp5_ASAP7_75t_R         5  2.8    70    58     584    (-,-) 
  g205883/Y                                            -       B->Y    F     OR2x2_ASAP7_75t_R            5  3.3    29    59     643    (-,-) 
  g205799/Y                                            -       A->Y    R     INVxp33_ASAP7_75t_R          1  0.7    38    29     672    (-,-) 
  drc_buf_sp213351/Y                                   -       A->Y    R     HB1xp67_ASAP7_75t_R          2  1.6    41    47     718    (-,-) 
  drc_buf_sp213349/Y                                   -       A->Y    R     BUFx2_ASAP7_75t_R           11  7.3    57    57     775    (-,-) 
  g205798/Y                                            -       A->Y    R     HB2xp67_ASAP7_75t_R          1  0.9    30    62     837    (-,-) 
  drc_buf_sp210869/Y                                   -       A->Y    R     HB2xp67_ASAP7_75t_R          4  2.9    70    73     909    (-,-) 
  drc_buf_sp210865/Y                                   -       A->Y    R     HB2xp67_ASAP7_75t_R         10  6.4   143   121    1030    (-,-) 
  g205797/Y                                            -       A->Y    R     HB4xp67_ASAP7_75t_R          3  2.0    63   140    1171    (-,-) 
  g205796/Y                                            -       A->Y    F     INVxp33_ASAP7_75t_R          1  0.7    37    35    1206    (-,-) 
  g205687/Y                                            -       A->Y    R     NOR2xp33_ASAP7_75t_R         1  0.8    57    32    1238    (-,-) 
  u_apb_spi_cg_icg__RC_CG_HIER_INST45/RC_CGIC_INST/ENA -       -       R     ICGx1_ASAP7_75t_R            1    -     -     0    1238    (-,-) 
#---------------------------------------------------------------------------------------------------------------------------------------------



Path 2: MET (2798 ps) Clock Gating Setup Check at cgic pin u_apb_spi_cg_icg__RC_CG_HIER_INST49/RC_CGIC_INST/ENA
           View: view_ss
          Group: cg_enable_group_CLK_SPI
     Startpoint: (R) u_axi_to_apb_m_apb_paddr_reg[25]/CLK
          Clock: (R) CLK_SYS
       Endpoint: (R) u_apb_spi_cg_icg__RC_CG_HIER_INST49/RC_CGIC_INST/ENA
          Clock: (R) CLK_SPI

                     Capture       Launch     
        Clock Edge:+    4000            0     
       Src Latency:+     100          150     
       Net Latency:+       0 (I)        0 (I) 
           Arrival:=    4100          150     
                                              
  Gate Check Setup:-      75                  
       Uncertainty:-     150                  
     Required Time:=    3875                  
      Launch Clock:-     150                  
         Data Path:-     928                  
             Slack:=    2798                  

#---------------------------------------------------------------------------------------------------------------------------------------------
#                    Timing Point                      Flags    Arc    Edge          Cell            Fanout Load Trans Delay Arrival Instance 
#                                                                                                           (fF)  (ps)  (ps)   (ps)  Location 
#---------------------------------------------------------------------------------------------------------------------------------------------
  u_axi_to_apb_m_apb_paddr_reg[25]/CLK                 -       -       R     (arrival)                   69    -    40     0     150    (-,-) 
  u_axi_to_apb_m_apb_paddr_reg[25]/QN                  -       CLK->QN F     DFFASRHQNx1_ASAP7_75t_R      2  1.6    46   104     254    (-,-) 
  g124450/Y                                            -       C->Y    F     OR4x1_ASAP7_75t_R            2  1.6    32    71     324    (-,-) 
  g124448/Y                                            -       B->Y    F     OR2x2_ASAP7_75t_R            2  1.7    19    43     368    (-,-) 
  g124447/Y                                            -       A->Y    F     OR3x1_ASAP7_75t_R           11  8.4    92    86     454    (-,-) 
  g206873/Y                                            -       A->Y    R     NOR3xp33_ASAP7_75t_R         3  1.9   108    72     526    (-,-) 
  g206729/Y                                            -       A->Y    R     HB1xp67_ASAP7_75t_R          1  0.9    29    54     580    (-,-) 
  drc_buf_sp212842/Y                                   -       A->Y    R     HB2xp67_ASAP7_75t_R          2  1.6    44    59     639    (-,-) 
  drc_buf_sp212841/Y                                   -       A->Y    R     BUFx2_ASAP7_75t_R           13  8.5    66    62     700    (-,-) 
  g206728/Y                                            -       A->Y    R     HB2xp67_ASAP7_75t_R          9  6.1   137   116     817    (-,-) 
  g206726/Y                                            -       A->Y    F     INVxp33_ASAP7_75t_R          3  2.0    89    80     896    (-,-) 
  g206386/Y                                            -       A->Y    R     NOR3xp33_ASAP7_75t_R         3  1.9   107    71     968    (-,-) 
  g206219/Y                                            -       A->Y    F     INVxp33_ASAP7_75t_R          3  1.8    76    67    1035    (-,-) 
  g205214/Y                                            -       B->Y    R     NOR2xp33_ASAP7_75t_R         1  0.8    57    43    1078    (-,-) 
  u_apb_spi_cg_icg__RC_CG_HIER_INST49/RC_CGIC_INST/ENA -       -       R     ICGx1_ASAP7_75t_R            1    -     -     0    1078    (-,-) 
#---------------------------------------------------------------------------------------------------------------------------------------------



Path 3: MET (2899 ps) Clock Gating Setup Check at cgic pin u_apb_spi_cg_icg__RC_CG_HIER_INST1761/RC_CGIC_INST/ENA
           View: view_ss
          Group: cg_enable_group_CLK_SPI
     Startpoint: (R) u_axi_to_apb_m_apb_paddr_reg[25]/CLK
          Clock: (R) CLK_SYS
       Endpoint: (R) u_apb_spi_cg_icg__RC_CG_HIER_INST1761/RC_CGIC_INST/ENA
          Clock: (R) CLK_SPI

                     Capture       Launch     
        Clock Edge:+    4000            0     
       Src Latency:+     100          150     
       Net Latency:+       0 (I)        0 (I) 
           Arrival:=    4100          150     
                                              
  Gate Check Setup:-      84                  
       Uncertainty:-     150                  
     Required Time:=    3866                  
      Launch Clock:-     150                  
         Data Path:-     818                  
             Slack:=    2899                  

#-----------------------------------------------------------------------------------------------------------------------------------------------
#                     Timing Point                       Flags    Arc    Edge          Cell            Fanout Load Trans Delay Arrival Instance 
#                                                                                                             (fF)  (ps)  (ps)   (ps)  Location 
#-----------------------------------------------------------------------------------------------------------------------------------------------
  u_axi_to_apb_m_apb_paddr_reg[25]/CLK                   -       -       R     (arrival)                   69    -    40     0     150    (-,-) 
  u_axi_to_apb_m_apb_paddr_reg[25]/QN                    -       CLK->QN F     DFFASRHQNx1_ASAP7_75t_R      2  1.6    46   104     254    (-,-) 
  g124450/Y                                              -       C->Y    F     OR4x1_ASAP7_75t_R            2  1.6    32    71     324    (-,-) 
  g124448/Y                                              -       B->Y    F     OR2x2_ASAP7_75t_R            2  1.7    19    43     368    (-,-) 
  g124447/Y                                              -       A->Y    F     OR3x1_ASAP7_75t_R           11  8.4    92    86     454    (-,-) 
  g206873/Y                                              -       A->Y    R     NOR3xp33_ASAP7_75t_R         3  1.9   108    72     526    (-,-) 
  g206729/Y                                              -       A->Y    R     HB1xp67_ASAP7_75t_R          1  0.9    29    54     580    (-,-) 
  drc_buf_sp212842/Y                                     -       A->Y    R     HB2xp67_ASAP7_75t_R          2  1.6    44    59     639    (-,-) 
  drc_buf_sp212841/Y                                     -       A->Y    R     BUFx2_ASAP7_75t_R           13  8.5    66    62     700    (-,-) 
  g206728/Y                                              -       A->Y    R     HB2xp67_ASAP7_75t_R          9  6.1   137   116     817    (-,-) 
  g206726/Y                                              -       A->Y    F     INVxp33_ASAP7_75t_R          3  2.0    89    80     896    (-,-) 
  g206386/Y                                              -       A->Y    R     NOR3xp33_ASAP7_75t_R         3  1.9   107    71     968    (-,-) 
  u_apb_spi_cg_icg__RC_CG_HIER_INST1761/RC_CGIC_INST/ENA -       -       R     ICGx1_ASAP7_75t_R            3    -     -     0     968    (-,-) 
#-----------------------------------------------------------------------------------------------------------------------------------------------



Path 4: MET (2950 ps) Clock Gating Setup Check at cgic pin u_apb_spi_cg_icg__RC_CG_HIER_INST46/RC_CGIC_INST/ENA
           View: view_ss
          Group: cg_enable_group_CLK_SPI
     Startpoint: (R) u_axi_to_apb_m_apb_paddr_reg[25]/CLK
          Clock: (R) CLK_SYS
       Endpoint: (R) u_apb_spi_cg_icg__RC_CG_HIER_INST46/RC_CGIC_INST/ENA
          Clock: (R) CLK_SPI

                     Capture       Launch     
        Clock Edge:+    4000            0     
       Src Latency:+     100          150     
       Net Latency:+       0 (I)        0 (I) 
           Arrival:=    4100          150     
                                              
  Gate Check Setup:-      78                  
       Uncertainty:-     150                  
     Required Time:=    3872                  
      Launch Clock:-     150                  
         Data Path:-     772                  
             Slack:=    2950                  

#---------------------------------------------------------------------------------------------------------------------------------------------
#                    Timing Point                      Flags    Arc    Edge          Cell            Fanout Load Trans Delay Arrival Instance 
#                                                                                                           (fF)  (ps)  (ps)   (ps)  Location 
#---------------------------------------------------------------------------------------------------------------------------------------------
  u_axi_to_apb_m_apb_paddr_reg[25]/CLK                 -       -       R     (arrival)                   69    -    40     0     150    (-,-) 
  u_axi_to_apb_m_apb_paddr_reg[25]/QN                  -       CLK->QN F     DFFASRHQNx1_ASAP7_75t_R      2  1.6    46   104     254    (-,-) 
  g124450/Y                                            -       C->Y    F     OR4x1_ASAP7_75t_R            2  1.6    32    71     324    (-,-) 
  g124448/Y                                            -       B->Y    F     OR2x2_ASAP7_75t_R            2  1.7    19    43     368    (-,-) 
  g124447/Y                                            -       A->Y    F     OR3x1_ASAP7_75t_R           11  8.4    92    86     454    (-,-) 
  g206873/Y                                            -       A->Y    R     NOR3xp33_ASAP7_75t_R         3  1.9   108    72     526    (-,-) 
  g206729/Y                                            -       A->Y    R     HB1xp67_ASAP7_75t_R          1  0.9    29    54     580    (-,-) 
  drc_buf_sp212842/Y                                   -       A->Y    R     HB2xp67_ASAP7_75t_R          2  1.6    44    59     639    (-,-) 
  drc_buf_sp212841/Y                                   -       A->Y    R     BUFx2_ASAP7_75t_R           13  8.5    66    62     700    (-,-) 
  g206728/Y                                            -       A->Y    R     HB2xp67_ASAP7_75t_R          9  6.1   137   116     817    (-,-) 
  g209429/Y                                            -       C->Y    F     A2O1A1Ixp33_ASAP7_75t_R      1  0.7    60    51     868    (-,-) 
  g209428/Y                                            -       A->Y    R     INVxp33_ASAP7_75t_R          2  1.4    72    54     922    (-,-) 
  u_apb_spi_cg_icg__RC_CG_HIER_INST46/RC_CGIC_INST/ENA -       -       R     ICGx1_ASAP7_75t_R            2    -     -     0     922    (-,-) 
#---------------------------------------------------------------------------------------------------------------------------------------------



Path 5: MET (2980 ps) Clock Gating Setup Check at cgic pin u_apb_spi_u_spi_tx_fifo_cg_icg__RC_CG_HIER_INST872/RC_CGIC_INST/ENA
           View: view_ss
          Group: cg_enable_group_CLK_SPI
     Startpoint: (R) u_apb_spi_u_spi_tx_fifo_wr_ptr_reg[2]/CLK
          Clock: (R) CLK_SPI
       Endpoint: (F) u_apb_spi_u_spi_tx_fifo_cg_icg__RC_CG_HIER_INST872/RC_CGIC_INST/ENA
          Clock: (R) CLK_SPI

                     Capture       Launch     
        Clock Edge:+    4000            0     
       Src Latency:+     100          150     
       Net Latency:+       0 (I)        0 (I) 
           Arrival:=    4100          150     
                                              
  Gate Check Setup:-      58                  
       Uncertainty:-     150                  
     Required Time:=    3892                  
      Launch Clock:-     150                  
         Data Path:-     762                  
             Slack:=    2980                  

#------------------------------------------------------------------------------------------------------------------------------------------------------------
#                            Timing Point                             Flags    Arc    Edge          Cell            Fanout Load Trans Delay Arrival Instance 
#                                                                                                                          (fF)  (ps)  (ps)   (ps)  Location 
#------------------------------------------------------------------------------------------------------------------------------------------------------------
  u_apb_spi_u_spi_tx_fifo_wr_ptr_reg[2]/CLK                           -       -       R     (arrival)                    5    -    40     0     150    (-,-) 
  u_apb_spi_u_spi_tx_fifo_wr_ptr_reg[2]/QN                            -       CLK->QN F     DFFASRHQNx1_ASAP7_75t_R     11  6.0    89   138     288    (-,-) 
  g209148/Y                                                           -       A->Y    R     INVxp67_ASAP7_75t_R          6  3.9   100    74     362    (-,-) 
  g207207/Y                                                           -       A->Y    F     XOR2xp5_ASAP7_75t_R          1  0.9    52    35     398    (-,-) 
  g206565/Y                                                           -       A->Y    R     NOR4xp25_ASAP7_75t_R         2  1.2   100    60     457    (-,-) 
  g206098/Y                                                           -       B->Y    F     NAND2xp33_ASAP7_75t_R        4  2.7    94    73     531    (-,-) 
  g204957/Y                                                           -       B->Y    F     AND2x2_ASAP7_75t_R           2  1.3    18    54     585    (-,-) 
  g204644/Y                                                           -       B->Y    R     NAND2xp33_ASAP7_75t_R        3  1.8    93    48     633    (-,-) 
  g204504/Y                                                           -       A->Y    F     INVxp33_ASAP7_75t_R          3  2.0    77    67     700    (-,-) 
  g204392/Y                                                           -       B->Y    R     NAND2xp33_ASAP7_75t_R        3  1.6    88    66     766    (-,-) 
  g204158/Y                                                           -       B->Y    F     NOR2xp33_ASAP7_75t_R         2  1.2    57    53     819    (-,-) 
  g203976/Y                                                           -       B->Y    R     NAND2xp33_ASAP7_75t_R        2  1.2    75    50     870    (-,-) 
  g203770/Y                                                           -       B->Y    F     NOR2xp33_ASAP7_75t_R         1  0.8    52    42     912    (-,-) 
  u_apb_spi_u_spi_tx_fifo_cg_icg__RC_CG_HIER_INST872/RC_CGIC_INST/ENA -       -       F     ICGx1_ASAP7_75t_R            1    -     -     0     912    (-,-) 
#------------------------------------------------------------------------------------------------------------------------------------------------------------



Path 6: MET (2980 ps) Clock Gating Setup Check at cgic pin u_apb_spi_u_spi_tx_fifo_cg_icg__RC_CG_HIER_INST884/RC_CGIC_INST/ENA
           View: view_ss
          Group: cg_enable_group_CLK_SPI
     Startpoint: (R) u_apb_spi_u_spi_tx_fifo_wr_ptr_reg[2]/CLK
          Clock: (R) CLK_SPI
       Endpoint: (F) u_apb_spi_u_spi_tx_fifo_cg_icg__RC_CG_HIER_INST884/RC_CGIC_INST/ENA
          Clock: (R) CLK_SPI

                     Capture       Launch     
        Clock Edge:+    4000            0     
       Src Latency:+     100          150     
       Net Latency:+       0 (I)        0 (I) 
           Arrival:=    4100          150     
                                              
  Gate Check Setup:-      58                  
       Uncertainty:-     150                  
     Required Time:=    3892                  
      Launch Clock:-     150                  
         Data Path:-     762                  
             Slack:=    2980                  

#------------------------------------------------------------------------------------------------------------------------------------------------------------
#                            Timing Point                             Flags    Arc    Edge          Cell            Fanout Load Trans Delay Arrival Instance 
#                                                                                                                          (fF)  (ps)  (ps)   (ps)  Location 
#------------------------------------------------------------------------------------------------------------------------------------------------------------
  u_apb_spi_u_spi_tx_fifo_wr_ptr_reg[2]/CLK                           -       -       R     (arrival)                    5    -    40     0     150    (-,-) 
  u_apb_spi_u_spi_tx_fifo_wr_ptr_reg[2]/QN                            -       CLK->QN F     DFFASRHQNx1_ASAP7_75t_R     11  6.0    89   138     288    (-,-) 
  g209148/Y                                                           -       A->Y    R     INVxp67_ASAP7_75t_R          6  3.9   100    74     362    (-,-) 
  g207207/Y                                                           -       A->Y    F     XOR2xp5_ASAP7_75t_R          1  0.9    52    35     398    (-,-) 
  g206565/Y                                                           -       A->Y    R     NOR4xp25_ASAP7_75t_R         2  1.2   100    60     457    (-,-) 
  g206098/Y                                                           -       B->Y    F     NAND2xp33_ASAP7_75t_R        4  2.7    94    73     531    (-,-) 
  g204957/Y                                                           -       B->Y    F     AND2x2_ASAP7_75t_R           2  1.3    18    54     585    (-,-) 
  g204644/Y                                                           -       B->Y    R     NAND2xp33_ASAP7_75t_R        3  1.8    93    48     633    (-,-) 
  g204504/Y                                                           -       A->Y    F     INVxp33_ASAP7_75t_R          3  2.0    77    67     700    (-,-) 
  g204392/Y                                                           -       B->Y    R     NAND2xp33_ASAP7_75t_R        3  1.6    88    66     766    (-,-) 
  g204158/Y                                                           -       B->Y    F     NOR2xp33_ASAP7_75t_R         2  1.2    57    53     819    (-,-) 
  g203976/Y                                                           -       B->Y    R     NAND2xp33_ASAP7_75t_R        2  1.2    75    50     870    (-,-) 
  g203771/Y                                                           -       B->Y    F     NOR2xp33_ASAP7_75t_R         1  0.8    52    42     912    (-,-) 
  u_apb_spi_u_spi_tx_fifo_cg_icg__RC_CG_HIER_INST884/RC_CGIC_INST/ENA -       -       F     ICGx1_ASAP7_75t_R            1    -     -     0     912    (-,-) 
#------------------------------------------------------------------------------------------------------------------------------------------------------------



Path 7: MET (2981 ps) Clock Gating Setup Check at cgic pin u_apb_spi_u_spi_tx_fifo_cg_icg__RC_CG_HIER_INST871/RC_CGIC_INST/ENA
           View: view_ss
          Group: cg_enable_group_CLK_SPI
     Startpoint: (R) u_apb_spi_u_spi_tx_fifo_wr_ptr_reg[2]/CLK
          Clock: (R) CLK_SPI
       Endpoint: (F) u_apb_spi_u_spi_tx_fifo_cg_icg__RC_CG_HIER_INST871/RC_CGIC_INST/ENA
          Clock: (R) CLK_SPI

                     Capture       Launch     
        Clock Edge:+    4000            0     
       Src Latency:+     100          150     
       Net Latency:+       0 (I)        0 (I) 
           Arrival:=    4100          150     
                                              
  Gate Check Setup:-      58                  
       Uncertainty:-     150                  
     Required Time:=    3892                  
      Launch Clock:-     150                  
         Data Path:-     760                  
             Slack:=    2981                  

#------------------------------------------------------------------------------------------------------------------------------------------------------------
#                            Timing Point                             Flags    Arc    Edge          Cell            Fanout Load Trans Delay Arrival Instance 
#                                                                                                                          (fF)  (ps)  (ps)   (ps)  Location 
#------------------------------------------------------------------------------------------------------------------------------------------------------------
  u_apb_spi_u_spi_tx_fifo_wr_ptr_reg[2]/CLK                           -       -       R     (arrival)                    5    -    40     0     150    (-,-) 
  u_apb_spi_u_spi_tx_fifo_wr_ptr_reg[2]/QN                            -       CLK->QN F     DFFASRHQNx1_ASAP7_75t_R     11  6.0    89   138     288    (-,-) 
  g209148/Y                                                           -       A->Y    R     INVxp67_ASAP7_75t_R          6  3.9   100    74     362    (-,-) 
  g207207/Y                                                           -       A->Y    F     XOR2xp5_ASAP7_75t_R          1  0.9    52    35     398    (-,-) 
  g206565/Y                                                           -       A->Y    R     NOR4xp25_ASAP7_75t_R         2  1.2   100    60     457    (-,-) 
  g206098/Y                                                           -       B->Y    F     NAND2xp33_ASAP7_75t_R        4  2.7    94    73     531    (-,-) 
  g204957/Y                                                           -       B->Y    F     AND2x2_ASAP7_75t_R           2  1.3    18    54     585    (-,-) 
  g204644/Y                                                           -       B->Y    R     NAND2xp33_ASAP7_75t_R        3  1.8    93    48     633    (-,-) 
  g204504/Y                                                           -       A->Y    F     INVxp33_ASAP7_75t_R          3  2.0    77    67     700    (-,-) 
  g204392/Y                                                           -       B->Y    R     NAND2xp33_ASAP7_75t_R        3  1.6    88    66     766    (-,-) 
  g204158/Y                                                           -       B->Y    F     NOR2xp33_ASAP7_75t_R         2  1.2    57    53     819    (-,-) 
  g203956/Y                                                           -       B->Y    R     NAND2xp33_ASAP7_75t_R        2  1.2    70    50     870    (-,-) 
  g203769/Y                                                           -       B->Y    F     NOR2xp33_ASAP7_75t_R         1  0.8    52    40     910    (-,-) 
  u_apb_spi_u_spi_tx_fifo_cg_icg__RC_CG_HIER_INST871/RC_CGIC_INST/ENA -       -       F     ICGx1_ASAP7_75t_R            1    -     -     0     910    (-,-) 
#------------------------------------------------------------------------------------------------------------------------------------------------------------



Path 8: MET (2982 ps) Clock Gating Setup Check at cgic pin u_apb_spi_u_spi_tx_fifo_cg_icg__RC_CG_HIER_INST885/RC_CGIC_INST/ENA
           View: view_ss
          Group: cg_enable_group_CLK_SPI
     Startpoint: (R) u_apb_spi_u_spi_tx_fifo_wr_ptr_reg[2]/CLK
          Clock: (R) CLK_SPI
       Endpoint: (F) u_apb_spi_u_spi_tx_fifo_cg_icg__RC_CG_HIER_INST885/RC_CGIC_INST/ENA
          Clock: (R) CLK_SPI

                     Capture       Launch     
        Clock Edge:+    4000            0     
       Src Latency:+     100          150     
       Net Latency:+       0 (I)        0 (I) 
           Arrival:=    4100          150     
                                              
  Gate Check Setup:-      58                  
       Uncertainty:-     150                  
     Required Time:=    3892                  
      Launch Clock:-     150                  
         Data Path:-     760                  
             Slack:=    2982                  

#------------------------------------------------------------------------------------------------------------------------------------------------------------
#                            Timing Point                             Flags    Arc    Edge          Cell            Fanout Load Trans Delay Arrival Instance 
#                                                                                                                          (fF)  (ps)  (ps)   (ps)  Location 
#------------------------------------------------------------------------------------------------------------------------------------------------------------
  u_apb_spi_u_spi_tx_fifo_wr_ptr_reg[2]/CLK                           -       -       R     (arrival)                    5    -    40     0     150    (-,-) 
  u_apb_spi_u_spi_tx_fifo_wr_ptr_reg[2]/QN                            -       CLK->QN F     DFFASRHQNx1_ASAP7_75t_R     11  6.0    89   138     288    (-,-) 
  g209148/Y                                                           -       A->Y    R     INVxp67_ASAP7_75t_R          6  3.9   100    74     362    (-,-) 
  g207207/Y                                                           -       A->Y    F     XOR2xp5_ASAP7_75t_R          1  0.9    52    35     398    (-,-) 
  g206565/Y                                                           -       A->Y    R     NOR4xp25_ASAP7_75t_R         2  1.2   100    60     457    (-,-) 
  g206098/Y                                                           -       B->Y    F     NAND2xp33_ASAP7_75t_R        4  2.7    94    73     531    (-,-) 
  g204957/Y                                                           -       B->Y    F     AND2x2_ASAP7_75t_R           2  1.3    18    54     585    (-,-) 
  g204644/Y                                                           -       B->Y    R     NAND2xp33_ASAP7_75t_R        3  1.8    93    48     633    (-,-) 
  g204504/Y                                                           -       A->Y    F     INVxp33_ASAP7_75t_R          3  2.0    77    67     700    (-,-) 
  g204392/Y                                                           -       B->Y    R     NAND2xp33_ASAP7_75t_R        3  1.6    88    66     766    (-,-) 
  g204158/Y                                                           -       B->Y    F     NOR2xp33_ASAP7_75t_R         2  1.2    57    53     819    (-,-) 
  g203956/Y                                                           -       B->Y    R     NAND2xp33_ASAP7_75t_R        2  1.2    70    50     870    (-,-) 
  g203789/Y                                                           -       B->Y    F     NOR2xp33_ASAP7_75t_R         1  0.8    52    40     910    (-,-) 
  u_apb_spi_u_spi_tx_fifo_cg_icg__RC_CG_HIER_INST885/RC_CGIC_INST/ENA -       -       F     ICGx1_ASAP7_75t_R            1    -     -     0     910    (-,-) 
#------------------------------------------------------------------------------------------------------------------------------------------------------------



Path 9: MET (3021 ps) Clock Gating Setup Check at cgic pin u_apb_spi_u_spi_tx_fifo_cg_icg__RC_CG_HIER_INST882/RC_CGIC_INST/ENA
           View: view_ss
          Group: cg_enable_group_CLK_SPI
     Startpoint: (R) u_apb_spi_u_spi_tx_fifo_wr_ptr_reg[2]/CLK
          Clock: (R) CLK_SPI
       Endpoint: (R) u_apb_spi_u_spi_tx_fifo_cg_icg__RC_CG_HIER_INST882/RC_CGIC_INST/ENA
          Clock: (R) CLK_SPI

                     Capture       Launch     
        Clock Edge:+    4000            0     
       Src Latency:+     100          150     
       Net Latency:+       0 (I)        0 (I) 
           Arrival:=    4100          150     
                                              
  Gate Check Setup:-      74                  
       Uncertainty:-     150                  
     Required Time:=    3876                  
      Launch Clock:-     150                  
         Data Path:-     705                  
             Slack:=    3021                  

#------------------------------------------------------------------------------------------------------------------------------------------------------------
#                            Timing Point                             Flags    Arc    Edge          Cell            Fanout Load Trans Delay Arrival Instance 
#                                                                                                                          (fF)  (ps)  (ps)   (ps)  Location 
#------------------------------------------------------------------------------------------------------------------------------------------------------------
  u_apb_spi_u_spi_tx_fifo_wr_ptr_reg[2]/CLK                           -       -       R     (arrival)                    5    -    40     0     150    (-,-) 
  u_apb_spi_u_spi_tx_fifo_wr_ptr_reg[2]/QN                            -       CLK->QN F     DFFASRHQNx1_ASAP7_75t_R     11  6.0    89   138     288    (-,-) 
  g209148/Y                                                           -       A->Y    R     INVxp67_ASAP7_75t_R          6  3.9   100    74     362    (-,-) 
  g207207/Y                                                           -       A->Y    R     XOR2xp5_ASAP7_75t_R          1  0.9    52    57     420    (-,-) 
  g206565/Y                                                           -       A->Y    F     NOR4xp25_ASAP7_75t_R         2  1.2    37    32     452    (-,-) 
  g206098/Y                                                           -       B->Y    R     NAND2xp33_ASAP7_75t_R        4  2.7   126    72     524    (-,-) 
  g204957/Y                                                           -       B->Y    R     AND2x2_ASAP7_75t_R           2  1.3    22    55     579    (-,-) 
  g204644/Y                                                           -       B->Y    F     NAND2xp33_ASAP7_75t_R        3  1.8    64    36     614    (-,-) 
  g204504/Y                                                           -       A->Y    R     INVxp33_ASAP7_75t_R          3  2.0    97    67     681    (-,-) 
  g204288/Y                                                           -       A->Y    F     NAND3xp33_ASAP7_75t_R        2  1.2    60    49     730    (-,-) 
  g203949/Y                                                           -       B->Y    R     NOR2xp33_ASAP7_75t_R         2  1.4    76    52     782    (-,-) 
  g203898/Y                                                           -       A->Y    F     INVxp33_ASAP7_75t_R          1  0.7    40    38     820    (-,-) 
  g203774/Y                                                           -       B->Y    R     NOR2xp33_ASAP7_75t_R         1  0.8    55    34     855    (-,-) 
  u_apb_spi_u_spi_tx_fifo_cg_icg__RC_CG_HIER_INST882/RC_CGIC_INST/ENA -       -       R     ICGx1_ASAP7_75t_R            1    -     -     0     855    (-,-) 
#------------------------------------------------------------------------------------------------------------------------------------------------------------



Path 10: MET (3021 ps) Clock Gating Setup Check at cgic pin u_apb_spi_u_spi_tx_fifo_cg_icg__RC_CG_HIER_INST886/RC_CGIC_INST/ENA
           View: view_ss
          Group: cg_enable_group_CLK_SPI
     Startpoint: (R) u_apb_spi_u_spi_tx_fifo_wr_ptr_reg[2]/CLK
          Clock: (R) CLK_SPI
       Endpoint: (R) u_apb_spi_u_spi_tx_fifo_cg_icg__RC_CG_HIER_INST886/RC_CGIC_INST/ENA
          Clock: (R) CLK_SPI

                     Capture       Launch     
        Clock Edge:+    4000            0     
       Src Latency:+     100          150     
       Net Latency:+       0 (I)        0 (I) 
           Arrival:=    4100          150     
                                              
  Gate Check Setup:-      74                  
       Uncertainty:-     150                  
     Required Time:=    3876                  
      Launch Clock:-     150                  
         Data Path:-     704                  
             Slack:=    3021                  

#------------------------------------------------------------------------------------------------------------------------------------------------------------
#                            Timing Point                             Flags    Arc    Edge          Cell            Fanout Load Trans Delay Arrival Instance 
#                                                                                                                          (fF)  (ps)  (ps)   (ps)  Location 
#------------------------------------------------------------------------------------------------------------------------------------------------------------
  u_apb_spi_u_spi_tx_fifo_wr_ptr_reg[2]/CLK                           -       -       R     (arrival)                    5    -    40     0     150    (-,-) 
  u_apb_spi_u_spi_tx_fifo_wr_ptr_reg[2]/QN                            -       CLK->QN F     DFFASRHQNx1_ASAP7_75t_R     11  6.0    89   138     288    (-,-) 
  g209148/Y                                                           -       A->Y    R     INVxp67_ASAP7_75t_R          6  3.9   100    74     362    (-,-) 
  g207207/Y                                                           -       A->Y    R     XOR2xp5_ASAP7_75t_R          1  0.9    52    57     420    (-,-) 
  g206565/Y                                                           -       A->Y    F     NOR4xp25_ASAP7_75t_R         2  1.2    37    32     452    (-,-) 
  g206098/Y                                                           -       B->Y    R     NAND2xp33_ASAP7_75t_R        4  2.7   126    72     524    (-,-) 
  g204957/Y                                                           -       B->Y    R     AND2x2_ASAP7_75t_R           2  1.3    22    55     579    (-,-) 
  g204644/Y                                                           -       B->Y    F     NAND2xp33_ASAP7_75t_R        3  1.8    64    36     614    (-,-) 
  g204504/Y                                                           -       A->Y    R     INVxp33_ASAP7_75t_R          3  2.0    97    67     681    (-,-) 
  g204290/Y                                                           -       A->Y    F     NAND3xp33_ASAP7_75t_R        2  1.2    60    49     730    (-,-) 
  g203977/Y                                                           -       B->Y    R     NOR2xp33_ASAP7_75t_R         2  1.4    74    52     782    (-,-) 
  g203904/Y                                                           -       A->Y    F     INVxp33_ASAP7_75t_R          1  0.7    40    38     820    (-,-) 
  g203772/Y                                                           -       B->Y    R     NOR2xp33_ASAP7_75t_R         1  0.8    55    34     854    (-,-) 
  u_apb_spi_u_spi_tx_fifo_cg_icg__RC_CG_HIER_INST886/RC_CGIC_INST/ENA -       -       R     ICGx1_ASAP7_75t_R            1    -     -     0     854    (-,-) 
#------------------------------------------------------------------------------------------------------------------------------------------------------------



Path 11: MET (3033 ps) Clock Gating Setup Check at cgic pin u_apb_spi_u_spi_tx_fifo_cg_icg__RC_CG_HIER_INST880/RC_CGIC_INST/ENA
           View: view_ss
          Group: cg_enable_group_CLK_SPI
     Startpoint: (R) u_apb_spi_u_spi_tx_fifo_wr_ptr_reg[2]/CLK
          Clock: (R) CLK_SPI
       Endpoint: (F) u_apb_spi_u_spi_tx_fifo_cg_icg__RC_CG_HIER_INST880/RC_CGIC_INST/ENA
          Clock: (R) CLK_SPI

                     Capture       Launch     
        Clock Edge:+    4000            0     
       Src Latency:+     100          150     
       Net Latency:+       0 (I)        0 (I) 
           Arrival:=    4100          150     
                                              
  Gate Check Setup:-      58                  
       Uncertainty:-     150                  
     Required Time:=    3892                  
      Launch Clock:-     150                  
         Data Path:-     708                  
             Slack:=    3033                  

#------------------------------------------------------------------------------------------------------------------------------------------------------------
#                            Timing Point                             Flags    Arc    Edge          Cell            Fanout Load Trans Delay Arrival Instance 
#                                                                                                                          (fF)  (ps)  (ps)   (ps)  Location 
#------------------------------------------------------------------------------------------------------------------------------------------------------------
  u_apb_spi_u_spi_tx_fifo_wr_ptr_reg[2]/CLK                           -       -       R     (arrival)                    5    -    40     0     150    (-,-) 
  u_apb_spi_u_spi_tx_fifo_wr_ptr_reg[2]/QN                            -       CLK->QN F     DFFASRHQNx1_ASAP7_75t_R     11  6.0    89   138     288    (-,-) 
  g209148/Y                                                           -       A->Y    R     INVxp67_ASAP7_75t_R          6  3.9   100    74     362    (-,-) 
  g207207/Y                                                           -       A->Y    F     XOR2xp5_ASAP7_75t_R          1  0.9    52    35     398    (-,-) 
  g206565/Y                                                           -       A->Y    R     NOR4xp25_ASAP7_75t_R         2  1.2   100    60     457    (-,-) 
  g206098/Y                                                           -       B->Y    F     NAND2xp33_ASAP7_75t_R        4  2.7    94    73     531    (-,-) 
  g204957/Y                                                           -       B->Y    F     AND2x2_ASAP7_75t_R           2  1.3    18    54     585    (-,-) 
  g204644/Y                                                           -       B->Y    R     NAND2xp33_ASAP7_75t_R        3  1.8    93    48     633    (-,-) 
  g204504/Y                                                           -       A->Y    F     INVxp33_ASAP7_75t_R          3  2.0    77    67     700    (-,-) 
  g204288/Y                                                           -       A->Y    R     NAND3xp33_ASAP7_75t_R        2  1.2    52    42     742    (-,-) 
  g204181/Y                                                           -       A->Y    F     INVxp33_ASAP7_75t_R          1  0.7    34    32     774    (-,-) 
  g203958/Y                                                           -       B->Y    R     NAND2xp33_ASAP7_75t_R        2  1.2    75    42     816    (-,-) 
  g203776/Y                                                           -       B->Y    F     NOR2xp33_ASAP7_75t_R         1  0.8    52    42     858    (-,-) 
  u_apb_spi_u_spi_tx_fifo_cg_icg__RC_CG_HIER_INST880/RC_CGIC_INST/ENA -       -       F     ICGx1_ASAP7_75t_R            1    -     -     0     858    (-,-) 
#------------------------------------------------------------------------------------------------------------------------------------------------------------



Path 12: MET (3034 ps) Clock Gating Setup Check at cgic pin u_apb_spi_u_spi_tx_fifo_cg_icg__RC_CG_HIER_INST876/RC_CGIC_INST/ENA
           View: view_ss
          Group: cg_enable_group_CLK_SPI
     Startpoint: (R) u_apb_spi_u_spi_tx_fifo_wr_ptr_reg[2]/CLK
          Clock: (R) CLK_SPI
       Endpoint: (F) u_apb_spi_u_spi_tx_fifo_cg_icg__RC_CG_HIER_INST876/RC_CGIC_INST/ENA
          Clock: (R) CLK_SPI

                     Capture       Launch     
        Clock Edge:+    4000            0     
       Src Latency:+     100          150     
       Net Latency:+       0 (I)        0 (I) 
           Arrival:=    4100          150     
                                              
  Gate Check Setup:-      58                  
       Uncertainty:-     150                  
     Required Time:=    3892                  
      Launch Clock:-     150                  
         Data Path:-     708                  
             Slack:=    3034                  

#------------------------------------------------------------------------------------------------------------------------------------------------------------
#                            Timing Point                             Flags    Arc    Edge          Cell            Fanout Load Trans Delay Arrival Instance 
#                                                                                                                          (fF)  (ps)  (ps)   (ps)  Location 
#------------------------------------------------------------------------------------------------------------------------------------------------------------
  u_apb_spi_u_spi_tx_fifo_wr_ptr_reg[2]/CLK                           -       -       R     (arrival)                    5    -    40     0     150    (-,-) 
  u_apb_spi_u_spi_tx_fifo_wr_ptr_reg[2]/QN                            -       CLK->QN F     DFFASRHQNx1_ASAP7_75t_R     11  6.0    89   138     288    (-,-) 
  g209148/Y                                                           -       A->Y    R     INVxp67_ASAP7_75t_R          6  3.9   100    74     362    (-,-) 
  g207207/Y                                                           -       A->Y    F     XOR2xp5_ASAP7_75t_R          1  0.9    52    35     398    (-,-) 
  g206565/Y                                                           -       A->Y    R     NOR4xp25_ASAP7_75t_R         2  1.2   100    60     457    (-,-) 
  g206098/Y                                                           -       B->Y    F     NAND2xp33_ASAP7_75t_R        4  2.7    94    73     531    (-,-) 
  g204957/Y                                                           -       B->Y    F     AND2x2_ASAP7_75t_R           2  1.3    18    54     585    (-,-) 
  g204644/Y                                                           -       B->Y    R     NAND2xp33_ASAP7_75t_R        3  1.8    93    48     633    (-,-) 
  g204504/Y                                                           -       A->Y    F     INVxp33_ASAP7_75t_R          3  2.0    77    67     700    (-,-) 
  g204288/Y                                                           -       A->Y    R     NAND3xp33_ASAP7_75t_R        2  1.2    52    42     742    (-,-) 
  g204181/Y                                                           -       A->Y    F     INVxp33_ASAP7_75t_R          1  0.7    34    32     774    (-,-) 
  g203958/Y                                                           -       B->Y    R     NAND2xp33_ASAP7_75t_R        2  1.2    75    42     816    (-,-) 
  g203791/Y                                                           -       B->Y    F     NOR2xp33_ASAP7_75t_R         1  0.8    52    42     858    (-,-) 
  u_apb_spi_u_spi_tx_fifo_cg_icg__RC_CG_HIER_INST876/RC_CGIC_INST/ENA -       -       F     ICGx1_ASAP7_75t_R            1    -     -     0     858    (-,-) 
#------------------------------------------------------------------------------------------------------------------------------------------------------------



Path 13: MET (3034 ps) Clock Gating Setup Check at cgic pin u_apb_spi_u_spi_tx_fifo_cg_icg__RC_CG_HIER_INST879/RC_CGIC_INST/ENA
           View: view_ss
          Group: cg_enable_group_CLK_SPI
     Startpoint: (R) u_apb_spi_u_spi_tx_fifo_wr_ptr_reg[2]/CLK
          Clock: (R) CLK_SPI
       Endpoint: (F) u_apb_spi_u_spi_tx_fifo_cg_icg__RC_CG_HIER_INST879/RC_CGIC_INST/ENA
          Clock: (R) CLK_SPI

                     Capture       Launch     
        Clock Edge:+    4000            0     
       Src Latency:+     100          150     
       Net Latency:+       0 (I)        0 (I) 
           Arrival:=    4100          150     
                                              
  Gate Check Setup:-      58                  
       Uncertainty:-     150                  
     Required Time:=    3892                  
      Launch Clock:-     150                  
         Data Path:-     708                  
             Slack:=    3034                  

#------------------------------------------------------------------------------------------------------------------------------------------------------------
#                            Timing Point                             Flags    Arc    Edge          Cell            Fanout Load Trans Delay Arrival Instance 
#                                                                                                                          (fF)  (ps)  (ps)   (ps)  Location 
#------------------------------------------------------------------------------------------------------------------------------------------------------------
  u_apb_spi_u_spi_tx_fifo_wr_ptr_reg[2]/CLK                           -       -       R     (arrival)                    5    -    40     0     150    (-,-) 
  u_apb_spi_u_spi_tx_fifo_wr_ptr_reg[2]/QN                            -       CLK->QN F     DFFASRHQNx1_ASAP7_75t_R     11  6.0    89   138     288    (-,-) 
  g209148/Y                                                           -       A->Y    R     INVxp67_ASAP7_75t_R          6  3.9   100    74     362    (-,-) 
  g207207/Y                                                           -       A->Y    F     XOR2xp5_ASAP7_75t_R          1  0.9    52    35     398    (-,-) 
  g206565/Y                                                           -       A->Y    R     NOR4xp25_ASAP7_75t_R         2  1.2   100    60     457    (-,-) 
  g206098/Y                                                           -       B->Y    F     NAND2xp33_ASAP7_75t_R        4  2.7    94    73     531    (-,-) 
  g204957/Y                                                           -       B->Y    F     AND2x2_ASAP7_75t_R           2  1.3    18    54     585    (-,-) 
  g204644/Y                                                           -       B->Y    R     NAND2xp33_ASAP7_75t_R        3  1.8    93    48     633    (-,-) 
  g204504/Y                                                           -       A->Y    F     INVxp33_ASAP7_75t_R          3  2.0    77    67     700    (-,-) 
  g204290/Y                                                           -       A->Y    R     NAND3xp33_ASAP7_75t_R        2  1.2    52    42     742    (-,-) 
  g204183/Y                                                           -       A->Y    F     INVxp33_ASAP7_75t_R          1  0.7    34    32     774    (-,-) 
  g203957/Y                                                           -       B->Y    R     NAND2xp33_ASAP7_75t_R        2  1.2    73    42     816    (-,-) 
  g203783/Y                                                           -       B->Y    F     NOR2xp33_ASAP7_75t_R         1  0.8    52    42     858    (-,-) 
  u_apb_spi_u_spi_tx_fifo_cg_icg__RC_CG_HIER_INST879/RC_CGIC_INST/ENA -       -       F     ICGx1_ASAP7_75t_R            1    -     -     0     858    (-,-) 
#------------------------------------------------------------------------------------------------------------------------------------------------------------



Path 14: MET (3034 ps) Clock Gating Setup Check at cgic pin u_apb_spi_u_spi_tx_fifo_cg_icg__RC_CG_HIER_INST875/RC_CGIC_INST/ENA
           View: view_ss
          Group: cg_enable_group_CLK_SPI
     Startpoint: (R) u_apb_spi_u_spi_tx_fifo_wr_ptr_reg[2]/CLK
          Clock: (R) CLK_SPI
       Endpoint: (F) u_apb_spi_u_spi_tx_fifo_cg_icg__RC_CG_HIER_INST875/RC_CGIC_INST/ENA
          Clock: (R) CLK_SPI

                     Capture       Launch     
        Clock Edge:+    4000            0     
       Src Latency:+     100          150     
       Net Latency:+       0 (I)        0 (I) 
           Arrival:=    4100          150     
                                              
  Gate Check Setup:-      58                  
       Uncertainty:-     150                  
     Required Time:=    3892                  
      Launch Clock:-     150                  
         Data Path:-     708                  
             Slack:=    3034                  

#------------------------------------------------------------------------------------------------------------------------------------------------------------
#                            Timing Point                             Flags    Arc    Edge          Cell            Fanout Load Trans Delay Arrival Instance 
#                                                                                                                          (fF)  (ps)  (ps)   (ps)  Location 
#------------------------------------------------------------------------------------------------------------------------------------------------------------
  u_apb_spi_u_spi_tx_fifo_wr_ptr_reg[2]/CLK                           -       -       R     (arrival)                    5    -    40     0     150    (-,-) 
  u_apb_spi_u_spi_tx_fifo_wr_ptr_reg[2]/QN                            -       CLK->QN F     DFFASRHQNx1_ASAP7_75t_R     11  6.0    89   138     288    (-,-) 
  g209148/Y                                                           -       A->Y    R     INVxp67_ASAP7_75t_R          6  3.9   100    74     362    (-,-) 
  g207207/Y                                                           -       A->Y    F     XOR2xp5_ASAP7_75t_R          1  0.9    52    35     398    (-,-) 
  g206565/Y                                                           -       A->Y    R     NOR4xp25_ASAP7_75t_R         2  1.2   100    60     457    (-,-) 
  g206098/Y                                                           -       B->Y    F     NAND2xp33_ASAP7_75t_R        4  2.7    94    73     531    (-,-) 
  g204957/Y                                                           -       B->Y    F     AND2x2_ASAP7_75t_R           2  1.3    18    54     585    (-,-) 
  g204644/Y                                                           -       B->Y    R     NAND2xp33_ASAP7_75t_R        3  1.8    93    48     633    (-,-) 
  g204504/Y                                                           -       A->Y    F     INVxp33_ASAP7_75t_R          3  2.0    77    67     700    (-,-) 
  g204290/Y                                                           -       A->Y    R     NAND3xp33_ASAP7_75t_R        2  1.2    52    42     742    (-,-) 
  g204183/Y                                                           -       A->Y    F     INVxp33_ASAP7_75t_R          1  0.7    34    32     774    (-,-) 
  g203957/Y                                                           -       B->Y    R     NAND2xp33_ASAP7_75t_R        2  1.2    73    42     816    (-,-) 
  g203768/Y                                                           -       B->Y    F     NOR2xp33_ASAP7_75t_R         1  0.8    52    42     858    (-,-) 
  u_apb_spi_u_spi_tx_fifo_cg_icg__RC_CG_HIER_INST875/RC_CGIC_INST/ENA -       -       F     ICGx1_ASAP7_75t_R            1    -     -     0     858    (-,-) 
#------------------------------------------------------------------------------------------------------------------------------------------------------------



Path 15: MET (3057 ps) Clock Gating Setup Check at cgic pin u_apb_spi_u_spi_tx_fifo_cg_icg__RC_CG_HIER_INST877/RC_CGIC_INST/ENA
           View: view_ss
          Group: cg_enable_group_CLK_SPI
     Startpoint: (R) u_apb_spi_u_spi_tx_fifo_wr_ptr_reg[2]/CLK
          Clock: (R) CLK_SPI
       Endpoint: (R) u_apb_spi_u_spi_tx_fifo_cg_icg__RC_CG_HIER_INST877/RC_CGIC_INST/ENA
          Clock: (R) CLK_SPI

                     Capture       Launch     
        Clock Edge:+    4000            0     
       Src Latency:+     100          150     
       Net Latency:+       0 (I)        0 (I) 
           Arrival:=    4100          150     
                                              
  Gate Check Setup:-      66                  
       Uncertainty:-     150                  
     Required Time:=    3884                  
      Launch Clock:-     150                  
         Data Path:-     677                  
             Slack:=    3057                  

#------------------------------------------------------------------------------------------------------------------------------------------------------------
#                            Timing Point                             Flags    Arc    Edge          Cell            Fanout Load Trans Delay Arrival Instance 
#                                                                                                                          (fF)  (ps)  (ps)   (ps)  Location 
#------------------------------------------------------------------------------------------------------------------------------------------------------------
  u_apb_spi_u_spi_tx_fifo_wr_ptr_reg[2]/CLK                           -       -       R     (arrival)                    5    -    40     0     150    (-,-) 
  u_apb_spi_u_spi_tx_fifo_wr_ptr_reg[2]/QN                            -       CLK->QN F     DFFASRHQNx1_ASAP7_75t_R     11  6.0    89   138     288    (-,-) 
  g209148/Y                                                           -       A->Y    R     INVxp67_ASAP7_75t_R          6  3.9   100    74     362    (-,-) 
  g207207/Y                                                           -       A->Y    R     XOR2xp5_ASAP7_75t_R          1  0.9    52    57     420    (-,-) 
  g206565/Y                                                           -       A->Y    F     NOR4xp25_ASAP7_75t_R         2  1.2    37    32     452    (-,-) 
  g206098/Y                                                           -       B->Y    R     NAND2xp33_ASAP7_75t_R        4  2.7   126    72     524    (-,-) 
  g204957/Y                                                           -       B->Y    R     AND2x2_ASAP7_75t_R           2  1.3    22    55     579    (-,-) 
  g204644/Y                                                           -       B->Y    F     NAND2xp33_ASAP7_75t_R        3  1.8    64    36     614    (-,-) 
  g204504/Y                                                           -       A->Y    R     INVxp33_ASAP7_75t_R          3  2.0    97    67     681    (-,-) 
  g204288/Y                                                           -       A->Y    F     NAND3xp33_ASAP7_75t_R        2  1.2    60    49     730    (-,-) 
  g203949/Y                                                           -       B->Y    R     NOR2xp33_ASAP7_75t_R         2  1.4    76    52     782    (-,-) 
  g203775/Y                                                           -       B->Y    R     AND2x2_ASAP7_75t_R           1  0.8    17    45     827    (-,-) 
  u_apb_spi_u_spi_tx_fifo_cg_icg__RC_CG_HIER_INST877/RC_CGIC_INST/ENA -       -       R     ICGx1_ASAP7_75t_R            1    -     -     0     827    (-,-) 
#------------------------------------------------------------------------------------------------------------------------------------------------------------



Path 16: MET (3058 ps) Clock Gating Setup Check at cgic pin u_apb_spi_u_spi_tx_fifo_cg_icg__RC_CG_HIER_INST883/RC_CGIC_INST/ENA
           View: view_ss
          Group: cg_enable_group_CLK_SPI
     Startpoint: (R) u_apb_spi_u_spi_tx_fifo_wr_ptr_reg[2]/CLK
          Clock: (R) CLK_SPI
       Endpoint: (R) u_apb_spi_u_spi_tx_fifo_cg_icg__RC_CG_HIER_INST883/RC_CGIC_INST/ENA
          Clock: (R) CLK_SPI

                     Capture       Launch     
        Clock Edge:+    4000            0     
       Src Latency:+     100          150     
       Net Latency:+       0 (I)        0 (I) 
           Arrival:=    4100          150     
                                              
  Gate Check Setup:-      66                  
       Uncertainty:-     150                  
     Required Time:=    3884                  
      Launch Clock:-     150                  
         Data Path:-     677                  
             Slack:=    3058                  

#------------------------------------------------------------------------------------------------------------------------------------------------------------
#                            Timing Point                             Flags    Arc    Edge          Cell            Fanout Load Trans Delay Arrival Instance 
#                                                                                                                          (fF)  (ps)  (ps)   (ps)  Location 
#------------------------------------------------------------------------------------------------------------------------------------------------------------
  u_apb_spi_u_spi_tx_fifo_wr_ptr_reg[2]/CLK                           -       -       R     (arrival)                    5    -    40     0     150    (-,-) 
  u_apb_spi_u_spi_tx_fifo_wr_ptr_reg[2]/QN                            -       CLK->QN F     DFFASRHQNx1_ASAP7_75t_R     11  6.0    89   138     288    (-,-) 
  g209148/Y                                                           -       A->Y    R     INVxp67_ASAP7_75t_R          6  3.9   100    74     362    (-,-) 
  g207207/Y                                                           -       A->Y    R     XOR2xp5_ASAP7_75t_R          1  0.9    52    57     420    (-,-) 
  g206565/Y                                                           -       A->Y    F     NOR4xp25_ASAP7_75t_R         2  1.2    37    32     452    (-,-) 
  g206098/Y                                                           -       B->Y    R     NAND2xp33_ASAP7_75t_R        4  2.7   126    72     524    (-,-) 
  g204957/Y                                                           -       B->Y    R     AND2x2_ASAP7_75t_R           2  1.3    22    55     579    (-,-) 
  g204644/Y                                                           -       B->Y    F     NAND2xp33_ASAP7_75t_R        3  1.8    64    36     614    (-,-) 
  g204504/Y                                                           -       A->Y    R     INVxp33_ASAP7_75t_R          3  2.0    97    67     681    (-,-) 
  g204290/Y                                                           -       A->Y    F     NAND3xp33_ASAP7_75t_R        2  1.2    60    49     730    (-,-) 
  g203977/Y                                                           -       B->Y    R     NOR2xp33_ASAP7_75t_R         2  1.4    74    52     782    (-,-) 
  g203773/Y                                                           -       B->Y    R     AND2x2_ASAP7_75t_R           1  0.8    17    44     827    (-,-) 
  u_apb_spi_u_spi_tx_fifo_cg_icg__RC_CG_HIER_INST883/RC_CGIC_INST/ENA -       -       R     ICGx1_ASAP7_75t_R            1    -     -     0     827    (-,-) 
#------------------------------------------------------------------------------------------------------------------------------------------------------------



Path 17: MET (3073 ps) Clock Gating Setup Check at cgic pin u_apb_spi_cg_icg__RC_CG_HIER_INST48/RC_CGIC_INST/ENA
           View: view_ss
          Group: cg_enable_group_CLK_SPI
     Startpoint: (R) u_apb_spi_clk_cnt_reg[13]/CLK
          Clock: (R) CLK_SPI
       Endpoint: (R) u_apb_spi_cg_icg__RC_CG_HIER_INST48/RC_CGIC_INST/ENA
          Clock: (R) CLK_SPI

                     Capture       Launch     
        Clock Edge:+    4000            0     
       Src Latency:+     100          150     
       Net Latency:+       0 (I)        0 (I) 
           Arrival:=    4100          150     
                                              
  Gate Check Setup:-      79                  
       Uncertainty:-     150                  
     Required Time:=    3871                  
      Launch Clock:-     150                  
         Data Path:-     648                  
             Slack:=    3073                  

#---------------------------------------------------------------------------------------------------------------------------------------------
#                    Timing Point                      Flags    Arc    Edge          Cell            Fanout Load Trans Delay Arrival Instance 
#                                                                                                           (fF)  (ps)  (ps)   (ps)  Location 
#---------------------------------------------------------------------------------------------------------------------------------------------
  u_apb_spi_clk_cnt_reg[13]/CLK                        -       -       R     (arrival)                   32    -    40     0     150    (-,-) 
  u_apb_spi_clk_cnt_reg[13]/QN                         -       CLK->QN R     DFFASRHQNx1_ASAP7_75t_R      4  2.8    61   109     259    (-,-) 
  g208672/Y                                            -       A->Y    F     INVxp33_ASAP7_75t_R          1  0.8    39    36     295    (-,-) 
  g206825/Y                                            -       B2->Y   R     AOI22xp33_ASAP7_75t_R        1  0.9    59    40     334    (-,-) 
  g206117/Y                                            -       A->Y    F     NAND4xp25_ASAP7_75t_R        1  0.9    59    43     377    (-,-) 
  g205920/Y                                            -       B->Y    F     AO21x1_ASAP7_75t_R           1  0.8    17    43     420    (-,-) 
  g205730/Y                                            -       C->Y    R     AOI221xp5_ASAP7_75t_R        1  0.9    66    38     459    (-,-) 
  g204617/Y                                            -       A->Y    F     NAND5xp2_ASAP7_75t_R         1  0.9    73    51     510    (-,-) 
  g204259/Y                                            -       A->Y    R     NOR5xp2_ASAP7_75t_R          1  0.8   104    62     572    (-,-) 
  g204058/Y                                            -       C->Y    F     OAI221xp5_ASAP7_75t_R        4  2.4    90    68     640    (-,-) 
  g203895/Y                                            -       B->Y    R     NOR2xp33_ASAP7_75t_R         2  1.4    82    60     700    (-,-) 
  g203805/Y                                            -       A->Y    F     INVxp33_ASAP7_75t_R          2  1.5    62    56     756    (-,-) 
  g203422/Y                                            -       B1->Y   R     OAI32xp33_ASAP7_75t_R        1  0.8    74    43     798    (-,-) 
  u_apb_spi_cg_icg__RC_CG_HIER_INST48/RC_CGIC_INST/ENA -       -       R     ICGx1_ASAP7_75t_R            1    -     -     0     798    (-,-) 
#---------------------------------------------------------------------------------------------------------------------------------------------



Path 18: MET (3082 ps) Clock Gating Setup Check at cgic pin u_apb_spi_u_spi_tx_fifo_cg_icg__RC_CG_HIER_INST874/RC_CGIC_INST/ENA
           View: view_ss
          Group: cg_enable_group_CLK_SPI
     Startpoint: (R) u_apb_spi_u_spi_tx_fifo_wr_ptr_reg[2]/CLK
          Clock: (R) CLK_SPI
       Endpoint: (F) u_apb_spi_u_spi_tx_fifo_cg_icg__RC_CG_HIER_INST874/RC_CGIC_INST/ENA
          Clock: (R) CLK_SPI

                     Capture       Launch     
        Clock Edge:+    4000            0     
       Src Latency:+     100          150     
       Net Latency:+       0 (I)        0 (I) 
           Arrival:=    4100          150     
                                              
  Gate Check Setup:-      57                  
       Uncertainty:-     150                  
     Required Time:=    3893                  
      Launch Clock:-     150                  
         Data Path:-     661                  
             Slack:=    3082                  

#------------------------------------------------------------------------------------------------------------------------------------------------------------
#                            Timing Point                             Flags    Arc    Edge          Cell            Fanout Load Trans Delay Arrival Instance 
#                                                                                                                          (fF)  (ps)  (ps)   (ps)  Location 
#------------------------------------------------------------------------------------------------------------------------------------------------------------
  u_apb_spi_u_spi_tx_fifo_wr_ptr_reg[2]/CLK                           -       -       R     (arrival)                    5    -    40     0     150    (-,-) 
  u_apb_spi_u_spi_tx_fifo_wr_ptr_reg[2]/QN                            -       CLK->QN F     DFFASRHQNx1_ASAP7_75t_R     11  6.0    89   138     288    (-,-) 
  g209148/Y                                                           -       A->Y    R     INVxp67_ASAP7_75t_R          6  3.9   100    74     362    (-,-) 
  g207207/Y                                                           -       A->Y    F     XOR2xp5_ASAP7_75t_R          1  0.9    52    35     398    (-,-) 
  g206565/Y                                                           -       A->Y    R     NOR4xp25_ASAP7_75t_R         2  1.2   100    60     457    (-,-) 
  g206098/Y                                                           -       B->Y    F     NAND2xp33_ASAP7_75t_R        4  2.7    94    73     531    (-,-) 
  g204957/Y                                                           -       B->Y    F     AND2x2_ASAP7_75t_R           2  1.3    18    54     585    (-,-) 
  g204644/Y                                                           -       B->Y    R     NAND2xp33_ASAP7_75t_R        3  1.8    93    48     633    (-,-) 
  g204504/Y                                                           -       A->Y    F     INVxp33_ASAP7_75t_R          3  2.0    77    67     700    (-,-) 
  g204392/Y                                                           -       B->Y    R     NAND2xp33_ASAP7_75t_R        3  1.6    88    66     766    (-,-) 
  g204103/Y                                                           -       B->Y    F     NOR2xp33_ASAP7_75t_R         1  0.8    46    45     811    (-,-) 
  u_apb_spi_u_spi_tx_fifo_cg_icg__RC_CG_HIER_INST874/RC_CGIC_INST/ENA -       -       F     ICGx1_ASAP7_75t_R            1    -     -     0     811    (-,-) 
#------------------------------------------------------------------------------------------------------------------------------------------------------------



Path 19: MET (3082 ps) Clock Gating Setup Check at cgic pin u_apb_spi_u_spi_tx_fifo_cg_icg__RC_CG_HIER_INST873/RC_CGIC_INST/ENA
           View: view_ss
          Group: cg_enable_group_CLK_SPI
     Startpoint: (R) u_apb_spi_u_spi_tx_fifo_wr_ptr_reg[2]/CLK
          Clock: (R) CLK_SPI
       Endpoint: (F) u_apb_spi_u_spi_tx_fifo_cg_icg__RC_CG_HIER_INST873/RC_CGIC_INST/ENA
          Clock: (R) CLK_SPI

                     Capture       Launch     
        Clock Edge:+    4000            0     
       Src Latency:+     100          150     
       Net Latency:+       0 (I)        0 (I) 
           Arrival:=    4100          150     
                                              
  Gate Check Setup:-      57                  
       Uncertainty:-     150                  
     Required Time:=    3893                  
      Launch Clock:-     150                  
         Data Path:-     661                  
             Slack:=    3082                  

#------------------------------------------------------------------------------------------------------------------------------------------------------------
#                            Timing Point                             Flags    Arc    Edge          Cell            Fanout Load Trans Delay Arrival Instance 
#                                                                                                                          (fF)  (ps)  (ps)   (ps)  Location 
#------------------------------------------------------------------------------------------------------------------------------------------------------------
  u_apb_spi_u_spi_tx_fifo_wr_ptr_reg[2]/CLK                           -       -       R     (arrival)                    5    -    40     0     150    (-,-) 
  u_apb_spi_u_spi_tx_fifo_wr_ptr_reg[2]/QN                            -       CLK->QN F     DFFASRHQNx1_ASAP7_75t_R     11  6.0    89   138     288    (-,-) 
  g209148/Y                                                           -       A->Y    R     INVxp67_ASAP7_75t_R          6  3.9   100    74     362    (-,-) 
  g207207/Y                                                           -       A->Y    F     XOR2xp5_ASAP7_75t_R          1  0.9    52    35     398    (-,-) 
  g206565/Y                                                           -       A->Y    R     NOR4xp25_ASAP7_75t_R         2  1.2   100    60     457    (-,-) 
  g206098/Y                                                           -       B->Y    F     NAND2xp33_ASAP7_75t_R        4  2.7    94    73     531    (-,-) 
  g204957/Y                                                           -       B->Y    F     AND2x2_ASAP7_75t_R           2  1.3    18    54     585    (-,-) 
  g204644/Y                                                           -       B->Y    R     NAND2xp33_ASAP7_75t_R        3  1.8    93    48     633    (-,-) 
  g204504/Y                                                           -       A->Y    F     INVxp33_ASAP7_75t_R          3  2.0    77    67     700    (-,-) 
  g204392/Y                                                           -       B->Y    R     NAND2xp33_ASAP7_75t_R        3  1.6    88    66     766    (-,-) 
  g204092/Y                                                           -       B->Y    F     NOR2xp33_ASAP7_75t_R         1  0.8    46    45     811    (-,-) 
  u_apb_spi_u_spi_tx_fifo_cg_icg__RC_CG_HIER_INST873/RC_CGIC_INST/ENA -       -       F     ICGx1_ASAP7_75t_R            1    -     -     0     811    (-,-) 
#------------------------------------------------------------------------------------------------------------------------------------------------------------



Path 20: MET (3102 ps) Clock Gating Setup Check at cgic pin u_apb_spi_cg_icg__RC_CG_HIER_INST1760/RC_CGIC_INST/ENA
           View: view_ss
          Group: cg_enable_group_CLK_SPI
     Startpoint: (R) u_apb_spi_clk_cnt_reg[13]/CLK
          Clock: (R) CLK_SPI
       Endpoint: (R) u_apb_spi_cg_icg__RC_CG_HIER_INST1760/RC_CGIC_INST/ENA
          Clock: (R) CLK_SPI

                     Capture       Launch     
        Clock Edge:+    4000            0     
       Src Latency:+     100          150     
       Net Latency:+       0 (I)        0 (I) 
           Arrival:=    4100          150     
                                              
  Gate Check Setup:-      77                  
       Uncertainty:-     150                  
     Required Time:=    3873                  
      Launch Clock:-     150                  
         Data Path:-     621                  
             Slack:=    3102                  

#-----------------------------------------------------------------------------------------------------------------------------------------------
#                     Timing Point                       Flags    Arc    Edge          Cell            Fanout Load Trans Delay Arrival Instance 
#                                                                                                             (fF)  (ps)  (ps)   (ps)  Location 
#-----------------------------------------------------------------------------------------------------------------------------------------------
  u_apb_spi_clk_cnt_reg[13]/CLK                          -       -       R     (arrival)                   32    -    40     0     150    (-,-) 
  u_apb_spi_clk_cnt_reg[13]/QN                           -       CLK->QN R     DFFASRHQNx1_ASAP7_75t_R      4  2.8    61   109     259    (-,-) 
  g208672/Y                                              -       A->Y    F     INVxp33_ASAP7_75t_R          1  0.8    39    36     295    (-,-) 
  g206825/Y                                              -       B2->Y   R     AOI22xp33_ASAP7_75t_R        1  0.9    59    40     334    (-,-) 
  g206117/Y                                              -       A->Y    F     NAND4xp25_ASAP7_75t_R        1  0.9    59    43     377    (-,-) 
  g205920/Y                                              -       B->Y    F     AO21x1_ASAP7_75t_R           1  0.8    17    43     420    (-,-) 
  g205730/Y                                              -       C->Y    R     AOI221xp5_ASAP7_75t_R        1  0.9    66    38     459    (-,-) 
  g204617/Y                                              -       A->Y    F     NAND5xp2_ASAP7_75t_R         1  0.9    73    51     510    (-,-) 
  g204259/Y                                              -       A->Y    R     NOR5xp2_ASAP7_75t_R          1  0.8   104    62     572    (-,-) 
  g204058/Y                                              -       C->Y    F     OAI221xp5_ASAP7_75t_R        4  2.4    90    68     640    (-,-) 
  g203983/Y                                              -       A->Y    R     INVxp33_ASAP7_75t_R          1  0.7    56    46     686    (-,-) 
  g203891/Y                                              -       B->Y    F     NAND2xp33_ASAP7_75t_R        2  1.4    61    42     728    (-,-) 
  g203657/Y                                              -       B->Y    R     NAND2xp33_ASAP7_75t_R        1  0.8    66    43     771    (-,-) 
  u_apb_spi_cg_icg__RC_CG_HIER_INST1760/RC_CGIC_INST/ENA -       -       R     ICGx1_ASAP7_75t_R            1    -     -     0     771    (-,-) 
#-----------------------------------------------------------------------------------------------------------------------------------------------


