============================================================
  Generated by:           Genus(TM) Synthesis Solution 23.14-s090_1
  Generated on:           Sep 14 2026  04:17:51 pm
  Module:                 top_soc
  Operating conditions:   PVT_0P63V_100C 
  Operating conditions:   PVT_0P7V_25C 
  Interconnect mode:      global
  Area mode:              physical library
============================================================


Path 1: MET (2296 ps) Clock Gating Setup Check at cgic pin u_tim1_cg_icg__RC_CG_HIER_INST67/RC_CGIC_INST/ENA
           View: view_ss
          Group: cg_enable_group_CLK_TIM1
     Startpoint: (R) u_axi_to_apb_m_apb_paddr_reg[11]/CLK
          Clock: (R) CLK_SYS
       Endpoint: (R) u_tim1_cg_icg__RC_CG_HIER_INST67/RC_CGIC_INST/ENA
          Clock: (R) CLK_TIM1

                     Capture       Launch     
        Clock Edge:+    4000            0     
       Src Latency:+     100          150     
       Net Latency:+       0 (I)        0 (I) 
           Arrival:=    4100          150     
                                              
  Gate Check Setup:-      83                  
       Uncertainty:-     150                  
     Required Time:=    3867                  
      Launch Clock:-     150                  
         Data Path:-    1420                  
             Slack:=    2296                  

#------------------------------------------------------------------------------------------------------------------------------------------
#                   Timing Point                    Flags    Arc    Edge          Cell            Fanout Load Trans Delay Arrival Instance 
#                                                                                                        (fF)  (ps)  (ps)   (ps)  Location 
#------------------------------------------------------------------------------------------------------------------------------------------
  u_axi_to_apb_m_apb_paddr_reg[11]/CLK              -       -       R     (arrival)                   69    -    40     0     150    (-,-) 
  u_axi_to_apb_m_apb_paddr_reg[11]/QN               -       CLK->QN F     DFFASRHQNx1_ASAP7_75t_R      5  6.7    96   142     292    (-,-) 
  drc_bufs3091/Y                                    -       A->Y    R     INVxp33_ASAP7_75t_R          1  1.9   101    76     368    (-,-) 
  drc_bufs3090/Y                                    -       A->Y    F     INVxp67_ASAP7_75t_R          3  4.5    85    72     440    (-,-) 
  g202031/Y                                         -       B->Y    F     OR3x1_ASAP7_75t_R            2  3.4    47    76     516    (-,-) 
  g201438/Y                                         -       A->Y    R     NOR3xp33_ASAP7_75t_R         2  3.0   145    81     597    (-,-) 
  drc_bufs866/Y                                     -       A->Y    F     INVxp33_ASAP7_75t_R          1  1.8    86    78     675    (-,-) 
  drc_bufs864/Y                                     -       A->Y    R     INVxp33_ASAP7_75t_R          2  3.0   140    95     770    (-,-) 
  g201066/Y                                         -       B->Y    F     NAND2xp33_ASAP7_75t_R        2  2.8   106    87     857    (-,-) 
  g200819/Y                                         -       B->Y    R     NOR2xp33_ASAP7_75t_R         2  3.0   145    97     954    (-,-) 
  g200722/Y                                         -       A->Y    F     INVxp67_ASAP7_75t_R          3  4.2    93    83    1037    (-,-) 
  g200562/Y                                         -       B->Y    R     NOR2xp33_ASAP7_75t_R         2  3.1   147    95    1132    (-,-) 
  drc_bufs2110/Y                                    -       A->Y    F     INVxp33_ASAP7_75t_R          1  2.0    92    83    1214    (-,-) 
  g199741/Y                                         -       C->Y    F     AND4x1_ASAP7_75t_R           2  3.6    42    61    1275    (-,-) 
  g199170/Y                                         -       B->Y    R     NOR2xp67_ASAP7_75t_R         3  4.3   108    60    1335    (-,-) 
  g199051/Y                                         -       A->Y    F     INVxp67_ASAP7_75t_R          2  3.2    70    63    1399    (-,-) 
  g198828/Y                                         -       B->Y    F     OR2x4_ASAP7_75t_R           19 22.8    74   101    1500    (-,-) 
  g198414/Y                                         -       B->Y    R     NAND2xp33_ASAP7_75t_R        1  1.9   104    71    1570    (-,-) 
  u_tim1_cg_icg__RC_CG_HIER_INST67/RC_CGIC_INST/ENA -       -       R     ICGx1_ASAP7_75t_R            1    -     -     0    1570    (-,-) 
#------------------------------------------------------------------------------------------------------------------------------------------



Path 2: MET (2296 ps) Clock Gating Setup Check at cgic pin u_tim1_cg_icg__RC_CG_HIER_INST71/RC_CGIC_INST/ENA
           View: view_ss
          Group: cg_enable_group_CLK_TIM1
     Startpoint: (R) u_axi_to_apb_m_apb_paddr_reg[11]/CLK
          Clock: (R) CLK_SYS
       Endpoint: (R) u_tim1_cg_icg__RC_CG_HIER_INST71/RC_CGIC_INST/ENA
          Clock: (R) CLK_TIM1

                     Capture       Launch     
        Clock Edge:+    4000            0     
       Src Latency:+     100          150     
       Net Latency:+       0 (I)        0 (I) 
           Arrival:=    4100          150     
                                              
  Gate Check Setup:-      83                  
       Uncertainty:-     150                  
     Required Time:=    3867                  
      Launch Clock:-     150                  
         Data Path:-    1420                  
             Slack:=    2296                  

#------------------------------------------------------------------------------------------------------------------------------------------
#                   Timing Point                    Flags    Arc    Edge          Cell            Fanout Load Trans Delay Arrival Instance 
#                                                                                                        (fF)  (ps)  (ps)   (ps)  Location 
#------------------------------------------------------------------------------------------------------------------------------------------
  u_axi_to_apb_m_apb_paddr_reg[11]/CLK              -       -       R     (arrival)                   69    -    40     0     150    (-,-) 
  u_axi_to_apb_m_apb_paddr_reg[11]/QN               -       CLK->QN F     DFFASRHQNx1_ASAP7_75t_R      5  6.7    96   142     292    (-,-) 
  drc_bufs3091/Y                                    -       A->Y    R     INVxp33_ASAP7_75t_R          1  1.9   101    76     368    (-,-) 
  drc_bufs3090/Y                                    -       A->Y    F     INVxp67_ASAP7_75t_R          3  4.5    85    72     440    (-,-) 
  g202031/Y                                         -       B->Y    F     OR3x1_ASAP7_75t_R            2  3.4    47    76     516    (-,-) 
  g201438/Y                                         -       A->Y    R     NOR3xp33_ASAP7_75t_R         2  3.0   145    81     597    (-,-) 
  drc_bufs866/Y                                     -       A->Y    F     INVxp33_ASAP7_75t_R          1  1.8    86    78     675    (-,-) 
  drc_bufs864/Y                                     -       A->Y    R     INVxp33_ASAP7_75t_R          2  3.0   140    95     770    (-,-) 
  g201066/Y                                         -       B->Y    F     NAND2xp33_ASAP7_75t_R        2  2.8   106    87     857    (-,-) 
  g200819/Y                                         -       B->Y    R     NOR2xp33_ASAP7_75t_R         2  3.0   145    97     954    (-,-) 
  g200722/Y                                         -       A->Y    F     INVxp67_ASAP7_75t_R          3  4.2    93    83    1037    (-,-) 
  g200562/Y                                         -       B->Y    R     NOR2xp33_ASAP7_75t_R         2  3.1   147    95    1132    (-,-) 
  drc_bufs2110/Y                                    -       A->Y    F     INVxp33_ASAP7_75t_R          1  2.0    92    83    1214    (-,-) 
  g199741/Y                                         -       C->Y    F     AND4x1_ASAP7_75t_R           2  3.6    42    61    1275    (-,-) 
  g199170/Y                                         -       B->Y    R     NOR2xp67_ASAP7_75t_R         3  4.3   108    60    1335    (-,-) 
  g199051/Y                                         -       A->Y    F     INVxp67_ASAP7_75t_R          2  3.2    70    63    1399    (-,-) 
  g198834/Y                                         -       B->Y    F     OR2x4_ASAP7_75t_R           19 22.8    74   101    1500    (-,-) 
  g198422/Y                                         -       B->Y    R     NAND2xp33_ASAP7_75t_R        1  1.9   104    70    1570    (-,-) 
  u_tim1_cg_icg__RC_CG_HIER_INST71/RC_CGIC_INST/ENA -       -       R     ICGx1_ASAP7_75t_R            1    -     -     0    1570    (-,-) 
#------------------------------------------------------------------------------------------------------------------------------------------



Path 3: MET (2378 ps) Clock Gating Setup Check at cgic pin u_tim1_cg_icg__RC_CG_HIER_INST72/RC_CGIC_INST/ENA
           View: view_ss
          Group: cg_enable_group_CLK_TIM1
     Startpoint: (R) u_axi_to_apb_m_apb_paddr_reg[11]/CLK
          Clock: (R) CLK_SYS
       Endpoint: (R) u_tim1_cg_icg__RC_CG_HIER_INST72/RC_CGIC_INST/ENA
          Clock: (R) CLK_TIM1

                     Capture       Launch     
        Clock Edge:+    4000            0     
       Src Latency:+     100          150     
       Net Latency:+       0 (I)        0 (I) 
           Arrival:=    4100          150     
                                              
  Gate Check Setup:-      83                  
       Uncertainty:-     150                  
     Required Time:=    3867                  
      Launch Clock:-     150                  
         Data Path:-    1339                  
             Slack:=    2378                  

#------------------------------------------------------------------------------------------------------------------------------------------
#                   Timing Point                    Flags    Arc    Edge          Cell            Fanout Load Trans Delay Arrival Instance 
#                                                                                                        (fF)  (ps)  (ps)   (ps)  Location 
#------------------------------------------------------------------------------------------------------------------------------------------
  u_axi_to_apb_m_apb_paddr_reg[11]/CLK              -       -       R     (arrival)                   69    -    40     0     150    (-,-) 
  u_axi_to_apb_m_apb_paddr_reg[11]/QN               -       CLK->QN F     DFFASRHQNx1_ASAP7_75t_R      5  6.7    96   142     292    (-,-) 
  drc_bufs3091/Y                                    -       A->Y    R     INVxp33_ASAP7_75t_R          1  1.9   101    76     368    (-,-) 
  drc_bufs3090/Y                                    -       A->Y    F     INVxp67_ASAP7_75t_R          3  4.5    85    72     440    (-,-) 
  g202031/Y                                         -       B->Y    F     OR3x1_ASAP7_75t_R            2  3.4    47    76     516    (-,-) 
  g201438/Y                                         -       A->Y    R     NOR3xp33_ASAP7_75t_R         2  3.0   145    81     597    (-,-) 
  drc_bufs866/Y                                     -       A->Y    F     INVxp33_ASAP7_75t_R          1  1.8    86    78     675    (-,-) 
  drc_bufs864/Y                                     -       A->Y    R     INVxp33_ASAP7_75t_R          2  3.0   140    95     770    (-,-) 
  g201066/Y                                         -       B->Y    F     NAND2xp33_ASAP7_75t_R        2  2.8   106    87     857    (-,-) 
  g200819/Y                                         -       B->Y    R     NOR2xp33_ASAP7_75t_R         2  3.0   145    97     954    (-,-) 
  g200722/Y                                         -       A->Y    F     INVxp67_ASAP7_75t_R          3  4.2    93    83    1037    (-,-) 
  g200562/Y                                         -       B->Y    R     NOR2xp33_ASAP7_75t_R         2  3.1   147    95    1132    (-,-) 
  drc_bufs2110/Y                                    -       A->Y    F     INVxp33_ASAP7_75t_R          1  2.0    92    83    1214    (-,-) 
  g199741/Y                                         -       C->Y    F     AND4x1_ASAP7_75t_R           2  3.6    42    61    1275    (-,-) 
  g199170/Y                                         -       B->Y    R     NOR2xp67_ASAP7_75t_R         3  4.3   108    60    1335    (-,-) 
  g198830/Y                                         -       B->Y    F     NAND2xp5_ASAP7_75t_R         2  4.1    96    76    1411    (-,-) 
  g198427/Y                                         -       B->Y    R     NAND2xp33_ASAP7_75t_R        1  1.9   104    78    1489    (-,-) 
  u_tim1_cg_icg__RC_CG_HIER_INST72/RC_CGIC_INST/ENA -       -       R     ICGx1_ASAP7_75t_R            1    -     -     0    1489    (-,-) 
#------------------------------------------------------------------------------------------------------------------------------------------



Path 4: MET (2378 ps) Clock Gating Setup Check at cgic pin u_tim1_cg_icg__RC_CG_HIER_INST68/RC_CGIC_INST/ENA
           View: view_ss
          Group: cg_enable_group_CLK_TIM1
     Startpoint: (R) u_axi_to_apb_m_apb_paddr_reg[11]/CLK
          Clock: (R) CLK_SYS
       Endpoint: (R) u_tim1_cg_icg__RC_CG_HIER_INST68/RC_CGIC_INST/ENA
          Clock: (R) CLK_TIM1

                     Capture       Launch     
        Clock Edge:+    4000            0     
       Src Latency:+     100          150     
       Net Latency:+       0 (I)        0 (I) 
           Arrival:=    4100          150     
                                              
  Gate Check Setup:-      83                  
       Uncertainty:-     150                  
     Required Time:=    3867                  
      Launch Clock:-     150                  
         Data Path:-    1339                  
             Slack:=    2378                  

#------------------------------------------------------------------------------------------------------------------------------------------
#                   Timing Point                    Flags    Arc    Edge          Cell            Fanout Load Trans Delay Arrival Instance 
#                                                                                                        (fF)  (ps)  (ps)   (ps)  Location 
#------------------------------------------------------------------------------------------------------------------------------------------
  u_axi_to_apb_m_apb_paddr_reg[11]/CLK              -       -       R     (arrival)                   69    -    40     0     150    (-,-) 
  u_axi_to_apb_m_apb_paddr_reg[11]/QN               -       CLK->QN F     DFFASRHQNx1_ASAP7_75t_R      5  6.7    96   142     292    (-,-) 
  drc_bufs3091/Y                                    -       A->Y    R     INVxp33_ASAP7_75t_R          1  1.9   101    76     368    (-,-) 
  drc_bufs3090/Y                                    -       A->Y    F     INVxp67_ASAP7_75t_R          3  4.5    85    72     440    (-,-) 
  g202031/Y                                         -       B->Y    F     OR3x1_ASAP7_75t_R            2  3.4    47    76     516    (-,-) 
  g201438/Y                                         -       A->Y    R     NOR3xp33_ASAP7_75t_R         2  3.0   145    81     597    (-,-) 
  drc_bufs866/Y                                     -       A->Y    F     INVxp33_ASAP7_75t_R          1  1.8    86    78     675    (-,-) 
  drc_bufs864/Y                                     -       A->Y    R     INVxp33_ASAP7_75t_R          2  3.0   140    95     770    (-,-) 
  g201066/Y                                         -       B->Y    F     NAND2xp33_ASAP7_75t_R        2  2.8   106    87     857    (-,-) 
  g200819/Y                                         -       B->Y    R     NOR2xp33_ASAP7_75t_R         2  3.0   145    97     954    (-,-) 
  g200722/Y                                         -       A->Y    F     INVxp67_ASAP7_75t_R          3  4.2    93    83    1037    (-,-) 
  g200562/Y                                         -       B->Y    R     NOR2xp33_ASAP7_75t_R         2  3.1   147    95    1132    (-,-) 
  drc_bufs2110/Y                                    -       A->Y    F     INVxp33_ASAP7_75t_R          1  2.0    92    83    1214    (-,-) 
  g199741/Y                                         -       C->Y    F     AND4x1_ASAP7_75t_R           2  3.6    42    61    1275    (-,-) 
  g199170/Y                                         -       B->Y    R     NOR2xp67_ASAP7_75t_R         3  4.3   108    60    1335    (-,-) 
  g198832/Y                                         -       B->Y    F     NAND2xp5_ASAP7_75t_R         2  4.1    96    76    1411    (-,-) 
  g198428/Y                                         -       B->Y    R     NAND2xp33_ASAP7_75t_R        1  1.9   104    78    1489    (-,-) 
  u_tim1_cg_icg__RC_CG_HIER_INST68/RC_CGIC_INST/ENA -       -       R     ICGx1_ASAP7_75t_R            1    -     -     0    1489    (-,-) 
#------------------------------------------------------------------------------------------------------------------------------------------



Path 5: MET (2639 ps) Clock Gating Setup Check at cgic pin u_tim1_cg_icg__RC_CG_HIER_INST75/RC_CGIC_INST/ENA
           View: view_ss
          Group: cg_enable_group_CLK_TIM1
     Startpoint: (R) u_axi_to_apb_m_apb_paddr_reg[11]/CLK
          Clock: (R) CLK_SYS
       Endpoint: (F) u_tim1_cg_icg__RC_CG_HIER_INST75/RC_CGIC_INST/ENA
          Clock: (R) CLK_TIM1

                     Capture       Launch     
        Clock Edge:+    4000            0     
       Src Latency:+     100          150     
       Net Latency:+       0 (I)        0 (I) 
           Arrival:=    4100          150     
                                              
  Gate Check Setup:-      64                  
       Uncertainty:-     150                  
     Required Time:=    3886                  
      Launch Clock:-     150                  
         Data Path:-    1096                  
             Slack:=    2639                  

#------------------------------------------------------------------------------------------------------------------------------------------
#                   Timing Point                    Flags    Arc    Edge          Cell            Fanout Load Trans Delay Arrival Instance 
#                                                                                                        (fF)  (ps)  (ps)   (ps)  Location 
#------------------------------------------------------------------------------------------------------------------------------------------
  u_axi_to_apb_m_apb_paddr_reg[11]/CLK              -       -       R     (arrival)                   69    -    40     0     150    (-,-) 
  u_axi_to_apb_m_apb_paddr_reg[11]/QN               -       CLK->QN F     DFFASRHQNx1_ASAP7_75t_R      5  6.7    96   142     292    (-,-) 
  drc_bufs3091/Y                                    -       A->Y    R     INVxp33_ASAP7_75t_R          1  1.9   101    76     368    (-,-) 
  drc_bufs3090/Y                                    -       A->Y    F     INVxp67_ASAP7_75t_R          3  4.5    85    72     440    (-,-) 
  g202031/Y                                         -       B->Y    F     OR3x1_ASAP7_75t_R            2  3.4    47    76     516    (-,-) 
  g201438/Y                                         -       A->Y    R     NOR3xp33_ASAP7_75t_R         2  3.0   145    81     597    (-,-) 
  drc_bufs866/Y                                     -       A->Y    F     INVxp33_ASAP7_75t_R          1  1.8    86    78     675    (-,-) 
  drc_bufs864/Y                                     -       A->Y    R     INVxp33_ASAP7_75t_R          2  3.0   140    95     770    (-,-) 
  g201105/Y                                         -       B->Y    F     NAND2xp5_ASAP7_75t_R         3  4.3   107    87     857    (-,-) 
  g200945/Y                                         -       A->Y    R     INVxp67_ASAP7_75t_R          2  3.2    92    72     929    (-,-) 
  g200712/Y                                         -       A->Y    R     AND3x2_ASAP7_75t_R          13 17.2   133   119    1048    (-,-) 
  g200405/Y                                         -       A->Y    F     NAND2x1p5_ASAP7_75t_R        9 10.9    92    70    1118    (-,-) 
  g199906/Y                                         -       B->Y    R     NAND2xp33_ASAP7_75t_R        1  1.8    97    75    1192    (-,-) 
  g199399/Y                                         -       A->Y    F     NAND2xp33_ASAP7_75t_R        1  1.9    76    54    1246    (-,-) 
  u_tim1_cg_icg__RC_CG_HIER_INST75/RC_CGIC_INST/ENA -       -       F     ICGx1_ASAP7_75t_R            1    -     -     0    1246    (-,-) 
#------------------------------------------------------------------------------------------------------------------------------------------



Path 6: MET (2678 ps) Clock Gating Setup Check at cgic pin u_tim1_cg_icg__RC_CG_HIER_INST73/RC_CGIC_INST/ENA
           View: view_ss
          Group: cg_enable_group_CLK_TIM1
     Startpoint: (R) u_axi_to_apb_m_apb_paddr_reg[11]/CLK
          Clock: (R) CLK_SYS
       Endpoint: (R) u_tim1_cg_icg__RC_CG_HIER_INST73/RC_CGIC_INST/ENA
          Clock: (R) CLK_TIM1

                     Capture       Launch     
        Clock Edge:+    4000            0     
       Src Latency:+     100          150     
       Net Latency:+       0 (I)        0 (I) 
           Arrival:=    4100          150     
                                              
  Gate Check Setup:-      77                  
       Uncertainty:-     150                  
     Required Time:=    3873                  
      Launch Clock:-     150                  
         Data Path:-    1045                  
             Slack:=    2678                  

#------------------------------------------------------------------------------------------------------------------------------------------
#                   Timing Point                    Flags    Arc    Edge          Cell            Fanout Load Trans Delay Arrival Instance 
#                                                                                                        (fF)  (ps)  (ps)   (ps)  Location 
#------------------------------------------------------------------------------------------------------------------------------------------
  u_axi_to_apb_m_apb_paddr_reg[11]/CLK              -       -       R     (arrival)                   69    -    40     0     150    (-,-) 
  u_axi_to_apb_m_apb_paddr_reg[11]/QN               -       CLK->QN F     DFFASRHQNx1_ASAP7_75t_R      5  6.7    96   142     292    (-,-) 
  drc_bufs3091/Y                                    -       A->Y    R     INVxp33_ASAP7_75t_R          1  1.9   101    76     368    (-,-) 
  drc_bufs3090/Y                                    -       A->Y    F     INVxp67_ASAP7_75t_R          3  4.5    85    72     440    (-,-) 
  g202031/Y                                         -       B->Y    F     OR3x1_ASAP7_75t_R            2  3.4    47    76     516    (-,-) 
  g201438/Y                                         -       A->Y    R     NOR3xp33_ASAP7_75t_R         2  3.0   145    81     597    (-,-) 
  drc_bufs866/Y                                     -       A->Y    F     INVxp33_ASAP7_75t_R          1  1.8    86    78     675    (-,-) 
  drc_bufs864/Y                                     -       A->Y    R     INVxp33_ASAP7_75t_R          2  3.0   140    95     770    (-,-) 
  g201105/Y                                         -       B->Y    F     NAND2xp5_ASAP7_75t_R         3  4.3   107    87     857    (-,-) 
  g200930/Y                                         -       A->Y    F     OR3x1_ASAP7_75t_R            3  5.8    69    94     951    (-,-) 
  g200830/Y                                         -       A->Y    R     INVx2_ASAP7_75t_R            9 11.7    93    66    1017    (-,-) 
  g200558/Y                                         -       A->Y    R     AND2x2_ASAP7_75t_R           5  6.1    52    64    1081    (-,-) 
  g200407/Y                                         -       B->Y    F     NAND2xp5_ASAP7_75t_R         3  4.1    95    58    1139    (-,-) 
  g198772/Y                                         -       A->Y    R     NAND3xp33_ASAP7_75t_R        1  1.9    67    55    1195    (-,-) 
  u_tim1_cg_icg__RC_CG_HIER_INST73/RC_CGIC_INST/ENA -       -       R     ICGx1_ASAP7_75t_R            1    -     -     0    1195    (-,-) 
#------------------------------------------------------------------------------------------------------------------------------------------



Path 7: MET (2679 ps) Clock Gating Setup Check at cgic pin u_tim1_cg_icg__RC_CG_HIER_INST77/RC_CGIC_INST/ENA
           View: view_ss
          Group: cg_enable_group_CLK_TIM1
     Startpoint: (R) u_axi_to_apb_m_apb_paddr_reg[0]/CLK
          Clock: (R) CLK_SYS
       Endpoint: (R) u_tim1_cg_icg__RC_CG_HIER_INST77/RC_CGIC_INST/ENA
          Clock: (R) CLK_TIM1

                     Capture       Launch     
        Clock Edge:+    4000            0     
       Src Latency:+     100          150     
       Net Latency:+       0 (I)        0 (I) 
           Arrival:=    4100          150     
                                              
  Gate Check Setup:-      83                  
       Uncertainty:-     150                  
     Required Time:=    3867                  
      Launch Clock:-     150                  
         Data Path:-    1038                  
             Slack:=    2679                  

#------------------------------------------------------------------------------------------------------------------------------------------
#                   Timing Point                    Flags    Arc    Edge          Cell            Fanout Load Trans Delay Arrival Instance 
#                                                                                                        (fF)  (ps)  (ps)   (ps)  Location 
#------------------------------------------------------------------------------------------------------------------------------------------
  u_axi_to_apb_m_apb_paddr_reg[0]/CLK               -       -       R     (arrival)                   69    -    40     0     150    (-,-) 
  u_axi_to_apb_m_apb_paddr_reg[0]/QN                -       CLK->QN F     DFFASRHQNx1_ASAP7_75t_R      4  6.1    90   139     289    (-,-) 
  g202032/Y                                         -       C->Y    R     NOR3xp33_ASAP7_75t_R         1  1.8   102    65     354    (-,-) 
  drc_bufs2857/Y                                    -       A->Y    F     INVxp33_ASAP7_75t_R          1  1.8    75    66     420    (-,-) 
  drc_bufs2855/Y                                    -       A->Y    R     INVxp33_ASAP7_75t_R          2  3.2   146    94     514    (-,-) 
  g201426/Y                                         -       B->Y    F     NAND2xp5_ASAP7_75t_R         2  3.2    91    76     590    (-,-) 
  g201103/Y                                         -       B->Y    R     NOR2xp67_ASAP7_75t_R         3  4.9   121    81     672    (-,-) 
  g200710/Y                                         -       A->Y    R     AND3x2_ASAP7_75t_R          15 18.0   138   128     799    (-,-) 
  drc_buf_sp4949/Y                                  -       A->Y    R     BUFx2_ASAP7_75t_R           13 15.7   118   105     904    (-,-) 
  drc_buf_sp4948/Y                                  -       A->Y    R     BUFx2_ASAP7_75t_R           16 19.1   141   112    1016    (-,-) 
  g200586/Y                                         -       A->Y    F     INVxp67_ASAP7_75t_R          5  6.3   118   101    1117    (-,-) 
  g200342/Y                                         -       A->Y    R     NOR2xp33_ASAP7_75t_R         1  1.9   104    71    1188    (-,-) 
  u_tim1_cg_icg__RC_CG_HIER_INST77/RC_CGIC_INST/ENA -       -       R     ICGx1_ASAP7_75t_R            1    -     -     0    1188    (-,-) 
#------------------------------------------------------------------------------------------------------------------------------------------



Path 8: MET (2715 ps) Clock Gating Setup Check at cgic pin u_tim1_cg_icg__RC_CG_HIER_INST66/RC_CGIC_INST/ENA
           View: view_ss
          Group: cg_enable_group_CLK_TIM1
     Startpoint: (R) u_axi_to_apb_m_apb_paddr_reg[0]/CLK
          Clock: (R) CLK_SYS
       Endpoint: (R) u_tim1_cg_icg__RC_CG_HIER_INST66/RC_CGIC_INST/ENA
          Clock: (R) CLK_TIM1

                     Capture       Launch     
        Clock Edge:+    4000            0     
       Src Latency:+     100          150     
       Net Latency:+       0 (I)        0 (I) 
           Arrival:=    4100          150     
                                              
  Gate Check Setup:-      84                  
       Uncertainty:-     150                  
     Required Time:=    3866                  
      Launch Clock:-     150                  
         Data Path:-    1001                  
             Slack:=    2715                  

#------------------------------------------------------------------------------------------------------------------------------------------
#                   Timing Point                    Flags    Arc    Edge          Cell            Fanout Load Trans Delay Arrival Instance 
#                                                                                                        (fF)  (ps)  (ps)   (ps)  Location 
#------------------------------------------------------------------------------------------------------------------------------------------
  u_axi_to_apb_m_apb_paddr_reg[0]/CLK               -       -       R     (arrival)                   69    -    40     0     150    (-,-) 
  u_axi_to_apb_m_apb_paddr_reg[0]/QN                -       CLK->QN F     DFFASRHQNx1_ASAP7_75t_R      4  6.1    90   139     289    (-,-) 
  g202032/Y                                         -       C->Y    R     NOR3xp33_ASAP7_75t_R         1  1.8   102    65     354    (-,-) 
  drc_bufs2857/Y                                    -       A->Y    F     INVxp33_ASAP7_75t_R          1  1.8    75    66     420    (-,-) 
  drc_bufs2855/Y                                    -       A->Y    R     INVxp33_ASAP7_75t_R          2  3.2   146    94     514    (-,-) 
  g201426/Y                                         -       B->Y    F     NAND2xp5_ASAP7_75t_R         2  3.2    91    76     590    (-,-) 
  g201076/Y                                         -       B->Y    R     NOR2xp33_ASAP7_75t_R         2  2.9   138    90     681    (-,-) 
  g200807/Y                                         -       B->Y    F     NAND2xp33_ASAP7_75t_R        2  3.0   111    89     770    (-,-) 
  g200717/Y                                         -       A->Y    R     INVxp33_ASAP7_75t_R          1  2.0   109    83     853    (-,-) 
  g200416/Y                                         -       A->Y    R     AND3x2_ASAP7_75t_R          14 17.4   134   123     976    (-,-) 
  drc_bufs671/Y                                     -       A->Y    F     INVx2_ASAP7_75t_R           14 19.1   118    98    1074    (-,-) 
  g199985/Y                                         -       B->Y    R     NOR2xp33_ASAP7_75t_R         1  1.9   108    77    1151    (-,-) 
  u_tim1_cg_icg__RC_CG_HIER_INST66/RC_CGIC_INST/ENA -       -       R     ICGx1_ASAP7_75t_R            1    -     -     0    1151    (-,-) 
#------------------------------------------------------------------------------------------------------------------------------------------



Path 9: MET (2734 ps) Clock Gating Setup Check at cgic pin u_tim1_cg_icg__RC_CG_HIER_INST74/RC_CGIC_INST/ENA
           View: view_ss
          Group: cg_enable_group_CLK_TIM1
     Startpoint: (R) u_axi_to_apb_m_apb_paddr_reg[11]/CLK
          Clock: (R) CLK_SYS
       Endpoint: (R) u_tim1_cg_icg__RC_CG_HIER_INST74/RC_CGIC_INST/ENA
          Clock: (R) CLK_TIM1

                     Capture       Launch     
        Clock Edge:+    4000            0     
       Src Latency:+     100          150     
       Net Latency:+       0 (I)        0 (I) 
           Arrival:=    4100          150     
                                              
  Gate Check Setup:-      83                  
       Uncertainty:-     150                  
     Required Time:=    3867                  
      Launch Clock:-     150                  
         Data Path:-     983                  
             Slack:=    2734                  

#------------------------------------------------------------------------------------------------------------------------------------------
#                   Timing Point                    Flags    Arc    Edge          Cell            Fanout Load Trans Delay Arrival Instance 
#                                                                                                        (fF)  (ps)  (ps)   (ps)  Location 
#------------------------------------------------------------------------------------------------------------------------------------------
  u_axi_to_apb_m_apb_paddr_reg[11]/CLK              -       -       R     (arrival)                   69    -    40     0     150    (-,-) 
  u_axi_to_apb_m_apb_paddr_reg[11]/QN               -       CLK->QN F     DFFASRHQNx1_ASAP7_75t_R      5  6.7    96   142     292    (-,-) 
  drc_bufs3091/Y                                    -       A->Y    R     INVxp33_ASAP7_75t_R          1  1.9   101    76     368    (-,-) 
  drc_bufs3090/Y                                    -       A->Y    F     INVxp67_ASAP7_75t_R          3  4.5    85    72     440    (-,-) 
  g202031/Y                                         -       B->Y    F     OR3x1_ASAP7_75t_R            2  3.4    47    76     516    (-,-) 
  g201440/Y                                         -       B->Y    R     NOR2xp67_ASAP7_75t_R         3  4.2   103    61     577    (-,-) 
  g201071/Y                                         -       B->Y    R     AND2x2_ASAP7_75t_R           2  3.2    33    59     636    (-,-) 
  g200817/Y                                         -       B->Y    R     AND2x2_ASAP7_75t_R           3  4.9    45    50     686    (-,-) 
  g200564/Y                                         -       B->Y    R     AND2x4_ASAP7_75t_R          20 23.6    91    74     760    (-,-) 
  drc_buf_sp4698/Y                                  -       A->Y    R     BUFx2_ASAP7_75t_R           17 20.1   148   110     870    (-,-) 
  drc_buf_sp5174/Y                                  -       A->Y    R     BUFx3_ASAP7_75t_R           20 23.6   118   105     975    (-,-) 
  g200456/Y                                         -       A->Y    F     INVxp67_ASAP7_75t_R          4  5.3   100    85    1060    (-,-) 
  g200340/Y                                         -       B->Y    R     NOR2xp33_ASAP7_75t_R         1  1.9   103    73    1133    (-,-) 
  u_tim1_cg_icg__RC_CG_HIER_INST74/RC_CGIC_INST/ENA -       -       R     ICGx1_ASAP7_75t_R            1    -     -     0    1133    (-,-) 
#------------------------------------------------------------------------------------------------------------------------------------------



Path 10: MET (2769 ps) Clock Gating Setup Check at cgic pin u_tim1_cg_icg__RC_CG_HIER_INST70/RC_CGIC_INST/ENA
           View: view_ss
          Group: cg_enable_group_CLK_TIM1
     Startpoint: (R) u_axi_to_apb_m_apb_paddr_reg[30]/CLK
          Clock: (R) CLK_SYS
       Endpoint: (R) u_tim1_cg_icg__RC_CG_HIER_INST70/RC_CGIC_INST/ENA
          Clock: (R) CLK_TIM1

                     Capture       Launch     
        Clock Edge:+    4000            0     
       Src Latency:+     100          150     
       Net Latency:+       0 (I)        0 (I) 
           Arrival:=    4100          150     
                                              
  Gate Check Setup:-      83                  
       Uncertainty:-     150                  
     Required Time:=    3867                  
      Launch Clock:-     150                  
         Data Path:-     948                  
             Slack:=    2769                  

#------------------------------------------------------------------------------------------------------------------------------------------
#                   Timing Point                    Flags    Arc    Edge          Cell            Fanout Load Trans Delay Arrival Instance 
#                                                                                                        (fF)  (ps)  (ps)   (ps)  Location 
#------------------------------------------------------------------------------------------------------------------------------------------
  u_axi_to_apb_m_apb_paddr_reg[30]/CLK              -       -       R     (arrival)                   69    -    40     0     150    (-,-) 
  u_axi_to_apb_m_apb_paddr_reg[30]/QN               -       CLK->QN R     DFFASRHQNx1_ASAP7_75t_R      1  1.8    47    99     249    (-,-) 
  g126619/Y                                         -       A->Y    F     INVxp33_ASAP7_75t_R          1  2.1    70    52     301    (-,-) 
  g126891/Y                                         -       A->Y    F     OR4x1_ASAP7_75t_R            2  3.2    48    83     384    (-,-) 
  g126885/Y                                         -       A->Y    F     OR5x1_ASAP7_75t_R            3  4.3    63    94     478    (-,-) 
  g127352/Y                                         -       A->Y    F     OR5x1_ASAP7_75t_R            6  8.8   105   123     602    (-,-) 
  g202043/Y                                         -       A->Y    R     NOR3xp33_ASAP7_75t_R         1  1.8   107    73     674    (-,-) 
  drc_bufs962/Y                                     -       A->Y    F     INVxp33_ASAP7_75t_R          2  3.3   115    92     767    (-,-) 
  g201442/Y                                         -       A->Y    F     OR3x1_ASAP7_75t_R            4  6.0    71    96     863    (-,-) 
  g201111/Y                                         -       B->Y    R     NOR2x1_ASAP7_75t_R           4  7.1   113    74     937    (-,-) 
  g200946/Y                                         -       A->Y    F     INVx1_ASAP7_75t_R            7  8.7   105    87    1024    (-,-) 
  g200344/Y                                         -       B->Y    R     NOR2xp33_ASAP7_75t_R         1  1.9   104    74    1098    (-,-) 
  u_tim1_cg_icg__RC_CG_HIER_INST70/RC_CGIC_INST/ENA -       -       R     ICGx1_ASAP7_75t_R            1    -     -     0    1098    (-,-) 
#------------------------------------------------------------------------------------------------------------------------------------------



Path 11: MET (2775 ps) Clock Gating Setup Check at cgic pin u_tim1_cg_icg__RC_CG_HIER_INST76/RC_CGIC_INST/ENA
           View: view_ss
          Group: cg_enable_group_CLK_TIM1
     Startpoint: (R) u_axi_to_apb_m_apb_paddr_reg[30]/CLK
          Clock: (R) CLK_SYS
       Endpoint: (R) u_tim1_cg_icg__RC_CG_HIER_INST76/RC_CGIC_INST/ENA
          Clock: (R) CLK_TIM1

                     Capture       Launch     
        Clock Edge:+    4000            0     
       Src Latency:+     100          150     
       Net Latency:+       0 (I)        0 (I) 
           Arrival:=    4100          150     
                                              
  Gate Check Setup:-      83                  
       Uncertainty:-     150                  
     Required Time:=    3867                  
      Launch Clock:-     150                  
         Data Path:-     942                  
             Slack:=    2775                  

#------------------------------------------------------------------------------------------------------------------------------------------
#                   Timing Point                    Flags    Arc    Edge          Cell            Fanout Load Trans Delay Arrival Instance 
#                                                                                                        (fF)  (ps)  (ps)   (ps)  Location 
#------------------------------------------------------------------------------------------------------------------------------------------
  u_axi_to_apb_m_apb_paddr_reg[30]/CLK              -       -       R     (arrival)                   69    -    40     0     150    (-,-) 
  u_axi_to_apb_m_apb_paddr_reg[30]/QN               -       CLK->QN R     DFFASRHQNx1_ASAP7_75t_R      1  1.8    47    99     249    (-,-) 
  g126619/Y                                         -       A->Y    F     INVxp33_ASAP7_75t_R          1  2.1    70    52     301    (-,-) 
  g126891/Y                                         -       A->Y    F     OR4x1_ASAP7_75t_R            2  3.2    48    83     384    (-,-) 
  g126885/Y                                         -       A->Y    F     OR5x1_ASAP7_75t_R            3  4.3    63    94     478    (-,-) 
  g127352/Y                                         -       A->Y    F     OR5x1_ASAP7_75t_R            6  8.8   105   123     602    (-,-) 
  g202043/Y                                         -       A->Y    R     NOR3xp33_ASAP7_75t_R         1  1.8   107    73     674    (-,-) 
  drc_bufs962/Y                                     -       A->Y    F     INVxp33_ASAP7_75t_R          2  3.3   115    92     767    (-,-) 
  g201442/Y                                         -       A->Y    F     OR3x1_ASAP7_75t_R            4  6.0    71    96     863    (-,-) 
  g201111/Y                                         -       B->Y    R     NOR2x1_ASAP7_75t_R           4  7.1   113    74     937    (-,-) 
  g200946/Y                                         -       A->Y    F     INVx1_ASAP7_75t_R            7  8.7   105    87    1024    (-,-) 
  g199980/Y                                         -       A->Y    R     NOR2xp33_ASAP7_75t_R         1  1.9   103    68    1092    (-,-) 
  u_tim1_cg_icg__RC_CG_HIER_INST76/RC_CGIC_INST/ENA -       -       R     ICGx1_ASAP7_75t_R            1    -     -     0    1092    (-,-) 
#------------------------------------------------------------------------------------------------------------------------------------------



Path 12: MET (2940 ps) Clock Gating Setup Check at cgic pin u_tim1_cg_icg__RC_CG_HIER_INST69/RC_CGIC_INST/ENA
           View: view_ss
          Group: cg_enable_group_CLK_TIM1
     Startpoint: (R) u_axi_to_apb_m_apb_paddr_reg[30]/CLK
          Clock: (R) CLK_SYS
       Endpoint: (R) u_tim1_cg_icg__RC_CG_HIER_INST69/RC_CGIC_INST/ENA
          Clock: (R) CLK_TIM1

                     Capture       Launch     
        Clock Edge:+    4000            0     
       Src Latency:+     100          150     
       Net Latency:+       0 (I)        0 (I) 
           Arrival:=    4100          150     
                                              
  Gate Check Setup:-      82                  
       Uncertainty:-     150                  
     Required Time:=    3868                  
      Launch Clock:-     150                  
         Data Path:-     778                  
             Slack:=    2940                  

#------------------------------------------------------------------------------------------------------------------------------------------
#                   Timing Point                    Flags    Arc    Edge          Cell            Fanout Load Trans Delay Arrival Instance 
#                                                                                                        (fF)  (ps)  (ps)   (ps)  Location 
#------------------------------------------------------------------------------------------------------------------------------------------
  u_axi_to_apb_m_apb_paddr_reg[30]/CLK              -       -       R     (arrival)                   69    -    40     0     150    (-,-) 
  u_axi_to_apb_m_apb_paddr_reg[30]/QN               -       CLK->QN R     DFFASRHQNx1_ASAP7_75t_R      1  1.8    47    99     249    (-,-) 
  g126619/Y                                         -       A->Y    F     INVxp33_ASAP7_75t_R          1  2.1    70    52     301    (-,-) 
  g126891/Y                                         -       A->Y    F     OR4x1_ASAP7_75t_R            2  3.2    48    83     384    (-,-) 
  g126885/Y                                         -       A->Y    F     OR5x1_ASAP7_75t_R            3  4.3    63    94     478    (-,-) 
  g127352/Y                                         -       A->Y    F     OR5x1_ASAP7_75t_R            6  8.8   105   123     602    (-,-) 
  g202043/Y                                         -       A->Y    R     NOR3xp33_ASAP7_75t_R         1  1.8   107    73     674    (-,-) 
  drc_bufs962/Y                                     -       A->Y    F     INVxp33_ASAP7_75t_R          2  3.3   115    92     767    (-,-) 
  g201442/Y                                         -       A->Y    F     OR3x1_ASAP7_75t_R            4  6.0    71    96     863    (-,-) 
  g201009/Y                                         -       B->Y    R     NOR2xp33_ASAP7_75t_R         1  1.9    97    65     928    (-,-) 
  u_tim1_cg_icg__RC_CG_HIER_INST69/RC_CGIC_INST/ENA -       -       R     ICGx1_ASAP7_75t_R            1    -     -     0     928    (-,-) 
#------------------------------------------------------------------------------------------------------------------------------------------


