============================================================
  Generated by:           Genus(TM) Synthesis Solution 23.14-s090_1
  Generated on:           Sep 14 2026  09:35:46 pm
  Module:                 top_soc
  Operating conditions:   PVT_0P63V_100C 
  Operating conditions:   PVT_0P7V_25C 
  Interconnect mode:      global
  Area mode:              physical library
============================================================


Path 1: MET (2399 ps) Clock Gating Setup Check at cgic pin u_apb_ascon_cg_icg__RC_CG_HIER_INST4/RC_CGIC_INST/ENA
           View: view_ss
          Group: cg_enable_group_CLK_ASCON
     Startpoint: (R) u_axi_to_apb_m_apb_paddr_reg[11]/CLK
          Clock: (R) CLK_SYS
       Endpoint: (R) u_apb_ascon_cg_icg__RC_CG_HIER_INST4/RC_CGIC_INST/ENA
          Clock: (R) CLK_ASCON

                     Capture       Launch     
        Clock Edge:+    4000            0     
       Src Latency:+     100          150     
       Net Latency:+       0 (I)        0 (I) 
           Arrival:=    4100          150     
                                              
  Gate Check Setup:-      82                  
       Uncertainty:-     150                  
     Required Time:=    3868                  
      Launch Clock:-     150                  
         Data Path:-    1318                  
             Slack:=    2399                  

#----------------------------------------------------------------------------------------------------------------------------------------------
#                     Timing Point                      Flags    Arc    Edge          Cell            Fanout Load Trans Delay Arrival Instance 
#                                                                                                            (fF)  (ps)  (ps)   (ps)  Location 
#----------------------------------------------------------------------------------------------------------------------------------------------
  u_axi_to_apb_m_apb_paddr_reg[11]/CLK                  -       -       R     (arrival)                   69    -    40     0     150    (-,-) 
  u_axi_to_apb_m_apb_paddr_reg[11]/QN                   -       CLK->QN F     DFFASRHQNx1_ASAP7_75t_R      1  1.9    50   107     257    (-,-) 
  drc_bufs205174/Y                                      -       A->Y    R     INVxp67_ASAP7_75t_R          2  3.0    73    51     308    (-,-) 
  drc_bufs205173/Y                                      -       A->Y    F     INVxp67_ASAP7_75t_R          3  4.5    78    63     371    (-,-) 
  g201199/Y                                             -       A->Y    F     OR2x2_ASAP7_75t_R            2  3.4    31    59     430    (-,-) 
  g199682/Y                                             -       A->Y    R     NOR2xp67_ASAP7_75t_R         3  4.4   100    60     490    (-,-) 
  g199404/Y                                             -       B->Y    F     NAND2xp5_ASAP7_75t_R         3  4.3    97    75     565    (-,-) 
  g198794/Y                                             -       A->Y    F     OR3x1_ASAP7_75t_R            4  5.5    66    91     656    (-,-) 
  g198621/Y                                             -       B->Y    R     NOR2xp33_ASAP7_75t_R         1  1.8    94    62     717    (-,-) 
  drc_bufs205084/Y                                      -       A->Y    F     INVxp33_ASAP7_75t_R          2  3.0   103    83     800    (-,-) 
  drc_bufs205082/Y                                      -       A->Y    R     INVxp33_ASAP7_75t_R          1  2.2   114    84     885    (-,-) 
  g198429/Y                                             -       A->Y    R     HB4xp67_ASAP7_75t_R          1  2.0    62   130    1014    (-,-) 
  drc_buf_sp205503/Y                                    -       A->Y    R     HB2xp67_ASAP7_75t_R          4  5.7   129   111    1125    (-,-) 
  drc_buf_sp205502/Y                                    -       A->Y    R     BUFx2_ASAP7_75t_R           11 13.4   102    96    1221    (-,-) 
  g198427/Y                                             -       A->Y    R     BUFx2_ASAP7_75t_R           14 17.7   131   105    1326    (-,-) 
  g198425/Y                                             -       A->Y    F     INVxp33_ASAP7_75t_R          1  1.8    82    74    1400    (-,-) 
  g198129/Y                                             -       B->Y    R     NOR2xp33_ASAP7_75t_R         1  1.9    98    68    1468    (-,-) 
  u_apb_ascon_cg_icg__RC_CG_HIER_INST4/RC_CGIC_INST/ENA -       -       R     ICGx1_ASAP7_75t_R            1    -     -     0    1468    (-,-) 
#----------------------------------------------------------------------------------------------------------------------------------------------



Path 2: MET (2516 ps) Clock Gating Setup Check at cgic pin u_apb_ascon_cg_icg__RC_CG_HIER_INST7/RC_CGIC_INST/ENA
           View: view_ss
          Group: cg_enable_group_CLK_ASCON
     Startpoint: (R) u_axi_to_apb_m_apb_paddr_reg[11]/CLK
          Clock: (R) CLK_SYS
       Endpoint: (R) u_apb_ascon_cg_icg__RC_CG_HIER_INST7/RC_CGIC_INST/ENA
          Clock: (R) CLK_ASCON

                     Capture       Launch     
        Clock Edge:+    4000            0     
       Src Latency:+     100          150     
       Net Latency:+       0 (I)        0 (I) 
           Arrival:=    4100          150     
                                              
  Gate Check Setup:-      83                  
       Uncertainty:-     150                  
     Required Time:=    3867                  
      Launch Clock:-     150                  
         Data Path:-    1201                  
             Slack:=    2516                  

#----------------------------------------------------------------------------------------------------------------------------------------------
#                     Timing Point                      Flags    Arc    Edge          Cell            Fanout Load Trans Delay Arrival Instance 
#                                                                                                            (fF)  (ps)  (ps)   (ps)  Location 
#----------------------------------------------------------------------------------------------------------------------------------------------
  u_axi_to_apb_m_apb_paddr_reg[11]/CLK                  -       -       R     (arrival)                   69    -    40     0     150    (-,-) 
  u_axi_to_apb_m_apb_paddr_reg[11]/QN                   -       CLK->QN F     DFFASRHQNx1_ASAP7_75t_R      1  1.9    50   107     257    (-,-) 
  drc_bufs205174/Y                                      -       A->Y    R     INVxp67_ASAP7_75t_R          2  3.0    73    51     308    (-,-) 
  drc_bufs205173/Y                                      -       A->Y    F     INVxp67_ASAP7_75t_R          3  4.5    78    63     371    (-,-) 
  g201199/Y                                             -       A->Y    F     OR2x2_ASAP7_75t_R            2  3.4    31    59     430    (-,-) 
  g199682/Y                                             -       A->Y    R     NOR2xp67_ASAP7_75t_R         3  4.4   100    60     490    (-,-) 
  g199404/Y                                             -       B->Y    F     NAND2xp5_ASAP7_75t_R         3  4.3    97    75     565    (-,-) 
  g199093/Y                                             -       B->Y    F     OR2x2_ASAP7_75t_R            3  4.3    34    68     632    (-,-) 
  g198618/Y                                             -       A->Y    R     NOR3xp33_ASAP7_75t_R         1  1.8   103    55     687    (-,-) 
  drc_bufs205036/Y                                      -       A->Y    F     INVxp33_ASAP7_75t_R          2  2.8   100    83     770    (-,-) 
  drc_bufs205034/Y                                      -       A->Y    R     INVxp33_ASAP7_75t_R          1  2.0   106    79     849    (-,-) 
  g198401/Y                                             -       A->Y    R     HB2xp67_ASAP7_75t_R          1  2.0    54    88     937    (-,-) 
  drc_buf_sp208287/Y                                    -       A->Y    R     HB2xp67_ASAP7_75t_R          2  3.2    77    84    1021    (-,-) 
  drc_buf_sp208285/Y                                    -       A->Y    R     BUFx2_ASAP7_75t_R           10 12.2    92    82    1103    (-,-) 
  g198400/Y                                             -       A->Y    R     BUFx4_ASAP7_75t_R           18 22.6    90    97    1201    (-,-) 
  g198397/Y                                             -       A->Y    F     INVxp33_ASAP7_75t_R          2  2.8    97    78    1279    (-,-) 
  g198131/Y                                             -       B->Y    R     NOR2xp33_ASAP7_75t_R         1  1.9   102    72    1351    (-,-) 
  u_apb_ascon_cg_icg__RC_CG_HIER_INST7/RC_CGIC_INST/ENA -       -       R     ICGx1_ASAP7_75t_R            1    -     -     0    1351    (-,-) 
#----------------------------------------------------------------------------------------------------------------------------------------------



Path 3: MET (2525 ps) Clock Gating Setup Check at cgic pin u_apb_ascon_cg_icg__RC_CG_HIER_INST10/RC_CGIC_INST/ENA
           View: view_ss
          Group: cg_enable_group_CLK_ASCON
     Startpoint: (R) u_axi_to_apb_m_apb_paddr_reg[11]/CLK
          Clock: (R) CLK_SYS
       Endpoint: (R) u_apb_ascon_cg_icg__RC_CG_HIER_INST10/RC_CGIC_INST/ENA
          Clock: (R) CLK_ASCON

                     Capture       Launch     
        Clock Edge:+    4000            0     
       Src Latency:+     100          150     
       Net Latency:+       0 (I)        0 (I) 
           Arrival:=    4100          150     
                                              
  Gate Check Setup:-      83                  
       Uncertainty:-     150                  
     Required Time:=    3867                  
      Launch Clock:-     150                  
         Data Path:-    1192                  
             Slack:=    2525                  

#-----------------------------------------------------------------------------------------------------------------------------------------------
#                     Timing Point                       Flags    Arc    Edge          Cell            Fanout Load Trans Delay Arrival Instance 
#                                                                                                             (fF)  (ps)  (ps)   (ps)  Location 
#-----------------------------------------------------------------------------------------------------------------------------------------------
  u_axi_to_apb_m_apb_paddr_reg[11]/CLK                   -       -       R     (arrival)                   69    -    40     0     150    (-,-) 
  u_axi_to_apb_m_apb_paddr_reg[11]/QN                    -       CLK->QN F     DFFASRHQNx1_ASAP7_75t_R      1  1.9    50   107     257    (-,-) 
  drc_bufs205174/Y                                       -       A->Y    R     INVxp67_ASAP7_75t_R          2  3.0    73    51     308    (-,-) 
  drc_bufs205173/Y                                       -       A->Y    F     INVxp67_ASAP7_75t_R          3  4.5    78    63     371    (-,-) 
  g201199/Y                                              -       A->Y    F     OR2x2_ASAP7_75t_R            2  3.4    31    59     430    (-,-) 
  g199683/Y                                              -       A->Y    R     NOR3xp33_ASAP7_75t_R         1  1.9   105    56     485    (-,-) 
  drc_bufs202897/Y                                       -       A->Y    F     INVxp67_ASAP7_75t_R          2  2.8    65    59     544    (-,-) 
  drc_bufs202896/Y                                       -       A->Y    R     INVxp33_ASAP7_75t_R          2  3.2   145    90     635    (-,-) 
  g199065/Y                                              -       A->Y    R     AND3x1_ASAP7_75t_R           2  3.1    55    80     715    (-,-) 
  g198780/Y                                              -       B->Y    R     AND2x2_ASAP7_75t_R           2  3.2    31    49     764    (-,-) 
  g198373/Y                                              -       B->Y    F     NAND2xp5_ASAP7_75t_R         2  4.3    96    53     817    (-,-) 
  g198231/Y                                              -       A->Y    R     INVx3_ASAP7_75t_R           20 24.3   130    91     908    (-,-) 
  hi_fo_buf202214/Y                                      -       A->Y    R     HB3xp67_ASAP7_75t_R          1  2.0    58   115    1023    (-,-) 
  drc_buf_sp205801/Y                                     -       A->Y    R     HB2xp67_ASAP7_75t_R          2  3.4    81    88    1111    (-,-) 
  drc_buf_sp205800/Y                                     -       A->Y    R     BUFx3_ASAP7_75t_R           18 22.1   110    90    1201    (-,-) 
  g198230/Y                                              -       A->Y    F     INVxp67_ASAP7_75t_R          3  4.2    84    73    1273    (-,-) 
  g198126/Y                                              -       B->Y    R     NOR2xp33_ASAP7_75t_R         1  1.9    98    69    1342    (-,-) 
  u_apb_ascon_cg_icg__RC_CG_HIER_INST10/RC_CGIC_INST/ENA -       -       R     ICGx1_ASAP7_75t_R            1    -     -     0    1342    (-,-) 
#-----------------------------------------------------------------------------------------------------------------------------------------------



Path 4: MET (2526 ps) Clock Gating Setup Check at cgic pin u_apb_ascon_cg_icg__RC_CG_HIER_INST5/RC_CGIC_INST/ENA
           View: view_ss
          Group: cg_enable_group_CLK_ASCON
     Startpoint: (R) u_axi_to_apb_m_apb_paddr_reg[8]/CLK
          Clock: (R) CLK_SYS
       Endpoint: (R) u_apb_ascon_cg_icg__RC_CG_HIER_INST5/RC_CGIC_INST/ENA
          Clock: (R) CLK_ASCON

                     Capture       Launch     
        Clock Edge:+    4000            0     
       Src Latency:+     100          150     
       Net Latency:+       0 (I)        0 (I) 
           Arrival:=    4100          150     
                                              
  Gate Check Setup:-      82                  
       Uncertainty:-     150                  
     Required Time:=    3868                  
      Launch Clock:-     150                  
         Data Path:-    1191                  
             Slack:=    2526                  

#----------------------------------------------------------------------------------------------------------------------------------------------
#                     Timing Point                      Flags    Arc    Edge          Cell            Fanout Load Trans Delay Arrival Instance 
#                                                                                                            (fF)  (ps)  (ps)   (ps)  Location 
#----------------------------------------------------------------------------------------------------------------------------------------------
  u_axi_to_apb_m_apb_paddr_reg[8]/CLK                   -       -       R     (arrival)                   69    -    40     0     150    (-,-) 
  u_axi_to_apb_m_apb_paddr_reg[8]/QN                    -       CLK->QN F     DFFASRHQNx1_ASAP7_75t_R      7  9.3   119   157     307    (-,-) 
  g201212/Y                                             -       B->Y    F     OR2x2_ASAP7_75t_R            2  3.4    31    68     375    (-,-) 
  g199543/Y                                             -       A->Y    R     NOR3xp33_ASAP7_75t_R         2  3.0   145    77     452    (-,-) 
  drc_bufs205033/Y                                      -       A->Y    F     INVxp33_ASAP7_75t_R          1  1.8    86    78     530    (-,-) 
  drc_bufs205032/Y                                      -       A->Y    R     INVxp33_ASAP7_75t_R          1  2.0   102    75     605    (-,-) 
  g198906/Y                                             -       A->Y    R     AND3x1_ASAP7_75t_R           3  4.4    72    82     686    (-,-) 
  g198211/Y                                             -       A->Y    R     AND3x1_ASAP7_75t_R           1  2.1    41    60     746    (-,-) 
  drc_bufs203316/Y                                      -       A->Y    F     INVx1_ASAP7_75t_R            4  8.1    84    57     804    (-,-) 
  drc_bufs203312/Y                                      -       A->Y    R     INVx2_ASAP7_75t_R           10 12.4   102    74     878    (-,-) 
  g198076/Y                                             -       A->Y    R     HB4xp67_ASAP7_75t_R          1  2.0    61   125    1003    (-,-) 
  drc_buf_sp205552/Y                                    -       A->Y    R     HB2xp67_ASAP7_75t_R          4  5.7   129   111    1114    (-,-) 
  drc_buf_sp205550/Y                                    -       A->Y    R     BUFx2_ASAP7_75t_R           11 13.1    99    95    1209    (-,-) 
  g198069/Y                                             -       A->Y    F     INVxp67_ASAP7_75t_R          3  3.8    76    66    1275    (-,-) 
  g197635/Y                                             -       B->Y    R     NOR2xp33_ASAP7_75t_R         1  1.9    97    66    1341    (-,-) 
  u_apb_ascon_cg_icg__RC_CG_HIER_INST5/RC_CGIC_INST/ENA -       -       R     ICGx1_ASAP7_75t_R            1    -     -     0    1341    (-,-) 
#----------------------------------------------------------------------------------------------------------------------------------------------



Path 5: MET (2718 ps) Clock Gating Setup Check at cgic pin u_apb_ascon_cg_icg__RC_CG_HIER_INST3/RC_CGIC_INST/ENA
           View: view_ss
          Group: cg_enable_group_CLK_ASCON
     Startpoint: (R) u_axi_to_apb_m_apb_paddr_reg[11]/CLK
          Clock: (R) CLK_SYS
       Endpoint: (R) u_apb_ascon_cg_icg__RC_CG_HIER_INST3/RC_CGIC_INST/ENA
          Clock: (R) CLK_ASCON

                     Capture       Launch     
        Clock Edge:+    4000            0     
       Src Latency:+     100          150     
       Net Latency:+       0 (I)        0 (I) 
           Arrival:=    4100          150     
                                              
  Gate Check Setup:-      82                  
       Uncertainty:-     150                  
     Required Time:=    3868                  
      Launch Clock:-     150                  
         Data Path:-    1000                  
             Slack:=    2718                  

#----------------------------------------------------------------------------------------------------------------------------------------------
#                     Timing Point                      Flags    Arc    Edge          Cell            Fanout Load Trans Delay Arrival Instance 
#                                                                                                            (fF)  (ps)  (ps)   (ps)  Location 
#----------------------------------------------------------------------------------------------------------------------------------------------
  u_axi_to_apb_m_apb_paddr_reg[11]/CLK                  -       -       R     (arrival)                   69    -    40     0     150    (-,-) 
  u_axi_to_apb_m_apb_paddr_reg[11]/QN                   -       CLK->QN F     DFFASRHQNx1_ASAP7_75t_R      1  1.9    50   107     257    (-,-) 
  drc_bufs205174/Y                                      -       A->Y    R     INVxp67_ASAP7_75t_R          2  3.0    73    51     308    (-,-) 
  drc_bufs205173/Y                                      -       A->Y    F     INVxp67_ASAP7_75t_R          3  4.5    78    63     371    (-,-) 
  g201199/Y                                             -       A->Y    F     OR2x2_ASAP7_75t_R            2  3.4    31    59     430    (-,-) 
  g199682/Y                                             -       A->Y    R     NOR2xp67_ASAP7_75t_R         3  4.4   100    60     490    (-,-) 
  g199404/Y                                             -       B->Y    F     NAND2xp5_ASAP7_75t_R         3  4.3    97    75     565    (-,-) 
  g198794/Y                                             -       A->Y    F     OR3x1_ASAP7_75t_R            4  5.5    66    91     656    (-,-) 
  g198620/Y                                             -       B->Y    F     OR2x2_ASAP7_75t_R            2  3.3    29    58     714    (-,-) 
  g198424/Y                                             -       A->Y    R     INVx1_ASAP7_75t_R            1  2.0    36    27     740    (-,-) 
  drc_buf_sp205733/Y                                    -       A->Y    R     HB2xp67_ASAP7_75t_R          2  3.4    81    80     820    (-,-) 
  drc_buf_sp205731/Y                                    -       A->Y    R     BUFx3_ASAP7_75t_R           19 23.3   116    92     912    (-,-) 
  g198423/Y                                             -       A->Y    R     BUFx4_ASAP7_75t_R           20 23.3    93   104    1017    (-,-) 
  g198421/Y                                             -       A->Y    F     INVxp67_ASAP7_75t_R          3  4.0    77    66    1083    (-,-) 
  g198130/Y                                             -       B->Y    R     NOR2xp33_ASAP7_75t_R         1  1.9    97    67    1150    (-,-) 
  u_apb_ascon_cg_icg__RC_CG_HIER_INST3/RC_CGIC_INST/ENA -       -       R     ICGx1_ASAP7_75t_R            1    -     -     0    1150    (-,-) 
#----------------------------------------------------------------------------------------------------------------------------------------------



Path 6: MET (2725 ps) Clock Gating Setup Check at cgic pin u_apb_ascon_cg_icg__RC_CG_HIER_INST9/RC_CGIC_INST/ENA
           View: view_ss
          Group: cg_enable_group_CLK_ASCON
     Startpoint: (R) u_axi_to_apb_m_apb_paddr_reg[11]/CLK
          Clock: (R) CLK_SYS
       Endpoint: (R) u_apb_ascon_cg_icg__RC_CG_HIER_INST9/RC_CGIC_INST/ENA
          Clock: (R) CLK_ASCON

                     Capture       Launch     
        Clock Edge:+    4000            0     
       Src Latency:+     100          150     
       Net Latency:+       0 (I)        0 (I) 
           Arrival:=    4100          150     
                                              
  Gate Check Setup:-      83                  
       Uncertainty:-     150                  
     Required Time:=    3867                  
      Launch Clock:-     150                  
         Data Path:-     992                  
             Slack:=    2725                  

#----------------------------------------------------------------------------------------------------------------------------------------------
#                     Timing Point                      Flags    Arc    Edge          Cell            Fanout Load Trans Delay Arrival Instance 
#                                                                                                            (fF)  (ps)  (ps)   (ps)  Location 
#----------------------------------------------------------------------------------------------------------------------------------------------
  u_axi_to_apb_m_apb_paddr_reg[11]/CLK                  -       -       R     (arrival)                   69    -    40     0     150    (-,-) 
  u_axi_to_apb_m_apb_paddr_reg[11]/QN                   -       CLK->QN F     DFFASRHQNx1_ASAP7_75t_R      1  1.9    50   107     257    (-,-) 
  drc_bufs205174/Y                                      -       A->Y    R     INVxp67_ASAP7_75t_R          2  3.0    73    51     308    (-,-) 
  drc_bufs205173/Y                                      -       A->Y    F     INVxp67_ASAP7_75t_R          3  4.5    78    63     371    (-,-) 
  g201199/Y                                             -       A->Y    F     OR2x2_ASAP7_75t_R            2  3.4    31    59     430    (-,-) 
  g199683/Y                                             -       A->Y    R     NOR3xp33_ASAP7_75t_R         1  1.9   105    56     485    (-,-) 
  drc_bufs202897/Y                                      -       A->Y    F     INVxp67_ASAP7_75t_R          2  2.8    65    59     544    (-,-) 
  drc_bufs202896/Y                                      -       A->Y    R     INVxp33_ASAP7_75t_R          2  3.2   145    90     635    (-,-) 
  g199065/Y                                             -       A->Y    R     AND3x1_ASAP7_75t_R           2  3.1    55    80     715    (-,-) 
  g198780/Y                                             -       B->Y    R     AND2x2_ASAP7_75t_R           2  3.2    31    49     764    (-,-) 
  g198622/Y                                             -       B->Y    R     AND2x2_ASAP7_75t_R           3  4.3    40    47     811    (-,-) 
  g198449/Y                                             -       A->Y    R     BUFx4_ASAP7_75t_R           20 24.9    97    85     896    (-,-) 
  g198448/Y                                             -       A->Y    R     BUFx4_ASAP7_75t_R           20 23.6    94   100     996    (-,-) 
  g198446/Y                                             -       A->Y    F     INVxp67_ASAP7_75t_R          4  5.2    92    76    1072    (-,-) 
  g198128/Y                                             -       B->Y    R     NOR2xp33_ASAP7_75t_R         1  1.9   101    71    1142    (-,-) 
  u_apb_ascon_cg_icg__RC_CG_HIER_INST9/RC_CGIC_INST/ENA -       -       R     ICGx1_ASAP7_75t_R            1    -     -     0    1142    (-,-) 
#----------------------------------------------------------------------------------------------------------------------------------------------



Path 7: MET (2727 ps) Clock Gating Setup Check at cgic pin u_apb_ascon_u_ascon/cg_icg__RC_CG_HIER_INST167/RC_CGIC_INST/ENA
           View: view_ss
          Group: cg_enable_group_CLK_ASCON
     Startpoint: (R) u_apb_ascon_u_ascon/round_reg[3]/CLK
          Clock: (R) CLK_ASCON
       Endpoint: (F) u_apb_ascon_u_ascon/cg_icg__RC_CG_HIER_INST167/RC_CGIC_INST/ENA
          Clock: (R) CLK_ASCON

                     Capture       Launch     
        Clock Edge:+    4000            0     
       Src Latency:+     100          150     
       Net Latency:+       0 (I)        0 (I) 
           Arrival:=    4100          150     
                                              
  Gate Check Setup:-      73                  
       Uncertainty:-     150                  
     Required Time:=    3877                  
      Launch Clock:-     150                  
         Data Path:-    1000                  
             Slack:=    2727                  

#--------------------------------------------------------------------------------------------------------------------------------------------------------
#                          Timing Point                           Flags    Arc    Edge          Cell            Fanout Load Trans Delay Arrival Instance 
#                                                                                                                      (fF)  (ps)  (ps)   (ps)  Location 
#--------------------------------------------------------------------------------------------------------------------------------------------------------
  u_apb_ascon_u_ascon/round_reg[3]/CLK                            -       -       R     (arrival)                    4    -    40     0     150    (-,-) 
  u_apb_ascon_u_ascon/round_reg[3]/QN                             -       CLK->QN F     DFFASRHQNx1_ASAP7_75t_R      5  7.2   100   145     295    (-,-) 
  u_apb_ascon_u_ascon/g40597/Y                                    -       A->Y    R     INVxp33_ASAP7_75t_R          1  1.8    98    75     370    (-,-) 
  u_apb_ascon_u_ascon/g40464/Y                                    -       B->Y    F     NOR2xp33_ASAP7_75t_R         1  1.8    82    67     437    (-,-) 
  u_apb_ascon_u_ascon/drc_bufs43551/Y                             -       A->Y    R     INVxp33_ASAP7_75t_R          2  2.8   131    89     526    (-,-) 
  u_apb_ascon_u_ascon/drc_bufs43550/Y                             -       A->Y    F     INVxp33_ASAP7_75t_R          1  1.8    82    74     600    (-,-) 
  u_apb_ascon_u_ascon/g40402/Y                                    -       A->Y    R     INVxp33_ASAP7_75t_R          1  2.0   101    74     674    (-,-) 
  u_apb_ascon_u_ascon/g40196/Y                                    -       B->Y    R     OR2x2_ASAP7_75t_R            6  7.3    59    73     746    (-,-) 
  u_apb_ascon_u_ascon/g40064/Y                                    -       A->Y    F     INVxp33_ASAP7_75t_R          1  2.0    70    55     802    (-,-) 
  u_apb_ascon_u_ascon/g40059/Y                                    -       B->Y    R     NAND2xp5_ASAP7_75t_R         4  5.5   132    84     886    (-,-) 
  u_apb_ascon_u_ascon/g39800__1617/Y                              -       B->Y    F     NOR2xp33_ASAP7_75t_R         2  2.9   111    97     983    (-,-) 
  u_apb_ascon_u_ascon/g39792/Y                                    -       A->Y    R     INVxp67_ASAP7_75t_R          3  4.2   112    84    1067    (-,-) 
  u_apb_ascon_u_ascon/g39457__6783/Y                              -       A->Y    F     NAND5xp2_ASAP7_75t_R         1  1.9   123    84    1150    (-,-) 
  u_apb_ascon_u_ascon/cg_icg__RC_CG_HIER_INST167/RC_CGIC_INST/ENA -       -       F     ICGx1_ASAP7_75t_R            1    -     -     0    1150    (-,-) 
#--------------------------------------------------------------------------------------------------------------------------------------------------------



Path 8: MET (2741 ps) Clock Gating Setup Check at cgic pin u_apb_ascon_u_ascon/cg_icg__RC_CG_HIER_INST162/RC_CGIC_INST/ENA
           View: view_ss
          Group: cg_enable_group_CLK_ASCON
     Startpoint: (R) u_apb_ascon_u_ascon/round_reg[3]/CLK
          Clock: (R) CLK_ASCON
       Endpoint: (R) u_apb_ascon_u_ascon/cg_icg__RC_CG_HIER_INST162/RC_CGIC_INST/ENA
          Clock: (R) CLK_ASCON

                     Capture       Launch     
        Clock Edge:+    4000            0     
       Src Latency:+     100          150     
       Net Latency:+       0 (I)        0 (I) 
           Arrival:=    4100          150     
                                              
  Gate Check Setup:-      83                  
       Uncertainty:-     150                  
     Required Time:=    3867                  
      Launch Clock:-     150                  
         Data Path:-     976                  
             Slack:=    2741                  

#--------------------------------------------------------------------------------------------------------------------------------------------------------
#                          Timing Point                           Flags    Arc    Edge          Cell            Fanout Load Trans Delay Arrival Instance 
#                                                                                                                      (fF)  (ps)  (ps)   (ps)  Location 
#--------------------------------------------------------------------------------------------------------------------------------------------------------
  u_apb_ascon_u_ascon/round_reg[3]/CLK                            -       -       R     (arrival)                    4    -    40     0     150    (-,-) 
  u_apb_ascon_u_ascon/round_reg[3]/QN                             -       CLK->QN R     DFFASRHQNx1_ASAP7_75t_R      5  7.3   122   142     292    (-,-) 
  u_apb_ascon_u_ascon/g40597/Y                                    -       A->Y    F     INVxp33_ASAP7_75t_R          1  1.8    80    71     364    (-,-) 
  u_apb_ascon_u_ascon/g40464/Y                                    -       B->Y    R     NOR2xp33_ASAP7_75t_R         1  1.8    94    66     429    (-,-) 
  u_apb_ascon_u_ascon/drc_bufs43551/Y                             -       A->Y    F     INVxp33_ASAP7_75t_R          2  2.8    98    80     509    (-,-) 
  u_apb_ascon_u_ascon/drc_bufs43550/Y                             -       A->Y    R     INVxp33_ASAP7_75t_R          1  1.8    98    74     584    (-,-) 
  u_apb_ascon_u_ascon/g40402/Y                                    -       A->Y    F     INVxp33_ASAP7_75t_R          1  2.0    79    68     652    (-,-) 
  u_apb_ascon_u_ascon/g40196/Y                                    -       B->Y    F     OR2x2_ASAP7_75t_R            6  7.3    48    73     725    (-,-) 
  u_apb_ascon_u_ascon/g40064/Y                                    -       A->Y    R     INVxp33_ASAP7_75t_R          1  2.0    94    61     785    (-,-) 
  u_apb_ascon_u_ascon/g40059/Y                                    -       B->Y    F     NAND2xp5_ASAP7_75t_R         4  5.5   116    85     870    (-,-) 
  u_apb_ascon_u_ascon/g39800__1617/Y                              -       B->Y    R     NOR2xp33_ASAP7_75t_R         2  2.9   144    98     968    (-,-) 
  u_apb_ascon_u_ascon/g39792/Y                                    -       A->Y    F     INVxp67_ASAP7_75t_R          3  4.2    92    83    1051    (-,-) 
  u_apb_ascon_u_ascon/g23248/Y                                    -       A->Y    R     INVxp33_ASAP7_75t_R          1  1.9   100    75    1126    (-,-) 
  u_apb_ascon_u_ascon/cg_icg__RC_CG_HIER_INST162/RC_CGIC_INST/ENA -       -       R     ICGx1_ASAP7_75t_R            1    -     -     0    1126    (-,-) 
#--------------------------------------------------------------------------------------------------------------------------------------------------------



Path 9: MET (2751 ps) Clock Gating Setup Check at cgic pin u_apb_ascon_cg_icg__RC_CG_HIER_INST11/RC_CGIC_INST/ENA
           View: view_ss
          Group: cg_enable_group_CLK_ASCON
     Startpoint: (R) u_axi_to_apb_m_apb_paddr_reg[30]/CLK
          Clock: (R) CLK_SYS
       Endpoint: (R) u_apb_ascon_cg_icg__RC_CG_HIER_INST11/RC_CGIC_INST/ENA
          Clock: (R) CLK_ASCON

                     Capture       Launch     
        Clock Edge:+    4000            0     
       Src Latency:+     100          150     
       Net Latency:+       0 (I)        0 (I) 
           Arrival:=    4100          150     
                                              
  Gate Check Setup:-      83                  
       Uncertainty:-     150                  
     Required Time:=    3867                  
      Launch Clock:-     150                  
         Data Path:-     966                  
             Slack:=    2751                  

#-----------------------------------------------------------------------------------------------------------------------------------------------
#                     Timing Point                       Flags    Arc    Edge          Cell            Fanout Load Trans Delay Arrival Instance 
#                                                                                                             (fF)  (ps)  (ps)   (ps)  Location 
#-----------------------------------------------------------------------------------------------------------------------------------------------
  u_axi_to_apb_m_apb_paddr_reg[30]/CLK                   -       -       R     (arrival)                   69    -    40     0     150    (-,-) 
  u_axi_to_apb_m_apb_paddr_reg[30]/QN                    -       CLK->QN R     DFFASRHQNx1_ASAP7_75t_R      1  1.8    47    99     249    (-,-) 
  g625/Y                                                 -       A->Y    F     INVxp33_ASAP7_75t_R          1  2.1    70    52     301    (-,-) 
  g125925/Y                                              -       A->Y    F     OR4x1_ASAP7_75t_R            2  3.1    47    82     384    (-,-) 
  g125924/Y                                              -       D->Y    F     OR5x1_ASAP7_75t_R            2  3.2    52    97     481    (-,-) 
  g201215/Y                                              -       B->Y    F     OR2x2_ASAP7_75t_R            2  3.3    28    55     536    (-,-) 
  g199406/Y                                              -       A->Y    F     OR4x1_ASAP7_75t_R            6  8.4    96   101     636    (-,-) 
  g199098/Y                                              -       B->Y    R     NOR2xp67_ASAP7_75t_R         4  5.2   128    85     722    (-,-) 
  g198925/Y                                              -       A->Y    F     INVxp33_ASAP7_75t_R          1  2.0    86    77     798    (-,-) 
  g198799/Y                                              -       B->Y    F     OR2x2_ASAP7_75t_R           14 15.6    87    96     894    (-,-) 
  g198641/Y                                              -       A->Y    R     INVxp67_ASAP7_75t_R          3  4.0   101    74     968    (-,-) 
  g198503/Y                                              -       A->Y    F     NAND2xp33_ASAP7_75t_R        2  3.0    97    71    1040    (-,-) 
  g125396/Y                                              -       A->Y    R     INVxp33_ASAP7_75t_R          1  1.9   101    76    1116    (-,-) 
  u_apb_ascon_cg_icg__RC_CG_HIER_INST11/RC_CGIC_INST/ENA -       -       R     ICGx1_ASAP7_75t_R            1    -     -     0    1116    (-,-) 
#-----------------------------------------------------------------------------------------------------------------------------------------------



Path 10: MET (2788 ps) Clock Gating Setup Check at cgic pin u_apb_ascon_cg_icg__RC_CG_HIER_INST8/RC_CGIC_INST/ENA
           View: view_ss
          Group: cg_enable_group_CLK_ASCON
     Startpoint: (R) u_axi_to_apb_m_apb_paddr_reg[11]/CLK
          Clock: (R) CLK_SYS
       Endpoint: (R) u_apb_ascon_cg_icg__RC_CG_HIER_INST8/RC_CGIC_INST/ENA
          Clock: (R) CLK_ASCON

                     Capture       Launch     
        Clock Edge:+    4000            0     
       Src Latency:+     100          150     
       Net Latency:+       0 (I)        0 (I) 
           Arrival:=    4100          150     
                                              
  Gate Check Setup:-      83                  
       Uncertainty:-     150                  
     Required Time:=    3867                  
      Launch Clock:-     150                  
         Data Path:-     929                  
             Slack:=    2788                  

#----------------------------------------------------------------------------------------------------------------------------------------------
#                     Timing Point                      Flags    Arc    Edge          Cell            Fanout Load Trans Delay Arrival Instance 
#                                                                                                            (fF)  (ps)  (ps)   (ps)  Location 
#----------------------------------------------------------------------------------------------------------------------------------------------
  u_axi_to_apb_m_apb_paddr_reg[11]/CLK                  -       -       R     (arrival)                   69    -    40     0     150    (-,-) 
  u_axi_to_apb_m_apb_paddr_reg[11]/QN                   -       CLK->QN F     DFFASRHQNx1_ASAP7_75t_R      1  1.9    50   107     257    (-,-) 
  drc_bufs205174/Y                                      -       A->Y    R     INVxp67_ASAP7_75t_R          2  3.0    73    51     308    (-,-) 
  drc_bufs205173/Y                                      -       A->Y    F     INVxp67_ASAP7_75t_R          3  4.5    78    63     371    (-,-) 
  g201199/Y                                             -       A->Y    F     OR2x2_ASAP7_75t_R            2  3.4    31    59     430    (-,-) 
  g199683/Y                                             -       A->Y    R     NOR3xp33_ASAP7_75t_R         1  1.9   105    56     485    (-,-) 
  drc_bufs202897/Y                                      -       A->Y    F     INVxp67_ASAP7_75t_R          2  2.8    65    59     544    (-,-) 
  drc_bufs202896/Y                                      -       A->Y    R     INVxp33_ASAP7_75t_R          2  3.2   145    90     635    (-,-) 
  g199065/Y                                             -       A->Y    R     AND3x1_ASAP7_75t_R           2  3.1    55    80     715    (-,-) 
  g198619/Y                                             -       A->Y    R     AND2x2_ASAP7_75t_R           1  2.0    24    42     757    (-,-) 
  drc_buf_sp205776/Y                                    -       A->Y    R     HB2xp67_ASAP7_75t_R          2  3.4    81    75     832    (-,-) 
  drc_buf_sp205774/Y                                    -       A->Y    R     BUFx3_ASAP7_75t_R           18 21.8   109    89     921    (-,-) 
  g198405/Y                                             -       A->Y    F     INVx1_ASAP7_75t_R            7  8.5   103    84    1006    (-,-) 
  g198127/Y                                             -       B->Y    R     NOR2xp33_ASAP7_75t_R         1  1.9   104    73    1079    (-,-) 
  u_apb_ascon_cg_icg__RC_CG_HIER_INST8/RC_CGIC_INST/ENA -       -       R     ICGx1_ASAP7_75t_R            1    -     -     0    1079    (-,-) 
#----------------------------------------------------------------------------------------------------------------------------------------------



Path 11: MET (2889 ps) Clock Gating Setup Check at cgic pin u_apb_ascon_cg_icg__RC_CG_HIER_INST6/RC_CGIC_INST/ENA
           View: view_ss
          Group: cg_enable_group_CLK_ASCON
     Startpoint: (R) u_axi_to_apb_m_apb_paddr_reg[11]/CLK
          Clock: (R) CLK_SYS
       Endpoint: (R) u_apb_ascon_cg_icg__RC_CG_HIER_INST6/RC_CGIC_INST/ENA
          Clock: (R) CLK_ASCON

                     Capture       Launch     
        Clock Edge:+    4000            0     
       Src Latency:+     100          150     
       Net Latency:+       0 (I)        0 (I) 
           Arrival:=    4100          150     
                                              
  Gate Check Setup:-      83                  
       Uncertainty:-     150                  
     Required Time:=    3867                  
      Launch Clock:-     150                  
         Data Path:-     829                  
             Slack:=    2889                  

#----------------------------------------------------------------------------------------------------------------------------------------------
#                     Timing Point                      Flags    Arc    Edge          Cell            Fanout Load Trans Delay Arrival Instance 
#                                                                                                            (fF)  (ps)  (ps)   (ps)  Location 
#----------------------------------------------------------------------------------------------------------------------------------------------
  u_axi_to_apb_m_apb_paddr_reg[11]/CLK                  -       -       R     (arrival)                   69    -    40     0     150    (-,-) 
  u_axi_to_apb_m_apb_paddr_reg[11]/QN                   -       CLK->QN F     DFFASRHQNx1_ASAP7_75t_R      1  1.9    50   107     257    (-,-) 
  drc_bufs205174/Y                                      -       A->Y    R     INVxp67_ASAP7_75t_R          2  3.0    73    51     308    (-,-) 
  drc_bufs205173/Y                                      -       A->Y    F     INVxp67_ASAP7_75t_R          3  4.5    78    63     371    (-,-) 
  g201199/Y                                             -       A->Y    F     OR2x2_ASAP7_75t_R            2  3.4    31    59     430    (-,-) 
  g199683/Y                                             -       A->Y    R     NOR3xp33_ASAP7_75t_R         1  1.9   105    56     485    (-,-) 
  drc_bufs202897/Y                                      -       A->Y    F     INVxp67_ASAP7_75t_R          2  2.8    65    59     544    (-,-) 
  drc_bufs202896/Y                                      -       A->Y    R     INVxp33_ASAP7_75t_R          2  3.2   145    90     635    (-,-) 
  g199040/Y                                             -       A->Y    R     AND3x1_ASAP7_75t_R           2  3.1    55    80     715    (-,-) 
  g198617/Y                                             -       B->Y    R     AND3x2_ASAP7_75t_R          16 19.2   146   115     829    (-,-) 
  g198394/Y                                             -       A->Y    F     INVxp67_ASAP7_75t_R          3  3.8    88    80     909    (-,-) 
  g198124/Y                                             -       B->Y    R     NOR2xp33_ASAP7_75t_R         1  1.9   100    70     979    (-,-) 
  u_apb_ascon_cg_icg__RC_CG_HIER_INST6/RC_CGIC_INST/ENA -       -       R     ICGx1_ASAP7_75t_R            1    -     -     0     979    (-,-) 
#----------------------------------------------------------------------------------------------------------------------------------------------



Path 12: MET (2901 ps) Clock Gating Setup Check at cgic pin u_apb_ascon_cg_icg__RC_CG_HIER_INST1/RC_CGIC_INST/ENA
           View: view_ss
          Group: cg_enable_group_CLK_ASCON
     Startpoint: (R) u_axi_to_apb_m_apb_paddr_reg[30]/CLK
          Clock: (R) CLK_SYS
       Endpoint: (R) u_apb_ascon_cg_icg__RC_CG_HIER_INST1/RC_CGIC_INST/ENA
          Clock: (R) CLK_ASCON

                     Capture       Launch     
        Clock Edge:+    4000            0     
       Src Latency:+     100          150     
       Net Latency:+       0 (I)        0 (I) 
           Arrival:=    4100          150     
                                              
  Gate Check Setup:-      84                  
       Uncertainty:-     150                  
     Required Time:=    3866                  
      Launch Clock:-     150                  
         Data Path:-     815                  
             Slack:=    2901                  

#----------------------------------------------------------------------------------------------------------------------------------------------
#                     Timing Point                      Flags    Arc    Edge          Cell            Fanout Load Trans Delay Arrival Instance 
#                                                                                                            (fF)  (ps)  (ps)   (ps)  Location 
#----------------------------------------------------------------------------------------------------------------------------------------------
  u_axi_to_apb_m_apb_paddr_reg[30]/CLK                  -       -       R     (arrival)                   69    -    40     0     150    (-,-) 
  u_axi_to_apb_m_apb_paddr_reg[30]/QN                   -       CLK->QN R     DFFASRHQNx1_ASAP7_75t_R      1  1.8    47    99     249    (-,-) 
  g625/Y                                                -       A->Y    F     INVxp33_ASAP7_75t_R          1  2.1    70    52     301    (-,-) 
  g125925/Y                                             -       A->Y    F     OR4x1_ASAP7_75t_R            2  3.1    47    82     384    (-,-) 
  g125924/Y                                             -       D->Y    F     OR5x1_ASAP7_75t_R            2  3.2    52    97     481    (-,-) 
  g201215/Y                                             -       B->Y    F     OR2x2_ASAP7_75t_R            2  3.3    28    55     536    (-,-) 
  g199406/Y                                             -       A->Y    F     OR4x1_ASAP7_75t_R            6  8.4    96   101     636    (-,-) 
  g199098/Y                                             -       B->Y    R     NOR2xp67_ASAP7_75t_R         4  5.2   128    85     722    (-,-) 
  g198925/Y                                             -       A->Y    F     INVxp33_ASAP7_75t_R          1  2.0    86    77     798    (-,-) 
  g198799/Y                                             -       B->Y    F     OR2x2_ASAP7_75t_R           14 15.6    87    96     894    (-,-) 
  g198105/Y                                             -       A->Y    R     NOR3xp33_ASAP7_75t_R         1  1.9   107    71     965    (-,-) 
  u_apb_ascon_cg_icg__RC_CG_HIER_INST1/RC_CGIC_INST/ENA -       -       R     ICGx1_ASAP7_75t_R            1    -     -     0     965    (-,-) 
#----------------------------------------------------------------------------------------------------------------------------------------------



Path 13: MET (2909 ps) Clock Gating Setup Check at cgic pin u_apb_ascon_cg_icg__RC_CG_HIER_INST2/RC_CGIC_INST/ENA
           View: view_ss
          Group: cg_enable_group_CLK_ASCON
     Startpoint: (R) u_axi_to_apb_m_apb_paddr_reg[30]/CLK
          Clock: (R) CLK_SYS
       Endpoint: (R) u_apb_ascon_cg_icg__RC_CG_HIER_INST2/RC_CGIC_INST/ENA
          Clock: (R) CLK_ASCON

                     Capture       Launch     
        Clock Edge:+    4000            0     
       Src Latency:+     100          150     
       Net Latency:+       0 (I)        0 (I) 
           Arrival:=    4100          150     
                                              
  Gate Check Setup:-      82                  
       Uncertainty:-     150                  
     Required Time:=    3868                  
      Launch Clock:-     150                  
         Data Path:-     809                  
             Slack:=    2909                  

#----------------------------------------------------------------------------------------------------------------------------------------------
#                     Timing Point                      Flags    Arc    Edge          Cell            Fanout Load Trans Delay Arrival Instance 
#                                                                                                            (fF)  (ps)  (ps)   (ps)  Location 
#----------------------------------------------------------------------------------------------------------------------------------------------
  u_axi_to_apb_m_apb_paddr_reg[30]/CLK                  -       -       R     (arrival)                   69    -    40     0     150    (-,-) 
  u_axi_to_apb_m_apb_paddr_reg[30]/QN                   -       CLK->QN R     DFFASRHQNx1_ASAP7_75t_R      1  1.8    47    99     249    (-,-) 
  g625/Y                                                -       A->Y    F     INVxp33_ASAP7_75t_R          1  2.1    70    52     301    (-,-) 
  g125925/Y                                             -       A->Y    F     OR4x1_ASAP7_75t_R            2  3.1    47    82     384    (-,-) 
  g125924/Y                                             -       D->Y    F     OR5x1_ASAP7_75t_R            2  3.2    52    97     481    (-,-) 
  g201215/Y                                             -       B->Y    F     OR2x2_ASAP7_75t_R            2  3.3    28    55     536    (-,-) 
  g199406/Y                                             -       A->Y    F     OR4x1_ASAP7_75t_R            6  8.4    96   101     636    (-,-) 
  g199098/Y                                             -       B->Y    R     NOR2xp67_ASAP7_75t_R         4  5.2   128    85     722    (-,-) 
  g198925/Y                                             -       A->Y    F     INVxp33_ASAP7_75t_R          1  2.0    86    77     798    (-,-) 
  g198799/Y                                             -       B->Y    F     OR2x2_ASAP7_75t_R           14 15.6    87    96     894    (-,-) 
  g197634/Y                                             -       A->Y    R     NOR2xp33_ASAP7_75t_R         1  1.9    96    65     959    (-,-) 
  u_apb_ascon_cg_icg__RC_CG_HIER_INST2/RC_CGIC_INST/ENA -       -       R     ICGx1_ASAP7_75t_R            1    -     -     0     959    (-,-) 
#----------------------------------------------------------------------------------------------------------------------------------------------



Path 14: MET (2918 ps) Clock Gating Setup Check at cgic pin u_apb_ascon_u_ascon/cg_icg__RC_CG_HIER_INST165/RC_CGIC_INST/ENA
           View: view_ss
          Group: cg_enable_group_CLK_ASCON
     Startpoint: (R) u_apb_ascon_u_ascon/round_reg[3]/CLK
          Clock: (R) CLK_ASCON
       Endpoint: (R) u_apb_ascon_u_ascon/cg_icg__RC_CG_HIER_INST165/RC_CGIC_INST/ENA
          Clock: (R) CLK_ASCON

                     Capture       Launch     
        Clock Edge:+    4000            0     
       Src Latency:+     100          150     
       Net Latency:+       0 (I)        0 (I) 
           Arrival:=    4100          150     
                                              
  Gate Check Setup:-      85                  
       Uncertainty:-     150                  
     Required Time:=    3865                  
      Launch Clock:-     150                  
         Data Path:-     798                  
             Slack:=    2918                  

#--------------------------------------------------------------------------------------------------------------------------------------------------------
#                          Timing Point                           Flags    Arc    Edge          Cell            Fanout Load Trans Delay Arrival Instance 
#                                                                                                                      (fF)  (ps)  (ps)   (ps)  Location 
#--------------------------------------------------------------------------------------------------------------------------------------------------------
  u_apb_ascon_u_ascon/round_reg[3]/CLK                            -       -       R     (arrival)                    4    -    40     0     150    (-,-) 
  u_apb_ascon_u_ascon/round_reg[3]/QN                             -       CLK->QN R     DFFASRHQNx1_ASAP7_75t_R      5  7.3   122   142     292    (-,-) 
  u_apb_ascon_u_ascon/g40597/Y                                    -       A->Y    F     INVxp33_ASAP7_75t_R          1  1.8    80    71     364    (-,-) 
  u_apb_ascon_u_ascon/g40464/Y                                    -       B->Y    R     NOR2xp33_ASAP7_75t_R         1  1.8    94    66     429    (-,-) 
  u_apb_ascon_u_ascon/drc_bufs43551/Y                             -       A->Y    F     INVxp33_ASAP7_75t_R          2  2.8    98    80     509    (-,-) 
  u_apb_ascon_u_ascon/drc_bufs43550/Y                             -       A->Y    R     INVxp33_ASAP7_75t_R          1  1.8    98    74     584    (-,-) 
  u_apb_ascon_u_ascon/g40402/Y                                    -       A->Y    F     INVxp33_ASAP7_75t_R          1  2.0    79    68     652    (-,-) 
  u_apb_ascon_u_ascon/g40196/Y                                    -       B->Y    F     OR2x2_ASAP7_75t_R            6  7.3    48    73     725    (-,-) 
  u_apb_ascon_u_ascon/g40064/Y                                    -       A->Y    R     INVxp33_ASAP7_75t_R          1  2.0    94    61     785    (-,-) 
  u_apb_ascon_u_ascon/g40059/Y                                    -       B->Y    F     NAND2xp5_ASAP7_75t_R         4  5.5   116    85     870    (-,-) 
  u_apb_ascon_u_ascon/g39795__4319/Y                              -       A->Y    R     NOR3xp33_ASAP7_75t_R         1  1.9   114    78     948    (-,-) 
  u_apb_ascon_u_ascon/cg_icg__RC_CG_HIER_INST165/RC_CGIC_INST/ENA -       -       R     ICGx1_ASAP7_75t_R            1    -     -     0     948    (-,-) 
#--------------------------------------------------------------------------------------------------------------------------------------------------------



Path 15: MET (2918 ps) Clock Gating Setup Check at cgic pin u_apb_ascon_u_ascon/cg_icg__RC_CG_HIER_INST163/RC_CGIC_INST/ENA
           View: view_ss
          Group: cg_enable_group_CLK_ASCON
     Startpoint: (R) u_apb_ascon_u_ascon/round_reg[3]/CLK
          Clock: (R) CLK_ASCON
       Endpoint: (R) u_apb_ascon_u_ascon/cg_icg__RC_CG_HIER_INST163/RC_CGIC_INST/ENA
          Clock: (R) CLK_ASCON

                     Capture       Launch     
        Clock Edge:+    4000            0     
       Src Latency:+     100          150     
       Net Latency:+       0 (I)        0 (I) 
           Arrival:=    4100          150     
                                              
  Gate Check Setup:-      85                  
       Uncertainty:-     150                  
     Required Time:=    3865                  
      Launch Clock:-     150                  
         Data Path:-     798                  
             Slack:=    2918                  

#--------------------------------------------------------------------------------------------------------------------------------------------------------
#                          Timing Point                           Flags    Arc    Edge          Cell            Fanout Load Trans Delay Arrival Instance 
#                                                                                                                      (fF)  (ps)  (ps)   (ps)  Location 
#--------------------------------------------------------------------------------------------------------------------------------------------------------
  u_apb_ascon_u_ascon/round_reg[3]/CLK                            -       -       R     (arrival)                    4    -    40     0     150    (-,-) 
  u_apb_ascon_u_ascon/round_reg[3]/QN                             -       CLK->QN R     DFFASRHQNx1_ASAP7_75t_R      5  7.3   122   142     292    (-,-) 
  u_apb_ascon_u_ascon/g40597/Y                                    -       A->Y    F     INVxp33_ASAP7_75t_R          1  1.8    80    71     364    (-,-) 
  u_apb_ascon_u_ascon/g40464/Y                                    -       B->Y    R     NOR2xp33_ASAP7_75t_R         1  1.8    94    66     429    (-,-) 
  u_apb_ascon_u_ascon/drc_bufs43551/Y                             -       A->Y    F     INVxp33_ASAP7_75t_R          2  2.8    98    80     509    (-,-) 
  u_apb_ascon_u_ascon/drc_bufs43550/Y                             -       A->Y    R     INVxp33_ASAP7_75t_R          1  1.8    98    74     584    (-,-) 
  u_apb_ascon_u_ascon/g40402/Y                                    -       A->Y    F     INVxp33_ASAP7_75t_R          1  2.0    79    68     652    (-,-) 
  u_apb_ascon_u_ascon/g40196/Y                                    -       B->Y    F     OR2x2_ASAP7_75t_R            6  7.3    48    73     725    (-,-) 
  u_apb_ascon_u_ascon/g40064/Y                                    -       A->Y    R     INVxp33_ASAP7_75t_R          1  2.0    94    61     785    (-,-) 
  u_apb_ascon_u_ascon/g40059/Y                                    -       B->Y    F     NAND2xp5_ASAP7_75t_R         4  5.5   116    85     870    (-,-) 
  u_apb_ascon_u_ascon/g39794__6260/Y                              -       A->Y    R     NOR3xp33_ASAP7_75t_R         1  1.9   114    78     948    (-,-) 
  u_apb_ascon_u_ascon/cg_icg__RC_CG_HIER_INST163/RC_CGIC_INST/ENA -       -       R     ICGx1_ASAP7_75t_R            1    -     -     0     948    (-,-) 
#--------------------------------------------------------------------------------------------------------------------------------------------------------



Path 16: MET (2919 ps) Clock Gating Setup Check at cgic pin u_apb_ascon_u_ascon/cg_icg__RC_CG_HIER_INST160/RC_CGIC_INST/ENA
           View: view_ss
          Group: cg_enable_group_CLK_ASCON
     Startpoint: (R) u_apb_ascon_u_ascon/fsm_state_reg[2]/CLK
          Clock: (R) CLK_ASCON
       Endpoint: (R) u_apb_ascon_u_ascon/cg_icg__RC_CG_HIER_INST160/RC_CGIC_INST/ENA
          Clock: (R) CLK_ASCON

                     Capture       Launch     
        Clock Edge:+    4000            0     
       Src Latency:+     100          150     
       Net Latency:+       0 (I)        0 (I) 
           Arrival:=    4100          150     
                                              
  Gate Check Setup:-      70                  
       Uncertainty:-     150                  
     Required Time:=    3880                  
      Launch Clock:-     150                  
         Data Path:-     811                  
             Slack:=    2919                  

#--------------------------------------------------------------------------------------------------------------------------------------------------------
#                          Timing Point                           Flags    Arc    Edge          Cell            Fanout Load Trans Delay Arrival Instance 
#                                                                                                                      (fF)  (ps)  (ps)   (ps)  Location 
#--------------------------------------------------------------------------------------------------------------------------------------------------------
  u_apb_ascon_u_ascon/fsm_state_reg[2]/CLK                        -       -       R     (arrival)                    3    -    40     0     150    (-,-) 
  u_apb_ascon_u_ascon/fsm_state_reg[2]/QN                         -       CLK->QN F     DFFASRHQNx1_ASAP7_75t_R      5  6.2    91   139     289    (-,-) 
  u_apb_ascon_u_ascon/g40407/Y                                    -       A->Y    R     NOR2xp33_ASAP7_75t_R         2  2.8   131    84     373    (-,-) 
  u_apb_ascon_u_ascon/g40401/Y                                    -       A->Y    F     INVxp33_ASAP7_75t_R          1  2.0    87    78     451    (-,-) 
  u_apb_ascon_u_ascon/g40069/Y                                    -       B->Y    F     OR2x2_ASAP7_75t_R            6  8.3    53    77     528    (-,-) 
  u_apb_ascon_u_ascon/g41782/Y                                    -       A->Y    R     INVx1_ASAP7_75t_R            6  7.5   113    71     600    (-,-) 
  u_apb_ascon_u_ascon/g39988/Y                                    -       B->Y    F     NAND2xp5_ASAP7_75t_R         3  4.1    98    77     677    (-,-) 
  u_apb_ascon_u_ascon/g39646__6417/Y                              -       B->Y    R     NAND3xp33_ASAP7_75t_R        1  1.9    69    58     734    (-,-) 
  u_apb_ascon_u_ascon/drc_bufs42303/Y                             -       A->Y    F     INVxp67_ASAP7_75t_R          2  2.9    56    50     784    (-,-) 
  u_apb_ascon_u_ascon/drc_bufs42302/Y                             -       A->Y    R     INVxp67_ASAP7_75t_R          3  4.0    94    63     848    (-,-) 
  u_apb_ascon_u_ascon/g39448__7410/Y                              -       A2->Y   R     AO21x1_ASAP7_75t_R           3  4.3    68    69     916    (-,-) 
  u_apb_ascon_u_ascon/g39276__9945/Y                              -       B->Y    R     AO21x1_ASAP7_75t_R           1  1.9    36    44     961    (-,-) 
  u_apb_ascon_u_ascon/cg_icg__RC_CG_HIER_INST160/RC_CGIC_INST/ENA -       -       R     ICGx1_ASAP7_75t_R            1    -     -     0     961    (-,-) 
#--------------------------------------------------------------------------------------------------------------------------------------------------------



Path 17: MET (2919 ps) Clock Gating Setup Check at cgic pin u_apb_ascon_u_ascon/cg_icg__RC_CG_HIER_INST158/RC_CGIC_INST/ENA
           View: view_ss
          Group: cg_enable_group_CLK_ASCON
     Startpoint: (R) u_apb_ascon_u_ascon/fsm_state_reg[2]/CLK
          Clock: (R) CLK_ASCON
       Endpoint: (R) u_apb_ascon_u_ascon/cg_icg__RC_CG_HIER_INST158/RC_CGIC_INST/ENA
          Clock: (R) CLK_ASCON

                     Capture       Launch     
        Clock Edge:+    4000            0     
       Src Latency:+     100          150     
       Net Latency:+       0 (I)        0 (I) 
           Arrival:=    4100          150     
                                              
  Gate Check Setup:-      70                  
       Uncertainty:-     150                  
     Required Time:=    3880                  
      Launch Clock:-     150                  
         Data Path:-     811                  
             Slack:=    2919                  

#--------------------------------------------------------------------------------------------------------------------------------------------------------
#                          Timing Point                           Flags    Arc    Edge          Cell            Fanout Load Trans Delay Arrival Instance 
#                                                                                                                      (fF)  (ps)  (ps)   (ps)  Location 
#--------------------------------------------------------------------------------------------------------------------------------------------------------
  u_apb_ascon_u_ascon/fsm_state_reg[2]/CLK                        -       -       R     (arrival)                    3    -    40     0     150    (-,-) 
  u_apb_ascon_u_ascon/fsm_state_reg[2]/QN                         -       CLK->QN F     DFFASRHQNx1_ASAP7_75t_R      5  6.2    91   139     289    (-,-) 
  u_apb_ascon_u_ascon/g40407/Y                                    -       A->Y    R     NOR2xp33_ASAP7_75t_R         2  2.8   131    84     373    (-,-) 
  u_apb_ascon_u_ascon/g40401/Y                                    -       A->Y    F     INVxp33_ASAP7_75t_R          1  2.0    87    78     451    (-,-) 
  u_apb_ascon_u_ascon/g40069/Y                                    -       B->Y    F     OR2x2_ASAP7_75t_R            6  8.3    53    77     528    (-,-) 
  u_apb_ascon_u_ascon/g41782/Y                                    -       A->Y    R     INVx1_ASAP7_75t_R            6  7.5   113    71     600    (-,-) 
  u_apb_ascon_u_ascon/g39988/Y                                    -       B->Y    F     NAND2xp5_ASAP7_75t_R         3  4.1    98    77     677    (-,-) 
  u_apb_ascon_u_ascon/g39646__6417/Y                              -       B->Y    R     NAND3xp33_ASAP7_75t_R        1  1.9    69    58     734    (-,-) 
  u_apb_ascon_u_ascon/drc_bufs42303/Y                             -       A->Y    F     INVxp67_ASAP7_75t_R          2  2.9    56    50     784    (-,-) 
  u_apb_ascon_u_ascon/drc_bufs42302/Y                             -       A->Y    R     INVxp67_ASAP7_75t_R          3  4.0    94    63     848    (-,-) 
  u_apb_ascon_u_ascon/g39448__7410/Y                              -       A2->Y   R     AO21x1_ASAP7_75t_R           3  4.3    68    69     916    (-,-) 
  u_apb_ascon_u_ascon/g39275__9315/Y                              -       B->Y    R     AO21x1_ASAP7_75t_R           1  1.9    36    44     961    (-,-) 
  u_apb_ascon_u_ascon/cg_icg__RC_CG_HIER_INST158/RC_CGIC_INST/ENA -       -       R     ICGx1_ASAP7_75t_R            1    -     -     0     961    (-,-) 
#--------------------------------------------------------------------------------------------------------------------------------------------------------



Path 18: MET (2956 ps) Clock Gating Setup Check at cgic pin u_apb_ascon_u_ascon/cg_icg__RC_CG_HIER_INST159/RC_CGIC_INST/ENA
           View: view_ss
          Group: cg_enable_group_CLK_ASCON
     Startpoint: (R) u_apb_ascon_u_ascon/fsm_state_reg[2]/CLK
          Clock: (R) CLK_ASCON
       Endpoint: (R) u_apb_ascon_u_ascon/cg_icg__RC_CG_HIER_INST159/RC_CGIC_INST/ENA
          Clock: (R) CLK_ASCON

                     Capture       Launch     
        Clock Edge:+    4000            0     
       Src Latency:+     100          150     
       Net Latency:+       0 (I)        0 (I) 
           Arrival:=    4100          150     
                                              
  Gate Check Setup:-      77                  
       Uncertainty:-     150                  
     Required Time:=    3873                  
      Launch Clock:-     150                  
         Data Path:-     766                  
             Slack:=    2956                  

#--------------------------------------------------------------------------------------------------------------------------------------------------------
#                          Timing Point                           Flags    Arc    Edge          Cell            Fanout Load Trans Delay Arrival Instance 
#                                                                                                                      (fF)  (ps)  (ps)   (ps)  Location 
#--------------------------------------------------------------------------------------------------------------------------------------------------------
  u_apb_ascon_u_ascon/fsm_state_reg[2]/CLK                        -       -       R     (arrival)                    3    -    40     0     150    (-,-) 
  u_apb_ascon_u_ascon/fsm_state_reg[2]/QN                         -       CLK->QN F     DFFASRHQNx1_ASAP7_75t_R      5  6.2    91   139     289    (-,-) 
  u_apb_ascon_u_ascon/g40407/Y                                    -       A->Y    R     NOR2xp33_ASAP7_75t_R         2  2.8   131    84     373    (-,-) 
  u_apb_ascon_u_ascon/g40401/Y                                    -       A->Y    F     INVxp33_ASAP7_75t_R          1  2.0    87    78     451    (-,-) 
  u_apb_ascon_u_ascon/g40069/Y                                    -       B->Y    F     OR2x2_ASAP7_75t_R            6  8.3    53    77     528    (-,-) 
  u_apb_ascon_u_ascon/g41782/Y                                    -       A->Y    R     INVx1_ASAP7_75t_R            6  7.5   113    71     600    (-,-) 
  u_apb_ascon_u_ascon/g39988/Y                                    -       B->Y    F     NAND2xp5_ASAP7_75t_R         3  4.1    98    77     677    (-,-) 
  u_apb_ascon_u_ascon/g39646__6417/Y                              -       B->Y    R     NAND3xp33_ASAP7_75t_R        1  1.9    69    58     734    (-,-) 
  u_apb_ascon_u_ascon/drc_bufs42303/Y                             -       A->Y    F     INVxp67_ASAP7_75t_R          2  2.9    56    50     784    (-,-) 
  u_apb_ascon_u_ascon/drc_bufs42302/Y                             -       A->Y    R     INVxp67_ASAP7_75t_R          3  4.0    94    63     848    (-,-) 
  u_apb_ascon_u_ascon/g39448__7410/Y                              -       A2->Y   R     AO21x1_ASAP7_75t_R           3  4.3    68    69     916    (-,-) 
  u_apb_ascon_u_ascon/cg_icg__RC_CG_HIER_INST159/RC_CGIC_INST/ENA -       -       R     ICGx1_ASAP7_75t_R            3    -     -     0     916    (-,-) 
#--------------------------------------------------------------------------------------------------------------------------------------------------------



Path 19: MET (2974 ps) Clock Gating Setup Check at cgic pin u_apb_ascon_u_ascon/cg_icg__RC_CG_HIER_INST166/RC_CGIC_INST/ENA
           View: view_ss
          Group: cg_enable_group_CLK_ASCON
     Startpoint: (R) u_apb_ascon_u_ascon/round_reg[3]/CLK
          Clock: (R) CLK_ASCON
       Endpoint: (F) u_apb_ascon_u_ascon/cg_icg__RC_CG_HIER_INST166/RC_CGIC_INST/ENA
          Clock: (R) CLK_ASCON

                     Capture       Launch     
        Clock Edge:+    4000            0     
       Src Latency:+     100          150     
       Net Latency:+       0 (I)        0 (I) 
           Arrival:=    4100          150     
                                              
  Gate Check Setup:-      69                  
       Uncertainty:-     150                  
     Required Time:=    3881                  
      Launch Clock:-     150                  
         Data Path:-     757                  
             Slack:=    2974                  

#--------------------------------------------------------------------------------------------------------------------------------------------------------
#                          Timing Point                           Flags    Arc    Edge          Cell            Fanout Load Trans Delay Arrival Instance 
#                                                                                                                      (fF)  (ps)  (ps)   (ps)  Location 
#--------------------------------------------------------------------------------------------------------------------------------------------------------
  u_apb_ascon_u_ascon/round_reg[3]/CLK                            -       -       R     (arrival)                    4    -    40     0     150    (-,-) 
  u_apb_ascon_u_ascon/round_reg[3]/QN                             -       CLK->QN F     DFFASRHQNx1_ASAP7_75t_R      5  7.2   100   145     295    (-,-) 
  u_apb_ascon_u_ascon/g40597/Y                                    -       A->Y    R     INVxp33_ASAP7_75t_R          1  1.8    98    75     370    (-,-) 
  u_apb_ascon_u_ascon/g40464/Y                                    -       B->Y    F     NOR2xp33_ASAP7_75t_R         1  1.8    82    67     437    (-,-) 
  u_apb_ascon_u_ascon/drc_bufs43551/Y                             -       A->Y    R     INVxp33_ASAP7_75t_R          2  2.8   131    89     526    (-,-) 
  u_apb_ascon_u_ascon/drc_bufs43550/Y                             -       A->Y    F     INVxp33_ASAP7_75t_R          1  1.8    82    74     600    (-,-) 
  u_apb_ascon_u_ascon/g40402/Y                                    -       A->Y    R     INVxp33_ASAP7_75t_R          1  2.0   101    74     674    (-,-) 
  u_apb_ascon_u_ascon/g40196/Y                                    -       B->Y    R     OR2x2_ASAP7_75t_R            6  7.3    59    73     746    (-,-) 
  u_apb_ascon_u_ascon/g39989/Y                                    -       B->Y    R     OR2x2_ASAP7_75t_R            4  5.4    45    57     803    (-,-) 
  u_apb_ascon_u_ascon/g39797__5526/Y                              -       B->Y    R     OR2x2_ASAP7_75t_R            3  4.1    38    49     852    (-,-) 
  u_apb_ascon_u_ascon/g39447__1666/Y                              -       B->Y    F     NAND4xp25_ASAP7_75t_R        1  1.9   102    55     907    (-,-) 
  u_apb_ascon_u_ascon/cg_icg__RC_CG_HIER_INST166/RC_CGIC_INST/ENA -       -       F     ICGx1_ASAP7_75t_R            1    -     -     0     907    (-,-) 
#--------------------------------------------------------------------------------------------------------------------------------------------------------



Path 20: MET (2978 ps) Clock Gating Setup Check at cgic pin u_apb_ascon_u_ascon/cg_icg__RC_CG_HIER_INST164/RC_CGIC_INST/ENA
           View: view_ss
          Group: cg_enable_group_CLK_ASCON
     Startpoint: (R) u_apb_ascon_u_ascon/round_reg[3]/CLK
          Clock: (R) CLK_ASCON
       Endpoint: (R) u_apb_ascon_u_ascon/cg_icg__RC_CG_HIER_INST164/RC_CGIC_INST/ENA
          Clock: (R) CLK_ASCON

                     Capture       Launch     
        Clock Edge:+    4000            0     
       Src Latency:+     100          150     
       Net Latency:+       0 (I)        0 (I) 
           Arrival:=    4100          150     
                                              
  Gate Check Setup:-      81                  
       Uncertainty:-     150                  
     Required Time:=    3869                  
      Launch Clock:-     150                  
         Data Path:-     741                  
             Slack:=    2978                  

#--------------------------------------------------------------------------------------------------------------------------------------------------------
#                          Timing Point                           Flags    Arc    Edge          Cell            Fanout Load Trans Delay Arrival Instance 
#                                                                                                                      (fF)  (ps)  (ps)   (ps)  Location 
#--------------------------------------------------------------------------------------------------------------------------------------------------------
  u_apb_ascon_u_ascon/round_reg[3]/CLK                            -       -       R     (arrival)                    4    -    40     0     150    (-,-) 
  u_apb_ascon_u_ascon/round_reg[3]/QN                             -       CLK->QN R     DFFASRHQNx1_ASAP7_75t_R      5  7.3   122   142     292    (-,-) 
  u_apb_ascon_u_ascon/g40597/Y                                    -       A->Y    F     INVxp33_ASAP7_75t_R          1  1.8    80    71     364    (-,-) 
  u_apb_ascon_u_ascon/g40464/Y                                    -       B->Y    R     NOR2xp33_ASAP7_75t_R         1  1.8    94    66     429    (-,-) 
  u_apb_ascon_u_ascon/drc_bufs43551/Y                             -       A->Y    F     INVxp33_ASAP7_75t_R          2  2.8    98    80     509    (-,-) 
  u_apb_ascon_u_ascon/drc_bufs43550/Y                             -       A->Y    R     INVxp33_ASAP7_75t_R          1  1.8    98    74     584    (-,-) 
  u_apb_ascon_u_ascon/g40402/Y                                    -       A->Y    F     INVxp33_ASAP7_75t_R          1  2.0    79    68     652    (-,-) 
  u_apb_ascon_u_ascon/g40196/Y                                    -       B->Y    F     OR2x2_ASAP7_75t_R            6  7.3    48    73     725    (-,-) 
  u_apb_ascon_u_ascon/g39989/Y                                    -       B->Y    F     OR2x2_ASAP7_75t_R            4  5.4    37    60     784    (-,-) 
  u_apb_ascon_u_ascon/g39797__5526/Y                              -       B->Y    F     OR2x2_ASAP7_75t_R            3  4.1    33    53     837    (-,-) 
  u_apb_ascon_u_ascon/g23249/Y                                    -       A->Y    R     INVxp33_ASAP7_75t_R          1  1.9    87    53     891    (-,-) 
  u_apb_ascon_u_ascon/cg_icg__RC_CG_HIER_INST164/RC_CGIC_INST/ENA -       -       R     ICGx1_ASAP7_75t_R            1    -     -     0     891    (-,-) 
#--------------------------------------------------------------------------------------------------------------------------------------------------------


