============================================================
  Generated by:           Genus(TM) Synthesis Solution 23.14-s090_1
  Generated on:           Sep 14 2026  09:35:51 pm
  Module:                 top_soc
  Operating conditions:   PVT_0P63V_100C 
  Operating conditions:   PVT_0P7V_25C 
  Interconnect mode:      global
  Area mode:              physical library
============================================================


Path 1: MET (2492 ps) Clock Gating Setup Check at cgic pin u_tim0_cg_icg__RC_CG_HIER_INST56/RC_CGIC_INST/ENA
           View: view_ss
          Group: cg_enable_group_CLK_TIM0
     Startpoint: (R) u_axi_to_apb_m_apb_paddr_reg[30]/CLK
          Clock: (R) CLK_SYS
       Endpoint: (R) u_tim0_cg_icg__RC_CG_HIER_INST56/RC_CGIC_INST/ENA
          Clock: (R) CLK_TIM0

                     Capture       Launch     
        Clock Edge:+    4000            0     
       Src Latency:+     100          150     
       Net Latency:+       0 (I)        0 (I) 
           Arrival:=    4100          150     
                                              
  Gate Check Setup:-      83                  
       Uncertainty:-     150                  
     Required Time:=    3867                  
      Launch Clock:-     150                  
         Data Path:-    1225                  
             Slack:=    2492                  

#------------------------------------------------------------------------------------------------------------------------------------------
#                   Timing Point                    Flags    Arc    Edge          Cell            Fanout Load Trans Delay Arrival Instance 
#                                                                                                        (fF)  (ps)  (ps)   (ps)  Location 
#------------------------------------------------------------------------------------------------------------------------------------------
  u_axi_to_apb_m_apb_paddr_reg[30]/CLK              -       -       R     (arrival)                   69    -    40     0     150    (-,-) 
  u_axi_to_apb_m_apb_paddr_reg[30]/QN               -       CLK->QN R     DFFASRHQNx1_ASAP7_75t_R      1  1.8    47    99     249    (-,-) 
  g625/Y                                            -       A->Y    F     INVxp33_ASAP7_75t_R          1  2.1    70    52     301    (-,-) 
  g125925/Y                                         -       A->Y    F     OR4x1_ASAP7_75t_R            2  3.1    47    82     384    (-,-) 
  g125924/Y                                         -       D->Y    F     OR5x1_ASAP7_75t_R            2  3.2    52    97     481    (-,-) 
  g201215/Y                                         -       B->Y    F     OR2x2_ASAP7_75t_R            2  3.3    28    55     536    (-,-) 
  g199406/Y                                         -       A->Y    F     OR4x1_ASAP7_75t_R            6  8.4    96   101     636    (-,-) 
  g199279/Y                                         -       A->Y    R     INVxp33_ASAP7_75t_R          1  2.0   105    78     714    (-,-) 
  g199104/Y                                         -       B->Y    R     AND2x2_ASAP7_75t_R           3  4.2    40    63     777    (-,-) 
  g198932/Y                                         -       A->Y    F     INVxp33_ASAP7_75t_R          1  2.0    65    48     825    (-,-) 
  g198907/Y                                         -       A->Y    F     OR3x1_ASAP7_75t_R            3  4.2    53    77     902    (-,-) 
  g198369/Y                                         -       B->Y    F     OR2x2_ASAP7_75t_R           11 14.2    80    84     986    (-,-) 
  g198185/Y                                         -       B->Y    R     NOR2x1_ASAP7_75t_R           6  7.2   116    78    1064    (-,-) 
  g197663/Y                                         -       B->Y    F     NAND2xp33_ASAP7_75t_R        2  2.8   100    80    1143    (-,-) 
  g197229/Y                                         -       B->Y    R     NAND2xp33_ASAP7_75t_R        1  2.0   107    81    1224    (-,-) 
  g196958/Y                                         -       B->Y    F     NAND2xp5_ASAP7_75t_R         3  3.9    93    74    1298    (-,-) 
  g196227/Y                                         -       B->Y    R     NAND2xp33_ASAP7_75t_R        1  1.9   101    77    1375    (-,-) 
  u_tim0_cg_icg__RC_CG_HIER_INST56/RC_CGIC_INST/ENA -       -       R     ICGx1_ASAP7_75t_R            1    -     -     0    1375    (-,-) 
#------------------------------------------------------------------------------------------------------------------------------------------



Path 2: MET (2492 ps) Clock Gating Setup Check at cgic pin u_tim0_cg_icg__RC_CG_HIER_INST60/RC_CGIC_INST/ENA
           View: view_ss
          Group: cg_enable_group_CLK_TIM0
     Startpoint: (R) u_axi_to_apb_m_apb_paddr_reg[30]/CLK
          Clock: (R) CLK_SYS
       Endpoint: (R) u_tim0_cg_icg__RC_CG_HIER_INST60/RC_CGIC_INST/ENA
          Clock: (R) CLK_TIM0

                     Capture       Launch     
        Clock Edge:+    4000            0     
       Src Latency:+     100          150     
       Net Latency:+       0 (I)        0 (I) 
           Arrival:=    4100          150     
                                              
  Gate Check Setup:-      83                  
       Uncertainty:-     150                  
     Required Time:=    3867                  
      Launch Clock:-     150                  
         Data Path:-    1225                  
             Slack:=    2492                  

#------------------------------------------------------------------------------------------------------------------------------------------
#                   Timing Point                    Flags    Arc    Edge          Cell            Fanout Load Trans Delay Arrival Instance 
#                                                                                                        (fF)  (ps)  (ps)   (ps)  Location 
#------------------------------------------------------------------------------------------------------------------------------------------
  u_axi_to_apb_m_apb_paddr_reg[30]/CLK              -       -       R     (arrival)                   69    -    40     0     150    (-,-) 
  u_axi_to_apb_m_apb_paddr_reg[30]/QN               -       CLK->QN R     DFFASRHQNx1_ASAP7_75t_R      1  1.8    47    99     249    (-,-) 
  g625/Y                                            -       A->Y    F     INVxp33_ASAP7_75t_R          1  2.1    70    52     301    (-,-) 
  g125925/Y                                         -       A->Y    F     OR4x1_ASAP7_75t_R            2  3.1    47    82     384    (-,-) 
  g125924/Y                                         -       D->Y    F     OR5x1_ASAP7_75t_R            2  3.2    52    97     481    (-,-) 
  g201215/Y                                         -       B->Y    F     OR2x2_ASAP7_75t_R            2  3.3    28    55     536    (-,-) 
  g199406/Y                                         -       A->Y    F     OR4x1_ASAP7_75t_R            6  8.4    96   101     636    (-,-) 
  g199279/Y                                         -       A->Y    R     INVxp33_ASAP7_75t_R          1  2.0   105    78     714    (-,-) 
  g199104/Y                                         -       B->Y    R     AND2x2_ASAP7_75t_R           3  4.2    40    63     777    (-,-) 
  g198932/Y                                         -       A->Y    F     INVxp33_ASAP7_75t_R          1  2.0    65    48     825    (-,-) 
  g198907/Y                                         -       A->Y    F     OR3x1_ASAP7_75t_R            3  4.2    53    77     902    (-,-) 
  g198369/Y                                         -       B->Y    F     OR2x2_ASAP7_75t_R           11 14.2    80    84     986    (-,-) 
  g198185/Y                                         -       B->Y    R     NOR2x1_ASAP7_75t_R           6  7.2   116    78    1064    (-,-) 
  g197660/Y                                         -       B->Y    F     NAND2xp33_ASAP7_75t_R        2  2.8   100    80    1143    (-,-) 
  g197242/Y                                         -       B->Y    R     NAND2xp33_ASAP7_75t_R        1  2.0   107    81    1224    (-,-) 
  g196955/Y                                         -       B->Y    F     NAND2xp5_ASAP7_75t_R         3  3.9    93    74    1298    (-,-) 
  g196226/Y                                         -       B->Y    R     NAND2xp33_ASAP7_75t_R        1  1.9   101    77    1375    (-,-) 
  u_tim0_cg_icg__RC_CG_HIER_INST60/RC_CGIC_INST/ENA -       -       R     ICGx1_ASAP7_75t_R            1    -     -     0    1375    (-,-) 
#------------------------------------------------------------------------------------------------------------------------------------------



Path 3: MET (2492 ps) Clock Gating Setup Check at cgic pin u_tim0_cg_icg__RC_CG_HIER_INST59/RC_CGIC_INST/ENA
           View: view_ss
          Group: cg_enable_group_CLK_TIM0
     Startpoint: (R) u_axi_to_apb_m_apb_paddr_reg[30]/CLK
          Clock: (R) CLK_SYS
       Endpoint: (R) u_tim0_cg_icg__RC_CG_HIER_INST59/RC_CGIC_INST/ENA
          Clock: (R) CLK_TIM0

                     Capture       Launch     
        Clock Edge:+    4000            0     
       Src Latency:+     100          150     
       Net Latency:+       0 (I)        0 (I) 
           Arrival:=    4100          150     
                                              
  Gate Check Setup:-      83                  
       Uncertainty:-     150                  
     Required Time:=    3867                  
      Launch Clock:-     150                  
         Data Path:-    1225                  
             Slack:=    2492                  

#------------------------------------------------------------------------------------------------------------------------------------------
#                   Timing Point                    Flags    Arc    Edge          Cell            Fanout Load Trans Delay Arrival Instance 
#                                                                                                        (fF)  (ps)  (ps)   (ps)  Location 
#------------------------------------------------------------------------------------------------------------------------------------------
  u_axi_to_apb_m_apb_paddr_reg[30]/CLK              -       -       R     (arrival)                   69    -    40     0     150    (-,-) 
  u_axi_to_apb_m_apb_paddr_reg[30]/QN               -       CLK->QN R     DFFASRHQNx1_ASAP7_75t_R      1  1.8    47    99     249    (-,-) 
  g625/Y                                            -       A->Y    F     INVxp33_ASAP7_75t_R          1  2.1    70    52     301    (-,-) 
  g125925/Y                                         -       A->Y    F     OR4x1_ASAP7_75t_R            2  3.1    47    82     384    (-,-) 
  g125924/Y                                         -       D->Y    F     OR5x1_ASAP7_75t_R            2  3.2    52    97     481    (-,-) 
  g201215/Y                                         -       B->Y    F     OR2x2_ASAP7_75t_R            2  3.3    28    55     536    (-,-) 
  g199406/Y                                         -       A->Y    F     OR4x1_ASAP7_75t_R            6  8.4    96   101     636    (-,-) 
  g199279/Y                                         -       A->Y    R     INVxp33_ASAP7_75t_R          1  2.0   105    78     714    (-,-) 
  g199104/Y                                         -       B->Y    R     AND2x2_ASAP7_75t_R           3  4.2    40    63     777    (-,-) 
  g198932/Y                                         -       A->Y    F     INVxp33_ASAP7_75t_R          1  2.0    65    48     825    (-,-) 
  g198907/Y                                         -       A->Y    F     OR3x1_ASAP7_75t_R            3  4.2    53    77     902    (-,-) 
  g198369/Y                                         -       B->Y    F     OR2x2_ASAP7_75t_R           11 14.2    80    84     986    (-,-) 
  g198185/Y                                         -       B->Y    R     NOR2x1_ASAP7_75t_R           6  7.2   116    78    1064    (-,-) 
  g197659/Y                                         -       B->Y    F     NAND2xp33_ASAP7_75t_R        2  2.8   100    80    1143    (-,-) 
  g197240/Y                                         -       B->Y    R     NAND2xp33_ASAP7_75t_R        1  2.0   107    81    1224    (-,-) 
  g196954/Y                                         -       B->Y    F     NAND2xp5_ASAP7_75t_R         3  3.9    93    74    1298    (-,-) 
  g196222/Y                                         -       B->Y    R     NAND2xp33_ASAP7_75t_R        1  1.9   101    77    1375    (-,-) 
  u_tim0_cg_icg__RC_CG_HIER_INST59/RC_CGIC_INST/ENA -       -       R     ICGx1_ASAP7_75t_R            1    -     -     0    1375    (-,-) 
#------------------------------------------------------------------------------------------------------------------------------------------



Path 4: MET (2492 ps) Clock Gating Setup Check at cgic pin u_tim0_cg_icg__RC_CG_HIER_INST55/RC_CGIC_INST/ENA
           View: view_ss
          Group: cg_enable_group_CLK_TIM0
     Startpoint: (R) u_axi_to_apb_m_apb_paddr_reg[30]/CLK
          Clock: (R) CLK_SYS
       Endpoint: (R) u_tim0_cg_icg__RC_CG_HIER_INST55/RC_CGIC_INST/ENA
          Clock: (R) CLK_TIM0

                     Capture       Launch     
        Clock Edge:+    4000            0     
       Src Latency:+     100          150     
       Net Latency:+       0 (I)        0 (I) 
           Arrival:=    4100          150     
                                              
  Gate Check Setup:-      83                  
       Uncertainty:-     150                  
     Required Time:=    3867                  
      Launch Clock:-     150                  
         Data Path:-    1225                  
             Slack:=    2492                  

#------------------------------------------------------------------------------------------------------------------------------------------
#                   Timing Point                    Flags    Arc    Edge          Cell            Fanout Load Trans Delay Arrival Instance 
#                                                                                                        (fF)  (ps)  (ps)   (ps)  Location 
#------------------------------------------------------------------------------------------------------------------------------------------
  u_axi_to_apb_m_apb_paddr_reg[30]/CLK              -       -       R     (arrival)                   69    -    40     0     150    (-,-) 
  u_axi_to_apb_m_apb_paddr_reg[30]/QN               -       CLK->QN R     DFFASRHQNx1_ASAP7_75t_R      1  1.8    47    99     249    (-,-) 
  g625/Y                                            -       A->Y    F     INVxp33_ASAP7_75t_R          1  2.1    70    52     301    (-,-) 
  g125925/Y                                         -       A->Y    F     OR4x1_ASAP7_75t_R            2  3.1    47    82     384    (-,-) 
  g125924/Y                                         -       D->Y    F     OR5x1_ASAP7_75t_R            2  3.2    52    97     481    (-,-) 
  g201215/Y                                         -       B->Y    F     OR2x2_ASAP7_75t_R            2  3.3    28    55     536    (-,-) 
  g199406/Y                                         -       A->Y    F     OR4x1_ASAP7_75t_R            6  8.4    96   101     636    (-,-) 
  g199279/Y                                         -       A->Y    R     INVxp33_ASAP7_75t_R          1  2.0   105    78     714    (-,-) 
  g199104/Y                                         -       B->Y    R     AND2x2_ASAP7_75t_R           3  4.2    40    63     777    (-,-) 
  g198932/Y                                         -       A->Y    F     INVxp33_ASAP7_75t_R          1  2.0    65    48     825    (-,-) 
  g198907/Y                                         -       A->Y    F     OR3x1_ASAP7_75t_R            3  4.2    53    77     902    (-,-) 
  g198369/Y                                         -       B->Y    F     OR2x2_ASAP7_75t_R           11 14.2    80    84     986    (-,-) 
  g198185/Y                                         -       B->Y    R     NOR2x1_ASAP7_75t_R           6  7.2   116    78    1064    (-,-) 
  g197664/Y                                         -       B->Y    F     NAND2xp33_ASAP7_75t_R        2  2.8   100    80    1143    (-,-) 
  g197234/Y                                         -       B->Y    R     NAND2xp33_ASAP7_75t_R        1  2.0   107    81    1224    (-,-) 
  g196961/Y                                         -       B->Y    F     NAND2xp5_ASAP7_75t_R         3  3.9    93    74    1298    (-,-) 
  g196228/Y                                         -       B->Y    R     NAND2xp33_ASAP7_75t_R        1  1.9   101    77    1375    (-,-) 
  u_tim0_cg_icg__RC_CG_HIER_INST55/RC_CGIC_INST/ENA -       -       R     ICGx1_ASAP7_75t_R            1    -     -     0    1375    (-,-) 
#------------------------------------------------------------------------------------------------------------------------------------------



Path 5: MET (2526 ps) Clock Gating Setup Check at cgic pin u_tim0_cg_icg__RC_CG_HIER_INST58/RC_CGIC_INST/ENA
           View: view_ss
          Group: cg_enable_group_CLK_TIM0
     Startpoint: (R) u_axi_to_apb_m_apb_paddr_reg[8]/CLK
          Clock: (R) CLK_SYS
       Endpoint: (R) u_tim0_cg_icg__RC_CG_HIER_INST58/RC_CGIC_INST/ENA
          Clock: (R) CLK_TIM0

                     Capture       Launch     
        Clock Edge:+    4000            0     
       Src Latency:+     100          150     
       Net Latency:+       0 (I)        0 (I) 
           Arrival:=    4100          150     
                                              
  Gate Check Setup:-      82                  
       Uncertainty:-     150                  
     Required Time:=    3868                  
      Launch Clock:-     150                  
         Data Path:-    1191                  
             Slack:=    2526                  

#------------------------------------------------------------------------------------------------------------------------------------------
#                   Timing Point                    Flags    Arc    Edge          Cell            Fanout Load Trans Delay Arrival Instance 
#                                                                                                        (fF)  (ps)  (ps)   (ps)  Location 
#------------------------------------------------------------------------------------------------------------------------------------------
  u_axi_to_apb_m_apb_paddr_reg[8]/CLK               -       -       R     (arrival)                   69    -    40     0     150    (-,-) 
  u_axi_to_apb_m_apb_paddr_reg[8]/QN                -       CLK->QN F     DFFASRHQNx1_ASAP7_75t_R      7  9.3   119   157     307    (-,-) 
  g201212/Y                                         -       B->Y    F     OR2x2_ASAP7_75t_R            2  3.4    31    68     375    (-,-) 
  g199543/Y                                         -       A->Y    R     NOR3xp33_ASAP7_75t_R         2  3.0   145    77     452    (-,-) 
  drc_bufs205033/Y                                  -       A->Y    F     INVxp33_ASAP7_75t_R          1  1.8    86    78     530    (-,-) 
  drc_bufs205032/Y                                  -       A->Y    R     INVxp33_ASAP7_75t_R          1  2.0   102    75     605    (-,-) 
  g198906/Y                                         -       A->Y    R     AND3x1_ASAP7_75t_R           3  4.4    72    82     686    (-,-) 
  g198211/Y                                         -       A->Y    R     AND3x1_ASAP7_75t_R           1  2.1    41    60     746    (-,-) 
  drc_bufs203316/Y                                  -       A->Y    F     INVx1_ASAP7_75t_R            4  8.1    84    57     804    (-,-) 
  drc_bufs203312/Y                                  -       A->Y    R     INVx2_ASAP7_75t_R           10 12.4   102    74     878    (-,-) 
  g198076/Y                                         -       A->Y    R     HB4xp67_ASAP7_75t_R          1  2.0    61   125    1003    (-,-) 
  drc_buf_sp205552/Y                                -       A->Y    R     HB2xp67_ASAP7_75t_R          4  5.7   129   111    1114    (-,-) 
  drc_buf_sp205550/Y                                -       A->Y    R     BUFx2_ASAP7_75t_R           11 13.1    99    95    1209    (-,-) 
  g198069/Y                                         -       A->Y    F     INVxp67_ASAP7_75t_R          3  3.8    76    66    1275    (-,-) 
  g197636/Y                                         -       B->Y    R     NOR2xp33_ASAP7_75t_R         1  1.9    97    66    1341    (-,-) 
  u_tim0_cg_icg__RC_CG_HIER_INST58/RC_CGIC_INST/ENA -       -       R     ICGx1_ASAP7_75t_R            1    -     -     0    1341    (-,-) 
#------------------------------------------------------------------------------------------------------------------------------------------



Path 6: MET (2587 ps) Clock Gating Setup Check at cgic pin u_tim0_cg_icg__RC_CG_HIER_INST62/RC_CGIC_INST/ENA
           View: view_ss
          Group: cg_enable_group_CLK_TIM0
     Startpoint: (R) u_axi_to_apb_m_apb_paddr_reg[11]/CLK
          Clock: (R) CLK_SYS
       Endpoint: (R) u_tim0_cg_icg__RC_CG_HIER_INST62/RC_CGIC_INST/ENA
          Clock: (R) CLK_TIM0

                     Capture       Launch     
        Clock Edge:+    4000            0     
       Src Latency:+     100          150     
       Net Latency:+       0 (I)        0 (I) 
           Arrival:=    4100          150     
                                              
  Gate Check Setup:-      82                  
       Uncertainty:-     150                  
     Required Time:=    3868                  
      Launch Clock:-     150                  
         Data Path:-    1130                  
             Slack:=    2587                  

#------------------------------------------------------------------------------------------------------------------------------------------
#                   Timing Point                    Flags    Arc    Edge          Cell            Fanout Load Trans Delay Arrival Instance 
#                                                                                                        (fF)  (ps)  (ps)   (ps)  Location 
#------------------------------------------------------------------------------------------------------------------------------------------
  u_axi_to_apb_m_apb_paddr_reg[11]/CLK              -       -       R     (arrival)                   69    -    40     0     150    (-,-) 
  u_axi_to_apb_m_apb_paddr_reg[11]/QN               -       CLK->QN F     DFFASRHQNx1_ASAP7_75t_R      1  1.9    50   107     257    (-,-) 
  drc_bufs205174/Y                                  -       A->Y    R     INVxp67_ASAP7_75t_R          2  3.0    73    51     308    (-,-) 
  drc_bufs205173/Y                                  -       A->Y    F     INVxp67_ASAP7_75t_R          3  4.5    78    63     371    (-,-) 
  g201199/Y                                         -       A->Y    F     OR2x2_ASAP7_75t_R            2  3.4    31    59     430    (-,-) 
  g199683/Y                                         -       A->Y    R     NOR3xp33_ASAP7_75t_R         1  1.9   105    56     485    (-,-) 
  drc_bufs202897/Y                                  -       A->Y    F     INVxp67_ASAP7_75t_R          2  2.8    65    59     544    (-,-) 
  drc_bufs202896/Y                                  -       A->Y    R     INVxp33_ASAP7_75t_R          2  3.2   145    90     635    (-,-) 
  g199040/Y                                         -       A->Y    R     AND3x1_ASAP7_75t_R           2  3.1    55    80     715    (-,-) 
  g198623/Y                                         -       A->Y    R     AND2x2_ASAP7_75t_R           3  4.3    39    51     765    (-,-) 
  g198460/Y                                         -       A->Y    R     BUFx3_ASAP7_75t_R           18 21.5   107    78     844    (-,-) 
  g198454/Y                                         -       A->Y    R     HB4xp67_ASAP7_75t_R          1  2.0    62   127     971    (-,-) 
  drc_buf_sp207862/Y                                -       A->Y    R     HB2xp67_ASAP7_75t_R          2  3.4    81    89    1059    (-,-) 
  drc_buf_sp207860/Y                                -       A->Y    R     BUFx3_ASAP7_75t_R           13 16.5    84    78    1137    (-,-) 
  g198452/Y                                         -       A->Y    F     INVxp33_ASAP7_75t_R          2  2.8    96    76    1214    (-,-) 
  g198113/Y                                         -       A->Y    R     NOR2xp33_ASAP7_75t_R         1  1.9    98    67    1280    (-,-) 
  u_tim0_cg_icg__RC_CG_HIER_INST62/RC_CGIC_INST/ENA -       -       R     ICGx1_ASAP7_75t_R            1    -     -     0    1280    (-,-) 
#------------------------------------------------------------------------------------------------------------------------------------------



Path 7: MET (2636 ps) Clock Gating Setup Check at cgic pin u_tim0_cg_icg__RC_CG_HIER_INST63/RC_CGIC_INST/ENA
           View: view_ss
          Group: cg_enable_group_CLK_TIM0
     Startpoint: (R) u_axi_to_apb_m_apb_paddr_reg[30]/CLK
          Clock: (R) CLK_SYS
       Endpoint: (R) u_tim0_cg_icg__RC_CG_HIER_INST63/RC_CGIC_INST/ENA
          Clock: (R) CLK_TIM0

                     Capture       Launch     
        Clock Edge:+    4000            0     
       Src Latency:+     100          150     
       Net Latency:+       0 (I)        0 (I) 
           Arrival:=    4100          150     
                                              
  Gate Check Setup:-      84                  
       Uncertainty:-     150                  
     Required Time:=    3866                  
      Launch Clock:-     150                  
         Data Path:-    1081                  
             Slack:=    2636                  

#------------------------------------------------------------------------------------------------------------------------------------------
#                   Timing Point                    Flags    Arc    Edge          Cell            Fanout Load Trans Delay Arrival Instance 
#                                                                                                        (fF)  (ps)  (ps)   (ps)  Location 
#------------------------------------------------------------------------------------------------------------------------------------------
  u_axi_to_apb_m_apb_paddr_reg[30]/CLK              -       -       R     (arrival)                   69    -    40     0     150    (-,-) 
  u_axi_to_apb_m_apb_paddr_reg[30]/QN               -       CLK->QN R     DFFASRHQNx1_ASAP7_75t_R      1  1.8    47    99     249    (-,-) 
  g625/Y                                            -       A->Y    F     INVxp33_ASAP7_75t_R          1  2.1    70    52     301    (-,-) 
  g125925/Y                                         -       A->Y    F     OR4x1_ASAP7_75t_R            2  3.1    47    82     384    (-,-) 
  g125924/Y                                         -       D->Y    F     OR5x1_ASAP7_75t_R            2  3.2    52    97     481    (-,-) 
  g201215/Y                                         -       B->Y    F     OR2x2_ASAP7_75t_R            2  3.3    28    55     536    (-,-) 
  g199406/Y                                         -       A->Y    F     OR4x1_ASAP7_75t_R            6  8.4    96   101     636    (-,-) 
  g199279/Y                                         -       A->Y    R     INVxp33_ASAP7_75t_R          1  2.0   105    78     714    (-,-) 
  g199104/Y                                         -       B->Y    R     AND2x2_ASAP7_75t_R           3  4.2    40    63     777    (-,-) 
  g198932/Y                                         -       A->Y    F     INVxp33_ASAP7_75t_R          1  2.0    65    48     825    (-,-) 
  g198907/Y                                         -       A->Y    F     OR3x1_ASAP7_75t_R            3  4.2    53    77     902    (-,-) 
  g198369/Y                                         -       B->Y    F     OR2x2_ASAP7_75t_R           11 14.2    80    84     986    (-,-) 
  g198185/Y                                         -       B->Y    R     NOR2x1_ASAP7_75t_R           6  7.2   116    78    1064    (-,-) 
  g197688/Y                                         -       B->Y    F     NAND2xp5_ASAP7_75t_R         3  4.8   109    85    1148    (-,-) 
  g197285/Y                                         -       B->Y    R     NAND2xp33_ASAP7_75t_R        1  1.9   106    82    1231    (-,-) 
  u_tim0_cg_icg__RC_CG_HIER_INST63/RC_CGIC_INST/ENA -       -       R     ICGx1_ASAP7_75t_R            1    -     -     0    1231    (-,-) 
#------------------------------------------------------------------------------------------------------------------------------------------



Path 8: MET (2665 ps) Clock Gating Setup Check at cgic pin u_tim0_cg_icg__RC_CG_HIER_INST61/RC_CGIC_INST/ENA
           View: view_ss
          Group: cg_enable_group_CLK_TIM0
     Startpoint: (R) u_axi_to_apb_m_apb_paddr_reg[30]/CLK
          Clock: (R) CLK_SYS
       Endpoint: (R) u_tim0_cg_icg__RC_CG_HIER_INST61/RC_CGIC_INST/ENA
          Clock: (R) CLK_TIM0

                     Capture       Launch     
        Clock Edge:+    4000            0     
       Src Latency:+     100          150     
       Net Latency:+       0 (I)        0 (I) 
           Arrival:=    4100          150     
                                              
  Gate Check Setup:-      78                  
       Uncertainty:-     150                  
     Required Time:=    3872                  
      Launch Clock:-     150                  
         Data Path:-    1057                  
             Slack:=    2665                  

#------------------------------------------------------------------------------------------------------------------------------------------
#                   Timing Point                    Flags    Arc    Edge          Cell            Fanout Load Trans Delay Arrival Instance 
#                                                                                                        (fF)  (ps)  (ps)   (ps)  Location 
#------------------------------------------------------------------------------------------------------------------------------------------
  u_axi_to_apb_m_apb_paddr_reg[30]/CLK              -       -       R     (arrival)                   69    -    40     0     150    (-,-) 
  u_axi_to_apb_m_apb_paddr_reg[30]/QN               -       CLK->QN R     DFFASRHQNx1_ASAP7_75t_R      1  1.8    47    99     249    (-,-) 
  g625/Y                                            -       A->Y    F     INVxp33_ASAP7_75t_R          1  2.1    70    52     301    (-,-) 
  g125925/Y                                         -       A->Y    F     OR4x1_ASAP7_75t_R            2  3.1    47    82     384    (-,-) 
  g125924/Y                                         -       D->Y    F     OR5x1_ASAP7_75t_R            2  3.2    52    97     481    (-,-) 
  g201215/Y                                         -       B->Y    F     OR2x2_ASAP7_75t_R            2  3.3    28    55     536    (-,-) 
  g199406/Y                                         -       A->Y    F     OR4x1_ASAP7_75t_R            6  8.4    96   101     636    (-,-) 
  g199279/Y                                         -       A->Y    R     INVxp33_ASAP7_75t_R          1  2.0   105    78     714    (-,-) 
  g199104/Y                                         -       B->Y    R     AND2x2_ASAP7_75t_R           3  4.2    40    63     777    (-,-) 
  g198932/Y                                         -       A->Y    F     INVxp33_ASAP7_75t_R          1  2.0    65    48     825    (-,-) 
  g198907/Y                                         -       A->Y    F     OR3x1_ASAP7_75t_R            3  4.2    53    77     902    (-,-) 
  g198369/Y                                         -       B->Y    F     OR2x2_ASAP7_75t_R           11 14.2    80    84     986    (-,-) 
  g198185/Y                                         -       B->Y    R     NOR2x1_ASAP7_75t_R           6  7.2   116    78    1064    (-,-) 
  g197688/Y                                         -       B->Y    F     NAND2xp5_ASAP7_75t_R         3  4.8   109    85    1148    (-,-) 
  g196973/Y                                         -       A->Y    R     NAND3xp33_ASAP7_75t_R        1  1.9    70    59    1207    (-,-) 
  u_tim0_cg_icg__RC_CG_HIER_INST61/RC_CGIC_INST/ENA -       -       R     ICGx1_ASAP7_75t_R            1    -     -     0    1207    (-,-) 
#------------------------------------------------------------------------------------------------------------------------------------------



Path 9: MET (2789 ps) Clock Gating Setup Check at cgic pin u_tim0_cg_icg__RC_CG_HIER_INST54/RC_CGIC_INST/ENA
           View: view_ss
          Group: cg_enable_group_CLK_TIM0
     Startpoint: (R) u_axi_to_apb_m_apb_paddr_reg[30]/CLK
          Clock: (R) CLK_SYS
       Endpoint: (R) u_tim0_cg_icg__RC_CG_HIER_INST54/RC_CGIC_INST/ENA
          Clock: (R) CLK_TIM0

                     Capture       Launch     
        Clock Edge:+    4000            0     
       Src Latency:+     100          150     
       Net Latency:+       0 (I)        0 (I) 
           Arrival:=    4100          150     
                                              
  Gate Check Setup:-      88                  
       Uncertainty:-     150                  
     Required Time:=    3862                  
      Launch Clock:-     150                  
         Data Path:-     923                  
             Slack:=    2789                  

#------------------------------------------------------------------------------------------------------------------------------------------
#                   Timing Point                    Flags    Arc    Edge          Cell            Fanout Load Trans Delay Arrival Instance 
#                                                                                                        (fF)  (ps)  (ps)   (ps)  Location 
#------------------------------------------------------------------------------------------------------------------------------------------
  u_axi_to_apb_m_apb_paddr_reg[30]/CLK              -       -       R     (arrival)                   69    -    40     0     150    (-,-) 
  u_axi_to_apb_m_apb_paddr_reg[30]/QN               -       CLK->QN R     DFFASRHQNx1_ASAP7_75t_R      1  1.8    47    99     249    (-,-) 
  g625/Y                                            -       A->Y    F     INVxp33_ASAP7_75t_R          1  2.1    70    52     301    (-,-) 
  g125925/Y                                         -       A->Y    F     OR4x1_ASAP7_75t_R            2  3.1    47    82     384    (-,-) 
  g125924/Y                                         -       D->Y    F     OR5x1_ASAP7_75t_R            2  3.2    52    97     481    (-,-) 
  g201215/Y                                         -       B->Y    F     OR2x2_ASAP7_75t_R            2  3.3    28    55     536    (-,-) 
  g199406/Y                                         -       A->Y    F     OR4x1_ASAP7_75t_R            6  8.4    96   101     636    (-,-) 
  g199279/Y                                         -       A->Y    R     INVxp33_ASAP7_75t_R          1  2.0   105    78     714    (-,-) 
  g199104/Y                                         -       B->Y    R     AND2x2_ASAP7_75t_R           3  4.2    40    63     777    (-,-) 
  g198932/Y                                         -       A->Y    F     INVxp33_ASAP7_75t_R          1  2.0    65    48     825    (-,-) 
  g198907/Y                                         -       A->Y    F     OR3x1_ASAP7_75t_R            3  4.2    53    77     902    (-,-) 
  g198369/Y                                         -       B->Y    F     OR2x2_ASAP7_75t_R           11 14.2    80    84     986    (-,-) 
  g198171/Y                                         -       B->Y    R     NOR2xp33_ASAP7_75t_R         2  2.9   137    87    1073    (-,-) 
  u_tim0_cg_icg__RC_CG_HIER_INST54/RC_CGIC_INST/ENA -       -       R     ICGx1_ASAP7_75t_R            2    -     -     0    1073    (-,-) 
#------------------------------------------------------------------------------------------------------------------------------------------



Path 10: MET (2794 ps) Clock Gating Setup Check at cgic pin u_tim0_cg_icg__RC_CG_HIER_INST65/RC_CGIC_INST/ENA
           View: view_ss
          Group: cg_enable_group_CLK_TIM0
     Startpoint: (R) u_axi_to_apb_m_apb_paddr_reg[11]/CLK
          Clock: (R) CLK_SYS
       Endpoint: (R) u_tim0_cg_icg__RC_CG_HIER_INST65/RC_CGIC_INST/ENA
          Clock: (R) CLK_TIM0

                     Capture       Launch     
        Clock Edge:+    4000            0     
       Src Latency:+     100          150     
       Net Latency:+       0 (I)        0 (I) 
           Arrival:=    4100          150     
                                              
  Gate Check Setup:-      83                  
       Uncertainty:-     150                  
     Required Time:=    3867                  
      Launch Clock:-     150                  
         Data Path:-     924                  
             Slack:=    2794                  

#------------------------------------------------------------------------------------------------------------------------------------------
#                   Timing Point                    Flags    Arc    Edge          Cell            Fanout Load Trans Delay Arrival Instance 
#                                                                                                        (fF)  (ps)  (ps)   (ps)  Location 
#------------------------------------------------------------------------------------------------------------------------------------------
  u_axi_to_apb_m_apb_paddr_reg[11]/CLK              -       -       R     (arrival)                   69    -    40     0     150    (-,-) 
  u_axi_to_apb_m_apb_paddr_reg[11]/QN               -       CLK->QN F     DFFASRHQNx1_ASAP7_75t_R      1  1.9    50   107     257    (-,-) 
  drc_bufs205174/Y                                  -       A->Y    R     INVxp67_ASAP7_75t_R          2  3.0    73    51     308    (-,-) 
  drc_bufs205173/Y                                  -       A->Y    F     INVxp67_ASAP7_75t_R          3  4.5    78    63     371    (-,-) 
  g201199/Y                                         -       A->Y    F     OR2x2_ASAP7_75t_R            2  3.4    31    59     430    (-,-) 
  g199683/Y                                         -       A->Y    R     NOR3xp33_ASAP7_75t_R         1  1.9   105    56     485    (-,-) 
  drc_bufs202897/Y                                  -       A->Y    F     INVxp67_ASAP7_75t_R          2  2.8    65    59     544    (-,-) 
  drc_bufs202896/Y                                  -       A->Y    R     INVxp33_ASAP7_75t_R          2  3.2   145    90     635    (-,-) 
  g199065/Y                                         -       A->Y    R     AND3x1_ASAP7_75t_R           2  3.1    55    80     715    (-,-) 
  g198619/Y                                         -       A->Y    R     AND2x2_ASAP7_75t_R           1  2.0    24    42     757    (-,-) 
  drc_buf_sp205776/Y                                -       A->Y    R     HB2xp67_ASAP7_75t_R          2  3.4    81    75     832    (-,-) 
  drc_buf_sp205774/Y                                -       A->Y    R     BUFx3_ASAP7_75t_R           18 21.8   109    89     921    (-,-) 
  g198405/Y                                         -       A->Y    F     INVx1_ASAP7_75t_R            7  8.5   103    84    1006    (-,-) 
  g198114/Y                                         -       A->Y    R     NOR2xp33_ASAP7_75t_R         1  1.9    99    68    1074    (-,-) 
  u_tim0_cg_icg__RC_CG_HIER_INST65/RC_CGIC_INST/ENA -       -       R     ICGx1_ASAP7_75t_R            1    -     -     0    1074    (-,-) 
#------------------------------------------------------------------------------------------------------------------------------------------



Path 11: MET (2814 ps) Clock Gating Setup Check at cgic pin u_tim0_cg_icg__RC_CG_HIER_INST64/RC_CGIC_INST/ENA
           View: view_ss
          Group: cg_enable_group_CLK_TIM0
     Startpoint: (R) u_axi_to_apb_m_apb_paddr_reg[30]/CLK
          Clock: (R) CLK_SYS
       Endpoint: (R) u_tim0_cg_icg__RC_CG_HIER_INST64/RC_CGIC_INST/ENA
          Clock: (R) CLK_TIM0

                     Capture       Launch     
        Clock Edge:+    4000            0     
       Src Latency:+     100          150     
       Net Latency:+       0 (I)        0 (I) 
           Arrival:=    4100          150     
                                              
  Gate Check Setup:-      82                  
       Uncertainty:-     150                  
     Required Time:=    3868                  
      Launch Clock:-     150                  
         Data Path:-     904                  
             Slack:=    2814                  

#------------------------------------------------------------------------------------------------------------------------------------------
#                   Timing Point                    Flags    Arc    Edge          Cell            Fanout Load Trans Delay Arrival Instance 
#                                                                                                        (fF)  (ps)  (ps)   (ps)  Location 
#------------------------------------------------------------------------------------------------------------------------------------------
  u_axi_to_apb_m_apb_paddr_reg[30]/CLK              -       -       R     (arrival)                   69    -    40     0     150    (-,-) 
  u_axi_to_apb_m_apb_paddr_reg[30]/QN               -       CLK->QN R     DFFASRHQNx1_ASAP7_75t_R      1  1.8    47    99     249    (-,-) 
  g625/Y                                            -       A->Y    F     INVxp33_ASAP7_75t_R          1  2.1    70    52     301    (-,-) 
  g125925/Y                                         -       A->Y    F     OR4x1_ASAP7_75t_R            2  3.1    47    82     384    (-,-) 
  g125924/Y                                         -       D->Y    F     OR5x1_ASAP7_75t_R            2  3.2    52    97     481    (-,-) 
  g201215/Y                                         -       B->Y    F     OR2x2_ASAP7_75t_R            2  3.3    28    55     536    (-,-) 
  g199406/Y                                         -       A->Y    F     OR4x1_ASAP7_75t_R            6  8.4    96   101     636    (-,-) 
  g199279/Y                                         -       A->Y    R     INVxp33_ASAP7_75t_R          1  2.0   105    78     714    (-,-) 
  g199104/Y                                         -       B->Y    R     AND2x2_ASAP7_75t_R           3  4.2    40    63     777    (-,-) 
  g198932/Y                                         -       A->Y    F     INVxp33_ASAP7_75t_R          1  2.0    65    48     825    (-,-) 
  g198907/Y                                         -       A->Y    F     OR3x1_ASAP7_75t_R            3  4.2    53    77     902    (-,-) 
  g198369/Y                                         -       B->Y    F     OR2x2_ASAP7_75t_R           11 14.2    80    84     986    (-,-) 
  g198110/Y                                         -       B->Y    R     NOR2xp33_ASAP7_75t_R         1  1.9    98    68    1054    (-,-) 
  u_tim0_cg_icg__RC_CG_HIER_INST64/RC_CGIC_INST/ENA -       -       R     ICGx1_ASAP7_75t_R            1    -     -     0    1054    (-,-) 
#------------------------------------------------------------------------------------------------------------------------------------------



Path 12: MET (2879 ps) Clock Gating Setup Check at cgic pin u_tim0_cg_icg__RC_CG_HIER_INST57/RC_CGIC_INST/ENA
           View: view_ss
          Group: cg_enable_group_CLK_TIM0
     Startpoint: (R) u_axi_to_apb_m_apb_paddr_reg[30]/CLK
          Clock: (R) CLK_SYS
       Endpoint: (R) u_tim0_cg_icg__RC_CG_HIER_INST57/RC_CGIC_INST/ENA
          Clock: (R) CLK_TIM0

                     Capture       Launch     
        Clock Edge:+    4000            0     
       Src Latency:+     100          150     
       Net Latency:+       0 (I)        0 (I) 
           Arrival:=    4100          150     
                                              
  Gate Check Setup:-      89                  
       Uncertainty:-     150                  
     Required Time:=    3861                  
      Launch Clock:-     150                  
         Data Path:-     832                  
             Slack:=    2879                  

#------------------------------------------------------------------------------------------------------------------------------------------
#                   Timing Point                    Flags    Arc    Edge          Cell            Fanout Load Trans Delay Arrival Instance 
#                                                                                                        (fF)  (ps)  (ps)   (ps)  Location 
#------------------------------------------------------------------------------------------------------------------------------------------
  u_axi_to_apb_m_apb_paddr_reg[30]/CLK              -       -       R     (arrival)                   69    -    40     0     150    (-,-) 
  u_axi_to_apb_m_apb_paddr_reg[30]/QN               -       CLK->QN R     DFFASRHQNx1_ASAP7_75t_R      1  1.8    47    99     249    (-,-) 
  g625/Y                                            -       A->Y    F     INVxp33_ASAP7_75t_R          1  2.1    70    52     301    (-,-) 
  g125925/Y                                         -       A->Y    F     OR4x1_ASAP7_75t_R            2  3.1    47    82     384    (-,-) 
  g125924/Y                                         -       D->Y    F     OR5x1_ASAP7_75t_R            2  3.2    52    97     481    (-,-) 
  g201215/Y                                         -       B->Y    F     OR2x2_ASAP7_75t_R            2  3.3    28    55     536    (-,-) 
  g199406/Y                                         -       A->Y    F     OR4x1_ASAP7_75t_R            6  8.4    96   101     636    (-,-) 
  g199279/Y                                         -       A->Y    R     INVxp33_ASAP7_75t_R          1  2.0   105    78     714    (-,-) 
  g199104/Y                                         -       B->Y    R     AND2x2_ASAP7_75t_R           3  4.2    40    63     777    (-,-) 
  g198932/Y                                         -       A->Y    F     INVxp33_ASAP7_75t_R          1  2.0    65    48     825    (-,-) 
  g198907/Y                                         -       A->Y    F     OR3x1_ASAP7_75t_R            3  4.2    53    77     902    (-,-) 
  g198554/Y                                         -       B->Y    R     NOR2xp33_ASAP7_75t_R         2  3.0   139    80     982    (-,-) 
  u_tim0_cg_icg__RC_CG_HIER_INST57/RC_CGIC_INST/ENA -       -       R     ICGx1_ASAP7_75t_R            2    -     -     0     982    (-,-) 
#------------------------------------------------------------------------------------------------------------------------------------------


