============================================================
  Generated by:           Genus(TM) Synthesis Solution 23.14-s090_1
  Generated on:           Sep 25 2026  02:08:34 am
  Module:                 top_soc
  Operating conditions:   PVT_0P63V_100C 
  Operating conditions:   PVT_0P7V_25C 
  Interconnect mode:      global
  Area mode:              physical library
============================================================


Path 1: MET (2831 ps) Clock Gating Setup Check at cgic pin u_apb_i2c/u_tx_fifo_cg_icg__RC_CG_HIER_INST912/RC_CGIC_INST/ENA
           View: view_ss
          Group: cg_enable_group_CLK_I2C
     Startpoint: (R) u_apb_i2c/u_tx_fifo_rd_ptr_reg[3]/CLK
          Clock: (R) CLK_I2C
       Endpoint: (F) u_apb_i2c/u_tx_fifo_cg_icg__RC_CG_HIER_INST912/RC_CGIC_INST/ENA
          Clock: (R) CLK_I2C

                     Capture       Launch     
        Clock Edge:+    4000            0     
       Src Latency:+     100          150     
       Net Latency:+       0 (I)        0 (I) 
           Arrival:=    4100          150     
                                              
  Gate Check Setup:-      61                  
       Uncertainty:-     150                  
     Required Time:=    3889                  
      Launch Clock:-     150                  
         Data Path:-     908                  
             Slack:=    2831                  

#--------------------------------------------------------------------------------------------------------------------------------------------------------
#                          Timing Point                           Flags    Arc    Edge          Cell            Fanout Load Trans Delay Arrival Instance 
#                                                                                                                      (fF)  (ps)  (ps)   (ps)  Location 
#--------------------------------------------------------------------------------------------------------------------------------------------------------
  u_apb_i2c/u_tx_fifo_rd_ptr_reg[3]/CLK                           -       -       R     (arrival)                    5    -    40     0     150    (-,-) 
  u_apb_i2c/u_tx_fifo_rd_ptr_reg[3]/QN                            -       CLK->QN R     DFFASRHQNx1_ASAP7_75t_R      5  4.2    80   120     270    (-,-) 
  u_apb_i2c/g19588/Y                                              -       A->Y    F     INVxp33_ASAP7_75t_R          3  2.2    79    66     335    (-,-) 
  u_apb_i2c/g19574/Y                                              -       A->Y    R     NOR2xp67_ASAP7_75t_R         9  5.3   128    81     416    (-,-) 
  u_apb_i2c/g19480/Y                                              -       A->Y    F     INVxp33_ASAP7_75t_R          5  2.8   107    92     508    (-,-) 
  u_apb_i2c/g19249/Y                                              -       B3->Y   F     OA332x1_ASAP7_75t_R          1  0.8    26    72     580    (-,-) 
  u_apb_i2c/g19233/Y                                              -       B1->Y   R     OAI32xp33_ASAP7_75t_R        2  1.2    98    43     623    (-,-) 
  u_apb_i2c/g19211/Y                                              -       B->Y    F     NAND2xp33_ASAP7_75t_R        2  1.4    62    52     675    (-,-) 
  u_apb_i2c/g19203/Y                                              -       A->Y    R     INVxp33_ASAP7_75t_R          3  2.0    96    66     741    (-,-) 
  u_apb_i2c/g19123/Y                                              -       B->Y    F     NOR2xp33_ASAP7_75t_R         2  1.3    61    58     799    (-,-) 
  u_apb_i2c/g19117/Y                                              -       B->Y    R     NAND2xp33_ASAP7_75t_R        5  2.8   133    83     882    (-,-) 
  u_apb_i2c/g19112/Y                                              -       B->Y    F     NOR2xp33_ASAP7_75t_R         2  1.4    73    69     951    (-,-) 
  u_apb_i2c/g19108/Y                                              -       A->Y    R     INVxp33_ASAP7_75t_R          3  1.6    83    63    1014    (-,-) 
  u_apb_i2c/g19084/Y                                              -       B->Y    F     NOR2xp33_ASAP7_75t_R         1  0.8    61    44    1058    (-,-) 
  u_apb_i2c/u_tx_fifo_cg_icg__RC_CG_HIER_INST912/RC_CGIC_INST/ENA -       -       F     ICGx1_ASAP7_75t_R            1    -     -     0    1058    (-,-) 
#--------------------------------------------------------------------------------------------------------------------------------------------------------



Path 2: MET (2831 ps) Clock Gating Setup Check at cgic pin u_apb_i2c/u_tx_fifo_cg_icg__RC_CG_HIER_INST911/RC_CGIC_INST/ENA
           View: view_ss
          Group: cg_enable_group_CLK_I2C
     Startpoint: (R) u_apb_i2c/u_tx_fifo_rd_ptr_reg[3]/CLK
          Clock: (R) CLK_I2C
       Endpoint: (F) u_apb_i2c/u_tx_fifo_cg_icg__RC_CG_HIER_INST911/RC_CGIC_INST/ENA
          Clock: (R) CLK_I2C

                     Capture       Launch     
        Clock Edge:+    4000            0     
       Src Latency:+     100          150     
       Net Latency:+       0 (I)        0 (I) 
           Arrival:=    4100          150     
                                              
  Gate Check Setup:-      61                  
       Uncertainty:-     150                  
     Required Time:=    3889                  
      Launch Clock:-     150                  
         Data Path:-     908                  
             Slack:=    2831                  

#--------------------------------------------------------------------------------------------------------------------------------------------------------
#                          Timing Point                           Flags    Arc    Edge          Cell            Fanout Load Trans Delay Arrival Instance 
#                                                                                                                      (fF)  (ps)  (ps)   (ps)  Location 
#--------------------------------------------------------------------------------------------------------------------------------------------------------
  u_apb_i2c/u_tx_fifo_rd_ptr_reg[3]/CLK                           -       -       R     (arrival)                    5    -    40     0     150    (-,-) 
  u_apb_i2c/u_tx_fifo_rd_ptr_reg[3]/QN                            -       CLK->QN R     DFFASRHQNx1_ASAP7_75t_R      5  4.2    80   120     270    (-,-) 
  u_apb_i2c/g19588/Y                                              -       A->Y    F     INVxp33_ASAP7_75t_R          3  2.2    79    66     335    (-,-) 
  u_apb_i2c/g19574/Y                                              -       A->Y    R     NOR2xp67_ASAP7_75t_R         9  5.3   128    81     416    (-,-) 
  u_apb_i2c/g19480/Y                                              -       A->Y    F     INVxp33_ASAP7_75t_R          5  2.8   107    92     508    (-,-) 
  u_apb_i2c/g19249/Y                                              -       B3->Y   F     OA332x1_ASAP7_75t_R          1  0.8    26    72     580    (-,-) 
  u_apb_i2c/g19233/Y                                              -       B1->Y   R     OAI32xp33_ASAP7_75t_R        2  1.2    98    43     623    (-,-) 
  u_apb_i2c/g19211/Y                                              -       B->Y    F     NAND2xp33_ASAP7_75t_R        2  1.4    62    52     675    (-,-) 
  u_apb_i2c/g19203/Y                                              -       A->Y    R     INVxp33_ASAP7_75t_R          3  2.0    96    66     741    (-,-) 
  u_apb_i2c/g19123/Y                                              -       B->Y    F     NOR2xp33_ASAP7_75t_R         2  1.3    61    58     799    (-,-) 
  u_apb_i2c/g19117/Y                                              -       B->Y    R     NAND2xp33_ASAP7_75t_R        5  2.8   133    83     882    (-,-) 
  u_apb_i2c/g19111/Y                                              -       B->Y    F     NOR2xp33_ASAP7_75t_R         2  1.4    73    69     951    (-,-) 
  u_apb_i2c/g19107/Y                                              -       A->Y    R     INVxp33_ASAP7_75t_R          3  1.6    83    63    1014    (-,-) 
  u_apb_i2c/g19082/Y                                              -       B->Y    F     NOR2xp33_ASAP7_75t_R         1  0.8    61    44    1058    (-,-) 
  u_apb_i2c/u_tx_fifo_cg_icg__RC_CG_HIER_INST911/RC_CGIC_INST/ENA -       -       F     ICGx1_ASAP7_75t_R            1    -     -     0    1058    (-,-) 
#--------------------------------------------------------------------------------------------------------------------------------------------------------



Path 3: MET (2832 ps) Clock Gating Setup Check at cgic pin u_apb_i2c/u_tx_fifo_cg_icg__RC_CG_HIER_INST920/RC_CGIC_INST/ENA
           View: view_ss
          Group: cg_enable_group_CLK_I2C
     Startpoint: (R) u_apb_i2c/u_tx_fifo_rd_ptr_reg[3]/CLK
          Clock: (R) CLK_I2C
       Endpoint: (F) u_apb_i2c/u_tx_fifo_cg_icg__RC_CG_HIER_INST920/RC_CGIC_INST/ENA
          Clock: (R) CLK_I2C

                     Capture       Launch     
        Clock Edge:+    4000            0     
       Src Latency:+     100          150     
       Net Latency:+       0 (I)        0 (I) 
           Arrival:=    4100          150     
                                              
  Gate Check Setup:-      60                  
       Uncertainty:-     150                  
     Required Time:=    3890                  
      Launch Clock:-     150                  
         Data Path:-     908                  
             Slack:=    2832                  

#--------------------------------------------------------------------------------------------------------------------------------------------------------
#                          Timing Point                           Flags    Arc    Edge          Cell            Fanout Load Trans Delay Arrival Instance 
#                                                                                                                      (fF)  (ps)  (ps)   (ps)  Location 
#--------------------------------------------------------------------------------------------------------------------------------------------------------
  u_apb_i2c/u_tx_fifo_rd_ptr_reg[3]/CLK                           -       -       R     (arrival)                    5    -    40     0     150    (-,-) 
  u_apb_i2c/u_tx_fifo_rd_ptr_reg[3]/QN                            -       CLK->QN R     DFFASRHQNx1_ASAP7_75t_R      5  4.2    80   120     270    (-,-) 
  u_apb_i2c/g19588/Y                                              -       A->Y    F     INVxp33_ASAP7_75t_R          3  2.2    79    66     335    (-,-) 
  u_apb_i2c/g19574/Y                                              -       A->Y    R     NOR2xp67_ASAP7_75t_R         9  5.3   128    81     416    (-,-) 
  u_apb_i2c/g19480/Y                                              -       A->Y    F     INVxp33_ASAP7_75t_R          5  2.8   107    92     508    (-,-) 
  u_apb_i2c/g19249/Y                                              -       B3->Y   F     OA332x1_ASAP7_75t_R          1  0.8    26    72     580    (-,-) 
  u_apb_i2c/g19233/Y                                              -       B1->Y   R     OAI32xp33_ASAP7_75t_R        2  1.2    98    43     623    (-,-) 
  u_apb_i2c/g19211/Y                                              -       B->Y    F     NAND2xp33_ASAP7_75t_R        2  1.4    62    52     675    (-,-) 
  u_apb_i2c/g19203/Y                                              -       A->Y    R     INVxp33_ASAP7_75t_R          3  2.0    96    66     741    (-,-) 
  u_apb_i2c/g19123/Y                                              -       B->Y    F     NOR2xp33_ASAP7_75t_R         2  1.3    61    58     799    (-,-) 
  u_apb_i2c/g19117/Y                                              -       B->Y    R     NAND2xp33_ASAP7_75t_R        5  2.8   133    83     882    (-,-) 
  u_apb_i2c/g19112/Y                                              -       B->Y    F     NOR2xp33_ASAP7_75t_R         2  1.4    73    69     951    (-,-) 
  u_apb_i2c/g19108/Y                                              -       A->Y    R     INVxp33_ASAP7_75t_R          3  1.6    83    63    1014    (-,-) 
  u_apb_i2c/g19090/Y                                              -       B->Y    F     NOR2xp33_ASAP7_75t_R         1  0.8    59    44    1058    (-,-) 
  u_apb_i2c/u_tx_fifo_cg_icg__RC_CG_HIER_INST920/RC_CGIC_INST/ENA -       -       F     ICGx1_ASAP7_75t_R            1    -     -     0    1058    (-,-) 
#--------------------------------------------------------------------------------------------------------------------------------------------------------



Path 4: MET (2832 ps) Clock Gating Setup Check at cgic pin u_apb_i2c/u_tx_fifo_cg_icg__RC_CG_HIER_INST919/RC_CGIC_INST/ENA
           View: view_ss
          Group: cg_enable_group_CLK_I2C
     Startpoint: (R) u_apb_i2c/u_tx_fifo_rd_ptr_reg[3]/CLK
          Clock: (R) CLK_I2C
       Endpoint: (F) u_apb_i2c/u_tx_fifo_cg_icg__RC_CG_HIER_INST919/RC_CGIC_INST/ENA
          Clock: (R) CLK_I2C

                     Capture       Launch     
        Clock Edge:+    4000            0     
       Src Latency:+     100          150     
       Net Latency:+       0 (I)        0 (I) 
           Arrival:=    4100          150     
                                              
  Gate Check Setup:-      60                  
       Uncertainty:-     150                  
     Required Time:=    3890                  
      Launch Clock:-     150                  
         Data Path:-     908                  
             Slack:=    2832                  

#--------------------------------------------------------------------------------------------------------------------------------------------------------
#                          Timing Point                           Flags    Arc    Edge          Cell            Fanout Load Trans Delay Arrival Instance 
#                                                                                                                      (fF)  (ps)  (ps)   (ps)  Location 
#--------------------------------------------------------------------------------------------------------------------------------------------------------
  u_apb_i2c/u_tx_fifo_rd_ptr_reg[3]/CLK                           -       -       R     (arrival)                    5    -    40     0     150    (-,-) 
  u_apb_i2c/u_tx_fifo_rd_ptr_reg[3]/QN                            -       CLK->QN R     DFFASRHQNx1_ASAP7_75t_R      5  4.2    80   120     270    (-,-) 
  u_apb_i2c/g19588/Y                                              -       A->Y    F     INVxp33_ASAP7_75t_R          3  2.2    79    66     335    (-,-) 
  u_apb_i2c/g19574/Y                                              -       A->Y    R     NOR2xp67_ASAP7_75t_R         9  5.3   128    81     416    (-,-) 
  u_apb_i2c/g19480/Y                                              -       A->Y    F     INVxp33_ASAP7_75t_R          5  2.8   107    92     508    (-,-) 
  u_apb_i2c/g19249/Y                                              -       B3->Y   F     OA332x1_ASAP7_75t_R          1  0.8    26    72     580    (-,-) 
  u_apb_i2c/g19233/Y                                              -       B1->Y   R     OAI32xp33_ASAP7_75t_R        2  1.2    98    43     623    (-,-) 
  u_apb_i2c/g19211/Y                                              -       B->Y    F     NAND2xp33_ASAP7_75t_R        2  1.4    62    52     675    (-,-) 
  u_apb_i2c/g19203/Y                                              -       A->Y    R     INVxp33_ASAP7_75t_R          3  2.0    96    66     741    (-,-) 
  u_apb_i2c/g19123/Y                                              -       B->Y    F     NOR2xp33_ASAP7_75t_R         2  1.3    61    58     799    (-,-) 
  u_apb_i2c/g19117/Y                                              -       B->Y    R     NAND2xp33_ASAP7_75t_R        5  2.8   133    83     882    (-,-) 
  u_apb_i2c/g19111/Y                                              -       B->Y    F     NOR2xp33_ASAP7_75t_R         2  1.4    73    69     951    (-,-) 
  u_apb_i2c/g19107/Y                                              -       A->Y    R     INVxp33_ASAP7_75t_R          3  1.6    83    63    1014    (-,-) 
  u_apb_i2c/g19093/Y                                              -       B->Y    F     NOR2xp33_ASAP7_75t_R         1  0.8    59    44    1058    (-,-) 
  u_apb_i2c/u_tx_fifo_cg_icg__RC_CG_HIER_INST919/RC_CGIC_INST/ENA -       -       F     ICGx1_ASAP7_75t_R            1    -     -     0    1058    (-,-) 
#--------------------------------------------------------------------------------------------------------------------------------------------------------



Path 5: MET (2834 ps) Clock Gating Setup Check at cgic pin u_apb_i2c/u_tx_fifo_cg_icg__RC_CG_HIER_INST916/RC_CGIC_INST/ENA
           View: view_ss
          Group: cg_enable_group_CLK_I2C
     Startpoint: (R) u_apb_i2c/u_tx_fifo_rd_ptr_reg[3]/CLK
          Clock: (R) CLK_I2C
       Endpoint: (F) u_apb_i2c/u_tx_fifo_cg_icg__RC_CG_HIER_INST916/RC_CGIC_INST/ENA
          Clock: (R) CLK_I2C

                     Capture       Launch     
        Clock Edge:+    4000            0     
       Src Latency:+     100          150     
       Net Latency:+       0 (I)        0 (I) 
           Arrival:=    4100          150     
                                              
  Gate Check Setup:-      57                  
       Uncertainty:-     150                  
     Required Time:=    3893                  
      Launch Clock:-     150                  
         Data Path:-     908                  
             Slack:=    2834                  

#--------------------------------------------------------------------------------------------------------------------------------------------------------
#                          Timing Point                           Flags    Arc    Edge          Cell            Fanout Load Trans Delay Arrival Instance 
#                                                                                                                      (fF)  (ps)  (ps)   (ps)  Location 
#--------------------------------------------------------------------------------------------------------------------------------------------------------
  u_apb_i2c/u_tx_fifo_rd_ptr_reg[3]/CLK                           -       -       R     (arrival)                    5    -    40     0     150    (-,-) 
  u_apb_i2c/u_tx_fifo_rd_ptr_reg[3]/QN                            -       CLK->QN R     DFFASRHQNx1_ASAP7_75t_R      5  4.2    80   120     270    (-,-) 
  u_apb_i2c/g19588/Y                                              -       A->Y    F     INVxp33_ASAP7_75t_R          3  2.2    79    66     335    (-,-) 
  u_apb_i2c/g19574/Y                                              -       A->Y    R     NOR2xp67_ASAP7_75t_R         9  5.3   128    81     416    (-,-) 
  u_apb_i2c/g19480/Y                                              -       A->Y    F     INVxp33_ASAP7_75t_R          5  2.8   107    92     508    (-,-) 
  u_apb_i2c/g19249/Y                                              -       B3->Y   F     OA332x1_ASAP7_75t_R          1  0.8    26    72     580    (-,-) 
  u_apb_i2c/g19233/Y                                              -       B1->Y   R     OAI32xp33_ASAP7_75t_R        2  1.2    98    43     623    (-,-) 
  u_apb_i2c/g19211/Y                                              -       B->Y    F     NAND2xp33_ASAP7_75t_R        2  1.4    62    52     675    (-,-) 
  u_apb_i2c/g19203/Y                                              -       A->Y    R     INVxp33_ASAP7_75t_R          3  2.0    96    66     741    (-,-) 
  u_apb_i2c/g19123/Y                                              -       B->Y    F     NOR2xp33_ASAP7_75t_R         2  1.3    61    58     799    (-,-) 
  u_apb_i2c/g19117/Y                                              -       B->Y    R     NAND2xp33_ASAP7_75t_R        5  2.8   133    83     882    (-,-) 
  u_apb_i2c/g19112/Y                                              -       B->Y    F     NOR2xp33_ASAP7_75t_R         2  1.4    73    69     951    (-,-) 
  u_apb_i2c/g19108/Y                                              -       A->Y    R     INVxp33_ASAP7_75t_R          3  1.6    83    63    1014    (-,-) 
  u_apb_i2c/g19097/Y                                              -       B->Y    F     NOR2xp33_ASAP7_75t_R         1  0.8    49    44    1058    (-,-) 
  u_apb_i2c/u_tx_fifo_cg_icg__RC_CG_HIER_INST916/RC_CGIC_INST/ENA -       -       F     ICGx1_ASAP7_75t_R            1    -     -     0    1058    (-,-) 
#--------------------------------------------------------------------------------------------------------------------------------------------------------



Path 6: MET (2834 ps) Clock Gating Setup Check at cgic pin u_apb_i2c/u_tx_fifo_cg_icg__RC_CG_HIER_INST915/RC_CGIC_INST/ENA
           View: view_ss
          Group: cg_enable_group_CLK_I2C
     Startpoint: (R) u_apb_i2c/u_tx_fifo_rd_ptr_reg[3]/CLK
          Clock: (R) CLK_I2C
       Endpoint: (F) u_apb_i2c/u_tx_fifo_cg_icg__RC_CG_HIER_INST915/RC_CGIC_INST/ENA
          Clock: (R) CLK_I2C

                     Capture       Launch     
        Clock Edge:+    4000            0     
       Src Latency:+     100          150     
       Net Latency:+       0 (I)        0 (I) 
           Arrival:=    4100          150     
                                              
  Gate Check Setup:-      57                  
       Uncertainty:-     150                  
     Required Time:=    3893                  
      Launch Clock:-     150                  
         Data Path:-     908                  
             Slack:=    2834                  

#--------------------------------------------------------------------------------------------------------------------------------------------------------
#                          Timing Point                           Flags    Arc    Edge          Cell            Fanout Load Trans Delay Arrival Instance 
#                                                                                                                      (fF)  (ps)  (ps)   (ps)  Location 
#--------------------------------------------------------------------------------------------------------------------------------------------------------
  u_apb_i2c/u_tx_fifo_rd_ptr_reg[3]/CLK                           -       -       R     (arrival)                    5    -    40     0     150    (-,-) 
  u_apb_i2c/u_tx_fifo_rd_ptr_reg[3]/QN                            -       CLK->QN R     DFFASRHQNx1_ASAP7_75t_R      5  4.2    80   120     270    (-,-) 
  u_apb_i2c/g19588/Y                                              -       A->Y    F     INVxp33_ASAP7_75t_R          3  2.2    79    66     335    (-,-) 
  u_apb_i2c/g19574/Y                                              -       A->Y    R     NOR2xp67_ASAP7_75t_R         9  5.3   128    81     416    (-,-) 
  u_apb_i2c/g19480/Y                                              -       A->Y    F     INVxp33_ASAP7_75t_R          5  2.8   107    92     508    (-,-) 
  u_apb_i2c/g19249/Y                                              -       B3->Y   F     OA332x1_ASAP7_75t_R          1  0.8    26    72     580    (-,-) 
  u_apb_i2c/g19233/Y                                              -       B1->Y   R     OAI32xp33_ASAP7_75t_R        2  1.2    98    43     623    (-,-) 
  u_apb_i2c/g19211/Y                                              -       B->Y    F     NAND2xp33_ASAP7_75t_R        2  1.4    62    52     675    (-,-) 
  u_apb_i2c/g19203/Y                                              -       A->Y    R     INVxp33_ASAP7_75t_R          3  2.0    96    66     741    (-,-) 
  u_apb_i2c/g19123/Y                                              -       B->Y    F     NOR2xp33_ASAP7_75t_R         2  1.3    61    58     799    (-,-) 
  u_apb_i2c/g19117/Y                                              -       B->Y    R     NAND2xp33_ASAP7_75t_R        5  2.8   133    83     882    (-,-) 
  u_apb_i2c/g19111/Y                                              -       B->Y    F     NOR2xp33_ASAP7_75t_R         2  1.4    73    69     951    (-,-) 
  u_apb_i2c/g19107/Y                                              -       A->Y    R     INVxp33_ASAP7_75t_R          3  1.6    83    63    1014    (-,-) 
  u_apb_i2c/g19094/Y                                              -       B->Y    F     NOR2xp33_ASAP7_75t_R         1  0.8    49    44    1058    (-,-) 
  u_apb_i2c/u_tx_fifo_cg_icg__RC_CG_HIER_INST915/RC_CGIC_INST/ENA -       -       F     ICGx1_ASAP7_75t_R            1    -     -     0    1058    (-,-) 
#--------------------------------------------------------------------------------------------------------------------------------------------------------



Path 7: MET (2854 ps) Clock Gating Setup Check at cgic pin u_apb_i2c/u_tx_fifo_cg_icg__RC_CG_HIER_INST921/RC_CGIC_INST/ENA
           View: view_ss
          Group: cg_enable_group_CLK_I2C
     Startpoint: (R) u_apb_i2c/u_tx_fifo_rd_ptr_reg[3]/CLK
          Clock: (R) CLK_I2C
       Endpoint: (R) u_apb_i2c/u_tx_fifo_cg_icg__RC_CG_HIER_INST921/RC_CGIC_INST/ENA
          Clock: (R) CLK_I2C

                     Capture       Launch     
        Clock Edge:+    4000            0     
       Src Latency:+     100          150     
       Net Latency:+       0 (I)        0 (I) 
           Arrival:=    4100          150     
                                              
  Gate Check Setup:-      66                  
       Uncertainty:-     150                  
     Required Time:=    3884                  
      Launch Clock:-     150                  
         Data Path:-     880                  
             Slack:=    2854                  

#--------------------------------------------------------------------------------------------------------------------------------------------------------
#                          Timing Point                           Flags    Arc    Edge          Cell            Fanout Load Trans Delay Arrival Instance 
#                                                                                                                      (fF)  (ps)  (ps)   (ps)  Location 
#--------------------------------------------------------------------------------------------------------------------------------------------------------
  u_apb_i2c/u_tx_fifo_rd_ptr_reg[3]/CLK                           -       -       R     (arrival)                    5    -    40     0     150    (-,-) 
  u_apb_i2c/u_tx_fifo_rd_ptr_reg[3]/QN                            -       CLK->QN F     DFFASRHQNx1_ASAP7_75t_R      5  4.1    72   125     275    (-,-) 
  u_apb_i2c/g19588/Y                                              -       A->Y    R     INVxp33_ASAP7_75t_R          3  2.2   106    74     349    (-,-) 
  u_apb_i2c/g19574/Y                                              -       A->Y    F     NOR2xp67_ASAP7_75t_R         9  5.3   101    86     435    (-,-) 
  u_apb_i2c/g19480/Y                                              -       A->Y    R     INVxp33_ASAP7_75t_R          5  2.8   136    96     531    (-,-) 
  u_apb_i2c/g19249/Y                                              -       B3->Y   R     OA332x1_ASAP7_75t_R          1  0.8    26    75     606    (-,-) 
  u_apb_i2c/g19233/Y                                              -       B1->Y   F     OAI32xp33_ASAP7_75t_R        2  1.2    73    36     642    (-,-) 
  u_apb_i2c/g19211/Y                                              -       B->Y    R     NAND2xp33_ASAP7_75t_R        2  1.4    77    60     703    (-,-) 
  u_apb_i2c/g19203/Y                                              -       A->Y    F     INVxp33_ASAP7_75t_R          3  1.9    71    60     763    (-,-) 
  u_apb_i2c/g19123/Y                                              -       B->Y    R     NOR2xp33_ASAP7_75t_R         2  1.3    73    53     816    (-,-) 
  u_apb_i2c/g19117/Y                                              -       B->Y    F     NAND2xp33_ASAP7_75t_R        5  2.8    90    67     883    (-,-) 
  u_apb_i2c/g19101/Y                                              -       A->Y    R     NOR3xp33_ASAP7_75t_R         4  2.9   145    91     974    (-,-) 
  u_apb_i2c/g19072/Y                                              -       B->Y    R     AND2x2_ASAP7_75t_R           1  0.8    19    56    1030    (-,-) 
  u_apb_i2c/u_tx_fifo_cg_icg__RC_CG_HIER_INST921/RC_CGIC_INST/ENA -       -       R     ICGx1_ASAP7_75t_R            1    -     -     0    1030    (-,-) 
#--------------------------------------------------------------------------------------------------------------------------------------------------------



Path 8: MET (2854 ps) Clock Gating Setup Check at cgic pin u_apb_i2c/u_tx_fifo_cg_icg__RC_CG_HIER_INST918/RC_CGIC_INST/ENA
           View: view_ss
          Group: cg_enable_group_CLK_I2C
     Startpoint: (R) u_apb_i2c/u_tx_fifo_rd_ptr_reg[3]/CLK
          Clock: (R) CLK_I2C
       Endpoint: (R) u_apb_i2c/u_tx_fifo_cg_icg__RC_CG_HIER_INST918/RC_CGIC_INST/ENA
          Clock: (R) CLK_I2C

                     Capture       Launch     
        Clock Edge:+    4000            0     
       Src Latency:+     100          150     
       Net Latency:+       0 (I)        0 (I) 
           Arrival:=    4100          150     
                                              
  Gate Check Setup:-      66                  
       Uncertainty:-     150                  
     Required Time:=    3884                  
      Launch Clock:-     150                  
         Data Path:-     880                  
             Slack:=    2854                  

#--------------------------------------------------------------------------------------------------------------------------------------------------------
#                          Timing Point                           Flags    Arc    Edge          Cell            Fanout Load Trans Delay Arrival Instance 
#                                                                                                                      (fF)  (ps)  (ps)   (ps)  Location 
#--------------------------------------------------------------------------------------------------------------------------------------------------------
  u_apb_i2c/u_tx_fifo_rd_ptr_reg[3]/CLK                           -       -       R     (arrival)                    5    -    40     0     150    (-,-) 
  u_apb_i2c/u_tx_fifo_rd_ptr_reg[3]/QN                            -       CLK->QN F     DFFASRHQNx1_ASAP7_75t_R      5  4.1    72   125     275    (-,-) 
  u_apb_i2c/g19588/Y                                              -       A->Y    R     INVxp33_ASAP7_75t_R          3  2.2   106    74     349    (-,-) 
  u_apb_i2c/g19574/Y                                              -       A->Y    F     NOR2xp67_ASAP7_75t_R         9  5.3   101    86     435    (-,-) 
  u_apb_i2c/g19480/Y                                              -       A->Y    R     INVxp33_ASAP7_75t_R          5  2.8   136    96     531    (-,-) 
  u_apb_i2c/g19249/Y                                              -       B3->Y   R     OA332x1_ASAP7_75t_R          1  0.8    26    75     606    (-,-) 
  u_apb_i2c/g19233/Y                                              -       B1->Y   F     OAI32xp33_ASAP7_75t_R        2  1.2    73    36     642    (-,-) 
  u_apb_i2c/g19211/Y                                              -       B->Y    R     NAND2xp33_ASAP7_75t_R        2  1.4    77    60     703    (-,-) 
  u_apb_i2c/g19203/Y                                              -       A->Y    F     INVxp33_ASAP7_75t_R          3  1.9    71    60     763    (-,-) 
  u_apb_i2c/g19123/Y                                              -       B->Y    R     NOR2xp33_ASAP7_75t_R         2  1.3    73    53     816    (-,-) 
  u_apb_i2c/g19117/Y                                              -       B->Y    F     NAND2xp33_ASAP7_75t_R        5  2.8    90    67     883    (-,-) 
  u_apb_i2c/g19101/Y                                              -       A->Y    R     NOR3xp33_ASAP7_75t_R         4  2.9   145    91     974    (-,-) 
  u_apb_i2c/g19076/Y                                              -       B->Y    R     AND2x2_ASAP7_75t_R           1  0.8    19    56    1030    (-,-) 
  u_apb_i2c/u_tx_fifo_cg_icg__RC_CG_HIER_INST918/RC_CGIC_INST/ENA -       -       R     ICGx1_ASAP7_75t_R            1    -     -     0    1030    (-,-) 
#--------------------------------------------------------------------------------------------------------------------------------------------------------



Path 9: MET (2854 ps) Clock Gating Setup Check at cgic pin u_apb_i2c/u_tx_fifo_cg_icg__RC_CG_HIER_INST913/RC_CGIC_INST/ENA
           View: view_ss
          Group: cg_enable_group_CLK_I2C
     Startpoint: (R) u_apb_i2c/u_tx_fifo_rd_ptr_reg[3]/CLK
          Clock: (R) CLK_I2C
       Endpoint: (R) u_apb_i2c/u_tx_fifo_cg_icg__RC_CG_HIER_INST913/RC_CGIC_INST/ENA
          Clock: (R) CLK_I2C

                     Capture       Launch     
        Clock Edge:+    4000            0     
       Src Latency:+     100          150     
       Net Latency:+       0 (I)        0 (I) 
           Arrival:=    4100          150     
                                              
  Gate Check Setup:-      66                  
       Uncertainty:-     150                  
     Required Time:=    3884                  
      Launch Clock:-     150                  
         Data Path:-     880                  
             Slack:=    2854                  

#--------------------------------------------------------------------------------------------------------------------------------------------------------
#                          Timing Point                           Flags    Arc    Edge          Cell            Fanout Load Trans Delay Arrival Instance 
#                                                                                                                      (fF)  (ps)  (ps)   (ps)  Location 
#--------------------------------------------------------------------------------------------------------------------------------------------------------
  u_apb_i2c/u_tx_fifo_rd_ptr_reg[3]/CLK                           -       -       R     (arrival)                    5    -    40     0     150    (-,-) 
  u_apb_i2c/u_tx_fifo_rd_ptr_reg[3]/QN                            -       CLK->QN F     DFFASRHQNx1_ASAP7_75t_R      5  4.1    72   125     275    (-,-) 
  u_apb_i2c/g19588/Y                                              -       A->Y    R     INVxp33_ASAP7_75t_R          3  2.2   106    74     349    (-,-) 
  u_apb_i2c/g19574/Y                                              -       A->Y    F     NOR2xp67_ASAP7_75t_R         9  5.3   101    86     435    (-,-) 
  u_apb_i2c/g19480/Y                                              -       A->Y    R     INVxp33_ASAP7_75t_R          5  2.8   136    96     531    (-,-) 
  u_apb_i2c/g19249/Y                                              -       B3->Y   R     OA332x1_ASAP7_75t_R          1  0.8    26    75     606    (-,-) 
  u_apb_i2c/g19233/Y                                              -       B1->Y   F     OAI32xp33_ASAP7_75t_R        2  1.2    73    36     642    (-,-) 
  u_apb_i2c/g19211/Y                                              -       B->Y    R     NAND2xp33_ASAP7_75t_R        2  1.4    77    60     703    (-,-) 
  u_apb_i2c/g19203/Y                                              -       A->Y    F     INVxp33_ASAP7_75t_R          3  1.9    71    60     763    (-,-) 
  u_apb_i2c/g19123/Y                                              -       B->Y    R     NOR2xp33_ASAP7_75t_R         2  1.3    73    53     816    (-,-) 
  u_apb_i2c/g19117/Y                                              -       B->Y    F     NAND2xp33_ASAP7_75t_R        5  2.8    90    67     883    (-,-) 
  u_apb_i2c/g19101/Y                                              -       A->Y    R     NOR3xp33_ASAP7_75t_R         4  2.9   145    91     974    (-,-) 
  u_apb_i2c/g19077/Y                                              -       B->Y    R     AND2x2_ASAP7_75t_R           1  0.8    19    56    1030    (-,-) 
  u_apb_i2c/u_tx_fifo_cg_icg__RC_CG_HIER_INST913/RC_CGIC_INST/ENA -       -       R     ICGx1_ASAP7_75t_R            1    -     -     0    1030    (-,-) 
#--------------------------------------------------------------------------------------------------------------------------------------------------------



Path 10: MET (2854 ps) Clock Gating Setup Check at cgic pin u_apb_i2c/u_tx_fifo_cg_icg__RC_CG_HIER_INST907/RC_CGIC_INST/ENA
           View: view_ss
          Group: cg_enable_group_CLK_I2C
     Startpoint: (R) u_apb_i2c/u_tx_fifo_rd_ptr_reg[3]/CLK
          Clock: (R) CLK_I2C
       Endpoint: (R) u_apb_i2c/u_tx_fifo_cg_icg__RC_CG_HIER_INST907/RC_CGIC_INST/ENA
          Clock: (R) CLK_I2C

                     Capture       Launch     
        Clock Edge:+    4000            0     
       Src Latency:+     100          150     
       Net Latency:+       0 (I)        0 (I) 
           Arrival:=    4100          150     
                                              
  Gate Check Setup:-      66                  
       Uncertainty:-     150                  
     Required Time:=    3884                  
      Launch Clock:-     150                  
         Data Path:-     880                  
             Slack:=    2854                  

#--------------------------------------------------------------------------------------------------------------------------------------------------------
#                          Timing Point                           Flags    Arc    Edge          Cell            Fanout Load Trans Delay Arrival Instance 
#                                                                                                                      (fF)  (ps)  (ps)   (ps)  Location 
#--------------------------------------------------------------------------------------------------------------------------------------------------------
  u_apb_i2c/u_tx_fifo_rd_ptr_reg[3]/CLK                           -       -       R     (arrival)                    5    -    40     0     150    (-,-) 
  u_apb_i2c/u_tx_fifo_rd_ptr_reg[3]/QN                            -       CLK->QN F     DFFASRHQNx1_ASAP7_75t_R      5  4.1    72   125     275    (-,-) 
  u_apb_i2c/g19588/Y                                              -       A->Y    R     INVxp33_ASAP7_75t_R          3  2.2   106    74     349    (-,-) 
  u_apb_i2c/g19574/Y                                              -       A->Y    F     NOR2xp67_ASAP7_75t_R         9  5.3   101    86     435    (-,-) 
  u_apb_i2c/g19480/Y                                              -       A->Y    R     INVxp33_ASAP7_75t_R          5  2.8   136    96     531    (-,-) 
  u_apb_i2c/g19249/Y                                              -       B3->Y   R     OA332x1_ASAP7_75t_R          1  0.8    26    75     606    (-,-) 
  u_apb_i2c/g19233/Y                                              -       B1->Y   F     OAI32xp33_ASAP7_75t_R        2  1.2    73    36     642    (-,-) 
  u_apb_i2c/g19211/Y                                              -       B->Y    R     NAND2xp33_ASAP7_75t_R        2  1.4    77    60     703    (-,-) 
  u_apb_i2c/g19203/Y                                              -       A->Y    F     INVxp33_ASAP7_75t_R          3  1.9    71    60     763    (-,-) 
  u_apb_i2c/g19123/Y                                              -       B->Y    R     NOR2xp33_ASAP7_75t_R         2  1.3    73    53     816    (-,-) 
  u_apb_i2c/g19117/Y                                              -       B->Y    F     NAND2xp33_ASAP7_75t_R        5  2.8    90    67     883    (-,-) 
  u_apb_i2c/g19101/Y                                              -       A->Y    R     NOR3xp33_ASAP7_75t_R         4  2.9   145    91     974    (-,-) 
  u_apb_i2c/g19068/Y                                              -       B->Y    R     AND2x2_ASAP7_75t_R           1  0.8    19    56    1030    (-,-) 
  u_apb_i2c/u_tx_fifo_cg_icg__RC_CG_HIER_INST907/RC_CGIC_INST/ENA -       -       R     ICGx1_ASAP7_75t_R            1    -     -     0    1030    (-,-) 
#--------------------------------------------------------------------------------------------------------------------------------------------------------



Path 11: MET (2874 ps) Clock Gating Setup Check at cgic pin u_apb_i2c/u_tx_fifo_cg_icg__RC_CG_HIER_INST914/RC_CGIC_INST/ENA
           View: view_ss
          Group: cg_enable_group_CLK_I2C
     Startpoint: (R) u_apb_i2c/u_tx_fifo_rd_ptr_reg[3]/CLK
          Clock: (R) CLK_I2C
       Endpoint: (R) u_apb_i2c/u_tx_fifo_cg_icg__RC_CG_HIER_INST914/RC_CGIC_INST/ENA
          Clock: (R) CLK_I2C

                     Capture       Launch     
        Clock Edge:+    4000            0     
       Src Latency:+     100          150     
       Net Latency:+       0 (I)        0 (I) 
           Arrival:=    4100          150     
                                              
  Gate Check Setup:-      66                  
       Uncertainty:-     150                  
     Required Time:=    3884                  
      Launch Clock:-     150                  
         Data Path:-     860                  
             Slack:=    2874                  

#--------------------------------------------------------------------------------------------------------------------------------------------------------
#                          Timing Point                           Flags    Arc    Edge          Cell            Fanout Load Trans Delay Arrival Instance 
#                                                                                                                      (fF)  (ps)  (ps)   (ps)  Location 
#--------------------------------------------------------------------------------------------------------------------------------------------------------
  u_apb_i2c/u_tx_fifo_rd_ptr_reg[3]/CLK                           -       -       R     (arrival)                    5    -    40     0     150    (-,-) 
  u_apb_i2c/u_tx_fifo_rd_ptr_reg[3]/QN                            -       CLK->QN F     DFFASRHQNx1_ASAP7_75t_R      5  4.1    72   125     275    (-,-) 
  u_apb_i2c/g19588/Y                                              -       A->Y    R     INVxp33_ASAP7_75t_R          3  2.2   106    74     349    (-,-) 
  u_apb_i2c/g19574/Y                                              -       A->Y    F     NOR2xp67_ASAP7_75t_R         9  5.3   101    86     435    (-,-) 
  u_apb_i2c/g19480/Y                                              -       A->Y    R     INVxp33_ASAP7_75t_R          5  2.8   136    96     531    (-,-) 
  u_apb_i2c/g19249/Y                                              -       B3->Y   R     OA332x1_ASAP7_75t_R          1  0.8    26    75     606    (-,-) 
  u_apb_i2c/g19233/Y                                              -       B1->Y   F     OAI32xp33_ASAP7_75t_R        2  1.2    73    36     642    (-,-) 
  u_apb_i2c/g19211/Y                                              -       B->Y    R     NAND2xp33_ASAP7_75t_R        2  1.4    77    60     703    (-,-) 
  u_apb_i2c/g19203/Y                                              -       A->Y    F     INVxp33_ASAP7_75t_R          3  1.9    71    60     763    (-,-) 
  u_apb_i2c/g19123/Y                                              -       B->Y    R     NOR2xp33_ASAP7_75t_R         2  1.3    73    53     816    (-,-) 
  u_apb_i2c/g19117/Y                                              -       B->Y    F     NAND2xp33_ASAP7_75t_R        5  2.8    90    67     883    (-,-) 
  u_apb_i2c/g19104/Y                                              -       B->Y    R     NOR2xp33_ASAP7_75t_R         3  2.2   111    76     959    (-,-) 
  u_apb_i2c/g19092/Y                                              -       B->Y    R     AND2x2_ASAP7_75t_R           1  0.8    18    51    1010    (-,-) 
  u_apb_i2c/u_tx_fifo_cg_icg__RC_CG_HIER_INST914/RC_CGIC_INST/ENA -       -       R     ICGx1_ASAP7_75t_R            1    -     -     0    1010    (-,-) 
#--------------------------------------------------------------------------------------------------------------------------------------------------------



Path 12: MET (2874 ps) Clock Gating Setup Check at cgic pin u_apb_i2c/u_tx_fifo_cg_icg__RC_CG_HIER_INST910/RC_CGIC_INST/ENA
           View: view_ss
          Group: cg_enable_group_CLK_I2C
     Startpoint: (R) u_apb_i2c/u_tx_fifo_rd_ptr_reg[3]/CLK
          Clock: (R) CLK_I2C
       Endpoint: (R) u_apb_i2c/u_tx_fifo_cg_icg__RC_CG_HIER_INST910/RC_CGIC_INST/ENA
          Clock: (R) CLK_I2C

                     Capture       Launch     
        Clock Edge:+    4000            0     
       Src Latency:+     100          150     
       Net Latency:+       0 (I)        0 (I) 
           Arrival:=    4100          150     
                                              
  Gate Check Setup:-      66                  
       Uncertainty:-     150                  
     Required Time:=    3884                  
      Launch Clock:-     150                  
         Data Path:-     860                  
             Slack:=    2874                  

#--------------------------------------------------------------------------------------------------------------------------------------------------------
#                          Timing Point                           Flags    Arc    Edge          Cell            Fanout Load Trans Delay Arrival Instance 
#                                                                                                                      (fF)  (ps)  (ps)   (ps)  Location 
#--------------------------------------------------------------------------------------------------------------------------------------------------------
  u_apb_i2c/u_tx_fifo_rd_ptr_reg[3]/CLK                           -       -       R     (arrival)                    5    -    40     0     150    (-,-) 
  u_apb_i2c/u_tx_fifo_rd_ptr_reg[3]/QN                            -       CLK->QN F     DFFASRHQNx1_ASAP7_75t_R      5  4.1    72   125     275    (-,-) 
  u_apb_i2c/g19588/Y                                              -       A->Y    R     INVxp33_ASAP7_75t_R          3  2.2   106    74     349    (-,-) 
  u_apb_i2c/g19574/Y                                              -       A->Y    F     NOR2xp67_ASAP7_75t_R         9  5.3   101    86     435    (-,-) 
  u_apb_i2c/g19480/Y                                              -       A->Y    R     INVxp33_ASAP7_75t_R          5  2.8   136    96     531    (-,-) 
  u_apb_i2c/g19249/Y                                              -       B3->Y   R     OA332x1_ASAP7_75t_R          1  0.8    26    75     606    (-,-) 
  u_apb_i2c/g19233/Y                                              -       B1->Y   F     OAI32xp33_ASAP7_75t_R        2  1.2    73    36     642    (-,-) 
  u_apb_i2c/g19211/Y                                              -       B->Y    R     NAND2xp33_ASAP7_75t_R        2  1.4    77    60     703    (-,-) 
  u_apb_i2c/g19203/Y                                              -       A->Y    F     INVxp33_ASAP7_75t_R          3  1.9    71    60     763    (-,-) 
  u_apb_i2c/g19123/Y                                              -       B->Y    R     NOR2xp33_ASAP7_75t_R         2  1.3    73    53     816    (-,-) 
  u_apb_i2c/g19117/Y                                              -       B->Y    F     NAND2xp33_ASAP7_75t_R        5  2.8    90    67     883    (-,-) 
  u_apb_i2c/g19104/Y                                              -       B->Y    R     NOR2xp33_ASAP7_75t_R         3  2.2   111    76     959    (-,-) 
  u_apb_i2c/g19091/Y                                              -       B->Y    R     AND2x2_ASAP7_75t_R           1  0.8    18    51    1010    (-,-) 
  u_apb_i2c/u_tx_fifo_cg_icg__RC_CG_HIER_INST910/RC_CGIC_INST/ENA -       -       R     ICGx1_ASAP7_75t_R            1    -     -     0    1010    (-,-) 
#--------------------------------------------------------------------------------------------------------------------------------------------------------



Path 13: MET (2874 ps) Clock Gating Setup Check at cgic pin u_apb_i2c/u_tx_fifo_cg_icg__RC_CG_HIER_INST909/RC_CGIC_INST/ENA
           View: view_ss
          Group: cg_enable_group_CLK_I2C
     Startpoint: (R) u_apb_i2c/u_tx_fifo_rd_ptr_reg[3]/CLK
          Clock: (R) CLK_I2C
       Endpoint: (R) u_apb_i2c/u_tx_fifo_cg_icg__RC_CG_HIER_INST909/RC_CGIC_INST/ENA
          Clock: (R) CLK_I2C

                     Capture       Launch     
        Clock Edge:+    4000            0     
       Src Latency:+     100          150     
       Net Latency:+       0 (I)        0 (I) 
           Arrival:=    4100          150     
                                              
  Gate Check Setup:-      66                  
       Uncertainty:-     150                  
     Required Time:=    3884                  
      Launch Clock:-     150                  
         Data Path:-     860                  
             Slack:=    2874                  

#--------------------------------------------------------------------------------------------------------------------------------------------------------
#                          Timing Point                           Flags    Arc    Edge          Cell            Fanout Load Trans Delay Arrival Instance 
#                                                                                                                      (fF)  (ps)  (ps)   (ps)  Location 
#--------------------------------------------------------------------------------------------------------------------------------------------------------
  u_apb_i2c/u_tx_fifo_rd_ptr_reg[3]/CLK                           -       -       R     (arrival)                    5    -    40     0     150    (-,-) 
  u_apb_i2c/u_tx_fifo_rd_ptr_reg[3]/QN                            -       CLK->QN F     DFFASRHQNx1_ASAP7_75t_R      5  4.1    72   125     275    (-,-) 
  u_apb_i2c/g19588/Y                                              -       A->Y    R     INVxp33_ASAP7_75t_R          3  2.2   106    74     349    (-,-) 
  u_apb_i2c/g19574/Y                                              -       A->Y    F     NOR2xp67_ASAP7_75t_R         9  5.3   101    86     435    (-,-) 
  u_apb_i2c/g19480/Y                                              -       A->Y    R     INVxp33_ASAP7_75t_R          5  2.8   136    96     531    (-,-) 
  u_apb_i2c/g19249/Y                                              -       B3->Y   R     OA332x1_ASAP7_75t_R          1  0.8    26    75     606    (-,-) 
  u_apb_i2c/g19233/Y                                              -       B1->Y   F     OAI32xp33_ASAP7_75t_R        2  1.2    73    36     642    (-,-) 
  u_apb_i2c/g19211/Y                                              -       B->Y    R     NAND2xp33_ASAP7_75t_R        2  1.4    77    60     703    (-,-) 
  u_apb_i2c/g19203/Y                                              -       A->Y    F     INVxp33_ASAP7_75t_R          3  1.9    71    60     763    (-,-) 
  u_apb_i2c/g19123/Y                                              -       B->Y    R     NOR2xp33_ASAP7_75t_R         2  1.3    73    53     816    (-,-) 
  u_apb_i2c/g19117/Y                                              -       B->Y    F     NAND2xp33_ASAP7_75t_R        5  2.8    90    67     883    (-,-) 
  u_apb_i2c/g19104/Y                                              -       B->Y    R     NOR2xp33_ASAP7_75t_R         3  2.2   111    76     959    (-,-) 
  u_apb_i2c/g19085/Y                                              -       B->Y    R     AND2x2_ASAP7_75t_R           1  0.8    18    51    1010    (-,-) 
  u_apb_i2c/u_tx_fifo_cg_icg__RC_CG_HIER_INST909/RC_CGIC_INST/ENA -       -       R     ICGx1_ASAP7_75t_R            1    -     -     0    1010    (-,-) 
#--------------------------------------------------------------------------------------------------------------------------------------------------------



Path 14: MET (2895 ps) Clock Gating Setup Check at cgic pin u_apb_i2c/u_tx_fifo_cg_icg__RC_CG_HIER_INST922/RC_CGIC_INST/ENA
           View: view_ss
          Group: cg_enable_group_CLK_I2C
     Startpoint: (R) u_apb_i2c/u_tx_fifo_rd_ptr_reg[3]/CLK
          Clock: (R) CLK_I2C
       Endpoint: (R) u_apb_i2c/u_tx_fifo_cg_icg__RC_CG_HIER_INST922/RC_CGIC_INST/ENA
          Clock: (R) CLK_I2C

                     Capture       Launch     
        Clock Edge:+    4000            0     
       Src Latency:+     100          150     
       Net Latency:+       0 (I)        0 (I) 
           Arrival:=    4100          150     
                                              
  Gate Check Setup:-      66                  
       Uncertainty:-     150                  
     Required Time:=    3884                  
      Launch Clock:-     150                  
         Data Path:-     839                  
             Slack:=    2895                  

#--------------------------------------------------------------------------------------------------------------------------------------------------------
#                          Timing Point                           Flags    Arc    Edge          Cell            Fanout Load Trans Delay Arrival Instance 
#                                                                                                                      (fF)  (ps)  (ps)   (ps)  Location 
#--------------------------------------------------------------------------------------------------------------------------------------------------------
  u_apb_i2c/u_tx_fifo_rd_ptr_reg[3]/CLK                           -       -       R     (arrival)                    5    -    40     0     150    (-,-) 
  u_apb_i2c/u_tx_fifo_rd_ptr_reg[3]/QN                            -       CLK->QN F     DFFASRHQNx1_ASAP7_75t_R      5  4.1    72   125     275    (-,-) 
  u_apb_i2c/g19588/Y                                              -       A->Y    R     INVxp33_ASAP7_75t_R          3  2.2   106    74     349    (-,-) 
  u_apb_i2c/g19574/Y                                              -       A->Y    F     NOR2xp67_ASAP7_75t_R         9  5.3   101    86     435    (-,-) 
  u_apb_i2c/g19480/Y                                              -       A->Y    R     INVxp33_ASAP7_75t_R          5  2.8   136    96     531    (-,-) 
  u_apb_i2c/g19249/Y                                              -       B3->Y   R     OA332x1_ASAP7_75t_R          1  0.8    26    75     606    (-,-) 
  u_apb_i2c/g19233/Y                                              -       B1->Y   F     OAI32xp33_ASAP7_75t_R        2  1.2    73    36     642    (-,-) 
  u_apb_i2c/g19211/Y                                              -       B->Y    R     NAND2xp33_ASAP7_75t_R        2  1.4    77    60     703    (-,-) 
  u_apb_i2c/g19203/Y                                              -       A->Y    F     INVxp33_ASAP7_75t_R          3  1.9    71    60     763    (-,-) 
  u_apb_i2c/g19123/Y                                              -       B->Y    R     NOR2xp33_ASAP7_75t_R         2  1.3    73    53     816    (-,-) 
  u_apb_i2c/g19117/Y                                              -       B->Y    F     NAND2xp33_ASAP7_75t_R        5  2.8    90    67     883    (-,-) 
  u_apb_i2c/g19111/Y                                              -       B->Y    R     NOR2xp33_ASAP7_75t_R         2  1.4    82    60     943    (-,-) 
  u_apb_i2c/g19080/Y                                              -       B->Y    R     AND2x2_ASAP7_75t_R           1  0.8    17    46     989    (-,-) 
  u_apb_i2c/u_tx_fifo_cg_icg__RC_CG_HIER_INST922/RC_CGIC_INST/ENA -       -       R     ICGx1_ASAP7_75t_R            1    -     -     0     989    (-,-) 
#--------------------------------------------------------------------------------------------------------------------------------------------------------



Path 15: MET (2895 ps) Clock Gating Setup Check at cgic pin u_apb_i2c/u_tx_fifo_cg_icg__RC_CG_HIER_INST908/RC_CGIC_INST/ENA
           View: view_ss
          Group: cg_enable_group_CLK_I2C
     Startpoint: (R) u_apb_i2c/u_tx_fifo_rd_ptr_reg[3]/CLK
          Clock: (R) CLK_I2C
       Endpoint: (R) u_apb_i2c/u_tx_fifo_cg_icg__RC_CG_HIER_INST908/RC_CGIC_INST/ENA
          Clock: (R) CLK_I2C

                     Capture       Launch     
        Clock Edge:+    4000            0     
       Src Latency:+     100          150     
       Net Latency:+       0 (I)        0 (I) 
           Arrival:=    4100          150     
                                              
  Gate Check Setup:-      66                  
       Uncertainty:-     150                  
     Required Time:=    3884                  
      Launch Clock:-     150                  
         Data Path:-     839                  
             Slack:=    2895                  

#--------------------------------------------------------------------------------------------------------------------------------------------------------
#                          Timing Point                           Flags    Arc    Edge          Cell            Fanout Load Trans Delay Arrival Instance 
#                                                                                                                      (fF)  (ps)  (ps)   (ps)  Location 
#--------------------------------------------------------------------------------------------------------------------------------------------------------
  u_apb_i2c/u_tx_fifo_rd_ptr_reg[3]/CLK                           -       -       R     (arrival)                    5    -    40     0     150    (-,-) 
  u_apb_i2c/u_tx_fifo_rd_ptr_reg[3]/QN                            -       CLK->QN F     DFFASRHQNx1_ASAP7_75t_R      5  4.1    72   125     275    (-,-) 
  u_apb_i2c/g19588/Y                                              -       A->Y    R     INVxp33_ASAP7_75t_R          3  2.2   106    74     349    (-,-) 
  u_apb_i2c/g19574/Y                                              -       A->Y    F     NOR2xp67_ASAP7_75t_R         9  5.3   101    86     435    (-,-) 
  u_apb_i2c/g19480/Y                                              -       A->Y    R     INVxp33_ASAP7_75t_R          5  2.8   136    96     531    (-,-) 
  u_apb_i2c/g19249/Y                                              -       B3->Y   R     OA332x1_ASAP7_75t_R          1  0.8    26    75     606    (-,-) 
  u_apb_i2c/g19233/Y                                              -       B1->Y   F     OAI32xp33_ASAP7_75t_R        2  1.2    73    36     642    (-,-) 
  u_apb_i2c/g19211/Y                                              -       B->Y    R     NAND2xp33_ASAP7_75t_R        2  1.4    77    60     703    (-,-) 
  u_apb_i2c/g19203/Y                                              -       A->Y    F     INVxp33_ASAP7_75t_R          3  1.9    71    60     763    (-,-) 
  u_apb_i2c/g19123/Y                                              -       B->Y    R     NOR2xp33_ASAP7_75t_R         2  1.3    73    53     816    (-,-) 
  u_apb_i2c/g19117/Y                                              -       B->Y    F     NAND2xp33_ASAP7_75t_R        5  2.8    90    67     883    (-,-) 
  u_apb_i2c/g19112/Y                                              -       B->Y    R     NOR2xp33_ASAP7_75t_R         2  1.4    82    60     943    (-,-) 
  u_apb_i2c/g19081/Y                                              -       B->Y    R     AND2x2_ASAP7_75t_R           1  0.8    17    46     989    (-,-) 
  u_apb_i2c/u_tx_fifo_cg_icg__RC_CG_HIER_INST908/RC_CGIC_INST/ENA -       -       R     ICGx1_ASAP7_75t_R            1    -     -     0     989    (-,-) 
#--------------------------------------------------------------------------------------------------------------------------------------------------------



Path 16: MET (2946 ps) Clock Gating Setup Check at cgic pin u_apb_i2c/u_tx_fifo_cg_icg__RC_CG_HIER_INST917/RC_CGIC_INST/ENA
           View: view_ss
          Group: cg_enable_group_CLK_I2C
     Startpoint: (R) u_apb_i2c/u_tx_fifo_rd_ptr_reg[3]/CLK
          Clock: (R) CLK_I2C
       Endpoint: (R) u_apb_i2c/u_tx_fifo_cg_icg__RC_CG_HIER_INST917/RC_CGIC_INST/ENA
          Clock: (R) CLK_I2C

                     Capture       Launch     
        Clock Edge:+    4000            0     
       Src Latency:+     100          150     
       Net Latency:+       0 (I)        0 (I) 
           Arrival:=    4100          150     
                                              
  Gate Check Setup:-      75                  
       Uncertainty:-     150                  
     Required Time:=    3875                  
      Launch Clock:-     150                  
         Data Path:-     778                  
             Slack:=    2946                  

#--------------------------------------------------------------------------------------------------------------------------------------------------------
#                          Timing Point                           Flags    Arc    Edge          Cell            Fanout Load Trans Delay Arrival Instance 
#                                                                                                                      (fF)  (ps)  (ps)   (ps)  Location 
#--------------------------------------------------------------------------------------------------------------------------------------------------------
  u_apb_i2c/u_tx_fifo_rd_ptr_reg[3]/CLK                           -       -       R     (arrival)                    5    -    40     0     150    (-,-) 
  u_apb_i2c/u_tx_fifo_rd_ptr_reg[3]/QN                            -       CLK->QN F     DFFASRHQNx1_ASAP7_75t_R      5  4.1    72   125     275    (-,-) 
  u_apb_i2c/g19588/Y                                              -       A->Y    R     INVxp33_ASAP7_75t_R          3  2.2   106    74     349    (-,-) 
  u_apb_i2c/g19574/Y                                              -       A->Y    F     NOR2xp67_ASAP7_75t_R         9  5.3   101    86     435    (-,-) 
  u_apb_i2c/g19480/Y                                              -       A->Y    R     INVxp33_ASAP7_75t_R          5  2.8   136    96     531    (-,-) 
  u_apb_i2c/g19249/Y                                              -       B3->Y   R     OA332x1_ASAP7_75t_R          1  0.8    26    75     606    (-,-) 
  u_apb_i2c/g19233/Y                                              -       B1->Y   F     OAI32xp33_ASAP7_75t_R        2  1.2    73    36     642    (-,-) 
  u_apb_i2c/g19211/Y                                              -       B->Y    R     NAND2xp33_ASAP7_75t_R        2  1.4    77    60     703    (-,-) 
  u_apb_i2c/g19203/Y                                              -       A->Y    F     INVxp33_ASAP7_75t_R          3  1.9    71    60     763    (-,-) 
  u_apb_i2c/g19123/Y                                              -       B->Y    R     NOR2xp33_ASAP7_75t_R         2  1.3    73    53     816    (-,-) 
  u_apb_i2c/g19117/Y                                              -       B->Y    F     NAND2xp33_ASAP7_75t_R        5  2.8    90    67     883    (-,-) 
  u_apb_i2c/g19102/Y                                              -       B->Y    R     NOR2xp33_ASAP7_75t_R         1  0.8    60    45     928    (-,-) 
  u_apb_i2c/u_tx_fifo_cg_icg__RC_CG_HIER_INST917/RC_CGIC_INST/ENA -       -       R     ICGx1_ASAP7_75t_R            1    -     -     0     928    (-,-) 
#--------------------------------------------------------------------------------------------------------------------------------------------------------



Path 17: MET (2990 ps) Clock Gating Setup Check at cgic pin u_apb_i2c/cg_icg__RC_CG_HIER_INST34/RC_CGIC_INST/ENA
           View: view_ss
          Group: cg_enable_group_CLK_I2C
     Startpoint: (R) u_apb_i2c/tick_cnt_reg[0]/CLK
          Clock: (R) CLK_I2C
       Endpoint: (R) u_apb_i2c/cg_icg__RC_CG_HIER_INST34/RC_CGIC_INST/ENA
          Clock: (R) CLK_I2C

                     Capture       Launch     
        Clock Edge:+    4000            0     
       Src Latency:+     100          150     
       Net Latency:+       0 (I)        0 (I) 
           Arrival:=    4100          150     
                                              
  Gate Check Setup:-      66                  
       Uncertainty:-     150                  
     Required Time:=    3884                  
      Launch Clock:-     150                  
         Data Path:-     744                  
             Slack:=    2990                  

#---------------------------------------------------------------------------------------------------------------------------------------------
#                    Timing Point                      Flags    Arc    Edge          Cell            Fanout Load Trans Delay Arrival Instance 
#                                                                                                           (fF)  (ps)  (ps)   (ps)  Location 
#---------------------------------------------------------------------------------------------------------------------------------------------
  u_apb_i2c/tick_cnt_reg[0]/CLK                        -       -       R     (arrival)                   16    -    40     0     150    (-,-) 
  u_apb_i2c/tick_cnt_reg[0]/QN                         -       CLK->QN F     DFFASRHQNx1_ASAP7_75t_R      4  2.5    56   112     262    (-,-) 
  u_apb_i2c/g19357/Y                                   -       B->Y    F     OR3x1_ASAP7_75t_R            3  1.9    31    62     324    (-,-) 
  u_apb_i2c/g19303/Y                                   -       B->Y    F     OR2x2_ASAP7_75t_R            4  2.5    23    46     370    (-,-) 
  u_apb_i2c/g19272/Y                                   -       A->Y    F     OR5x1_ASAP7_75t_R            4  2.7    47    78     448    (-,-) 
  u_apb_i2c/g19255/Y                                   -       A->Y    F     OR3x1_ASAP7_75t_R            4  2.6    38    63     512    (-,-) 
  u_apb_i2c/g19240/Y                                   -       A->Y    F     OR3x1_ASAP7_75t_R            4  2.5    37    60     572    (-,-) 
  u_apb_i2c/g19234/Y                                   -       A->Y    F     OR3x1_ASAP7_75t_R            4  2.5    37    60     632    (-,-) 
  u_apb_i2c/g19212/Y                                   -       A->Y    F     OR3x1_ASAP7_75t_R            7  5.4    64    76     708    (-,-) 
  u_apb_i2c/g19190/Y                                   -       B->Y    R     AOI31xp33_ASAP7_75t_R        1  0.7    56    46     754    (-,-) 
  u_apb_i2c/g19179/Y                                   -       A->Y    F     INVxp33_ASAP7_75t_R          3  2.0    69    54     808    (-,-) 
  u_apb_i2c/g19157/Y                                   -       C->Y    R     A2O1A1Ixp33_ASAP7_75t_R      3  1.9    75    49     857    (-,-) 
  u_apb_i2c/g19115/Y                                   -       A->Y    R     OR3x1_ASAP7_75t_R            1  0.8    19    37     894    (-,-) 
  u_apb_i2c/cg_icg__RC_CG_HIER_INST34/RC_CGIC_INST/ENA -       -       R     ICGx1_ASAP7_75t_R            1    -     -     0     894    (-,-) 
#---------------------------------------------------------------------------------------------------------------------------------------------



Path 18: MET (3027 ps) Clock Gating Setup Check at cgic pin u_apb_i2c/u_rx_fifo_cg_icg__RC_CG_HIER_INST940/RC_CGIC_INST/ENA
           View: view_ss
          Group: cg_enable_group_CLK_I2C
     Startpoint: (R) u_apb_i2c/u_rx_fifo_wr_ptr_reg[1]/CLK
          Clock: (R) CLK_I2C
       Endpoint: (F) u_apb_i2c/u_rx_fifo_cg_icg__RC_CG_HIER_INST940/RC_CGIC_INST/ENA
          Clock: (R) CLK_I2C

                     Capture       Launch     
        Clock Edge:+    4000            0     
       Src Latency:+     100          150     
       Net Latency:+       0 (I)        0 (I) 
           Arrival:=    4100          150     
                                              
  Gate Check Setup:-      48                  
       Uncertainty:-     150                  
     Required Time:=    3902                  
      Launch Clock:-     150                  
         Data Path:-     725                  
             Slack:=    3027                  

#--------------------------------------------------------------------------------------------------------------------------------------------------------
#                          Timing Point                           Flags    Arc    Edge          Cell            Fanout Load Trans Delay Arrival Instance 
#                                                                                                                      (fF)  (ps)  (ps)   (ps)  Location 
#--------------------------------------------------------------------------------------------------------------------------------------------------------
  u_apb_i2c/u_rx_fifo_wr_ptr_reg[1]/CLK                           -       -       R     (arrival)                    5    -    40     0     150    (-,-) 
  u_apb_i2c/u_rx_fifo_wr_ptr_reg[1]/QN                            -       CLK->QN F     DFFASRHQNx1_ASAP7_75t_R      8  4.5    75   128     278    (-,-) 
  u_apb_i2c/g19591/Y                                              -       A->Y    R     INVxp67_ASAP7_75t_R          6  3.7    92    68     345    (-,-) 
  u_apb_i2c/g19353/Y                                              -       A2->Y   F     OAI22xp33_ASAP7_75t_R        1  0.9    52    46     392    (-,-) 
  u_apb_i2c/g19273/Y                                              -       A->Y    R     NOR4xp25_ASAP7_75t_R         2  1.2   100    60     451    (-,-) 
  u_apb_i2c/g19246/Y                                              -       B->Y    F     NAND2xp33_ASAP7_75t_R        2  1.5    65    54     506    (-,-) 
  u_apb_i2c/g19134/Y                                              -       B->Y    F     AND2x2_ASAP7_75t_R           2  1.3    16    47     553    (-,-) 
  u_apb_i2c/g19124/Y                                              -       B->Y    R     NAND2xp33_ASAP7_75t_R        2  1.2    70    36     589    (-,-) 
  u_apb_i2c/g19118/Y                                              -       A->Y    F     INVxp33_ASAP7_75t_R          4  2.8    93    71     660    (-,-) 
  u_apb_i2c/g19116/Y                                              -       B->Y    R     NAND2xp33_ASAP7_75t_R        3  2.0   105    79     738    (-,-) 
  u_apb_i2c/g19105/Y                                              -       B->Y    R     OR2x2_ASAP7_75t_R            3  1.6    22    54     792    (-,-) 
  u_apb_i2c/g19089/Y                                              -       B->Y    F     NOR2xp33_ASAP7_75t_R         2  1.6    67    37     829    (-,-) 
  u_apb_i2c/g19066/Y                                              -       B->Y    F     AND2x2_ASAP7_75t_R           1  0.8    15    46     875    (-,-) 
  u_apb_i2c/u_rx_fifo_cg_icg__RC_CG_HIER_INST940/RC_CGIC_INST/ENA -       -       F     ICGx1_ASAP7_75t_R            1    -     -     0     875    (-,-) 
#--------------------------------------------------------------------------------------------------------------------------------------------------------



Path 19: MET (3027 ps) Clock Gating Setup Check at cgic pin u_apb_i2c/u_rx_fifo_cg_icg__RC_CG_HIER_INST925/RC_CGIC_INST/ENA
           View: view_ss
          Group: cg_enable_group_CLK_I2C
     Startpoint: (R) u_apb_i2c/u_rx_fifo_wr_ptr_reg[1]/CLK
          Clock: (R) CLK_I2C
       Endpoint: (F) u_apb_i2c/u_rx_fifo_cg_icg__RC_CG_HIER_INST925/RC_CGIC_INST/ENA
          Clock: (R) CLK_I2C

                     Capture       Launch     
        Clock Edge:+    4000            0     
       Src Latency:+     100          150     
       Net Latency:+       0 (I)        0 (I) 
           Arrival:=    4100          150     
                                              
  Gate Check Setup:-      48                  
       Uncertainty:-     150                  
     Required Time:=    3902                  
      Launch Clock:-     150                  
         Data Path:-     725                  
             Slack:=    3027                  

#--------------------------------------------------------------------------------------------------------------------------------------------------------
#                          Timing Point                           Flags    Arc    Edge          Cell            Fanout Load Trans Delay Arrival Instance 
#                                                                                                                      (fF)  (ps)  (ps)   (ps)  Location 
#--------------------------------------------------------------------------------------------------------------------------------------------------------
  u_apb_i2c/u_rx_fifo_wr_ptr_reg[1]/CLK                           -       -       R     (arrival)                    5    -    40     0     150    (-,-) 
  u_apb_i2c/u_rx_fifo_wr_ptr_reg[1]/QN                            -       CLK->QN F     DFFASRHQNx1_ASAP7_75t_R      8  4.5    75   128     278    (-,-) 
  u_apb_i2c/g19591/Y                                              -       A->Y    R     INVxp67_ASAP7_75t_R          6  3.7    92    68     345    (-,-) 
  u_apb_i2c/g19353/Y                                              -       A2->Y   F     OAI22xp33_ASAP7_75t_R        1  0.9    52    46     392    (-,-) 
  u_apb_i2c/g19273/Y                                              -       A->Y    R     NOR4xp25_ASAP7_75t_R         2  1.2   100    60     451    (-,-) 
  u_apb_i2c/g19246/Y                                              -       B->Y    F     NAND2xp33_ASAP7_75t_R        2  1.5    65    54     506    (-,-) 
  u_apb_i2c/g19134/Y                                              -       B->Y    F     AND2x2_ASAP7_75t_R           2  1.3    16    47     553    (-,-) 
  u_apb_i2c/g19124/Y                                              -       B->Y    R     NAND2xp33_ASAP7_75t_R        2  1.2    70    36     589    (-,-) 
  u_apb_i2c/g19118/Y                                              -       A->Y    F     INVxp33_ASAP7_75t_R          4  2.8    93    71     660    (-,-) 
  u_apb_i2c/g19116/Y                                              -       B->Y    R     NAND2xp33_ASAP7_75t_R        3  2.0   105    79     738    (-,-) 
  u_apb_i2c/g19105/Y                                              -       B->Y    R     OR2x2_ASAP7_75t_R            3  1.6    22    54     792    (-,-) 
  u_apb_i2c/g19089/Y                                              -       B->Y    F     NOR2xp33_ASAP7_75t_R         2  1.6    67    37     829    (-,-) 
  u_apb_i2c/g19074/Y                                              -       B->Y    F     AND2x2_ASAP7_75t_R           1  0.8    15    46     875    (-,-) 
  u_apb_i2c/u_rx_fifo_cg_icg__RC_CG_HIER_INST925/RC_CGIC_INST/ENA -       -       F     ICGx1_ASAP7_75t_R            1    -     -     0     875    (-,-) 
#--------------------------------------------------------------------------------------------------------------------------------------------------------



Path 20: MET (3049 ps) Clock Gating Setup Check at cgic pin u_apb_i2c/cg_icg__RC_CG_HIER_INST29/RC_CGIC_INST/ENA
           View: view_ss
          Group: cg_enable_group_CLK_I2C
     Startpoint: (R) u_apb_i2c/tick_cnt_reg[0]/CLK
          Clock: (R) CLK_I2C
       Endpoint: (R) u_apb_i2c/cg_icg__RC_CG_HIER_INST29/RC_CGIC_INST/ENA
          Clock: (R) CLK_I2C

                     Capture       Launch     
        Clock Edge:+    4000            0     
       Src Latency:+     100          150     
       Net Latency:+       0 (I)        0 (I) 
           Arrival:=    4100          150     
                                              
  Gate Check Setup:-      66                  
       Uncertainty:-     150                  
     Required Time:=    3884                  
      Launch Clock:-     150                  
         Data Path:-     685                  
             Slack:=    3049                  

#---------------------------------------------------------------------------------------------------------------------------------------------
#                    Timing Point                      Flags    Arc    Edge          Cell            Fanout Load Trans Delay Arrival Instance 
#                                                                                                           (fF)  (ps)  (ps)   (ps)  Location 
#---------------------------------------------------------------------------------------------------------------------------------------------
  u_apb_i2c/tick_cnt_reg[0]/CLK                        -       -       R     (arrival)                   16    -    40     0     150    (-,-) 
  u_apb_i2c/tick_cnt_reg[0]/QN                         -       CLK->QN F     DFFASRHQNx1_ASAP7_75t_R      4  2.5    56   112     262    (-,-) 
  u_apb_i2c/g19357/Y                                   -       B->Y    F     OR3x1_ASAP7_75t_R            3  1.9    31    62     324    (-,-) 
  u_apb_i2c/g19303/Y                                   -       B->Y    F     OR2x2_ASAP7_75t_R            4  2.5    23    46     370    (-,-) 
  u_apb_i2c/g19272/Y                                   -       A->Y    F     OR5x1_ASAP7_75t_R            4  2.7    47    78     448    (-,-) 
  u_apb_i2c/g19255/Y                                   -       A->Y    F     OR3x1_ASAP7_75t_R            4  2.6    38    63     512    (-,-) 
  u_apb_i2c/g19240/Y                                   -       A->Y    F     OR3x1_ASAP7_75t_R            4  2.5    37    60     572    (-,-) 
  u_apb_i2c/g19234/Y                                   -       A->Y    F     OR3x1_ASAP7_75t_R            4  2.5    37    60     632    (-,-) 
  u_apb_i2c/g19212/Y                                   -       A->Y    F     OR3x1_ASAP7_75t_R            7  5.4    64    76     708    (-,-) 
  u_apb_i2c/g19136/Y                                   -       B->Y    R     NAND2x1p5_ASAP7_75t_R       19 11.6   118    74     782    (-,-) 
  u_apb_i2c/g19121/Y                                   -       B->Y    R     OR2x2_ASAP7_75t_R            1  0.8    18    53     835    (-,-) 
  u_apb_i2c/cg_icg__RC_CG_HIER_INST29/RC_CGIC_INST/ENA -       -       R     ICGx1_ASAP7_75t_R            1    -     -     0     835    (-,-) 
#---------------------------------------------------------------------------------------------------------------------------------------------


