============================================================
  Generated by:           Genus(TM) Synthesis Solution 23.14-s090_1
  Generated on:           Sep 14 2026  08:12:57 pm
  Module:                 top_soc
  Operating conditions:   PVT_0P63V_100C 
  Operating conditions:   PVT_0P7V_25C 
  Interconnect mode:      global
  Area mode:              physical library
============================================================


Path 1: MET (2485 ps) Setup Check with Pin u_apb_gpio/reg_int_stat_reg[25]/CLK->D
           View: view_ss
          Group: CLK_GPIO
     Startpoint: (R) u_axi_to_apb_m_apb_paddr_reg[0]/CLK
          Clock: (R) CLK_SYS
       Endpoint: (R) u_apb_gpio/reg_int_stat_reg[25]/D
          Clock: (R) CLK_GPIO

                     Capture       Launch     
        Clock Edge:+    4000            0     
       Src Latency:+     100          150     
       Net Latency:+       0 (I)        0 (I) 
           Arrival:=    4100          150     
                                              
             Setup:-      26                  
       Uncertainty:-     150                  
     Required Time:=    3924                  
      Launch Clock:-     150                  
         Data Path:-    1288                  
             Slack:=    2485                  

#----------------------------------------------------------------------------------------------------------------------------
#            Timing Point             Flags    Arc    Edge          Cell            Fanout Load Trans Delay Arrival Instance 
#                                                                                          (fF)  (ps)  (ps)   (ps)  Location 
#----------------------------------------------------------------------------------------------------------------------------
  u_axi_to_apb_m_apb_paddr_reg[0]/CLK -       -       R     (arrival)                   69    -    40     0     150    (-,-) 
  u_axi_to_apb_m_apb_paddr_reg[0]/QN  -       CLK->QN F     DFFASRHQNx1_ASAP7_75t_R      4  6.1    90   139     289    (-,-) 
  g125443/Y                           -       A->Y    F     HB2xp67_ASAP7_75t_R          5  6.5   106   126     414    (-,-) 
  u_apb_gpio/g12953/Y                 -       E->Y    R     NOR5xp2_ASAP7_75t_L          1  1.8   147    76     490    (-,-) 
  u_apb_gpio/drc/Y                    -       A->Y    R     HB1xp67_ASAP7_75t_R          1  1.8    48    70     560    (-,-) 
  u_apb_gpio/drc_bufs13413/Y          -       A->Y    F     INVxp33_ASAP7_75t_R          1  1.8    62    48     608    (-,-) 
  u_apb_gpio/drc_bufs13412/Y          -       A->Y    R     INVxp33_ASAP7_75t_R          1  2.0    96    66     674    (-,-) 
  u_apb_gpio/g12904/Y                 -       B->Y    R     AND2x2_ASAP7_75t_R           3  4.3    41    62     736    (-,-) 
  u_apb_gpio/g12899/Y                 -       B->Y    R     AND2x2_ASAP7_75t_R           3  4.4    42    50     786    (-,-) 
  u_apb_gpio/g12889/Y                 -       B->Y    F     NAND2xp5_ASAP7_75t_R         2  2.8    63    44     829    (-,-) 
  u_apb_gpio/g12873/Y                 -       B->Y    R     NOR2xp33_ASAP7_75t_R         2  3.0   138    83     913    (-,-) 
  u_apb_gpio/g12867/Y                 -       A->Y    F     INVxp33_ASAP7_75t_R          1  1.8    84    76     989    (-,-) 
  u_apb_gpio/g12669/Y                 -       B->Y    R     NOR2xp33_ASAP7_75t_R         1  1.9    99    69    1057    (-,-) 
  u_apb_gpio/drc_bufs13391/Y          -       A->Y    F     INVxp67_ASAP7_75t_R          2  4.4    83    71    1128    (-,-) 
  u_apb_gpio/drc_bufs13390/Y          -       A->Y    R     INVx2_ASAP7_75t_R           16 17.1   132    89    1217    (-,-) 
  u_apb_gpio/g12559/Y                 -       B->Y    F     NAND2xp33_ASAP7_75t_R        1  1.8    80    66    1283    (-,-) 
  u_apb_gpio/g12496/Y                 -       B->Y    R     NAND2xp33_ASAP7_75t_R        1  2.1   107    77    1360    (-,-) 
  u_apb_gpio/g12412/Y                 -       C1->Y   R     OA331x1_ASAP7_75t_R          1  2.0    41    78    1438    (-,-) 
  u_apb_gpio/reg_int_stat_reg[25]/D   -       -       R     DFFASRHQNx1_ASAP7_75t_R      1    -     -     0    1438    (-,-) 
#----------------------------------------------------------------------------------------------------------------------------



Path 2: MET (2485 ps) Setup Check with Pin u_apb_gpio/reg_int_stat_reg[18]/CLK->D
           View: view_ss
          Group: CLK_GPIO
     Startpoint: (R) u_axi_to_apb_m_apb_paddr_reg[0]/CLK
          Clock: (R) CLK_SYS
       Endpoint: (R) u_apb_gpio/reg_int_stat_reg[18]/D
          Clock: (R) CLK_GPIO

                     Capture       Launch     
        Clock Edge:+    4000            0     
       Src Latency:+     100          150     
       Net Latency:+       0 (I)        0 (I) 
           Arrival:=    4100          150     
                                              
             Setup:-      26                  
       Uncertainty:-     150                  
     Required Time:=    3924                  
      Launch Clock:-     150                  
         Data Path:-    1288                  
             Slack:=    2485                  

#----------------------------------------------------------------------------------------------------------------------------
#            Timing Point             Flags    Arc    Edge          Cell            Fanout Load Trans Delay Arrival Instance 
#                                                                                          (fF)  (ps)  (ps)   (ps)  Location 
#----------------------------------------------------------------------------------------------------------------------------
  u_axi_to_apb_m_apb_paddr_reg[0]/CLK -       -       R     (arrival)                   69    -    40     0     150    (-,-) 
  u_axi_to_apb_m_apb_paddr_reg[0]/QN  -       CLK->QN F     DFFASRHQNx1_ASAP7_75t_R      4  6.1    90   139     289    (-,-) 
  g125443/Y                           -       A->Y    F     HB2xp67_ASAP7_75t_R          5  6.5   106   126     414    (-,-) 
  u_apb_gpio/g12953/Y                 -       E->Y    R     NOR5xp2_ASAP7_75t_L          1  1.8   147    76     490    (-,-) 
  u_apb_gpio/drc/Y                    -       A->Y    R     HB1xp67_ASAP7_75t_R          1  1.8    48    70     560    (-,-) 
  u_apb_gpio/drc_bufs13413/Y          -       A->Y    F     INVxp33_ASAP7_75t_R          1  1.8    62    48     608    (-,-) 
  u_apb_gpio/drc_bufs13412/Y          -       A->Y    R     INVxp33_ASAP7_75t_R          1  2.0    96    66     674    (-,-) 
  u_apb_gpio/g12904/Y                 -       B->Y    R     AND2x2_ASAP7_75t_R           3  4.3    41    62     736    (-,-) 
  u_apb_gpio/g12899/Y                 -       B->Y    R     AND2x2_ASAP7_75t_R           3  4.4    42    50     786    (-,-) 
  u_apb_gpio/g12889/Y                 -       B->Y    F     NAND2xp5_ASAP7_75t_R         2  2.8    63    44     829    (-,-) 
  u_apb_gpio/g12873/Y                 -       B->Y    R     NOR2xp33_ASAP7_75t_R         2  3.0   138    83     913    (-,-) 
  u_apb_gpio/g12867/Y                 -       A->Y    F     INVxp33_ASAP7_75t_R          1  1.8    84    76     989    (-,-) 
  u_apb_gpio/g12669/Y                 -       B->Y    R     NOR2xp33_ASAP7_75t_R         1  1.9    99    69    1057    (-,-) 
  u_apb_gpio/drc_bufs13391/Y          -       A->Y    F     INVxp67_ASAP7_75t_R          2  4.4    83    71    1128    (-,-) 
  u_apb_gpio/drc_bufs13389/Y          -       A->Y    R     INVx2_ASAP7_75t_R           16 17.1   132    89    1217    (-,-) 
  u_apb_gpio/g12539/Y                 -       B->Y    F     NAND2xp33_ASAP7_75t_R        1  1.8    80    66    1283    (-,-) 
  u_apb_gpio/g12495/Y                 -       B->Y    R     NAND2xp33_ASAP7_75t_R        1  2.1   107    77    1360    (-,-) 
  u_apb_gpio/g12424/Y                 -       C1->Y   R     OA331x1_ASAP7_75t_R          1  2.0    41    78    1438    (-,-) 
  u_apb_gpio/reg_int_stat_reg[18]/D   -       -       R     DFFASRHQNx1_ASAP7_75t_R      1    -     -     0    1438    (-,-) 
#----------------------------------------------------------------------------------------------------------------------------



Path 3: MET (2485 ps) Setup Check with Pin u_apb_gpio/reg_int_stat_reg[17]/CLK->D
           View: view_ss
          Group: CLK_GPIO
     Startpoint: (R) u_axi_to_apb_m_apb_paddr_reg[0]/CLK
          Clock: (R) CLK_SYS
       Endpoint: (R) u_apb_gpio/reg_int_stat_reg[17]/D
          Clock: (R) CLK_GPIO

                     Capture       Launch     
        Clock Edge:+    4000            0     
       Src Latency:+     100          150     
       Net Latency:+       0 (I)        0 (I) 
           Arrival:=    4100          150     
                                              
             Setup:-      26                  
       Uncertainty:-     150                  
     Required Time:=    3924                  
      Launch Clock:-     150                  
         Data Path:-    1288                  
             Slack:=    2485                  

#----------------------------------------------------------------------------------------------------------------------------
#            Timing Point             Flags    Arc    Edge          Cell            Fanout Load Trans Delay Arrival Instance 
#                                                                                          (fF)  (ps)  (ps)   (ps)  Location 
#----------------------------------------------------------------------------------------------------------------------------
  u_axi_to_apb_m_apb_paddr_reg[0]/CLK -       -       R     (arrival)                   69    -    40     0     150    (-,-) 
  u_axi_to_apb_m_apb_paddr_reg[0]/QN  -       CLK->QN F     DFFASRHQNx1_ASAP7_75t_R      4  6.1    90   139     289    (-,-) 
  g125443/Y                           -       A->Y    F     HB2xp67_ASAP7_75t_R          5  6.5   106   126     414    (-,-) 
  u_apb_gpio/g12953/Y                 -       E->Y    R     NOR5xp2_ASAP7_75t_L          1  1.8   147    76     490    (-,-) 
  u_apb_gpio/drc/Y                    -       A->Y    R     HB1xp67_ASAP7_75t_R          1  1.8    48    70     560    (-,-) 
  u_apb_gpio/drc_bufs13413/Y          -       A->Y    F     INVxp33_ASAP7_75t_R          1  1.8    62    48     608    (-,-) 
  u_apb_gpio/drc_bufs13412/Y          -       A->Y    R     INVxp33_ASAP7_75t_R          1  2.0    96    66     674    (-,-) 
  u_apb_gpio/g12904/Y                 -       B->Y    R     AND2x2_ASAP7_75t_R           3  4.3    41    62     736    (-,-) 
  u_apb_gpio/g12899/Y                 -       B->Y    R     AND2x2_ASAP7_75t_R           3  4.4    42    50     786    (-,-) 
  u_apb_gpio/g12889/Y                 -       B->Y    F     NAND2xp5_ASAP7_75t_R         2  2.8    63    44     829    (-,-) 
  u_apb_gpio/g12873/Y                 -       B->Y    R     NOR2xp33_ASAP7_75t_R         2  3.0   138    83     913    (-,-) 
  u_apb_gpio/g12867/Y                 -       A->Y    F     INVxp33_ASAP7_75t_R          1  1.8    84    76     989    (-,-) 
  u_apb_gpio/g12669/Y                 -       B->Y    R     NOR2xp33_ASAP7_75t_R         1  1.9    99    69    1057    (-,-) 
  u_apb_gpio/drc_bufs13391/Y          -       A->Y    F     INVxp67_ASAP7_75t_R          2  4.4    83    71    1128    (-,-) 
  u_apb_gpio/drc_bufs13390/Y          -       A->Y    R     INVx2_ASAP7_75t_R           16 17.1   132    89    1217    (-,-) 
  u_apb_gpio/g12537/Y                 -       B->Y    F     NAND2xp33_ASAP7_75t_R        1  1.8    80    66    1283    (-,-) 
  u_apb_gpio/g12509/Y                 -       B->Y    R     NAND2xp33_ASAP7_75t_R        1  2.1   107    77    1360    (-,-) 
  u_apb_gpio/g12423/Y                 -       C1->Y   R     OA331x1_ASAP7_75t_R          1  2.0    41    78    1438    (-,-) 
  u_apb_gpio/reg_int_stat_reg[17]/D   -       -       R     DFFASRHQNx1_ASAP7_75t_R      1    -     -     0    1438    (-,-) 
#----------------------------------------------------------------------------------------------------------------------------



Path 4: MET (2546 ps) Setup Check with Pin u_apb_gpio/reg_int_stat_reg[26]/CLK->D
           View: view_ss
          Group: CLK_GPIO
     Startpoint: (R) u_axi_to_apb_m_apb_paddr_reg[0]/CLK
          Clock: (R) CLK_SYS
       Endpoint: (R) u_apb_gpio/reg_int_stat_reg[26]/D
          Clock: (R) CLK_GPIO

                     Capture       Launch     
        Clock Edge:+    4000            0     
       Src Latency:+     100          150     
       Net Latency:+       0 (I)        0 (I) 
           Arrival:=    4100          150     
                                              
             Setup:-      36                  
       Uncertainty:-     150                  
     Required Time:=    3914                  
      Launch Clock:-     150                  
         Data Path:-    1218                  
             Slack:=    2546                  

#----------------------------------------------------------------------------------------------------------------------------
#            Timing Point             Flags    Arc    Edge          Cell            Fanout Load Trans Delay Arrival Instance 
#                                                                                          (fF)  (ps)  (ps)   (ps)  Location 
#----------------------------------------------------------------------------------------------------------------------------
  u_axi_to_apb_m_apb_paddr_reg[0]/CLK -       -       R     (arrival)                   69    -    40     0     150    (-,-) 
  u_axi_to_apb_m_apb_paddr_reg[0]/QN  -       CLK->QN F     DFFASRHQNx1_ASAP7_75t_R      4  6.1    90   139     289    (-,-) 
  g125443/Y                           -       A->Y    F     HB2xp67_ASAP7_75t_R          5  6.5   106   126     414    (-,-) 
  u_apb_gpio/g12953/Y                 -       E->Y    R     NOR5xp2_ASAP7_75t_L          1  1.8   147    76     490    (-,-) 
  u_apb_gpio/drc/Y                    -       A->Y    R     HB1xp67_ASAP7_75t_R          1  1.8    48    70     560    (-,-) 
  u_apb_gpio/drc_bufs13413/Y          -       A->Y    F     INVxp33_ASAP7_75t_R          1  1.8    62    48     608    (-,-) 
  u_apb_gpio/drc_bufs13412/Y          -       A->Y    R     INVxp33_ASAP7_75t_R          1  2.0    96    66     674    (-,-) 
  u_apb_gpio/g12904/Y                 -       B->Y    R     AND2x2_ASAP7_75t_R           3  4.3    41    62     736    (-,-) 
  u_apb_gpio/g12899/Y                 -       B->Y    R     AND2x2_ASAP7_75t_R           3  4.4    42    50     786    (-,-) 
  u_apb_gpio/g12889/Y                 -       B->Y    F     NAND2xp5_ASAP7_75t_R         2  2.8    63    44     829    (-,-) 
  u_apb_gpio/g12873/Y                 -       B->Y    R     NOR2xp33_ASAP7_75t_R         2  3.0   138    83     913    (-,-) 
  u_apb_gpio/g12867/Y                 -       A->Y    F     INVxp33_ASAP7_75t_R          1  1.8    84    76     989    (-,-) 
  u_apb_gpio/g12669/Y                 -       B->Y    R     NOR2xp33_ASAP7_75t_R         1  1.9    99    69    1057    (-,-) 
  u_apb_gpio/drc_bufs13391/Y          -       A->Y    F     INVxp67_ASAP7_75t_R          2  4.4    83    71    1128    (-,-) 
  u_apb_gpio/drc_bufs13389/Y          -       A->Y    R     INVx2_ASAP7_75t_R           16 17.1   132    89    1217    (-,-) 
  u_apb_gpio/g12548/Y                 -       B->Y    F     NAND2xp33_ASAP7_75t_R        1  2.0    85    70    1287    (-,-) 
  u_apb_gpio/g12436/Y                 -       C1->Y   R     AOI322xp5_ASAP7_75t_R        1  2.0   121    81    1368    (-,-) 
  u_apb_gpio/reg_int_stat_reg[26]/D   -       -       R     DFFASRHQNx1_ASAP7_75t_R      1    -     -     0    1368    (-,-) 
#----------------------------------------------------------------------------------------------------------------------------



Path 5: MET (2546 ps) Setup Check with Pin u_apb_gpio/reg_int_stat_reg[21]/CLK->D
           View: view_ss
          Group: CLK_GPIO
     Startpoint: (R) u_axi_to_apb_m_apb_paddr_reg[0]/CLK
          Clock: (R) CLK_SYS
       Endpoint: (R) u_apb_gpio/reg_int_stat_reg[21]/D
          Clock: (R) CLK_GPIO

                     Capture       Launch     
        Clock Edge:+    4000            0     
       Src Latency:+     100          150     
       Net Latency:+       0 (I)        0 (I) 
           Arrival:=    4100          150     
                                              
             Setup:-      36                  
       Uncertainty:-     150                  
     Required Time:=    3914                  
      Launch Clock:-     150                  
         Data Path:-    1218                  
             Slack:=    2546                  

#----------------------------------------------------------------------------------------------------------------------------
#            Timing Point             Flags    Arc    Edge          Cell            Fanout Load Trans Delay Arrival Instance 
#                                                                                          (fF)  (ps)  (ps)   (ps)  Location 
#----------------------------------------------------------------------------------------------------------------------------
  u_axi_to_apb_m_apb_paddr_reg[0]/CLK -       -       R     (arrival)                   69    -    40     0     150    (-,-) 
  u_axi_to_apb_m_apb_paddr_reg[0]/QN  -       CLK->QN F     DFFASRHQNx1_ASAP7_75t_R      4  6.1    90   139     289    (-,-) 
  g125443/Y                           -       A->Y    F     HB2xp67_ASAP7_75t_R          5  6.5   106   126     414    (-,-) 
  u_apb_gpio/g12953/Y                 -       E->Y    R     NOR5xp2_ASAP7_75t_L          1  1.8   147    76     490    (-,-) 
  u_apb_gpio/drc/Y                    -       A->Y    R     HB1xp67_ASAP7_75t_R          1  1.8    48    70     560    (-,-) 
  u_apb_gpio/drc_bufs13413/Y          -       A->Y    F     INVxp33_ASAP7_75t_R          1  1.8    62    48     608    (-,-) 
  u_apb_gpio/drc_bufs13412/Y          -       A->Y    R     INVxp33_ASAP7_75t_R          1  2.0    96    66     674    (-,-) 
  u_apb_gpio/g12904/Y                 -       B->Y    R     AND2x2_ASAP7_75t_R           3  4.3    41    62     736    (-,-) 
  u_apb_gpio/g12899/Y                 -       B->Y    R     AND2x2_ASAP7_75t_R           3  4.4    42    50     786    (-,-) 
  u_apb_gpio/g12889/Y                 -       B->Y    F     NAND2xp5_ASAP7_75t_R         2  2.8    63    44     829    (-,-) 
  u_apb_gpio/g12873/Y                 -       B->Y    R     NOR2xp33_ASAP7_75t_R         2  3.0   138    83     913    (-,-) 
  u_apb_gpio/g12867/Y                 -       A->Y    F     INVxp33_ASAP7_75t_R          1  1.8    84    76     989    (-,-) 
  u_apb_gpio/g12669/Y                 -       B->Y    R     NOR2xp33_ASAP7_75t_R         1  1.9    99    69    1057    (-,-) 
  u_apb_gpio/drc_bufs13391/Y          -       A->Y    F     INVxp67_ASAP7_75t_R          2  4.4    83    71    1128    (-,-) 
  u_apb_gpio/drc_bufs13389/Y          -       A->Y    R     INVx2_ASAP7_75t_R           16 17.1   132    89    1217    (-,-) 
  u_apb_gpio/g12549/Y                 -       B->Y    F     NAND2xp33_ASAP7_75t_R        1  2.0    85    70    1287    (-,-) 
  u_apb_gpio/g12438/Y                 -       C1->Y   R     AOI322xp5_ASAP7_75t_R        1  2.0   121    81    1368    (-,-) 
  u_apb_gpio/reg_int_stat_reg[21]/D   -       -       R     DFFASRHQNx1_ASAP7_75t_R      1    -     -     0    1368    (-,-) 
#----------------------------------------------------------------------------------------------------------------------------



Path 6: MET (2546 ps) Setup Check with Pin u_apb_gpio/reg_int_stat_reg[16]/CLK->D
           View: view_ss
          Group: CLK_GPIO
     Startpoint: (R) u_axi_to_apb_m_apb_paddr_reg[0]/CLK
          Clock: (R) CLK_SYS
       Endpoint: (R) u_apb_gpio/reg_int_stat_reg[16]/D
          Clock: (R) CLK_GPIO

                     Capture       Launch     
        Clock Edge:+    4000            0     
       Src Latency:+     100          150     
       Net Latency:+       0 (I)        0 (I) 
           Arrival:=    4100          150     
                                              
             Setup:-      36                  
       Uncertainty:-     150                  
     Required Time:=    3914                  
      Launch Clock:-     150                  
         Data Path:-    1218                  
             Slack:=    2546                  

#----------------------------------------------------------------------------------------------------------------------------
#            Timing Point             Flags    Arc    Edge          Cell            Fanout Load Trans Delay Arrival Instance 
#                                                                                          (fF)  (ps)  (ps)   (ps)  Location 
#----------------------------------------------------------------------------------------------------------------------------
  u_axi_to_apb_m_apb_paddr_reg[0]/CLK -       -       R     (arrival)                   69    -    40     0     150    (-,-) 
  u_axi_to_apb_m_apb_paddr_reg[0]/QN  -       CLK->QN F     DFFASRHQNx1_ASAP7_75t_R      4  6.1    90   139     289    (-,-) 
  g125443/Y                           -       A->Y    F     HB2xp67_ASAP7_75t_R          5  6.5   106   126     414    (-,-) 
  u_apb_gpio/g12953/Y                 -       E->Y    R     NOR5xp2_ASAP7_75t_L          1  1.8   147    76     490    (-,-) 
  u_apb_gpio/drc/Y                    -       A->Y    R     HB1xp67_ASAP7_75t_R          1  1.8    48    70     560    (-,-) 
  u_apb_gpio/drc_bufs13413/Y          -       A->Y    F     INVxp33_ASAP7_75t_R          1  1.8    62    48     608    (-,-) 
  u_apb_gpio/drc_bufs13412/Y          -       A->Y    R     INVxp33_ASAP7_75t_R          1  2.0    96    66     674    (-,-) 
  u_apb_gpio/g12904/Y                 -       B->Y    R     AND2x2_ASAP7_75t_R           3  4.3    41    62     736    (-,-) 
  u_apb_gpio/g12899/Y                 -       B->Y    R     AND2x2_ASAP7_75t_R           3  4.4    42    50     786    (-,-) 
  u_apb_gpio/g12889/Y                 -       B->Y    F     NAND2xp5_ASAP7_75t_R         2  2.8    63    44     829    (-,-) 
  u_apb_gpio/g12873/Y                 -       B->Y    R     NOR2xp33_ASAP7_75t_R         2  3.0   138    83     913    (-,-) 
  u_apb_gpio/g12867/Y                 -       A->Y    F     INVxp33_ASAP7_75t_R          1  1.8    84    76     989    (-,-) 
  u_apb_gpio/g12669/Y                 -       B->Y    R     NOR2xp33_ASAP7_75t_R         1  1.9    99    69    1057    (-,-) 
  u_apb_gpio/drc_bufs13391/Y          -       A->Y    F     INVxp67_ASAP7_75t_R          2  4.4    83    71    1128    (-,-) 
  u_apb_gpio/drc_bufs13390/Y          -       A->Y    R     INVx2_ASAP7_75t_R           16 17.1   132    89    1217    (-,-) 
  u_apb_gpio/g12535/Y                 -       B->Y    F     NAND2xp33_ASAP7_75t_R        1  2.0    85    70    1287    (-,-) 
  u_apb_gpio/g12437/Y                 -       C1->Y   R     AOI322xp5_ASAP7_75t_R        1  2.0   121    81    1368    (-,-) 
  u_apb_gpio/reg_int_stat_reg[16]/D   -       -       R     DFFASRHQNx1_ASAP7_75t_R      1    -     -     0    1368    (-,-) 
#----------------------------------------------------------------------------------------------------------------------------



Path 7: MET (2546 ps) Setup Check with Pin u_apb_gpio/reg_int_stat_reg[15]/CLK->D
           View: view_ss
          Group: CLK_GPIO
     Startpoint: (R) u_axi_to_apb_m_apb_paddr_reg[0]/CLK
          Clock: (R) CLK_SYS
       Endpoint: (R) u_apb_gpio/reg_int_stat_reg[15]/D
          Clock: (R) CLK_GPIO

                     Capture       Launch     
        Clock Edge:+    4000            0     
       Src Latency:+     100          150     
       Net Latency:+       0 (I)        0 (I) 
           Arrival:=    4100          150     
                                              
             Setup:-      36                  
       Uncertainty:-     150                  
     Required Time:=    3914                  
      Launch Clock:-     150                  
         Data Path:-    1218                  
             Slack:=    2546                  

#----------------------------------------------------------------------------------------------------------------------------
#            Timing Point             Flags    Arc    Edge          Cell            Fanout Load Trans Delay Arrival Instance 
#                                                                                          (fF)  (ps)  (ps)   (ps)  Location 
#----------------------------------------------------------------------------------------------------------------------------
  u_axi_to_apb_m_apb_paddr_reg[0]/CLK -       -       R     (arrival)                   69    -    40     0     150    (-,-) 
  u_axi_to_apb_m_apb_paddr_reg[0]/QN  -       CLK->QN F     DFFASRHQNx1_ASAP7_75t_R      4  6.1    90   139     289    (-,-) 
  g125443/Y                           -       A->Y    F     HB2xp67_ASAP7_75t_R          5  6.5   106   126     414    (-,-) 
  u_apb_gpio/g12953/Y                 -       E->Y    R     NOR5xp2_ASAP7_75t_L          1  1.8   147    76     490    (-,-) 
  u_apb_gpio/drc/Y                    -       A->Y    R     HB1xp67_ASAP7_75t_R          1  1.8    48    70     560    (-,-) 
  u_apb_gpio/drc_bufs13413/Y          -       A->Y    F     INVxp33_ASAP7_75t_R          1  1.8    62    48     608    (-,-) 
  u_apb_gpio/drc_bufs13412/Y          -       A->Y    R     INVxp33_ASAP7_75t_R          1  2.0    96    66     674    (-,-) 
  u_apb_gpio/g12904/Y                 -       B->Y    R     AND2x2_ASAP7_75t_R           3  4.3    41    62     736    (-,-) 
  u_apb_gpio/g12899/Y                 -       B->Y    R     AND2x2_ASAP7_75t_R           3  4.4    42    50     786    (-,-) 
  u_apb_gpio/g12889/Y                 -       B->Y    F     NAND2xp5_ASAP7_75t_R         2  2.8    63    44     829    (-,-) 
  u_apb_gpio/g12873/Y                 -       B->Y    R     NOR2xp33_ASAP7_75t_R         2  3.0   138    83     913    (-,-) 
  u_apb_gpio/g12867/Y                 -       A->Y    F     INVxp33_ASAP7_75t_R          1  1.8    84    76     989    (-,-) 
  u_apb_gpio/g12669/Y                 -       B->Y    R     NOR2xp33_ASAP7_75t_R         1  1.9    99    69    1057    (-,-) 
  u_apb_gpio/drc_bufs13391/Y          -       A->Y    F     INVxp67_ASAP7_75t_R          2  4.4    83    71    1128    (-,-) 
  u_apb_gpio/drc_bufs13390/Y          -       A->Y    R     INVx2_ASAP7_75t_R           16 17.1   132    89    1217    (-,-) 
  u_apb_gpio/g12533/Y                 -       B->Y    F     NAND2xp33_ASAP7_75t_R        1  2.0    85    70    1287    (-,-) 
  u_apb_gpio/g12431/Y                 -       C1->Y   R     AOI322xp5_ASAP7_75t_R        1  2.0   121    81    1368    (-,-) 
  u_apb_gpio/reg_int_stat_reg[15]/D   -       -       R     DFFASRHQNx1_ASAP7_75t_R      1    -     -     0    1368    (-,-) 
#----------------------------------------------------------------------------------------------------------------------------



Path 8: MET (2546 ps) Setup Check with Pin u_apb_gpio/reg_int_stat_reg[11]/CLK->D
           View: view_ss
          Group: CLK_GPIO
     Startpoint: (R) u_axi_to_apb_m_apb_paddr_reg[0]/CLK
          Clock: (R) CLK_SYS
       Endpoint: (R) u_apb_gpio/reg_int_stat_reg[11]/D
          Clock: (R) CLK_GPIO

                     Capture       Launch     
        Clock Edge:+    4000            0     
       Src Latency:+     100          150     
       Net Latency:+       0 (I)        0 (I) 
           Arrival:=    4100          150     
                                              
             Setup:-      36                  
       Uncertainty:-     150                  
     Required Time:=    3914                  
      Launch Clock:-     150                  
         Data Path:-    1218                  
             Slack:=    2546                  

#----------------------------------------------------------------------------------------------------------------------------
#            Timing Point             Flags    Arc    Edge          Cell            Fanout Load Trans Delay Arrival Instance 
#                                                                                          (fF)  (ps)  (ps)   (ps)  Location 
#----------------------------------------------------------------------------------------------------------------------------
  u_axi_to_apb_m_apb_paddr_reg[0]/CLK -       -       R     (arrival)                   69    -    40     0     150    (-,-) 
  u_axi_to_apb_m_apb_paddr_reg[0]/QN  -       CLK->QN F     DFFASRHQNx1_ASAP7_75t_R      4  6.1    90   139     289    (-,-) 
  g125443/Y                           -       A->Y    F     HB2xp67_ASAP7_75t_R          5  6.5   106   126     414    (-,-) 
  u_apb_gpio/g12953/Y                 -       E->Y    R     NOR5xp2_ASAP7_75t_L          1  1.8   147    76     490    (-,-) 
  u_apb_gpio/drc/Y                    -       A->Y    R     HB1xp67_ASAP7_75t_R          1  1.8    48    70     560    (-,-) 
  u_apb_gpio/drc_bufs13413/Y          -       A->Y    F     INVxp33_ASAP7_75t_R          1  1.8    62    48     608    (-,-) 
  u_apb_gpio/drc_bufs13412/Y          -       A->Y    R     INVxp33_ASAP7_75t_R          1  2.0    96    66     674    (-,-) 
  u_apb_gpio/g12904/Y                 -       B->Y    R     AND2x2_ASAP7_75t_R           3  4.3    41    62     736    (-,-) 
  u_apb_gpio/g12899/Y                 -       B->Y    R     AND2x2_ASAP7_75t_R           3  4.4    42    50     786    (-,-) 
  u_apb_gpio/g12889/Y                 -       B->Y    F     NAND2xp5_ASAP7_75t_R         2  2.8    63    44     829    (-,-) 
  u_apb_gpio/g12873/Y                 -       B->Y    R     NOR2xp33_ASAP7_75t_R         2  3.0   138    83     913    (-,-) 
  u_apb_gpio/g12867/Y                 -       A->Y    F     INVxp33_ASAP7_75t_R          1  1.8    84    76     989    (-,-) 
  u_apb_gpio/g12669/Y                 -       B->Y    R     NOR2xp33_ASAP7_75t_R         1  1.9    99    69    1057    (-,-) 
  u_apb_gpio/drc_bufs13391/Y          -       A->Y    F     INVxp67_ASAP7_75t_R          2  4.4    83    71    1128    (-,-) 
  u_apb_gpio/drc_bufs13389/Y          -       A->Y    R     INVx2_ASAP7_75t_R           16 17.1   132    89    1217    (-,-) 
  u_apb_gpio/g12580/Y                 -       B->Y    F     NAND2xp33_ASAP7_75t_R        1  2.0    85    70    1287    (-,-) 
  u_apb_gpio/g12434/Y                 -       C1->Y   R     AOI322xp5_ASAP7_75t_R        1  2.0   121    81    1368    (-,-) 
  u_apb_gpio/reg_int_stat_reg[11]/D   -       -       R     DFFASRHQNx1_ASAP7_75t_R      1    -     -     0    1368    (-,-) 
#----------------------------------------------------------------------------------------------------------------------------



Path 9: MET (2546 ps) Setup Check with Pin u_apb_gpio/reg_int_stat_reg[10]/CLK->D
           View: view_ss
          Group: CLK_GPIO
     Startpoint: (R) u_axi_to_apb_m_apb_paddr_reg[0]/CLK
          Clock: (R) CLK_SYS
       Endpoint: (R) u_apb_gpio/reg_int_stat_reg[10]/D
          Clock: (R) CLK_GPIO

                     Capture       Launch     
        Clock Edge:+    4000            0     
       Src Latency:+     100          150     
       Net Latency:+       0 (I)        0 (I) 
           Arrival:=    4100          150     
                                              
             Setup:-      36                  
       Uncertainty:-     150                  
     Required Time:=    3914                  
      Launch Clock:-     150                  
         Data Path:-    1218                  
             Slack:=    2546                  

#----------------------------------------------------------------------------------------------------------------------------
#            Timing Point             Flags    Arc    Edge          Cell            Fanout Load Trans Delay Arrival Instance 
#                                                                                          (fF)  (ps)  (ps)   (ps)  Location 
#----------------------------------------------------------------------------------------------------------------------------
  u_axi_to_apb_m_apb_paddr_reg[0]/CLK -       -       R     (arrival)                   69    -    40     0     150    (-,-) 
  u_axi_to_apb_m_apb_paddr_reg[0]/QN  -       CLK->QN F     DFFASRHQNx1_ASAP7_75t_R      4  6.1    90   139     289    (-,-) 
  g125443/Y                           -       A->Y    F     HB2xp67_ASAP7_75t_R          5  6.5   106   126     414    (-,-) 
  u_apb_gpio/g12953/Y                 -       E->Y    R     NOR5xp2_ASAP7_75t_L          1  1.8   147    76     490    (-,-) 
  u_apb_gpio/drc/Y                    -       A->Y    R     HB1xp67_ASAP7_75t_R          1  1.8    48    70     560    (-,-) 
  u_apb_gpio/drc_bufs13413/Y          -       A->Y    F     INVxp33_ASAP7_75t_R          1  1.8    62    48     608    (-,-) 
  u_apb_gpio/drc_bufs13412/Y          -       A->Y    R     INVxp33_ASAP7_75t_R          1  2.0    96    66     674    (-,-) 
  u_apb_gpio/g12904/Y                 -       B->Y    R     AND2x2_ASAP7_75t_R           3  4.3    41    62     736    (-,-) 
  u_apb_gpio/g12899/Y                 -       B->Y    R     AND2x2_ASAP7_75t_R           3  4.4    42    50     786    (-,-) 
  u_apb_gpio/g12889/Y                 -       B->Y    F     NAND2xp5_ASAP7_75t_R         2  2.8    63    44     829    (-,-) 
  u_apb_gpio/g12873/Y                 -       B->Y    R     NOR2xp33_ASAP7_75t_R         2  3.0   138    83     913    (-,-) 
  u_apb_gpio/g12867/Y                 -       A->Y    F     INVxp33_ASAP7_75t_R          1  1.8    84    76     989    (-,-) 
  u_apb_gpio/g12669/Y                 -       B->Y    R     NOR2xp33_ASAP7_75t_R         1  1.9    99    69    1057    (-,-) 
  u_apb_gpio/drc_bufs13391/Y          -       A->Y    F     INVxp67_ASAP7_75t_R          2  4.4    83    71    1128    (-,-) 
  u_apb_gpio/drc_bufs13390/Y          -       A->Y    R     INVx2_ASAP7_75t_R           16 17.1   132    89    1217    (-,-) 
  u_apb_gpio/g12578/Y                 -       B->Y    F     NAND2xp33_ASAP7_75t_R        1  2.0    85    70    1287    (-,-) 
  u_apb_gpio/g12441/Y                 -       C1->Y   R     AOI322xp5_ASAP7_75t_R        1  2.0   121    81    1368    (-,-) 
  u_apb_gpio/reg_int_stat_reg[10]/D   -       -       R     DFFASRHQNx1_ASAP7_75t_R      1    -     -     0    1368    (-,-) 
#----------------------------------------------------------------------------------------------------------------------------



Path 10: MET (2546 ps) Setup Check with Pin u_apb_gpio/reg_int_stat_reg[9]/CLK->D
           View: view_ss
          Group: CLK_GPIO
     Startpoint: (R) u_axi_to_apb_m_apb_paddr_reg[0]/CLK
          Clock: (R) CLK_SYS
       Endpoint: (R) u_apb_gpio/reg_int_stat_reg[9]/D
          Clock: (R) CLK_GPIO

                     Capture       Launch     
        Clock Edge:+    4000            0     
       Src Latency:+     100          150     
       Net Latency:+       0 (I)        0 (I) 
           Arrival:=    4100          150     
                                              
             Setup:-      36                  
       Uncertainty:-     150                  
     Required Time:=    3914                  
      Launch Clock:-     150                  
         Data Path:-    1218                  
             Slack:=    2546                  

#----------------------------------------------------------------------------------------------------------------------------
#            Timing Point             Flags    Arc    Edge          Cell            Fanout Load Trans Delay Arrival Instance 
#                                                                                          (fF)  (ps)  (ps)   (ps)  Location 
#----------------------------------------------------------------------------------------------------------------------------
  u_axi_to_apb_m_apb_paddr_reg[0]/CLK -       -       R     (arrival)                   69    -    40     0     150    (-,-) 
  u_axi_to_apb_m_apb_paddr_reg[0]/QN  -       CLK->QN F     DFFASRHQNx1_ASAP7_75t_R      4  6.1    90   139     289    (-,-) 
  g125443/Y                           -       A->Y    F     HB2xp67_ASAP7_75t_R          5  6.5   106   126     414    (-,-) 
  u_apb_gpio/g12953/Y                 -       E->Y    R     NOR5xp2_ASAP7_75t_L          1  1.8   147    76     490    (-,-) 
  u_apb_gpio/drc/Y                    -       A->Y    R     HB1xp67_ASAP7_75t_R          1  1.8    48    70     560    (-,-) 
  u_apb_gpio/drc_bufs13413/Y          -       A->Y    F     INVxp33_ASAP7_75t_R          1  1.8    62    48     608    (-,-) 
  u_apb_gpio/drc_bufs13412/Y          -       A->Y    R     INVxp33_ASAP7_75t_R          1  2.0    96    66     674    (-,-) 
  u_apb_gpio/g12904/Y                 -       B->Y    R     AND2x2_ASAP7_75t_R           3  4.3    41    62     736    (-,-) 
  u_apb_gpio/g12899/Y                 -       B->Y    R     AND2x2_ASAP7_75t_R           3  4.4    42    50     786    (-,-) 
  u_apb_gpio/g12889/Y                 -       B->Y    F     NAND2xp5_ASAP7_75t_R         2  2.8    63    44     829    (-,-) 
  u_apb_gpio/g12873/Y                 -       B->Y    R     NOR2xp33_ASAP7_75t_R         2  3.0   138    83     913    (-,-) 
  u_apb_gpio/g12867/Y                 -       A->Y    F     INVxp33_ASAP7_75t_R          1  1.8    84    76     989    (-,-) 
  u_apb_gpio/g12669/Y                 -       B->Y    R     NOR2xp33_ASAP7_75t_R         1  1.9    99    69    1057    (-,-) 
  u_apb_gpio/drc_bufs13391/Y          -       A->Y    F     INVxp67_ASAP7_75t_R          2  4.4    83    71    1128    (-,-) 
  u_apb_gpio/drc_bufs13390/Y          -       A->Y    R     INVx2_ASAP7_75t_R           16 17.1   132    89    1217    (-,-) 
  u_apb_gpio/g12576/Y                 -       B->Y    F     NAND2xp33_ASAP7_75t_R        1  2.0    85    70    1287    (-,-) 
  u_apb_gpio/g12440/Y                 -       C1->Y   R     AOI322xp5_ASAP7_75t_R        1  2.0   121    81    1368    (-,-) 
  u_apb_gpio/reg_int_stat_reg[9]/D    -       -       R     DFFASRHQNx1_ASAP7_75t_R      1    -     -     0    1368    (-,-) 
#----------------------------------------------------------------------------------------------------------------------------



Path 11: MET (2546 ps) Setup Check with Pin u_apb_gpio/reg_int_stat_reg[7]/CLK->D
           View: view_ss
          Group: CLK_GPIO
     Startpoint: (R) u_axi_to_apb_m_apb_paddr_reg[0]/CLK
          Clock: (R) CLK_SYS
       Endpoint: (R) u_apb_gpio/reg_int_stat_reg[7]/D
          Clock: (R) CLK_GPIO

                     Capture       Launch     
        Clock Edge:+    4000            0     
       Src Latency:+     100          150     
       Net Latency:+       0 (I)        0 (I) 
           Arrival:=    4100          150     
                                              
             Setup:-      36                  
       Uncertainty:-     150                  
     Required Time:=    3914                  
      Launch Clock:-     150                  
         Data Path:-    1218                  
             Slack:=    2546                  

#----------------------------------------------------------------------------------------------------------------------------
#            Timing Point             Flags    Arc    Edge          Cell            Fanout Load Trans Delay Arrival Instance 
#                                                                                          (fF)  (ps)  (ps)   (ps)  Location 
#----------------------------------------------------------------------------------------------------------------------------
  u_axi_to_apb_m_apb_paddr_reg[0]/CLK -       -       R     (arrival)                   69    -    40     0     150    (-,-) 
  u_axi_to_apb_m_apb_paddr_reg[0]/QN  -       CLK->QN F     DFFASRHQNx1_ASAP7_75t_R      4  6.1    90   139     289    (-,-) 
  g125443/Y                           -       A->Y    F     HB2xp67_ASAP7_75t_R          5  6.5   106   126     414    (-,-) 
  u_apb_gpio/g12953/Y                 -       E->Y    R     NOR5xp2_ASAP7_75t_L          1  1.8   147    76     490    (-,-) 
  u_apb_gpio/drc/Y                    -       A->Y    R     HB1xp67_ASAP7_75t_R          1  1.8    48    70     560    (-,-) 
  u_apb_gpio/drc_bufs13413/Y          -       A->Y    F     INVxp33_ASAP7_75t_R          1  1.8    62    48     608    (-,-) 
  u_apb_gpio/drc_bufs13412/Y          -       A->Y    R     INVxp33_ASAP7_75t_R          1  2.0    96    66     674    (-,-) 
  u_apb_gpio/g12904/Y                 -       B->Y    R     AND2x2_ASAP7_75t_R           3  4.3    41    62     736    (-,-) 
  u_apb_gpio/g12899/Y                 -       B->Y    R     AND2x2_ASAP7_75t_R           3  4.4    42    50     786    (-,-) 
  u_apb_gpio/g12889/Y                 -       B->Y    F     NAND2xp5_ASAP7_75t_R         2  2.8    63    44     829    (-,-) 
  u_apb_gpio/g12873/Y                 -       B->Y    R     NOR2xp33_ASAP7_75t_R         2  3.0   138    83     913    (-,-) 
  u_apb_gpio/g12867/Y                 -       A->Y    F     INVxp33_ASAP7_75t_R          1  1.8    84    76     989    (-,-) 
  u_apb_gpio/g12669/Y                 -       B->Y    R     NOR2xp33_ASAP7_75t_R         1  1.9    99    69    1057    (-,-) 
  u_apb_gpio/drc_bufs13391/Y          -       A->Y    F     INVxp67_ASAP7_75t_R          2  4.4    83    71    1128    (-,-) 
  u_apb_gpio/drc_bufs13390/Y          -       A->Y    R     INVx2_ASAP7_75t_R           16 17.1   132    89    1217    (-,-) 
  u_apb_gpio/g12572/Y                 -       B->Y    F     NAND2xp33_ASAP7_75t_R        1  2.0    85    70    1287    (-,-) 
  u_apb_gpio/g12439/Y                 -       C1->Y   R     AOI322xp5_ASAP7_75t_R        1  2.0   121    81    1368    (-,-) 
  u_apb_gpio/reg_int_stat_reg[7]/D    -       -       R     DFFASRHQNx1_ASAP7_75t_R      1    -     -     0    1368    (-,-) 
#----------------------------------------------------------------------------------------------------------------------------



Path 12: MET (2546 ps) Setup Check with Pin u_apb_gpio/reg_int_stat_reg[3]/CLK->D
           View: view_ss
          Group: CLK_GPIO
     Startpoint: (R) u_axi_to_apb_m_apb_paddr_reg[0]/CLK
          Clock: (R) CLK_SYS
       Endpoint: (R) u_apb_gpio/reg_int_stat_reg[3]/D
          Clock: (R) CLK_GPIO

                     Capture       Launch     
        Clock Edge:+    4000            0     
       Src Latency:+     100          150     
       Net Latency:+       0 (I)        0 (I) 
           Arrival:=    4100          150     
                                              
             Setup:-      36                  
       Uncertainty:-     150                  
     Required Time:=    3914                  
      Launch Clock:-     150                  
         Data Path:-    1218                  
             Slack:=    2546                  

#----------------------------------------------------------------------------------------------------------------------------
#            Timing Point             Flags    Arc    Edge          Cell            Fanout Load Trans Delay Arrival Instance 
#                                                                                          (fF)  (ps)  (ps)   (ps)  Location 
#----------------------------------------------------------------------------------------------------------------------------
  u_axi_to_apb_m_apb_paddr_reg[0]/CLK -       -       R     (arrival)                   69    -    40     0     150    (-,-) 
  u_axi_to_apb_m_apb_paddr_reg[0]/QN  -       CLK->QN F     DFFASRHQNx1_ASAP7_75t_R      4  6.1    90   139     289    (-,-) 
  g125443/Y                           -       A->Y    F     HB2xp67_ASAP7_75t_R          5  6.5   106   126     414    (-,-) 
  u_apb_gpio/g12953/Y                 -       E->Y    R     NOR5xp2_ASAP7_75t_L          1  1.8   147    76     490    (-,-) 
  u_apb_gpio/drc/Y                    -       A->Y    R     HB1xp67_ASAP7_75t_R          1  1.8    48    70     560    (-,-) 
  u_apb_gpio/drc_bufs13413/Y          -       A->Y    F     INVxp33_ASAP7_75t_R          1  1.8    62    48     608    (-,-) 
  u_apb_gpio/drc_bufs13412/Y          -       A->Y    R     INVxp33_ASAP7_75t_R          1  2.0    96    66     674    (-,-) 
  u_apb_gpio/g12904/Y                 -       B->Y    R     AND2x2_ASAP7_75t_R           3  4.3    41    62     736    (-,-) 
  u_apb_gpio/g12899/Y                 -       B->Y    R     AND2x2_ASAP7_75t_R           3  4.4    42    50     786    (-,-) 
  u_apb_gpio/g12889/Y                 -       B->Y    F     NAND2xp5_ASAP7_75t_R         2  2.8    63    44     829    (-,-) 
  u_apb_gpio/g12873/Y                 -       B->Y    R     NOR2xp33_ASAP7_75t_R         2  3.0   138    83     913    (-,-) 
  u_apb_gpio/g12867/Y                 -       A->Y    F     INVxp33_ASAP7_75t_R          1  1.8    84    76     989    (-,-) 
  u_apb_gpio/g12669/Y                 -       B->Y    R     NOR2xp33_ASAP7_75t_R         1  1.9    99    69    1057    (-,-) 
  u_apb_gpio/drc_bufs13391/Y          -       A->Y    F     INVxp67_ASAP7_75t_R          2  4.4    83    71    1128    (-,-) 
  u_apb_gpio/drc_bufs13389/Y          -       A->Y    R     INVx2_ASAP7_75t_R           16 17.1   132    89    1217    (-,-) 
  u_apb_gpio/g12582/Y                 -       B->Y    F     NAND2xp33_ASAP7_75t_R        1  2.0    85    70    1287    (-,-) 
  u_apb_gpio/g12435/Y                 -       C1->Y   R     AOI322xp5_ASAP7_75t_R        1  2.0   121    81    1368    (-,-) 
  u_apb_gpio/reg_int_stat_reg[3]/D    -       -       R     DFFASRHQNx1_ASAP7_75t_R      1    -     -     0    1368    (-,-) 
#----------------------------------------------------------------------------------------------------------------------------



Path 13: MET (2546 ps) Setup Check with Pin u_apb_gpio/reg_int_stat_reg[2]/CLK->D
           View: view_ss
          Group: CLK_GPIO
     Startpoint: (R) u_axi_to_apb_m_apb_paddr_reg[0]/CLK
          Clock: (R) CLK_SYS
       Endpoint: (R) u_apb_gpio/reg_int_stat_reg[2]/D
          Clock: (R) CLK_GPIO

                     Capture       Launch     
        Clock Edge:+    4000            0     
       Src Latency:+     100          150     
       Net Latency:+       0 (I)        0 (I) 
           Arrival:=    4100          150     
                                              
             Setup:-      36                  
       Uncertainty:-     150                  
     Required Time:=    3914                  
      Launch Clock:-     150                  
         Data Path:-    1218                  
             Slack:=    2546                  

#----------------------------------------------------------------------------------------------------------------------------
#            Timing Point             Flags    Arc    Edge          Cell            Fanout Load Trans Delay Arrival Instance 
#                                                                                          (fF)  (ps)  (ps)   (ps)  Location 
#----------------------------------------------------------------------------------------------------------------------------
  u_axi_to_apb_m_apb_paddr_reg[0]/CLK -       -       R     (arrival)                   69    -    40     0     150    (-,-) 
  u_axi_to_apb_m_apb_paddr_reg[0]/QN  -       CLK->QN F     DFFASRHQNx1_ASAP7_75t_R      4  6.1    90   139     289    (-,-) 
  g125443/Y                           -       A->Y    F     HB2xp67_ASAP7_75t_R          5  6.5   106   126     414    (-,-) 
  u_apb_gpio/g12953/Y                 -       E->Y    R     NOR5xp2_ASAP7_75t_L          1  1.8   147    76     490    (-,-) 
  u_apb_gpio/drc/Y                    -       A->Y    R     HB1xp67_ASAP7_75t_R          1  1.8    48    70     560    (-,-) 
  u_apb_gpio/drc_bufs13413/Y          -       A->Y    F     INVxp33_ASAP7_75t_R          1  1.8    62    48     608    (-,-) 
  u_apb_gpio/drc_bufs13412/Y          -       A->Y    R     INVxp33_ASAP7_75t_R          1  2.0    96    66     674    (-,-) 
  u_apb_gpio/g12904/Y                 -       B->Y    R     AND2x2_ASAP7_75t_R           3  4.3    41    62     736    (-,-) 
  u_apb_gpio/g12899/Y                 -       B->Y    R     AND2x2_ASAP7_75t_R           3  4.4    42    50     786    (-,-) 
  u_apb_gpio/g12889/Y                 -       B->Y    F     NAND2xp5_ASAP7_75t_R         2  2.8    63    44     829    (-,-) 
  u_apb_gpio/g12873/Y                 -       B->Y    R     NOR2xp33_ASAP7_75t_R         2  3.0   138    83     913    (-,-) 
  u_apb_gpio/g12867/Y                 -       A->Y    F     INVxp33_ASAP7_75t_R          1  1.8    84    76     989    (-,-) 
  u_apb_gpio/g12669/Y                 -       B->Y    R     NOR2xp33_ASAP7_75t_R         1  1.9    99    69    1057    (-,-) 
  u_apb_gpio/drc_bufs13391/Y          -       A->Y    F     INVxp67_ASAP7_75t_R          2  4.4    83    71    1128    (-,-) 
  u_apb_gpio/drc_bufs13389/Y          -       A->Y    R     INVx2_ASAP7_75t_R           16 17.1   132    89    1217    (-,-) 
  u_apb_gpio/g12547/Y                 -       B->Y    F     NAND2xp33_ASAP7_75t_R        1  2.0    85    70    1287    (-,-) 
  u_apb_gpio/g12432/Y                 -       C1->Y   R     AOI322xp5_ASAP7_75t_R        1  2.0   121    81    1368    (-,-) 
  u_apb_gpio/reg_int_stat_reg[2]/D    -       -       R     DFFASRHQNx1_ASAP7_75t_R      1    -     -     0    1368    (-,-) 
#----------------------------------------------------------------------------------------------------------------------------



Path 14: MET (2546 ps) Setup Check with Pin u_apb_gpio/reg_int_stat_reg[1]/CLK->D
           View: view_ss
          Group: CLK_GPIO
     Startpoint: (R) u_axi_to_apb_m_apb_paddr_reg[0]/CLK
          Clock: (R) CLK_SYS
       Endpoint: (R) u_apb_gpio/reg_int_stat_reg[1]/D
          Clock: (R) CLK_GPIO

                     Capture       Launch     
        Clock Edge:+    4000            0     
       Src Latency:+     100          150     
       Net Latency:+       0 (I)        0 (I) 
           Arrival:=    4100          150     
                                              
             Setup:-      36                  
       Uncertainty:-     150                  
     Required Time:=    3914                  
      Launch Clock:-     150                  
         Data Path:-    1218                  
             Slack:=    2546                  

#----------------------------------------------------------------------------------------------------------------------------
#            Timing Point             Flags    Arc    Edge          Cell            Fanout Load Trans Delay Arrival Instance 
#                                                                                          (fF)  (ps)  (ps)   (ps)  Location 
#----------------------------------------------------------------------------------------------------------------------------
  u_axi_to_apb_m_apb_paddr_reg[0]/CLK -       -       R     (arrival)                   69    -    40     0     150    (-,-) 
  u_axi_to_apb_m_apb_paddr_reg[0]/QN  -       CLK->QN F     DFFASRHQNx1_ASAP7_75t_R      4  6.1    90   139     289    (-,-) 
  g125443/Y                           -       A->Y    F     HB2xp67_ASAP7_75t_R          5  6.5   106   126     414    (-,-) 
  u_apb_gpio/g12953/Y                 -       E->Y    R     NOR5xp2_ASAP7_75t_L          1  1.8   147    76     490    (-,-) 
  u_apb_gpio/drc/Y                    -       A->Y    R     HB1xp67_ASAP7_75t_R          1  1.8    48    70     560    (-,-) 
  u_apb_gpio/drc_bufs13413/Y          -       A->Y    F     INVxp33_ASAP7_75t_R          1  1.8    62    48     608    (-,-) 
  u_apb_gpio/drc_bufs13412/Y          -       A->Y    R     INVxp33_ASAP7_75t_R          1  2.0    96    66     674    (-,-) 
  u_apb_gpio/g12904/Y                 -       B->Y    R     AND2x2_ASAP7_75t_R           3  4.3    41    62     736    (-,-) 
  u_apb_gpio/g12899/Y                 -       B->Y    R     AND2x2_ASAP7_75t_R           3  4.4    42    50     786    (-,-) 
  u_apb_gpio/g12889/Y                 -       B->Y    F     NAND2xp5_ASAP7_75t_R         2  2.8    63    44     829    (-,-) 
  u_apb_gpio/g12873/Y                 -       B->Y    R     NOR2xp33_ASAP7_75t_R         2  3.0   138    83     913    (-,-) 
  u_apb_gpio/g12867/Y                 -       A->Y    F     INVxp33_ASAP7_75t_R          1  1.8    84    76     989    (-,-) 
  u_apb_gpio/g12669/Y                 -       B->Y    R     NOR2xp33_ASAP7_75t_R         1  1.9    99    69    1057    (-,-) 
  u_apb_gpio/drc_bufs13391/Y          -       A->Y    F     INVxp67_ASAP7_75t_R          2  4.4    83    71    1128    (-,-) 
  u_apb_gpio/drc_bufs13389/Y          -       A->Y    R     INVx2_ASAP7_75t_R           16 17.1   132    89    1217    (-,-) 
  u_apb_gpio/g12540/Y                 -       B->Y    F     NAND2xp33_ASAP7_75t_R        1  2.0    85    70    1287    (-,-) 
  u_apb_gpio/g12442/Y                 -       C1->Y   R     AOI322xp5_ASAP7_75t_R        1  2.0   121    81    1368    (-,-) 
  u_apb_gpio/reg_int_stat_reg[1]/D    -       -       R     DFFASRHQNx1_ASAP7_75t_R      1    -     -     0    1368    (-,-) 
#----------------------------------------------------------------------------------------------------------------------------



Path 15: MET (2546 ps) Setup Check with Pin u_apb_gpio/reg_int_stat_reg[0]/CLK->D
           View: view_ss
          Group: CLK_GPIO
     Startpoint: (R) u_axi_to_apb_m_apb_paddr_reg[0]/CLK
          Clock: (R) CLK_SYS
       Endpoint: (R) u_apb_gpio/reg_int_stat_reg[0]/D
          Clock: (R) CLK_GPIO

                     Capture       Launch     
        Clock Edge:+    4000            0     
       Src Latency:+     100          150     
       Net Latency:+       0 (I)        0 (I) 
           Arrival:=    4100          150     
                                              
             Setup:-      36                  
       Uncertainty:-     150                  
     Required Time:=    3914                  
      Launch Clock:-     150                  
         Data Path:-    1218                  
             Slack:=    2546                  

#----------------------------------------------------------------------------------------------------------------------------
#            Timing Point             Flags    Arc    Edge          Cell            Fanout Load Trans Delay Arrival Instance 
#                                                                                          (fF)  (ps)  (ps)   (ps)  Location 
#----------------------------------------------------------------------------------------------------------------------------
  u_axi_to_apb_m_apb_paddr_reg[0]/CLK -       -       R     (arrival)                   69    -    40     0     150    (-,-) 
  u_axi_to_apb_m_apb_paddr_reg[0]/QN  -       CLK->QN F     DFFASRHQNx1_ASAP7_75t_R      4  6.1    90   139     289    (-,-) 
  g125443/Y                           -       A->Y    F     HB2xp67_ASAP7_75t_R          5  6.5   106   126     414    (-,-) 
  u_apb_gpio/g12953/Y                 -       E->Y    R     NOR5xp2_ASAP7_75t_L          1  1.8   147    76     490    (-,-) 
  u_apb_gpio/drc/Y                    -       A->Y    R     HB1xp67_ASAP7_75t_R          1  1.8    48    70     560    (-,-) 
  u_apb_gpio/drc_bufs13413/Y          -       A->Y    F     INVxp33_ASAP7_75t_R          1  1.8    62    48     608    (-,-) 
  u_apb_gpio/drc_bufs13412/Y          -       A->Y    R     INVxp33_ASAP7_75t_R          1  2.0    96    66     674    (-,-) 
  u_apb_gpio/g12904/Y                 -       B->Y    R     AND2x2_ASAP7_75t_R           3  4.3    41    62     736    (-,-) 
  u_apb_gpio/g12899/Y                 -       B->Y    R     AND2x2_ASAP7_75t_R           3  4.4    42    50     786    (-,-) 
  u_apb_gpio/g12889/Y                 -       B->Y    F     NAND2xp5_ASAP7_75t_R         2  2.8    63    44     829    (-,-) 
  u_apb_gpio/g12873/Y                 -       B->Y    R     NOR2xp33_ASAP7_75t_R         2  3.0   138    83     913    (-,-) 
  u_apb_gpio/g12867/Y                 -       A->Y    F     INVxp33_ASAP7_75t_R          1  1.8    84    76     989    (-,-) 
  u_apb_gpio/g12669/Y                 -       B->Y    R     NOR2xp33_ASAP7_75t_R         1  1.9    99    69    1057    (-,-) 
  u_apb_gpio/drc_bufs13391/Y          -       A->Y    F     INVxp67_ASAP7_75t_R          2  4.4    83    71    1128    (-,-) 
  u_apb_gpio/drc_bufs13390/Y          -       A->Y    R     INVx2_ASAP7_75t_R           16 17.1   132    89    1217    (-,-) 
  u_apb_gpio/g12534/Y                 -       B->Y    F     NAND2xp33_ASAP7_75t_R        1  2.0    85    70    1287    (-,-) 
  u_apb_gpio/g12433/Y                 -       C1->Y   R     AOI322xp5_ASAP7_75t_R        1  2.0   121    81    1368    (-,-) 
  u_apb_gpio/reg_int_stat_reg[0]/D    -       -       R     DFFASRHQNx1_ASAP7_75t_R      1    -     -     0    1368    (-,-) 
#----------------------------------------------------------------------------------------------------------------------------



Path 16: MET (2548 ps) Setup Check with Pin u_apb_gpio/reg_int_stat_reg[29]/CLK->D
           View: view_ss
          Group: CLK_GPIO
     Startpoint: (R) u_axi_to_apb_m_apb_paddr_reg[0]/CLK
          Clock: (R) CLK_SYS
       Endpoint: (R) u_apb_gpio/reg_int_stat_reg[29]/D
          Clock: (R) CLK_GPIO

                     Capture       Launch     
        Clock Edge:+    4000            0     
       Src Latency:+     100          150     
       Net Latency:+       0 (I)        0 (I) 
           Arrival:=    4100          150     
                                              
             Setup:-      35                  
       Uncertainty:-     150                  
     Required Time:=    3915                  
      Launch Clock:-     150                  
         Data Path:-    1216                  
             Slack:=    2548                  

#----------------------------------------------------------------------------------------------------------------------------
#            Timing Point             Flags    Arc    Edge          Cell            Fanout Load Trans Delay Arrival Instance 
#                                                                                          (fF)  (ps)  (ps)   (ps)  Location 
#----------------------------------------------------------------------------------------------------------------------------
  u_axi_to_apb_m_apb_paddr_reg[0]/CLK -       -       R     (arrival)                   69    -    40     0     150    (-,-) 
  u_axi_to_apb_m_apb_paddr_reg[0]/QN  -       CLK->QN F     DFFASRHQNx1_ASAP7_75t_R      4  6.1    90   139     289    (-,-) 
  g125443/Y                           -       A->Y    F     HB2xp67_ASAP7_75t_R          5  6.5   106   126     414    (-,-) 
  u_apb_gpio/g12953/Y                 -       E->Y    R     NOR5xp2_ASAP7_75t_L          1  1.8   147    76     490    (-,-) 
  u_apb_gpio/drc/Y                    -       A->Y    R     HB1xp67_ASAP7_75t_R          1  1.8    48    70     560    (-,-) 
  u_apb_gpio/drc_bufs13413/Y          -       A->Y    F     INVxp33_ASAP7_75t_R          1  1.8    62    48     608    (-,-) 
  u_apb_gpio/drc_bufs13412/Y          -       A->Y    R     INVxp33_ASAP7_75t_R          1  2.0    96    66     674    (-,-) 
  u_apb_gpio/g12904/Y                 -       B->Y    R     AND2x2_ASAP7_75t_R           3  4.3    41    62     736    (-,-) 
  u_apb_gpio/g12899/Y                 -       B->Y    R     AND2x2_ASAP7_75t_R           3  4.4    42    50     786    (-,-) 
  u_apb_gpio/g12889/Y                 -       B->Y    F     NAND2xp5_ASAP7_75t_R         2  2.8    63    44     829    (-,-) 
  u_apb_gpio/g12873/Y                 -       B->Y    R     NOR2xp33_ASAP7_75t_R         2  3.0   138    83     913    (-,-) 
  u_apb_gpio/g12867/Y                 -       A->Y    F     INVxp33_ASAP7_75t_R          1  1.8    84    76     989    (-,-) 
  u_apb_gpio/g12669/Y                 -       B->Y    R     NOR2xp33_ASAP7_75t_R         1  1.9    99    69    1057    (-,-) 
  u_apb_gpio/drc_bufs13391/Y          -       A->Y    F     INVxp67_ASAP7_75t_R          2  4.4    83    71    1128    (-,-) 
  u_apb_gpio/drc_bufs13390/Y          -       A->Y    R     INVx2_ASAP7_75t_R           16 17.1   132    89    1217    (-,-) 
  u_apb_gpio/g12552/Y                 -       B->Y    F     NAND2xp33_ASAP7_75t_R        1  2.0    85    70    1287    (-,-) 
  u_apb_gpio/g12393/Y                 -       B2->Y   R     AOI321xp33_ASAP7_75t_R       1  2.0   118    80    1366    (-,-) 
  u_apb_gpio/reg_int_stat_reg[29]/D   -       -       R     DFFASRHQNx1_ASAP7_75t_R      1    -     -     0    1366    (-,-) 
#----------------------------------------------------------------------------------------------------------------------------



Path 17: MET (2548 ps) Setup Check with Pin u_apb_gpio/reg_int_stat_reg[27]/CLK->D
           View: view_ss
          Group: CLK_GPIO
     Startpoint: (R) u_axi_to_apb_m_apb_paddr_reg[0]/CLK
          Clock: (R) CLK_SYS
       Endpoint: (R) u_apb_gpio/reg_int_stat_reg[27]/D
          Clock: (R) CLK_GPIO

                     Capture       Launch     
        Clock Edge:+    4000            0     
       Src Latency:+     100          150     
       Net Latency:+       0 (I)        0 (I) 
           Arrival:=    4100          150     
                                              
             Setup:-      35                  
       Uncertainty:-     150                  
     Required Time:=    3915                  
      Launch Clock:-     150                  
         Data Path:-    1216                  
             Slack:=    2548                  

#----------------------------------------------------------------------------------------------------------------------------
#            Timing Point             Flags    Arc    Edge          Cell            Fanout Load Trans Delay Arrival Instance 
#                                                                                          (fF)  (ps)  (ps)   (ps)  Location 
#----------------------------------------------------------------------------------------------------------------------------
  u_axi_to_apb_m_apb_paddr_reg[0]/CLK -       -       R     (arrival)                   69    -    40     0     150    (-,-) 
  u_axi_to_apb_m_apb_paddr_reg[0]/QN  -       CLK->QN F     DFFASRHQNx1_ASAP7_75t_R      4  6.1    90   139     289    (-,-) 
  g125443/Y                           -       A->Y    F     HB2xp67_ASAP7_75t_R          5  6.5   106   126     414    (-,-) 
  u_apb_gpio/g12953/Y                 -       E->Y    R     NOR5xp2_ASAP7_75t_L          1  1.8   147    76     490    (-,-) 
  u_apb_gpio/drc/Y                    -       A->Y    R     HB1xp67_ASAP7_75t_R          1  1.8    48    70     560    (-,-) 
  u_apb_gpio/drc_bufs13413/Y          -       A->Y    F     INVxp33_ASAP7_75t_R          1  1.8    62    48     608    (-,-) 
  u_apb_gpio/drc_bufs13412/Y          -       A->Y    R     INVxp33_ASAP7_75t_R          1  2.0    96    66     674    (-,-) 
  u_apb_gpio/g12904/Y                 -       B->Y    R     AND2x2_ASAP7_75t_R           3  4.3    41    62     736    (-,-) 
  u_apb_gpio/g12899/Y                 -       B->Y    R     AND2x2_ASAP7_75t_R           3  4.4    42    50     786    (-,-) 
  u_apb_gpio/g12889/Y                 -       B->Y    F     NAND2xp5_ASAP7_75t_R         2  2.8    63    44     829    (-,-) 
  u_apb_gpio/g12873/Y                 -       B->Y    R     NOR2xp33_ASAP7_75t_R         2  3.0   138    83     913    (-,-) 
  u_apb_gpio/g12867/Y                 -       A->Y    F     INVxp33_ASAP7_75t_R          1  1.8    84    76     989    (-,-) 
  u_apb_gpio/g12669/Y                 -       B->Y    R     NOR2xp33_ASAP7_75t_R         1  1.9    99    69    1057    (-,-) 
  u_apb_gpio/drc_bufs13391/Y          -       A->Y    F     INVxp67_ASAP7_75t_R          2  4.4    83    71    1128    (-,-) 
  u_apb_gpio/drc_bufs13389/Y          -       A->Y    R     INVx2_ASAP7_75t_R           16 17.1   132    89    1217    (-,-) 
  u_apb_gpio/g12541/Y                 -       B->Y    F     NAND2xp33_ASAP7_75t_R        1  2.0    85    70    1287    (-,-) 
  u_apb_gpio/g12392/Y                 -       B2->Y   R     AOI321xp33_ASAP7_75t_R       1  2.0   118    80    1366    (-,-) 
  u_apb_gpio/reg_int_stat_reg[27]/D   -       -       R     DFFASRHQNx1_ASAP7_75t_R      1    -     -     0    1366    (-,-) 
#----------------------------------------------------------------------------------------------------------------------------



Path 18: MET (2555 ps) Setup Check with Pin u_apb_gpio/reg_int_stat_reg[22]/CLK->D
           View: view_ss
          Group: CLK_GPIO
     Startpoint: (R) u_axi_to_apb_m_apb_paddr_reg[0]/CLK
          Clock: (R) CLK_SYS
       Endpoint: (R) u_apb_gpio/reg_int_stat_reg[22]/D
          Clock: (R) CLK_GPIO

                     Capture       Launch     
        Clock Edge:+    4000            0     
       Src Latency:+     100          150     
       Net Latency:+       0 (I)        0 (I) 
           Arrival:=    4100          150     
                                              
             Setup:-      35                  
       Uncertainty:-     150                  
     Required Time:=    3915                  
      Launch Clock:-     150                  
         Data Path:-    1210                  
             Slack:=    2555                  

#----------------------------------------------------------------------------------------------------------------------------
#            Timing Point             Flags    Arc    Edge          Cell            Fanout Load Trans Delay Arrival Instance 
#                                                                                          (fF)  (ps)  (ps)   (ps)  Location 
#----------------------------------------------------------------------------------------------------------------------------
  u_axi_to_apb_m_apb_paddr_reg[0]/CLK -       -       R     (arrival)                   69    -    40     0     150    (-,-) 
  u_axi_to_apb_m_apb_paddr_reg[0]/QN  -       CLK->QN F     DFFASRHQNx1_ASAP7_75t_R      4  6.1    90   139     289    (-,-) 
  g125443/Y                           -       A->Y    F     HB2xp67_ASAP7_75t_R          5  6.5   106   126     414    (-,-) 
  u_apb_gpio/g12953/Y                 -       E->Y    R     NOR5xp2_ASAP7_75t_L          1  1.8   147    76     490    (-,-) 
  u_apb_gpio/drc/Y                    -       A->Y    R     HB1xp67_ASAP7_75t_R          1  1.8    48    70     560    (-,-) 
  u_apb_gpio/drc_bufs13413/Y          -       A->Y    F     INVxp33_ASAP7_75t_R          1  1.8    62    48     608    (-,-) 
  u_apb_gpio/drc_bufs13412/Y          -       A->Y    R     INVxp33_ASAP7_75t_R          1  2.0    96    66     674    (-,-) 
  u_apb_gpio/g12904/Y                 -       B->Y    R     AND2x2_ASAP7_75t_R           3  4.3    41    62     736    (-,-) 
  u_apb_gpio/g12899/Y                 -       B->Y    R     AND2x2_ASAP7_75t_R           3  4.4    42    50     786    (-,-) 
  u_apb_gpio/g12889/Y                 -       B->Y    F     NAND2xp5_ASAP7_75t_R         2  2.8    63    44     829    (-,-) 
  u_apb_gpio/g12873/Y                 -       B->Y    R     NOR2xp33_ASAP7_75t_R         2  3.0   138    83     913    (-,-) 
  u_apb_gpio/g12867/Y                 -       A->Y    F     INVxp33_ASAP7_75t_R          1  1.8    84    76     989    (-,-) 
  u_apb_gpio/g12669/Y                 -       B->Y    R     NOR2xp33_ASAP7_75t_R         1  1.9    99    69    1057    (-,-) 
  u_apb_gpio/drc_bufs13391/Y          -       A->Y    F     INVxp67_ASAP7_75t_R          2  4.4    83    71    1128    (-,-) 
  u_apb_gpio/drc_bufs13389/Y          -       A->Y    R     INVx2_ASAP7_75t_R           16 17.1   132    89    1217    (-,-) 
  u_apb_gpio/g12561/Y                 -       B->Y    F     NAND2xp33_ASAP7_75t_R        1  2.0    85    70    1287    (-,-) 
  u_apb_gpio/g12391/Y                 -       A2->Y   R     AOI211xp5_ASAP7_75t_R        1  2.0   112    74    1360    (-,-) 
  u_apb_gpio/reg_int_stat_reg[22]/D   -       -       R     DFFASRHQNx1_ASAP7_75t_R      1    -     -     0    1360    (-,-) 
#----------------------------------------------------------------------------------------------------------------------------



Path 19: MET (2555 ps) Setup Check with Pin u_apb_gpio/reg_int_stat_reg[6]/CLK->D
           View: view_ss
          Group: CLK_GPIO
     Startpoint: (R) u_axi_to_apb_m_apb_paddr_reg[0]/CLK
          Clock: (R) CLK_SYS
       Endpoint: (R) u_apb_gpio/reg_int_stat_reg[6]/D
          Clock: (R) CLK_GPIO

                     Capture       Launch     
        Clock Edge:+    4000            0     
       Src Latency:+     100          150     
       Net Latency:+       0 (I)        0 (I) 
           Arrival:=    4100          150     
                                              
             Setup:-      35                  
       Uncertainty:-     150                  
     Required Time:=    3915                  
      Launch Clock:-     150                  
         Data Path:-    1210                  
             Slack:=    2555                  

#----------------------------------------------------------------------------------------------------------------------------
#            Timing Point             Flags    Arc    Edge          Cell            Fanout Load Trans Delay Arrival Instance 
#                                                                                          (fF)  (ps)  (ps)   (ps)  Location 
#----------------------------------------------------------------------------------------------------------------------------
  u_axi_to_apb_m_apb_paddr_reg[0]/CLK -       -       R     (arrival)                   69    -    40     0     150    (-,-) 
  u_axi_to_apb_m_apb_paddr_reg[0]/QN  -       CLK->QN F     DFFASRHQNx1_ASAP7_75t_R      4  6.1    90   139     289    (-,-) 
  g125443/Y                           -       A->Y    F     HB2xp67_ASAP7_75t_R          5  6.5   106   126     414    (-,-) 
  u_apb_gpio/g12953/Y                 -       E->Y    R     NOR5xp2_ASAP7_75t_L          1  1.8   147    76     490    (-,-) 
  u_apb_gpio/drc/Y                    -       A->Y    R     HB1xp67_ASAP7_75t_R          1  1.8    48    70     560    (-,-) 
  u_apb_gpio/drc_bufs13413/Y          -       A->Y    F     INVxp33_ASAP7_75t_R          1  1.8    62    48     608    (-,-) 
  u_apb_gpio/drc_bufs13412/Y          -       A->Y    R     INVxp33_ASAP7_75t_R          1  2.0    96    66     674    (-,-) 
  u_apb_gpio/g12904/Y                 -       B->Y    R     AND2x2_ASAP7_75t_R           3  4.3    41    62     736    (-,-) 
  u_apb_gpio/g12899/Y                 -       B->Y    R     AND2x2_ASAP7_75t_R           3  4.4    42    50     786    (-,-) 
  u_apb_gpio/g12889/Y                 -       B->Y    F     NAND2xp5_ASAP7_75t_R         2  2.8    63    44     829    (-,-) 
  u_apb_gpio/g12873/Y                 -       B->Y    R     NOR2xp33_ASAP7_75t_R         2  3.0   138    83     913    (-,-) 
  u_apb_gpio/g12867/Y                 -       A->Y    F     INVxp33_ASAP7_75t_R          1  1.8    84    76     989    (-,-) 
  u_apb_gpio/g12669/Y                 -       B->Y    R     NOR2xp33_ASAP7_75t_R         1  1.9    99    69    1057    (-,-) 
  u_apb_gpio/drc_bufs13391/Y          -       A->Y    F     INVxp67_ASAP7_75t_R          2  4.4    83    71    1128    (-,-) 
  u_apb_gpio/drc_bufs13389/Y          -       A->Y    R     INVx2_ASAP7_75t_R           16 17.1   132    89    1217    (-,-) 
  u_apb_gpio/g12565/Y                 -       B->Y    F     NAND2xp33_ASAP7_75t_R        1  2.0    85    70    1287    (-,-) 
  u_apb_gpio/g12389/Y                 -       A2->Y   R     AOI211xp5_ASAP7_75t_R        1  2.0   112    74    1360    (-,-) 
  u_apb_gpio/reg_int_stat_reg[6]/D    -       -       R     DFFASRHQNx1_ASAP7_75t_R      1    -     -     0    1360    (-,-) 
#----------------------------------------------------------------------------------------------------------------------------



Path 20: MET (2555 ps) Setup Check with Pin u_apb_gpio/reg_int_stat_reg[4]/CLK->D
           View: view_ss
          Group: CLK_GPIO
     Startpoint: (R) u_axi_to_apb_m_apb_paddr_reg[0]/CLK
          Clock: (R) CLK_SYS
       Endpoint: (R) u_apb_gpio/reg_int_stat_reg[4]/D
          Clock: (R) CLK_GPIO

                     Capture       Launch     
        Clock Edge:+    4000            0     
       Src Latency:+     100          150     
       Net Latency:+       0 (I)        0 (I) 
           Arrival:=    4100          150     
                                              
             Setup:-      35                  
       Uncertainty:-     150                  
     Required Time:=    3915                  
      Launch Clock:-     150                  
         Data Path:-    1210                  
             Slack:=    2555                  

#----------------------------------------------------------------------------------------------------------------------------
#            Timing Point             Flags    Arc    Edge          Cell            Fanout Load Trans Delay Arrival Instance 
#                                                                                          (fF)  (ps)  (ps)   (ps)  Location 
#----------------------------------------------------------------------------------------------------------------------------
  u_axi_to_apb_m_apb_paddr_reg[0]/CLK -       -       R     (arrival)                   69    -    40     0     150    (-,-) 
  u_axi_to_apb_m_apb_paddr_reg[0]/QN  -       CLK->QN F     DFFASRHQNx1_ASAP7_75t_R      4  6.1    90   139     289    (-,-) 
  g125443/Y                           -       A->Y    F     HB2xp67_ASAP7_75t_R          5  6.5   106   126     414    (-,-) 
  u_apb_gpio/g12953/Y                 -       E->Y    R     NOR5xp2_ASAP7_75t_L          1  1.8   147    76     490    (-,-) 
  u_apb_gpio/drc/Y                    -       A->Y    R     HB1xp67_ASAP7_75t_R          1  1.8    48    70     560    (-,-) 
  u_apb_gpio/drc_bufs13413/Y          -       A->Y    F     INVxp33_ASAP7_75t_R          1  1.8    62    48     608    (-,-) 
  u_apb_gpio/drc_bufs13412/Y          -       A->Y    R     INVxp33_ASAP7_75t_R          1  2.0    96    66     674    (-,-) 
  u_apb_gpio/g12904/Y                 -       B->Y    R     AND2x2_ASAP7_75t_R           3  4.3    41    62     736    (-,-) 
  u_apb_gpio/g12899/Y                 -       B->Y    R     AND2x2_ASAP7_75t_R           3  4.4    42    50     786    (-,-) 
  u_apb_gpio/g12889/Y                 -       B->Y    F     NAND2xp5_ASAP7_75t_R         2  2.8    63    44     829    (-,-) 
  u_apb_gpio/g12873/Y                 -       B->Y    R     NOR2xp33_ASAP7_75t_R         2  3.0   138    83     913    (-,-) 
  u_apb_gpio/g12867/Y                 -       A->Y    F     INVxp33_ASAP7_75t_R          1  1.8    84    76     989    (-,-) 
  u_apb_gpio/g12669/Y                 -       B->Y    R     NOR2xp33_ASAP7_75t_R         1  1.9    99    69    1057    (-,-) 
  u_apb_gpio/drc_bufs13391/Y          -       A->Y    F     INVxp67_ASAP7_75t_R          2  4.4    83    71    1128    (-,-) 
  u_apb_gpio/drc_bufs13390/Y          -       A->Y    R     INVx2_ASAP7_75t_R           16 17.1   132    89    1217    (-,-) 
  u_apb_gpio/g12562/Y                 -       B->Y    F     NAND2xp33_ASAP7_75t_R        1  2.0    85    70    1287    (-,-) 
  u_apb_gpio/g12390/Y                 -       A2->Y   R     AOI211xp5_ASAP7_75t_R        1  2.0   112    74    1360    (-,-) 
  u_apb_gpio/reg_int_stat_reg[4]/D    -       -       R     DFFASRHQNx1_ASAP7_75t_R      1    -     -     0    1360    (-,-) 
#----------------------------------------------------------------------------------------------------------------------------


