============================================================
  Generated by:           Genus(TM) Synthesis Solution 23.14-s090_1
  Generated on:           Sep 14 2026  04:17:45 pm
  Module:                 top_soc
  Operating conditions:   PVT_0P63V_100C 
  Operating conditions:   PVT_0P7V_25C 
  Interconnect mode:      global
  Area mode:              physical library
============================================================


Path 1: MET (2152 ps) Setup Check with Pin u_tim1_ccr_reg[2][26]/CLK->D
           View: view_ss
          Group: CLK_TIM1
     Startpoint: (R) u_axi_to_apb_m_apb_paddr_reg[11]/CLK
          Clock: (R) CLK_SYS
       Endpoint: (F) u_tim1_ccr_reg[2][26]/D
          Clock: (R) CLK_TIM1

                     Capture       Launch     
        Clock Edge:+    4000            0     
       Src Latency:+     100          150     
       Net Latency:+       0 (I)        0 (I) 
           Arrival:=    4100          150     
                                              
             Setup:-      10                  
       Uncertainty:-     150                  
     Required Time:=    3940                  
      Launch Clock:-     150                  
         Data Path:-    1638                  
             Slack:=    2152                  

#-----------------------------------------------------------------------------------------------------------------------------
#            Timing Point              Flags    Arc    Edge          Cell            Fanout Load Trans Delay Arrival Instance 
#                                                                                           (fF)  (ps)  (ps)   (ps)  Location 
#-----------------------------------------------------------------------------------------------------------------------------
  u_axi_to_apb_m_apb_paddr_reg[11]/CLK -       -       R     (arrival)                   69    -    40     0     150    (-,-) 
  u_axi_to_apb_m_apb_paddr_reg[11]/QN  -       CLK->QN F     DFFASRHQNx1_ASAP7_75t_R      5  6.7    96   142     292    (-,-) 
  drc_bufs3091/Y                       -       A->Y    R     INVxp33_ASAP7_75t_R          1  1.9   101    76     368    (-,-) 
  drc_bufs3090/Y                       -       A->Y    F     INVxp67_ASAP7_75t_R          3  4.5    85    72     440    (-,-) 
  g202031/Y                            -       B->Y    F     OR3x1_ASAP7_75t_R            2  3.4    47    76     516    (-,-) 
  g201438/Y                            -       A->Y    R     NOR3xp33_ASAP7_75t_R         2  3.0   145    81     597    (-,-) 
  drc_bufs866/Y                        -       A->Y    F     INVxp33_ASAP7_75t_R          1  1.8    86    78     675    (-,-) 
  drc_bufs864/Y                        -       A->Y    R     INVxp33_ASAP7_75t_R          2  3.0   140    95     770    (-,-) 
  g201066/Y                            -       B->Y    F     NAND2xp33_ASAP7_75t_R        2  2.8   106    87     857    (-,-) 
  g200819/Y                            -       B->Y    R     NOR2xp33_ASAP7_75t_R         2  3.0   145    97     954    (-,-) 
  g200722/Y                            -       A->Y    F     INVxp67_ASAP7_75t_R          3  4.2    93    83    1037    (-,-) 
  g200562/Y                            -       B->Y    R     NOR2xp33_ASAP7_75t_R         2  3.1   147    95    1132    (-,-) 
  drc_bufs2110/Y                       -       A->Y    F     INVxp33_ASAP7_75t_R          1  2.0    92    83    1214    (-,-) 
  g199741/Y                            -       C->Y    F     AND4x1_ASAP7_75t_R           2  3.6    42    61    1275    (-,-) 
  g199170/Y                            -       B->Y    R     NOR2xp67_ASAP7_75t_R         3  4.3   108    60    1335    (-,-) 
  g199051/Y                            -       A->Y    F     INVxp67_ASAP7_75t_R          2  3.2    70    63    1399    (-,-) 
  g198834/Y                            -       B->Y    F     OR2x4_ASAP7_75t_R           19 22.8    74   101    1500    (-,-) 
  g136638/Y                            -       A->Y    R     INVx2_ASAP7_75t_R           16 18.8   141    91    1591    (-,-) 
  drc_buf_sp3546/Y                     -       A->Y    R     BUFx2_ASAP7_75t_R           17 19.9   147   119    1710    (-,-) 
  g135195/Y                            -       A2->Y   F     AOI22xp33_ASAP7_75t_R        1  2.0    95    79    1788    (-,-) 
  u_tim1_ccr_reg[2][26]/D              -       -       F     DFFASRHQNx1_ASAP7_75t_R      1    -     -     0    1788    (-,-) 
#-----------------------------------------------------------------------------------------------------------------------------



Path 2: MET (2152 ps) Setup Check with Pin u_tim1_ccr_reg[2][25]/CLK->D
           View: view_ss
          Group: CLK_TIM1
     Startpoint: (R) u_axi_to_apb_m_apb_paddr_reg[11]/CLK
          Clock: (R) CLK_SYS
       Endpoint: (F) u_tim1_ccr_reg[2][25]/D
          Clock: (R) CLK_TIM1

                     Capture       Launch     
        Clock Edge:+    4000            0     
       Src Latency:+     100          150     
       Net Latency:+       0 (I)        0 (I) 
           Arrival:=    4100          150     
                                              
             Setup:-      10                  
       Uncertainty:-     150                  
     Required Time:=    3940                  
      Launch Clock:-     150                  
         Data Path:-    1638                  
             Slack:=    2152                  

#-----------------------------------------------------------------------------------------------------------------------------
#            Timing Point              Flags    Arc    Edge          Cell            Fanout Load Trans Delay Arrival Instance 
#                                                                                           (fF)  (ps)  (ps)   (ps)  Location 
#-----------------------------------------------------------------------------------------------------------------------------
  u_axi_to_apb_m_apb_paddr_reg[11]/CLK -       -       R     (arrival)                   69    -    40     0     150    (-,-) 
  u_axi_to_apb_m_apb_paddr_reg[11]/QN  -       CLK->QN F     DFFASRHQNx1_ASAP7_75t_R      5  6.7    96   142     292    (-,-) 
  drc_bufs3091/Y                       -       A->Y    R     INVxp33_ASAP7_75t_R          1  1.9   101    76     368    (-,-) 
  drc_bufs3090/Y                       -       A->Y    F     INVxp67_ASAP7_75t_R          3  4.5    85    72     440    (-,-) 
  g202031/Y                            -       B->Y    F     OR3x1_ASAP7_75t_R            2  3.4    47    76     516    (-,-) 
  g201438/Y                            -       A->Y    R     NOR3xp33_ASAP7_75t_R         2  3.0   145    81     597    (-,-) 
  drc_bufs866/Y                        -       A->Y    F     INVxp33_ASAP7_75t_R          1  1.8    86    78     675    (-,-) 
  drc_bufs864/Y                        -       A->Y    R     INVxp33_ASAP7_75t_R          2  3.0   140    95     770    (-,-) 
  g201066/Y                            -       B->Y    F     NAND2xp33_ASAP7_75t_R        2  2.8   106    87     857    (-,-) 
  g200819/Y                            -       B->Y    R     NOR2xp33_ASAP7_75t_R         2  3.0   145    97     954    (-,-) 
  g200722/Y                            -       A->Y    F     INVxp67_ASAP7_75t_R          3  4.2    93    83    1037    (-,-) 
  g200562/Y                            -       B->Y    R     NOR2xp33_ASAP7_75t_R         2  3.1   147    95    1132    (-,-) 
  drc_bufs2110/Y                       -       A->Y    F     INVxp33_ASAP7_75t_R          1  2.0    92    83    1214    (-,-) 
  g199741/Y                            -       C->Y    F     AND4x1_ASAP7_75t_R           2  3.6    42    61    1275    (-,-) 
  g199170/Y                            -       B->Y    R     NOR2xp67_ASAP7_75t_R         3  4.3   108    60    1335    (-,-) 
  g199051/Y                            -       A->Y    F     INVxp67_ASAP7_75t_R          2  3.2    70    63    1399    (-,-) 
  g198834/Y                            -       B->Y    F     OR2x4_ASAP7_75t_R           19 22.8    74   101    1500    (-,-) 
  g136638/Y                            -       A->Y    R     INVx2_ASAP7_75t_R           16 18.8   141    91    1591    (-,-) 
  drc_buf_sp3546/Y                     -       A->Y    R     BUFx2_ASAP7_75t_R           17 19.9   147   119    1710    (-,-) 
  g135194/Y                            -       A2->Y   F     AOI22xp33_ASAP7_75t_R        1  2.0    95    79    1788    (-,-) 
  u_tim1_ccr_reg[2][25]/D              -       -       F     DFFASRHQNx1_ASAP7_75t_R      1    -     -     0    1788    (-,-) 
#-----------------------------------------------------------------------------------------------------------------------------



Path 3: MET (2152 ps) Setup Check with Pin u_tim1_ccr_reg[2][30]/CLK->D
           View: view_ss
          Group: CLK_TIM1
     Startpoint: (R) u_axi_to_apb_m_apb_paddr_reg[11]/CLK
          Clock: (R) CLK_SYS
       Endpoint: (F) u_tim1_ccr_reg[2][30]/D
          Clock: (R) CLK_TIM1

                     Capture       Launch     
        Clock Edge:+    4000            0     
       Src Latency:+     100          150     
       Net Latency:+       0 (I)        0 (I) 
           Arrival:=    4100          150     
                                              
             Setup:-      10                  
       Uncertainty:-     150                  
     Required Time:=    3940                  
      Launch Clock:-     150                  
         Data Path:-    1638                  
             Slack:=    2152                  

#-----------------------------------------------------------------------------------------------------------------------------
#            Timing Point              Flags    Arc    Edge          Cell            Fanout Load Trans Delay Arrival Instance 
#                                                                                           (fF)  (ps)  (ps)   (ps)  Location 
#-----------------------------------------------------------------------------------------------------------------------------
  u_axi_to_apb_m_apb_paddr_reg[11]/CLK -       -       R     (arrival)                   69    -    40     0     150    (-,-) 
  u_axi_to_apb_m_apb_paddr_reg[11]/QN  -       CLK->QN F     DFFASRHQNx1_ASAP7_75t_R      5  6.7    96   142     292    (-,-) 
  drc_bufs3091/Y                       -       A->Y    R     INVxp33_ASAP7_75t_R          1  1.9   101    76     368    (-,-) 
  drc_bufs3090/Y                       -       A->Y    F     INVxp67_ASAP7_75t_R          3  4.5    85    72     440    (-,-) 
  g202031/Y                            -       B->Y    F     OR3x1_ASAP7_75t_R            2  3.4    47    76     516    (-,-) 
  g201438/Y                            -       A->Y    R     NOR3xp33_ASAP7_75t_R         2  3.0   145    81     597    (-,-) 
  drc_bufs866/Y                        -       A->Y    F     INVxp33_ASAP7_75t_R          1  1.8    86    78     675    (-,-) 
  drc_bufs864/Y                        -       A->Y    R     INVxp33_ASAP7_75t_R          2  3.0   140    95     770    (-,-) 
  g201066/Y                            -       B->Y    F     NAND2xp33_ASAP7_75t_R        2  2.8   106    87     857    (-,-) 
  g200819/Y                            -       B->Y    R     NOR2xp33_ASAP7_75t_R         2  3.0   145    97     954    (-,-) 
  g200722/Y                            -       A->Y    F     INVxp67_ASAP7_75t_R          3  4.2    93    83    1037    (-,-) 
  g200562/Y                            -       B->Y    R     NOR2xp33_ASAP7_75t_R         2  3.1   147    95    1132    (-,-) 
  drc_bufs2110/Y                       -       A->Y    F     INVxp33_ASAP7_75t_R          1  2.0    92    83    1214    (-,-) 
  g199741/Y                            -       C->Y    F     AND4x1_ASAP7_75t_R           2  3.6    42    61    1275    (-,-) 
  g199170/Y                            -       B->Y    R     NOR2xp67_ASAP7_75t_R         3  4.3   108    60    1335    (-,-) 
  g199051/Y                            -       A->Y    F     INVxp67_ASAP7_75t_R          2  3.2    70    63    1399    (-,-) 
  g198834/Y                            -       B->Y    F     OR2x4_ASAP7_75t_R           19 22.8    74   101    1500    (-,-) 
  g136638/Y                            -       A->Y    R     INVx2_ASAP7_75t_R           16 18.8   141    91    1591    (-,-) 
  drc_buf_sp3546/Y                     -       A->Y    R     BUFx2_ASAP7_75t_R           17 19.9   147   119    1710    (-,-) 
  g135199/Y                            -       A2->Y   F     AOI22xp33_ASAP7_75t_R        1  2.0    95    79    1788    (-,-) 
  u_tim1_ccr_reg[2][30]/D              -       -       F     DFFASRHQNx1_ASAP7_75t_R      1    -     -     0    1788    (-,-) 
#-----------------------------------------------------------------------------------------------------------------------------



Path 4: MET (2152 ps) Setup Check with Pin u_tim1_ccr_reg[2][28]/CLK->D
           View: view_ss
          Group: CLK_TIM1
     Startpoint: (R) u_axi_to_apb_m_apb_paddr_reg[11]/CLK
          Clock: (R) CLK_SYS
       Endpoint: (F) u_tim1_ccr_reg[2][28]/D
          Clock: (R) CLK_TIM1

                     Capture       Launch     
        Clock Edge:+    4000            0     
       Src Latency:+     100          150     
       Net Latency:+       0 (I)        0 (I) 
           Arrival:=    4100          150     
                                              
             Setup:-      10                  
       Uncertainty:-     150                  
     Required Time:=    3940                  
      Launch Clock:-     150                  
         Data Path:-    1638                  
             Slack:=    2152                  

#-----------------------------------------------------------------------------------------------------------------------------
#            Timing Point              Flags    Arc    Edge          Cell            Fanout Load Trans Delay Arrival Instance 
#                                                                                           (fF)  (ps)  (ps)   (ps)  Location 
#-----------------------------------------------------------------------------------------------------------------------------
  u_axi_to_apb_m_apb_paddr_reg[11]/CLK -       -       R     (arrival)                   69    -    40     0     150    (-,-) 
  u_axi_to_apb_m_apb_paddr_reg[11]/QN  -       CLK->QN F     DFFASRHQNx1_ASAP7_75t_R      5  6.7    96   142     292    (-,-) 
  drc_bufs3091/Y                       -       A->Y    R     INVxp33_ASAP7_75t_R          1  1.9   101    76     368    (-,-) 
  drc_bufs3090/Y                       -       A->Y    F     INVxp67_ASAP7_75t_R          3  4.5    85    72     440    (-,-) 
  g202031/Y                            -       B->Y    F     OR3x1_ASAP7_75t_R            2  3.4    47    76     516    (-,-) 
  g201438/Y                            -       A->Y    R     NOR3xp33_ASAP7_75t_R         2  3.0   145    81     597    (-,-) 
  drc_bufs866/Y                        -       A->Y    F     INVxp33_ASAP7_75t_R          1  1.8    86    78     675    (-,-) 
  drc_bufs864/Y                        -       A->Y    R     INVxp33_ASAP7_75t_R          2  3.0   140    95     770    (-,-) 
  g201066/Y                            -       B->Y    F     NAND2xp33_ASAP7_75t_R        2  2.8   106    87     857    (-,-) 
  g200819/Y                            -       B->Y    R     NOR2xp33_ASAP7_75t_R         2  3.0   145    97     954    (-,-) 
  g200722/Y                            -       A->Y    F     INVxp67_ASAP7_75t_R          3  4.2    93    83    1037    (-,-) 
  g200562/Y                            -       B->Y    R     NOR2xp33_ASAP7_75t_R         2  3.1   147    95    1132    (-,-) 
  drc_bufs2110/Y                       -       A->Y    F     INVxp33_ASAP7_75t_R          1  2.0    92    83    1214    (-,-) 
  g199741/Y                            -       C->Y    F     AND4x1_ASAP7_75t_R           2  3.6    42    61    1275    (-,-) 
  g199170/Y                            -       B->Y    R     NOR2xp67_ASAP7_75t_R         3  4.3   108    60    1335    (-,-) 
  g199051/Y                            -       A->Y    F     INVxp67_ASAP7_75t_R          2  3.2    70    63    1399    (-,-) 
  g198834/Y                            -       B->Y    F     OR2x4_ASAP7_75t_R           19 22.8    74   101    1500    (-,-) 
  g136638/Y                            -       A->Y    R     INVx2_ASAP7_75t_R           16 18.8   141    91    1591    (-,-) 
  drc_buf_sp3546/Y                     -       A->Y    R     BUFx2_ASAP7_75t_R           17 19.9   147   119    1710    (-,-) 
  g135197/Y                            -       A2->Y   F     AOI22xp33_ASAP7_75t_R        1  2.0    95    79    1788    (-,-) 
  u_tim1_ccr_reg[2][28]/D              -       -       F     DFFASRHQNx1_ASAP7_75t_R      1    -     -     0    1788    (-,-) 
#-----------------------------------------------------------------------------------------------------------------------------



Path 5: MET (2152 ps) Setup Check with Pin u_tim1_ccr_reg[2][31]/CLK->D
           View: view_ss
          Group: CLK_TIM1
     Startpoint: (R) u_axi_to_apb_m_apb_paddr_reg[11]/CLK
          Clock: (R) CLK_SYS
       Endpoint: (F) u_tim1_ccr_reg[2][31]/D
          Clock: (R) CLK_TIM1

                     Capture       Launch     
        Clock Edge:+    4000            0     
       Src Latency:+     100          150     
       Net Latency:+       0 (I)        0 (I) 
           Arrival:=    4100          150     
                                              
             Setup:-      10                  
       Uncertainty:-     150                  
     Required Time:=    3940                  
      Launch Clock:-     150                  
         Data Path:-    1638                  
             Slack:=    2152                  

#-----------------------------------------------------------------------------------------------------------------------------
#            Timing Point              Flags    Arc    Edge          Cell            Fanout Load Trans Delay Arrival Instance 
#                                                                                           (fF)  (ps)  (ps)   (ps)  Location 
#-----------------------------------------------------------------------------------------------------------------------------
  u_axi_to_apb_m_apb_paddr_reg[11]/CLK -       -       R     (arrival)                   69    -    40     0     150    (-,-) 
  u_axi_to_apb_m_apb_paddr_reg[11]/QN  -       CLK->QN F     DFFASRHQNx1_ASAP7_75t_R      5  6.7    96   142     292    (-,-) 
  drc_bufs3091/Y                       -       A->Y    R     INVxp33_ASAP7_75t_R          1  1.9   101    76     368    (-,-) 
  drc_bufs3090/Y                       -       A->Y    F     INVxp67_ASAP7_75t_R          3  4.5    85    72     440    (-,-) 
  g202031/Y                            -       B->Y    F     OR3x1_ASAP7_75t_R            2  3.4    47    76     516    (-,-) 
  g201438/Y                            -       A->Y    R     NOR3xp33_ASAP7_75t_R         2  3.0   145    81     597    (-,-) 
  drc_bufs866/Y                        -       A->Y    F     INVxp33_ASAP7_75t_R          1  1.8    86    78     675    (-,-) 
  drc_bufs864/Y                        -       A->Y    R     INVxp33_ASAP7_75t_R          2  3.0   140    95     770    (-,-) 
  g201066/Y                            -       B->Y    F     NAND2xp33_ASAP7_75t_R        2  2.8   106    87     857    (-,-) 
  g200819/Y                            -       B->Y    R     NOR2xp33_ASAP7_75t_R         2  3.0   145    97     954    (-,-) 
  g200722/Y                            -       A->Y    F     INVxp67_ASAP7_75t_R          3  4.2    93    83    1037    (-,-) 
  g200562/Y                            -       B->Y    R     NOR2xp33_ASAP7_75t_R         2  3.1   147    95    1132    (-,-) 
  drc_bufs2110/Y                       -       A->Y    F     INVxp33_ASAP7_75t_R          1  2.0    92    83    1214    (-,-) 
  g199741/Y                            -       C->Y    F     AND4x1_ASAP7_75t_R           2  3.6    42    61    1275    (-,-) 
  g199170/Y                            -       B->Y    R     NOR2xp67_ASAP7_75t_R         3  4.3   108    60    1335    (-,-) 
  g199051/Y                            -       A->Y    F     INVxp67_ASAP7_75t_R          2  3.2    70    63    1399    (-,-) 
  g198834/Y                            -       B->Y    F     OR2x4_ASAP7_75t_R           19 22.8    74   101    1500    (-,-) 
  g136638/Y                            -       A->Y    R     INVx2_ASAP7_75t_R           16 18.8   141    91    1591    (-,-) 
  drc_buf_sp3546/Y                     -       A->Y    R     BUFx2_ASAP7_75t_R           17 19.9   147   119    1710    (-,-) 
  g135200/Y                            -       A2->Y   F     AOI22xp33_ASAP7_75t_R        1  2.0    95    79    1788    (-,-) 
  u_tim1_ccr_reg[2][31]/D              -       -       F     DFFASRHQNx1_ASAP7_75t_R      1    -     -     0    1788    (-,-) 
#-----------------------------------------------------------------------------------------------------------------------------



Path 6: MET (2152 ps) Setup Check with Pin u_tim1_ccr_reg[2][4]/CLK->D
           View: view_ss
          Group: CLK_TIM1
     Startpoint: (R) u_axi_to_apb_m_apb_paddr_reg[11]/CLK
          Clock: (R) CLK_SYS
       Endpoint: (F) u_tim1_ccr_reg[2][4]/D
          Clock: (R) CLK_TIM1

                     Capture       Launch     
        Clock Edge:+    4000            0     
       Src Latency:+     100          150     
       Net Latency:+       0 (I)        0 (I) 
           Arrival:=    4100          150     
                                              
             Setup:-      10                  
       Uncertainty:-     150                  
     Required Time:=    3940                  
      Launch Clock:-     150                  
         Data Path:-    1638                  
             Slack:=    2152                  

#-----------------------------------------------------------------------------------------------------------------------------
#            Timing Point              Flags    Arc    Edge          Cell            Fanout Load Trans Delay Arrival Instance 
#                                                                                           (fF)  (ps)  (ps)   (ps)  Location 
#-----------------------------------------------------------------------------------------------------------------------------
  u_axi_to_apb_m_apb_paddr_reg[11]/CLK -       -       R     (arrival)                   69    -    40     0     150    (-,-) 
  u_axi_to_apb_m_apb_paddr_reg[11]/QN  -       CLK->QN F     DFFASRHQNx1_ASAP7_75t_R      5  6.7    96   142     292    (-,-) 
  drc_bufs3091/Y                       -       A->Y    R     INVxp33_ASAP7_75t_R          1  1.9   101    76     368    (-,-) 
  drc_bufs3090/Y                       -       A->Y    F     INVxp67_ASAP7_75t_R          3  4.5    85    72     440    (-,-) 
  g202031/Y                            -       B->Y    F     OR3x1_ASAP7_75t_R            2  3.4    47    76     516    (-,-) 
  g201438/Y                            -       A->Y    R     NOR3xp33_ASAP7_75t_R         2  3.0   145    81     597    (-,-) 
  drc_bufs866/Y                        -       A->Y    F     INVxp33_ASAP7_75t_R          1  1.8    86    78     675    (-,-) 
  drc_bufs864/Y                        -       A->Y    R     INVxp33_ASAP7_75t_R          2  3.0   140    95     770    (-,-) 
  g201066/Y                            -       B->Y    F     NAND2xp33_ASAP7_75t_R        2  2.8   106    87     857    (-,-) 
  g200819/Y                            -       B->Y    R     NOR2xp33_ASAP7_75t_R         2  3.0   145    97     954    (-,-) 
  g200722/Y                            -       A->Y    F     INVxp67_ASAP7_75t_R          3  4.2    93    83    1037    (-,-) 
  g200562/Y                            -       B->Y    R     NOR2xp33_ASAP7_75t_R         2  3.1   147    95    1132    (-,-) 
  drc_bufs2110/Y                       -       A->Y    F     INVxp33_ASAP7_75t_R          1  2.0    92    83    1214    (-,-) 
  g199741/Y                            -       C->Y    F     AND4x1_ASAP7_75t_R           2  3.6    42    61    1275    (-,-) 
  g199170/Y                            -       B->Y    R     NOR2xp67_ASAP7_75t_R         3  4.3   108    60    1335    (-,-) 
  g199051/Y                            -       A->Y    F     INVxp67_ASAP7_75t_R          2  3.2    70    63    1399    (-,-) 
  g198834/Y                            -       B->Y    F     OR2x4_ASAP7_75t_R           19 22.8    74   101    1500    (-,-) 
  g136638/Y                            -       A->Y    R     INVx2_ASAP7_75t_R           16 18.8   141    91    1591    (-,-) 
  drc_buf_sp3546/Y                     -       A->Y    R     BUFx2_ASAP7_75t_R           17 19.9   147   119    1710    (-,-) 
  g134951/Y                            -       A2->Y   F     AOI22xp33_ASAP7_75t_R        1  2.0    95    79    1788    (-,-) 
  u_tim1_ccr_reg[2][4]/D               -       -       F     DFFASRHQNx1_ASAP7_75t_R      1    -     -     0    1788    (-,-) 
#-----------------------------------------------------------------------------------------------------------------------------



Path 7: MET (2152 ps) Setup Check with Pin u_tim1_ccr_reg[2][3]/CLK->D
           View: view_ss
          Group: CLK_TIM1
     Startpoint: (R) u_axi_to_apb_m_apb_paddr_reg[11]/CLK
          Clock: (R) CLK_SYS
       Endpoint: (F) u_tim1_ccr_reg[2][3]/D
          Clock: (R) CLK_TIM1

                     Capture       Launch     
        Clock Edge:+    4000            0     
       Src Latency:+     100          150     
       Net Latency:+       0 (I)        0 (I) 
           Arrival:=    4100          150     
                                              
             Setup:-      10                  
       Uncertainty:-     150                  
     Required Time:=    3940                  
      Launch Clock:-     150                  
         Data Path:-    1638                  
             Slack:=    2152                  

#-----------------------------------------------------------------------------------------------------------------------------
#            Timing Point              Flags    Arc    Edge          Cell            Fanout Load Trans Delay Arrival Instance 
#                                                                                           (fF)  (ps)  (ps)   (ps)  Location 
#-----------------------------------------------------------------------------------------------------------------------------
  u_axi_to_apb_m_apb_paddr_reg[11]/CLK -       -       R     (arrival)                   69    -    40     0     150    (-,-) 
  u_axi_to_apb_m_apb_paddr_reg[11]/QN  -       CLK->QN F     DFFASRHQNx1_ASAP7_75t_R      5  6.7    96   142     292    (-,-) 
  drc_bufs3091/Y                       -       A->Y    R     INVxp33_ASAP7_75t_R          1  1.9   101    76     368    (-,-) 
  drc_bufs3090/Y                       -       A->Y    F     INVxp67_ASAP7_75t_R          3  4.5    85    72     440    (-,-) 
  g202031/Y                            -       B->Y    F     OR3x1_ASAP7_75t_R            2  3.4    47    76     516    (-,-) 
  g201438/Y                            -       A->Y    R     NOR3xp33_ASAP7_75t_R         2  3.0   145    81     597    (-,-) 
  drc_bufs866/Y                        -       A->Y    F     INVxp33_ASAP7_75t_R          1  1.8    86    78     675    (-,-) 
  drc_bufs864/Y                        -       A->Y    R     INVxp33_ASAP7_75t_R          2  3.0   140    95     770    (-,-) 
  g201066/Y                            -       B->Y    F     NAND2xp33_ASAP7_75t_R        2  2.8   106    87     857    (-,-) 
  g200819/Y                            -       B->Y    R     NOR2xp33_ASAP7_75t_R         2  3.0   145    97     954    (-,-) 
  g200722/Y                            -       A->Y    F     INVxp67_ASAP7_75t_R          3  4.2    93    83    1037    (-,-) 
  g200562/Y                            -       B->Y    R     NOR2xp33_ASAP7_75t_R         2  3.1   147    95    1132    (-,-) 
  drc_bufs2110/Y                       -       A->Y    F     INVxp33_ASAP7_75t_R          1  2.0    92    83    1214    (-,-) 
  g199741/Y                            -       C->Y    F     AND4x1_ASAP7_75t_R           2  3.6    42    61    1275    (-,-) 
  g199170/Y                            -       B->Y    R     NOR2xp67_ASAP7_75t_R         3  4.3   108    60    1335    (-,-) 
  g199051/Y                            -       A->Y    F     INVxp67_ASAP7_75t_R          2  3.2    70    63    1399    (-,-) 
  g198834/Y                            -       B->Y    F     OR2x4_ASAP7_75t_R           19 22.8    74   101    1500    (-,-) 
  g136638/Y                            -       A->Y    R     INVx2_ASAP7_75t_R           16 18.8   141    91    1591    (-,-) 
  drc_buf_sp3546/Y                     -       A->Y    R     BUFx2_ASAP7_75t_R           17 19.9   147   119    1710    (-,-) 
  g134953/Y                            -       A2->Y   F     AOI22xp33_ASAP7_75t_R        1  2.0    95    79    1788    (-,-) 
  u_tim1_ccr_reg[2][3]/D               -       -       F     DFFASRHQNx1_ASAP7_75t_R      1    -     -     0    1788    (-,-) 
#-----------------------------------------------------------------------------------------------------------------------------



Path 8: MET (2152 ps) Setup Check with Pin u_tim1_ccr_reg[2][1]/CLK->D
           View: view_ss
          Group: CLK_TIM1
     Startpoint: (R) u_axi_to_apb_m_apb_paddr_reg[11]/CLK
          Clock: (R) CLK_SYS
       Endpoint: (F) u_tim1_ccr_reg[2][1]/D
          Clock: (R) CLK_TIM1

                     Capture       Launch     
        Clock Edge:+    4000            0     
       Src Latency:+     100          150     
       Net Latency:+       0 (I)        0 (I) 
           Arrival:=    4100          150     
                                              
             Setup:-      10                  
       Uncertainty:-     150                  
     Required Time:=    3940                  
      Launch Clock:-     150                  
         Data Path:-    1638                  
             Slack:=    2152                  

#-----------------------------------------------------------------------------------------------------------------------------
#            Timing Point              Flags    Arc    Edge          Cell            Fanout Load Trans Delay Arrival Instance 
#                                                                                           (fF)  (ps)  (ps)   (ps)  Location 
#-----------------------------------------------------------------------------------------------------------------------------
  u_axi_to_apb_m_apb_paddr_reg[11]/CLK -       -       R     (arrival)                   69    -    40     0     150    (-,-) 
  u_axi_to_apb_m_apb_paddr_reg[11]/QN  -       CLK->QN F     DFFASRHQNx1_ASAP7_75t_R      5  6.7    96   142     292    (-,-) 
  drc_bufs3091/Y                       -       A->Y    R     INVxp33_ASAP7_75t_R          1  1.9   101    76     368    (-,-) 
  drc_bufs3090/Y                       -       A->Y    F     INVxp67_ASAP7_75t_R          3  4.5    85    72     440    (-,-) 
  g202031/Y                            -       B->Y    F     OR3x1_ASAP7_75t_R            2  3.4    47    76     516    (-,-) 
  g201438/Y                            -       A->Y    R     NOR3xp33_ASAP7_75t_R         2  3.0   145    81     597    (-,-) 
  drc_bufs866/Y                        -       A->Y    F     INVxp33_ASAP7_75t_R          1  1.8    86    78     675    (-,-) 
  drc_bufs864/Y                        -       A->Y    R     INVxp33_ASAP7_75t_R          2  3.0   140    95     770    (-,-) 
  g201066/Y                            -       B->Y    F     NAND2xp33_ASAP7_75t_R        2  2.8   106    87     857    (-,-) 
  g200819/Y                            -       B->Y    R     NOR2xp33_ASAP7_75t_R         2  3.0   145    97     954    (-,-) 
  g200722/Y                            -       A->Y    F     INVxp67_ASAP7_75t_R          3  4.2    93    83    1037    (-,-) 
  g200562/Y                            -       B->Y    R     NOR2xp33_ASAP7_75t_R         2  3.1   147    95    1132    (-,-) 
  drc_bufs2110/Y                       -       A->Y    F     INVxp33_ASAP7_75t_R          1  2.0    92    83    1214    (-,-) 
  g199741/Y                            -       C->Y    F     AND4x1_ASAP7_75t_R           2  3.6    42    61    1275    (-,-) 
  g199170/Y                            -       B->Y    R     NOR2xp67_ASAP7_75t_R         3  4.3   108    60    1335    (-,-) 
  g199051/Y                            -       A->Y    F     INVxp67_ASAP7_75t_R          2  3.2    70    63    1399    (-,-) 
  g198834/Y                            -       B->Y    F     OR2x4_ASAP7_75t_R           19 22.8    74   101    1500    (-,-) 
  g136638/Y                            -       A->Y    R     INVx2_ASAP7_75t_R           16 18.8   141    91    1591    (-,-) 
  drc_buf_sp3546/Y                     -       A->Y    R     BUFx2_ASAP7_75t_R           17 19.9   147   119    1710    (-,-) 
  g134957/Y                            -       A2->Y   F     AOI22xp33_ASAP7_75t_R        1  2.0    95    79    1788    (-,-) 
  u_tim1_ccr_reg[2][1]/D               -       -       F     DFFASRHQNx1_ASAP7_75t_R      1    -     -     0    1788    (-,-) 
#-----------------------------------------------------------------------------------------------------------------------------



Path 9: MET (2152 ps) Setup Check with Pin u_tim1_ccr_reg[2][17]/CLK->D
           View: view_ss
          Group: CLK_TIM1
     Startpoint: (R) u_axi_to_apb_m_apb_paddr_reg[11]/CLK
          Clock: (R) CLK_SYS
       Endpoint: (F) u_tim1_ccr_reg[2][17]/D
          Clock: (R) CLK_TIM1

                     Capture       Launch     
        Clock Edge:+    4000            0     
       Src Latency:+     100          150     
       Net Latency:+       0 (I)        0 (I) 
           Arrival:=    4100          150     
                                              
             Setup:-      10                  
       Uncertainty:-     150                  
     Required Time:=    3940                  
      Launch Clock:-     150                  
         Data Path:-    1638                  
             Slack:=    2152                  

#-----------------------------------------------------------------------------------------------------------------------------
#            Timing Point              Flags    Arc    Edge          Cell            Fanout Load Trans Delay Arrival Instance 
#                                                                                           (fF)  (ps)  (ps)   (ps)  Location 
#-----------------------------------------------------------------------------------------------------------------------------
  u_axi_to_apb_m_apb_paddr_reg[11]/CLK -       -       R     (arrival)                   69    -    40     0     150    (-,-) 
  u_axi_to_apb_m_apb_paddr_reg[11]/QN  -       CLK->QN F     DFFASRHQNx1_ASAP7_75t_R      5  6.7    96   142     292    (-,-) 
  drc_bufs3091/Y                       -       A->Y    R     INVxp33_ASAP7_75t_R          1  1.9   101    76     368    (-,-) 
  drc_bufs3090/Y                       -       A->Y    F     INVxp67_ASAP7_75t_R          3  4.5    85    72     440    (-,-) 
  g202031/Y                            -       B->Y    F     OR3x1_ASAP7_75t_R            2  3.4    47    76     516    (-,-) 
  g201438/Y                            -       A->Y    R     NOR3xp33_ASAP7_75t_R         2  3.0   145    81     597    (-,-) 
  drc_bufs866/Y                        -       A->Y    F     INVxp33_ASAP7_75t_R          1  1.8    86    78     675    (-,-) 
  drc_bufs864/Y                        -       A->Y    R     INVxp33_ASAP7_75t_R          2  3.0   140    95     770    (-,-) 
  g201066/Y                            -       B->Y    F     NAND2xp33_ASAP7_75t_R        2  2.8   106    87     857    (-,-) 
  g200819/Y                            -       B->Y    R     NOR2xp33_ASAP7_75t_R         2  3.0   145    97     954    (-,-) 
  g200722/Y                            -       A->Y    F     INVxp67_ASAP7_75t_R          3  4.2    93    83    1037    (-,-) 
  g200562/Y                            -       B->Y    R     NOR2xp33_ASAP7_75t_R         2  3.1   147    95    1132    (-,-) 
  drc_bufs2110/Y                       -       A->Y    F     INVxp33_ASAP7_75t_R          1  2.0    92    83    1214    (-,-) 
  g199741/Y                            -       C->Y    F     AND4x1_ASAP7_75t_R           2  3.6    42    61    1275    (-,-) 
  g199170/Y                            -       B->Y    R     NOR2xp67_ASAP7_75t_R         3  4.3   108    60    1335    (-,-) 
  g199051/Y                            -       A->Y    F     INVxp67_ASAP7_75t_R          2  3.2    70    63    1399    (-,-) 
  g198834/Y                            -       B->Y    F     OR2x4_ASAP7_75t_R           19 22.8    74   101    1500    (-,-) 
  g136638/Y                            -       A->Y    R     INVx2_ASAP7_75t_R           16 18.8   141    91    1591    (-,-) 
  drc_buf_sp3546/Y                     -       A->Y    R     BUFx2_ASAP7_75t_R           17 19.9   147   119    1710    (-,-) 
  g135186/Y                            -       A2->Y   F     AOI22xp33_ASAP7_75t_R        1  2.0    95    79    1788    (-,-) 
  u_tim1_ccr_reg[2][17]/D              -       -       F     DFFASRHQNx1_ASAP7_75t_R      1    -     -     0    1788    (-,-) 
#-----------------------------------------------------------------------------------------------------------------------------



Path 10: MET (2152 ps) Setup Check with Pin u_tim1_ccr_reg[2][15]/CLK->D
           View: view_ss
          Group: CLK_TIM1
     Startpoint: (R) u_axi_to_apb_m_apb_paddr_reg[11]/CLK
          Clock: (R) CLK_SYS
       Endpoint: (F) u_tim1_ccr_reg[2][15]/D
          Clock: (R) CLK_TIM1

                     Capture       Launch     
        Clock Edge:+    4000            0     
       Src Latency:+     100          150     
       Net Latency:+       0 (I)        0 (I) 
           Arrival:=    4100          150     
                                              
             Setup:-      10                  
       Uncertainty:-     150                  
     Required Time:=    3940                  
      Launch Clock:-     150                  
         Data Path:-    1638                  
             Slack:=    2152                  

#-----------------------------------------------------------------------------------------------------------------------------
#            Timing Point              Flags    Arc    Edge          Cell            Fanout Load Trans Delay Arrival Instance 
#                                                                                           (fF)  (ps)  (ps)   (ps)  Location 
#-----------------------------------------------------------------------------------------------------------------------------
  u_axi_to_apb_m_apb_paddr_reg[11]/CLK -       -       R     (arrival)                   69    -    40     0     150    (-,-) 
  u_axi_to_apb_m_apb_paddr_reg[11]/QN  -       CLK->QN F     DFFASRHQNx1_ASAP7_75t_R      5  6.7    96   142     292    (-,-) 
  drc_bufs3091/Y                       -       A->Y    R     INVxp33_ASAP7_75t_R          1  1.9   101    76     368    (-,-) 
  drc_bufs3090/Y                       -       A->Y    F     INVxp67_ASAP7_75t_R          3  4.5    85    72     440    (-,-) 
  g202031/Y                            -       B->Y    F     OR3x1_ASAP7_75t_R            2  3.4    47    76     516    (-,-) 
  g201438/Y                            -       A->Y    R     NOR3xp33_ASAP7_75t_R         2  3.0   145    81     597    (-,-) 
  drc_bufs866/Y                        -       A->Y    F     INVxp33_ASAP7_75t_R          1  1.8    86    78     675    (-,-) 
  drc_bufs864/Y                        -       A->Y    R     INVxp33_ASAP7_75t_R          2  3.0   140    95     770    (-,-) 
  g201066/Y                            -       B->Y    F     NAND2xp33_ASAP7_75t_R        2  2.8   106    87     857    (-,-) 
  g200819/Y                            -       B->Y    R     NOR2xp33_ASAP7_75t_R         2  3.0   145    97     954    (-,-) 
  g200722/Y                            -       A->Y    F     INVxp67_ASAP7_75t_R          3  4.2    93    83    1037    (-,-) 
  g200562/Y                            -       B->Y    R     NOR2xp33_ASAP7_75t_R         2  3.1   147    95    1132    (-,-) 
  drc_bufs2110/Y                       -       A->Y    F     INVxp33_ASAP7_75t_R          1  2.0    92    83    1214    (-,-) 
  g199741/Y                            -       C->Y    F     AND4x1_ASAP7_75t_R           2  3.6    42    61    1275    (-,-) 
  g199170/Y                            -       B->Y    R     NOR2xp67_ASAP7_75t_R         3  4.3   108    60    1335    (-,-) 
  g199051/Y                            -       A->Y    F     INVxp67_ASAP7_75t_R          2  3.2    70    63    1399    (-,-) 
  g198834/Y                            -       B->Y    F     OR2x4_ASAP7_75t_R           19 22.8    74   101    1500    (-,-) 
  g136638/Y                            -       A->Y    R     INVx2_ASAP7_75t_R           16 18.8   141    91    1591    (-,-) 
  drc_buf_sp3546/Y                     -       A->Y    R     BUFx2_ASAP7_75t_R           17 19.9   147   119    1710    (-,-) 
  g135184/Y                            -       A2->Y   F     AOI22xp33_ASAP7_75t_R        1  2.0    95    79    1788    (-,-) 
  u_tim1_ccr_reg[2][15]/D              -       -       F     DFFASRHQNx1_ASAP7_75t_R      1    -     -     0    1788    (-,-) 
#-----------------------------------------------------------------------------------------------------------------------------



Path 11: MET (2152 ps) Setup Check with Pin u_tim1_ccr_reg[2][14]/CLK->D
           View: view_ss
          Group: CLK_TIM1
     Startpoint: (R) u_axi_to_apb_m_apb_paddr_reg[11]/CLK
          Clock: (R) CLK_SYS
       Endpoint: (F) u_tim1_ccr_reg[2][14]/D
          Clock: (R) CLK_TIM1

                     Capture       Launch     
        Clock Edge:+    4000            0     
       Src Latency:+     100          150     
       Net Latency:+       0 (I)        0 (I) 
           Arrival:=    4100          150     
                                              
             Setup:-      10                  
       Uncertainty:-     150                  
     Required Time:=    3940                  
      Launch Clock:-     150                  
         Data Path:-    1638                  
             Slack:=    2152                  

#-----------------------------------------------------------------------------------------------------------------------------
#            Timing Point              Flags    Arc    Edge          Cell            Fanout Load Trans Delay Arrival Instance 
#                                                                                           (fF)  (ps)  (ps)   (ps)  Location 
#-----------------------------------------------------------------------------------------------------------------------------
  u_axi_to_apb_m_apb_paddr_reg[11]/CLK -       -       R     (arrival)                   69    -    40     0     150    (-,-) 
  u_axi_to_apb_m_apb_paddr_reg[11]/QN  -       CLK->QN F     DFFASRHQNx1_ASAP7_75t_R      5  6.7    96   142     292    (-,-) 
  drc_bufs3091/Y                       -       A->Y    R     INVxp33_ASAP7_75t_R          1  1.9   101    76     368    (-,-) 
  drc_bufs3090/Y                       -       A->Y    F     INVxp67_ASAP7_75t_R          3  4.5    85    72     440    (-,-) 
  g202031/Y                            -       B->Y    F     OR3x1_ASAP7_75t_R            2  3.4    47    76     516    (-,-) 
  g201438/Y                            -       A->Y    R     NOR3xp33_ASAP7_75t_R         2  3.0   145    81     597    (-,-) 
  drc_bufs866/Y                        -       A->Y    F     INVxp33_ASAP7_75t_R          1  1.8    86    78     675    (-,-) 
  drc_bufs864/Y                        -       A->Y    R     INVxp33_ASAP7_75t_R          2  3.0   140    95     770    (-,-) 
  g201066/Y                            -       B->Y    F     NAND2xp33_ASAP7_75t_R        2  2.8   106    87     857    (-,-) 
  g200819/Y                            -       B->Y    R     NOR2xp33_ASAP7_75t_R         2  3.0   145    97     954    (-,-) 
  g200722/Y                            -       A->Y    F     INVxp67_ASAP7_75t_R          3  4.2    93    83    1037    (-,-) 
  g200562/Y                            -       B->Y    R     NOR2xp33_ASAP7_75t_R         2  3.1   147    95    1132    (-,-) 
  drc_bufs2110/Y                       -       A->Y    F     INVxp33_ASAP7_75t_R          1  2.0    92    83    1214    (-,-) 
  g199741/Y                            -       C->Y    F     AND4x1_ASAP7_75t_R           2  3.6    42    61    1275    (-,-) 
  g199170/Y                            -       B->Y    R     NOR2xp67_ASAP7_75t_R         3  4.3   108    60    1335    (-,-) 
  g199051/Y                            -       A->Y    F     INVxp67_ASAP7_75t_R          2  3.2    70    63    1399    (-,-) 
  g198834/Y                            -       B->Y    F     OR2x4_ASAP7_75t_R           19 22.8    74   101    1500    (-,-) 
  g136638/Y                            -       A->Y    R     INVx2_ASAP7_75t_R           16 18.8   141    91    1591    (-,-) 
  drc_buf_sp3546/Y                     -       A->Y    R     BUFx2_ASAP7_75t_R           17 19.9   147   119    1710    (-,-) 
  g135183/Y                            -       A2->Y   F     AOI22xp33_ASAP7_75t_R        1  2.0    95    79    1788    (-,-) 
  u_tim1_ccr_reg[2][14]/D              -       -       F     DFFASRHQNx1_ASAP7_75t_R      1    -     -     0    1788    (-,-) 
#-----------------------------------------------------------------------------------------------------------------------------



Path 12: MET (2152 ps) Setup Check with Pin u_tim1_ccr_reg[2][11]/CLK->D
           View: view_ss
          Group: CLK_TIM1
     Startpoint: (R) u_axi_to_apb_m_apb_paddr_reg[11]/CLK
          Clock: (R) CLK_SYS
       Endpoint: (F) u_tim1_ccr_reg[2][11]/D
          Clock: (R) CLK_TIM1

                     Capture       Launch     
        Clock Edge:+    4000            0     
       Src Latency:+     100          150     
       Net Latency:+       0 (I)        0 (I) 
           Arrival:=    4100          150     
                                              
             Setup:-      10                  
       Uncertainty:-     150                  
     Required Time:=    3940                  
      Launch Clock:-     150                  
         Data Path:-    1638                  
             Slack:=    2152                  

#-----------------------------------------------------------------------------------------------------------------------------
#            Timing Point              Flags    Arc    Edge          Cell            Fanout Load Trans Delay Arrival Instance 
#                                                                                           (fF)  (ps)  (ps)   (ps)  Location 
#-----------------------------------------------------------------------------------------------------------------------------
  u_axi_to_apb_m_apb_paddr_reg[11]/CLK -       -       R     (arrival)                   69    -    40     0     150    (-,-) 
  u_axi_to_apb_m_apb_paddr_reg[11]/QN  -       CLK->QN F     DFFASRHQNx1_ASAP7_75t_R      5  6.7    96   142     292    (-,-) 
  drc_bufs3091/Y                       -       A->Y    R     INVxp33_ASAP7_75t_R          1  1.9   101    76     368    (-,-) 
  drc_bufs3090/Y                       -       A->Y    F     INVxp67_ASAP7_75t_R          3  4.5    85    72     440    (-,-) 
  g202031/Y                            -       B->Y    F     OR3x1_ASAP7_75t_R            2  3.4    47    76     516    (-,-) 
  g201438/Y                            -       A->Y    R     NOR3xp33_ASAP7_75t_R         2  3.0   145    81     597    (-,-) 
  drc_bufs866/Y                        -       A->Y    F     INVxp33_ASAP7_75t_R          1  1.8    86    78     675    (-,-) 
  drc_bufs864/Y                        -       A->Y    R     INVxp33_ASAP7_75t_R          2  3.0   140    95     770    (-,-) 
  g201066/Y                            -       B->Y    F     NAND2xp33_ASAP7_75t_R        2  2.8   106    87     857    (-,-) 
  g200819/Y                            -       B->Y    R     NOR2xp33_ASAP7_75t_R         2  3.0   145    97     954    (-,-) 
  g200722/Y                            -       A->Y    F     INVxp67_ASAP7_75t_R          3  4.2    93    83    1037    (-,-) 
  g200562/Y                            -       B->Y    R     NOR2xp33_ASAP7_75t_R         2  3.1   147    95    1132    (-,-) 
  drc_bufs2110/Y                       -       A->Y    F     INVxp33_ASAP7_75t_R          1  2.0    92    83    1214    (-,-) 
  g199741/Y                            -       C->Y    F     AND4x1_ASAP7_75t_R           2  3.6    42    61    1275    (-,-) 
  g199170/Y                            -       B->Y    R     NOR2xp67_ASAP7_75t_R         3  4.3   108    60    1335    (-,-) 
  g199051/Y                            -       A->Y    F     INVxp67_ASAP7_75t_R          2  3.2    70    63    1399    (-,-) 
  g198834/Y                            -       B->Y    F     OR2x4_ASAP7_75t_R           19 22.8    74   101    1500    (-,-) 
  g136638/Y                            -       A->Y    R     INVx2_ASAP7_75t_R           16 18.8   141    91    1591    (-,-) 
  drc_buf_sp3546/Y                     -       A->Y    R     BUFx2_ASAP7_75t_R           17 19.9   147   119    1710    (-,-) 
  g135180/Y                            -       A2->Y   F     AOI22xp33_ASAP7_75t_R        1  2.0    95    79    1788    (-,-) 
  u_tim1_ccr_reg[2][11]/D              -       -       F     DFFASRHQNx1_ASAP7_75t_R      1    -     -     0    1788    (-,-) 
#-----------------------------------------------------------------------------------------------------------------------------



Path 13: MET (2152 ps) Setup Check with Pin u_tim1_ccr_reg[2][8]/CLK->D
           View: view_ss
          Group: CLK_TIM1
     Startpoint: (R) u_axi_to_apb_m_apb_paddr_reg[11]/CLK
          Clock: (R) CLK_SYS
       Endpoint: (F) u_tim1_ccr_reg[2][8]/D
          Clock: (R) CLK_TIM1

                     Capture       Launch     
        Clock Edge:+    4000            0     
       Src Latency:+     100          150     
       Net Latency:+       0 (I)        0 (I) 
           Arrival:=    4100          150     
                                              
             Setup:-      10                  
       Uncertainty:-     150                  
     Required Time:=    3940                  
      Launch Clock:-     150                  
         Data Path:-    1638                  
             Slack:=    2152                  

#-----------------------------------------------------------------------------------------------------------------------------
#            Timing Point              Flags    Arc    Edge          Cell            Fanout Load Trans Delay Arrival Instance 
#                                                                                           (fF)  (ps)  (ps)   (ps)  Location 
#-----------------------------------------------------------------------------------------------------------------------------
  u_axi_to_apb_m_apb_paddr_reg[11]/CLK -       -       R     (arrival)                   69    -    40     0     150    (-,-) 
  u_axi_to_apb_m_apb_paddr_reg[11]/QN  -       CLK->QN F     DFFASRHQNx1_ASAP7_75t_R      5  6.7    96   142     292    (-,-) 
  drc_bufs3091/Y                       -       A->Y    R     INVxp33_ASAP7_75t_R          1  1.9   101    76     368    (-,-) 
  drc_bufs3090/Y                       -       A->Y    F     INVxp67_ASAP7_75t_R          3  4.5    85    72     440    (-,-) 
  g202031/Y                            -       B->Y    F     OR3x1_ASAP7_75t_R            2  3.4    47    76     516    (-,-) 
  g201438/Y                            -       A->Y    R     NOR3xp33_ASAP7_75t_R         2  3.0   145    81     597    (-,-) 
  drc_bufs866/Y                        -       A->Y    F     INVxp33_ASAP7_75t_R          1  1.8    86    78     675    (-,-) 
  drc_bufs864/Y                        -       A->Y    R     INVxp33_ASAP7_75t_R          2  3.0   140    95     770    (-,-) 
  g201066/Y                            -       B->Y    F     NAND2xp33_ASAP7_75t_R        2  2.8   106    87     857    (-,-) 
  g200819/Y                            -       B->Y    R     NOR2xp33_ASAP7_75t_R         2  3.0   145    97     954    (-,-) 
  g200722/Y                            -       A->Y    F     INVxp67_ASAP7_75t_R          3  4.2    93    83    1037    (-,-) 
  g200562/Y                            -       B->Y    R     NOR2xp33_ASAP7_75t_R         2  3.1   147    95    1132    (-,-) 
  drc_bufs2110/Y                       -       A->Y    F     INVxp33_ASAP7_75t_R          1  2.0    92    83    1214    (-,-) 
  g199741/Y                            -       C->Y    F     AND4x1_ASAP7_75t_R           2  3.6    42    61    1275    (-,-) 
  g199170/Y                            -       B->Y    R     NOR2xp67_ASAP7_75t_R         3  4.3   108    60    1335    (-,-) 
  g199051/Y                            -       A->Y    F     INVxp67_ASAP7_75t_R          2  3.2    70    63    1399    (-,-) 
  g198834/Y                            -       B->Y    F     OR2x4_ASAP7_75t_R           19 22.8    74   101    1500    (-,-) 
  g136638/Y                            -       A->Y    R     INVx2_ASAP7_75t_R           16 18.8   141    91    1591    (-,-) 
  drc_buf_sp3546/Y                     -       A->Y    R     BUFx2_ASAP7_75t_R           17 19.9   147   119    1710    (-,-) 
  g134947/Y                            -       A2->Y   F     AOI22xp33_ASAP7_75t_R        1  2.0    95    79    1788    (-,-) 
  u_tim1_ccr_reg[2][8]/D               -       -       F     DFFASRHQNx1_ASAP7_75t_R      1    -     -     0    1788    (-,-) 
#-----------------------------------------------------------------------------------------------------------------------------



Path 14: MET (2152 ps) Setup Check with Pin u_tim1_ccr_reg[2][22]/CLK->D
           View: view_ss
          Group: CLK_TIM1
     Startpoint: (R) u_axi_to_apb_m_apb_paddr_reg[11]/CLK
          Clock: (R) CLK_SYS
       Endpoint: (F) u_tim1_ccr_reg[2][22]/D
          Clock: (R) CLK_TIM1

                     Capture       Launch     
        Clock Edge:+    4000            0     
       Src Latency:+     100          150     
       Net Latency:+       0 (I)        0 (I) 
           Arrival:=    4100          150     
                                              
             Setup:-      10                  
       Uncertainty:-     150                  
     Required Time:=    3940                  
      Launch Clock:-     150                  
         Data Path:-    1638                  
             Slack:=    2152                  

#-----------------------------------------------------------------------------------------------------------------------------
#            Timing Point              Flags    Arc    Edge          Cell            Fanout Load Trans Delay Arrival Instance 
#                                                                                           (fF)  (ps)  (ps)   (ps)  Location 
#-----------------------------------------------------------------------------------------------------------------------------
  u_axi_to_apb_m_apb_paddr_reg[11]/CLK -       -       R     (arrival)                   69    -    40     0     150    (-,-) 
  u_axi_to_apb_m_apb_paddr_reg[11]/QN  -       CLK->QN F     DFFASRHQNx1_ASAP7_75t_R      5  6.7    96   142     292    (-,-) 
  drc_bufs3091/Y                       -       A->Y    R     INVxp33_ASAP7_75t_R          1  1.9   101    76     368    (-,-) 
  drc_bufs3090/Y                       -       A->Y    F     INVxp67_ASAP7_75t_R          3  4.5    85    72     440    (-,-) 
  g202031/Y                            -       B->Y    F     OR3x1_ASAP7_75t_R            2  3.4    47    76     516    (-,-) 
  g201438/Y                            -       A->Y    R     NOR3xp33_ASAP7_75t_R         2  3.0   145    81     597    (-,-) 
  drc_bufs866/Y                        -       A->Y    F     INVxp33_ASAP7_75t_R          1  1.8    86    78     675    (-,-) 
  drc_bufs864/Y                        -       A->Y    R     INVxp33_ASAP7_75t_R          2  3.0   140    95     770    (-,-) 
  g201066/Y                            -       B->Y    F     NAND2xp33_ASAP7_75t_R        2  2.8   106    87     857    (-,-) 
  g200819/Y                            -       B->Y    R     NOR2xp33_ASAP7_75t_R         2  3.0   145    97     954    (-,-) 
  g200722/Y                            -       A->Y    F     INVxp67_ASAP7_75t_R          3  4.2    93    83    1037    (-,-) 
  g200562/Y                            -       B->Y    R     NOR2xp33_ASAP7_75t_R         2  3.1   147    95    1132    (-,-) 
  drc_bufs2110/Y                       -       A->Y    F     INVxp33_ASAP7_75t_R          1  2.0    92    83    1214    (-,-) 
  g199741/Y                            -       C->Y    F     AND4x1_ASAP7_75t_R           2  3.6    42    61    1275    (-,-) 
  g199170/Y                            -       B->Y    R     NOR2xp67_ASAP7_75t_R         3  4.3   108    60    1335    (-,-) 
  g199051/Y                            -       A->Y    F     INVxp67_ASAP7_75t_R          2  3.2    70    63    1399    (-,-) 
  g198834/Y                            -       B->Y    F     OR2x4_ASAP7_75t_R           19 22.8    74   101    1500    (-,-) 
  g136638/Y                            -       A->Y    R     INVx2_ASAP7_75t_R           16 18.8   141    91    1591    (-,-) 
  drc_buf_sp3546/Y                     -       A->Y    R     BUFx2_ASAP7_75t_R           17 19.9   147   119    1710    (-,-) 
  g135190/Y                            -       A2->Y   F     AOI22xp33_ASAP7_75t_R        1  2.0    95    79    1788    (-,-) 
  u_tim1_ccr_reg[2][22]/D              -       -       F     DFFASRHQNx1_ASAP7_75t_R      1    -     -     0    1788    (-,-) 
#-----------------------------------------------------------------------------------------------------------------------------



Path 15: MET (2152 ps) Setup Check with Pin u_tim1_ccr_reg[2][20]/CLK->D
           View: view_ss
          Group: CLK_TIM1
     Startpoint: (R) u_axi_to_apb_m_apb_paddr_reg[11]/CLK
          Clock: (R) CLK_SYS
       Endpoint: (F) u_tim1_ccr_reg[2][20]/D
          Clock: (R) CLK_TIM1

                     Capture       Launch     
        Clock Edge:+    4000            0     
       Src Latency:+     100          150     
       Net Latency:+       0 (I)        0 (I) 
           Arrival:=    4100          150     
                                              
             Setup:-      10                  
       Uncertainty:-     150                  
     Required Time:=    3940                  
      Launch Clock:-     150                  
         Data Path:-    1638                  
             Slack:=    2152                  

#-----------------------------------------------------------------------------------------------------------------------------
#            Timing Point              Flags    Arc    Edge          Cell            Fanout Load Trans Delay Arrival Instance 
#                                                                                           (fF)  (ps)  (ps)   (ps)  Location 
#-----------------------------------------------------------------------------------------------------------------------------
  u_axi_to_apb_m_apb_paddr_reg[11]/CLK -       -       R     (arrival)                   69    -    40     0     150    (-,-) 
  u_axi_to_apb_m_apb_paddr_reg[11]/QN  -       CLK->QN F     DFFASRHQNx1_ASAP7_75t_R      5  6.7    96   142     292    (-,-) 
  drc_bufs3091/Y                       -       A->Y    R     INVxp33_ASAP7_75t_R          1  1.9   101    76     368    (-,-) 
  drc_bufs3090/Y                       -       A->Y    F     INVxp67_ASAP7_75t_R          3  4.5    85    72     440    (-,-) 
  g202031/Y                            -       B->Y    F     OR3x1_ASAP7_75t_R            2  3.4    47    76     516    (-,-) 
  g201438/Y                            -       A->Y    R     NOR3xp33_ASAP7_75t_R         2  3.0   145    81     597    (-,-) 
  drc_bufs866/Y                        -       A->Y    F     INVxp33_ASAP7_75t_R          1  1.8    86    78     675    (-,-) 
  drc_bufs864/Y                        -       A->Y    R     INVxp33_ASAP7_75t_R          2  3.0   140    95     770    (-,-) 
  g201066/Y                            -       B->Y    F     NAND2xp33_ASAP7_75t_R        2  2.8   106    87     857    (-,-) 
  g200819/Y                            -       B->Y    R     NOR2xp33_ASAP7_75t_R         2  3.0   145    97     954    (-,-) 
  g200722/Y                            -       A->Y    F     INVxp67_ASAP7_75t_R          3  4.2    93    83    1037    (-,-) 
  g200562/Y                            -       B->Y    R     NOR2xp33_ASAP7_75t_R         2  3.1   147    95    1132    (-,-) 
  drc_bufs2110/Y                       -       A->Y    F     INVxp33_ASAP7_75t_R          1  2.0    92    83    1214    (-,-) 
  g199741/Y                            -       C->Y    F     AND4x1_ASAP7_75t_R           2  3.6    42    61    1275    (-,-) 
  g199170/Y                            -       B->Y    R     NOR2xp67_ASAP7_75t_R         3  4.3   108    60    1335    (-,-) 
  g199051/Y                            -       A->Y    F     INVxp67_ASAP7_75t_R          2  3.2    70    63    1399    (-,-) 
  g198834/Y                            -       B->Y    F     OR2x4_ASAP7_75t_R           19 22.8    74   101    1500    (-,-) 
  g136638/Y                            -       A->Y    R     INVx2_ASAP7_75t_R           16 18.8   141    91    1591    (-,-) 
  drc_buf_sp3546/Y                     -       A->Y    R     BUFx2_ASAP7_75t_R           17 19.9   147   119    1710    (-,-) 
  g135191/Y                            -       A2->Y   F     AOI22xp33_ASAP7_75t_R        1  2.0    95    79    1788    (-,-) 
  u_tim1_ccr_reg[2][20]/D              -       -       F     DFFASRHQNx1_ASAP7_75t_R      1    -     -     0    1788    (-,-) 
#-----------------------------------------------------------------------------------------------------------------------------



Path 16: MET (2152 ps) Setup Check with Pin u_tim1_ccr_reg[2][7]/CLK->D
           View: view_ss
          Group: CLK_TIM1
     Startpoint: (R) u_axi_to_apb_m_apb_paddr_reg[11]/CLK
          Clock: (R) CLK_SYS
       Endpoint: (F) u_tim1_ccr_reg[2][7]/D
          Clock: (R) CLK_TIM1

                     Capture       Launch     
        Clock Edge:+    4000            0     
       Src Latency:+     100          150     
       Net Latency:+       0 (I)        0 (I) 
           Arrival:=    4100          150     
                                              
             Setup:-      10                  
       Uncertainty:-     150                  
     Required Time:=    3940                  
      Launch Clock:-     150                  
         Data Path:-    1638                  
             Slack:=    2152                  

#-----------------------------------------------------------------------------------------------------------------------------
#            Timing Point              Flags    Arc    Edge          Cell            Fanout Load Trans Delay Arrival Instance 
#                                                                                           (fF)  (ps)  (ps)   (ps)  Location 
#-----------------------------------------------------------------------------------------------------------------------------
  u_axi_to_apb_m_apb_paddr_reg[11]/CLK -       -       R     (arrival)                   69    -    40     0     150    (-,-) 
  u_axi_to_apb_m_apb_paddr_reg[11]/QN  -       CLK->QN F     DFFASRHQNx1_ASAP7_75t_R      5  6.7    96   142     292    (-,-) 
  drc_bufs3091/Y                       -       A->Y    R     INVxp33_ASAP7_75t_R          1  1.9   101    76     368    (-,-) 
  drc_bufs3090/Y                       -       A->Y    F     INVxp67_ASAP7_75t_R          3  4.5    85    72     440    (-,-) 
  g202031/Y                            -       B->Y    F     OR3x1_ASAP7_75t_R            2  3.4    47    76     516    (-,-) 
  g201438/Y                            -       A->Y    R     NOR3xp33_ASAP7_75t_R         2  3.0   145    81     597    (-,-) 
  drc_bufs866/Y                        -       A->Y    F     INVxp33_ASAP7_75t_R          1  1.8    86    78     675    (-,-) 
  drc_bufs864/Y                        -       A->Y    R     INVxp33_ASAP7_75t_R          2  3.0   140    95     770    (-,-) 
  g201066/Y                            -       B->Y    F     NAND2xp33_ASAP7_75t_R        2  2.8   106    87     857    (-,-) 
  g200819/Y                            -       B->Y    R     NOR2xp33_ASAP7_75t_R         2  3.0   145    97     954    (-,-) 
  g200722/Y                            -       A->Y    F     INVxp67_ASAP7_75t_R          3  4.2    93    83    1037    (-,-) 
  g200562/Y                            -       B->Y    R     NOR2xp33_ASAP7_75t_R         2  3.1   147    95    1132    (-,-) 
  drc_bufs2110/Y                       -       A->Y    F     INVxp33_ASAP7_75t_R          1  2.0    92    83    1214    (-,-) 
  g199741/Y                            -       C->Y    F     AND4x1_ASAP7_75t_R           2  3.6    42    61    1275    (-,-) 
  g199170/Y                            -       B->Y    R     NOR2xp67_ASAP7_75t_R         3  4.3   108    60    1335    (-,-) 
  g199051/Y                            -       A->Y    F     INVxp67_ASAP7_75t_R          2  3.2    70    63    1399    (-,-) 
  g198834/Y                            -       B->Y    F     OR2x4_ASAP7_75t_R           19 22.8    74   101    1500    (-,-) 
  g136638/Y                            -       A->Y    R     INVx2_ASAP7_75t_R           16 18.8   141    91    1591    (-,-) 
  drc_buf_sp3546/Y                     -       A->Y    R     BUFx2_ASAP7_75t_R           17 19.9   147   119    1710    (-,-) 
  g134948/Y                            -       A2->Y   F     AOI22xp33_ASAP7_75t_R        1  2.0    95    79    1788    (-,-) 
  u_tim1_ccr_reg[2][7]/D               -       -       F     DFFASRHQNx1_ASAP7_75t_R      1    -     -     0    1788    (-,-) 
#-----------------------------------------------------------------------------------------------------------------------------



Path 17: MET (2152 ps) Setup Check with Pin u_tim1_ccr_reg[2][5]/CLK->D
           View: view_ss
          Group: CLK_TIM1
     Startpoint: (R) u_axi_to_apb_m_apb_paddr_reg[11]/CLK
          Clock: (R) CLK_SYS
       Endpoint: (F) u_tim1_ccr_reg[2][5]/D
          Clock: (R) CLK_TIM1

                     Capture       Launch     
        Clock Edge:+    4000            0     
       Src Latency:+     100          150     
       Net Latency:+       0 (I)        0 (I) 
           Arrival:=    4100          150     
                                              
             Setup:-      10                  
       Uncertainty:-     150                  
     Required Time:=    3940                  
      Launch Clock:-     150                  
         Data Path:-    1638                  
             Slack:=    2152                  

#-----------------------------------------------------------------------------------------------------------------------------
#            Timing Point              Flags    Arc    Edge          Cell            Fanout Load Trans Delay Arrival Instance 
#                                                                                           (fF)  (ps)  (ps)   (ps)  Location 
#-----------------------------------------------------------------------------------------------------------------------------
  u_axi_to_apb_m_apb_paddr_reg[11]/CLK -       -       R     (arrival)                   69    -    40     0     150    (-,-) 
  u_axi_to_apb_m_apb_paddr_reg[11]/QN  -       CLK->QN F     DFFASRHQNx1_ASAP7_75t_R      5  6.7    96   142     292    (-,-) 
  drc_bufs3091/Y                       -       A->Y    R     INVxp33_ASAP7_75t_R          1  1.9   101    76     368    (-,-) 
  drc_bufs3090/Y                       -       A->Y    F     INVxp67_ASAP7_75t_R          3  4.5    85    72     440    (-,-) 
  g202031/Y                            -       B->Y    F     OR3x1_ASAP7_75t_R            2  3.4    47    76     516    (-,-) 
  g201438/Y                            -       A->Y    R     NOR3xp33_ASAP7_75t_R         2  3.0   145    81     597    (-,-) 
  drc_bufs866/Y                        -       A->Y    F     INVxp33_ASAP7_75t_R          1  1.8    86    78     675    (-,-) 
  drc_bufs864/Y                        -       A->Y    R     INVxp33_ASAP7_75t_R          2  3.0   140    95     770    (-,-) 
  g201066/Y                            -       B->Y    F     NAND2xp33_ASAP7_75t_R        2  2.8   106    87     857    (-,-) 
  g200819/Y                            -       B->Y    R     NOR2xp33_ASAP7_75t_R         2  3.0   145    97     954    (-,-) 
  g200722/Y                            -       A->Y    F     INVxp67_ASAP7_75t_R          3  4.2    93    83    1037    (-,-) 
  g200562/Y                            -       B->Y    R     NOR2xp33_ASAP7_75t_R         2  3.1   147    95    1132    (-,-) 
  drc_bufs2110/Y                       -       A->Y    F     INVxp33_ASAP7_75t_R          1  2.0    92    83    1214    (-,-) 
  g199741/Y                            -       C->Y    F     AND4x1_ASAP7_75t_R           2  3.6    42    61    1275    (-,-) 
  g199170/Y                            -       B->Y    R     NOR2xp67_ASAP7_75t_R         3  4.3   108    60    1335    (-,-) 
  g199051/Y                            -       A->Y    F     INVxp67_ASAP7_75t_R          2  3.2    70    63    1399    (-,-) 
  g198834/Y                            -       B->Y    F     OR2x4_ASAP7_75t_R           19 22.8    74   101    1500    (-,-) 
  g136638/Y                            -       A->Y    R     INVx2_ASAP7_75t_R           16 18.8   141    91    1591    (-,-) 
  drc_buf_sp3546/Y                     -       A->Y    R     BUFx2_ASAP7_75t_R           17 19.9   147   119    1710    (-,-) 
  g134950/Y                            -       A2->Y   F     AOI22xp33_ASAP7_75t_R        1  2.0    95    79    1788    (-,-) 
  u_tim1_ccr_reg[2][5]/D               -       -       F     DFFASRHQNx1_ASAP7_75t_R      1    -     -     0    1788    (-,-) 
#-----------------------------------------------------------------------------------------------------------------------------



Path 18: MET (2152 ps) Setup Check with Pin u_tim1_ccr_reg[0][18]/CLK->D
           View: view_ss
          Group: CLK_TIM1
     Startpoint: (R) u_axi_to_apb_m_apb_paddr_reg[11]/CLK
          Clock: (R) CLK_SYS
       Endpoint: (F) u_tim1_ccr_reg[0][18]/D
          Clock: (R) CLK_TIM1

                     Capture       Launch     
        Clock Edge:+    4000            0     
       Src Latency:+     100          150     
       Net Latency:+       0 (I)        0 (I) 
           Arrival:=    4100          150     
                                              
             Setup:-      10                  
       Uncertainty:-     150                  
     Required Time:=    3940                  
      Launch Clock:-     150                  
         Data Path:-    1638                  
             Slack:=    2152                  

#-----------------------------------------------------------------------------------------------------------------------------
#            Timing Point              Flags    Arc    Edge          Cell            Fanout Load Trans Delay Arrival Instance 
#                                                                                           (fF)  (ps)  (ps)   (ps)  Location 
#-----------------------------------------------------------------------------------------------------------------------------
  u_axi_to_apb_m_apb_paddr_reg[11]/CLK -       -       R     (arrival)                   69    -    40     0     150    (-,-) 
  u_axi_to_apb_m_apb_paddr_reg[11]/QN  -       CLK->QN F     DFFASRHQNx1_ASAP7_75t_R      5  6.7    96   142     292    (-,-) 
  drc_bufs3091/Y                       -       A->Y    R     INVxp33_ASAP7_75t_R          1  1.9   101    76     368    (-,-) 
  drc_bufs3090/Y                       -       A->Y    F     INVxp67_ASAP7_75t_R          3  4.5    85    72     440    (-,-) 
  g202031/Y                            -       B->Y    F     OR3x1_ASAP7_75t_R            2  3.4    47    76     516    (-,-) 
  g201438/Y                            -       A->Y    R     NOR3xp33_ASAP7_75t_R         2  3.0   145    81     597    (-,-) 
  drc_bufs866/Y                        -       A->Y    F     INVxp33_ASAP7_75t_R          1  1.8    86    78     675    (-,-) 
  drc_bufs864/Y                        -       A->Y    R     INVxp33_ASAP7_75t_R          2  3.0   140    95     770    (-,-) 
  g201066/Y                            -       B->Y    F     NAND2xp33_ASAP7_75t_R        2  2.8   106    87     857    (-,-) 
  g200819/Y                            -       B->Y    R     NOR2xp33_ASAP7_75t_R         2  3.0   145    97     954    (-,-) 
  g200722/Y                            -       A->Y    F     INVxp67_ASAP7_75t_R          3  4.2    93    83    1037    (-,-) 
  g200562/Y                            -       B->Y    R     NOR2xp33_ASAP7_75t_R         2  3.1   147    95    1132    (-,-) 
  drc_bufs2110/Y                       -       A->Y    F     INVxp33_ASAP7_75t_R          1  2.0    92    83    1214    (-,-) 
  g199741/Y                            -       C->Y    F     AND4x1_ASAP7_75t_R           2  3.6    42    61    1275    (-,-) 
  g199170/Y                            -       B->Y    R     NOR2xp67_ASAP7_75t_R         3  4.3   108    60    1335    (-,-) 
  g199051/Y                            -       A->Y    F     INVxp67_ASAP7_75t_R          2  3.2    70    63    1399    (-,-) 
  g198828/Y                            -       B->Y    F     OR2x4_ASAP7_75t_R           19 22.8    74   101    1500    (-,-) 
  g136644/Y                            -       A->Y    R     INVx2_ASAP7_75t_R           16 18.8   141    91    1591    (-,-) 
  drc_buf_sp3496/Y                     -       A->Y    R     BUFx2_ASAP7_75t_R           17 19.9   147   119    1710    (-,-) 
  g135123/Y                            -       A2->Y   F     AOI22xp33_ASAP7_75t_R        1  2.0    95    79    1788    (-,-) 
  u_tim1_ccr_reg[0][18]/D              -       -       F     DFFASRHQNx1_ASAP7_75t_R      1    -     -     0    1788    (-,-) 
#-----------------------------------------------------------------------------------------------------------------------------



Path 19: MET (2152 ps) Setup Check with Pin u_tim1_ccr_reg[0][24]/CLK->D
           View: view_ss
          Group: CLK_TIM1
     Startpoint: (R) u_axi_to_apb_m_apb_paddr_reg[11]/CLK
          Clock: (R) CLK_SYS
       Endpoint: (F) u_tim1_ccr_reg[0][24]/D
          Clock: (R) CLK_TIM1

                     Capture       Launch     
        Clock Edge:+    4000            0     
       Src Latency:+     100          150     
       Net Latency:+       0 (I)        0 (I) 
           Arrival:=    4100          150     
                                              
             Setup:-      10                  
       Uncertainty:-     150                  
     Required Time:=    3940                  
      Launch Clock:-     150                  
         Data Path:-    1638                  
             Slack:=    2152                  

#-----------------------------------------------------------------------------------------------------------------------------
#            Timing Point              Flags    Arc    Edge          Cell            Fanout Load Trans Delay Arrival Instance 
#                                                                                           (fF)  (ps)  (ps)   (ps)  Location 
#-----------------------------------------------------------------------------------------------------------------------------
  u_axi_to_apb_m_apb_paddr_reg[11]/CLK -       -       R     (arrival)                   69    -    40     0     150    (-,-) 
  u_axi_to_apb_m_apb_paddr_reg[11]/QN  -       CLK->QN F     DFFASRHQNx1_ASAP7_75t_R      5  6.7    96   142     292    (-,-) 
  drc_bufs3091/Y                       -       A->Y    R     INVxp33_ASAP7_75t_R          1  1.9   101    76     368    (-,-) 
  drc_bufs3090/Y                       -       A->Y    F     INVxp67_ASAP7_75t_R          3  4.5    85    72     440    (-,-) 
  g202031/Y                            -       B->Y    F     OR3x1_ASAP7_75t_R            2  3.4    47    76     516    (-,-) 
  g201438/Y                            -       A->Y    R     NOR3xp33_ASAP7_75t_R         2  3.0   145    81     597    (-,-) 
  drc_bufs866/Y                        -       A->Y    F     INVxp33_ASAP7_75t_R          1  1.8    86    78     675    (-,-) 
  drc_bufs864/Y                        -       A->Y    R     INVxp33_ASAP7_75t_R          2  3.0   140    95     770    (-,-) 
  g201066/Y                            -       B->Y    F     NAND2xp33_ASAP7_75t_R        2  2.8   106    87     857    (-,-) 
  g200819/Y                            -       B->Y    R     NOR2xp33_ASAP7_75t_R         2  3.0   145    97     954    (-,-) 
  g200722/Y                            -       A->Y    F     INVxp67_ASAP7_75t_R          3  4.2    93    83    1037    (-,-) 
  g200562/Y                            -       B->Y    R     NOR2xp33_ASAP7_75t_R         2  3.1   147    95    1132    (-,-) 
  drc_bufs2110/Y                       -       A->Y    F     INVxp33_ASAP7_75t_R          1  2.0    92    83    1214    (-,-) 
  g199741/Y                            -       C->Y    F     AND4x1_ASAP7_75t_R           2  3.6    42    61    1275    (-,-) 
  g199170/Y                            -       B->Y    R     NOR2xp67_ASAP7_75t_R         3  4.3   108    60    1335    (-,-) 
  g199051/Y                            -       A->Y    F     INVxp67_ASAP7_75t_R          2  3.2    70    63    1399    (-,-) 
  g198828/Y                            -       B->Y    F     OR2x4_ASAP7_75t_R           19 22.8    74   101    1500    (-,-) 
  g136644/Y                            -       A->Y    R     INVx2_ASAP7_75t_R           16 18.8   141    91    1591    (-,-) 
  drc_buf_sp3496/Y                     -       A->Y    R     BUFx2_ASAP7_75t_R           17 19.9   147   119    1710    (-,-) 
  g135129/Y                            -       A2->Y   F     AOI22xp33_ASAP7_75t_R        1  2.0    95    79    1788    (-,-) 
  u_tim1_ccr_reg[0][24]/D              -       -       F     DFFASRHQNx1_ASAP7_75t_R      1    -     -     0    1788    (-,-) 
#-----------------------------------------------------------------------------------------------------------------------------



Path 20: MET (2152 ps) Setup Check with Pin u_tim1_ccr_reg[0][16]/CLK->D
           View: view_ss
          Group: CLK_TIM1
     Startpoint: (R) u_axi_to_apb_m_apb_paddr_reg[11]/CLK
          Clock: (R) CLK_SYS
       Endpoint: (F) u_tim1_ccr_reg[0][16]/D
          Clock: (R) CLK_TIM1

                     Capture       Launch     
        Clock Edge:+    4000            0     
       Src Latency:+     100          150     
       Net Latency:+       0 (I)        0 (I) 
           Arrival:=    4100          150     
                                              
             Setup:-      10                  
       Uncertainty:-     150                  
     Required Time:=    3940                  
      Launch Clock:-     150                  
         Data Path:-    1638                  
             Slack:=    2152                  

#-----------------------------------------------------------------------------------------------------------------------------
#            Timing Point              Flags    Arc    Edge          Cell            Fanout Load Trans Delay Arrival Instance 
#                                                                                           (fF)  (ps)  (ps)   (ps)  Location 
#-----------------------------------------------------------------------------------------------------------------------------
  u_axi_to_apb_m_apb_paddr_reg[11]/CLK -       -       R     (arrival)                   69    -    40     0     150    (-,-) 
  u_axi_to_apb_m_apb_paddr_reg[11]/QN  -       CLK->QN F     DFFASRHQNx1_ASAP7_75t_R      5  6.7    96   142     292    (-,-) 
  drc_bufs3091/Y                       -       A->Y    R     INVxp33_ASAP7_75t_R          1  1.9   101    76     368    (-,-) 
  drc_bufs3090/Y                       -       A->Y    F     INVxp67_ASAP7_75t_R          3  4.5    85    72     440    (-,-) 
  g202031/Y                            -       B->Y    F     OR3x1_ASAP7_75t_R            2  3.4    47    76     516    (-,-) 
  g201438/Y                            -       A->Y    R     NOR3xp33_ASAP7_75t_R         2  3.0   145    81     597    (-,-) 
  drc_bufs866/Y                        -       A->Y    F     INVxp33_ASAP7_75t_R          1  1.8    86    78     675    (-,-) 
  drc_bufs864/Y                        -       A->Y    R     INVxp33_ASAP7_75t_R          2  3.0   140    95     770    (-,-) 
  g201066/Y                            -       B->Y    F     NAND2xp33_ASAP7_75t_R        2  2.8   106    87     857    (-,-) 
  g200819/Y                            -       B->Y    R     NOR2xp33_ASAP7_75t_R         2  3.0   145    97     954    (-,-) 
  g200722/Y                            -       A->Y    F     INVxp67_ASAP7_75t_R          3  4.2    93    83    1037    (-,-) 
  g200562/Y                            -       B->Y    R     NOR2xp33_ASAP7_75t_R         2  3.1   147    95    1132    (-,-) 
  drc_bufs2110/Y                       -       A->Y    F     INVxp33_ASAP7_75t_R          1  2.0    92    83    1214    (-,-) 
  g199741/Y                            -       C->Y    F     AND4x1_ASAP7_75t_R           2  3.6    42    61    1275    (-,-) 
  g199170/Y                            -       B->Y    R     NOR2xp67_ASAP7_75t_R         3  4.3   108    60    1335    (-,-) 
  g199051/Y                            -       A->Y    F     INVxp67_ASAP7_75t_R          2  3.2    70    63    1399    (-,-) 
  g198828/Y                            -       B->Y    F     OR2x4_ASAP7_75t_R           19 22.8    74   101    1500    (-,-) 
  g136644/Y                            -       A->Y    R     INVx2_ASAP7_75t_R           16 18.8   141    91    1591    (-,-) 
  drc_buf_sp3496/Y                     -       A->Y    R     BUFx2_ASAP7_75t_R           17 19.9   147   119    1710    (-,-) 
  g135121/Y                            -       A2->Y   F     AOI22xp33_ASAP7_75t_R        1  2.0    95    79    1788    (-,-) 
  u_tim1_ccr_reg[0][16]/D              -       -       F     DFFASRHQNx1_ASAP7_75t_R      1    -     -     0    1788    (-,-) 
#-----------------------------------------------------------------------------------------------------------------------------


