============================================================
  Generated by:           Genus(TM) Synthesis Solution 23.14-s090_1
  Generated on:           Sep 25 2026  02:08:32 am
  Module:                 top_soc
  Operating conditions:   PVT_0P63V_100C 
  Operating conditions:   PVT_0P7V_25C 
  Interconnect mode:      global
  Area mode:              physical library
============================================================


Path 1: MET (442 ps) Late External Delay Assertion at pin sdram_dqm[0]
           View: view_ss
          Group: C2O
     Startpoint: (R) u_axi_sdram_dqm_reg_reg[0]/CLK
          Clock: (R) CLK_SYS
       Endpoint: (F) sdram_dqm[0]
          Clock: (R) CLK_SDRAM_OUT

                     Capture       Launch     
        Clock Edge:+    2000            0     
       Src Latency:+     100          150     
       Net Latency:+       0 (I)        0 (I) 
           Arrival:=    2100          150     
                                              
      Output Delay:-    1200                  
       Uncertainty:-     150                  
     Required Time:=     750                  
      Launch Clock:-     150                  
         Data Path:-     158                  
             Slack:=     442                  

Exceptions/Constraints:
  output_delay             1200            constraint.sdc_line_266_252_1   

#-----------------------------------------------------------------------------------------------------------------------
#         Timing Point           Flags    Arc    Edge          Cell            Fanout Load Trans Delay Arrival Instance 
#                                                                                     (fF)  (ps)  (ps)   (ps)  Location 
#-----------------------------------------------------------------------------------------------------------------------
  u_axi_sdram_dqm_reg_reg[0]/CLK -       -       R     (arrival)                 1996    -    40     0     150    (-,-) 
  u_axi_sdram_dqm_reg_reg[0]/QN  -       CLK->QN F     DFFASRHQNx1_ASAP7_75t_R      1  0.9    38    95     245    (-,-) 
  drc_bufs210520/Y               -       A->Y    F     BUFx2_ASAP7_75t_R            1 10.4    58    63     308    (-,-) 
  sdram_dqm[0]                   -       -       F     (port)                       -    -     -     0     308    (-,-) 
#-----------------------------------------------------------------------------------------------------------------------



Path 2: MET (442 ps) Late External Delay Assertion at pin sdram_dqm[1]
           View: view_ss
          Group: C2O
     Startpoint: (R) u_axi_sdram_dqm_reg_reg[1]/CLK
          Clock: (R) CLK_SYS
       Endpoint: (F) sdram_dqm[1]
          Clock: (R) CLK_SDRAM_OUT

                     Capture       Launch     
        Clock Edge:+    2000            0     
       Src Latency:+     100          150     
       Net Latency:+       0 (I)        0 (I) 
           Arrival:=    2100          150     
                                              
      Output Delay:-    1200                  
       Uncertainty:-     150                  
     Required Time:=     750                  
      Launch Clock:-     150                  
         Data Path:-     158                  
             Slack:=     442                  

Exceptions/Constraints:
  output_delay             1200            constraint.sdc_line_266_251_1   

#-----------------------------------------------------------------------------------------------------------------------
#         Timing Point           Flags    Arc    Edge          Cell            Fanout Load Trans Delay Arrival Instance 
#                                                                                     (fF)  (ps)  (ps)   (ps)  Location 
#-----------------------------------------------------------------------------------------------------------------------
  u_axi_sdram_dqm_reg_reg[1]/CLK -       -       R     (arrival)                 1996    -    40     0     150    (-,-) 
  u_axi_sdram_dqm_reg_reg[1]/QN  -       CLK->QN F     DFFASRHQNx1_ASAP7_75t_R      1  0.9    38    95     245    (-,-) 
  drc_bufs210523/Y               -       A->Y    F     BUFx2_ASAP7_75t_R            1 10.4    58    63     308    (-,-) 
  sdram_dqm[1]                   -       -       F     (port)                       -    -     -     0     308    (-,-) 
#-----------------------------------------------------------------------------------------------------------------------



Path 3: MET (442 ps) Late External Delay Assertion at pin sdram_dq_oe
           View: view_ss
          Group: C2O
     Startpoint: (R) u_axi_sdram_dq_oe_reg_reg/CLK
          Clock: (R) CLK_SYS
       Endpoint: (F) sdram_dq_oe
          Clock: (R) CLK_SDRAM_OUT

                     Capture       Launch     
        Clock Edge:+    2000            0     
       Src Latency:+     100          150     
       Net Latency:+       0 (I)        0 (I) 
           Arrival:=    2100          150     
                                              
      Output Delay:-    1200                  
       Uncertainty:-     150                  
     Required Time:=     750                  
      Launch Clock:-     150                  
         Data Path:-     158                  
             Slack:=     442                  

Exceptions/Constraints:
  output_delay             1200            constraint.sdc_line_266_250_1   

#----------------------------------------------------------------------------------------------------------------------
#         Timing Point          Flags    Arc    Edge          Cell            Fanout Load Trans Delay Arrival Instance 
#                                                                                    (fF)  (ps)  (ps)   (ps)  Location 
#----------------------------------------------------------------------------------------------------------------------
  u_axi_sdram_dq_oe_reg_reg/CLK -       -       R     (arrival)                 1996    -    40     0     150    (-,-) 
  u_axi_sdram_dq_oe_reg_reg/QN  -       CLK->QN F     DFFASRHQNx1_ASAP7_75t_R      1  0.9    38    95     245    (-,-) 
  drc_bufs210529/Y              -       A->Y    F     BUFx2_ASAP7_75t_R            1 10.4    58    63     308    (-,-) 
  sdram_dq_oe                   -       -       F     (port)                       -    -     -     0     308    (-,-) 
#----------------------------------------------------------------------------------------------------------------------



Path 4: MET (442 ps) Late External Delay Assertion at pin sdram_we_n
           View: view_ss
          Group: C2O
     Startpoint: (R) u_axi_sdram_cmd_reg_reg[0]/CLK
          Clock: (R) CLK_SYS
       Endpoint: (F) sdram_we_n
          Clock: (R) CLK_SDRAM_OUT

                     Capture       Launch     
        Clock Edge:+    2000            0     
       Src Latency:+     100          150     
       Net Latency:+       0 (I)        0 (I) 
           Arrival:=    2100          150     
                                              
      Output Delay:-    1200                  
       Uncertainty:-     150                  
     Required Time:=     750                  
      Launch Clock:-     150                  
         Data Path:-     158                  
             Slack:=     442                  

Exceptions/Constraints:
  output_delay             1200            constraint.sdc_line_266_218_1   

#-----------------------------------------------------------------------------------------------------------------------
#         Timing Point           Flags    Arc    Edge          Cell            Fanout Load Trans Delay Arrival Instance 
#                                                                                     (fF)  (ps)  (ps)   (ps)  Location 
#-----------------------------------------------------------------------------------------------------------------------
  u_axi_sdram_cmd_reg_reg[0]/CLK -       -       R     (arrival)                 1996    -    40     0     150    (-,-) 
  u_axi_sdram_cmd_reg_reg[0]/QN  -       CLK->QN F     DFFASRHQNx1_ASAP7_75t_R      1  0.9    38    95     245    (-,-) 
  drc_bufs210514/Y               -       A->Y    F     BUFx2_ASAP7_75t_R            1 10.4    58    63     308    (-,-) 
  sdram_we_n                     -       -       F     (port)                       -    -     -     0     308    (-,-) 
#-----------------------------------------------------------------------------------------------------------------------



Path 5: MET (442 ps) Late External Delay Assertion at pin sdram_cas_n
           View: view_ss
          Group: C2O
     Startpoint: (R) u_axi_sdram_cmd_reg_reg[1]/CLK
          Clock: (R) CLK_SYS
       Endpoint: (F) sdram_cas_n
          Clock: (R) CLK_SDRAM_OUT

                     Capture       Launch     
        Clock Edge:+    2000            0     
       Src Latency:+     100          150     
       Net Latency:+       0 (I)        0 (I) 
           Arrival:=    2100          150     
                                              
      Output Delay:-    1200                  
       Uncertainty:-     150                  
     Required Time:=     750                  
      Launch Clock:-     150                  
         Data Path:-     158                  
             Slack:=     442                  

Exceptions/Constraints:
  output_delay             1200            constraint.sdc_line_266_217_1   

#-----------------------------------------------------------------------------------------------------------------------
#         Timing Point           Flags    Arc    Edge          Cell            Fanout Load Trans Delay Arrival Instance 
#                                                                                     (fF)  (ps)  (ps)   (ps)  Location 
#-----------------------------------------------------------------------------------------------------------------------
  u_axi_sdram_cmd_reg_reg[1]/CLK -       -       R     (arrival)                 1996    -    40     0     150    (-,-) 
  u_axi_sdram_cmd_reg_reg[1]/QN  -       CLK->QN F     DFFASRHQNx1_ASAP7_75t_R      1  0.9    38    95     245    (-,-) 
  drc_bufs210517/Y               -       A->Y    F     BUFx2_ASAP7_75t_R            1 10.4    58    63     308    (-,-) 
  sdram_cas_n                    -       -       F     (port)                       -    -     -     0     308    (-,-) 
#-----------------------------------------------------------------------------------------------------------------------



Path 6: MET (442 ps) Late External Delay Assertion at pin sdram_ras_n
           View: view_ss
          Group: C2O
     Startpoint: (R) u_axi_sdram_cmd_reg_reg[2]/CLK
          Clock: (R) CLK_SYS
       Endpoint: (F) sdram_ras_n
          Clock: (R) CLK_SDRAM_OUT

                     Capture       Launch     
        Clock Edge:+    2000            0     
       Src Latency:+     100          150     
       Net Latency:+       0 (I)        0 (I) 
           Arrival:=    2100          150     
                                              
      Output Delay:-    1200                  
       Uncertainty:-     150                  
     Required Time:=     750                  
      Launch Clock:-     150                  
         Data Path:-     158                  
             Slack:=     442                  

Exceptions/Constraints:
  output_delay             1200            constraint.sdc_line_266_216_1   

#-----------------------------------------------------------------------------------------------------------------------
#         Timing Point           Flags    Arc    Edge          Cell            Fanout Load Trans Delay Arrival Instance 
#                                                                                     (fF)  (ps)  (ps)   (ps)  Location 
#-----------------------------------------------------------------------------------------------------------------------
  u_axi_sdram_cmd_reg_reg[2]/CLK -       -       R     (arrival)                 1996    -    40     0     150    (-,-) 
  u_axi_sdram_cmd_reg_reg[2]/QN  -       CLK->QN F     DFFASRHQNx1_ASAP7_75t_R      1  0.9    38    95     245    (-,-) 
  drc_bufs210526/Y               -       A->Y    F     BUFx2_ASAP7_75t_R            1 10.4    58    63     308    (-,-) 
  sdram_ras_n                    -       -       F     (port)                       -    -     -     0     308    (-,-) 
#-----------------------------------------------------------------------------------------------------------------------



Path 7: MET (450 ps) Late External Delay Assertion at pin sdram_addr[10]
           View: view_ss
          Group: C2O
     Startpoint: (R) u_axi_sdram_addr_reg_reg[10]/CLK
          Clock: (R) CLK_SYS
       Endpoint: (R) sdram_addr[10]
          Clock: (R) CLK_SDRAM_OUT

                     Capture       Launch     
        Clock Edge:+    2000            0     
       Src Latency:+     100          150     
       Net Latency:+       0 (I)        0 (I) 
           Arrival:=    2100          150     
                                              
      Output Delay:-    1200                  
       Uncertainty:-     150                  
     Required Time:=     750                  
      Launch Clock:-     150                  
         Data Path:-     150                  
             Slack:=     450                  

Exceptions/Constraints:
  output_delay             1200            constraint.sdc_line_266_223_1   

#--------------------------------------------------------------------------------------------------------------------
#          Timing Point            Flags    Arc    Edge        Cell         Fanout Load Trans Delay Arrival Instance 
#                                                                                  (fF)  (ps)  (ps)   (ps)  Location 
#--------------------------------------------------------------------------------------------------------------------
  u_axi_sdram_addr_reg_reg[10]/CLK -       -       R     (arrival)               8    -    40     0     150    (-,-) 
  u_axi_sdram_addr_reg_reg[10]/QN  -       CLK->QN R     SDFHx1_ASAP7_75t_R      1  0.9    31    85     235    (-,-) 
  g127/Y                           -       A->Y    R     BUFx2_ASAP7_75t_R       2 10.9    82    65     300    (-,-) 
  sdram_addr[10]                   -       -       R     (port)                  -    -     -     0     300    (-,-) 
#--------------------------------------------------------------------------------------------------------------------



Path 8: MET (450 ps) Late External Delay Assertion at pin sdram_ba[0]
           View: view_ss
          Group: C2O
     Startpoint: (R) u_axi_sdram_ba_reg_reg[0]/CLK
          Clock: (R) CLK_SYS
       Endpoint: (R) sdram_ba[0]
          Clock: (R) CLK_SDRAM_OUT

                     Capture       Launch     
        Clock Edge:+    2000            0     
       Src Latency:+     100          150     
       Net Latency:+       0 (I)        0 (I) 
           Arrival:=    2100          150     
                                              
      Output Delay:-    1200                  
       Uncertainty:-     150                  
     Required Time:=     750                  
      Launch Clock:-     150                  
         Data Path:-     150                  
             Slack:=     450                  

Exceptions/Constraints:
  output_delay             1200            constraint.sdc_line_266_220_1   

#-----------------------------------------------------------------------------------------------------------------
#         Timing Point          Flags    Arc    Edge        Cell         Fanout Load Trans Delay Arrival Instance 
#                                                                               (fF)  (ps)  (ps)   (ps)  Location 
#-----------------------------------------------------------------------------------------------------------------
  u_axi_sdram_ba_reg_reg[0]/CLK -       -       R     (arrival)               8    -    40     0     150    (-,-) 
  u_axi_sdram_ba_reg_reg[0]/QN  -       CLK->QN R     SDFHx1_ASAP7_75t_R      1  0.9    31    85     235    (-,-) 
  g131/Y                        -       A->Y    R     BUFx2_ASAP7_75t_R       2 10.9    82    65     300    (-,-) 
  sdram_ba[0]                   -       -       R     (port)                  -    -     -     0     300    (-,-) 
#-----------------------------------------------------------------------------------------------------------------



Path 9: MET (450 ps) Late External Delay Assertion at pin sdram_ba[1]
           View: view_ss
          Group: C2O
     Startpoint: (R) u_axi_sdram_ba_reg_reg[1]/CLK
          Clock: (R) CLK_SYS
       Endpoint: (R) sdram_ba[1]
          Clock: (R) CLK_SDRAM_OUT

                     Capture       Launch     
        Clock Edge:+    2000            0     
       Src Latency:+     100          150     
       Net Latency:+       0 (I)        0 (I) 
           Arrival:=    2100          150     
                                              
      Output Delay:-    1200                  
       Uncertainty:-     150                  
     Required Time:=     750                  
      Launch Clock:-     150                  
         Data Path:-     150                  
             Slack:=     450                  

Exceptions/Constraints:
  output_delay             1200            constraint.sdc_line_266_219_1   

#-----------------------------------------------------------------------------------------------------------------
#         Timing Point          Flags    Arc    Edge        Cell         Fanout Load Trans Delay Arrival Instance 
#                                                                               (fF)  (ps)  (ps)   (ps)  Location 
#-----------------------------------------------------------------------------------------------------------------
  u_axi_sdram_ba_reg_reg[1]/CLK -       -       R     (arrival)               8    -    40     0     150    (-,-) 
  u_axi_sdram_ba_reg_reg[1]/QN  -       CLK->QN R     SDFHx1_ASAP7_75t_R      1  0.9    31    85     235    (-,-) 
  g129/Y                        -       A->Y    R     BUFx2_ASAP7_75t_R       2 10.9    82    65     300    (-,-) 
  sdram_ba[1]                   -       -       R     (port)                  -    -     -     0     300    (-,-) 
#-----------------------------------------------------------------------------------------------------------------



Path 10: MET (459 ps) Late External Delay Assertion at pin sdram_dq_o[0]
           View: view_ss
          Group: C2O
     Startpoint: (R) u_axi_sdram_dq_out_reg_reg[0]/CLK
          Clock: (R) CLK_SYS
       Endpoint: (F) sdram_dq_o[0]
          Clock: (R) CLK_SDRAM_OUT

                     Capture       Launch     
        Clock Edge:+    2000            0     
       Src Latency:+     100          150     
       Net Latency:+       0 (I)        0 (I) 
           Arrival:=    2100          150     
                                              
      Output Delay:-    1200                  
       Uncertainty:-     150                  
     Required Time:=     750                  
      Launch Clock:-     150                  
         Data Path:-     141                  
             Slack:=     459                  

Exceptions/Constraints:
  output_delay             1200            constraint.sdc_line_266_249_1   

#-----------------------------------------------------------------------------------------------------------------------
#           Timing Point            Flags    Arc    Edge         Cell          Fanout Load Trans Delay Arrival Instance 
#                                                                                     (fF)  (ps)  (ps)   (ps)  Location 
#-----------------------------------------------------------------------------------------------------------------------
  u_axi_sdram_dq_out_reg_reg[0]/CLK -       -       R     (arrival)                16    -    40     0     150    (-,-) 
  u_axi_sdram_dq_out_reg_reg[0]/QN  -       CLK->QN F     DFFHQNx2_ASAP7_75t_R      1 10.4    87   141     291    (-,-) 
  sdram_dq_o[0]                     -       -       F     (port)                    -    -     -     0     291    (-,-) 
#-----------------------------------------------------------------------------------------------------------------------



Path 11: MET (459 ps) Late External Delay Assertion at pin sdram_dq_o[1]
           View: view_ss
          Group: C2O
     Startpoint: (R) u_axi_sdram_dq_out_reg_reg[1]/CLK
          Clock: (R) CLK_SYS
       Endpoint: (F) sdram_dq_o[1]
          Clock: (R) CLK_SDRAM_OUT

                     Capture       Launch     
        Clock Edge:+    2000            0     
       Src Latency:+     100          150     
       Net Latency:+       0 (I)        0 (I) 
           Arrival:=    2100          150     
                                              
      Output Delay:-    1200                  
       Uncertainty:-     150                  
     Required Time:=     750                  
      Launch Clock:-     150                  
         Data Path:-     141                  
             Slack:=     459                  

Exceptions/Constraints:
  output_delay             1200            constraint.sdc_line_266_248_1   

#-----------------------------------------------------------------------------------------------------------------------
#           Timing Point            Flags    Arc    Edge         Cell          Fanout Load Trans Delay Arrival Instance 
#                                                                                     (fF)  (ps)  (ps)   (ps)  Location 
#-----------------------------------------------------------------------------------------------------------------------
  u_axi_sdram_dq_out_reg_reg[1]/CLK -       -       R     (arrival)                16    -    40     0     150    (-,-) 
  u_axi_sdram_dq_out_reg_reg[1]/QN  -       CLK->QN F     DFFHQNx2_ASAP7_75t_R      1 10.4    87   141     291    (-,-) 
  sdram_dq_o[1]                     -       -       F     (port)                    -    -     -     0     291    (-,-) 
#-----------------------------------------------------------------------------------------------------------------------



Path 12: MET (459 ps) Late External Delay Assertion at pin sdram_dq_o[8]
           View: view_ss
          Group: C2O
     Startpoint: (R) u_axi_sdram_dq_out_reg_reg[8]/CLK
          Clock: (R) CLK_SYS
       Endpoint: (F) sdram_dq_o[8]
          Clock: (R) CLK_SDRAM_OUT

                     Capture       Launch     
        Clock Edge:+    2000            0     
       Src Latency:+     100          150     
       Net Latency:+       0 (I)        0 (I) 
           Arrival:=    2100          150     
                                              
      Output Delay:-    1200                  
       Uncertainty:-     150                  
     Required Time:=     750                  
      Launch Clock:-     150                  
         Data Path:-     141                  
             Slack:=     459                  

Exceptions/Constraints:
  output_delay             1200            constraint.sdc_line_266_241_1   

#-----------------------------------------------------------------------------------------------------------------------
#           Timing Point            Flags    Arc    Edge         Cell          Fanout Load Trans Delay Arrival Instance 
#                                                                                     (fF)  (ps)  (ps)   (ps)  Location 
#-----------------------------------------------------------------------------------------------------------------------
  u_axi_sdram_dq_out_reg_reg[8]/CLK -       -       R     (arrival)                16    -    40     0     150    (-,-) 
  u_axi_sdram_dq_out_reg_reg[8]/QN  -       CLK->QN F     DFFHQNx2_ASAP7_75t_R      1 10.4    87   141     291    (-,-) 
  sdram_dq_o[8]                     -       -       F     (port)                    -    -     -     0     291    (-,-) 
#-----------------------------------------------------------------------------------------------------------------------



Path 13: MET (459 ps) Late External Delay Assertion at pin sdram_dq_o[9]
           View: view_ss
          Group: C2O
     Startpoint: (R) u_axi_sdram_dq_out_reg_reg[9]/CLK
          Clock: (R) CLK_SYS
       Endpoint: (F) sdram_dq_o[9]
          Clock: (R) CLK_SDRAM_OUT

                     Capture       Launch     
        Clock Edge:+    2000            0     
       Src Latency:+     100          150     
       Net Latency:+       0 (I)        0 (I) 
           Arrival:=    2100          150     
                                              
      Output Delay:-    1200                  
       Uncertainty:-     150                  
     Required Time:=     750                  
      Launch Clock:-     150                  
         Data Path:-     141                  
             Slack:=     459                  

Exceptions/Constraints:
  output_delay             1200            constraint.sdc_line_266_240_1   

#-----------------------------------------------------------------------------------------------------------------------
#           Timing Point            Flags    Arc    Edge         Cell          Fanout Load Trans Delay Arrival Instance 
#                                                                                     (fF)  (ps)  (ps)   (ps)  Location 
#-----------------------------------------------------------------------------------------------------------------------
  u_axi_sdram_dq_out_reg_reg[9]/CLK -       -       R     (arrival)                16    -    40     0     150    (-,-) 
  u_axi_sdram_dq_out_reg_reg[9]/QN  -       CLK->QN F     DFFHQNx2_ASAP7_75t_R      1 10.4    87   141     291    (-,-) 
  sdram_dq_o[9]                     -       -       F     (port)                    -    -     -     0     291    (-,-) 
#-----------------------------------------------------------------------------------------------------------------------



Path 14: MET (459 ps) Late External Delay Assertion at pin sdram_dq_o[10]
           View: view_ss
          Group: C2O
     Startpoint: (R) u_axi_sdram_dq_out_reg_reg[10]/CLK
          Clock: (R) CLK_SYS
       Endpoint: (F) sdram_dq_o[10]
          Clock: (R) CLK_SDRAM_OUT

                     Capture       Launch     
        Clock Edge:+    2000            0     
       Src Latency:+     100          150     
       Net Latency:+       0 (I)        0 (I) 
           Arrival:=    2100          150     
                                              
      Output Delay:-    1200                  
       Uncertainty:-     150                  
     Required Time:=     750                  
      Launch Clock:-     150                  
         Data Path:-     141                  
             Slack:=     459                  

Exceptions/Constraints:
  output_delay             1200            constraint.sdc_line_266_239_1   

#------------------------------------------------------------------------------------------------------------------------
#           Timing Point             Flags    Arc    Edge         Cell          Fanout Load Trans Delay Arrival Instance 
#                                                                                      (fF)  (ps)  (ps)   (ps)  Location 
#------------------------------------------------------------------------------------------------------------------------
  u_axi_sdram_dq_out_reg_reg[10]/CLK -       -       R     (arrival)                16    -    40     0     150    (-,-) 
  u_axi_sdram_dq_out_reg_reg[10]/QN  -       CLK->QN F     DFFHQNx2_ASAP7_75t_R      1 10.4    87   141     291    (-,-) 
  sdram_dq_o[10]                     -       -       F     (port)                    -    -     -     0     291    (-,-) 
#------------------------------------------------------------------------------------------------------------------------



Path 15: MET (459 ps) Late External Delay Assertion at pin sdram_dq_o[11]
           View: view_ss
          Group: C2O
     Startpoint: (R) u_axi_sdram_dq_out_reg_reg[11]/CLK
          Clock: (R) CLK_SYS
       Endpoint: (F) sdram_dq_o[11]
          Clock: (R) CLK_SDRAM_OUT

                     Capture       Launch     
        Clock Edge:+    2000            0     
       Src Latency:+     100          150     
       Net Latency:+       0 (I)        0 (I) 
           Arrival:=    2100          150     
                                              
      Output Delay:-    1200                  
       Uncertainty:-     150                  
     Required Time:=     750                  
      Launch Clock:-     150                  
         Data Path:-     141                  
             Slack:=     459                  

Exceptions/Constraints:
  output_delay             1200            constraint.sdc_line_266_238_1   

#------------------------------------------------------------------------------------------------------------------------
#           Timing Point             Flags    Arc    Edge         Cell          Fanout Load Trans Delay Arrival Instance 
#                                                                                      (fF)  (ps)  (ps)   (ps)  Location 
#------------------------------------------------------------------------------------------------------------------------
  u_axi_sdram_dq_out_reg_reg[11]/CLK -       -       R     (arrival)                16    -    40     0     150    (-,-) 
  u_axi_sdram_dq_out_reg_reg[11]/QN  -       CLK->QN F     DFFHQNx2_ASAP7_75t_R      1 10.4    87   141     291    (-,-) 
  sdram_dq_o[11]                     -       -       F     (port)                    -    -     -     0     291    (-,-) 
#------------------------------------------------------------------------------------------------------------------------



Path 16: MET (459 ps) Late External Delay Assertion at pin sdram_dq_o[12]
           View: view_ss
          Group: C2O
     Startpoint: (R) u_axi_sdram_dq_out_reg_reg[12]/CLK
          Clock: (R) CLK_SYS
       Endpoint: (F) sdram_dq_o[12]
          Clock: (R) CLK_SDRAM_OUT

                     Capture       Launch     
        Clock Edge:+    2000            0     
       Src Latency:+     100          150     
       Net Latency:+       0 (I)        0 (I) 
           Arrival:=    2100          150     
                                              
      Output Delay:-    1200                  
       Uncertainty:-     150                  
     Required Time:=     750                  
      Launch Clock:-     150                  
         Data Path:-     141                  
             Slack:=     459                  

Exceptions/Constraints:
  output_delay             1200            constraint.sdc_line_266_237_1   

#------------------------------------------------------------------------------------------------------------------------
#           Timing Point             Flags    Arc    Edge         Cell          Fanout Load Trans Delay Arrival Instance 
#                                                                                      (fF)  (ps)  (ps)   (ps)  Location 
#------------------------------------------------------------------------------------------------------------------------
  u_axi_sdram_dq_out_reg_reg[12]/CLK -       -       R     (arrival)                16    -    40     0     150    (-,-) 
  u_axi_sdram_dq_out_reg_reg[12]/QN  -       CLK->QN F     DFFHQNx2_ASAP7_75t_R      1 10.4    87   141     291    (-,-) 
  sdram_dq_o[12]                     -       -       F     (port)                    -    -     -     0     291    (-,-) 
#------------------------------------------------------------------------------------------------------------------------



Path 17: MET (459 ps) Late External Delay Assertion at pin sdram_dq_o[13]
           View: view_ss
          Group: C2O
     Startpoint: (R) u_axi_sdram_dq_out_reg_reg[13]/CLK
          Clock: (R) CLK_SYS
       Endpoint: (F) sdram_dq_o[13]
          Clock: (R) CLK_SDRAM_OUT

                     Capture       Launch     
        Clock Edge:+    2000            0     
       Src Latency:+     100          150     
       Net Latency:+       0 (I)        0 (I) 
           Arrival:=    2100          150     
                                              
      Output Delay:-    1200                  
       Uncertainty:-     150                  
     Required Time:=     750                  
      Launch Clock:-     150                  
         Data Path:-     141                  
             Slack:=     459                  

Exceptions/Constraints:
  output_delay             1200            constraint.sdc_line_266_236_1   

#------------------------------------------------------------------------------------------------------------------------
#           Timing Point             Flags    Arc    Edge         Cell          Fanout Load Trans Delay Arrival Instance 
#                                                                                      (fF)  (ps)  (ps)   (ps)  Location 
#------------------------------------------------------------------------------------------------------------------------
  u_axi_sdram_dq_out_reg_reg[13]/CLK -       -       R     (arrival)                16    -    40     0     150    (-,-) 
  u_axi_sdram_dq_out_reg_reg[13]/QN  -       CLK->QN F     DFFHQNx2_ASAP7_75t_R      1 10.4    87   141     291    (-,-) 
  sdram_dq_o[13]                     -       -       F     (port)                    -    -     -     0     291    (-,-) 
#------------------------------------------------------------------------------------------------------------------------



Path 18: MET (459 ps) Late External Delay Assertion at pin sdram_dq_o[14]
           View: view_ss
          Group: C2O
     Startpoint: (R) u_axi_sdram_dq_out_reg_reg[14]/CLK
          Clock: (R) CLK_SYS
       Endpoint: (F) sdram_dq_o[14]
          Clock: (R) CLK_SDRAM_OUT

                     Capture       Launch     
        Clock Edge:+    2000            0     
       Src Latency:+     100          150     
       Net Latency:+       0 (I)        0 (I) 
           Arrival:=    2100          150     
                                              
      Output Delay:-    1200                  
       Uncertainty:-     150                  
     Required Time:=     750                  
      Launch Clock:-     150                  
         Data Path:-     141                  
             Slack:=     459                  

Exceptions/Constraints:
  output_delay             1200            constraint.sdc_line_266_235_1   

#------------------------------------------------------------------------------------------------------------------------
#           Timing Point             Flags    Arc    Edge         Cell          Fanout Load Trans Delay Arrival Instance 
#                                                                                      (fF)  (ps)  (ps)   (ps)  Location 
#------------------------------------------------------------------------------------------------------------------------
  u_axi_sdram_dq_out_reg_reg[14]/CLK -       -       R     (arrival)                16    -    40     0     150    (-,-) 
  u_axi_sdram_dq_out_reg_reg[14]/QN  -       CLK->QN F     DFFHQNx2_ASAP7_75t_R      1 10.4    87   141     291    (-,-) 
  sdram_dq_o[14]                     -       -       F     (port)                    -    -     -     0     291    (-,-) 
#------------------------------------------------------------------------------------------------------------------------



Path 19: MET (459 ps) Late External Delay Assertion at pin sdram_dq_o[15]
           View: view_ss
          Group: C2O
     Startpoint: (R) u_axi_sdram_dq_out_reg_reg[15]/CLK
          Clock: (R) CLK_SYS
       Endpoint: (F) sdram_dq_o[15]
          Clock: (R) CLK_SDRAM_OUT

                     Capture       Launch     
        Clock Edge:+    2000            0     
       Src Latency:+     100          150     
       Net Latency:+       0 (I)        0 (I) 
           Arrival:=    2100          150     
                                              
      Output Delay:-    1200                  
       Uncertainty:-     150                  
     Required Time:=     750                  
      Launch Clock:-     150                  
         Data Path:-     141                  
             Slack:=     459                  

Exceptions/Constraints:
  output_delay             1200            constraint.sdc_line_266_234_1   

#------------------------------------------------------------------------------------------------------------------------
#           Timing Point             Flags    Arc    Edge         Cell          Fanout Load Trans Delay Arrival Instance 
#                                                                                      (fF)  (ps)  (ps)   (ps)  Location 
#------------------------------------------------------------------------------------------------------------------------
  u_axi_sdram_dq_out_reg_reg[15]/CLK -       -       R     (arrival)                16    -    40     0     150    (-,-) 
  u_axi_sdram_dq_out_reg_reg[15]/QN  -       CLK->QN F     DFFHQNx2_ASAP7_75t_R      1 10.4    87   141     291    (-,-) 
  sdram_dq_o[15]                     -       -       F     (port)                    -    -     -     0     291    (-,-) 
#------------------------------------------------------------------------------------------------------------------------



Path 20: MET (459 ps) Late External Delay Assertion at pin sdram_addr[0]
           View: view_ss
          Group: C2O
     Startpoint: (R) u_axi_sdram_addr_reg_reg[0]/CLK
          Clock: (R) CLK_SYS
       Endpoint: (F) sdram_addr[0]
          Clock: (R) CLK_SDRAM_OUT

                     Capture       Launch     
        Clock Edge:+    2000            0     
       Src Latency:+     100          150     
       Net Latency:+       0 (I)        0 (I) 
           Arrival:=    2100          150     
                                              
      Output Delay:-    1200                  
       Uncertainty:-     150                  
     Required Time:=     750                  
      Launch Clock:-     150                  
         Data Path:-     141                  
             Slack:=     459                  

Exceptions/Constraints:
  output_delay             1200            constraint.sdc_line_266_233_1   

#---------------------------------------------------------------------------------------------------------------------
#          Timing Point           Flags    Arc    Edge         Cell          Fanout Load Trans Delay Arrival Instance 
#                                                                                   (fF)  (ps)  (ps)   (ps)  Location 
#---------------------------------------------------------------------------------------------------------------------
  u_axi_sdram_addr_reg_reg[0]/CLK -       -       R     (arrival)                12    -    40     0     150    (-,-) 
  u_axi_sdram_addr_reg_reg[0]/QN  -       CLK->QN F     DFFHQNx2_ASAP7_75t_R      1 10.4    87   141     291    (-,-) 
  sdram_addr[0]                   -       -       F     (port)                    -    -     -     0     291    (-,-) 
#---------------------------------------------------------------------------------------------------------------------


