============================================================
  Generated by:           Genus(TM) Synthesis Solution 23.14-s090_1
  Generated on:           Sep 25 2026  02:08:32 am
  Module:                 top_soc
  Operating conditions:   PVT_0P63V_100C 
  Operating conditions:   PVT_0P7V_25C 
  Interconnect mode:      global
  Area mode:              physical library
============================================================


Path 1: MET (656 ps) Setup Check with Pin u_axi_sdram_read_data_hold_reg[0]/CLK->D
           View: view_tt
          Group: I2C
     Startpoint: (F) sdram_dq_i[0]
          Clock: (R) CLK_SDRAM_OUT
       Endpoint: (R) u_axi_sdram_read_data_hold_reg[0]/D
          Clock: (R) CLK_SYS

                     Capture       Launch     
        Clock Edge:+    4000         2000     
        Drv Adjust:+       0            0     
       Src Latency:+     100          150     
       Net Latency:+       0 (I)        0 (I) 
           Arrival:=    4100         2150     
                                              
             Setup:-      14                  
       Uncertainty:-     150                  
       Path Adjust:+    -100                  
     Required Time:=    3836                  
      Launch Clock:-    2150                  
       Input Delay:-    1000                  
         Data Path:-      29                  
             Slack:=     656                  

Exceptions/Constraints:
  path_adjust             -100            adj_1                               
  input_delay             1000            tmp_sdc_view_ss.sdc_3_line_150785   

#--------------------------------------------------------------------------------------------------------------------------
#            Timing Point             Flags   Arc   Edge          Cell            Fanout Load Trans Delay Arrival Instance 
#                                                                                        (fF)  (ps)  (ps)   (ps)  Location 
#--------------------------------------------------------------------------------------------------------------------------
  sdram_dq_i[0]                       -       -     F     (arrival)                    3  1.7    40     0    3150    (-,-) 
  u_axi_sdram_g12692/Y                -       A->Y  R     INVxp33_ASAP7_75t_R          1  1.0    36    29    3179    (-,-) 
  u_axi_sdram_read_data_hold_reg[0]/D -       -     R     DFFASRHQNx1_ASAP7_75t_R      1    -     -     0    3179    (-,-) 
#--------------------------------------------------------------------------------------------------------------------------



Path 2: MET (656 ps) Setup Check with Pin u_axi_sdram_read_data_hold_reg[1]/CLK->D
           View: view_tt
          Group: I2C
     Startpoint: (F) sdram_dq_i[1]
          Clock: (R) CLK_SDRAM_OUT
       Endpoint: (R) u_axi_sdram_read_data_hold_reg[1]/D
          Clock: (R) CLK_SYS

                     Capture       Launch     
        Clock Edge:+    4000         2000     
        Drv Adjust:+       0            0     
       Src Latency:+     100          150     
       Net Latency:+       0 (I)        0 (I) 
           Arrival:=    4100         2150     
                                              
             Setup:-      14                  
       Uncertainty:-     150                  
       Path Adjust:+    -100                  
     Required Time:=    3836                  
      Launch Clock:-    2150                  
       Input Delay:-    1000                  
         Data Path:-      29                  
             Slack:=     656                  

Exceptions/Constraints:
  path_adjust             -100            adj_1                               
  input_delay             1000            tmp_sdc_view_ss.sdc_3_line_150784   

#--------------------------------------------------------------------------------------------------------------------------
#            Timing Point             Flags   Arc   Edge          Cell            Fanout Load Trans Delay Arrival Instance 
#                                                                                        (fF)  (ps)  (ps)   (ps)  Location 
#--------------------------------------------------------------------------------------------------------------------------
  sdram_dq_i[1]                       -       -     F     (arrival)                    3  1.7    40     0    3150    (-,-) 
  u_axi_sdram_g12702/Y                -       A->Y  R     INVxp33_ASAP7_75t_R          1  1.0    36    29    3179    (-,-) 
  u_axi_sdram_read_data_hold_reg[1]/D -       -     R     DFFASRHQNx1_ASAP7_75t_R      1    -     -     0    3179    (-,-) 
#--------------------------------------------------------------------------------------------------------------------------



Path 3: MET (656 ps) Setup Check with Pin u_axi_sdram_read_data_hold_reg[2]/CLK->D
           View: view_tt
          Group: I2C
     Startpoint: (F) sdram_dq_i[2]
          Clock: (R) CLK_SDRAM_OUT
       Endpoint: (R) u_axi_sdram_read_data_hold_reg[2]/D
          Clock: (R) CLK_SYS

                     Capture       Launch     
        Clock Edge:+    4000         2000     
        Drv Adjust:+       0            0     
       Src Latency:+     100          150     
       Net Latency:+       0 (I)        0 (I) 
           Arrival:=    4100         2150     
                                              
             Setup:-      14                  
       Uncertainty:-     150                  
       Path Adjust:+    -100                  
     Required Time:=    3836                  
      Launch Clock:-    2150                  
       Input Delay:-    1000                  
         Data Path:-      29                  
             Slack:=     656                  

Exceptions/Constraints:
  path_adjust             -100            adj_1                               
  input_delay             1000            tmp_sdc_view_ss.sdc_3_line_150783   

#--------------------------------------------------------------------------------------------------------------------------
#            Timing Point             Flags   Arc   Edge          Cell            Fanout Load Trans Delay Arrival Instance 
#                                                                                        (fF)  (ps)  (ps)   (ps)  Location 
#--------------------------------------------------------------------------------------------------------------------------
  sdram_dq_i[2]                       -       -     F     (arrival)                    3  1.7    40     0    3150    (-,-) 
  u_axi_sdram_g12723/Y                -       A->Y  R     INVxp33_ASAP7_75t_R          1  1.0    36    29    3179    (-,-) 
  u_axi_sdram_read_data_hold_reg[2]/D -       -     R     DFFASRHQNx1_ASAP7_75t_R      1    -     -     0    3179    (-,-) 
#--------------------------------------------------------------------------------------------------------------------------



Path 4: MET (656 ps) Setup Check with Pin u_axi_sdram_read_data_hold_reg[3]/CLK->D
           View: view_tt
          Group: I2C
     Startpoint: (F) sdram_dq_i[3]
          Clock: (R) CLK_SDRAM_OUT
       Endpoint: (R) u_axi_sdram_read_data_hold_reg[3]/D
          Clock: (R) CLK_SYS

                     Capture       Launch     
        Clock Edge:+    4000         2000     
        Drv Adjust:+       0            0     
       Src Latency:+     100          150     
       Net Latency:+       0 (I)        0 (I) 
           Arrival:=    4100         2150     
                                              
             Setup:-      14                  
       Uncertainty:-     150                  
       Path Adjust:+    -100                  
     Required Time:=    3836                  
      Launch Clock:-    2150                  
       Input Delay:-    1000                  
         Data Path:-      29                  
             Slack:=     656                  

Exceptions/Constraints:
  path_adjust             -100            adj_1                               
  input_delay             1000            tmp_sdc_view_ss.sdc_3_line_150782   

#--------------------------------------------------------------------------------------------------------------------------
#            Timing Point             Flags   Arc   Edge          Cell            Fanout Load Trans Delay Arrival Instance 
#                                                                                        (fF)  (ps)  (ps)   (ps)  Location 
#--------------------------------------------------------------------------------------------------------------------------
  sdram_dq_i[3]                       -       -     F     (arrival)                    3  1.7    40     0    3150    (-,-) 
  u_axi_sdram_g12716/Y                -       A->Y  R     INVxp33_ASAP7_75t_R          1  1.0    36    29    3179    (-,-) 
  u_axi_sdram_read_data_hold_reg[3]/D -       -     R     DFFASRHQNx1_ASAP7_75t_R      1    -     -     0    3179    (-,-) 
#--------------------------------------------------------------------------------------------------------------------------



Path 5: MET (656 ps) Setup Check with Pin u_axi_sdram_read_data_hold_reg[4]/CLK->D
           View: view_tt
          Group: I2C
     Startpoint: (F) sdram_dq_i[4]
          Clock: (R) CLK_SDRAM_OUT
       Endpoint: (R) u_axi_sdram_read_data_hold_reg[4]/D
          Clock: (R) CLK_SYS

                     Capture       Launch     
        Clock Edge:+    4000         2000     
        Drv Adjust:+       0            0     
       Src Latency:+     100          150     
       Net Latency:+       0 (I)        0 (I) 
           Arrival:=    4100         2150     
                                              
             Setup:-      14                  
       Uncertainty:-     150                  
       Path Adjust:+    -100                  
     Required Time:=    3836                  
      Launch Clock:-    2150                  
       Input Delay:-    1000                  
         Data Path:-      29                  
             Slack:=     656                  

Exceptions/Constraints:
  path_adjust             -100            adj_1                               
  input_delay             1000            tmp_sdc_view_ss.sdc_3_line_150781   

#--------------------------------------------------------------------------------------------------------------------------
#            Timing Point             Flags   Arc   Edge          Cell            Fanout Load Trans Delay Arrival Instance 
#                                                                                        (fF)  (ps)  (ps)   (ps)  Location 
#--------------------------------------------------------------------------------------------------------------------------
  sdram_dq_i[4]                       -       -     F     (arrival)                    3  1.7    40     0    3150    (-,-) 
  u_axi_sdram_g12715/Y                -       A->Y  R     INVxp33_ASAP7_75t_R          1  1.0    36    29    3179    (-,-) 
  u_axi_sdram_read_data_hold_reg[4]/D -       -     R     DFFASRHQNx1_ASAP7_75t_R      1    -     -     0    3179    (-,-) 
#--------------------------------------------------------------------------------------------------------------------------



Path 6: MET (656 ps) Setup Check with Pin u_axi_sdram_read_data_hold_reg[5]/CLK->D
           View: view_tt
          Group: I2C
     Startpoint: (F) sdram_dq_i[5]
          Clock: (R) CLK_SDRAM_OUT
       Endpoint: (R) u_axi_sdram_read_data_hold_reg[5]/D
          Clock: (R) CLK_SYS

                     Capture       Launch     
        Clock Edge:+    4000         2000     
        Drv Adjust:+       0            0     
       Src Latency:+     100          150     
       Net Latency:+       0 (I)        0 (I) 
           Arrival:=    4100         2150     
                                              
             Setup:-      14                  
       Uncertainty:-     150                  
       Path Adjust:+    -100                  
     Required Time:=    3836                  
      Launch Clock:-    2150                  
       Input Delay:-    1000                  
         Data Path:-      29                  
             Slack:=     656                  

Exceptions/Constraints:
  path_adjust             -100            adj_1                               
  input_delay             1000            tmp_sdc_view_ss.sdc_3_line_150780   

#--------------------------------------------------------------------------------------------------------------------------
#            Timing Point             Flags   Arc   Edge          Cell            Fanout Load Trans Delay Arrival Instance 
#                                                                                        (fF)  (ps)  (ps)   (ps)  Location 
#--------------------------------------------------------------------------------------------------------------------------
  sdram_dq_i[5]                       -       -     F     (arrival)                    3  1.7    40     0    3150    (-,-) 
  u_axi_sdram_g12720/Y                -       A->Y  R     INVxp33_ASAP7_75t_R          1  1.0    36    29    3179    (-,-) 
  u_axi_sdram_read_data_hold_reg[5]/D -       -     R     DFFASRHQNx1_ASAP7_75t_R      1    -     -     0    3179    (-,-) 
#--------------------------------------------------------------------------------------------------------------------------



Path 7: MET (656 ps) Setup Check with Pin u_axi_sdram_read_data_hold_reg[6]/CLK->D
           View: view_tt
          Group: I2C
     Startpoint: (F) sdram_dq_i[6]
          Clock: (R) CLK_SDRAM_OUT
       Endpoint: (R) u_axi_sdram_read_data_hold_reg[6]/D
          Clock: (R) CLK_SYS

                     Capture       Launch     
        Clock Edge:+    4000         2000     
        Drv Adjust:+       0            0     
       Src Latency:+     100          150     
       Net Latency:+       0 (I)        0 (I) 
           Arrival:=    4100         2150     
                                              
             Setup:-      14                  
       Uncertainty:-     150                  
       Path Adjust:+    -100                  
     Required Time:=    3836                  
      Launch Clock:-    2150                  
       Input Delay:-    1000                  
         Data Path:-      29                  
             Slack:=     656                  

Exceptions/Constraints:
  path_adjust             -100            adj_1                               
  input_delay             1000            tmp_sdc_view_ss.sdc_3_line_150779   

#--------------------------------------------------------------------------------------------------------------------------
#            Timing Point             Flags   Arc   Edge          Cell            Fanout Load Trans Delay Arrival Instance 
#                                                                                        (fF)  (ps)  (ps)   (ps)  Location 
#--------------------------------------------------------------------------------------------------------------------------
  sdram_dq_i[6]                       -       -     F     (arrival)                    3  1.7    40     0    3150    (-,-) 
  u_axi_sdram_g12713/Y                -       A->Y  R     INVxp33_ASAP7_75t_R          1  1.0    36    29    3179    (-,-) 
  u_axi_sdram_read_data_hold_reg[6]/D -       -     R     DFFASRHQNx1_ASAP7_75t_R      1    -     -     0    3179    (-,-) 
#--------------------------------------------------------------------------------------------------------------------------



Path 8: MET (656 ps) Setup Check with Pin u_axi_sdram_read_data_hold_reg[7]/CLK->D
           View: view_tt
          Group: I2C
     Startpoint: (F) sdram_dq_i[7]
          Clock: (R) CLK_SDRAM_OUT
       Endpoint: (R) u_axi_sdram_read_data_hold_reg[7]/D
          Clock: (R) CLK_SYS

                     Capture       Launch     
        Clock Edge:+    4000         2000     
        Drv Adjust:+       0            0     
       Src Latency:+     100          150     
       Net Latency:+       0 (I)        0 (I) 
           Arrival:=    4100         2150     
                                              
             Setup:-      14                  
       Uncertainty:-     150                  
       Path Adjust:+    -100                  
     Required Time:=    3836                  
      Launch Clock:-    2150                  
       Input Delay:-    1000                  
         Data Path:-      29                  
             Slack:=     656                  

Exceptions/Constraints:
  path_adjust             -100            adj_1                               
  input_delay             1000            tmp_sdc_view_ss.sdc_3_line_150778   

#--------------------------------------------------------------------------------------------------------------------------
#            Timing Point             Flags   Arc   Edge          Cell            Fanout Load Trans Delay Arrival Instance 
#                                                                                        (fF)  (ps)  (ps)   (ps)  Location 
#--------------------------------------------------------------------------------------------------------------------------
  sdram_dq_i[7]                       -       -     F     (arrival)                    3  1.7    40     0    3150    (-,-) 
  u_axi_sdram_g12704/Y                -       A->Y  R     INVxp33_ASAP7_75t_R          1  1.0    36    29    3179    (-,-) 
  u_axi_sdram_read_data_hold_reg[7]/D -       -     R     DFFASRHQNx1_ASAP7_75t_R      1    -     -     0    3179    (-,-) 
#--------------------------------------------------------------------------------------------------------------------------



Path 9: MET (656 ps) Setup Check with Pin u_axi_sdram_read_data_hold_reg[8]/CLK->D
           View: view_tt
          Group: I2C
     Startpoint: (F) sdram_dq_i[8]
          Clock: (R) CLK_SDRAM_OUT
       Endpoint: (R) u_axi_sdram_read_data_hold_reg[8]/D
          Clock: (R) CLK_SYS

                     Capture       Launch     
        Clock Edge:+    4000         2000     
        Drv Adjust:+       0            0     
       Src Latency:+     100          150     
       Net Latency:+       0 (I)        0 (I) 
           Arrival:=    4100         2150     
                                              
             Setup:-      14                  
       Uncertainty:-     150                  
       Path Adjust:+    -100                  
     Required Time:=    3836                  
      Launch Clock:-    2150                  
       Input Delay:-    1000                  
         Data Path:-      29                  
             Slack:=     656                  

Exceptions/Constraints:
  path_adjust             -100            adj_1                               
  input_delay             1000            tmp_sdc_view_ss.sdc_3_line_150777   

#--------------------------------------------------------------------------------------------------------------------------
#            Timing Point             Flags   Arc   Edge          Cell            Fanout Load Trans Delay Arrival Instance 
#                                                                                        (fF)  (ps)  (ps)   (ps)  Location 
#--------------------------------------------------------------------------------------------------------------------------
  sdram_dq_i[8]                       -       -     F     (arrival)                    3  1.7    40     0    3150    (-,-) 
  u_axi_sdram_g12690/Y                -       A->Y  R     INVxp33_ASAP7_75t_R          1  1.0    36    29    3179    (-,-) 
  u_axi_sdram_read_data_hold_reg[8]/D -       -     R     DFFASRHQNx1_ASAP7_75t_R      1    -     -     0    3179    (-,-) 
#--------------------------------------------------------------------------------------------------------------------------



Path 10: MET (656 ps) Setup Check with Pin u_axi_sdram_read_data_hold_reg[9]/CLK->D
           View: view_tt
          Group: I2C
     Startpoint: (F) sdram_dq_i[9]
          Clock: (R) CLK_SDRAM_OUT
       Endpoint: (R) u_axi_sdram_read_data_hold_reg[9]/D
          Clock: (R) CLK_SYS

                     Capture       Launch     
        Clock Edge:+    4000         2000     
        Drv Adjust:+       0            0     
       Src Latency:+     100          150     
       Net Latency:+       0 (I)        0 (I) 
           Arrival:=    4100         2150     
                                              
             Setup:-      14                  
       Uncertainty:-     150                  
       Path Adjust:+    -100                  
     Required Time:=    3836                  
      Launch Clock:-    2150                  
       Input Delay:-    1000                  
         Data Path:-      29                  
             Slack:=     656                  

Exceptions/Constraints:
  path_adjust             -100            adj_1                               
  input_delay             1000            tmp_sdc_view_ss.sdc_3_line_150776   

#--------------------------------------------------------------------------------------------------------------------------
#            Timing Point             Flags   Arc   Edge          Cell            Fanout Load Trans Delay Arrival Instance 
#                                                                                        (fF)  (ps)  (ps)   (ps)  Location 
#--------------------------------------------------------------------------------------------------------------------------
  sdram_dq_i[9]                       -       -     F     (arrival)                    3  1.7    40     0    3150    (-,-) 
  u_axi_sdram_g12701/Y                -       A->Y  R     INVxp33_ASAP7_75t_R          1  1.0    36    29    3179    (-,-) 
  u_axi_sdram_read_data_hold_reg[9]/D -       -     R     DFFASRHQNx1_ASAP7_75t_R      1    -     -     0    3179    (-,-) 
#--------------------------------------------------------------------------------------------------------------------------



Path 11: MET (656 ps) Setup Check with Pin u_axi_sdram_read_data_hold_reg[10]/CLK->D
           View: view_tt
          Group: I2C
     Startpoint: (F) sdram_dq_i[10]
          Clock: (R) CLK_SDRAM_OUT
       Endpoint: (R) u_axi_sdram_read_data_hold_reg[10]/D
          Clock: (R) CLK_SYS

                     Capture       Launch     
        Clock Edge:+    4000         2000     
        Drv Adjust:+       0            0     
       Src Latency:+     100          150     
       Net Latency:+       0 (I)        0 (I) 
           Arrival:=    4100         2150     
                                              
             Setup:-      14                  
       Uncertainty:-     150                  
       Path Adjust:+    -100                  
     Required Time:=    3836                  
      Launch Clock:-    2150                  
       Input Delay:-    1000                  
         Data Path:-      29                  
             Slack:=     656                  

Exceptions/Constraints:
  path_adjust             -100            adj_1                               
  input_delay             1000            tmp_sdc_view_ss.sdc_3_line_150775   

#---------------------------------------------------------------------------------------------------------------------------
#            Timing Point              Flags   Arc   Edge          Cell            Fanout Load Trans Delay Arrival Instance 
#                                                                                         (fF)  (ps)  (ps)   (ps)  Location 
#---------------------------------------------------------------------------------------------------------------------------
  sdram_dq_i[10]                       -       -     F     (arrival)                    3  1.7    40     0    3150    (-,-) 
  u_axi_sdram_g12724/Y                 -       A->Y  R     INVxp33_ASAP7_75t_R          1  1.0    36    29    3179    (-,-) 
  u_axi_sdram_read_data_hold_reg[10]/D -       -     R     DFFASRHQNx1_ASAP7_75t_R      1    -     -     0    3179    (-,-) 
#---------------------------------------------------------------------------------------------------------------------------



Path 12: MET (656 ps) Setup Check with Pin u_axi_sdram_read_data_hold_reg[11]/CLK->D
           View: view_tt
          Group: I2C
     Startpoint: (F) sdram_dq_i[11]
          Clock: (R) CLK_SDRAM_OUT
       Endpoint: (R) u_axi_sdram_read_data_hold_reg[11]/D
          Clock: (R) CLK_SYS

                     Capture       Launch     
        Clock Edge:+    4000         2000     
        Drv Adjust:+       0            0     
       Src Latency:+     100          150     
       Net Latency:+       0 (I)        0 (I) 
           Arrival:=    4100         2150     
                                              
             Setup:-      14                  
       Uncertainty:-     150                  
       Path Adjust:+    -100                  
     Required Time:=    3836                  
      Launch Clock:-    2150                  
       Input Delay:-    1000                  
         Data Path:-      29                  
             Slack:=     656                  

Exceptions/Constraints:
  path_adjust             -100            adj_1                               
  input_delay             1000            tmp_sdc_view_ss.sdc_3_line_150774   

#---------------------------------------------------------------------------------------------------------------------------
#            Timing Point              Flags   Arc   Edge          Cell            Fanout Load Trans Delay Arrival Instance 
#                                                                                         (fF)  (ps)  (ps)   (ps)  Location 
#---------------------------------------------------------------------------------------------------------------------------
  sdram_dq_i[11]                       -       -     F     (arrival)                    3  1.7    40     0    3150    (-,-) 
  u_axi_sdram_g12725/Y                 -       A->Y  R     INVxp33_ASAP7_75t_R          1  1.0    36    29    3179    (-,-) 
  u_axi_sdram_read_data_hold_reg[11]/D -       -     R     DFFASRHQNx1_ASAP7_75t_R      1    -     -     0    3179    (-,-) 
#---------------------------------------------------------------------------------------------------------------------------



Path 13: MET (656 ps) Setup Check with Pin u_axi_sdram_read_data_hold_reg[12]/CLK->D
           View: view_tt
          Group: I2C
     Startpoint: (F) sdram_dq_i[12]
          Clock: (R) CLK_SDRAM_OUT
       Endpoint: (R) u_axi_sdram_read_data_hold_reg[12]/D
          Clock: (R) CLK_SYS

                     Capture       Launch     
        Clock Edge:+    4000         2000     
        Drv Adjust:+       0            0     
       Src Latency:+     100          150     
       Net Latency:+       0 (I)        0 (I) 
           Arrival:=    4100         2150     
                                              
             Setup:-      14                  
       Uncertainty:-     150                  
       Path Adjust:+    -100                  
     Required Time:=    3836                  
      Launch Clock:-    2150                  
       Input Delay:-    1000                  
         Data Path:-      29                  
             Slack:=     656                  

Exceptions/Constraints:
  path_adjust             -100            adj_1                               
  input_delay             1000            tmp_sdc_view_ss.sdc_3_line_150773   

#---------------------------------------------------------------------------------------------------------------------------
#            Timing Point              Flags   Arc   Edge          Cell            Fanout Load Trans Delay Arrival Instance 
#                                                                                         (fF)  (ps)  (ps)   (ps)  Location 
#---------------------------------------------------------------------------------------------------------------------------
  sdram_dq_i[12]                       -       -     F     (arrival)                    3  1.7    40     0    3150    (-,-) 
  u_axi_sdram_g12689/Y                 -       A->Y  R     INVxp33_ASAP7_75t_R          1  1.0    36    29    3179    (-,-) 
  u_axi_sdram_read_data_hold_reg[12]/D -       -     R     DFFASRHQNx1_ASAP7_75t_R      1    -     -     0    3179    (-,-) 
#---------------------------------------------------------------------------------------------------------------------------



Path 14: MET (656 ps) Setup Check with Pin u_axi_sdram_read_data_hold_reg[13]/CLK->D
           View: view_tt
          Group: I2C
     Startpoint: (F) sdram_dq_i[13]
          Clock: (R) CLK_SDRAM_OUT
       Endpoint: (R) u_axi_sdram_read_data_hold_reg[13]/D
          Clock: (R) CLK_SYS

                     Capture       Launch     
        Clock Edge:+    4000         2000     
        Drv Adjust:+       0            0     
       Src Latency:+     100          150     
       Net Latency:+       0 (I)        0 (I) 
           Arrival:=    4100         2150     
                                              
             Setup:-      14                  
       Uncertainty:-     150                  
       Path Adjust:+    -100                  
     Required Time:=    3836                  
      Launch Clock:-    2150                  
       Input Delay:-    1000                  
         Data Path:-      29                  
             Slack:=     656                  

Exceptions/Constraints:
  path_adjust             -100            adj_1                               
  input_delay             1000            tmp_sdc_view_ss.sdc_3_line_150772   

#---------------------------------------------------------------------------------------------------------------------------
#            Timing Point              Flags   Arc   Edge          Cell            Fanout Load Trans Delay Arrival Instance 
#                                                                                         (fF)  (ps)  (ps)   (ps)  Location 
#---------------------------------------------------------------------------------------------------------------------------
  sdram_dq_i[13]                       -       -     F     (arrival)                    3  1.7    40     0    3150    (-,-) 
  u_axi_sdram_g12726/Y                 -       A->Y  R     INVxp33_ASAP7_75t_R          1  1.0    36    29    3179    (-,-) 
  u_axi_sdram_read_data_hold_reg[13]/D -       -     R     DFFASRHQNx1_ASAP7_75t_R      1    -     -     0    3179    (-,-) 
#---------------------------------------------------------------------------------------------------------------------------



Path 15: MET (656 ps) Setup Check with Pin u_axi_sdram_read_data_hold_reg[14]/CLK->D
           View: view_tt
          Group: I2C
     Startpoint: (F) sdram_dq_i[14]
          Clock: (R) CLK_SDRAM_OUT
       Endpoint: (R) u_axi_sdram_read_data_hold_reg[14]/D
          Clock: (R) CLK_SYS

                     Capture       Launch     
        Clock Edge:+    4000         2000     
        Drv Adjust:+       0            0     
       Src Latency:+     100          150     
       Net Latency:+       0 (I)        0 (I) 
           Arrival:=    4100         2150     
                                              
             Setup:-      14                  
       Uncertainty:-     150                  
       Path Adjust:+    -100                  
     Required Time:=    3836                  
      Launch Clock:-    2150                  
       Input Delay:-    1000                  
         Data Path:-      29                  
             Slack:=     656                  

Exceptions/Constraints:
  path_adjust             -100            adj_1                               
  input_delay             1000            tmp_sdc_view_ss.sdc_3_line_150771   

#---------------------------------------------------------------------------------------------------------------------------
#            Timing Point              Flags   Arc   Edge          Cell            Fanout Load Trans Delay Arrival Instance 
#                                                                                         (fF)  (ps)  (ps)   (ps)  Location 
#---------------------------------------------------------------------------------------------------------------------------
  sdram_dq_i[14]                       -       -     F     (arrival)                    3  1.7    40     0    3150    (-,-) 
  u_axi_sdram_g12696/Y                 -       A->Y  R     INVxp33_ASAP7_75t_R          1  1.0    36    29    3179    (-,-) 
  u_axi_sdram_read_data_hold_reg[14]/D -       -     R     DFFASRHQNx1_ASAP7_75t_R      1    -     -     0    3179    (-,-) 
#---------------------------------------------------------------------------------------------------------------------------



Path 16: MET (656 ps) Setup Check with Pin u_axi_sdram_read_data_hold_reg[15]/CLK->D
           View: view_tt
          Group: I2C
     Startpoint: (F) sdram_dq_i[15]
          Clock: (R) CLK_SDRAM_OUT
       Endpoint: (R) u_axi_sdram_read_data_hold_reg[15]/D
          Clock: (R) CLK_SYS

                     Capture       Launch     
        Clock Edge:+    4000         2000     
        Drv Adjust:+       0            0     
       Src Latency:+     100          150     
       Net Latency:+       0 (I)        0 (I) 
           Arrival:=    4100         2150     
                                              
             Setup:-      14                  
       Uncertainty:-     150                  
       Path Adjust:+    -100                  
     Required Time:=    3836                  
      Launch Clock:-    2150                  
       Input Delay:-    1000                  
         Data Path:-      29                  
             Slack:=     656                  

Exceptions/Constraints:
  path_adjust             -100            adj_1                               
  input_delay             1000            tmp_sdc_view_ss.sdc_3_line_150770   

#---------------------------------------------------------------------------------------------------------------------------
#            Timing Point              Flags   Arc   Edge          Cell            Fanout Load Trans Delay Arrival Instance 
#                                                                                         (fF)  (ps)  (ps)   (ps)  Location 
#---------------------------------------------------------------------------------------------------------------------------
  sdram_dq_i[15]                       -       -     F     (arrival)                    3  1.7    40     0    3150    (-,-) 
  u_axi_sdram_g12730/Y                 -       A->Y  R     INVxp33_ASAP7_75t_R          1  1.0    36    29    3179    (-,-) 
  u_axi_sdram_read_data_hold_reg[15]/D -       -     R     DFFASRHQNx1_ASAP7_75t_R      1    -     -     0    3179    (-,-) 
#---------------------------------------------------------------------------------------------------------------------------



Path 17: MET (659 ps) Setup Check with Pin u_axi_sdram_s_axi_rdata_reg[16]/CLK->D
           View: view_tt
          Group: I2C
     Startpoint: (F) sdram_dq_i[0]
          Clock: (R) CLK_SDRAM_OUT
       Endpoint: (R) u_axi_sdram_s_axi_rdata_reg[16]/D
          Clock: (R) CLK_SYS

                     Capture       Launch     
        Clock Edge:+    4000         2000     
        Drv Adjust:+       0            0     
       Src Latency:+     100          150     
       Net Latency:+       0 (I)        0 (I) 
           Arrival:=    4100         2150     
                                              
             Setup:-      11                  
       Uncertainty:-     150                  
       Path Adjust:+    -100                  
     Required Time:=    3839                  
      Launch Clock:-    2150                  
       Input Delay:-    1000                  
         Data Path:-      30                  
             Slack:=     659                  

Exceptions/Constraints:
  path_adjust             -100            adj_1                               
  input_delay             1000            tmp_sdc_view_ss.sdc_3_line_150785   

#----------------------------------------------------------------------------------------------------------------------
#           Timing Point            Flags   Arc   Edge         Cell           Fanout Load Trans Delay Arrival Instance 
#                                                                                    (fF)  (ps)  (ps)   (ps)  Location 
#----------------------------------------------------------------------------------------------------------------------
  sdram_dq_i[0]                     -       -     F     (arrival)                  3  1.7    40     0    3150    (-,-) 
  u_axi_sdram_g13031/Y              -       B->Y  R     NAND2xp33_ASAP7_75t_R      1  1.0    37    30    3180    (-,-) 
  u_axi_sdram_s_axi_rdata_reg[16]/D -       -     R     DFFHQNx1_ASAP7_75t_R       1    -     -     0    3180    (-,-) 
#----------------------------------------------------------------------------------------------------------------------



Path 18: MET (659 ps) Setup Check with Pin u_axi_sdram_s_axi_rdata_reg[17]/CLK->D
           View: view_tt
          Group: I2C
     Startpoint: (F) sdram_dq_i[1]
          Clock: (R) CLK_SDRAM_OUT
       Endpoint: (R) u_axi_sdram_s_axi_rdata_reg[17]/D
          Clock: (R) CLK_SYS

                     Capture       Launch     
        Clock Edge:+    4000         2000     
        Drv Adjust:+       0            0     
       Src Latency:+     100          150     
       Net Latency:+       0 (I)        0 (I) 
           Arrival:=    4100         2150     
                                              
             Setup:-      11                  
       Uncertainty:-     150                  
       Path Adjust:+    -100                  
     Required Time:=    3839                  
      Launch Clock:-    2150                  
       Input Delay:-    1000                  
         Data Path:-      30                  
             Slack:=     659                  

Exceptions/Constraints:
  path_adjust             -100            adj_1                               
  input_delay             1000            tmp_sdc_view_ss.sdc_3_line_150784   

#----------------------------------------------------------------------------------------------------------------------
#           Timing Point            Flags   Arc   Edge         Cell           Fanout Load Trans Delay Arrival Instance 
#                                                                                    (fF)  (ps)  (ps)   (ps)  Location 
#----------------------------------------------------------------------------------------------------------------------
  sdram_dq_i[1]                     -       -     F     (arrival)                  3  1.7    40     0    3150    (-,-) 
  u_axi_sdram_g13028/Y              -       B->Y  R     NAND2xp33_ASAP7_75t_R      1  1.0    37    30    3180    (-,-) 
  u_axi_sdram_s_axi_rdata_reg[17]/D -       -     R     DFFHQNx1_ASAP7_75t_R       1    -     -     0    3180    (-,-) 
#----------------------------------------------------------------------------------------------------------------------



Path 19: MET (659 ps) Setup Check with Pin u_axi_sdram_s_axi_rdata_reg[18]/CLK->D
           View: view_tt
          Group: I2C
     Startpoint: (F) sdram_dq_i[2]
          Clock: (R) CLK_SDRAM_OUT
       Endpoint: (R) u_axi_sdram_s_axi_rdata_reg[18]/D
          Clock: (R) CLK_SYS

                     Capture       Launch     
        Clock Edge:+    4000         2000     
        Drv Adjust:+       0            0     
       Src Latency:+     100          150     
       Net Latency:+       0 (I)        0 (I) 
           Arrival:=    4100         2150     
                                              
             Setup:-      11                  
       Uncertainty:-     150                  
       Path Adjust:+    -100                  
     Required Time:=    3839                  
      Launch Clock:-    2150                  
       Input Delay:-    1000                  
         Data Path:-      30                  
             Slack:=     659                  

Exceptions/Constraints:
  path_adjust             -100            adj_1                               
  input_delay             1000            tmp_sdc_view_ss.sdc_3_line_150783   

#----------------------------------------------------------------------------------------------------------------------
#           Timing Point            Flags   Arc   Edge         Cell           Fanout Load Trans Delay Arrival Instance 
#                                                                                    (fF)  (ps)  (ps)   (ps)  Location 
#----------------------------------------------------------------------------------------------------------------------
  sdram_dq_i[2]                     -       -     F     (arrival)                  3  1.7    40     0    3150    (-,-) 
  u_axi_sdram_g13033/Y              -       B->Y  R     NAND2xp33_ASAP7_75t_R      1  1.0    37    30    3180    (-,-) 
  u_axi_sdram_s_axi_rdata_reg[18]/D -       -     R     DFFHQNx1_ASAP7_75t_R       1    -     -     0    3180    (-,-) 
#----------------------------------------------------------------------------------------------------------------------



Path 20: MET (659 ps) Setup Check with Pin u_axi_sdram_s_axi_rdata_reg[19]/CLK->D
           View: view_tt
          Group: I2C
     Startpoint: (F) sdram_dq_i[3]
          Clock: (R) CLK_SDRAM_OUT
       Endpoint: (R) u_axi_sdram_s_axi_rdata_reg[19]/D
          Clock: (R) CLK_SYS

                     Capture       Launch     
        Clock Edge:+    4000         2000     
        Drv Adjust:+       0            0     
       Src Latency:+     100          150     
       Net Latency:+       0 (I)        0 (I) 
           Arrival:=    4100         2150     
                                              
             Setup:-      11                  
       Uncertainty:-     150                  
       Path Adjust:+    -100                  
     Required Time:=    3839                  
      Launch Clock:-    2150                  
       Input Delay:-    1000                  
         Data Path:-      30                  
             Slack:=     659                  

Exceptions/Constraints:
  path_adjust             -100            adj_1                               
  input_delay             1000            tmp_sdc_view_ss.sdc_3_line_150782   

#----------------------------------------------------------------------------------------------------------------------
#           Timing Point            Flags   Arc   Edge         Cell           Fanout Load Trans Delay Arrival Instance 
#                                                                                    (fF)  (ps)  (ps)   (ps)  Location 
#----------------------------------------------------------------------------------------------------------------------
  sdram_dq_i[3]                     -       -     F     (arrival)                  3  1.7    40     0    3150    (-,-) 
  u_axi_sdram_g13037/Y              -       B->Y  R     NAND2xp33_ASAP7_75t_R      1  1.0    37    30    3180    (-,-) 
  u_axi_sdram_s_axi_rdata_reg[19]/D -       -     R     DFFHQNx1_ASAP7_75t_R       1    -     -     0    3180    (-,-) 
#----------------------------------------------------------------------------------------------------------------------


