============================================================
  Generated by:           Genus(TM) Synthesis Solution 23.14-s090_1
  Generated on:           Sep 25 2026  02:08:30 am
  Module:                 top_soc
  Operating conditions:   PVT_0P63V_100C 
  Operating conditions:   PVT_0P7V_25C 
  Interconnect mode:      global
  Area mode:              physical library
============================================================


Path 1: MET (2807 ps) Setup Check with Pin u_apb_i2c/prdata_reg[0]/CLK->D
           View: view_ss
          Group: CLK_I2C
     Startpoint: (R) u_axi_to_apb_m_apb_paddr_reg[4]/CLK
          Clock: (R) CLK_SYS
       Endpoint: (R) u_apb_i2c/prdata_reg[0]/D
          Clock: (R) CLK_I2C

                     Capture       Launch     
        Clock Edge:+    4000            0     
       Src Latency:+     100          150     
       Net Latency:+       0 (I)        0 (I) 
           Arrival:=    4100          150     
                                              
             Setup:-      31                  
       Uncertainty:-     150                  
     Required Time:=    3919                  
      Launch Clock:-     150                  
         Data Path:-     962                  
             Slack:=    2807                  

#----------------------------------------------------------------------------------------------------------------------------
#            Timing Point             Flags    Arc    Edge          Cell            Fanout Load Trans Delay Arrival Instance 
#                                                                                          (fF)  (ps)  (ps)   (ps)  Location 
#----------------------------------------------------------------------------------------------------------------------------
  u_axi_to_apb_m_apb_paddr_reg[4]/CLK -       -       R     (arrival)                   69    -    40     0     150    (-,-) 
  u_axi_to_apb_m_apb_paddr_reg[4]/QN  -       CLK->QN R     DFFASRHQNx1_ASAP7_75t_R      2  1.5    42    96     246    (-,-) 
  g123993/Y                           -       A->Y    R     BUFx2_ASAP7_75t_R           15  8.3    64    60     307    (-,-) 
  u_apb_i2c/g19581/Y                  -       A->Y    F     INVxp33_ASAP7_75t_R          1  0.8    40    37     344    (-,-) 
  u_apb_i2c/g19254/Y                  -       C->Y    R     NAND3xp33_ASAP7_75t_R        2  1.4    49    36     380    (-,-) 
  u_apb_i2c/g19248/Y                  -       A->Y    F     INVxp33_ASAP7_75t_R          1  0.7    33    31     411    (-,-) 
  u_apb_i2c/g19236/Y                  -       B->Y    R     NAND2xp33_ASAP7_75t_R        2  1.6    86    50     461    (-,-) 
  u_apb_i2c/g19221/Y                  -       B->Y    F     NOR2xp33_ASAP7_75t_R         3  1.9    74    65     526    (-,-) 
  u_apb_i2c/g19213/Y                  -       A->Y    R     INVxp33_ASAP7_75t_R          1  0.7    51    43     568    (-,-) 
  u_apb_i2c/g19201/Y                  -       B->Y    F     NOR2xp33_ASAP7_75t_R         2  1.2    54    42     610    (-,-) 
  u_apb_i2c/g19176/Y                  -       B->Y    R     NAND2xp33_ASAP7_75t_R        4  2.1   108    67     677    (-,-) 
  u_apb_i2c/g19145/Y                  -       B->Y    F     NOR2xp33_ASAP7_75t_R         1  0.7    55    47     724    (-,-) 
  u_apb_i2c/drc_bufs19633/Y           -       A->Y    R     INVxp33_ASAP7_75t_R          2  1.2    64    48     772    (-,-) 
  u_apb_i2c/drc_bufs19632/Y           -       A->Y    F     INVxp33_ASAP7_75t_R          4  2.6    86    66     837    (-,-) 
  u_apb_i2c/g19045/Y                  -       B2->Y   R     AOI22xp33_ASAP7_75t_R        1  0.8    63    50     887    (-,-) 
  u_apb_i2c/g19026/Y                  -       C->Y    F     NAND3xp33_ASAP7_75t_R        1  0.8    44    32     919    (-,-) 
  u_apb_i2c/g19017/Y                  -       C->Y    R     AOI221xp5_ASAP7_75t_R        1  0.9    72    44     964    (-,-) 
  u_apb_i2c/g19008/Y                  -       A->Y    F     NAND5xp2_ASAP7_75t_R         1  0.8    70    51    1014    (-,-) 
  u_apb_i2c/g19005/Y                  -       C->Y    F     AO221x1_ASAP7_75t_R          1  0.8    22    59    1073    (-,-) 
  u_apb_i2c/g19001/Y                  -       C->Y    R     AOI221xp5_ASAP7_75t_R        1  0.9    80    39    1112    (-,-) 
  u_apb_i2c/prdata_reg[0]/D           -       -       R     DFFASRHQNx1_ASAP7_75t_R      1    -     -     0    1112    (-,-) 
#----------------------------------------------------------------------------------------------------------------------------



Path 2: MET (2808 ps) Setup Check with Pin u_apb_i2c/prdata_reg[3]/CLK->D
           View: view_ss
          Group: CLK_I2C
     Startpoint: (R) u_axi_to_apb_m_apb_paddr_reg[4]/CLK
          Clock: (R) CLK_SYS
       Endpoint: (R) u_apb_i2c/prdata_reg[3]/D
          Clock: (R) CLK_I2C

                     Capture       Launch     
        Clock Edge:+    4000            0     
       Src Latency:+     100          150     
       Net Latency:+       0 (I)        0 (I) 
           Arrival:=    4100          150     
                                              
             Setup:-      30                  
       Uncertainty:-     150                  
     Required Time:=    3920                  
      Launch Clock:-     150                  
         Data Path:-     963                  
             Slack:=    2808                  

#----------------------------------------------------------------------------------------------------------------------------
#            Timing Point             Flags    Arc    Edge          Cell            Fanout Load Trans Delay Arrival Instance 
#                                                                                          (fF)  (ps)  (ps)   (ps)  Location 
#----------------------------------------------------------------------------------------------------------------------------
  u_axi_to_apb_m_apb_paddr_reg[4]/CLK -       -       R     (arrival)                   69    -    40     0     150    (-,-) 
  u_axi_to_apb_m_apb_paddr_reg[4]/QN  -       CLK->QN R     DFFASRHQNx1_ASAP7_75t_R      2  1.5    42    96     246    (-,-) 
  g123993/Y                           -       A->Y    R     BUFx2_ASAP7_75t_R           15  8.3    64    60     307    (-,-) 
  u_apb_i2c/g19581/Y                  -       A->Y    F     INVxp33_ASAP7_75t_R          1  0.8    40    37     344    (-,-) 
  u_apb_i2c/g19254/Y                  -       C->Y    R     NAND3xp33_ASAP7_75t_R        2  1.4    49    36     380    (-,-) 
  u_apb_i2c/g19248/Y                  -       A->Y    F     INVxp33_ASAP7_75t_R          1  0.7    33    31     411    (-,-) 
  u_apb_i2c/g19236/Y                  -       B->Y    R     NAND2xp33_ASAP7_75t_R        2  1.6    86    50     461    (-,-) 
  u_apb_i2c/g19221/Y                  -       B->Y    F     NOR2xp33_ASAP7_75t_R         3  1.9    74    65     526    (-,-) 
  u_apb_i2c/g19213/Y                  -       A->Y    R     INVxp33_ASAP7_75t_R          1  0.7    51    43     568    (-,-) 
  u_apb_i2c/g19201/Y                  -       B->Y    F     NOR2xp33_ASAP7_75t_R         2  1.2    54    42     610    (-,-) 
  u_apb_i2c/g19176/Y                  -       B->Y    R     NAND2xp33_ASAP7_75t_R        4  2.1   108    67     677    (-,-) 
  u_apb_i2c/g19145/Y                  -       B->Y    F     NOR2xp33_ASAP7_75t_R         1  0.7    55    47     724    (-,-) 
  u_apb_i2c/drc_bufs19633/Y           -       A->Y    R     INVxp33_ASAP7_75t_R          2  1.2    64    48     772    (-,-) 
  u_apb_i2c/drc_bufs19632/Y           -       A->Y    F     INVxp33_ASAP7_75t_R          4  2.6    86    66     837    (-,-) 
  u_apb_i2c/g18944/Y                  -       B2->Y   R     AOI22xp33_ASAP7_75t_R        1  0.8    63    50     887    (-,-) 
  u_apb_i2c/g18926/Y                  -       C->Y    F     NAND3xp33_ASAP7_75t_R        1  0.8    44    32     919    (-,-) 
  u_apb_i2c/g18916/Y                  -       C->Y    R     AOI221xp5_ASAP7_75t_R        1  0.9    72    44     963    (-,-) 
  u_apb_i2c/g18906/Y                  -       A->Y    F     NAND5xp2_ASAP7_75t_R         1  0.8    70    51    1014    (-,-) 
  u_apb_i2c/g18903/Y                  -       C->Y    F     AO221x1_ASAP7_75t_R          1  0.8    22    59    1073    (-,-) 
  u_apb_i2c/g18899/Y                  -       C->Y    R     AOI221xp5_ASAP7_75t_R        1  0.9    73    40    1113    (-,-) 
  u_apb_i2c/prdata_reg[3]/D           -       -       R     DFFASRHQNx1_ASAP7_75t_R      1    -     -     0    1113    (-,-) 
#----------------------------------------------------------------------------------------------------------------------------



Path 3: MET (2814 ps) Setup Check with Pin u_apb_i2c/prdata_reg[6]/CLK->D
           View: view_ss
          Group: CLK_I2C
     Startpoint: (R) u_axi_to_apb_m_apb_paddr_reg[4]/CLK
          Clock: (R) CLK_SYS
       Endpoint: (R) u_apb_i2c/prdata_reg[6]/D
          Clock: (R) CLK_I2C

                     Capture       Launch     
        Clock Edge:+    4000            0     
       Src Latency:+     100          150     
       Net Latency:+       0 (I)        0 (I) 
           Arrival:=    4100          150     
                                              
             Setup:-      31                  
       Uncertainty:-     150                  
     Required Time:=    3919                  
      Launch Clock:-     150                  
         Data Path:-     955                  
             Slack:=    2814                  

#----------------------------------------------------------------------------------------------------------------------------
#            Timing Point             Flags    Arc    Edge          Cell            Fanout Load Trans Delay Arrival Instance 
#                                                                                          (fF)  (ps)  (ps)   (ps)  Location 
#----------------------------------------------------------------------------------------------------------------------------
  u_axi_to_apb_m_apb_paddr_reg[4]/CLK -       -       R     (arrival)                   69    -    40     0     150    (-,-) 
  u_axi_to_apb_m_apb_paddr_reg[4]/QN  -       CLK->QN R     DFFASRHQNx1_ASAP7_75t_R      2  1.5    42    96     246    (-,-) 
  g123993/Y                           -       A->Y    R     BUFx2_ASAP7_75t_R           15  8.3    64    60     307    (-,-) 
  u_apb_i2c/g19581/Y                  -       A->Y    F     INVxp33_ASAP7_75t_R          1  0.8    40    37     344    (-,-) 
  u_apb_i2c/g19254/Y                  -       C->Y    R     NAND3xp33_ASAP7_75t_R        2  1.4    49    36     380    (-,-) 
  u_apb_i2c/g19248/Y                  -       A->Y    F     INVxp33_ASAP7_75t_R          1  0.7    33    31     411    (-,-) 
  u_apb_i2c/g19236/Y                  -       B->Y    R     NAND2xp33_ASAP7_75t_R        2  1.6    86    50     461    (-,-) 
  u_apb_i2c/g19221/Y                  -       B->Y    F     NOR2xp33_ASAP7_75t_R         3  1.9    74    65     526    (-,-) 
  u_apb_i2c/g19213/Y                  -       A->Y    R     INVxp33_ASAP7_75t_R          1  0.7    51    43     568    (-,-) 
  u_apb_i2c/g19201/Y                  -       B->Y    F     NOR2xp33_ASAP7_75t_R         2  1.2    54    42     610    (-,-) 
  u_apb_i2c/g19176/Y                  -       B->Y    R     NAND2xp33_ASAP7_75t_R        4  2.1   108    67     677    (-,-) 
  u_apb_i2c/g19151/Y                  -       B->Y    F     NOR2xp33_ASAP7_75t_R         1  0.7    51    47     724    (-,-) 
  u_apb_i2c/drc_bufs19678/Y           -       A->Y    R     INVxp33_ASAP7_75t_R          2  1.2    63    46     770    (-,-) 
  u_apb_i2c/drc_bufs19676/Y           -       A->Y    F     INVxp33_ASAP7_75t_R          4  2.6    86    65     836    (-,-) 
  u_apb_i2c/g18842/Y                  -       B2->Y   R     AOI22xp33_ASAP7_75t_R        1  0.9    67    52     888    (-,-) 
  u_apb_i2c/g18825/Y                  -       A->Y    F     NAND3xp33_ASAP7_75t_R        1  0.8    44    36     924    (-,-) 
  u_apb_i2c/g18815/Y                  -       C->Y    R     AOI221xp5_ASAP7_75t_R        1  0.9    72    44     968    (-,-) 
  u_apb_i2c/g18809/Y                  -       A->Y    F     NAND5xp2_ASAP7_75t_R         1  0.9    74    53    1021    (-,-) 
  u_apb_i2c/g18806/Y                  -       B->Y    F     AO21x1_ASAP7_75t_R           1  0.8    19    46    1067    (-,-) 
  u_apb_i2c/g18804/Y                  -       C->Y    R     AOI221xp5_ASAP7_75t_R        1  0.9    80    39    1105    (-,-) 
  u_apb_i2c/prdata_reg[6]/D           -       -       R     DFFASRHQNx1_ASAP7_75t_R      1    -     -     0    1105    (-,-) 
#----------------------------------------------------------------------------------------------------------------------------



Path 4: MET (2819 ps) Setup Check with Pin u_apb_i2c/prdata_reg[7]/CLK->D
           View: view_ss
          Group: CLK_I2C
     Startpoint: (R) u_axi_to_apb_m_apb_paddr_reg[4]/CLK
          Clock: (R) CLK_SYS
       Endpoint: (R) u_apb_i2c/prdata_reg[7]/D
          Clock: (R) CLK_I2C

                     Capture       Launch     
        Clock Edge:+    4000            0     
       Src Latency:+     100          150     
       Net Latency:+       0 (I)        0 (I) 
           Arrival:=    4100          150     
                                              
             Setup:-      30                  
       Uncertainty:-     150                  
     Required Time:=    3920                  
      Launch Clock:-     150                  
         Data Path:-     951                  
             Slack:=    2819                  

#----------------------------------------------------------------------------------------------------------------------------
#            Timing Point             Flags    Arc    Edge          Cell            Fanout Load Trans Delay Arrival Instance 
#                                                                                          (fF)  (ps)  (ps)   (ps)  Location 
#----------------------------------------------------------------------------------------------------------------------------
  u_axi_to_apb_m_apb_paddr_reg[4]/CLK -       -       R     (arrival)                   69    -    40     0     150    (-,-) 
  u_axi_to_apb_m_apb_paddr_reg[4]/QN  -       CLK->QN R     DFFASRHQNx1_ASAP7_75t_R      2  1.5    42    96     246    (-,-) 
  g123993/Y                           -       A->Y    R     BUFx2_ASAP7_75t_R           15  8.3    64    60     307    (-,-) 
  u_apb_i2c/g19581/Y                  -       A->Y    F     INVxp33_ASAP7_75t_R          1  0.8    40    37     344    (-,-) 
  u_apb_i2c/g19254/Y                  -       C->Y    R     NAND3xp33_ASAP7_75t_R        2  1.4    49    36     380    (-,-) 
  u_apb_i2c/g19248/Y                  -       A->Y    F     INVxp33_ASAP7_75t_R          1  0.7    33    31     411    (-,-) 
  u_apb_i2c/g19236/Y                  -       B->Y    R     NAND2xp33_ASAP7_75t_R        2  1.6    86    50     461    (-,-) 
  u_apb_i2c/g19221/Y                  -       B->Y    F     NOR2xp33_ASAP7_75t_R         3  1.9    74    65     526    (-,-) 
  u_apb_i2c/g19213/Y                  -       A->Y    R     INVxp33_ASAP7_75t_R          1  0.7    51    43     568    (-,-) 
  u_apb_i2c/g19201/Y                  -       B->Y    F     NOR2xp33_ASAP7_75t_R         2  1.2    54    42     610    (-,-) 
  u_apb_i2c/g19176/Y                  -       B->Y    R     NAND2xp33_ASAP7_75t_R        4  2.1   108    67     677    (-,-) 
  u_apb_i2c/g19147/Y                  -       B->Y    F     NOR2xp33_ASAP7_75t_R         1  0.7    56    47     724    (-,-) 
  u_apb_i2c/drc_bufs19696/Y           -       A->Y    R     INVxp33_ASAP7_75t_R          2  1.2    64    48     772    (-,-) 
  u_apb_i2c/drc_bufs19694/Y           -       A->Y    F     INVxp33_ASAP7_75t_R          4  2.5    84    64     836    (-,-) 
  u_apb_i2c/g18808/Y                  -       B2->Y   R     AOI22xp33_ASAP7_75t_R        1  0.8    62    49     886    (-,-) 
  u_apb_i2c/g18805/Y                  -       B->Y    F     NAND3xp33_ASAP7_75t_R        1  0.8    45    34     919    (-,-) 
  u_apb_i2c/g18803/Y                  -       C->Y    R     AOI221xp5_ASAP7_75t_R        1  0.9    72    45     964    (-,-) 
  u_apb_i2c/g18801/Y                  -       A->Y    F     NAND5xp2_ASAP7_75t_R         1  0.9    74    53    1016    (-,-) 
  u_apb_i2c/g18800/Y                  -       B->Y    F     AO21x1_ASAP7_75t_R           1  0.8    19    46    1062    (-,-) 
  u_apb_i2c/g18799/Y                  -       C->Y    R     AOI221xp5_ASAP7_75t_R        1  0.9    70    39    1101    (-,-) 
  u_apb_i2c/prdata_reg[7]/D           -       -       R     DFFASRHQNx1_ASAP7_75t_R      1    -     -     0    1101    (-,-) 
#----------------------------------------------------------------------------------------------------------------------------



Path 5: MET (2849 ps) Setup Check with Pin u_apb_i2c/prdata_reg[2]/CLK->D
           View: view_ss
          Group: CLK_I2C
     Startpoint: (R) u_axi_to_apb_m_apb_paddr_reg[4]/CLK
          Clock: (R) CLK_SYS
       Endpoint: (R) u_apb_i2c/prdata_reg[2]/D
          Clock: (R) CLK_I2C

                     Capture       Launch     
        Clock Edge:+    4000            0     
       Src Latency:+     100          150     
       Net Latency:+       0 (I)        0 (I) 
           Arrival:=    4100          150     
                                              
             Setup:-      30                  
       Uncertainty:-     150                  
     Required Time:=    3920                  
      Launch Clock:-     150                  
         Data Path:-     921                  
             Slack:=    2849                  

#----------------------------------------------------------------------------------------------------------------------------
#            Timing Point             Flags    Arc    Edge          Cell            Fanout Load Trans Delay Arrival Instance 
#                                                                                          (fF)  (ps)  (ps)   (ps)  Location 
#----------------------------------------------------------------------------------------------------------------------------
  u_axi_to_apb_m_apb_paddr_reg[4]/CLK -       -       R     (arrival)                   69    -    40     0     150    (-,-) 
  u_axi_to_apb_m_apb_paddr_reg[4]/QN  -       CLK->QN R     DFFASRHQNx1_ASAP7_75t_R      2  1.5    42    96     246    (-,-) 
  g123993/Y                           -       A->Y    R     BUFx2_ASAP7_75t_R           15  8.3    64    60     307    (-,-) 
  u_apb_i2c/g19581/Y                  -       A->Y    F     INVxp33_ASAP7_75t_R          1  0.8    40    37     344    (-,-) 
  u_apb_i2c/g19254/Y                  -       C->Y    R     NAND3xp33_ASAP7_75t_R        2  1.4    49    36     380    (-,-) 
  u_apb_i2c/g19248/Y                  -       A->Y    F     INVxp33_ASAP7_75t_R          1  0.7    33    31     411    (-,-) 
  u_apb_i2c/g19236/Y                  -       B->Y    R     NAND2xp33_ASAP7_75t_R        2  1.6    86    50     461    (-,-) 
  u_apb_i2c/g19221/Y                  -       B->Y    F     NOR2xp33_ASAP7_75t_R         3  1.9    74    65     526    (-,-) 
  u_apb_i2c/g19202/Y                  -       B->Y    F     AND2x2_ASAP7_75t_R           2  1.2    16    50     575    (-,-) 
  u_apb_i2c/g19178/Y                  -       B->Y    R     NAND2xp33_ASAP7_75t_R        4  2.1   108    53     629    (-,-) 
  u_apb_i2c/g19162/Y                  -       B->Y    F     NOR2xp33_ASAP7_75t_R         1  0.7    56    47     676    (-,-) 
  u_apb_i2c/drc_bufs19651/Y           -       A->Y    R     INVxp33_ASAP7_75t_R          2  1.2    64    48     724    (-,-) 
  u_apb_i2c/drc_bufs19649/Y           -       A->Y    F     INVxp33_ASAP7_75t_R          4  2.6    86    66     789    (-,-) 
  u_apb_i2c/g18980/Y                  -       B2->Y   R     AOI22xp33_ASAP7_75t_R        1  0.9    67    52     842    (-,-) 
  u_apb_i2c/g18960/Y                  -       A->Y    F     NAND3xp33_ASAP7_75t_R        1  0.8    44    36     877    (-,-) 
  u_apb_i2c/g18950/Y                  -       C->Y    R     AOI221xp5_ASAP7_75t_R        1  0.9    72    44     922    (-,-) 
  u_apb_i2c/g18940/Y                  -       A->Y    F     NAND5xp2_ASAP7_75t_R         1  0.8    70    51     972    (-,-) 
  u_apb_i2c/g18937/Y                  -       C->Y    F     AO221x1_ASAP7_75t_R          1  0.8    22    59    1031    (-,-) 
  u_apb_i2c/g18933/Y                  -       C->Y    R     AOI221xp5_ASAP7_75t_R        1  0.9    71    40    1071    (-,-) 
  u_apb_i2c/prdata_reg[2]/D           -       -       R     DFFASRHQNx1_ASAP7_75t_R      1    -     -     0    1071    (-,-) 
#----------------------------------------------------------------------------------------------------------------------------



Path 6: MET (2850 ps) Setup Check with Pin u_apb_i2c/prdata_reg[1]/CLK->D
           View: view_ss
          Group: CLK_I2C
     Startpoint: (R) u_axi_to_apb_m_apb_paddr_reg[4]/CLK
          Clock: (R) CLK_SYS
       Endpoint: (R) u_apb_i2c/prdata_reg[1]/D
          Clock: (R) CLK_I2C

                     Capture       Launch     
        Clock Edge:+    4000            0     
       Src Latency:+     100          150     
       Net Latency:+       0 (I)        0 (I) 
           Arrival:=    4100          150     
                                              
             Setup:-      31                  
       Uncertainty:-     150                  
     Required Time:=    3919                  
      Launch Clock:-     150                  
         Data Path:-     919                  
             Slack:=    2850                  

#----------------------------------------------------------------------------------------------------------------------------
#            Timing Point             Flags    Arc    Edge          Cell            Fanout Load Trans Delay Arrival Instance 
#                                                                                          (fF)  (ps)  (ps)   (ps)  Location 
#----------------------------------------------------------------------------------------------------------------------------
  u_axi_to_apb_m_apb_paddr_reg[4]/CLK -       -       R     (arrival)                   69    -    40     0     150    (-,-) 
  u_axi_to_apb_m_apb_paddr_reg[4]/QN  -       CLK->QN R     DFFASRHQNx1_ASAP7_75t_R      2  1.5    42    96     246    (-,-) 
  g123993/Y                           -       A->Y    R     BUFx2_ASAP7_75t_R           15  8.3    64    60     307    (-,-) 
  u_apb_i2c/g19581/Y                  -       A->Y    F     INVxp33_ASAP7_75t_R          1  0.8    40    37     344    (-,-) 
  u_apb_i2c/g19254/Y                  -       C->Y    R     NAND3xp33_ASAP7_75t_R        2  1.4    49    36     380    (-,-) 
  u_apb_i2c/g19248/Y                  -       A->Y    F     INVxp33_ASAP7_75t_R          1  0.7    33    31     411    (-,-) 
  u_apb_i2c/g19236/Y                  -       B->Y    R     NAND2xp33_ASAP7_75t_R        2  1.6    86    50     461    (-,-) 
  u_apb_i2c/g19221/Y                  -       B->Y    F     NOR2xp33_ASAP7_75t_R         3  1.9    74    65     526    (-,-) 
  u_apb_i2c/g19202/Y                  -       B->Y    F     AND2x2_ASAP7_75t_R           2  1.2    16    50     575    (-,-) 
  u_apb_i2c/g19178/Y                  -       B->Y    R     NAND2xp33_ASAP7_75t_R        4  2.1   108    53     629    (-,-) 
  u_apb_i2c/g19162/Y                  -       B->Y    F     NOR2xp33_ASAP7_75t_R         1  0.7    56    47     676    (-,-) 
  u_apb_i2c/drc_bufs19651/Y           -       A->Y    R     INVxp33_ASAP7_75t_R          2  1.2    64    48     724    (-,-) 
  u_apb_i2c/drc_bufs19650/Y           -       A->Y    F     INVxp33_ASAP7_75t_R          4  2.5    84    64     788    (-,-) 
  u_apb_i2c/g19012/Y                  -       B2->Y   R     AOI22xp33_ASAP7_75t_R        1  0.9    66    52     840    (-,-) 
  u_apb_i2c/g18994/Y                  -       A->Y    F     NAND3xp33_ASAP7_75t_R        1  0.8    44    36     875    (-,-) 
  u_apb_i2c/g18984/Y                  -       C->Y    R     AOI221xp5_ASAP7_75t_R        1  0.9    73    44     920    (-,-) 
  u_apb_i2c/g18974/Y                  -       A->Y    F     NAND5xp2_ASAP7_75t_R         1  0.8    70    51     970    (-,-) 
  u_apb_i2c/g18971/Y                  -       C->Y    F     AO221x1_ASAP7_75t_R          1  0.8    22    59    1029    (-,-) 
  u_apb_i2c/g18967/Y                  -       C->Y    R     AOI221xp5_ASAP7_75t_R        1  0.9    80    39    1069    (-,-) 
  u_apb_i2c/prdata_reg[1]/D           -       -       R     DFFASRHQNx1_ASAP7_75t_R      1    -     -     0    1069    (-,-) 
#----------------------------------------------------------------------------------------------------------------------------



Path 7: MET (2852 ps) Setup Check with Pin u_apb_i2c/prdata_reg[4]/CLK->D
           View: view_ss
          Group: CLK_I2C
     Startpoint: (R) u_axi_to_apb_m_apb_paddr_reg[4]/CLK
          Clock: (R) CLK_SYS
       Endpoint: (R) u_apb_i2c/prdata_reg[4]/D
          Clock: (R) CLK_I2C

                     Capture       Launch     
        Clock Edge:+    4000            0     
       Src Latency:+     100          150     
       Net Latency:+       0 (I)        0 (I) 
           Arrival:=    4100          150     
                                              
             Setup:-      31                  
       Uncertainty:-     150                  
     Required Time:=    3919                  
      Launch Clock:-     150                  
         Data Path:-     918                  
             Slack:=    2852                  

#----------------------------------------------------------------------------------------------------------------------------
#            Timing Point             Flags    Arc    Edge          Cell            Fanout Load Trans Delay Arrival Instance 
#                                                                                          (fF)  (ps)  (ps)   (ps)  Location 
#----------------------------------------------------------------------------------------------------------------------------
  u_axi_to_apb_m_apb_paddr_reg[4]/CLK -       -       R     (arrival)                   69    -    40     0     150    (-,-) 
  u_axi_to_apb_m_apb_paddr_reg[4]/QN  -       CLK->QN R     DFFASRHQNx1_ASAP7_75t_R      2  1.5    42    96     246    (-,-) 
  g123993/Y                           -       A->Y    R     BUFx2_ASAP7_75t_R           15  8.3    64    60     307    (-,-) 
  u_apb_i2c/g19581/Y                  -       A->Y    F     INVxp33_ASAP7_75t_R          1  0.8    40    37     344    (-,-) 
  u_apb_i2c/g19254/Y                  -       C->Y    R     NAND3xp33_ASAP7_75t_R        2  1.4    49    36     380    (-,-) 
  u_apb_i2c/g19248/Y                  -       A->Y    F     INVxp33_ASAP7_75t_R          1  0.7    33    31     411    (-,-) 
  u_apb_i2c/g19236/Y                  -       B->Y    R     NAND2xp33_ASAP7_75t_R        2  1.6    86    50     461    (-,-) 
  u_apb_i2c/g19221/Y                  -       B->Y    F     NOR2xp33_ASAP7_75t_R         3  1.9    74    65     526    (-,-) 
  u_apb_i2c/g19213/Y                  -       A->Y    R     INVxp33_ASAP7_75t_R          1  0.7    51    43     568    (-,-) 
  u_apb_i2c/g19201/Y                  -       B->Y    F     NOR2xp33_ASAP7_75t_R         2  1.2    54    42     610    (-,-) 
  u_apb_i2c/g19176/Y                  -       B->Y    R     NAND2xp33_ASAP7_75t_R        4  2.1   108    67     677    (-,-) 
  u_apb_i2c/g19145/Y                  -       B->Y    F     NOR2xp33_ASAP7_75t_R         1  0.7    55    47     724    (-,-) 
  u_apb_i2c/drc_bufs19633/Y           -       A->Y    R     INVxp33_ASAP7_75t_R          2  1.2    64    48     772    (-,-) 
  u_apb_i2c/drc_bufs19631/Y           -       A->Y    F     INVxp33_ASAP7_75t_R          4  2.7    89    67     839    (-,-) 
  u_apb_i2c/g18909/Y                  -       B2->Y   R     AOI22xp33_ASAP7_75t_R        1  0.8    64    50     889    (-,-) 
  u_apb_i2c/g18892/Y                  -       B->Y    F     NAND3xp33_ASAP7_75t_R        1  0.8    44    34     923    (-,-) 
  u_apb_i2c/g18882/Y                  -       C->Y    R     AOI221xp5_ASAP7_75t_R        1  0.9    72    44     967    (-,-) 
  u_apb_i2c/g18872/Y                  -       A->Y    F     NAND5xp2_ASAP7_75t_R         1  0.8    70    51    1018    (-,-) 
  u_apb_i2c/g18869/Y                  -       C->Y    R     AOI221xp5_ASAP7_75t_R        1  0.9    80    50    1068    (-,-) 
  u_apb_i2c/prdata_reg[4]/D           -       -       R     DFFASRHQNx1_ASAP7_75t_R      1    -     -     0    1068    (-,-) 
#----------------------------------------------------------------------------------------------------------------------------



Path 8: MET (2899 ps) Setup Check with Pin u_apb_i2c/prdata_reg[5]/CLK->D
           View: view_ss
          Group: CLK_I2C
     Startpoint: (R) u_axi_to_apb_m_apb_paddr_reg[4]/CLK
          Clock: (R) CLK_SYS
       Endpoint: (R) u_apb_i2c/prdata_reg[5]/D
          Clock: (R) CLK_I2C

                     Capture       Launch     
        Clock Edge:+    4000            0     
       Src Latency:+     100          150     
       Net Latency:+       0 (I)        0 (I) 
           Arrival:=    4100          150     
                                              
             Setup:-      31                  
       Uncertainty:-     150                  
     Required Time:=    3919                  
      Launch Clock:-     150                  
         Data Path:-     870                  
             Slack:=    2899                  

#----------------------------------------------------------------------------------------------------------------------------
#            Timing Point             Flags    Arc    Edge          Cell            Fanout Load Trans Delay Arrival Instance 
#                                                                                          (fF)  (ps)  (ps)   (ps)  Location 
#----------------------------------------------------------------------------------------------------------------------------
  u_axi_to_apb_m_apb_paddr_reg[4]/CLK -       -       R     (arrival)                   69    -    40     0     150    (-,-) 
  u_axi_to_apb_m_apb_paddr_reg[4]/QN  -       CLK->QN R     DFFASRHQNx1_ASAP7_75t_R      2  1.5    42    96     246    (-,-) 
  g123993/Y                           -       A->Y    R     BUFx2_ASAP7_75t_R           15  8.3    64    60     307    (-,-) 
  u_apb_i2c/g19581/Y                  -       A->Y    F     INVxp33_ASAP7_75t_R          1  0.8    40    37     344    (-,-) 
  u_apb_i2c/g19254/Y                  -       C->Y    R     NAND3xp33_ASAP7_75t_R        2  1.4    49    36     380    (-,-) 
  u_apb_i2c/g19248/Y                  -       A->Y    F     INVxp33_ASAP7_75t_R          1  0.7    33    31     411    (-,-) 
  u_apb_i2c/g19236/Y                  -       B->Y    R     NAND2xp33_ASAP7_75t_R        2  1.6    86    50     461    (-,-) 
  u_apb_i2c/g19221/Y                  -       B->Y    F     NOR2xp33_ASAP7_75t_R         3  1.9    74    65     526    (-,-) 
  u_apb_i2c/g19202/Y                  -       B->Y    F     AND2x2_ASAP7_75t_R           2  1.2    16    50     575    (-,-) 
  u_apb_i2c/g19178/Y                  -       B->Y    R     NAND2xp33_ASAP7_75t_R        4  2.1   108    53     629    (-,-) 
  u_apb_i2c/g19162/Y                  -       B->Y    F     NOR2xp33_ASAP7_75t_R         1  0.7    56    47     676    (-,-) 
  u_apb_i2c/drc_bufs19651/Y           -       A->Y    R     INVxp33_ASAP7_75t_R          2  1.2    64    48     724    (-,-) 
  u_apb_i2c/drc_bufs19650/Y           -       A->Y    F     INVxp33_ASAP7_75t_R          4  2.5    84    64     788    (-,-) 
  u_apb_i2c/g18878/Y                  -       B2->Y   R     AOI22xp33_ASAP7_75t_R        1  0.9    66    52     840    (-,-) 
  u_apb_i2c/g18858/Y                  -       A->Y    F     NAND3xp33_ASAP7_75t_R        1  0.8    44    36     875    (-,-) 
  u_apb_i2c/g18848/Y                  -       C->Y    R     AOI221xp5_ASAP7_75t_R        1  0.9    73    44     920    (-,-) 
  u_apb_i2c/g18839/Y                  -       A->Y    F     NAND5xp2_ASAP7_75t_R         1  0.8    70    51     970    (-,-) 
  u_apb_i2c/g18836/Y                  -       C->Y    R     AOI221xp5_ASAP7_75t_R        1  0.9    80    50    1020    (-,-) 
  u_apb_i2c/prdata_reg[5]/D           -       -       R     DFFASRHQNx1_ASAP7_75t_R      1    -     -     0    1020    (-,-) 
#----------------------------------------------------------------------------------------------------------------------------



Path 9: MET (2978 ps) Setup Check with Pin u_apb_i2c/reg_stat_reg[1]/CLK->D
           View: view_ss
          Group: CLK_I2C
     Startpoint: (R) u_axi_to_apb_m_apb_paddr_reg[25]/CLK
          Clock: (R) CLK_SYS
       Endpoint: (R) u_apb_i2c/reg_stat_reg[1]/D
          Clock: (R) CLK_I2C

                     Capture       Launch     
        Clock Edge:+    4000            0     
       Src Latency:+     100          150     
       Net Latency:+       0 (I)        0 (I) 
           Arrival:=    4100          150     
                                              
             Setup:-      30                  
       Uncertainty:-     150                  
     Required Time:=    3920                  
      Launch Clock:-     150                  
         Data Path:-     792                  
             Slack:=    2978                  

#-----------------------------------------------------------------------------------------------------------------------------
#            Timing Point              Flags    Arc    Edge          Cell            Fanout Load Trans Delay Arrival Instance 
#                                                                                           (fF)  (ps)  (ps)   (ps)  Location 
#-----------------------------------------------------------------------------------------------------------------------------
  u_axi_to_apb_m_apb_paddr_reg[25]/CLK -       -       R     (arrival)                   69    -    40     0     150    (-,-) 
  u_axi_to_apb_m_apb_paddr_reg[25]/QN  -       CLK->QN F     DFFASRHQNx1_ASAP7_75t_R      2  1.6    46   104     254    (-,-) 
  g124450/Y                            -       C->Y    F     OR4x1_ASAP7_75t_R            2  1.6    32    71     324    (-,-) 
  g124448/Y                            -       B->Y    F     OR2x2_ASAP7_75t_R            2  1.7    19    43     368    (-,-) 
  g124447/Y                            -       A->Y    F     OR3x1_ASAP7_75t_R           11  8.4    92    86     454    (-,-) 
  g124445/Y                            -       A->Y    R     NOR3xp33_ASAP7_75t_R         4  2.4   127    82     536    (-,-) 
  u_apb_i2c/g19550/Y                   -       B->Y    F     NAND2xp33_ASAP7_75t_R        2  1.4    69    58     594    (-,-) 
  u_apb_i2c/g19469/Y                   -       A->Y    R     INVxp33_ASAP7_75t_R          1  0.9    57    46     640    (-,-) 
  u_apb_i2c/g19342/Y                   -       B->Y    F     NAND2xp5_ASAP7_75t_R         6  3.8    93    57     697    (-,-) 
  u_apb_i2c/g19209/Y                   -       B->Y    R     NOR2xp33_ASAP7_75t_R         2  1.5    86    63     760    (-,-) 
  u_apb_i2c/g19189/Y                   -       B->Y    F     OAI21xp33_ASAP7_75t_R        2  1.4    58    48     808    (-,-) 
  u_apb_i2c/g12356/Y                   -       B->Y    R     NAND2xp33_ASAP7_75t_R        2  1.3    81    53     860    (-,-) 
  u_apb_i2c/g12348/Y                   -       A->Y    F     INVxp33_ASAP7_75t_R          1  0.8    44    42     902    (-,-) 
  u_apb_i2c/g12309/Y                   -       A2->Y   R     AOI22xp33_ASAP7_75t_R        1  0.9    70    40     942    (-,-) 
  u_apb_i2c/reg_stat_reg[1]/D          -       -       R     DFFASRHQNx1_ASAP7_75t_R      1    -     -     0     942    (-,-) 
#-----------------------------------------------------------------------------------------------------------------------------



Path 10: MET (2984 ps) Setup Check with Pin u_apb_i2c/scl_out_reg/CLK->D
           View: view_ss
          Group: CLK_I2C
     Startpoint: (R) u_apb_i2c/tick_cnt_reg[0]/CLK
          Clock: (R) CLK_I2C
       Endpoint: (R) u_apb_i2c/scl_out_reg/D
          Clock: (R) CLK_I2C

                     Capture       Launch     
        Clock Edge:+    4000            0     
       Src Latency:+     100          150     
       Net Latency:+       0 (I)        0 (I) 
           Arrival:=    4100          150     
                                              
             Setup:-      30                  
       Uncertainty:-     150                  
     Required Time:=    3920                  
      Launch Clock:-     150                  
         Data Path:-     787                  
             Slack:=    2984                  

#----------------------------------------------------------------------------------------------------------------------
#         Timing Point          Flags    Arc    Edge          Cell            Fanout Load Trans Delay Arrival Instance 
#                                                                                    (fF)  (ps)  (ps)   (ps)  Location 
#----------------------------------------------------------------------------------------------------------------------
  u_apb_i2c/tick_cnt_reg[0]/CLK -       -       R     (arrival)                   16    -    40     0     150    (-,-) 
  u_apb_i2c/tick_cnt_reg[0]/QN  -       CLK->QN F     DFFASRHQNx1_ASAP7_75t_R      4  2.5    56   112     262    (-,-) 
  u_apb_i2c/g19357/Y            -       B->Y    F     OR3x1_ASAP7_75t_R            3  1.9    31    62     324    (-,-) 
  u_apb_i2c/g19303/Y            -       B->Y    F     OR2x2_ASAP7_75t_R            4  2.5    23    46     370    (-,-) 
  u_apb_i2c/g19272/Y            -       A->Y    F     OR5x1_ASAP7_75t_R            4  2.7    47    78     448    (-,-) 
  u_apb_i2c/g19255/Y            -       A->Y    F     OR3x1_ASAP7_75t_R            4  2.6    38    63     512    (-,-) 
  u_apb_i2c/g19240/Y            -       A->Y    F     OR3x1_ASAP7_75t_R            4  2.5    37    60     572    (-,-) 
  u_apb_i2c/g19234/Y            -       A->Y    F     OR3x1_ASAP7_75t_R            4  2.5    37    60     632    (-,-) 
  u_apb_i2c/g19212/Y            -       A->Y    F     OR3x1_ASAP7_75t_R            7  5.4    64    76     708    (-,-) 
  u_apb_i2c/g19190/Y            -       B->Y    R     AOI31xp33_ASAP7_75t_R        1  0.7    56    46     754    (-,-) 
  u_apb_i2c/g19179/Y            -       A->Y    F     INVxp33_ASAP7_75t_R          3  2.0    69    54     808    (-,-) 
  u_apb_i2c/g19157/Y            -       C->Y    R     A2O1A1Ixp33_ASAP7_75t_R      3  1.9    75    49     857    (-,-) 
  u_apb_i2c/g12416/Y            -       A->Y    F     INVxp33_ASAP7_75t_R          1  0.8    43    40     897    (-,-) 
  u_apb_i2c/g12339/Y            -       A2->Y   R     AOI22xp33_ASAP7_75t_R        1  0.9    70    40     937    (-,-) 
  u_apb_i2c/scl_out_reg/D       -       -       R     DFFASRHQNx1_ASAP7_75t_R      1    -     -     0     937    (-,-) 
#----------------------------------------------------------------------------------------------------------------------



Path 11: MET (2992 ps) Setup Check with Pin u_apb_i2c/tick_cnt_reg[15]/CLK->D
           View: view_ss
          Group: CLK_I2C
     Startpoint: (R) u_apb_i2c/tick_cnt_reg[0]/CLK
          Clock: (R) CLK_I2C
       Endpoint: (R) u_apb_i2c/tick_cnt_reg[15]/D
          Clock: (R) CLK_I2C

                     Capture       Launch     
        Clock Edge:+    4000            0     
       Src Latency:+     100          150     
       Net Latency:+       0 (I)        0 (I) 
           Arrival:=    4100          150     
                                              
             Setup:-      30                  
       Uncertainty:-     150                  
     Required Time:=    3920                  
      Launch Clock:-     150                  
         Data Path:-     778                  
             Slack:=    2992                  

#----------------------------------------------------------------------------------------------------------------------
#         Timing Point          Flags    Arc    Edge          Cell            Fanout Load Trans Delay Arrival Instance 
#                                                                                    (fF)  (ps)  (ps)   (ps)  Location 
#----------------------------------------------------------------------------------------------------------------------
  u_apb_i2c/tick_cnt_reg[0]/CLK -       -       R     (arrival)                   16    -    40     0     150    (-,-) 
  u_apb_i2c/tick_cnt_reg[0]/QN  -       CLK->QN F     DFFASRHQNx1_ASAP7_75t_R      4  2.5    56   112     262    (-,-) 
  u_apb_i2c/g19357/Y            -       B->Y    F     OR3x1_ASAP7_75t_R            3  1.9    31    62     324    (-,-) 
  u_apb_i2c/g19303/Y            -       B->Y    F     OR2x2_ASAP7_75t_R            4  2.5    23    46     370    (-,-) 
  u_apb_i2c/g19272/Y            -       A->Y    F     OR5x1_ASAP7_75t_R            4  2.7    47    78     448    (-,-) 
  u_apb_i2c/g19255/Y            -       A->Y    F     OR3x1_ASAP7_75t_R            4  2.6    38    63     512    (-,-) 
  u_apb_i2c/g19240/Y            -       A->Y    F     OR3x1_ASAP7_75t_R            4  2.5    37    60     572    (-,-) 
  u_apb_i2c/g19234/Y            -       A->Y    F     OR3x1_ASAP7_75t_R            4  2.5    37    60     632    (-,-) 
  u_apb_i2c/g19212/Y            -       A->Y    F     OR3x1_ASAP7_75t_R            7  5.4    64    76     708    (-,-) 
  u_apb_i2c/g19136/Y            -       B->Y    R     NAND2x1p5_ASAP7_75t_R       19 11.6   118    74     782    (-,-) 
  u_apb_i2c/g12419/Y            -       A->Y    F     INVx1_ASAP7_75t_R           15  9.0   109    90     872    (-,-) 
  u_apb_i2c/g12310/Y            -       A1->Y   R     AOI32xp33_ASAP7_75t_R        1  0.9    74    56     928    (-,-) 
  u_apb_i2c/tick_cnt_reg[15]/D  -       -       R     DFFASRHQNx1_ASAP7_75t_R      1    -     -     0     928    (-,-) 
#----------------------------------------------------------------------------------------------------------------------



Path 12: MET (2997 ps) Setup Check with Pin u_apb_i2c/tick_cnt_reg[10]/CLK->D
           View: view_ss
          Group: CLK_I2C
     Startpoint: (R) u_apb_i2c/tick_cnt_reg[0]/CLK
          Clock: (R) CLK_I2C
       Endpoint: (R) u_apb_i2c/tick_cnt_reg[10]/D
          Clock: (R) CLK_I2C

                     Capture       Launch     
        Clock Edge:+    4000            0     
       Src Latency:+     100          150     
       Net Latency:+       0 (I)        0 (I) 
           Arrival:=    4100          150     
                                              
             Setup:-      29                  
       Uncertainty:-     150                  
     Required Time:=    3921                  
      Launch Clock:-     150                  
         Data Path:-     774                  
             Slack:=    2997                  

#----------------------------------------------------------------------------------------------------------------------
#         Timing Point          Flags    Arc    Edge          Cell            Fanout Load Trans Delay Arrival Instance 
#                                                                                    (fF)  (ps)  (ps)   (ps)  Location 
#----------------------------------------------------------------------------------------------------------------------
  u_apb_i2c/tick_cnt_reg[0]/CLK -       -       R     (arrival)                   16    -    40     0     150    (-,-) 
  u_apb_i2c/tick_cnt_reg[0]/QN  -       CLK->QN F     DFFASRHQNx1_ASAP7_75t_R      4  2.5    56   112     262    (-,-) 
  u_apb_i2c/g19357/Y            -       B->Y    F     OR3x1_ASAP7_75t_R            3  1.9    31    62     324    (-,-) 
  u_apb_i2c/g19303/Y            -       B->Y    F     OR2x2_ASAP7_75t_R            4  2.5    23    46     370    (-,-) 
  u_apb_i2c/g19272/Y            -       A->Y    F     OR5x1_ASAP7_75t_R            4  2.7    47    78     448    (-,-) 
  u_apb_i2c/g19255/Y            -       A->Y    F     OR3x1_ASAP7_75t_R            4  2.6    38    63     512    (-,-) 
  u_apb_i2c/g19240/Y            -       A->Y    F     OR3x1_ASAP7_75t_R            4  2.5    37    60     572    (-,-) 
  u_apb_i2c/g19234/Y            -       A->Y    F     OR3x1_ASAP7_75t_R            4  2.5    37    60     632    (-,-) 
  u_apb_i2c/g19212/Y            -       A->Y    F     OR3x1_ASAP7_75t_R            7  5.4    64    76     708    (-,-) 
  u_apb_i2c/g19136/Y            -       B->Y    R     NAND2x1p5_ASAP7_75t_R       19 11.6   118    74     782    (-,-) 
  u_apb_i2c/g12419/Y            -       A->Y    F     INVx1_ASAP7_75t_R           15  9.0   109    90     872    (-,-) 
  u_apb_i2c/g12275/Y            -       A2->Y   R     AOI22xp33_ASAP7_75t_R        1  0.9    67    52     924    (-,-) 
  u_apb_i2c/tick_cnt_reg[10]/D  -       -       R     DFFASRHQNx1_ASAP7_75t_R      1    -     -     0     924    (-,-) 
#----------------------------------------------------------------------------------------------------------------------



Path 13: MET (2997 ps) Setup Check with Pin u_apb_i2c/tick_cnt_reg[9]/CLK->D
           View: view_ss
          Group: CLK_I2C
     Startpoint: (R) u_apb_i2c/tick_cnt_reg[0]/CLK
          Clock: (R) CLK_I2C
       Endpoint: (R) u_apb_i2c/tick_cnt_reg[9]/D
          Clock: (R) CLK_I2C

                     Capture       Launch     
        Clock Edge:+    4000            0     
       Src Latency:+     100          150     
       Net Latency:+       0 (I)        0 (I) 
           Arrival:=    4100          150     
                                              
             Setup:-      29                  
       Uncertainty:-     150                  
     Required Time:=    3921                  
      Launch Clock:-     150                  
         Data Path:-     774                  
             Slack:=    2997                  

#----------------------------------------------------------------------------------------------------------------------
#         Timing Point          Flags    Arc    Edge          Cell            Fanout Load Trans Delay Arrival Instance 
#                                                                                    (fF)  (ps)  (ps)   (ps)  Location 
#----------------------------------------------------------------------------------------------------------------------
  u_apb_i2c/tick_cnt_reg[0]/CLK -       -       R     (arrival)                   16    -    40     0     150    (-,-) 
  u_apb_i2c/tick_cnt_reg[0]/QN  -       CLK->QN F     DFFASRHQNx1_ASAP7_75t_R      4  2.5    56   112     262    (-,-) 
  u_apb_i2c/g19357/Y            -       B->Y    F     OR3x1_ASAP7_75t_R            3  1.9    31    62     324    (-,-) 
  u_apb_i2c/g19303/Y            -       B->Y    F     OR2x2_ASAP7_75t_R            4  2.5    23    46     370    (-,-) 
  u_apb_i2c/g19272/Y            -       A->Y    F     OR5x1_ASAP7_75t_R            4  2.7    47    78     448    (-,-) 
  u_apb_i2c/g19255/Y            -       A->Y    F     OR3x1_ASAP7_75t_R            4  2.6    38    63     512    (-,-) 
  u_apb_i2c/g19240/Y            -       A->Y    F     OR3x1_ASAP7_75t_R            4  2.5    37    60     572    (-,-) 
  u_apb_i2c/g19234/Y            -       A->Y    F     OR3x1_ASAP7_75t_R            4  2.5    37    60     632    (-,-) 
  u_apb_i2c/g19212/Y            -       A->Y    F     OR3x1_ASAP7_75t_R            7  5.4    64    76     708    (-,-) 
  u_apb_i2c/g19136/Y            -       B->Y    R     NAND2x1p5_ASAP7_75t_R       19 11.6   118    74     782    (-,-) 
  u_apb_i2c/g12419/Y            -       A->Y    F     INVx1_ASAP7_75t_R           15  9.0   109    90     872    (-,-) 
  u_apb_i2c/g12254/Y            -       A2->Y   R     AOI22xp33_ASAP7_75t_R        1  0.9    67    52     924    (-,-) 
  u_apb_i2c/tick_cnt_reg[9]/D   -       -       R     DFFASRHQNx1_ASAP7_75t_R      1    -     -     0     924    (-,-) 
#----------------------------------------------------------------------------------------------------------------------



Path 14: MET (2997 ps) Setup Check with Pin u_apb_i2c/tick_cnt_reg[8]/CLK->D
           View: view_ss
          Group: CLK_I2C
     Startpoint: (R) u_apb_i2c/tick_cnt_reg[0]/CLK
          Clock: (R) CLK_I2C
       Endpoint: (R) u_apb_i2c/tick_cnt_reg[8]/D
          Clock: (R) CLK_I2C

                     Capture       Launch     
        Clock Edge:+    4000            0     
       Src Latency:+     100          150     
       Net Latency:+       0 (I)        0 (I) 
           Arrival:=    4100          150     
                                              
             Setup:-      29                  
       Uncertainty:-     150                  
     Required Time:=    3921                  
      Launch Clock:-     150                  
         Data Path:-     774                  
             Slack:=    2997                  

#----------------------------------------------------------------------------------------------------------------------
#         Timing Point          Flags    Arc    Edge          Cell            Fanout Load Trans Delay Arrival Instance 
#                                                                                    (fF)  (ps)  (ps)   (ps)  Location 
#----------------------------------------------------------------------------------------------------------------------
  u_apb_i2c/tick_cnt_reg[0]/CLK -       -       R     (arrival)                   16    -    40     0     150    (-,-) 
  u_apb_i2c/tick_cnt_reg[0]/QN  -       CLK->QN F     DFFASRHQNx1_ASAP7_75t_R      4  2.5    56   112     262    (-,-) 
  u_apb_i2c/g19357/Y            -       B->Y    F     OR3x1_ASAP7_75t_R            3  1.9    31    62     324    (-,-) 
  u_apb_i2c/g19303/Y            -       B->Y    F     OR2x2_ASAP7_75t_R            4  2.5    23    46     370    (-,-) 
  u_apb_i2c/g19272/Y            -       A->Y    F     OR5x1_ASAP7_75t_R            4  2.7    47    78     448    (-,-) 
  u_apb_i2c/g19255/Y            -       A->Y    F     OR3x1_ASAP7_75t_R            4  2.6    38    63     512    (-,-) 
  u_apb_i2c/g19240/Y            -       A->Y    F     OR3x1_ASAP7_75t_R            4  2.5    37    60     572    (-,-) 
  u_apb_i2c/g19234/Y            -       A->Y    F     OR3x1_ASAP7_75t_R            4  2.5    37    60     632    (-,-) 
  u_apb_i2c/g19212/Y            -       A->Y    F     OR3x1_ASAP7_75t_R            7  5.4    64    76     708    (-,-) 
  u_apb_i2c/g19136/Y            -       B->Y    R     NAND2x1p5_ASAP7_75t_R       19 11.6   118    74     782    (-,-) 
  u_apb_i2c/g12419/Y            -       A->Y    F     INVx1_ASAP7_75t_R           15  9.0   109    90     872    (-,-) 
  u_apb_i2c/g12277/Y            -       A2->Y   R     AOI22xp33_ASAP7_75t_R        1  0.9    67    52     924    (-,-) 
  u_apb_i2c/tick_cnt_reg[8]/D   -       -       R     DFFASRHQNx1_ASAP7_75t_R      1    -     -     0     924    (-,-) 
#----------------------------------------------------------------------------------------------------------------------



Path 15: MET (2997 ps) Setup Check with Pin u_apb_i2c/tick_cnt_reg[6]/CLK->D
           View: view_ss
          Group: CLK_I2C
     Startpoint: (R) u_apb_i2c/tick_cnt_reg[0]/CLK
          Clock: (R) CLK_I2C
       Endpoint: (R) u_apb_i2c/tick_cnt_reg[6]/D
          Clock: (R) CLK_I2C

                     Capture       Launch     
        Clock Edge:+    4000            0     
       Src Latency:+     100          150     
       Net Latency:+       0 (I)        0 (I) 
           Arrival:=    4100          150     
                                              
             Setup:-      29                  
       Uncertainty:-     150                  
     Required Time:=    3921                  
      Launch Clock:-     150                  
         Data Path:-     774                  
             Slack:=    2997                  

#----------------------------------------------------------------------------------------------------------------------
#         Timing Point          Flags    Arc    Edge          Cell            Fanout Load Trans Delay Arrival Instance 
#                                                                                    (fF)  (ps)  (ps)   (ps)  Location 
#----------------------------------------------------------------------------------------------------------------------
  u_apb_i2c/tick_cnt_reg[0]/CLK -       -       R     (arrival)                   16    -    40     0     150    (-,-) 
  u_apb_i2c/tick_cnt_reg[0]/QN  -       CLK->QN F     DFFASRHQNx1_ASAP7_75t_R      4  2.5    56   112     262    (-,-) 
  u_apb_i2c/g19357/Y            -       B->Y    F     OR3x1_ASAP7_75t_R            3  1.9    31    62     324    (-,-) 
  u_apb_i2c/g19303/Y            -       B->Y    F     OR2x2_ASAP7_75t_R            4  2.5    23    46     370    (-,-) 
  u_apb_i2c/g19272/Y            -       A->Y    F     OR5x1_ASAP7_75t_R            4  2.7    47    78     448    (-,-) 
  u_apb_i2c/g19255/Y            -       A->Y    F     OR3x1_ASAP7_75t_R            4  2.6    38    63     512    (-,-) 
  u_apb_i2c/g19240/Y            -       A->Y    F     OR3x1_ASAP7_75t_R            4  2.5    37    60     572    (-,-) 
  u_apb_i2c/g19234/Y            -       A->Y    F     OR3x1_ASAP7_75t_R            4  2.5    37    60     632    (-,-) 
  u_apb_i2c/g19212/Y            -       A->Y    F     OR3x1_ASAP7_75t_R            7  5.4    64    76     708    (-,-) 
  u_apb_i2c/g19136/Y            -       B->Y    R     NAND2x1p5_ASAP7_75t_R       19 11.6   118    74     782    (-,-) 
  u_apb_i2c/g12419/Y            -       A->Y    F     INVx1_ASAP7_75t_R           15  9.0   109    90     872    (-,-) 
  u_apb_i2c/g12239/Y            -       A2->Y   R     AOI22xp33_ASAP7_75t_R        1  0.9    67    52     924    (-,-) 
  u_apb_i2c/tick_cnt_reg[6]/D   -       -       R     DFFASRHQNx1_ASAP7_75t_R      1    -     -     0     924    (-,-) 
#----------------------------------------------------------------------------------------------------------------------



Path 16: MET (2997 ps) Setup Check with Pin u_apb_i2c/tick_cnt_reg[5]/CLK->D
           View: view_ss
          Group: CLK_I2C
     Startpoint: (R) u_apb_i2c/tick_cnt_reg[0]/CLK
          Clock: (R) CLK_I2C
       Endpoint: (R) u_apb_i2c/tick_cnt_reg[5]/D
          Clock: (R) CLK_I2C

                     Capture       Launch     
        Clock Edge:+    4000            0     
       Src Latency:+     100          150     
       Net Latency:+       0 (I)        0 (I) 
           Arrival:=    4100          150     
                                              
             Setup:-      29                  
       Uncertainty:-     150                  
     Required Time:=    3921                  
      Launch Clock:-     150                  
         Data Path:-     774                  
             Slack:=    2997                  

#----------------------------------------------------------------------------------------------------------------------
#         Timing Point          Flags    Arc    Edge          Cell            Fanout Load Trans Delay Arrival Instance 
#                                                                                    (fF)  (ps)  (ps)   (ps)  Location 
#----------------------------------------------------------------------------------------------------------------------
  u_apb_i2c/tick_cnt_reg[0]/CLK -       -       R     (arrival)                   16    -    40     0     150    (-,-) 
  u_apb_i2c/tick_cnt_reg[0]/QN  -       CLK->QN F     DFFASRHQNx1_ASAP7_75t_R      4  2.5    56   112     262    (-,-) 
  u_apb_i2c/g19357/Y            -       B->Y    F     OR3x1_ASAP7_75t_R            3  1.9    31    62     324    (-,-) 
  u_apb_i2c/g19303/Y            -       B->Y    F     OR2x2_ASAP7_75t_R            4  2.5    23    46     370    (-,-) 
  u_apb_i2c/g19272/Y            -       A->Y    F     OR5x1_ASAP7_75t_R            4  2.7    47    78     448    (-,-) 
  u_apb_i2c/g19255/Y            -       A->Y    F     OR3x1_ASAP7_75t_R            4  2.6    38    63     512    (-,-) 
  u_apb_i2c/g19240/Y            -       A->Y    F     OR3x1_ASAP7_75t_R            4  2.5    37    60     572    (-,-) 
  u_apb_i2c/g19234/Y            -       A->Y    F     OR3x1_ASAP7_75t_R            4  2.5    37    60     632    (-,-) 
  u_apb_i2c/g19212/Y            -       A->Y    F     OR3x1_ASAP7_75t_R            7  5.4    64    76     708    (-,-) 
  u_apb_i2c/g19136/Y            -       B->Y    R     NAND2x1p5_ASAP7_75t_R       19 11.6   118    74     782    (-,-) 
  u_apb_i2c/g12419/Y            -       A->Y    F     INVx1_ASAP7_75t_R           15  9.0   109    90     872    (-,-) 
  u_apb_i2c/g12257/Y            -       A2->Y   R     AOI22xp33_ASAP7_75t_R        1  0.9    67    52     924    (-,-) 
  u_apb_i2c/tick_cnt_reg[5]/D   -       -       R     DFFASRHQNx1_ASAP7_75t_R      1    -     -     0     924    (-,-) 
#----------------------------------------------------------------------------------------------------------------------



Path 17: MET (2997 ps) Setup Check with Pin u_apb_i2c/tick_cnt_reg[4]/CLK->D
           View: view_ss
          Group: CLK_I2C
     Startpoint: (R) u_apb_i2c/tick_cnt_reg[0]/CLK
          Clock: (R) CLK_I2C
       Endpoint: (R) u_apb_i2c/tick_cnt_reg[4]/D
          Clock: (R) CLK_I2C

                     Capture       Launch     
        Clock Edge:+    4000            0     
       Src Latency:+     100          150     
       Net Latency:+       0 (I)        0 (I) 
           Arrival:=    4100          150     
                                              
             Setup:-      29                  
       Uncertainty:-     150                  
     Required Time:=    3921                  
      Launch Clock:-     150                  
         Data Path:-     774                  
             Slack:=    2997                  

#----------------------------------------------------------------------------------------------------------------------
#         Timing Point          Flags    Arc    Edge          Cell            Fanout Load Trans Delay Arrival Instance 
#                                                                                    (fF)  (ps)  (ps)   (ps)  Location 
#----------------------------------------------------------------------------------------------------------------------
  u_apb_i2c/tick_cnt_reg[0]/CLK -       -       R     (arrival)                   16    -    40     0     150    (-,-) 
  u_apb_i2c/tick_cnt_reg[0]/QN  -       CLK->QN F     DFFASRHQNx1_ASAP7_75t_R      4  2.5    56   112     262    (-,-) 
  u_apb_i2c/g19357/Y            -       B->Y    F     OR3x1_ASAP7_75t_R            3  1.9    31    62     324    (-,-) 
  u_apb_i2c/g19303/Y            -       B->Y    F     OR2x2_ASAP7_75t_R            4  2.5    23    46     370    (-,-) 
  u_apb_i2c/g19272/Y            -       A->Y    F     OR5x1_ASAP7_75t_R            4  2.7    47    78     448    (-,-) 
  u_apb_i2c/g19255/Y            -       A->Y    F     OR3x1_ASAP7_75t_R            4  2.6    38    63     512    (-,-) 
  u_apb_i2c/g19240/Y            -       A->Y    F     OR3x1_ASAP7_75t_R            4  2.5    37    60     572    (-,-) 
  u_apb_i2c/g19234/Y            -       A->Y    F     OR3x1_ASAP7_75t_R            4  2.5    37    60     632    (-,-) 
  u_apb_i2c/g19212/Y            -       A->Y    F     OR3x1_ASAP7_75t_R            7  5.4    64    76     708    (-,-) 
  u_apb_i2c/g19136/Y            -       B->Y    R     NAND2x1p5_ASAP7_75t_R       19 11.6   118    74     782    (-,-) 
  u_apb_i2c/g12419/Y            -       A->Y    F     INVx1_ASAP7_75t_R           15  9.0   109    90     872    (-,-) 
  u_apb_i2c/g12274/Y            -       A2->Y   R     AOI22xp33_ASAP7_75t_R        1  0.9    67    52     924    (-,-) 
  u_apb_i2c/tick_cnt_reg[4]/D   -       -       R     DFFASRHQNx1_ASAP7_75t_R      1    -     -     0     924    (-,-) 
#----------------------------------------------------------------------------------------------------------------------



Path 18: MET (2997 ps) Setup Check with Pin u_apb_i2c/tick_cnt_reg[3]/CLK->D
           View: view_ss
          Group: CLK_I2C
     Startpoint: (R) u_apb_i2c/tick_cnt_reg[0]/CLK
          Clock: (R) CLK_I2C
       Endpoint: (R) u_apb_i2c/tick_cnt_reg[3]/D
          Clock: (R) CLK_I2C

                     Capture       Launch     
        Clock Edge:+    4000            0     
       Src Latency:+     100          150     
       Net Latency:+       0 (I)        0 (I) 
           Arrival:=    4100          150     
                                              
             Setup:-      29                  
       Uncertainty:-     150                  
     Required Time:=    3921                  
      Launch Clock:-     150                  
         Data Path:-     774                  
             Slack:=    2997                  

#----------------------------------------------------------------------------------------------------------------------
#         Timing Point          Flags    Arc    Edge          Cell            Fanout Load Trans Delay Arrival Instance 
#                                                                                    (fF)  (ps)  (ps)   (ps)  Location 
#----------------------------------------------------------------------------------------------------------------------
  u_apb_i2c/tick_cnt_reg[0]/CLK -       -       R     (arrival)                   16    -    40     0     150    (-,-) 
  u_apb_i2c/tick_cnt_reg[0]/QN  -       CLK->QN F     DFFASRHQNx1_ASAP7_75t_R      4  2.5    56   112     262    (-,-) 
  u_apb_i2c/g19357/Y            -       B->Y    F     OR3x1_ASAP7_75t_R            3  1.9    31    62     324    (-,-) 
  u_apb_i2c/g19303/Y            -       B->Y    F     OR2x2_ASAP7_75t_R            4  2.5    23    46     370    (-,-) 
  u_apb_i2c/g19272/Y            -       A->Y    F     OR5x1_ASAP7_75t_R            4  2.7    47    78     448    (-,-) 
  u_apb_i2c/g19255/Y            -       A->Y    F     OR3x1_ASAP7_75t_R            4  2.6    38    63     512    (-,-) 
  u_apb_i2c/g19240/Y            -       A->Y    F     OR3x1_ASAP7_75t_R            4  2.5    37    60     572    (-,-) 
  u_apb_i2c/g19234/Y            -       A->Y    F     OR3x1_ASAP7_75t_R            4  2.5    37    60     632    (-,-) 
  u_apb_i2c/g19212/Y            -       A->Y    F     OR3x1_ASAP7_75t_R            7  5.4    64    76     708    (-,-) 
  u_apb_i2c/g19136/Y            -       B->Y    R     NAND2x1p5_ASAP7_75t_R       19 11.6   118    74     782    (-,-) 
  u_apb_i2c/g12419/Y            -       A->Y    F     INVx1_ASAP7_75t_R           15  9.0   109    90     872    (-,-) 
  u_apb_i2c/g12280/Y            -       A2->Y   R     AOI22xp33_ASAP7_75t_R        1  0.9    67    52     924    (-,-) 
  u_apb_i2c/tick_cnt_reg[3]/D   -       -       R     DFFASRHQNx1_ASAP7_75t_R      1    -     -     0     924    (-,-) 
#----------------------------------------------------------------------------------------------------------------------



Path 19: MET (2997 ps) Setup Check with Pin u_apb_i2c/tick_cnt_reg[2]/CLK->D
           View: view_ss
          Group: CLK_I2C
     Startpoint: (R) u_apb_i2c/tick_cnt_reg[0]/CLK
          Clock: (R) CLK_I2C
       Endpoint: (R) u_apb_i2c/tick_cnt_reg[2]/D
          Clock: (R) CLK_I2C

                     Capture       Launch     
        Clock Edge:+    4000            0     
       Src Latency:+     100          150     
       Net Latency:+       0 (I)        0 (I) 
           Arrival:=    4100          150     
                                              
             Setup:-      29                  
       Uncertainty:-     150                  
     Required Time:=    3921                  
      Launch Clock:-     150                  
         Data Path:-     774                  
             Slack:=    2997                  

#----------------------------------------------------------------------------------------------------------------------
#         Timing Point          Flags    Arc    Edge          Cell            Fanout Load Trans Delay Arrival Instance 
#                                                                                    (fF)  (ps)  (ps)   (ps)  Location 
#----------------------------------------------------------------------------------------------------------------------
  u_apb_i2c/tick_cnt_reg[0]/CLK -       -       R     (arrival)                   16    -    40     0     150    (-,-) 
  u_apb_i2c/tick_cnt_reg[0]/QN  -       CLK->QN F     DFFASRHQNx1_ASAP7_75t_R      4  2.5    56   112     262    (-,-) 
  u_apb_i2c/g19357/Y            -       B->Y    F     OR3x1_ASAP7_75t_R            3  1.9    31    62     324    (-,-) 
  u_apb_i2c/g19303/Y            -       B->Y    F     OR2x2_ASAP7_75t_R            4  2.5    23    46     370    (-,-) 
  u_apb_i2c/g19272/Y            -       A->Y    F     OR5x1_ASAP7_75t_R            4  2.7    47    78     448    (-,-) 
  u_apb_i2c/g19255/Y            -       A->Y    F     OR3x1_ASAP7_75t_R            4  2.6    38    63     512    (-,-) 
  u_apb_i2c/g19240/Y            -       A->Y    F     OR3x1_ASAP7_75t_R            4  2.5    37    60     572    (-,-) 
  u_apb_i2c/g19234/Y            -       A->Y    F     OR3x1_ASAP7_75t_R            4  2.5    37    60     632    (-,-) 
  u_apb_i2c/g19212/Y            -       A->Y    F     OR3x1_ASAP7_75t_R            7  5.4    64    76     708    (-,-) 
  u_apb_i2c/g19136/Y            -       B->Y    R     NAND2x1p5_ASAP7_75t_R       19 11.6   118    74     782    (-,-) 
  u_apb_i2c/g12419/Y            -       A->Y    F     INVx1_ASAP7_75t_R           15  9.0   109    90     872    (-,-) 
  u_apb_i2c/g12253/Y            -       A2->Y   R     AOI22xp33_ASAP7_75t_R        1  0.9    67    52     924    (-,-) 
  u_apb_i2c/tick_cnt_reg[2]/D   -       -       R     DFFASRHQNx1_ASAP7_75t_R      1    -     -     0     924    (-,-) 
#----------------------------------------------------------------------------------------------------------------------



Path 20: MET (2997 ps) Setup Check with Pin u_apb_i2c/tick_cnt_reg[1]/CLK->D
           View: view_ss
          Group: CLK_I2C
     Startpoint: (R) u_apb_i2c/tick_cnt_reg[0]/CLK
          Clock: (R) CLK_I2C
       Endpoint: (R) u_apb_i2c/tick_cnt_reg[1]/D
          Clock: (R) CLK_I2C

                     Capture       Launch     
        Clock Edge:+    4000            0     
       Src Latency:+     100          150     
       Net Latency:+       0 (I)        0 (I) 
           Arrival:=    4100          150     
                                              
             Setup:-      29                  
       Uncertainty:-     150                  
     Required Time:=    3921                  
      Launch Clock:-     150                  
         Data Path:-     774                  
             Slack:=    2997                  

#----------------------------------------------------------------------------------------------------------------------
#         Timing Point          Flags    Arc    Edge          Cell            Fanout Load Trans Delay Arrival Instance 
#                                                                                    (fF)  (ps)  (ps)   (ps)  Location 
#----------------------------------------------------------------------------------------------------------------------
  u_apb_i2c/tick_cnt_reg[0]/CLK -       -       R     (arrival)                   16    -    40     0     150    (-,-) 
  u_apb_i2c/tick_cnt_reg[0]/QN  -       CLK->QN F     DFFASRHQNx1_ASAP7_75t_R      4  2.5    56   112     262    (-,-) 
  u_apb_i2c/g19357/Y            -       B->Y    F     OR3x1_ASAP7_75t_R            3  1.9    31    62     324    (-,-) 
  u_apb_i2c/g19303/Y            -       B->Y    F     OR2x2_ASAP7_75t_R            4  2.5    23    46     370    (-,-) 
  u_apb_i2c/g19272/Y            -       A->Y    F     OR5x1_ASAP7_75t_R            4  2.7    47    78     448    (-,-) 
  u_apb_i2c/g19255/Y            -       A->Y    F     OR3x1_ASAP7_75t_R            4  2.6    38    63     512    (-,-) 
  u_apb_i2c/g19240/Y            -       A->Y    F     OR3x1_ASAP7_75t_R            4  2.5    37    60     572    (-,-) 
  u_apb_i2c/g19234/Y            -       A->Y    F     OR3x1_ASAP7_75t_R            4  2.5    37    60     632    (-,-) 
  u_apb_i2c/g19212/Y            -       A->Y    F     OR3x1_ASAP7_75t_R            7  5.4    64    76     708    (-,-) 
  u_apb_i2c/g19136/Y            -       B->Y    R     NAND2x1p5_ASAP7_75t_R       19 11.6   118    74     782    (-,-) 
  u_apb_i2c/g12419/Y            -       A->Y    F     INVx1_ASAP7_75t_R           15  9.0   109    90     872    (-,-) 
  u_apb_i2c/g12273/Y            -       A2->Y   R     AOI22xp33_ASAP7_75t_R        1  0.9    67    52     924    (-,-) 
  u_apb_i2c/tick_cnt_reg[1]/D   -       -       R     DFFASRHQNx1_ASAP7_75t_R      1    -     -     0     924    (-,-) 
#----------------------------------------------------------------------------------------------------------------------


