============================================================
  Generated by:           Genus(TM) Synthesis Solution 23.14-s090_1
  Generated on:           Sep 29 2026  06:43:54 pm
  Module:                 top_soc
  Operating conditions:   PVT_0P63V_100C 
  Operating conditions:   PVT_0P7V_25C 
  Interconnect mode:      global
  Area mode:              physical library
============================================================


Path 1: MET (2644 ps) Clock Gating Setup Check at cgic pin u_apb_uart1_cg_icg__RC_CG_HIER_INST84/RC_CGIC_INST/ENA
           View: view_ss
          Group: cg_enable_group_CLK_UART1
     Startpoint: (R) u_axi_to_apb_m_apb_paddr_reg[9]/CLK
          Clock: (R) CLK_SYS
       Endpoint: (R) u_apb_uart1_cg_icg__RC_CG_HIER_INST84/RC_CGIC_INST/ENA
          Clock: (R) CLK_UART1

                     Capture       Launch     
        Clock Edge:+    4000            0     
       Src Latency:+     100          150     
       Net Latency:+       0 (I)        0 (I) 
           Arrival:=    4100          150     
                                              
  Gate Check Setup:-      74                  
       Uncertainty:-     150                  
     Required Time:=    3876                  
      Launch Clock:-     150                  
         Data Path:-    1082                  
             Slack:=    2644                  

#-----------------------------------------------------------------------------------------------------------------------------------------------
#                     Timing Point                       Flags    Arc    Edge          Cell            Fanout Load Trans Delay Arrival Instance 
#                                                                                                             (fF)  (ps)  (ps)   (ps)  Location 
#-----------------------------------------------------------------------------------------------------------------------------------------------
  u_axi_to_apb_m_apb_paddr_reg[9]/CLK                    -       -       R     (arrival)                   69    -    40     0     150    (-,-) 
  u_axi_to_apb_m_apb_paddr_reg[9]/QN                     -       CLK->QN F     DFFASRHQNx1_ASAP7_75t_R      7  4.7    77   129     279    (-,-) 
  g208481/Y                                              -       B->Y    F     OR2x2_ASAP7_75t_R            2  1.6    20    55     334    (-,-) 
  g206865/Y                                              -       A->Y    R     NOR4xp25_ASAP7_75t_R         2  1.2   103    52     386    (-,-) 
  g206388/Y                                              -       B->Y    F     NAND2xp33_ASAP7_75t_R        4  2.5    92    71     457    (-,-) 
  g206221/Y                                              -       A->Y    R     INVxp33_ASAP7_75t_R          2  1.6    88    69     526    (-,-) 
  g206100/Y                                              -       B->Y    F     NAND2xp5_ASAP7_75t_R         5  2.8    70    58     584    (-,-) 
  g205996/Y                                              -       A->Y    R     INVxp33_ASAP7_75t_R          1  0.9    57    46     630    (-,-) 
  g205882/Y                                              -       B->Y    R     AND2x2_ASAP7_75t_R          20 13.2   102    83     713    (-,-) 
  g205788/Y                                              -       A->Y    R     BUFx2_ASAP7_75t_R           19 12.0    91    86     800    (-,-) 
  g205786/Y                                              -       A->Y    R     HB1xp67_ASAP7_75t_R         11  6.8   150   109     908    (-,-) 
  g205785/Y                                              -       A->Y    R     HB2xp67_ASAP7_75t_R          1  0.9    34    86     995    (-,-) 
  drc_buf_sp211147/Y                                     -       A->Y    R     HB2xp67_ASAP7_75t_R          2  1.6    44    61    1056    (-,-) 
  drc_buf_sp211145/Y                                     -       A->Y    R     BUFx2_ASAP7_75t_R           18 10.6    80    68    1124    (-,-) 
  g205781/Y                                              -       A->Y    F     INVxp33_ASAP7_75t_R          4  2.3    82    67    1191    (-,-) 
  g204618/Y                                              -       A->Y    R     NOR2xp33_ASAP7_75t_R         1  0.8    54    41    1232    (-,-) 
  u_apb_uart1_cg_icg__RC_CG_HIER_INST84/RC_CGIC_INST/ENA -       -       R     ICGx1_ASAP7_75t_R            1    -     -     0    1232    (-,-) 
#-----------------------------------------------------------------------------------------------------------------------------------------------



Path 2: MET (2988 ps) Clock Gating Setup Check at cgic pin u_apb_uart1_cg_icg__RC_CG_HIER_INST86/RC_CGIC_INST/ENA
           View: view_ss
          Group: cg_enable_group_CLK_UART1
     Startpoint: (R) u_axi_to_apb_m_apb_paddr_reg[22]/CLK
          Clock: (R) CLK_SYS
       Endpoint: (R) u_apb_uart1_cg_icg__RC_CG_HIER_INST86/RC_CGIC_INST/ENA
          Clock: (R) CLK_UART1

                     Capture       Launch     
        Clock Edge:+    4000            0     
       Src Latency:+     100          150     
       Net Latency:+       0 (I)        0 (I) 
           Arrival:=    4100          150     
                                              
  Gate Check Setup:-      73                  
       Uncertainty:-     150                  
     Required Time:=    3877                  
      Launch Clock:-     150                  
         Data Path:-     739                  
             Slack:=    2988                  

#-----------------------------------------------------------------------------------------------------------------------------------------------
#                     Timing Point                       Flags    Arc    Edge          Cell            Fanout Load Trans Delay Arrival Instance 
#                                                                                                             (fF)  (ps)  (ps)   (ps)  Location 
#-----------------------------------------------------------------------------------------------------------------------------------------------
  u_axi_to_apb_m_apb_paddr_reg[22]/CLK                   -       -       R     (arrival)                   69    -    40     0     150    (-,-) 
  u_axi_to_apb_m_apb_paddr_reg[22]/QN                    -       CLK->QN F     DFFASRHQNx1_ASAP7_75t_R      2  1.6    46   104     254    (-,-) 
  g124488/Y                                              -       D->Y    F     OR4x1_ASAP7_75t_R            2  1.5    31    70     324    (-,-) 
  g206286/Y                                              -       B->Y    R     NOR5xp2_ASAP7_75t_R          1  0.9   106    60     384    (-,-) 
  g205877/Y                                              -       A->Y    F     NAND3xp33_ASAP7_75t_R        1  0.8    52    43     427    (-,-) 
  drc_bufs210432/Y                                       -       A->Y    R     INVxp67_ASAP7_75t_R          2  1.2    40    33     460    (-,-) 
  drc_bufs210430/Y                                       -       A->Y    F     INVxp33_ASAP7_75t_R          3  2.5    79    55     515    (-,-) 
  g205629/Y                                              -       B->Y    R     NOR2x1_ASAP7_75t_L          17 10.1   128    75     590    (-,-) 
  g205525/Y                                              -       A->Y    R     HB1xp67_ASAP7_75t_R         10  6.4   142   111     701    (-,-) 
  g205524/Y                                              -       A->Y    F     INVxp33_ASAP7_75t_R          1  0.9    61    56     757    (-,-) 
  g205479/Y                                              -       A->Y    F     OR3x1_ASAP7_75t_R            2  1.6    30    60     817    (-,-) 
  g205089/Y                                              -       B->Y    F     OR2x2_ASAP7_75t_R            3  1.8    21    43     860    (-,-) 
  g204598/Y                                              -       B->Y    R     NOR2xp33_ASAP7_75t_R         1  0.8    50    28     889    (-,-) 
  u_apb_uart1_cg_icg__RC_CG_HIER_INST86/RC_CGIC_INST/ENA -       -       R     ICGx1_ASAP7_75t_R            1    -     -     0     889    (-,-) 
#-----------------------------------------------------------------------------------------------------------------------------------------------



Path 3: MET (3006 ps) Clock Gating Setup Check at cgic pin u_apb_uart1_u_rx_fifo_cg_icg__RC_CG_HIER_INST961/RC_CGIC_INST/ENA
           View: view_ss
          Group: cg_enable_group_CLK_UART1
     Startpoint: (R) u_apb_uart1_u_rx_fifo_wr_ptr_reg[3]/CLK
          Clock: (R) CLK_UART1
       Endpoint: (F) u_apb_uart1_u_rx_fifo_cg_icg__RC_CG_HIER_INST961/RC_CGIC_INST/ENA
          Clock: (R) CLK_UART1

                     Capture       Launch     
        Clock Edge:+    4000            0     
       Src Latency:+     100          150     
       Net Latency:+       0 (I)        0 (I) 
           Arrival:=    4100          150     
                                              
  Gate Check Setup:-      60                  
       Uncertainty:-     150                  
     Required Time:=    3890                  
      Launch Clock:-     150                  
         Data Path:-     734                  
             Slack:=    3006                  

#----------------------------------------------------------------------------------------------------------------------------------------------------------
#                           Timing Point                            Flags    Arc    Edge          Cell            Fanout Load Trans Delay Arrival Instance 
#                                                                                                                        (fF)  (ps)  (ps)   (ps)  Location 
#----------------------------------------------------------------------------------------------------------------------------------------------------------
  u_apb_uart1_u_rx_fifo_wr_ptr_reg[3]/CLK                           -       -       R     (arrival)                    5    -    40     0     150    (-,-) 
  u_apb_uart1_u_rx_fifo_wr_ptr_reg[3]/QN                            -       CLK->QN F     DFFASRHQNx1_ASAP7_75t_R     15  8.6   112   153     303    (-,-) 
  g202/Y                                                            -       A->Y    F     XOR2xp5_ASAP7_75t_R          1  0.8    46    48     350    (-,-) 
  g195/Y                                                            -       B->Y    R     NOR4xp25_ASAP7_75t_R         2  1.2    98    60     411    (-,-) 
  g206393/Y                                                         -       A->Y    F     INVxp33_ASAP7_75t_R          1  0.9    51    47     458    (-,-) 
  g196/Y                                                            -       A2->Y   F     OA21x2_ASAP7_75t_R           2  1.3    18    49     507    (-,-) 
  g193/Y                                                            -       A->Y    R     NAND2xp33_ASAP7_75t_R        5  3.0   138    72     579    (-,-) 
  g204382/Y                                                         -       B->Y    F     NOR2xp33_ASAP7_75t_R         2  1.2    69    65     644    (-,-) 
  g204294/Y                                                         -       A->Y    R     INVxp33_ASAP7_75t_R          1  0.7    49    41     686    (-,-) 
  g204170/Y                                                         -       B->Y    F     NOR2xp33_ASAP7_75t_R         2  1.2    59    41     726    (-,-) 
  g204066/Y                                                         -       A->Y    R     INVxp33_ASAP7_75t_R          1  0.7    46    38     765    (-,-) 
  g203955/Y                                                         -       B->Y    F     NOR2xp33_ASAP7_75t_R         2  1.4    68    43     808    (-,-) 
  g203901/Y                                                         -       A->Y    R     INVxp33_ASAP7_75t_R          1  0.7    49    41     849    (-,-) 
  g203788/Y                                                         -       B->Y    F     NOR2xp33_ASAP7_75t_R         1  0.8    60    34     884    (-,-) 
  u_apb_uart1_u_rx_fifo_cg_icg__RC_CG_HIER_INST961/RC_CGIC_INST/ENA -       -       F     ICGx1_ASAP7_75t_R            1    -     -     0     884    (-,-) 
#----------------------------------------------------------------------------------------------------------------------------------------------------------



Path 4: MET (3048 ps) Clock Gating Setup Check at cgic pin u_apb_uart1_u_rx_fifo_cg_icg__RC_CG_HIER_INST972/RC_CGIC_INST/ENA
           View: view_ss
          Group: cg_enable_group_CLK_UART1
     Startpoint: (R) u_apb_uart1_u_rx_fifo_wr_ptr_reg[3]/CLK
          Clock: (R) CLK_UART1
       Endpoint: (F) u_apb_uart1_u_rx_fifo_cg_icg__RC_CG_HIER_INST972/RC_CGIC_INST/ENA
          Clock: (R) CLK_UART1

                     Capture       Launch     
        Clock Edge:+    4000            0     
       Src Latency:+     100          150     
       Net Latency:+       0 (I)        0 (I) 
           Arrival:=    4100          150     
                                              
  Gate Check Setup:-      48                  
       Uncertainty:-     150                  
     Required Time:=    3902                  
      Launch Clock:-     150                  
         Data Path:-     704                  
             Slack:=    3048                  

#----------------------------------------------------------------------------------------------------------------------------------------------------------
#                           Timing Point                            Flags    Arc    Edge          Cell            Fanout Load Trans Delay Arrival Instance 
#                                                                                                                        (fF)  (ps)  (ps)   (ps)  Location 
#----------------------------------------------------------------------------------------------------------------------------------------------------------
  u_apb_uart1_u_rx_fifo_wr_ptr_reg[3]/CLK                           -       -       R     (arrival)                    5    -    40     0     150    (-,-) 
  u_apb_uart1_u_rx_fifo_wr_ptr_reg[3]/QN                            -       CLK->QN F     DFFASRHQNx1_ASAP7_75t_R     15  8.6   112   153     303    (-,-) 
  g202/Y                                                            -       A->Y    F     XOR2xp5_ASAP7_75t_R          1  0.8    46    48     350    (-,-) 
  g195/Y                                                            -       B->Y    R     NOR4xp25_ASAP7_75t_R         2  1.2    98    60     411    (-,-) 
  g206393/Y                                                         -       A->Y    F     INVxp33_ASAP7_75t_R          1  0.9    51    47     458    (-,-) 
  g196/Y                                                            -       A2->Y   F     OA21x2_ASAP7_75t_R           2  1.3    18    49     507    (-,-) 
  g193/Y                                                            -       A->Y    R     NAND2xp33_ASAP7_75t_R        5  3.0   138    72     579    (-,-) 
  g204382/Y                                                         -       B->Y    F     NOR2xp33_ASAP7_75t_R         2  1.2    69    65     644    (-,-) 
  g204294/Y                                                         -       A->Y    R     INVxp33_ASAP7_75t_R          1  0.7    49    41     686    (-,-) 
  g204170/Y                                                         -       B->Y    F     NOR2xp33_ASAP7_75t_R         2  1.2    59    41     726    (-,-) 
  g204066/Y                                                         -       A->Y    R     INVxp33_ASAP7_75t_R          1  0.7    46    38     765    (-,-) 
  g203955/Y                                                         -       B->Y    F     NOR2xp33_ASAP7_75t_R         2  1.4    68    43     808    (-,-) 
  g203763/Y                                                         -       B->Y    F     AND2x2_ASAP7_75t_R           1  0.8    17    46     854    (-,-) 
  u_apb_uart1_u_rx_fifo_cg_icg__RC_CG_HIER_INST972/RC_CGIC_INST/ENA -       -       F     ICGx1_ASAP7_75t_R            1    -     -     0     854    (-,-) 
#----------------------------------------------------------------------------------------------------------------------------------------------------------



Path 5: MET (3062 ps) Clock Gating Setup Check at cgic pin u_apb_uart1_cg_icg__RC_CG_HIER_INST83/RC_CGIC_INST/ENA
           View: view_ss
          Group: cg_enable_group_CLK_UART1
     Startpoint: (R) u_axi_to_apb_m_apb_paddr_reg[22]/CLK
          Clock: (R) CLK_SYS
       Endpoint: (R) u_apb_uart1_cg_icg__RC_CG_HIER_INST83/RC_CGIC_INST/ENA
          Clock: (R) CLK_UART1

                     Capture       Launch     
        Clock Edge:+    4000            0     
       Src Latency:+     100          150     
       Net Latency:+       0 (I)        0 (I) 
           Arrival:=    4100          150     
                                              
  Gate Check Setup:-      79                  
       Uncertainty:-     150                  
     Required Time:=    3871                  
      Launch Clock:-     150                  
         Data Path:-     659                  
             Slack:=    3062                  

#-----------------------------------------------------------------------------------------------------------------------------------------------
#                     Timing Point                       Flags    Arc    Edge          Cell            Fanout Load Trans Delay Arrival Instance 
#                                                                                                             (fF)  (ps)  (ps)   (ps)  Location 
#-----------------------------------------------------------------------------------------------------------------------------------------------
  u_axi_to_apb_m_apb_paddr_reg[22]/CLK                   -       -       R     (arrival)                   69    -    40     0     150    (-,-) 
  u_axi_to_apb_m_apb_paddr_reg[22]/QN                    -       CLK->QN F     DFFASRHQNx1_ASAP7_75t_R      2  1.6    46   104     254    (-,-) 
  g124488/Y                                              -       D->Y    F     OR4x1_ASAP7_75t_R            2  1.5    31    70     324    (-,-) 
  g206286/Y                                              -       B->Y    R     NOR5xp2_ASAP7_75t_R          1  0.9   106    60     384    (-,-) 
  g205877/Y                                              -       A->Y    F     NAND3xp33_ASAP7_75t_R        1  0.8    52    43     427    (-,-) 
  drc_bufs210432/Y                                       -       A->Y    R     INVxp67_ASAP7_75t_R          2  1.2    40    33     460    (-,-) 
  drc_bufs210430/Y                                       -       A->Y    F     INVxp33_ASAP7_75t_R          3  2.5    79    55     515    (-,-) 
  g205629/Y                                              -       B->Y    R     NOR2x1_ASAP7_75t_L          17 10.1   128    75     590    (-,-) 
  g205525/Y                                              -       A->Y    R     HB1xp67_ASAP7_75t_R         10  6.4   142   111     701    (-,-) 
  g209414/Y                                              -       C->Y    F     A2O1A1Ixp33_ASAP7_75t_R      1  0.7    60    52     753    (-,-) 
  g209413/Y                                              -       A->Y    R     INVxp33_ASAP7_75t_R          2  1.5    77    56     809    (-,-) 
  u_apb_uart1_cg_icg__RC_CG_HIER_INST83/RC_CGIC_INST/ENA -       -       R     ICGx1_ASAP7_75t_R            2    -     -     0     809    (-,-) 
#-----------------------------------------------------------------------------------------------------------------------------------------------



Path 6: MET (3062 ps) Clock Gating Setup Check at cgic pin u_apb_uart1_u_rx_fifo_cg_icg__RC_CG_HIER_INST975/RC_CGIC_INST/ENA
           View: view_ss
          Group: cg_enable_group_CLK_UART1
     Startpoint: (R) u_apb_uart1_u_rx_fifo_wr_ptr_reg[3]/CLK
          Clock: (R) CLK_UART1
       Endpoint: (F) u_apb_uart1_u_rx_fifo_cg_icg__RC_CG_HIER_INST975/RC_CGIC_INST/ENA
          Clock: (R) CLK_UART1

                     Capture       Launch     
        Clock Edge:+    4000            0     
       Src Latency:+     100          150     
       Net Latency:+       0 (I)        0 (I) 
           Arrival:=    4100          150     
                                              
  Gate Check Setup:-      60                  
       Uncertainty:-     150                  
     Required Time:=    3890                  
      Launch Clock:-     150                  
         Data Path:-     677                  
             Slack:=    3062                  

#----------------------------------------------------------------------------------------------------------------------------------------------------------
#                           Timing Point                            Flags    Arc    Edge          Cell            Fanout Load Trans Delay Arrival Instance 
#                                                                                                                        (fF)  (ps)  (ps)   (ps)  Location 
#----------------------------------------------------------------------------------------------------------------------------------------------------------
  u_apb_uart1_u_rx_fifo_wr_ptr_reg[3]/CLK                           -       -       R     (arrival)                    5    -    40     0     150    (-,-) 
  u_apb_uart1_u_rx_fifo_wr_ptr_reg[3]/QN                            -       CLK->QN F     DFFASRHQNx1_ASAP7_75t_R     15  8.6   112   153     303    (-,-) 
  g202/Y                                                            -       A->Y    F     XOR2xp5_ASAP7_75t_R          1  0.8    46    48     350    (-,-) 
  g195/Y                                                            -       B->Y    R     NOR4xp25_ASAP7_75t_R         2  1.2    98    60     411    (-,-) 
  g206393/Y                                                         -       A->Y    F     INVxp33_ASAP7_75t_R          1  0.9    51    47     458    (-,-) 
  g196/Y                                                            -       A2->Y   F     OA21x2_ASAP7_75t_R           2  1.3    18    49     507    (-,-) 
  g193/Y                                                            -       A->Y    R     NAND2xp33_ASAP7_75t_R        5  3.0   138    72     579    (-,-) 
  g204382/Y                                                         -       B->Y    F     NOR2xp33_ASAP7_75t_R         2  1.2    69    65     644    (-,-) 
  g204169/Y                                                         -       B->Y    R     NAND2xp33_ASAP7_75t_R        2  1.2    74    55     699    (-,-) 
  g203971/Y                                                         -       B->Y    F     NOR2xp33_ASAP7_75t_R         2  1.4    68    53     752    (-,-) 
  g203902/Y                                                         -       A->Y    R     INVxp33_ASAP7_75t_R          1  0.7    49    41     793    (-,-) 
  g203759/Y                                                         -       B->Y    F     NOR2xp33_ASAP7_75t_R         1  0.8    60    34     827    (-,-) 
  u_apb_uart1_u_rx_fifo_cg_icg__RC_CG_HIER_INST975/RC_CGIC_INST/ENA -       -       F     ICGx1_ASAP7_75t_R            1    -     -     0     827    (-,-) 
#----------------------------------------------------------------------------------------------------------------------------------------------------------



Path 7: MET (3066 ps) Clock Gating Setup Check at cgic pin u_apb_uart1_u_rx_fifo_cg_icg__RC_CG_HIER_INST974/RC_CGIC_INST/ENA
           View: view_ss
          Group: cg_enable_group_CLK_UART1
     Startpoint: (R) u_apb_uart1_u_rx_fifo_wr_ptr_reg[3]/CLK
          Clock: (R) CLK_UART1
       Endpoint: (F) u_apb_uart1_u_rx_fifo_cg_icg__RC_CG_HIER_INST974/RC_CGIC_INST/ENA
          Clock: (R) CLK_UART1

                     Capture       Launch     
        Clock Edge:+    4000            0     
       Src Latency:+     100          150     
       Net Latency:+       0 (I)        0 (I) 
           Arrival:=    4100          150     
                                              
  Gate Check Setup:-      60                  
       Uncertainty:-     150                  
     Required Time:=    3890                  
      Launch Clock:-     150                  
         Data Path:-     674                  
             Slack:=    3066                  

#----------------------------------------------------------------------------------------------------------------------------------------------------------
#                           Timing Point                            Flags    Arc    Edge          Cell            Fanout Load Trans Delay Arrival Instance 
#                                                                                                                        (fF)  (ps)  (ps)   (ps)  Location 
#----------------------------------------------------------------------------------------------------------------------------------------------------------
  u_apb_uart1_u_rx_fifo_wr_ptr_reg[3]/CLK                           -       -       R     (arrival)                    5    -    40     0     150    (-,-) 
  u_apb_uart1_u_rx_fifo_wr_ptr_reg[3]/QN                            -       CLK->QN F     DFFASRHQNx1_ASAP7_75t_R     15  8.6   112   153     303    (-,-) 
  g202/Y                                                            -       A->Y    F     XOR2xp5_ASAP7_75t_R          1  0.8    46    48     350    (-,-) 
  g195/Y                                                            -       B->Y    R     NOR4xp25_ASAP7_75t_R         2  1.2    98    60     411    (-,-) 
  g206393/Y                                                         -       A->Y    F     INVxp33_ASAP7_75t_R          1  0.9    51    47     458    (-,-) 
  g196/Y                                                            -       A2->Y   F     OA21x2_ASAP7_75t_R           2  1.3    18    49     507    (-,-) 
  g193/Y                                                            -       A->Y    R     NAND2xp33_ASAP7_75t_R        5  3.0   138    72     579    (-,-) 
  g204382/Y                                                         -       B->Y    F     NOR2xp33_ASAP7_75t_R         2  1.2    69    65     644    (-,-) 
  g204169/Y                                                         -       B->Y    R     NAND2xp33_ASAP7_75t_R        2  1.2    74    55     699    (-,-) 
  g204065/Y                                                         -       A->Y    F     INVxp33_ASAP7_75t_R          1  0.7    40    38     736    (-,-) 
  g203972/Y                                                         -       B->Y    R     NAND2xp33_ASAP7_75t_R        2  1.2    77    44     781    (-,-) 
  g203764/Y                                                         -       B->Y    F     NOR2xp33_ASAP7_75t_R         1  0.8    60    43     824    (-,-) 
  u_apb_uart1_u_rx_fifo_cg_icg__RC_CG_HIER_INST974/RC_CGIC_INST/ENA -       -       F     ICGx1_ASAP7_75t_R            1    -     -     0     824    (-,-) 
#----------------------------------------------------------------------------------------------------------------------------------------------------------



Path 8: MET (3068 ps) Clock Gating Setup Check at cgic pin u_apb_uart1_u_rx_fifo_cg_icg__RC_CG_HIER_INST966/RC_CGIC_INST/ENA
           View: view_ss
          Group: cg_enable_group_CLK_UART1
     Startpoint: (R) u_apb_uart1_u_rx_fifo_wr_ptr_reg[3]/CLK
          Clock: (R) CLK_UART1
       Endpoint: (F) u_apb_uart1_u_rx_fifo_cg_icg__RC_CG_HIER_INST966/RC_CGIC_INST/ENA
          Clock: (R) CLK_UART1

                     Capture       Launch     
        Clock Edge:+    4000            0     
       Src Latency:+     100          150     
       Net Latency:+       0 (I)        0 (I) 
           Arrival:=    4100          150     
                                              
  Gate Check Setup:-      59                  
       Uncertainty:-     150                  
     Required Time:=    3891                  
      Launch Clock:-     150                  
         Data Path:-     674                  
             Slack:=    3068                  

#----------------------------------------------------------------------------------------------------------------------------------------------------------
#                           Timing Point                            Flags    Arc    Edge          Cell            Fanout Load Trans Delay Arrival Instance 
#                                                                                                                        (fF)  (ps)  (ps)   (ps)  Location 
#----------------------------------------------------------------------------------------------------------------------------------------------------------
  u_apb_uart1_u_rx_fifo_wr_ptr_reg[3]/CLK                           -       -       R     (arrival)                    5    -    40     0     150    (-,-) 
  u_apb_uart1_u_rx_fifo_wr_ptr_reg[3]/QN                            -       CLK->QN F     DFFASRHQNx1_ASAP7_75t_R     15  8.6   112   153     303    (-,-) 
  g202/Y                                                            -       A->Y    F     XOR2xp5_ASAP7_75t_R          1  0.8    46    48     350    (-,-) 
  g195/Y                                                            -       B->Y    R     NOR4xp25_ASAP7_75t_R         2  1.2    98    60     411    (-,-) 
  g206393/Y                                                         -       A->Y    F     INVxp33_ASAP7_75t_R          1  0.9    51    47     458    (-,-) 
  g196/Y                                                            -       A2->Y   F     OA21x2_ASAP7_75t_R           2  1.3    18    49     507    (-,-) 
  g193/Y                                                            -       A->Y    R     NAND2xp33_ASAP7_75t_R        5  3.0   138    72     579    (-,-) 
  g204382/Y                                                         -       B->Y    F     NOR2xp33_ASAP7_75t_R         2  1.2    69    65     644    (-,-) 
  g204169/Y                                                         -       B->Y    R     NAND2xp33_ASAP7_75t_R        2  1.2    74    55     699    (-,-) 
  g204065/Y                                                         -       A->Y    F     INVxp33_ASAP7_75t_R          1  0.7    40    38     736    (-,-) 
  g203972/Y                                                         -       B->Y    R     NAND2xp33_ASAP7_75t_R        2  1.2    77    44     781    (-,-) 
  g203785/Y                                                         -       B->Y    F     NOR2xp33_ASAP7_75t_R         1  0.8    54    43     824    (-,-) 
  u_apb_uart1_u_rx_fifo_cg_icg__RC_CG_HIER_INST966/RC_CGIC_INST/ENA -       -       F     ICGx1_ASAP7_75t_R            1    -     -     0     824    (-,-) 
#----------------------------------------------------------------------------------------------------------------------------------------------------------



Path 9: MET (3069 ps) Clock Gating Setup Check at cgic pin u_apb_uart1_u_rx_fifo_cg_icg__RC_CG_HIER_INST962/RC_CGIC_INST/ENA
           View: view_ss
          Group: cg_enable_group_CLK_UART1
     Startpoint: (R) u_apb_uart1_u_rx_fifo_wr_ptr_reg[3]/CLK
          Clock: (R) CLK_UART1
       Endpoint: (F) u_apb_uart1_u_rx_fifo_cg_icg__RC_CG_HIER_INST962/RC_CGIC_INST/ENA
          Clock: (R) CLK_UART1

                     Capture       Launch     
        Clock Edge:+    4000            0     
       Src Latency:+     100          150     
       Net Latency:+       0 (I)        0 (I) 
           Arrival:=    4100          150     
                                              
  Gate Check Setup:-      60                  
       Uncertainty:-     150                  
     Required Time:=    3890                  
      Launch Clock:-     150                  
         Data Path:-     670                  
             Slack:=    3069                  

#----------------------------------------------------------------------------------------------------------------------------------------------------------
#                           Timing Point                            Flags    Arc    Edge          Cell            Fanout Load Trans Delay Arrival Instance 
#                                                                                                                        (fF)  (ps)  (ps)   (ps)  Location 
#----------------------------------------------------------------------------------------------------------------------------------------------------------
  u_apb_uart1_u_rx_fifo_wr_ptr_reg[3]/CLK                           -       -       R     (arrival)                    5    -    40     0     150    (-,-) 
  u_apb_uart1_u_rx_fifo_wr_ptr_reg[3]/QN                            -       CLK->QN F     DFFASRHQNx1_ASAP7_75t_R     15  8.6   112   153     303    (-,-) 
  g202/Y                                                            -       A->Y    F     XOR2xp5_ASAP7_75t_R          1  0.8    46    48     350    (-,-) 
  g195/Y                                                            -       B->Y    R     NOR4xp25_ASAP7_75t_R         2  1.2    98    60     411    (-,-) 
  g206393/Y                                                         -       A->Y    F     INVxp33_ASAP7_75t_R          1  0.9    51    47     458    (-,-) 
  g196/Y                                                            -       A2->Y   F     OA21x2_ASAP7_75t_R           2  1.3    18    49     507    (-,-) 
  g193/Y                                                            -       A->Y    R     NAND2xp33_ASAP7_75t_R        5  3.0   138    72     579    (-,-) 
  g204382/Y                                                         -       B->Y    F     NOR2xp33_ASAP7_75t_R         2  1.2    69    65     644    (-,-) 
  g204294/Y                                                         -       A->Y    R     INVxp33_ASAP7_75t_R          1  0.7    49    41     686    (-,-) 
  g204170/Y                                                         -       B->Y    F     NOR2xp33_ASAP7_75t_R         2  1.2    59    41     726    (-,-) 
  g203970/Y                                                         -       B->Y    R     NAND2xp33_ASAP7_75t_R        2  1.2    77    51     778    (-,-) 
  g203762/Y                                                         -       B->Y    F     NOR2xp33_ASAP7_75t_R         1  0.8    60    43     820    (-,-) 
  u_apb_uart1_u_rx_fifo_cg_icg__RC_CG_HIER_INST962/RC_CGIC_INST/ENA -       -       F     ICGx1_ASAP7_75t_R            1    -     -     0     820    (-,-) 
#----------------------------------------------------------------------------------------------------------------------------------------------------------



Path 10: MET (3071 ps) Clock Gating Setup Check at cgic pin u_apb_uart1_u_rx_fifo_cg_icg__RC_CG_HIER_INST970/RC_CGIC_INST/ENA
           View: view_ss
          Group: cg_enable_group_CLK_UART1
     Startpoint: (R) u_apb_uart1_u_rx_fifo_wr_ptr_reg[3]/CLK
          Clock: (R) CLK_UART1
       Endpoint: (F) u_apb_uart1_u_rx_fifo_cg_icg__RC_CG_HIER_INST970/RC_CGIC_INST/ENA
          Clock: (R) CLK_UART1

                     Capture       Launch     
        Clock Edge:+    4000            0     
       Src Latency:+     100          150     
       Net Latency:+       0 (I)        0 (I) 
           Arrival:=    4100          150     
                                              
  Gate Check Setup:-      59                  
       Uncertainty:-     150                  
     Required Time:=    3891                  
      Launch Clock:-     150                  
         Data Path:-     670                  
             Slack:=    3071                  

#----------------------------------------------------------------------------------------------------------------------------------------------------------
#                           Timing Point                            Flags    Arc    Edge          Cell            Fanout Load Trans Delay Arrival Instance 
#                                                                                                                        (fF)  (ps)  (ps)   (ps)  Location 
#----------------------------------------------------------------------------------------------------------------------------------------------------------
  u_apb_uart1_u_rx_fifo_wr_ptr_reg[3]/CLK                           -       -       R     (arrival)                    5    -    40     0     150    (-,-) 
  u_apb_uart1_u_rx_fifo_wr_ptr_reg[3]/QN                            -       CLK->QN F     DFFASRHQNx1_ASAP7_75t_R     15  8.6   112   153     303    (-,-) 
  g202/Y                                                            -       A->Y    F     XOR2xp5_ASAP7_75t_R          1  0.8    46    48     350    (-,-) 
  g195/Y                                                            -       B->Y    R     NOR4xp25_ASAP7_75t_R         2  1.2    98    60     411    (-,-) 
  g206393/Y                                                         -       A->Y    F     INVxp33_ASAP7_75t_R          1  0.9    51    47     458    (-,-) 
  g196/Y                                                            -       A2->Y   F     OA21x2_ASAP7_75t_R           2  1.3    18    49     507    (-,-) 
  g193/Y                                                            -       A->Y    R     NAND2xp33_ASAP7_75t_R        5  3.0   138    72     579    (-,-) 
  g204382/Y                                                         -       B->Y    F     NOR2xp33_ASAP7_75t_R         2  1.2    69    65     644    (-,-) 
  g204294/Y                                                         -       A->Y    R     INVxp33_ASAP7_75t_R          1  0.7    49    41     686    (-,-) 
  g204170/Y                                                         -       B->Y    F     NOR2xp33_ASAP7_75t_R         2  1.2    59    41     726    (-,-) 
  g203970/Y                                                         -       B->Y    R     NAND2xp33_ASAP7_75t_R        2  1.2    77    51     778    (-,-) 
  g203758/Y                                                         -       B->Y    F     NOR2xp33_ASAP7_75t_R         1  0.8    54    43     820    (-,-) 
  u_apb_uart1_u_rx_fifo_cg_icg__RC_CG_HIER_INST970/RC_CGIC_INST/ENA -       -       F     ICGx1_ASAP7_75t_R            1    -     -     0     820    (-,-) 
#----------------------------------------------------------------------------------------------------------------------------------------------------------



Path 11: MET (3100 ps) Clock Gating Setup Check at cgic pin u_apb_uart1_u_rx_fifo_cg_icg__RC_CG_HIER_INST976/RC_CGIC_INST/ENA
           View: view_ss
          Group: cg_enable_group_CLK_UART1
     Startpoint: (R) u_apb_uart1_u_rx_fifo_wr_ptr_reg[3]/CLK
          Clock: (R) CLK_UART1
       Endpoint: (F) u_apb_uart1_u_rx_fifo_cg_icg__RC_CG_HIER_INST976/RC_CGIC_INST/ENA
          Clock: (R) CLK_UART1

                     Capture       Launch     
        Clock Edge:+    4000            0     
       Src Latency:+     100          150     
       Net Latency:+       0 (I)        0 (I) 
           Arrival:=    4100          150     
                                              
  Gate Check Setup:-      60                  
       Uncertainty:-     150                  
     Required Time:=    3890                  
      Launch Clock:-     150                  
         Data Path:-     640                  
             Slack:=    3100                  

#----------------------------------------------------------------------------------------------------------------------------------------------------------
#                           Timing Point                            Flags    Arc    Edge          Cell            Fanout Load Trans Delay Arrival Instance 
#                                                                                                                        (fF)  (ps)  (ps)   (ps)  Location 
#----------------------------------------------------------------------------------------------------------------------------------------------------------
  u_apb_uart1_u_rx_fifo_wr_ptr_reg[3]/CLK                           -       -       R     (arrival)                    5    -    40     0     150    (-,-) 
  u_apb_uart1_u_rx_fifo_wr_ptr_reg[3]/QN                            -       CLK->QN F     DFFASRHQNx1_ASAP7_75t_R     15  8.6   112   153     303    (-,-) 
  g202/Y                                                            -       A->Y    F     XOR2xp5_ASAP7_75t_R          1  0.8    46    48     350    (-,-) 
  g195/Y                                                            -       B->Y    R     NOR4xp25_ASAP7_75t_R         2  1.2    98    60     411    (-,-) 
  g206393/Y                                                         -       A->Y    F     INVxp33_ASAP7_75t_R          1  0.9    51    47     458    (-,-) 
  g196/Y                                                            -       A2->Y   F     OA21x2_ASAP7_75t_R           2  1.3    18    49     507    (-,-) 
  g193/Y                                                            -       A->Y    R     NAND2xp33_ASAP7_75t_R        5  3.0   138    72     579    (-,-) 
  g204505/Y                                                         -       A->Y    F     INVxp33_ASAP7_75t_R          1  0.9    60    55     634    (-,-) 
  g204291/Y                                                         -       A->Y    R     NAND3xp33_ASAP7_75t_R        2  1.2    50    38     671    (-,-) 
  g203975/Y                                                         -       B->Y    F     NOR2xp33_ASAP7_75t_R         2  1.4    64    44     716    (-,-) 
  g203903/Y                                                         -       A->Y    R     INVxp33_ASAP7_75t_R          1  0.7    48    40     756    (-,-) 
  g203756/Y                                                         -       B->Y    F     NOR2xp33_ASAP7_75t_R         1  0.8    60    34     790    (-,-) 
  u_apb_uart1_u_rx_fifo_cg_icg__RC_CG_HIER_INST976/RC_CGIC_INST/ENA -       -       F     ICGx1_ASAP7_75t_R            1    -     -     0     790    (-,-) 
#----------------------------------------------------------------------------------------------------------------------------------------------------------



Path 12: MET (3103 ps) Clock Gating Setup Check at cgic pin u_apb_uart1_u_rx_fifo_cg_icg__RC_CG_HIER_INST973/RC_CGIC_INST/ENA
           View: view_ss
          Group: cg_enable_group_CLK_UART1
     Startpoint: (R) u_apb_uart1_u_rx_fifo_wr_ptr_reg[3]/CLK
          Clock: (R) CLK_UART1
       Endpoint: (F) u_apb_uart1_u_rx_fifo_cg_icg__RC_CG_HIER_INST973/RC_CGIC_INST/ENA
          Clock: (R) CLK_UART1

                     Capture       Launch     
        Clock Edge:+    4000            0     
       Src Latency:+     100          150     
       Net Latency:+       0 (I)        0 (I) 
           Arrival:=    4100          150     
                                              
  Gate Check Setup:-      60                  
       Uncertainty:-     150                  
     Required Time:=    3890                  
      Launch Clock:-     150                  
         Data Path:-     636                  
             Slack:=    3103                  

#----------------------------------------------------------------------------------------------------------------------------------------------------------
#                           Timing Point                            Flags    Arc    Edge          Cell            Fanout Load Trans Delay Arrival Instance 
#                                                                                                                        (fF)  (ps)  (ps)   (ps)  Location 
#----------------------------------------------------------------------------------------------------------------------------------------------------------
  u_apb_uart1_u_rx_fifo_wr_ptr_reg[3]/CLK                           -       -       R     (arrival)                    5    -    40     0     150    (-,-) 
  u_apb_uart1_u_rx_fifo_wr_ptr_reg[3]/QN                            -       CLK->QN F     DFFASRHQNx1_ASAP7_75t_R     15  8.6   112   153     303    (-,-) 
  g202/Y                                                            -       A->Y    F     XOR2xp5_ASAP7_75t_R          1  0.8    46    48     350    (-,-) 
  g195/Y                                                            -       B->Y    R     NOR4xp25_ASAP7_75t_R         2  1.2    98    60     411    (-,-) 
  g206393/Y                                                         -       A->Y    F     INVxp33_ASAP7_75t_R          1  0.9    51    47     458    (-,-) 
  g196/Y                                                            -       A2->Y   F     OA21x2_ASAP7_75t_R           2  1.3    18    49     507    (-,-) 
  g193/Y                                                            -       A->Y    R     NAND2xp33_ASAP7_75t_R        5  3.0   138    72     579    (-,-) 
  g204505/Y                                                         -       A->Y    F     INVxp33_ASAP7_75t_R          1  0.9    60    55     634    (-,-) 
  g204291/Y                                                         -       A->Y    R     NAND3xp33_ASAP7_75t_R        2  1.2    50    38     671    (-,-) 
  g204184/Y                                                         -       A->Y    F     INVxp33_ASAP7_75t_R          1  0.7    33    31     703    (-,-) 
  g203954/Y                                                         -       B->Y    R     NAND2xp33_ASAP7_75t_R        2  1.2    74    42     745    (-,-) 
  g203787/Y                                                         -       B->Y    F     NOR2xp33_ASAP7_75t_R         1  0.8    60    42     786    (-,-) 
  u_apb_uart1_u_rx_fifo_cg_icg__RC_CG_HIER_INST973/RC_CGIC_INST/ENA -       -       F     ICGx1_ASAP7_75t_R            1    -     -     0     786    (-,-) 
#----------------------------------------------------------------------------------------------------------------------------------------------------------



Path 13: MET (3104 ps) Clock Gating Setup Check at cgic pin u_apb_uart1_u_rx_fifo_cg_icg__RC_CG_HIER_INST967/RC_CGIC_INST/ENA
           View: view_ss
          Group: cg_enable_group_CLK_UART1
     Startpoint: (R) u_apb_uart1_u_rx_fifo_wr_ptr_reg[3]/CLK
          Clock: (R) CLK_UART1
       Endpoint: (F) u_apb_uart1_u_rx_fifo_cg_icg__RC_CG_HIER_INST967/RC_CGIC_INST/ENA
          Clock: (R) CLK_UART1

                     Capture       Launch     
        Clock Edge:+    4000            0     
       Src Latency:+     100          150     
       Net Latency:+       0 (I)        0 (I) 
           Arrival:=    4100          150     
                                              
  Gate Check Setup:-      48                  
       Uncertainty:-     150                  
     Required Time:=    3902                  
      Launch Clock:-     150                  
         Data Path:-     648                  
             Slack:=    3104                  

#----------------------------------------------------------------------------------------------------------------------------------------------------------
#                           Timing Point                            Flags    Arc    Edge          Cell            Fanout Load Trans Delay Arrival Instance 
#                                                                                                                        (fF)  (ps)  (ps)   (ps)  Location 
#----------------------------------------------------------------------------------------------------------------------------------------------------------
  u_apb_uart1_u_rx_fifo_wr_ptr_reg[3]/CLK                           -       -       R     (arrival)                    5    -    40     0     150    (-,-) 
  u_apb_uart1_u_rx_fifo_wr_ptr_reg[3]/QN                            -       CLK->QN F     DFFASRHQNx1_ASAP7_75t_R     15  8.6   112   153     303    (-,-) 
  g202/Y                                                            -       A->Y    F     XOR2xp5_ASAP7_75t_R          1  0.8    46    48     350    (-,-) 
  g195/Y                                                            -       B->Y    R     NOR4xp25_ASAP7_75t_R         2  1.2    98    60     411    (-,-) 
  g206393/Y                                                         -       A->Y    F     INVxp33_ASAP7_75t_R          1  0.9    51    47     458    (-,-) 
  g196/Y                                                            -       A2->Y   F     OA21x2_ASAP7_75t_R           2  1.3    18    49     507    (-,-) 
  g193/Y                                                            -       A->Y    R     NAND2xp33_ASAP7_75t_R        5  3.0   138    72     579    (-,-) 
  g204382/Y                                                         -       B->Y    F     NOR2xp33_ASAP7_75t_R         2  1.2    69    65     644    (-,-) 
  g204169/Y                                                         -       B->Y    R     NAND2xp33_ASAP7_75t_R        2  1.2    74    55     699    (-,-) 
  g203971/Y                                                         -       B->Y    F     NOR2xp33_ASAP7_75t_R         2  1.4    68    53     752    (-,-) 
  g203761/Y                                                         -       B->Y    F     AND2x2_ASAP7_75t_R           1  0.8    17    46     798    (-,-) 
  u_apb_uart1_u_rx_fifo_cg_icg__RC_CG_HIER_INST967/RC_CGIC_INST/ENA -       -       F     ICGx1_ASAP7_75t_R            1    -     -     0     798    (-,-) 
#----------------------------------------------------------------------------------------------------------------------------------------------------------



Path 14: MET (3105 ps) Clock Gating Setup Check at cgic pin u_apb_uart1_u_rx_fifo_cg_icg__RC_CG_HIER_INST965/RC_CGIC_INST/ENA
           View: view_ss
          Group: cg_enable_group_CLK_UART1
     Startpoint: (R) u_apb_uart1_u_rx_fifo_wr_ptr_reg[3]/CLK
          Clock: (R) CLK_UART1
       Endpoint: (F) u_apb_uart1_u_rx_fifo_cg_icg__RC_CG_HIER_INST965/RC_CGIC_INST/ENA
          Clock: (R) CLK_UART1

                     Capture       Launch     
        Clock Edge:+    4000            0     
       Src Latency:+     100          150     
       Net Latency:+       0 (I)        0 (I) 
           Arrival:=    4100          150     
                                              
  Gate Check Setup:-      59                  
       Uncertainty:-     150                  
     Required Time:=    3891                  
      Launch Clock:-     150                  
         Data Path:-     636                  
             Slack:=    3105                  

#----------------------------------------------------------------------------------------------------------------------------------------------------------
#                           Timing Point                            Flags    Arc    Edge          Cell            Fanout Load Trans Delay Arrival Instance 
#                                                                                                                        (fF)  (ps)  (ps)   (ps)  Location 
#----------------------------------------------------------------------------------------------------------------------------------------------------------
  u_apb_uart1_u_rx_fifo_wr_ptr_reg[3]/CLK                           -       -       R     (arrival)                    5    -    40     0     150    (-,-) 
  u_apb_uart1_u_rx_fifo_wr_ptr_reg[3]/QN                            -       CLK->QN F     DFFASRHQNx1_ASAP7_75t_R     15  8.6   112   153     303    (-,-) 
  g202/Y                                                            -       A->Y    F     XOR2xp5_ASAP7_75t_R          1  0.8    46    48     350    (-,-) 
  g195/Y                                                            -       B->Y    R     NOR4xp25_ASAP7_75t_R         2  1.2    98    60     411    (-,-) 
  g206393/Y                                                         -       A->Y    F     INVxp33_ASAP7_75t_R          1  0.9    51    47     458    (-,-) 
  g196/Y                                                            -       A2->Y   F     OA21x2_ASAP7_75t_R           2  1.3    18    49     507    (-,-) 
  g193/Y                                                            -       A->Y    R     NAND2xp33_ASAP7_75t_R        5  3.0   138    72     579    (-,-) 
  g204505/Y                                                         -       A->Y    F     INVxp33_ASAP7_75t_R          1  0.9    60    55     634    (-,-) 
  g204291/Y                                                         -       A->Y    R     NAND3xp33_ASAP7_75t_R        2  1.2    50    38     671    (-,-) 
  g204184/Y                                                         -       A->Y    F     INVxp33_ASAP7_75t_R          1  0.7    33    31     703    (-,-) 
  g203954/Y                                                         -       B->Y    R     NAND2xp33_ASAP7_75t_R        2  1.2    74    42     745    (-,-) 
  g203765/Y                                                         -       B->Y    F     NOR2xp33_ASAP7_75t_R         1  0.8    54    42     786    (-,-) 
  u_apb_uart1_u_rx_fifo_cg_icg__RC_CG_HIER_INST965/RC_CGIC_INST/ENA -       -       F     ICGx1_ASAP7_75t_R            1    -     -     0     786    (-,-) 
#----------------------------------------------------------------------------------------------------------------------------------------------------------



Path 15: MET (3129 ps) Clock Gating Setup Check at cgic pin u_apb_uart1_u_tx_fifo_cg_icg__RC_CG_HIER_INST945/RC_CGIC_INST/ENA
           View: view_ss
          Group: cg_enable_group_CLK_UART1
     Startpoint: (R) u_apb_uart1_u_tx_fifo_wr_ptr_reg[2]/CLK
          Clock: (R) CLK_UART1
       Endpoint: (R) u_apb_uart1_u_tx_fifo_cg_icg__RC_CG_HIER_INST945/RC_CGIC_INST/ENA
          Clock: (R) CLK_UART1

                     Capture       Launch     
        Clock Edge:+    4000            0     
       Src Latency:+     100          150     
       Net Latency:+       0 (I)        0 (I) 
           Arrival:=    4100          150     
                                              
  Gate Check Setup:-      74                  
       Uncertainty:-     150                  
     Required Time:=    3876                  
      Launch Clock:-     150                  
         Data Path:-     596                  
             Slack:=    3129                  

#----------------------------------------------------------------------------------------------------------------------------------------------------------
#                           Timing Point                            Flags    Arc    Edge          Cell            Fanout Load Trans Delay Arrival Instance 
#                                                                                                                        (fF)  (ps)  (ps)   (ps)  Location 
#----------------------------------------------------------------------------------------------------------------------------------------------------------
  u_apb_uart1_u_tx_fifo_wr_ptr_reg[2]/CLK                           -       -       R     (arrival)                    5    -    40     0     150    (-,-) 
  u_apb_uart1_u_tx_fifo_wr_ptr_reg[2]/QN                            -       CLK->QN F     DFFASRHQNx1_ASAP7_75t_R      7  5.0    80   131     281    (-,-) 
  g207206/Y                                                         -       A->Y    F     XNOR2xp5_ASAP7_75t_R         1  0.9    39    54     335    (-,-) 
  g206563/Y                                                         -       A->Y    R     NAND4xp25_ASAP7_75t_R        2  1.2    44    33     368    (-,-) 
  g206396/Y                                                         -       A->Y    F     INVxp33_ASAP7_75t_R          1  0.7    32    30     398    (-,-) 
  g206097/Y                                                         -       B->Y    R     NAND2xp33_ASAP7_75t_R        3  1.8    89    53     451    (-,-) 
  g203978/Y                                                         -       B->Y    F     NAND2xp33_ASAP7_75t_R        2  1.4    60    51     502    (-,-) 
  g203689/Y                                                         -       A->Y    R     NOR3xp33_ASAP7_75t_R         2  1.2    81    50     552    (-,-) 
  g203614/Y                                                         -       A->Y    F     INVxp33_ASAP7_75t_R          2  1.2    54    50     602    (-,-) 
  g203460/Y                                                         -       B->Y    R     NOR2xp33_ASAP7_75t_R         2  1.4    75    50     652    (-,-) 
  g203374/Y                                                         -       A->Y    F     INVxp33_ASAP7_75t_R          3  1.6    63    55     707    (-,-) 
  g203197/Y                                                         -       B->Y    R     NOR2xp33_ASAP7_75t_R         1  0.8    55    40     746    (-,-) 
  u_apb_uart1_u_tx_fifo_cg_icg__RC_CG_HIER_INST945/RC_CGIC_INST/ENA -       -       R     ICGx1_ASAP7_75t_R            1    -     -     0     746    (-,-) 
#----------------------------------------------------------------------------------------------------------------------------------------------------------



Path 16: MET (3129 ps) Clock Gating Setup Check at cgic pin u_apb_uart1_u_tx_fifo_cg_icg__RC_CG_HIER_INST958/RC_CGIC_INST/ENA
           View: view_ss
          Group: cg_enable_group_CLK_UART1
     Startpoint: (R) u_apb_uart1_u_tx_fifo_wr_ptr_reg[2]/CLK
          Clock: (R) CLK_UART1
       Endpoint: (R) u_apb_uart1_u_tx_fifo_cg_icg__RC_CG_HIER_INST958/RC_CGIC_INST/ENA
          Clock: (R) CLK_UART1

                     Capture       Launch     
        Clock Edge:+    4000            0     
       Src Latency:+     100          150     
       Net Latency:+       0 (I)        0 (I) 
           Arrival:=    4100          150     
                                              
  Gate Check Setup:-      74                  
       Uncertainty:-     150                  
     Required Time:=    3876                  
      Launch Clock:-     150                  
         Data Path:-     596                  
             Slack:=    3129                  

#----------------------------------------------------------------------------------------------------------------------------------------------------------
#                           Timing Point                            Flags    Arc    Edge          Cell            Fanout Load Trans Delay Arrival Instance 
#                                                                                                                        (fF)  (ps)  (ps)   (ps)  Location 
#----------------------------------------------------------------------------------------------------------------------------------------------------------
  u_apb_uart1_u_tx_fifo_wr_ptr_reg[2]/CLK                           -       -       R     (arrival)                    5    -    40     0     150    (-,-) 
  u_apb_uart1_u_tx_fifo_wr_ptr_reg[2]/QN                            -       CLK->QN F     DFFASRHQNx1_ASAP7_75t_R      7  5.0    80   131     281    (-,-) 
  g207206/Y                                                         -       A->Y    F     XNOR2xp5_ASAP7_75t_R         1  0.9    39    54     335    (-,-) 
  g206563/Y                                                         -       A->Y    R     NAND4xp25_ASAP7_75t_R        2  1.2    44    33     368    (-,-) 
  g206396/Y                                                         -       A->Y    F     INVxp33_ASAP7_75t_R          1  0.7    32    30     398    (-,-) 
  g206097/Y                                                         -       B->Y    R     NAND2xp33_ASAP7_75t_R        3  1.8    89    53     451    (-,-) 
  g203978/Y                                                         -       B->Y    F     NAND2xp33_ASAP7_75t_R        2  1.4    60    51     502    (-,-) 
  g203689/Y                                                         -       A->Y    R     NOR3xp33_ASAP7_75t_R         2  1.2    81    50     552    (-,-) 
  g203614/Y                                                         -       A->Y    F     INVxp33_ASAP7_75t_R          2  1.2    54    50     602    (-,-) 
  g203460/Y                                                         -       B->Y    R     NOR2xp33_ASAP7_75t_R         2  1.4    75    50     652    (-,-) 
  g203374/Y                                                         -       A->Y    F     INVxp33_ASAP7_75t_R          3  1.6    63    55     707    (-,-) 
  g203201/Y                                                         -       B->Y    R     NOR2xp33_ASAP7_75t_R         1  0.8    55    40     746    (-,-) 
  u_apb_uart1_u_tx_fifo_cg_icg__RC_CG_HIER_INST958/RC_CGIC_INST/ENA -       -       R     ICGx1_ASAP7_75t_R            1    -     -     0     746    (-,-) 
#----------------------------------------------------------------------------------------------------------------------------------------------------------



Path 17: MET (3129 ps) Clock Gating Setup Check at cgic pin u_apb_uart1_u_tx_fifo_cg_icg__RC_CG_HIER_INST944/RC_CGIC_INST/ENA
           View: view_ss
          Group: cg_enable_group_CLK_UART1
     Startpoint: (R) u_apb_uart1_u_tx_fifo_wr_ptr_reg[2]/CLK
          Clock: (R) CLK_UART1
       Endpoint: (R) u_apb_uart1_u_tx_fifo_cg_icg__RC_CG_HIER_INST944/RC_CGIC_INST/ENA
          Clock: (R) CLK_UART1

                     Capture       Launch     
        Clock Edge:+    4000            0     
       Src Latency:+     100          150     
       Net Latency:+       0 (I)        0 (I) 
           Arrival:=    4100          150     
                                              
  Gate Check Setup:-      74                  
       Uncertainty:-     150                  
     Required Time:=    3876                  
      Launch Clock:-     150                  
         Data Path:-     596                  
             Slack:=    3129                  

#----------------------------------------------------------------------------------------------------------------------------------------------------------
#                           Timing Point                            Flags    Arc    Edge          Cell            Fanout Load Trans Delay Arrival Instance 
#                                                                                                                        (fF)  (ps)  (ps)   (ps)  Location 
#----------------------------------------------------------------------------------------------------------------------------------------------------------
  u_apb_uart1_u_tx_fifo_wr_ptr_reg[2]/CLK                           -       -       R     (arrival)                    5    -    40     0     150    (-,-) 
  u_apb_uart1_u_tx_fifo_wr_ptr_reg[2]/QN                            -       CLK->QN F     DFFASRHQNx1_ASAP7_75t_R      7  5.0    80   131     281    (-,-) 
  g207206/Y                                                         -       A->Y    F     XNOR2xp5_ASAP7_75t_R         1  0.9    39    54     335    (-,-) 
  g206563/Y                                                         -       A->Y    R     NAND4xp25_ASAP7_75t_R        2  1.2    44    33     368    (-,-) 
  g206396/Y                                                         -       A->Y    F     INVxp33_ASAP7_75t_R          1  0.7    32    30     398    (-,-) 
  g206097/Y                                                         -       B->Y    R     NAND2xp33_ASAP7_75t_R        3  1.8    89    53     451    (-,-) 
  g203978/Y                                                         -       B->Y    F     NAND2xp33_ASAP7_75t_R        2  1.4    60    51     502    (-,-) 
  g203689/Y                                                         -       A->Y    R     NOR3xp33_ASAP7_75t_R         2  1.2    81    50     552    (-,-) 
  g203614/Y                                                         -       A->Y    F     INVxp33_ASAP7_75t_R          2  1.2    54    50     602    (-,-) 
  g203460/Y                                                         -       B->Y    R     NOR2xp33_ASAP7_75t_R         2  1.4    75    50     652    (-,-) 
  g203374/Y                                                         -       A->Y    F     INVxp33_ASAP7_75t_R          3  1.6    63    55     707    (-,-) 
  g203200/Y                                                         -       B->Y    R     NOR2xp33_ASAP7_75t_R         1  0.8    55    40     746    (-,-) 
  u_apb_uart1_u_tx_fifo_cg_icg__RC_CG_HIER_INST944/RC_CGIC_INST/ENA -       -       R     ICGx1_ASAP7_75t_R            1    -     -     0     746    (-,-) 
#----------------------------------------------------------------------------------------------------------------------------------------------------------



Path 18: MET (3141 ps) Clock Gating Setup Check at cgic pin u_apb_uart1_u_rx_fifo_cg_icg__RC_CG_HIER_INST969/RC_CGIC_INST/ENA
           View: view_ss
          Group: cg_enable_group_CLK_UART1
     Startpoint: (R) u_apb_uart1_u_rx_fifo_wr_ptr_reg[3]/CLK
          Clock: (R) CLK_UART1
       Endpoint: (F) u_apb_uart1_u_rx_fifo_cg_icg__RC_CG_HIER_INST969/RC_CGIC_INST/ENA
          Clock: (R) CLK_UART1

                     Capture       Launch     
        Clock Edge:+    4000            0     
       Src Latency:+     100          150     
       Net Latency:+       0 (I)        0 (I) 
           Arrival:=    4100          150     
                                              
  Gate Check Setup:-      48                  
       Uncertainty:-     150                  
     Required Time:=    3902                  
      Launch Clock:-     150                  
         Data Path:-     611                  
             Slack:=    3141                  

#----------------------------------------------------------------------------------------------------------------------------------------------------------
#                           Timing Point                            Flags    Arc    Edge          Cell            Fanout Load Trans Delay Arrival Instance 
#                                                                                                                        (fF)  (ps)  (ps)   (ps)  Location 
#----------------------------------------------------------------------------------------------------------------------------------------------------------
  u_apb_uart1_u_rx_fifo_wr_ptr_reg[3]/CLK                           -       -       R     (arrival)                    5    -    40     0     150    (-,-) 
  u_apb_uart1_u_rx_fifo_wr_ptr_reg[3]/QN                            -       CLK->QN F     DFFASRHQNx1_ASAP7_75t_R     15  8.6   112   153     303    (-,-) 
  g202/Y                                                            -       A->Y    F     XOR2xp5_ASAP7_75t_R          1  0.8    46    48     350    (-,-) 
  g195/Y                                                            -       B->Y    R     NOR4xp25_ASAP7_75t_R         2  1.2    98    60     411    (-,-) 
  g206393/Y                                                         -       A->Y    F     INVxp33_ASAP7_75t_R          1  0.9    51    47     458    (-,-) 
  g196/Y                                                            -       A2->Y   F     OA21x2_ASAP7_75t_R           2  1.3    18    49     507    (-,-) 
  g193/Y                                                            -       A->Y    R     NAND2xp33_ASAP7_75t_R        5  3.0   138    72     579    (-,-) 
  g204505/Y                                                         -       A->Y    F     INVxp33_ASAP7_75t_R          1  0.9    60    55     634    (-,-) 
  g204291/Y                                                         -       A->Y    R     NAND3xp33_ASAP7_75t_R        2  1.2    50    38     671    (-,-) 
  g203975/Y                                                         -       B->Y    F     NOR2xp33_ASAP7_75t_R         2  1.4    64    44     716    (-,-) 
  g203757/Y                                                         -       B->Y    F     AND2x2_ASAP7_75t_R           1  0.8    17    45     761    (-,-) 
  u_apb_uart1_u_rx_fifo_cg_icg__RC_CG_HIER_INST969/RC_CGIC_INST/ENA -       -       F     ICGx1_ASAP7_75t_R            1    -     -     0     761    (-,-) 
#----------------------------------------------------------------------------------------------------------------------------------------------------------



Path 19: MET (3149 ps) Clock Gating Setup Check at cgic pin u_apb_uart1_u_tx_fifo_cg_icg__RC_CG_HIER_INST947/RC_CGIC_INST/ENA
           View: view_ss
          Group: cg_enable_group_CLK_UART1
     Startpoint: (R) u_apb_uart1_u_tx_fifo_wr_ptr_reg[2]/CLK
          Clock: (R) CLK_UART1
       Endpoint: (R) u_apb_uart1_u_tx_fifo_cg_icg__RC_CG_HIER_INST947/RC_CGIC_INST/ENA
          Clock: (R) CLK_UART1

                     Capture       Launch     
        Clock Edge:+    4000            0     
       Src Latency:+     100          150     
       Net Latency:+       0 (I)        0 (I) 
           Arrival:=    4100          150     
                                              
  Gate Check Setup:-      74                  
       Uncertainty:-     150                  
     Required Time:=    3876                  
      Launch Clock:-     150                  
         Data Path:-     577                  
             Slack:=    3149                  

#----------------------------------------------------------------------------------------------------------------------------------------------------------
#                           Timing Point                            Flags    Arc    Edge          Cell            Fanout Load Trans Delay Arrival Instance 
#                                                                                                                        (fF)  (ps)  (ps)   (ps)  Location 
#----------------------------------------------------------------------------------------------------------------------------------------------------------
  u_apb_uart1_u_tx_fifo_wr_ptr_reg[2]/CLK                           -       -       R     (arrival)                    5    -    40     0     150    (-,-) 
  u_apb_uart1_u_tx_fifo_wr_ptr_reg[2]/QN                            -       CLK->QN F     DFFASRHQNx1_ASAP7_75t_R      7  5.0    80   131     281    (-,-) 
  g207206/Y                                                         -       A->Y    F     XNOR2xp5_ASAP7_75t_R         1  0.9    39    54     335    (-,-) 
  g206563/Y                                                         -       A->Y    R     NAND4xp25_ASAP7_75t_R        2  1.2    44    33     368    (-,-) 
  g206396/Y                                                         -       A->Y    F     INVxp33_ASAP7_75t_R          1  0.7    32    30     398    (-,-) 
  g206097/Y                                                         -       B->Y    R     NAND2xp33_ASAP7_75t_R        3  1.8    89    53     451    (-,-) 
  g203978/Y                                                         -       B->Y    F     NAND2xp33_ASAP7_75t_R        2  1.4    60    51     502    (-,-) 
  g213544/Y                                                         -       A->Y    R     INVxp33_ASAP7_75t_R          2  1.4    72    54     556    (-,-) 
  g213543/Y                                                         -       B->Y    F     NAND3xp33_ASAP7_75t_R        3  1.8    70    50     606    (-,-) 
  g213550/Y                                                         -       A->Y    R     INVxp33_ASAP7_75t_R          1  0.7    50    42     647    (-,-) 
  g213549/Y                                                         -       A->Y    F     NAND2xp33_ASAP7_75t_R        3  1.6    65    40     687    (-,-) 
  g203199/Y                                                         -       B->Y    R     NOR2xp33_ASAP7_75t_R         1  0.8    55    40     727    (-,-) 
  u_apb_uart1_u_tx_fifo_cg_icg__RC_CG_HIER_INST947/RC_CGIC_INST/ENA -       -       R     ICGx1_ASAP7_75t_R            1    -     -     0     727    (-,-) 
#----------------------------------------------------------------------------------------------------------------------------------------------------------



Path 20: MET (3149 ps) Clock Gating Setup Check at cgic pin u_apb_uart1_u_tx_fifo_cg_icg__RC_CG_HIER_INST948/RC_CGIC_INST/ENA
           View: view_ss
          Group: cg_enable_group_CLK_UART1
     Startpoint: (R) u_apb_uart1_u_tx_fifo_wr_ptr_reg[2]/CLK
          Clock: (R) CLK_UART1
       Endpoint: (R) u_apb_uart1_u_tx_fifo_cg_icg__RC_CG_HIER_INST948/RC_CGIC_INST/ENA
          Clock: (R) CLK_UART1

                     Capture       Launch     
        Clock Edge:+    4000            0     
       Src Latency:+     100          150     
       Net Latency:+       0 (I)        0 (I) 
           Arrival:=    4100          150     
                                              
  Gate Check Setup:-      74                  
       Uncertainty:-     150                  
     Required Time:=    3876                  
      Launch Clock:-     150                  
         Data Path:-     577                  
             Slack:=    3149                  

#----------------------------------------------------------------------------------------------------------------------------------------------------------
#                           Timing Point                            Flags    Arc    Edge          Cell            Fanout Load Trans Delay Arrival Instance 
#                                                                                                                        (fF)  (ps)  (ps)   (ps)  Location 
#----------------------------------------------------------------------------------------------------------------------------------------------------------
  u_apb_uart1_u_tx_fifo_wr_ptr_reg[2]/CLK                           -       -       R     (arrival)                    5    -    40     0     150    (-,-) 
  u_apb_uart1_u_tx_fifo_wr_ptr_reg[2]/QN                            -       CLK->QN F     DFFASRHQNx1_ASAP7_75t_R      7  5.0    80   131     281    (-,-) 
  g207206/Y                                                         -       A->Y    F     XNOR2xp5_ASAP7_75t_R         1  0.9    39    54     335    (-,-) 
  g206563/Y                                                         -       A->Y    R     NAND4xp25_ASAP7_75t_R        2  1.2    44    33     368    (-,-) 
  g206396/Y                                                         -       A->Y    F     INVxp33_ASAP7_75t_R          1  0.7    32    30     398    (-,-) 
  g206097/Y                                                         -       B->Y    R     NAND2xp33_ASAP7_75t_R        3  1.8    89    53     451    (-,-) 
  g203978/Y                                                         -       B->Y    F     NAND2xp33_ASAP7_75t_R        2  1.4    60    51     502    (-,-) 
  g213544/Y                                                         -       A->Y    R     INVxp33_ASAP7_75t_R          2  1.4    72    54     556    (-,-) 
  g213543/Y                                                         -       B->Y    F     NAND3xp33_ASAP7_75t_R        3  1.8    70    50     606    (-,-) 
  g213550/Y                                                         -       A->Y    R     INVxp33_ASAP7_75t_R          1  0.7    50    42     647    (-,-) 
  g213549/Y                                                         -       A->Y    F     NAND2xp33_ASAP7_75t_R        3  1.6    65    40     687    (-,-) 
  g213554/Y                                                         -       B->Y    R     NOR2xp33_ASAP7_75t_R         1  0.8    55    40     727    (-,-) 
  u_apb_uart1_u_tx_fifo_cg_icg__RC_CG_HIER_INST948/RC_CGIC_INST/ENA -       -       R     ICGx1_ASAP7_75t_R            1    -     -     0     727    (-,-) 
#----------------------------------------------------------------------------------------------------------------------------------------------------------


