============================================================
  Generated by:           Genus(TM) Synthesis Solution 23.14-s090_1
  Generated on:           Sep 25 2026  02:08:35 am
  Module:                 top_soc
  Operating conditions:   PVT_0P63V_100C 
  Operating conditions:   PVT_0P7V_25C 
  Interconnect mode:      global
  Area mode:              physical library
============================================================


Path 1: MET (2644 ps) Clock Gating Setup Check at cgic pin u_apb_uart_cg_icg__RC_CG_HIER_INST79/RC_CGIC_INST/ENA
           View: view_ss
          Group: cg_enable_group_CLK_UART
     Startpoint: (R) u_axi_to_apb_m_apb_paddr_reg[9]/CLK
          Clock: (R) CLK_SYS
       Endpoint: (R) u_apb_uart_cg_icg__RC_CG_HIER_INST79/RC_CGIC_INST/ENA
          Clock: (R) CLK_UART

                     Capture       Launch     
        Clock Edge:+    4000            0     
       Src Latency:+     100          150     
       Net Latency:+       0 (I)        0 (I) 
           Arrival:=    4100          150     
                                              
  Gate Check Setup:-      74                  
       Uncertainty:-     150                  
     Required Time:=    3876                  
      Launch Clock:-     150                  
         Data Path:-    1082                  
             Slack:=    2644                  

#----------------------------------------------------------------------------------------------------------------------------------------------
#                     Timing Point                      Flags    Arc    Edge          Cell            Fanout Load Trans Delay Arrival Instance 
#                                                                                                            (fF)  (ps)  (ps)   (ps)  Location 
#----------------------------------------------------------------------------------------------------------------------------------------------
  u_axi_to_apb_m_apb_paddr_reg[9]/CLK                   -       -       R     (arrival)                   69    -    40     0     150    (-,-) 
  u_axi_to_apb_m_apb_paddr_reg[9]/QN                    -       CLK->QN F     DFFASRHQNx1_ASAP7_75t_R      7  4.7    77   129     279    (-,-) 
  g208481/Y                                             -       B->Y    F     OR2x2_ASAP7_75t_R            2  1.6    20    55     334    (-,-) 
  g206865/Y                                             -       A->Y    R     NOR4xp25_ASAP7_75t_R         2  1.2   103    52     386    (-,-) 
  g206388/Y                                             -       B->Y    F     NAND2xp33_ASAP7_75t_R        4  2.5    92    71     457    (-,-) 
  g206221/Y                                             -       A->Y    R     INVxp33_ASAP7_75t_R          2  1.6    88    69     526    (-,-) 
  g206100/Y                                             -       B->Y    F     NAND2xp5_ASAP7_75t_R         5  2.8    70    58     584    (-,-) 
  g205996/Y                                             -       A->Y    R     INVxp33_ASAP7_75t_R          1  0.9    57    46     630    (-,-) 
  g205882/Y                                             -       B->Y    R     AND2x2_ASAP7_75t_R          20 13.2   102    83     713    (-,-) 
  g205788/Y                                             -       A->Y    R     BUFx2_ASAP7_75t_R           19 12.0    91    86     800    (-,-) 
  g205786/Y                                             -       A->Y    R     HB1xp67_ASAP7_75t_R         11  6.8   150   109     908    (-,-) 
  g205785/Y                                             -       A->Y    R     HB2xp67_ASAP7_75t_R          1  0.9    34    86     995    (-,-) 
  drc_buf_sp211125/Y                                    -       A->Y    R     HB2xp67_ASAP7_75t_R          2  1.6    44    61    1056    (-,-) 
  drc_buf_sp211123/Y                                    -       A->Y    R     BUFx2_ASAP7_75t_R           18 10.6    80    68    1124    (-,-) 
  g205781/Y                                             -       A->Y    F     INVxp33_ASAP7_75t_R          4  2.3    82    67    1191    (-,-) 
  g205682/Y                                             -       A->Y    R     NOR2xp33_ASAP7_75t_R         1  0.8    54    41    1232    (-,-) 
  u_apb_uart_cg_icg__RC_CG_HIER_INST79/RC_CGIC_INST/ENA -       -       R     ICGx1_ASAP7_75t_R            1    -     -     0    1232    (-,-) 
#----------------------------------------------------------------------------------------------------------------------------------------------



Path 2: MET (2809 ps) Clock Gating Setup Check at cgic pin u_apb_uart_cg_icg__RC_CG_HIER_INST81/RC_CGIC_INST/ENA
           View: view_ss
          Group: cg_enable_group_CLK_UART
     Startpoint: (R) u_axi_to_apb_m_apb_paddr_reg[25]/CLK
          Clock: (R) CLK_SYS
       Endpoint: (R) u_apb_uart_cg_icg__RC_CG_HIER_INST81/RC_CGIC_INST/ENA
          Clock: (R) CLK_UART

                     Capture       Launch     
        Clock Edge:+    4000            0     
       Src Latency:+     100          150     
       Net Latency:+       0 (I)        0 (I) 
           Arrival:=    4100          150     
                                              
  Gate Check Setup:-      73                  
       Uncertainty:-     150                  
     Required Time:=    3877                  
      Launch Clock:-     150                  
         Data Path:-     918                  
             Slack:=    2809                  

#----------------------------------------------------------------------------------------------------------------------------------------------
#                     Timing Point                      Flags    Arc    Edge          Cell            Fanout Load Trans Delay Arrival Instance 
#                                                                                                            (fF)  (ps)  (ps)   (ps)  Location 
#----------------------------------------------------------------------------------------------------------------------------------------------
  u_axi_to_apb_m_apb_paddr_reg[25]/CLK                  -       -       R     (arrival)                   69    -    40     0     150    (-,-) 
  u_axi_to_apb_m_apb_paddr_reg[25]/QN                   -       CLK->QN F     DFFASRHQNx1_ASAP7_75t_R      2  1.6    46   104     254    (-,-) 
  g124450/Y                                             -       C->Y    F     OR4x1_ASAP7_75t_R            2  1.6    32    71     324    (-,-) 
  g124448/Y                                             -       B->Y    F     OR2x2_ASAP7_75t_R            2  1.7    19    43     368    (-,-) 
  g124447/Y                                             -       A->Y    F     OR3x1_ASAP7_75t_R           11  8.4    92    86     454    (-,-) 
  g207101/Y                                             -       A->Y    R     NOR3xp33_ASAP7_75t_R         2  1.2    82    58     511    (-,-) 
  g206906/Y                                             -       A->Y    R     HB1xp67_ASAP7_75t_R          1  0.9    28    50     561    (-,-) 
  drc_buf_sp212917/Y                                    -       A->Y    R     HB2xp67_ASAP7_75t_R          2  1.6    44    58     620    (-,-) 
  drc_buf_sp212915/Y                                    -       A->Y    R     HB2xp67_ASAP7_75t_R         12  6.2   139   110     729    (-,-) 
  g206905/Y                                             -       A->Y    R     HB2xp67_ASAP7_75t_R         10  6.0   136   136     865    (-,-) 
  g206903/Y                                             -       A->Y    F     INVxp33_ASAP7_75t_R          2  1.4    74    68     933    (-,-) 
  g206866/Y                                             -       A->Y    F     OR3x1_ASAP7_75t_R            2  1.6    30    64     996    (-,-) 
  g206384/Y                                             -       B->Y    F     OR2x2_ASAP7_75t_R            3  1.8    21    43    1039    (-,-) 
  g204937/Y                                             -       B->Y    R     NOR2xp33_ASAP7_75t_R         1  0.8    50    28    1068    (-,-) 
  u_apb_uart_cg_icg__RC_CG_HIER_INST81/RC_CGIC_INST/ENA -       -       R     ICGx1_ASAP7_75t_R            1    -     -     0    1068    (-,-) 
#----------------------------------------------------------------------------------------------------------------------------------------------



Path 3: MET (2900 ps) Clock Gating Setup Check at cgic pin u_apb_uart_cg_icg__RC_CG_HIER_INST78/RC_CGIC_INST/ENA
           View: view_ss
          Group: cg_enable_group_CLK_UART
     Startpoint: (R) u_axi_to_apb_m_apb_paddr_reg[25]/CLK
          Clock: (R) CLK_SYS
       Endpoint: (R) u_apb_uart_cg_icg__RC_CG_HIER_INST78/RC_CGIC_INST/ENA
          Clock: (R) CLK_UART

                     Capture       Launch     
        Clock Edge:+    4000            0     
       Src Latency:+     100          150     
       Net Latency:+       0 (I)        0 (I) 
           Arrival:=    4100          150     
                                              
  Gate Check Setup:-      79                  
       Uncertainty:-     150                  
     Required Time:=    3871                  
      Launch Clock:-     150                  
         Data Path:-     821                  
             Slack:=    2900                  

#----------------------------------------------------------------------------------------------------------------------------------------------
#                     Timing Point                      Flags    Arc    Edge          Cell            Fanout Load Trans Delay Arrival Instance 
#                                                                                                            (fF)  (ps)  (ps)   (ps)  Location 
#----------------------------------------------------------------------------------------------------------------------------------------------
  u_axi_to_apb_m_apb_paddr_reg[25]/CLK                  -       -       R     (arrival)                   69    -    40     0     150    (-,-) 
  u_axi_to_apb_m_apb_paddr_reg[25]/QN                   -       CLK->QN F     DFFASRHQNx1_ASAP7_75t_R      2  1.6    46   104     254    (-,-) 
  g124450/Y                                             -       C->Y    F     OR4x1_ASAP7_75t_R            2  1.6    32    71     324    (-,-) 
  g124448/Y                                             -       B->Y    F     OR2x2_ASAP7_75t_R            2  1.7    19    43     368    (-,-) 
  g124447/Y                                             -       A->Y    F     OR3x1_ASAP7_75t_R           11  8.4    92    86     454    (-,-) 
  g207101/Y                                             -       A->Y    R     NOR3xp33_ASAP7_75t_R         2  1.2    82    58     511    (-,-) 
  g206906/Y                                             -       A->Y    R     HB1xp67_ASAP7_75t_R          1  0.9    28    50     561    (-,-) 
  drc_buf_sp212917/Y                                    -       A->Y    R     HB2xp67_ASAP7_75t_R          2  1.6    44    58     620    (-,-) 
  drc_buf_sp212915/Y                                    -       A->Y    R     HB2xp67_ASAP7_75t_R         12  6.2   139   110     729    (-,-) 
  g206905/Y                                             -       A->Y    R     HB2xp67_ASAP7_75t_R         10  6.0   136   136     865    (-,-) 
  g209431/Y                                             -       C->Y    F     A2O1A1Ixp33_ASAP7_75t_R      1  0.7    59    51     916    (-,-) 
  g209430/Y                                             -       A->Y    R     INVxp33_ASAP7_75t_R          2  1.5    76    56     971    (-,-) 
  u_apb_uart_cg_icg__RC_CG_HIER_INST78/RC_CGIC_INST/ENA -       -       R     ICGx1_ASAP7_75t_R            2    -     -     0     971    (-,-) 
#----------------------------------------------------------------------------------------------------------------------------------------------



Path 4: MET (3053 ps) Clock Gating Setup Check at cgic pin u_apb_uart_u_rx_fifo_cg_icg__RC_CG_HIER_INST866/RC_CGIC_INST/ENA
           View: view_ss
          Group: cg_enable_group_CLK_UART
     Startpoint: (R) u_apb_uart_u_rx_fifo_wr_ptr_reg[2]/CLK
          Clock: (R) CLK_UART
       Endpoint: (F) u_apb_uart_u_rx_fifo_cg_icg__RC_CG_HIER_INST866/RC_CGIC_INST/ENA
          Clock: (R) CLK_UART

                     Capture       Launch     
        Clock Edge:+    4000            0     
       Src Latency:+     100          150     
       Net Latency:+       0 (I)        0 (I) 
           Arrival:=    4100          150     
                                              
  Gate Check Setup:-      60                  
       Uncertainty:-     150                  
     Required Time:=    3890                  
      Launch Clock:-     150                  
         Data Path:-     687                  
             Slack:=    3053                  

#---------------------------------------------------------------------------------------------------------------------------------------------------------
#                          Timing Point                            Flags    Arc    Edge          Cell            Fanout Load Trans Delay Arrival Instance 
#                                                                                                                       (fF)  (ps)  (ps)   (ps)  Location 
#---------------------------------------------------------------------------------------------------------------------------------------------------------
  u_apb_uart_u_rx_fifo_wr_ptr_reg[2]/CLK                           -       -       R     (arrival)                    5    -    40     0     150    (-,-) 
  u_apb_uart_u_rx_fifo_wr_ptr_reg[2]/QN                            -       CLK->QN F     DFFASRHQNx1_ASAP7_75t_R     12  6.9    97   143     293    (-,-) 
  g317/Y                                                           -       A->Y    F     XOR2xp5_ASAP7_75t_R          1  0.8    42    46     339    (-,-) 
  g308/Y                                                           -       B->Y    R     NOR4xp25_ASAP7_75t_R         2  1.2    98    60     399    (-,-) 
  g206392/Y                                                        -       A->Y    F     INVxp33_ASAP7_75t_R          1  0.9    50    47     446    (-,-) 
  g309/Y                                                           -       A2->Y   F     OA21x2_ASAP7_75t_R           2  1.3    18    49     495    (-,-) 
  g306/Y                                                           -       A->Y    R     NAND2xp33_ASAP7_75t_R        3  1.7    86    47     542    (-,-) 
  g305/Y                                                           -       A->Y    F     INVxp33_ASAP7_75t_R          3  1.9    73    63     605    (-,-) 
  g303/Y                                                           -       A->Y    R     NAND2xp33_ASAP7_75t_R        4  2.2   111    78     682    (-,-) 
  g301/Y                                                           -       B->Y    F     NOR2xp33_ASAP7_75t_R         2  1.2    62    59     741    (-,-) 
  g298/Y                                                           -       A->Y    R     NAND2xp33_ASAP7_75t_R        2  1.2    74    54     795    (-,-) 
  g203778/Y                                                        -       B->Y    F     NOR2xp33_ASAP7_75t_R         1  0.8    58    42     837    (-,-) 
  u_apb_uart_u_rx_fifo_cg_icg__RC_CG_HIER_INST866/RC_CGIC_INST/ENA -       -       F     ICGx1_ASAP7_75t_R            1    -     -     0     837    (-,-) 
#---------------------------------------------------------------------------------------------------------------------------------------------------------



Path 5: MET (3054 ps) Clock Gating Setup Check at cgic pin u_apb_uart_u_rx_fifo_cg_icg__RC_CG_HIER_INST854/RC_CGIC_INST/ENA
           View: view_ss
          Group: cg_enable_group_CLK_UART
     Startpoint: (R) u_apb_uart_u_rx_fifo_wr_ptr_reg[2]/CLK
          Clock: (R) CLK_UART
       Endpoint: (F) u_apb_uart_u_rx_fifo_cg_icg__RC_CG_HIER_INST854/RC_CGIC_INST/ENA
          Clock: (R) CLK_UART

                     Capture       Launch     
        Clock Edge:+    4000            0     
       Src Latency:+     100          150     
       Net Latency:+       0 (I)        0 (I) 
           Arrival:=    4100          150     
                                              
  Gate Check Setup:-      59                  
       Uncertainty:-     150                  
     Required Time:=    3891                  
      Launch Clock:-     150                  
         Data Path:-     687                  
             Slack:=    3054                  

#---------------------------------------------------------------------------------------------------------------------------------------------------------
#                          Timing Point                            Flags    Arc    Edge          Cell            Fanout Load Trans Delay Arrival Instance 
#                                                                                                                       (fF)  (ps)  (ps)   (ps)  Location 
#---------------------------------------------------------------------------------------------------------------------------------------------------------
  u_apb_uart_u_rx_fifo_wr_ptr_reg[2]/CLK                           -       -       R     (arrival)                    5    -    40     0     150    (-,-) 
  u_apb_uart_u_rx_fifo_wr_ptr_reg[2]/QN                            -       CLK->QN F     DFFASRHQNx1_ASAP7_75t_R     12  6.9    97   143     293    (-,-) 
  g317/Y                                                           -       A->Y    F     XOR2xp5_ASAP7_75t_R          1  0.8    42    46     339    (-,-) 
  g308/Y                                                           -       B->Y    R     NOR4xp25_ASAP7_75t_R         2  1.2    98    60     399    (-,-) 
  g206392/Y                                                        -       A->Y    F     INVxp33_ASAP7_75t_R          1  0.9    50    47     446    (-,-) 
  g309/Y                                                           -       A2->Y   F     OA21x2_ASAP7_75t_R           2  1.3    18    49     495    (-,-) 
  g306/Y                                                           -       A->Y    R     NAND2xp33_ASAP7_75t_R        3  1.7    86    47     542    (-,-) 
  g305/Y                                                           -       A->Y    F     INVxp33_ASAP7_75t_R          3  1.9    73    63     605    (-,-) 
  g303/Y                                                           -       A->Y    R     NAND2xp33_ASAP7_75t_R        4  2.2   111    78     682    (-,-) 
  g301/Y                                                           -       B->Y    F     NOR2xp33_ASAP7_75t_R         2  1.2    62    59     741    (-,-) 
  g298/Y                                                           -       A->Y    R     NAND2xp33_ASAP7_75t_R        2  1.2    74    54     795    (-,-) 
  g294/Y                                                           -       B->Y    F     NOR2xp33_ASAP7_75t_R         1  0.8    55    42     837    (-,-) 
  u_apb_uart_u_rx_fifo_cg_icg__RC_CG_HIER_INST854/RC_CGIC_INST/ENA -       -       F     ICGx1_ASAP7_75t_R            1    -     -     0     837    (-,-) 
#---------------------------------------------------------------------------------------------------------------------------------------------------------



Path 6: MET (3056 ps) Clock Gating Setup Check at cgic pin u_apb_uart_u_rx_fifo_cg_icg__RC_CG_HIER_INST867/RC_CGIC_INST/ENA
           View: view_ss
          Group: cg_enable_group_CLK_UART
     Startpoint: (R) u_apb_uart_u_rx_fifo_wr_ptr_reg[2]/CLK
          Clock: (R) CLK_UART
       Endpoint: (F) u_apb_uart_u_rx_fifo_cg_icg__RC_CG_HIER_INST867/RC_CGIC_INST/ENA
          Clock: (R) CLK_UART

                     Capture       Launch     
        Clock Edge:+    4000            0     
       Src Latency:+     100          150     
       Net Latency:+       0 (I)        0 (I) 
           Arrival:=    4100          150     
                                              
  Gate Check Setup:-      60                  
       Uncertainty:-     150                  
     Required Time:=    3890                  
      Launch Clock:-     150                  
         Data Path:-     684                  
             Slack:=    3056                  

#---------------------------------------------------------------------------------------------------------------------------------------------------------
#                          Timing Point                            Flags    Arc    Edge          Cell            Fanout Load Trans Delay Arrival Instance 
#                                                                                                                       (fF)  (ps)  (ps)   (ps)  Location 
#---------------------------------------------------------------------------------------------------------------------------------------------------------
  u_apb_uart_u_rx_fifo_wr_ptr_reg[2]/CLK                           -       -       R     (arrival)                    5    -    40     0     150    (-,-) 
  u_apb_uart_u_rx_fifo_wr_ptr_reg[2]/QN                            -       CLK->QN F     DFFASRHQNx1_ASAP7_75t_R     12  6.9    97   143     293    (-,-) 
  g317/Y                                                           -       A->Y    F     XOR2xp5_ASAP7_75t_R          1  0.8    42    46     339    (-,-) 
  g308/Y                                                           -       B->Y    R     NOR4xp25_ASAP7_75t_R         2  1.2    98    60     399    (-,-) 
  g206392/Y                                                        -       A->Y    F     INVxp33_ASAP7_75t_R          1  0.9    50    47     446    (-,-) 
  g309/Y                                                           -       A2->Y   F     OA21x2_ASAP7_75t_R           2  1.3    18    49     495    (-,-) 
  g306/Y                                                           -       A->Y    R     NAND2xp33_ASAP7_75t_R        3  1.7    86    47     542    (-,-) 
  g305/Y                                                           -       A->Y    F     INVxp33_ASAP7_75t_R          3  1.9    73    63     605    (-,-) 
  g303/Y                                                           -       A->Y    R     NAND2xp33_ASAP7_75t_R        4  2.2   111    78     682    (-,-) 
  g301/Y                                                           -       B->Y    F     NOR2xp33_ASAP7_75t_R         2  1.2    62    59     741    (-,-) 
  g203959/Y                                                        -       B->Y    R     NAND2xp33_ASAP7_75t_R        2  1.2    70    52     794    (-,-) 
  g203790/Y                                                        -       B->Y    F     NOR2xp33_ASAP7_75t_R         1  0.8    58    41     834    (-,-) 
  u_apb_uart_u_rx_fifo_cg_icg__RC_CG_HIER_INST867/RC_CGIC_INST/ENA -       -       F     ICGx1_ASAP7_75t_R            1    -     -     0     834    (-,-) 
#---------------------------------------------------------------------------------------------------------------------------------------------------------



Path 7: MET (3057 ps) Clock Gating Setup Check at cgic pin u_apb_uart_u_rx_fifo_cg_icg__RC_CG_HIER_INST853/RC_CGIC_INST/ENA
           View: view_ss
          Group: cg_enable_group_CLK_UART
     Startpoint: (R) u_apb_uart_u_rx_fifo_wr_ptr_reg[2]/CLK
          Clock: (R) CLK_UART
       Endpoint: (F) u_apb_uart_u_rx_fifo_cg_icg__RC_CG_HIER_INST853/RC_CGIC_INST/ENA
          Clock: (R) CLK_UART

                     Capture       Launch     
        Clock Edge:+    4000            0     
       Src Latency:+     100          150     
       Net Latency:+       0 (I)        0 (I) 
           Arrival:=    4100          150     
                                              
  Gate Check Setup:-      59                  
       Uncertainty:-     150                  
     Required Time:=    3891                  
      Launch Clock:-     150                  
         Data Path:-     684                  
             Slack:=    3057                  

#---------------------------------------------------------------------------------------------------------------------------------------------------------
#                          Timing Point                            Flags    Arc    Edge          Cell            Fanout Load Trans Delay Arrival Instance 
#                                                                                                                       (fF)  (ps)  (ps)   (ps)  Location 
#---------------------------------------------------------------------------------------------------------------------------------------------------------
  u_apb_uart_u_rx_fifo_wr_ptr_reg[2]/CLK                           -       -       R     (arrival)                    5    -    40     0     150    (-,-) 
  u_apb_uart_u_rx_fifo_wr_ptr_reg[2]/QN                            -       CLK->QN F     DFFASRHQNx1_ASAP7_75t_R     12  6.9    97   143     293    (-,-) 
  g317/Y                                                           -       A->Y    F     XOR2xp5_ASAP7_75t_R          1  0.8    42    46     339    (-,-) 
  g308/Y                                                           -       B->Y    R     NOR4xp25_ASAP7_75t_R         2  1.2    98    60     399    (-,-) 
  g206392/Y                                                        -       A->Y    F     INVxp33_ASAP7_75t_R          1  0.9    50    47     446    (-,-) 
  g309/Y                                                           -       A2->Y   F     OA21x2_ASAP7_75t_R           2  1.3    18    49     495    (-,-) 
  g306/Y                                                           -       A->Y    R     NAND2xp33_ASAP7_75t_R        3  1.7    86    47     542    (-,-) 
  g305/Y                                                           -       A->Y    F     INVxp33_ASAP7_75t_R          3  1.9    73    63     605    (-,-) 
  g303/Y                                                           -       A->Y    R     NAND2xp33_ASAP7_75t_R        4  2.2   111    78     682    (-,-) 
  g301/Y                                                           -       B->Y    F     NOR2xp33_ASAP7_75t_R         2  1.2    62    59     741    (-,-) 
  g203959/Y                                                        -       B->Y    R     NAND2xp33_ASAP7_75t_R        2  1.2    70    52     794    (-,-) 
  g203767/Y                                                        -       B->Y    F     NOR2xp33_ASAP7_75t_R         1  0.8    55    41     834    (-,-) 
  u_apb_uart_u_rx_fifo_cg_icg__RC_CG_HIER_INST853/RC_CGIC_INST/ENA -       -       F     ICGx1_ASAP7_75t_R            1    -     -     0     834    (-,-) 
#---------------------------------------------------------------------------------------------------------------------------------------------------------



Path 8: MET (3086 ps) Clock Gating Setup Check at cgic pin u_apb_uart_u_tx_fifo_cg_icg__RC_CG_HIER_INST846/RC_CGIC_INST/ENA
           View: view_ss
          Group: cg_enable_group_CLK_UART
     Startpoint: (R) u_apb_uart_u_tx_fifo_wr_ptr_reg[3]/CLK
          Clock: (R) CLK_UART
       Endpoint: (R) u_apb_uart_u_tx_fifo_cg_icg__RC_CG_HIER_INST846/RC_CGIC_INST/ENA
          Clock: (R) CLK_UART

                     Capture       Launch     
        Clock Edge:+    4000            0     
       Src Latency:+     100          150     
       Net Latency:+       0 (I)        0 (I) 
           Arrival:=    4100          150     
                                              
  Gate Check Setup:-      74                  
       Uncertainty:-     150                  
     Required Time:=    3876                  
      Launch Clock:-     150                  
         Data Path:-     640                  
             Slack:=    3086                  

#---------------------------------------------------------------------------------------------------------------------------------------------------------
#                          Timing Point                            Flags    Arc    Edge          Cell            Fanout Load Trans Delay Arrival Instance 
#                                                                                                                       (fF)  (ps)  (ps)   (ps)  Location 
#---------------------------------------------------------------------------------------------------------------------------------------------------------
  u_apb_uart_u_tx_fifo_wr_ptr_reg[3]/CLK                           -       -       R     (arrival)                    5    -    40     0     150    (-,-) 
  u_apb_uart_u_tx_fifo_wr_ptr_reg[3]/QN                            -       CLK->QN F     DFFASRHQNx1_ASAP7_75t_R      6  4.5    75   128     278    (-,-) 
  g207205/Y                                                        -       B->Y    F     XNOR2xp5_ASAP7_75t_R         1  0.9    37    50     328    (-,-) 
  g206566/Y                                                        -       A->Y    R     NAND4xp25_ASAP7_75t_R        2  1.2    44    32     361    (-,-) 
  g206399/Y                                                        -       A->Y    F     INVxp33_ASAP7_75t_R          1  0.7    32    30     390    (-,-) 
  g206096/Y                                                        -       B->Y    R     NAND2xp33_ASAP7_75t_R        2  1.4    72    45     436    (-,-) 
  g205993/Y                                                        -       A->Y    F     INVxp33_ASAP7_75t_R          3  1.9    70    58     494    (-,-) 
  g204956/Y                                                        -       B->Y    R     NOR2xp33_ASAP7_75t_R         2  1.5    80    57     551    (-,-) 
  g204648/Y                                                        -       B->Y    F     NAND2xp5_ASAP7_75t_R         7  4.8   101    74     625    (-,-) 
  g204395/Y                                                        -       A->Y    R     NOR3xp33_ASAP7_75t_R         2  1.4    92    64     689    (-,-) 
  g204297/Y                                                        -       A->Y    F     INVxp33_ASAP7_75t_R          3  1.6    67    60     749    (-,-) 
  g204111/Y                                                        -       B->Y    R     NOR2xp33_ASAP7_75t_R         1  0.8    54    41     790    (-,-) 
  u_apb_uart_u_tx_fifo_cg_icg__RC_CG_HIER_INST846/RC_CGIC_INST/ENA -       -       R     ICGx1_ASAP7_75t_R            1    -     -     0     790    (-,-) 
#---------------------------------------------------------------------------------------------------------------------------------------------------------



Path 9: MET (3086 ps) Clock Gating Setup Check at cgic pin u_apb_uart_u_tx_fifo_cg_icg__RC_CG_HIER_INST841/RC_CGIC_INST/ENA
           View: view_ss
          Group: cg_enable_group_CLK_UART
     Startpoint: (R) u_apb_uart_u_tx_fifo_wr_ptr_reg[3]/CLK
          Clock: (R) CLK_UART
       Endpoint: (R) u_apb_uart_u_tx_fifo_cg_icg__RC_CG_HIER_INST841/RC_CGIC_INST/ENA
          Clock: (R) CLK_UART

                     Capture       Launch     
        Clock Edge:+    4000            0     
       Src Latency:+     100          150     
       Net Latency:+       0 (I)        0 (I) 
           Arrival:=    4100          150     
                                              
  Gate Check Setup:-      74                  
       Uncertainty:-     150                  
     Required Time:=    3876                  
      Launch Clock:-     150                  
         Data Path:-     640                  
             Slack:=    3086                  

#---------------------------------------------------------------------------------------------------------------------------------------------------------
#                          Timing Point                            Flags    Arc    Edge          Cell            Fanout Load Trans Delay Arrival Instance 
#                                                                                                                       (fF)  (ps)  (ps)   (ps)  Location 
#---------------------------------------------------------------------------------------------------------------------------------------------------------
  u_apb_uart_u_tx_fifo_wr_ptr_reg[3]/CLK                           -       -       R     (arrival)                    5    -    40     0     150    (-,-) 
  u_apb_uart_u_tx_fifo_wr_ptr_reg[3]/QN                            -       CLK->QN F     DFFASRHQNx1_ASAP7_75t_R      6  4.5    75   128     278    (-,-) 
  g207205/Y                                                        -       B->Y    F     XNOR2xp5_ASAP7_75t_R         1  0.9    37    50     328    (-,-) 
  g206566/Y                                                        -       A->Y    R     NAND4xp25_ASAP7_75t_R        2  1.2    44    32     361    (-,-) 
  g206399/Y                                                        -       A->Y    F     INVxp33_ASAP7_75t_R          1  0.7    32    30     390    (-,-) 
  g206096/Y                                                        -       B->Y    R     NAND2xp33_ASAP7_75t_R        2  1.4    72    45     436    (-,-) 
  g205993/Y                                                        -       A->Y    F     INVxp33_ASAP7_75t_R          3  1.9    70    58     494    (-,-) 
  g204956/Y                                                        -       B->Y    R     NOR2xp33_ASAP7_75t_R         2  1.5    80    57     551    (-,-) 
  g204648/Y                                                        -       B->Y    F     NAND2xp5_ASAP7_75t_R         7  4.8   101    74     625    (-,-) 
  g204395/Y                                                        -       A->Y    R     NOR3xp33_ASAP7_75t_R         2  1.4    92    64     689    (-,-) 
  g204297/Y                                                        -       A->Y    F     INVxp33_ASAP7_75t_R          3  1.6    67    60     749    (-,-) 
  g204095/Y                                                        -       B->Y    R     NOR2xp33_ASAP7_75t_R         1  0.8    54    41     790    (-,-) 
  u_apb_uart_u_tx_fifo_cg_icg__RC_CG_HIER_INST841/RC_CGIC_INST/ENA -       -       R     ICGx1_ASAP7_75t_R            1    -     -     0     790    (-,-) 
#---------------------------------------------------------------------------------------------------------------------------------------------------------



Path 10: MET (3086 ps) Clock Gating Setup Check at cgic pin u_apb_uart_u_tx_fifo_cg_icg__RC_CG_HIER_INST849/RC_CGIC_INST/ENA
           View: view_ss
          Group: cg_enable_group_CLK_UART
     Startpoint: (R) u_apb_uart_u_tx_fifo_wr_ptr_reg[3]/CLK
          Clock: (R) CLK_UART
       Endpoint: (R) u_apb_uart_u_tx_fifo_cg_icg__RC_CG_HIER_INST849/RC_CGIC_INST/ENA
          Clock: (R) CLK_UART

                     Capture       Launch     
        Clock Edge:+    4000            0     
       Src Latency:+     100          150     
       Net Latency:+       0 (I)        0 (I) 
           Arrival:=    4100          150     
                                              
  Gate Check Setup:-      74                  
       Uncertainty:-     150                  
     Required Time:=    3876                  
      Launch Clock:-     150                  
         Data Path:-     640                  
             Slack:=    3086                  

#---------------------------------------------------------------------------------------------------------------------------------------------------------
#                          Timing Point                            Flags    Arc    Edge          Cell            Fanout Load Trans Delay Arrival Instance 
#                                                                                                                       (fF)  (ps)  (ps)   (ps)  Location 
#---------------------------------------------------------------------------------------------------------------------------------------------------------
  u_apb_uart_u_tx_fifo_wr_ptr_reg[3]/CLK                           -       -       R     (arrival)                    5    -    40     0     150    (-,-) 
  u_apb_uart_u_tx_fifo_wr_ptr_reg[3]/QN                            -       CLK->QN F     DFFASRHQNx1_ASAP7_75t_R      6  4.5    75   128     278    (-,-) 
  g207205/Y                                                        -       B->Y    F     XNOR2xp5_ASAP7_75t_R         1  0.9    37    50     328    (-,-) 
  g206566/Y                                                        -       A->Y    R     NAND4xp25_ASAP7_75t_R        2  1.2    44    32     361    (-,-) 
  g206399/Y                                                        -       A->Y    F     INVxp33_ASAP7_75t_R          1  0.7    32    30     390    (-,-) 
  g206096/Y                                                        -       B->Y    R     NAND2xp33_ASAP7_75t_R        2  1.4    72    45     436    (-,-) 
  g205993/Y                                                        -       A->Y    F     INVxp33_ASAP7_75t_R          3  1.9    70    58     494    (-,-) 
  g204956/Y                                                        -       B->Y    R     NOR2xp33_ASAP7_75t_R         2  1.5    80    57     551    (-,-) 
  g204648/Y                                                        -       B->Y    F     NAND2xp5_ASAP7_75t_R         7  4.8   101    74     625    (-,-) 
  g204395/Y                                                        -       A->Y    R     NOR3xp33_ASAP7_75t_R         2  1.4    92    64     689    (-,-) 
  g204297/Y                                                        -       A->Y    F     INVxp33_ASAP7_75t_R          3  1.6    67    60     749    (-,-) 
  g204113/Y                                                        -       B->Y    R     NOR2xp33_ASAP7_75t_R         1  0.8    54    41     790    (-,-) 
  u_apb_uart_u_tx_fifo_cg_icg__RC_CG_HIER_INST849/RC_CGIC_INST/ENA -       -       R     ICGx1_ASAP7_75t_R            1    -     -     0     790    (-,-) 
#---------------------------------------------------------------------------------------------------------------------------------------------------------



Path 11: MET (3091 ps) Clock Gating Setup Check at cgic pin u_apb_uart_u_rx_fifo_cg_icg__RC_CG_HIER_INST868/RC_CGIC_INST/ENA
           View: view_ss
          Group: cg_enable_group_CLK_UART
     Startpoint: (R) u_apb_uart_u_rx_fifo_wr_ptr_reg[2]/CLK
          Clock: (R) CLK_UART
       Endpoint: (F) u_apb_uart_u_rx_fifo_cg_icg__RC_CG_HIER_INST868/RC_CGIC_INST/ENA
          Clock: (R) CLK_UART

                     Capture       Launch     
        Clock Edge:+    4000            0     
       Src Latency:+     100          150     
       Net Latency:+       0 (I)        0 (I) 
           Arrival:=    4100          150     
                                              
  Gate Check Setup:-      59                  
       Uncertainty:-     150                  
     Required Time:=    3891                  
      Launch Clock:-     150                  
         Data Path:-     650                  
             Slack:=    3091                  

#---------------------------------------------------------------------------------------------------------------------------------------------------------
#                          Timing Point                            Flags    Arc    Edge          Cell            Fanout Load Trans Delay Arrival Instance 
#                                                                                                                       (fF)  (ps)  (ps)   (ps)  Location 
#---------------------------------------------------------------------------------------------------------------------------------------------------------
  u_apb_uart_u_rx_fifo_wr_ptr_reg[2]/CLK                           -       -       R     (arrival)                    5    -    40     0     150    (-,-) 
  u_apb_uart_u_rx_fifo_wr_ptr_reg[2]/QN                            -       CLK->QN F     DFFASRHQNx1_ASAP7_75t_R     12  6.9    97   143     293    (-,-) 
  g317/Y                                                           -       A->Y    F     XOR2xp5_ASAP7_75t_R          1  0.8    42    46     339    (-,-) 
  g308/Y                                                           -       B->Y    R     NOR4xp25_ASAP7_75t_R         2  1.2    98    60     399    (-,-) 
  g206392/Y                                                        -       A->Y    F     INVxp33_ASAP7_75t_R          1  0.9    50    47     446    (-,-) 
  g309/Y                                                           -       A2->Y   F     OA21x2_ASAP7_75t_R           2  1.3    18    49     495    (-,-) 
  g306/Y                                                           -       A->Y    R     NAND2xp33_ASAP7_75t_R        3  1.7    86    47     542    (-,-) 
  g305/Y                                                           -       A->Y    F     INVxp33_ASAP7_75t_R          3  1.9    73    63     605    (-,-) 
  g303/Y                                                           -       A->Y    R     NAND2xp33_ASAP7_75t_R        4  2.2   111    78     682    (-,-) 
  g297/Y                                                           -       B->Y    F     NOR3xp33_ASAP7_75t_R         2  1.4    51    48     731    (-,-) 
  g296/Y                                                           -       A->Y    R     INVxp33_ASAP7_75t_R          1  0.7    44    36     767    (-,-) 
  g293/Y                                                           -       B->Y    F     NOR2xp33_ASAP7_75t_R         1  0.8    55    33     800    (-,-) 
  u_apb_uart_u_rx_fifo_cg_icg__RC_CG_HIER_INST868/RC_CGIC_INST/ENA -       -       F     ICGx1_ASAP7_75t_R            1    -     -     0     800    (-,-) 
#---------------------------------------------------------------------------------------------------------------------------------------------------------



Path 12: MET (3124 ps) Clock Gating Setup Check at cgic pin u_apb_uart_u_rx_fifo_cg_icg__RC_CG_HIER_INST864/RC_CGIC_INST/ENA
           View: view_ss
          Group: cg_enable_group_CLK_UART
     Startpoint: (R) u_apb_uart_u_rx_fifo_wr_ptr_reg[2]/CLK
          Clock: (R) CLK_UART
       Endpoint: (F) u_apb_uart_u_rx_fifo_cg_icg__RC_CG_HIER_INST864/RC_CGIC_INST/ENA
          Clock: (R) CLK_UART

                     Capture       Launch     
        Clock Edge:+    4000            0     
       Src Latency:+     100          150     
       Net Latency:+       0 (I)        0 (I) 
           Arrival:=    4100          150     
                                              
  Gate Check Setup:-      59                  
       Uncertainty:-     150                  
     Required Time:=    3891                  
      Launch Clock:-     150                  
         Data Path:-     617                  
             Slack:=    3124                  

#---------------------------------------------------------------------------------------------------------------------------------------------------------
#                          Timing Point                            Flags    Arc    Edge          Cell            Fanout Load Trans Delay Arrival Instance 
#                                                                                                                       (fF)  (ps)  (ps)   (ps)  Location 
#---------------------------------------------------------------------------------------------------------------------------------------------------------
  u_apb_uart_u_rx_fifo_wr_ptr_reg[2]/CLK                           -       -       R     (arrival)                    5    -    40     0     150    (-,-) 
  u_apb_uart_u_rx_fifo_wr_ptr_reg[2]/QN                            -       CLK->QN F     DFFASRHQNx1_ASAP7_75t_R     12  6.9    97   143     293    (-,-) 
  g317/Y                                                           -       A->Y    F     XOR2xp5_ASAP7_75t_R          1  0.8    42    46     339    (-,-) 
  g308/Y                                                           -       B->Y    R     NOR4xp25_ASAP7_75t_R         2  1.2    98    60     399    (-,-) 
  g206392/Y                                                        -       A->Y    F     INVxp33_ASAP7_75t_R          1  0.9    50    47     446    (-,-) 
  g309/Y                                                           -       A2->Y   F     OA21x2_ASAP7_75t_R           2  1.3    18    49     495    (-,-) 
  g306/Y                                                           -       A->Y    R     NAND2xp33_ASAP7_75t_R        3  1.7    86    47     542    (-,-) 
  g305/Y                                                           -       A->Y    F     INVxp33_ASAP7_75t_R          3  1.9    73    63     605    (-,-) 
  g204287/Y                                                        -       A->Y    R     NAND3xp33_ASAP7_75t_R        2  1.2    52    41     646    (-,-) 
  g203952/Y                                                        -       B->Y    F     NOR2xp33_ASAP7_75t_R         2  1.4    68    45     691    (-,-) 
  g203900/Y                                                        -       A->Y    R     INVxp33_ASAP7_75t_R          1  0.7    49    41     732    (-,-) 
  g203781/Y                                                        -       B->Y    F     NOR2xp33_ASAP7_75t_R         1  0.8    55    34     767    (-,-) 
  u_apb_uart_u_rx_fifo_cg_icg__RC_CG_HIER_INST864/RC_CGIC_INST/ENA -       -       F     ICGx1_ASAP7_75t_R            1    -     -     0     767    (-,-) 
#---------------------------------------------------------------------------------------------------------------------------------------------------------



Path 13: MET (3127 ps) Clock Gating Setup Check at cgic pin u_apb_uart_u_rx_fifo_cg_icg__RC_CG_HIER_INST858/RC_CGIC_INST/ENA
           View: view_ss
          Group: cg_enable_group_CLK_UART
     Startpoint: (R) u_apb_uart_u_rx_fifo_wr_ptr_reg[2]/CLK
          Clock: (R) CLK_UART
       Endpoint: (F) u_apb_uart_u_rx_fifo_cg_icg__RC_CG_HIER_INST858/RC_CGIC_INST/ENA
          Clock: (R) CLK_UART

                     Capture       Launch     
        Clock Edge:+    4000            0     
       Src Latency:+     100          150     
       Net Latency:+       0 (I)        0 (I) 
           Arrival:=    4100          150     
                                              
  Gate Check Setup:-      60                  
       Uncertainty:-     150                  
     Required Time:=    3890                  
      Launch Clock:-     150                  
         Data Path:-     613                  
             Slack:=    3127                  

#---------------------------------------------------------------------------------------------------------------------------------------------------------
#                          Timing Point                            Flags    Arc    Edge          Cell            Fanout Load Trans Delay Arrival Instance 
#                                                                                                                       (fF)  (ps)  (ps)   (ps)  Location 
#---------------------------------------------------------------------------------------------------------------------------------------------------------
  u_apb_uart_u_rx_fifo_wr_ptr_reg[2]/CLK                           -       -       R     (arrival)                    5    -    40     0     150    (-,-) 
  u_apb_uart_u_rx_fifo_wr_ptr_reg[2]/QN                            -       CLK->QN F     DFFASRHQNx1_ASAP7_75t_R     12  6.9    97   143     293    (-,-) 
  g317/Y                                                           -       A->Y    F     XOR2xp5_ASAP7_75t_R          1  0.8    42    46     339    (-,-) 
  g308/Y                                                           -       B->Y    R     NOR4xp25_ASAP7_75t_R         2  1.2    98    60     399    (-,-) 
  g206392/Y                                                        -       A->Y    F     INVxp33_ASAP7_75t_R          1  0.9    50    47     446    (-,-) 
  g309/Y                                                           -       A2->Y   F     OA21x2_ASAP7_75t_R           2  1.3    18    49     495    (-,-) 
  g306/Y                                                           -       A->Y    R     NAND2xp33_ASAP7_75t_R        3  1.7    86    47     542    (-,-) 
  g305/Y                                                           -       A->Y    F     INVxp33_ASAP7_75t_R          3  1.9    73    63     605    (-,-) 
  g204287/Y                                                        -       A->Y    R     NAND3xp33_ASAP7_75t_R        2  1.2    52    41     646    (-,-) 
  g204180/Y                                                        -       A->Y    F     INVxp33_ASAP7_75t_R          1  0.7    34    32     678    (-,-) 
  g203953/Y                                                        -       B->Y    R     NAND2xp33_ASAP7_75t_R        2  1.2    77    42     720    (-,-) 
  g203792/Y                                                        -       B->Y    F     NOR2xp33_ASAP7_75t_R         1  0.8    58    43     763    (-,-) 
  u_apb_uart_u_rx_fifo_cg_icg__RC_CG_HIER_INST858/RC_CGIC_INST/ENA -       -       F     ICGx1_ASAP7_75t_R            1    -     -     0     763    (-,-) 
#---------------------------------------------------------------------------------------------------------------------------------------------------------



Path 14: MET (3128 ps) Clock Gating Setup Check at cgic pin u_apb_uart_u_rx_fifo_cg_icg__RC_CG_HIER_INST862/RC_CGIC_INST/ENA
           View: view_ss
          Group: cg_enable_group_CLK_UART
     Startpoint: (R) u_apb_uart_u_rx_fifo_wr_ptr_reg[2]/CLK
          Clock: (R) CLK_UART
       Endpoint: (F) u_apb_uart_u_rx_fifo_cg_icg__RC_CG_HIER_INST862/RC_CGIC_INST/ENA
          Clock: (R) CLK_UART

                     Capture       Launch     
        Clock Edge:+    4000            0     
       Src Latency:+     100          150     
       Net Latency:+       0 (I)        0 (I) 
           Arrival:=    4100          150     
                                              
  Gate Check Setup:-      59                  
       Uncertainty:-     150                  
     Required Time:=    3891                  
      Launch Clock:-     150                  
         Data Path:-     613                  
             Slack:=    3128                  

#---------------------------------------------------------------------------------------------------------------------------------------------------------
#                          Timing Point                            Flags    Arc    Edge          Cell            Fanout Load Trans Delay Arrival Instance 
#                                                                                                                       (fF)  (ps)  (ps)   (ps)  Location 
#---------------------------------------------------------------------------------------------------------------------------------------------------------
  u_apb_uart_u_rx_fifo_wr_ptr_reg[2]/CLK                           -       -       R     (arrival)                    5    -    40     0     150    (-,-) 
  u_apb_uart_u_rx_fifo_wr_ptr_reg[2]/QN                            -       CLK->QN F     DFFASRHQNx1_ASAP7_75t_R     12  6.9    97   143     293    (-,-) 
  g317/Y                                                           -       A->Y    F     XOR2xp5_ASAP7_75t_R          1  0.8    42    46     339    (-,-) 
  g308/Y                                                           -       B->Y    R     NOR4xp25_ASAP7_75t_R         2  1.2    98    60     399    (-,-) 
  g206392/Y                                                        -       A->Y    F     INVxp33_ASAP7_75t_R          1  0.9    50    47     446    (-,-) 
  g309/Y                                                           -       A2->Y   F     OA21x2_ASAP7_75t_R           2  1.3    18    49     495    (-,-) 
  g306/Y                                                           -       A->Y    R     NAND2xp33_ASAP7_75t_R        3  1.7    86    47     542    (-,-) 
  g305/Y                                                           -       A->Y    F     INVxp33_ASAP7_75t_R          3  1.9    73    63     605    (-,-) 
  g204287/Y                                                        -       A->Y    R     NAND3xp33_ASAP7_75t_R        2  1.2    52    41     646    (-,-) 
  g204180/Y                                                        -       A->Y    F     INVxp33_ASAP7_75t_R          1  0.7    34    32     678    (-,-) 
  g203953/Y                                                        -       B->Y    R     NAND2xp33_ASAP7_75t_R        2  1.2    77    42     720    (-,-) 
  g203760/Y                                                        -       B->Y    F     NOR2xp33_ASAP7_75t_R         1  0.8    55    43     763    (-,-) 
  u_apb_uart_u_rx_fifo_cg_icg__RC_CG_HIER_INST862/RC_CGIC_INST/ENA -       -       F     ICGx1_ASAP7_75t_R            1    -     -     0     763    (-,-) 
#---------------------------------------------------------------------------------------------------------------------------------------------------------



Path 15: MET (3130 ps) Clock Gating Setup Check at cgic pin u_apb_uart_u_rx_fifo_cg_icg__RC_CG_HIER_INST865/RC_CGIC_INST/ENA
           View: view_ss
          Group: cg_enable_group_CLK_UART
     Startpoint: (R) u_apb_uart_u_rx_fifo_wr_ptr_reg[2]/CLK
          Clock: (R) CLK_UART
       Endpoint: (F) u_apb_uart_u_rx_fifo_cg_icg__RC_CG_HIER_INST865/RC_CGIC_INST/ENA
          Clock: (R) CLK_UART

                     Capture       Launch     
        Clock Edge:+    4000            0     
       Src Latency:+     100          150     
       Net Latency:+       0 (I)        0 (I) 
           Arrival:=    4100          150     
                                              
  Gate Check Setup:-      48                  
       Uncertainty:-     150                  
     Required Time:=    3902                  
      Launch Clock:-     150                  
         Data Path:-     622                  
             Slack:=    3130                  

#---------------------------------------------------------------------------------------------------------------------------------------------------------
#                          Timing Point                            Flags    Arc    Edge          Cell            Fanout Load Trans Delay Arrival Instance 
#                                                                                                                       (fF)  (ps)  (ps)   (ps)  Location 
#---------------------------------------------------------------------------------------------------------------------------------------------------------
  u_apb_uart_u_rx_fifo_wr_ptr_reg[2]/CLK                           -       -       R     (arrival)                    5    -    40     0     150    (-,-) 
  u_apb_uart_u_rx_fifo_wr_ptr_reg[2]/QN                            -       CLK->QN F     DFFASRHQNx1_ASAP7_75t_R     12  6.9    97   143     293    (-,-) 
  g317/Y                                                           -       A->Y    F     XOR2xp5_ASAP7_75t_R          1  0.8    42    46     339    (-,-) 
  g308/Y                                                           -       B->Y    R     NOR4xp25_ASAP7_75t_R         2  1.2    98    60     399    (-,-) 
  g206392/Y                                                        -       A->Y    F     INVxp33_ASAP7_75t_R          1  0.9    50    47     446    (-,-) 
  g309/Y                                                           -       A2->Y   F     OA21x2_ASAP7_75t_R           2  1.3    18    49     495    (-,-) 
  g306/Y                                                           -       A->Y    R     NAND2xp33_ASAP7_75t_R        3  1.7    86    47     542    (-,-) 
  g305/Y                                                           -       A->Y    F     INVxp33_ASAP7_75t_R          3  1.9    73    63     605    (-,-) 
  g303/Y                                                           -       A->Y    R     NAND2xp33_ASAP7_75t_R        4  2.2   111    78     682    (-,-) 
  g297/Y                                                           -       B->Y    F     NOR3xp33_ASAP7_75t_R         2  1.4    51    48     731    (-,-) 
  g203780/Y                                                        -       B->Y    F     AND2x2_ASAP7_75t_R           1  0.8    16    42     772    (-,-) 
  u_apb_uart_u_rx_fifo_cg_icg__RC_CG_HIER_INST865/RC_CGIC_INST/ENA -       -       F     ICGx1_ASAP7_75t_R            1    -     -     0     772    (-,-) 
#---------------------------------------------------------------------------------------------------------------------------------------------------------



Path 16: MET (3147 ps) Clock Gating Setup Check at cgic pin u_apb_uart_u_tx_fifo_cg_icg__RC_CG_HIER_INST835/RC_CGIC_INST/ENA
           View: view_ss
          Group: cg_enable_group_CLK_UART
     Startpoint: (R) u_apb_uart_u_tx_fifo_wr_ptr_reg[3]/CLK
          Clock: (R) CLK_UART
       Endpoint: (R) u_apb_uart_u_tx_fifo_cg_icg__RC_CG_HIER_INST835/RC_CGIC_INST/ENA
          Clock: (R) CLK_UART

                     Capture       Launch     
        Clock Edge:+    4000            0     
       Src Latency:+     100          150     
       Net Latency:+       0 (I)        0 (I) 
           Arrival:=    4100          150     
                                              
  Gate Check Setup:-      66                  
       Uncertainty:-     150                  
     Required Time:=    3884                  
      Launch Clock:-     150                  
         Data Path:-     587                  
             Slack:=    3147                  

#---------------------------------------------------------------------------------------------------------------------------------------------------------
#                          Timing Point                            Flags    Arc    Edge          Cell            Fanout Load Trans Delay Arrival Instance 
#                                                                                                                       (fF)  (ps)  (ps)   (ps)  Location 
#---------------------------------------------------------------------------------------------------------------------------------------------------------
  u_apb_uart_u_tx_fifo_wr_ptr_reg[3]/CLK                           -       -       R     (arrival)                    5    -    40     0     150    (-,-) 
  u_apb_uart_u_tx_fifo_wr_ptr_reg[3]/QN                            -       CLK->QN F     DFFASRHQNx1_ASAP7_75t_R      6  4.5    75   128     278    (-,-) 
  g207205/Y                                                        -       B->Y    F     XNOR2xp5_ASAP7_75t_R         1  0.9    37    50     328    (-,-) 
  g206566/Y                                                        -       A->Y    R     NAND4xp25_ASAP7_75t_R        2  1.2    44    32     361    (-,-) 
  g206399/Y                                                        -       A->Y    F     INVxp33_ASAP7_75t_R          1  0.7    32    30     390    (-,-) 
  g206096/Y                                                        -       B->Y    R     NAND2xp33_ASAP7_75t_R        2  1.4    72    45     436    (-,-) 
  g205993/Y                                                        -       A->Y    F     INVxp33_ASAP7_75t_R          3  1.9    70    58     494    (-,-) 
  g204956/Y                                                        -       B->Y    R     NOR2xp33_ASAP7_75t_R         2  1.5    80    57     551    (-,-) 
  g204648/Y                                                        -       B->Y    F     NAND2xp5_ASAP7_75t_R         7  4.8   101    74     625    (-,-) 
  g204395/Y                                                        -       A->Y    R     NOR3xp33_ASAP7_75t_R         2  1.4    92    64     689    (-,-) 
  g204098/Y                                                        -       B->Y    R     AND2x2_ASAP7_75t_R           1  0.8    17    48     737    (-,-) 
  u_apb_uart_u_tx_fifo_cg_icg__RC_CG_HIER_INST835/RC_CGIC_INST/ENA -       -       R     ICGx1_ASAP7_75t_R            1    -     -     0     737    (-,-) 
#---------------------------------------------------------------------------------------------------------------------------------------------------------



Path 17: MET (3160 ps) Clock Gating Setup Check at cgic pin u_apb_uart_u_rx_fifo_cg_icg__RC_CG_HIER_INST855/RC_CGIC_INST/ENA
           View: view_ss
          Group: cg_enable_group_CLK_UART
     Startpoint: (R) u_apb_uart_u_rx_fifo_wr_ptr_reg[2]/CLK
          Clock: (R) CLK_UART
       Endpoint: (F) u_apb_uart_u_rx_fifo_cg_icg__RC_CG_HIER_INST855/RC_CGIC_INST/ENA
          Clock: (R) CLK_UART

                     Capture       Launch     
        Clock Edge:+    4000            0     
       Src Latency:+     100          150     
       Net Latency:+       0 (I)        0 (I) 
           Arrival:=    4100          150     
                                              
  Gate Check Setup:-      58                  
       Uncertainty:-     150                  
     Required Time:=    3892                  
      Launch Clock:-     150                  
         Data Path:-     582                  
             Slack:=    3160                  

#---------------------------------------------------------------------------------------------------------------------------------------------------------
#                          Timing Point                            Flags    Arc    Edge          Cell            Fanout Load Trans Delay Arrival Instance 
#                                                                                                                       (fF)  (ps)  (ps)   (ps)  Location 
#---------------------------------------------------------------------------------------------------------------------------------------------------------
  u_apb_uart_u_rx_fifo_wr_ptr_reg[2]/CLK                           -       -       R     (arrival)                    5    -    40     0     150    (-,-) 
  u_apb_uart_u_rx_fifo_wr_ptr_reg[2]/QN                            -       CLK->QN F     DFFASRHQNx1_ASAP7_75t_R     12  6.9    97   143     293    (-,-) 
  g317/Y                                                           -       A->Y    F     XOR2xp5_ASAP7_75t_R          1  0.8    42    46     339    (-,-) 
  g308/Y                                                           -       B->Y    R     NOR4xp25_ASAP7_75t_R         2  1.2    98    60     399    (-,-) 
  g206392/Y                                                        -       A->Y    F     INVxp33_ASAP7_75t_R          1  0.9    50    47     446    (-,-) 
  g309/Y                                                           -       A2->Y   F     OA21x2_ASAP7_75t_R           2  1.3    18    49     495    (-,-) 
  g306/Y                                                           -       A->Y    R     NAND2xp33_ASAP7_75t_R        3  1.7    86    47     542    (-,-) 
  g305/Y                                                           -       A->Y    F     INVxp33_ASAP7_75t_R          3  1.9    73    63     605    (-,-) 
  g303/Y                                                           -       A->Y    R     NAND2xp33_ASAP7_75t_R        4  2.2   111    78     682    (-,-) 
  g204099/Y                                                        -       B->Y    F     NOR2xp33_ASAP7_75t_R         1  0.8    52    50     732    (-,-) 
  u_apb_uart_u_rx_fifo_cg_icg__RC_CG_HIER_INST855/RC_CGIC_INST/ENA -       -       F     ICGx1_ASAP7_75t_R            1    -     -     0     732    (-,-) 
#---------------------------------------------------------------------------------------------------------------------------------------------------------



Path 18: MET (3160 ps) Clock Gating Setup Check at cgic pin u_apb_uart_u_rx_fifo_cg_icg__RC_CG_HIER_INST856/RC_CGIC_INST/ENA
           View: view_ss
          Group: cg_enable_group_CLK_UART
     Startpoint: (R) u_apb_uart_u_rx_fifo_wr_ptr_reg[2]/CLK
          Clock: (R) CLK_UART
       Endpoint: (F) u_apb_uart_u_rx_fifo_cg_icg__RC_CG_HIER_INST856/RC_CGIC_INST/ENA
          Clock: (R) CLK_UART

                     Capture       Launch     
        Clock Edge:+    4000            0     
       Src Latency:+     100          150     
       Net Latency:+       0 (I)        0 (I) 
           Arrival:=    4100          150     
                                              
  Gate Check Setup:-      58                  
       Uncertainty:-     150                  
     Required Time:=    3892                  
      Launch Clock:-     150                  
         Data Path:-     582                  
             Slack:=    3160                  

#---------------------------------------------------------------------------------------------------------------------------------------------------------
#                          Timing Point                            Flags    Arc    Edge          Cell            Fanout Load Trans Delay Arrival Instance 
#                                                                                                                       (fF)  (ps)  (ps)   (ps)  Location 
#---------------------------------------------------------------------------------------------------------------------------------------------------------
  u_apb_uart_u_rx_fifo_wr_ptr_reg[2]/CLK                           -       -       R     (arrival)                    5    -    40     0     150    (-,-) 
  u_apb_uart_u_rx_fifo_wr_ptr_reg[2]/QN                            -       CLK->QN F     DFFASRHQNx1_ASAP7_75t_R     12  6.9    97   143     293    (-,-) 
  g317/Y                                                           -       A->Y    F     XOR2xp5_ASAP7_75t_R          1  0.8    42    46     339    (-,-) 
  g308/Y                                                           -       B->Y    R     NOR4xp25_ASAP7_75t_R         2  1.2    98    60     399    (-,-) 
  g206392/Y                                                        -       A->Y    F     INVxp33_ASAP7_75t_R          1  0.9    50    47     446    (-,-) 
  g309/Y                                                           -       A2->Y   F     OA21x2_ASAP7_75t_R           2  1.3    18    49     495    (-,-) 
  g306/Y                                                           -       A->Y    R     NAND2xp33_ASAP7_75t_R        3  1.7    86    47     542    (-,-) 
  g305/Y                                                           -       A->Y    F     INVxp33_ASAP7_75t_R          3  1.9    73    63     605    (-,-) 
  g303/Y                                                           -       A->Y    R     NAND2xp33_ASAP7_75t_R        4  2.2   111    78     682    (-,-) 
  g300/Y                                                           -       B->Y    F     NOR2xp33_ASAP7_75t_R         1  0.8    52    50     732    (-,-) 
  u_apb_uart_u_rx_fifo_cg_icg__RC_CG_HIER_INST856/RC_CGIC_INST/ENA -       -       F     ICGx1_ASAP7_75t_R            1    -     -     0     732    (-,-) 
#---------------------------------------------------------------------------------------------------------------------------------------------------------



Path 19: MET (3161 ps) Clock Gating Setup Check at cgic pin u_apb_uart_u_tx_fifo_cg_icg__RC_CG_HIER_INST843/RC_CGIC_INST/ENA
           View: view_ss
          Group: cg_enable_group_CLK_UART
     Startpoint: (R) u_apb_uart_u_tx_fifo_wr_ptr_reg[3]/CLK
          Clock: (R) CLK_UART
       Endpoint: (R) u_apb_uart_u_tx_fifo_cg_icg__RC_CG_HIER_INST843/RC_CGIC_INST/ENA
          Clock: (R) CLK_UART

                     Capture       Launch     
        Clock Edge:+    4000            0     
       Src Latency:+     100          150     
       Net Latency:+       0 (I)        0 (I) 
           Arrival:=    4100          150     
                                              
  Gate Check Setup:-      74                  
       Uncertainty:-     150                  
     Required Time:=    3876                  
      Launch Clock:-     150                  
         Data Path:-     566                  
             Slack:=    3161                  

#---------------------------------------------------------------------------------------------------------------------------------------------------------
#                          Timing Point                            Flags    Arc    Edge          Cell            Fanout Load Trans Delay Arrival Instance 
#                                                                                                                       (fF)  (ps)  (ps)   (ps)  Location 
#---------------------------------------------------------------------------------------------------------------------------------------------------------
  u_apb_uart_u_tx_fifo_wr_ptr_reg[3]/CLK                           -       -       R     (arrival)                    5    -    40     0     150    (-,-) 
  u_apb_uart_u_tx_fifo_wr_ptr_reg[3]/QN                            -       CLK->QN F     DFFASRHQNx1_ASAP7_75t_R      6  4.5    75   128     278    (-,-) 
  g207205/Y                                                        -       B->Y    F     XNOR2xp5_ASAP7_75t_R         1  0.9    37    50     328    (-,-) 
  g206566/Y                                                        -       A->Y    R     NAND4xp25_ASAP7_75t_R        2  1.2    44    32     361    (-,-) 
  g206399/Y                                                        -       A->Y    F     INVxp33_ASAP7_75t_R          1  0.7    32    30     390    (-,-) 
  g206096/Y                                                        -       B->Y    R     NAND2xp33_ASAP7_75t_R        2  1.4    72    45     436    (-,-) 
  g205993/Y                                                        -       A->Y    F     INVxp33_ASAP7_75t_R          3  1.9    70    58     494    (-,-) 
  g204956/Y                                                        -       B->Y    R     NOR2xp33_ASAP7_75t_R         2  1.5    80    57     551    (-,-) 
  g204648/Y                                                        -       B->Y    F     NAND2xp5_ASAP7_75t_R         7  4.8   101    74     625    (-,-) 
  g204394/Y                                                        -       B->Y    F     OR2x2_ASAP7_75t_R            4  2.1    24    61     686    (-,-) 
  g204116/Y                                                        -       B->Y    R     NOR2xp33_ASAP7_75t_R         1  0.8    53    29     716    (-,-) 
  u_apb_uart_u_tx_fifo_cg_icg__RC_CG_HIER_INST843/RC_CGIC_INST/ENA -       -       R     ICGx1_ASAP7_75t_R            1    -     -     0     716    (-,-) 
#---------------------------------------------------------------------------------------------------------------------------------------------------------



Path 20: MET (3161 ps) Clock Gating Setup Check at cgic pin u_apb_uart_u_tx_fifo_cg_icg__RC_CG_HIER_INST836/RC_CGIC_INST/ENA
           View: view_ss
          Group: cg_enable_group_CLK_UART
     Startpoint: (R) u_apb_uart_u_tx_fifo_wr_ptr_reg[3]/CLK
          Clock: (R) CLK_UART
       Endpoint: (R) u_apb_uart_u_tx_fifo_cg_icg__RC_CG_HIER_INST836/RC_CGIC_INST/ENA
          Clock: (R) CLK_UART

                     Capture       Launch     
        Clock Edge:+    4000            0     
       Src Latency:+     100          150     
       Net Latency:+       0 (I)        0 (I) 
           Arrival:=    4100          150     
                                              
  Gate Check Setup:-      74                  
       Uncertainty:-     150                  
     Required Time:=    3876                  
      Launch Clock:-     150                  
         Data Path:-     566                  
             Slack:=    3161                  

#---------------------------------------------------------------------------------------------------------------------------------------------------------
#                          Timing Point                            Flags    Arc    Edge          Cell            Fanout Load Trans Delay Arrival Instance 
#                                                                                                                       (fF)  (ps)  (ps)   (ps)  Location 
#---------------------------------------------------------------------------------------------------------------------------------------------------------
  u_apb_uart_u_tx_fifo_wr_ptr_reg[3]/CLK                           -       -       R     (arrival)                    5    -    40     0     150    (-,-) 
  u_apb_uart_u_tx_fifo_wr_ptr_reg[3]/QN                            -       CLK->QN F     DFFASRHQNx1_ASAP7_75t_R      6  4.5    75   128     278    (-,-) 
  g207205/Y                                                        -       B->Y    F     XNOR2xp5_ASAP7_75t_R         1  0.9    37    50     328    (-,-) 
  g206566/Y                                                        -       A->Y    R     NAND4xp25_ASAP7_75t_R        2  1.2    44    32     361    (-,-) 
  g206399/Y                                                        -       A->Y    F     INVxp33_ASAP7_75t_R          1  0.7    32    30     390    (-,-) 
  g206096/Y                                                        -       B->Y    R     NAND2xp33_ASAP7_75t_R        2  1.4    72    45     436    (-,-) 
  g205993/Y                                                        -       A->Y    F     INVxp33_ASAP7_75t_R          3  1.9    70    58     494    (-,-) 
  g204956/Y                                                        -       B->Y    R     NOR2xp33_ASAP7_75t_R         2  1.5    80    57     551    (-,-) 
  g204648/Y                                                        -       B->Y    F     NAND2xp5_ASAP7_75t_R         7  4.8   101    74     625    (-,-) 
  g204396/Y                                                        -       B->Y    F     OR2x2_ASAP7_75t_R            4  2.1    24    61     686    (-,-) 
  g204097/Y                                                        -       B->Y    R     NOR2xp33_ASAP7_75t_R         1  0.8    53    29     716    (-,-) 
  u_apb_uart_u_tx_fifo_cg_icg__RC_CG_HIER_INST836/RC_CGIC_INST/ENA -       -       R     ICGx1_ASAP7_75t_R            1    -     -     0     716    (-,-) 
#---------------------------------------------------------------------------------------------------------------------------------------------------------


