============================================================
  Generated by:           Genus(TM) Synthesis Solution 23.14-s090_1
  Generated on:           Sep 12 2026  04:28:37 pm
  Module:                 top_soc
  Operating conditions:   PVT_0P63V_100C 
  Operating conditions:   PVT_0P7V_25C 
  Interconnect mode:      global
  Area mode:              physical library
============================================================

-------------------------------------------------------------------------------
Timing exceptions with no effect

The following timing exceptions are not currently affecting timing in the       
design in mode 'view_tt'.  Either no paths in the design satisfy the            
exception's path specification, or all paths that satisfy the path              
specification also satisfy an exception with a higher priority.  You can        
improve runtime and memory usage by removing these exceptions if they are not   
truly needed.  To see if there is a path in the design that satisfies the path  
specification for an exception, or to see what other exception is overriding an 
exception because of priority, use the command:                                 
  report timing -paths [eval [::legacy::get_attribute paths <exception>]]

exception:top_soc/view_tt/CLK_SDRAM_OUT
exception:top_soc/view_tt/tmp_sdc_view_ss.sdc_3_line_149733
exception:top_soc/view_tt/zipped_path_group_28
-------------------------------------------------------------------------------

-------------------------------------------------------------------------------
Inputs without clocked external delays

The following primary inputs have no clocked external delays in mode 'view_tt'. 
 As a result the timing paths leading from the ports have no timing constraints 
derived from clock waveforms.  The'external_delay' command is used to create    
new external delays.                                                            

port:top_soc/rst_n
port:top_soc/trst_n
-------------------------------------------------------------------------------


Lint summary
 Unconnected/logic driven clocks                                                           0
 Sequential data pins driven by a clock signal                                             0
 Sequential clock pins without clock waveform                                              0
 Sequential clock pins with multiple clock waveforms                                       0
 Generated clocks without clock waveform                                                   0
 Generated clocks with incompatible options                                                0
 Generated clocks with multi-master clock                                                  0
 Generated clocks with master clock not reaching the generated clock target                0
 Paths constrained with different clocks                                                   0
 Loop-breaking cells for combinational feedback                                            0
 Nets with multiple drivers                                                                0
 Timing exceptions with no effect                                                          3
 Suspicious multi_cycle exceptions                                                         0
 Pins/ports with conflicting case constants                                                0
 Inputs without clocked external delays                                                    2
 Outputs without clocked external delays                                                   0
 Inputs without external driver/transition                                                 0
 Outputs without external load                                                             0
 Exceptions with invalid timing start-/endpoints                                           0

                                                                           Total:          5
============================================================
  Generated by:           Genus(TM) Synthesis Solution 23.14-s090_1
  Generated on:           Sep 12 2026  04:28:37 pm
  Module:                 top_soc
  Operating conditions:   PVT_0P63V_100C 
  Operating conditions:   PVT_0P7V_25C 
  Interconnect mode:      global
  Area mode:              physical library
============================================================

-------------------------------------------------------------------------------
Timing exceptions with no effect

The following timing exceptions are not currently affecting timing in the       
design in mode 'view_ss'.  Either no paths in the design satisfy the            
exception's path specification, or all paths that satisfy the path              
specification also satisfy an exception with a higher priority.  You can        
improve runtime and memory usage by removing these exceptions if they are not   
truly needed.  To see if there is a path in the design that satisfies the path  
specification for an exception, or to see what other exception is overriding an 
exception because of priority, use the command:                                 
  report timing -paths [eval [::legacy::get_attribute paths <exception>]]

exception:top_soc/view_ss/CLK_SDRAM_OUT
exception:top_soc/view_ss/I2O_view_ss
exception:top_soc/view_ss/constraint.sdc_line_173
exception:top_soc/view_ss/zipped_path_group_1
exception:top_soc/view_ss/zipped_path_group_11
exception:top_soc/view_ss/zipped_path_group_13
exception:top_soc/view_ss/zipped_path_group_15
exception:top_soc/view_ss/zipped_path_group_17
exception:top_soc/view_ss/zipped_path_group_19
exception:top_soc/view_ss/zipped_path_group_21
exception:top_soc/view_ss/zipped_path_group_23
exception:top_soc/view_ss/zipped_path_group_25
exception:top_soc/view_ss/zipped_path_group_27
exception:top_soc/view_ss/zipped_path_group_29
exception:top_soc/view_ss/zipped_path_group_3
exception:top_soc/view_ss/zipped_path_group_31
exception:top_soc/view_ss/zipped_path_group_33
exception:top_soc/view_ss/zipped_path_group_5
exception:top_soc/view_ss/zipped_path_group_7
exception:top_soc/view_ss/zipped_path_group_9
-------------------------------------------------------------------------------

-------------------------------------------------------------------------------
Inputs without clocked external delays

The following primary inputs have no clocked external delays in mode 'view_ss'. 
 As a result the timing paths leading from the ports have no timing constraints 
derived from clock waveforms.  The'external_delay' command is used to create    
new external delays.                                                            

port:top_soc/rst_n
port:top_soc/trst_n
-------------------------------------------------------------------------------


Lint summary
 Unconnected/logic driven clocks                                                           0
 Sequential data pins driven by a clock signal                                             0
 Sequential clock pins without clock waveform                                              0
 Sequential clock pins with multiple clock waveforms                                       0
 Generated clocks without clock waveform                                                   0
 Generated clocks with incompatible options                                                0
 Generated clocks with multi-master clock                                                  0
 Generated clocks with master clock not reaching the generated clock target                0
 Paths constrained with different clocks                                                   0
 Loop-breaking cells for combinational feedback                                            0
 Nets with multiple drivers                                                                0
 Timing exceptions with no effect                                                         20
 Suspicious multi_cycle exceptions                                                         0
 Pins/ports with conflicting case constants                                                0
 Inputs without clocked external delays                                                    2
 Outputs without clocked external delays                                                   0
 Inputs without external driver/transition                                                 0
 Outputs without external load                                                             0
 Exceptions with invalid timing start-/endpoints                                           0

                                                                           Total:         22

