============================================================
  Generated by:           Genus(TM) Synthesis Solution 23.14-s090_1
  Generated on:           Sep 14 2026  05:37:38 pm
  Module:                 top_soc
  Operating conditions:   PVT_0P63V_100C 
  Operating conditions:   PVT_0P7V_25C 
  Interconnect mode:      global
  Area mode:              physical library
============================================================


Path 1: MET (2836 ps) Clock Gating Setup Check at cgic pin u_dtm_axi_cg_icg__RC_CG_HIER_INST420/RC_CGIC_INST/ENA
           View: view_ss
          Group: cg_enable_group_CLK_DBG
     Startpoint: (R) u_axi_interconnect/DSP_GEN[2].dispatcher_write_channel_AW_channel_mst_skid_buffer_BWD_REGISTERED.rd_ptr_reg[0]/CLK
          Clock: (R) CLK_SYS
       Endpoint: (F) u_dtm_axi_cg_icg__RC_CG_HIER_INST420/RC_CGIC_INST/ENA
          Clock: (R) CLK_DBG

                     Capture       Launch     
        Clock Edge:+    4000            0     
       Src Latency:+     100          150     
       Net Latency:+       0 (I)        0 (I) 
           Arrival:=    4100          150     
                                              
  Gate Check Setup:-      72                  
       Uncertainty:-     150                  
     Required Time:=    3878                  
      Launch Clock:-     150                  
         Data Path:-     892                  
             Slack:=    2836                  

#-----------------------------------------------------------------------------------------------------------------------------------------------------------------------------------------------------------
#                                                   Timing Point                                                     Flags    Arc    Edge          Cell            Fanout Load Trans Delay Arrival Instance 
#                                                                                                                                                                         (fF)  (ps)  (ps)   (ps)  Location 
#-----------------------------------------------------------------------------------------------------------------------------------------------------------------------------------------------------------
  u_axi_interconnect/DSP_GEN[2].dispatcher_write_channel_AW_channel_mst_skid_buffer_BWD_REGISTERED.rd_ptr_reg[0]/CLK -       -       R     (arrival)                 1996    -    40     0     150    (-,-) 
  u_axi_interconnect/DSP_GEN[2].dispatcher_write_channel_AW_channel_mst_skid_buffer_BWD_REGISTERED.rd_ptr_reg[0]/QN  -       CLK->QN R     DFFASRHQNx1_ASAP7_75t_R      1  2.6    58   107     257    (-,-) 
  u_axi_interconnect/drc_bufs265935/Y                                                                                -       A->Y    F     INVx2_ASAP7_75t_R           11 18.4    97    69     326    (-,-) 
  u_axi_interconnect/drc_bufs265934/Y                                                                                -       A->Y    R     INVx3_ASAP7_75t_R           14 20.6   114    83     409    (-,-) 
  u_axi_interconnect/g263311/Y                                                                                       -       A->Y    R     BUFx2_ASAP7_75t_R           11 15.7   117   100     509    (-,-) 
  u_axi_interconnect/g263306/Y                                                                                       -       A->Y    F     INVxp67_ASAP7_75t_R          3  5.3    99    84     594    (-,-) 
  u_axi_interconnect/g258035/Y                                                                                       -       B->Y    R     XNOR2xp5_ASAP7_75t_R         2  3.1   114    80     674    (-,-) 
  u_axi_interconnect/g256770/Y                                                                                       -       B->Y    F     NAND2xp5_ASAP7_75t_R         3  4.1    98    78     752    (-,-) 
  g203396/Y                                                                                                          -       A->Y    R     INVxp33_ASAP7_75t_R          1  1.9   102    76     828    (-,-) 
  g201856/Y                                                                                                          -       B2->Y   F     AOI22xp33_ASAP7_75t_R        1  1.9    81    64     892    (-,-) 
  g201030/Y                                                                                                          -       A1->Y   R     AOI21xp33_ASAP7_75t_R        1  2.0   107    67     959    (-,-) 
  g199993/Y                                                                                                          -       A->Y    F     NAND5xp2_ASAP7_75t_R         1  1.9   122    83    1042    (-,-) 
  u_dtm_axi_cg_icg__RC_CG_HIER_INST420/RC_CGIC_INST/ENA                                                              -       -       F     ICGx1_ASAP7_75t_R            1    -     -     0    1042    (-,-) 
#-----------------------------------------------------------------------------------------------------------------------------------------------------------------------------------------------------------



Path 2: MET (2916 ps) Clock Gating Setup Check at cgic pin u_debug_module/cg_icg__RC_CG_HIER_INST495/RC_CGIC_INST/ENA
           View: view_ss
          Group: cg_enable_group_CLK_DBG
     Startpoint: (R) u_jtag_dtm/dmi_req_addr_reg[4]/CLK
          Clock: (R) CLK_TCK
       Endpoint: (R) u_debug_module/cg_icg__RC_CG_HIER_INST495/RC_CGIC_INST/ENA
          Clock: (R) CLK_DBG

                        Capture       Launch     
           Path Delay:+    4000            -     
          Src Latency:+     100          150     
          Net Latency:+       0 (I)        0 (I) 
        Capture Clock:+       0                  
              Arrival:=    4100          150     
                                                 
     Gate Check Setup:-      68                  
          Uncertainty:-     150                  
        Required Time:=    3882                  
         Launch Clock:-     150                  
            Data Path:-     816                  
                Slack:=    2916                  

Exceptions/Constraints:
  max_delay             4000            constraint.sdc_line_182   

#------------------------------------------------------------------------------------------------------------------------------------------------
#                       Timing Point                         Flags    Arc   Edge         Cell           Fanout Load Trans Delay Arrival Instance 
#                                                                                                              (fF)  (ps)  (ps)   (ps)  Location 
#------------------------------------------------------------------------------------------------------------------------------------------------
  u_jtag_dtm/dmi_req_addr_reg[4]/CLK                         -       -      R     (arrival)                 41    -    40     0     150    (-,-) 
  u_jtag_dtm/dmi_req_addr_reg[4]/Q                           -       CLK->Q R     DFFHQx4_ASAP7_75t_R        4  5.2    29   124     274    (-,-) 
  u_debug_module/g13550/Y                                    -       A->Y   F     INVxp33_ASAP7_75t_R        1  2.0    64    44     318    (-,-) 
  u_debug_module/g13510/Y                                    -       B->Y   F     OR2x2_ASAP7_75t_R          3  4.9    36    62     381    (-,-) 
  u_debug_module/g13433/Y                                    -       B->Y   R     NOR2xp33_ASAP7_75t_R       2  2.8   138    71     452    (-,-) 
  u_debug_module/g13381/Y                                    -       A->Y   F     INVxp33_ASAP7_75t_R        2  3.1   117   100     552    (-,-) 
  u_debug_module/g13307/Y                                    -       A->Y   F     OR2x2_ASAP7_75t_R          2  3.1    29    63     615    (-,-) 
  u_debug_module/g13300/Y                                    -       B->Y   F     OR2x2_ASAP7_75t_R          4  6.8    46    58     673    (-,-) 
  u_debug_module/g13298/Y                                    -       B->Y   F     OR2x2_ASAP7_75t_R          2  3.1    26    52     725    (-,-) 
  u_debug_module/g13288/Y                                    -       A2->Y  R     OAI211xp5_ASAP7_75t_R      1  1.8   106    55     781    (-,-) 
  u_debug_module/drc_bufs15861/Y                             -       A->Y   F     INVxp33_ASAP7_75t_R        1  1.9    78    68     849    (-,-) 
  u_debug_module/drc_bufs15859/Y                             -       A->Y   R     INVxp67_ASAP7_75t_R        2  3.4    87    66     915    (-,-) 
  u_debug_module/g13287/Y                                    -       B->Y   R     AND2x2_ASAP7_75t_R         1  1.9    24    51     966    (-,-) 
  u_debug_module/cg_icg__RC_CG_HIER_INST495/RC_CGIC_INST/ENA -       -      R     ICGx1_ASAP7_75t_R          1    -     -     0     966    (-,-) 
#------------------------------------------------------------------------------------------------------------------------------------------------



Path 3: MET (2936 ps) Clock Gating Setup Check at cgic pin u_debug_module/cg_icg__RC_CG_HIER_INST498/RC_CGIC_INST/ENA
           View: view_ss
          Group: cg_enable_group_CLK_DBG
     Startpoint: (R) u_jtag_dtm/dmi_req_addr_reg[4]/CLK
          Clock: (R) CLK_TCK
       Endpoint: (F) u_debug_module/cg_icg__RC_CG_HIER_INST498/RC_CGIC_INST/ENA
          Clock: (R) CLK_DBG

                        Capture       Launch     
           Path Delay:+    4000            -     
          Src Latency:+     100          150     
          Net Latency:+       0 (I)        0 (I) 
        Capture Clock:+       0                  
              Arrival:=    4100          150     
                                                 
     Gate Check Setup:-      52                  
          Uncertainty:-     150                  
        Required Time:=    3898                  
         Launch Clock:-     150                  
            Data Path:-     812                  
                Slack:=    2936                  

Exceptions/Constraints:
  max_delay             4000            constraint.sdc_line_182   

#-----------------------------------------------------------------------------------------------------------------------------------------------
#                       Timing Point                         Flags    Arc   Edge         Cell          Fanout Load Trans Delay Arrival Instance 
#                                                                                                             (fF)  (ps)  (ps)   (ps)  Location 
#-----------------------------------------------------------------------------------------------------------------------------------------------
  u_jtag_dtm/dmi_req_addr_reg[4]/CLK                         -       -      R     (arrival)                41    -    40     0     150    (-,-) 
  u_jtag_dtm/dmi_req_addr_reg[4]/Q                           -       CLK->Q R     DFFHQx4_ASAP7_75t_R       4  5.2    29   124     274    (-,-) 
  u_debug_module/g13550/Y                                    -       A->Y   F     INVxp33_ASAP7_75t_R       1  2.0    64    44     318    (-,-) 
  u_debug_module/g13510/Y                                    -       B->Y   F     OR2x2_ASAP7_75t_R         3  4.9    36    62     381    (-,-) 
  u_debug_module/g13433/Y                                    -       B->Y   R     NOR2xp33_ASAP7_75t_R      2  2.8   138    71     452    (-,-) 
  u_debug_module/g13381/Y                                    -       A->Y   F     INVxp33_ASAP7_75t_R       2  3.1   117   100     552    (-,-) 
  u_debug_module/g13306/Y                                    -       D->Y   R     NOR4xp25_ASAP7_75t_R      1  1.8   140    87     639    (-,-) 
  u_debug_module/drc_bufs15825/Y                             -       A->Y   F     INVxp33_ASAP7_75t_R       1  1.8    84    76     715    (-,-) 
  u_debug_module/drc_bufs15823/Y                             -       A->Y   R     INVxp33_ASAP7_75t_R       2  2.9   136    92     807    (-,-) 
  u_debug_module/g13296/Y                                    -       A->Y   F     NOR2xp33_ASAP7_75t_R      1  1.9    89    81     888    (-,-) 
  u_debug_module/g13291/Y                                    -       B1->Y  F     AO32x1_ASAP7_75t_R        1  1.9    32    74     962    (-,-) 
  u_debug_module/cg_icg__RC_CG_HIER_INST498/RC_CGIC_INST/ENA -       -      F     ICGx1_ASAP7_75t_R         1    -     -     0     962    (-,-) 
#-----------------------------------------------------------------------------------------------------------------------------------------------



Path 4: MET (2983 ps) Clock Gating Setup Check at cgic pin u_debug_module/cg_icg__RC_CG_HIER_INST502/RC_CGIC_INST/ENA
           View: view_ss
          Group: cg_enable_group_CLK_DBG
     Startpoint: (R) u_jtag_dtm/dmi_req_addr_reg[4]/CLK
          Clock: (R) CLK_TCK
       Endpoint: (R) u_debug_module/cg_icg__RC_CG_HIER_INST502/RC_CGIC_INST/ENA
          Clock: (R) CLK_DBG

                        Capture       Launch     
           Path Delay:+    4000            -     
          Src Latency:+     100          150     
          Net Latency:+       0 (I)        0 (I) 
        Capture Clock:+       0                  
              Arrival:=    4100          150     
                                                 
     Gate Check Setup:-      89                  
          Uncertainty:-     150                  
        Required Time:=    3861                  
         Launch Clock:-     150                  
            Data Path:-     728                  
                Slack:=    2983                  

Exceptions/Constraints:
  max_delay             4000            constraint.sdc_line_182   

#------------------------------------------------------------------------------------------------------------------------------------------------
#                       Timing Point                         Flags    Arc   Edge         Cell           Fanout Load Trans Delay Arrival Instance 
#                                                                                                              (fF)  (ps)  (ps)   (ps)  Location 
#------------------------------------------------------------------------------------------------------------------------------------------------
  u_jtag_dtm/dmi_req_addr_reg[4]/CLK                         -       -      R     (arrival)                 41    -    40     0     150    (-,-) 
  u_jtag_dtm/dmi_req_addr_reg[4]/Q                           -       CLK->Q R     DFFHQx4_ASAP7_75t_R        4  5.2    29   124     274    (-,-) 
  u_debug_module/g13550/Y                                    -       A->Y   F     INVxp33_ASAP7_75t_R        1  2.0    64    44     318    (-,-) 
  u_debug_module/g13510/Y                                    -       B->Y   F     OR2x2_ASAP7_75t_R          3  4.9    36    62     381    (-,-) 
  u_debug_module/g13433/Y                                    -       B->Y   R     NOR2xp33_ASAP7_75t_R       2  2.8   138    71     452    (-,-) 
  u_debug_module/g13360/Y                                    -       B->Y   F     NAND2xp33_ASAP7_75t_R      2  3.2   116    92     544    (-,-) 
  u_debug_module/g13310/Y                                    -       A->Y   F     OR3x1_ASAP7_75t_R          2  3.2    46    81     625    (-,-) 
  u_debug_module/g13290/Y                                    -       A->Y   F     OR5x1_ASAP7_75t_R          1  2.0    40    78     703    (-,-) 
  u_debug_module/g13286/Y                                    -       A->Y   F     OR5x1_ASAP7_75t_R          3  4.3    62    92     795    (-,-) 
  u_debug_module/g13284/Y                                    -       C->Y   R     NOR4xp25_ASAP7_75t_R       1  1.9   143    83     878    (-,-) 
  u_debug_module/cg_icg__RC_CG_HIER_INST502/RC_CGIC_INST/ENA -       -      R     ICGx1_ASAP7_75t_R          1    -     -     0     878    (-,-) 
#------------------------------------------------------------------------------------------------------------------------------------------------



Path 5: MET (3007 ps) Clock Gating Setup Check at cgic pin u_debug_module/cg_icg__RC_CG_HIER_INST494/RC_CGIC_INST/ENA
           View: view_ss
          Group: cg_enable_group_CLK_DBG
     Startpoint: (R) u_jtag_dtm/dmi_req_addr_reg[4]/CLK
          Clock: (R) CLK_TCK
       Endpoint: (R) u_debug_module/cg_icg__RC_CG_HIER_INST494/RC_CGIC_INST/ENA
          Clock: (R) CLK_DBG

                        Capture       Launch     
           Path Delay:+    4000            -     
          Src Latency:+     100          150     
          Net Latency:+       0 (I)        0 (I) 
        Capture Clock:+       0                  
              Arrival:=    4100          150     
                                                 
     Gate Check Setup:-      85                  
          Uncertainty:-     150                  
        Required Time:=    3865                  
         Launch Clock:-     150                  
            Data Path:-     708                  
                Slack:=    3007                  

Exceptions/Constraints:
  max_delay             4000            constraint.sdc_line_182   

#------------------------------------------------------------------------------------------------------------------------------------------------
#                       Timing Point                         Flags    Arc   Edge         Cell           Fanout Load Trans Delay Arrival Instance 
#                                                                                                              (fF)  (ps)  (ps)   (ps)  Location 
#------------------------------------------------------------------------------------------------------------------------------------------------
  u_jtag_dtm/dmi_req_addr_reg[4]/CLK                         -       -      R     (arrival)                 41    -    40     0     150    (-,-) 
  u_jtag_dtm/dmi_req_addr_reg[4]/Q                           -       CLK->Q R     DFFHQx4_ASAP7_75t_R        4  5.2    29   124     274    (-,-) 
  u_debug_module/g13550/Y                                    -       A->Y   F     INVxp33_ASAP7_75t_R        1  2.0    64    44     318    (-,-) 
  u_debug_module/g13510/Y                                    -       B->Y   F     OR2x2_ASAP7_75t_R          3  4.9    36    62     381    (-,-) 
  u_debug_module/g13433/Y                                    -       B->Y   R     NOR2xp33_ASAP7_75t_R       2  2.8   138    71     452    (-,-) 
  u_debug_module/g13360/Y                                    -       B->Y   F     NAND2xp33_ASAP7_75t_R      2  3.2   116    92     544    (-,-) 
  u_debug_module/g13310/Y                                    -       A->Y   F     OR3x1_ASAP7_75t_R          2  3.2    46    81     625    (-,-) 
  u_debug_module/g13290/Y                                    -       A->Y   F     OR5x1_ASAP7_75t_R          1  2.0    40    78     703    (-,-) 
  u_debug_module/g13286/Y                                    -       A->Y   F     OR5x1_ASAP7_75t_R          3  4.3    62    92     795    (-,-) 
  u_debug_module/g13285/Y                                    -       C->Y   R     NOR3xp33_ASAP7_75t_R       1  1.9   116    63     858    (-,-) 
  u_debug_module/cg_icg__RC_CG_HIER_INST494/RC_CGIC_INST/ENA -       -      R     ICGx1_ASAP7_75t_R          1    -     -     0     858    (-,-) 
#------------------------------------------------------------------------------------------------------------------------------------------------



Path 6: MET (3058 ps) Clock Gating Setup Check at cgic pin u_debug_module/cg_icg__RC_CG_HIER_INST501/RC_CGIC_INST/ENA
           View: view_ss
          Group: cg_enable_group_CLK_DBG
     Startpoint: (R) u_jtag_dtm/dmi_req_addr_reg[2]/CLK
          Clock: (R) CLK_TCK
       Endpoint: (F) u_debug_module/cg_icg__RC_CG_HIER_INST501/RC_CGIC_INST/ENA
          Clock: (R) CLK_DBG

                        Capture       Launch     
           Path Delay:+    4000            -     
          Src Latency:+     100          150     
          Net Latency:+       0 (I)        0 (I) 
        Capture Clock:+       0                  
              Arrival:=    4100          150     
                                                 
     Gate Check Setup:-      64                  
          Uncertainty:-     150                  
        Required Time:=    3886                  
         Launch Clock:-     150                  
            Data Path:-     678                  
                Slack:=    3058                  

Exceptions/Constraints:
  max_delay             4000            constraint.sdc_line_182   

#------------------------------------------------------------------------------------------------------------------------------------------------
#                       Timing Point                         Flags    Arc   Edge         Cell           Fanout Load Trans Delay Arrival Instance 
#                                                                                                              (fF)  (ps)  (ps)   (ps)  Location 
#------------------------------------------------------------------------------------------------------------------------------------------------
  u_jtag_dtm/dmi_req_addr_reg[2]/CLK                         -       -      R     (arrival)                 41    -    40     0     150    (-,-) 
  u_jtag_dtm/dmi_req_addr_reg[2]/Q                           -       CLK->Q F     DFFHQx4_ASAP7_75t_R        3  4.0    19   110     260    (-,-) 
  u_debug_module/g13559/Y                                    -       A->Y   R     INVxp33_ASAP7_75t_R        3  4.2   183    92     352    (-,-) 
  u_debug_module/g13433/Y                                    -       A->Y   F     NOR2xp33_ASAP7_75t_R       2  2.8   123   112     464    (-,-) 
  u_debug_module/g13360/Y                                    -       B->Y   R     NAND2xp33_ASAP7_75t_R      2  3.2   158   114     579    (-,-) 
  u_debug_module/g13310/Y                                    -       A->Y   R     OR3x1_ASAP7_75t_R          2  3.2    53    63     642    (-,-) 
  u_debug_module/g13301/Y                                    -       A->Y   R     OR2x2_ASAP7_75t_R          2  3.0    32    49     691    (-,-) 
  u_debug_module/g13295/Y                                    -       B->Y   R     OR2x2_ASAP7_75t_R         11 14.5   108    78     769    (-,-) 
  u_debug_module/g13293/Y                                    -       B->Y   F     OAI21xp33_ASAP7_75t_R      1  1.9    74    59     828    (-,-) 
  u_debug_module/cg_icg__RC_CG_HIER_INST501/RC_CGIC_INST/ENA -       -      F     ICGx1_ASAP7_75t_R          1    -     -     0     828    (-,-) 
#------------------------------------------------------------------------------------------------------------------------------------------------



Path 7: MET (3086 ps) Clock Gating Setup Check at cgic pin u_debug_module/cg_icg__RC_CG_HIER_INST500/RC_CGIC_INST/ENA
           View: view_ss
          Group: cg_enable_group_CLK_DBG
     Startpoint: (R) u_jtag_dtm/dmi_req_addr_reg[4]/CLK
          Clock: (R) CLK_TCK
       Endpoint: (R) u_debug_module/cg_icg__RC_CG_HIER_INST500/RC_CGIC_INST/ENA
          Clock: (R) CLK_DBG

                        Capture       Launch     
           Path Delay:+    4000            -     
          Src Latency:+     100          150     
          Net Latency:+       0 (I)        0 (I) 
        Capture Clock:+       0                  
              Arrival:=    4100          150     
                                                 
     Gate Check Setup:-      84                  
          Uncertainty:-     150                  
        Required Time:=    3866                  
         Launch Clock:-     150                  
            Data Path:-     630                  
                Slack:=    3086                  

Exceptions/Constraints:
  max_delay             4000            constraint.sdc_line_182   

#------------------------------------------------------------------------------------------------------------------------------------------------
#                       Timing Point                         Flags    Arc   Edge         Cell           Fanout Load Trans Delay Arrival Instance 
#                                                                                                              (fF)  (ps)  (ps)   (ps)  Location 
#------------------------------------------------------------------------------------------------------------------------------------------------
  u_jtag_dtm/dmi_req_addr_reg[4]/CLK                         -       -      R     (arrival)                 41    -    40     0     150    (-,-) 
  u_jtag_dtm/dmi_req_addr_reg[4]/Q                           -       CLK->Q R     DFFHQx4_ASAP7_75t_R        4  5.2    29   124     274    (-,-) 
  u_debug_module/g13550/Y                                    -       A->Y   F     INVxp33_ASAP7_75t_R        1  2.0    64    44     318    (-,-) 
  u_debug_module/g13510/Y                                    -       B->Y   F     OR2x2_ASAP7_75t_R          3  4.9    36    62     381    (-,-) 
  u_debug_module/g13433/Y                                    -       B->Y   R     NOR2xp33_ASAP7_75t_R       2  2.8   138    71     452    (-,-) 
  u_debug_module/g13381/Y                                    -       A->Y   F     INVxp33_ASAP7_75t_R        2  3.1   117   100     552    (-,-) 
  u_debug_module/g13307/Y                                    -       A->Y   F     OR2x2_ASAP7_75t_R          2  3.1    29    63     615    (-,-) 
  u_debug_module/g13300/Y                                    -       B->Y   F     OR2x2_ASAP7_75t_R          4  6.8    46    58     673    (-,-) 
  u_debug_module/g13298/Y                                    -       B->Y   F     OR2x2_ASAP7_75t_R          2  3.1    26    52     725    (-,-) 
  u_debug_module/g13292/Y                                    -       A2->Y  R     OAI22xp33_ASAP7_75t_R      1  1.9   107    55     780    (-,-) 
  u_debug_module/cg_icg__RC_CG_HIER_INST500/RC_CGIC_INST/ENA -       -      R     ICGx1_ASAP7_75t_R          1    -     -     0     780    (-,-) 
#------------------------------------------------------------------------------------------------------------------------------------------------



Path 8: MET (3157 ps) Clock Gating Setup Check at cgic pin u_debug_module/cg_icg__RC_CG_HIER_INST496/RC_CGIC_INST/ENA
           View: view_ss
          Group: cg_enable_group_CLK_DBG
     Startpoint: (R) u_jtag_dtm/dmi_req_addr_reg[1]/CLK
          Clock: (R) CLK_TCK
       Endpoint: (R) u_debug_module/cg_icg__RC_CG_HIER_INST496/RC_CGIC_INST/ENA
          Clock: (R) CLK_DBG

                        Capture       Launch     
           Path Delay:+    4000            -     
          Src Latency:+     100          150     
          Net Latency:+       0 (I)        0 (I) 
        Capture Clock:+       0                  
              Arrival:=    4100          150     
                                                 
     Gate Check Setup:-      88                  
          Uncertainty:-     150                  
        Required Time:=    3862                  
         Launch Clock:-     150                  
            Data Path:-     556                  
                Slack:=    3157                  

Exceptions/Constraints:
  max_delay             4000            constraint.sdc_line_182   

#-----------------------------------------------------------------------------------------------------------------------------------------------
#                       Timing Point                         Flags    Arc   Edge         Cell          Fanout Load Trans Delay Arrival Instance 
#                                                                                                             (fF)  (ps)  (ps)   (ps)  Location 
#-----------------------------------------------------------------------------------------------------------------------------------------------
  u_jtag_dtm/dmi_req_addr_reg[1]/CLK                         -       -      R     (arrival)                41    -    40     0     150    (-,-) 
  u_jtag_dtm/dmi_req_addr_reg[1]/Q                           -       CLK->Q F     DFFHQx4_ASAP7_75t_R       4  5.8    23   113     263    (-,-) 
  u_debug_module/g13547/Y                                    -       A->Y   R     NOR2xp33_ASAP7_75t_R      2  3.0   132    71     334    (-,-) 
  u_debug_module/g13517/Y                                    -       A->Y   F     INVxp33_ASAP7_75t_R       3  4.4   150   118     451    (-,-) 
  u_debug_module/g13378/Y                                    -       C->Y   F     OR3x1_ASAP7_75t_R         2  3.2    46    80     532    (-,-) 
  u_debug_module/g13338/Y                                    -       B->Y   F     OR2x2_ASAP7_75t_R         2  3.8    30    54     586    (-,-) 
  u_debug_module/g13309/Y                                    -       B->Y   F     OR2x2_ASAP7_75t_R         2  3.0    26    47     633    (-,-) 
  u_debug_module/g12862/Y                                    -       A->Y   R     INVxp33_ASAP7_75t_R       2  3.0   132    72     706    (-,-) 
  u_debug_module/cg_icg__RC_CG_HIER_INST496/RC_CGIC_INST/ENA -       -      R     ICGx1_ASAP7_75t_R         2    -     -     0     706    (-,-) 
#-----------------------------------------------------------------------------------------------------------------------------------------------



Path 9: MET (3177 ps) Clock Gating Setup Check at cgic pin u_debug_module/cg_icg__RC_CG_HIER_INST499/RC_CGIC_INST/ENA
           View: view_ss
          Group: cg_enable_group_CLK_DBG
     Startpoint: (R) u_jtag_dtm/dmi_req_addr_reg[4]/CLK
          Clock: (R) CLK_TCK
       Endpoint: (R) u_debug_module/cg_icg__RC_CG_HIER_INST499/RC_CGIC_INST/ENA
          Clock: (R) CLK_DBG

                        Capture       Launch     
           Path Delay:+    4000            -     
          Src Latency:+     100          150     
          Net Latency:+       0 (I)        0 (I) 
        Capture Clock:+       0                  
              Arrival:=    4100          150     
                                                 
     Gate Check Setup:-      86                  
          Uncertainty:-     150                  
        Required Time:=    3864                  
         Launch Clock:-     150                  
            Data Path:-     537                  
                Slack:=    3177                  

Exceptions/Constraints:
  max_delay             4000            constraint.sdc_line_182   

#------------------------------------------------------------------------------------------------------------------------------------------------
#                       Timing Point                         Flags    Arc   Edge         Cell           Fanout Load Trans Delay Arrival Instance 
#                                                                                                              (fF)  (ps)  (ps)   (ps)  Location 
#------------------------------------------------------------------------------------------------------------------------------------------------
  u_jtag_dtm/dmi_req_addr_reg[4]/CLK                         -       -      R     (arrival)                 41    -    40     0     150    (-,-) 
  u_jtag_dtm/dmi_req_addr_reg[4]/Q                           -       CLK->Q R     DFFHQx4_ASAP7_75t_R        4  5.2    29   124     274    (-,-) 
  u_debug_module/g13550/Y                                    -       A->Y   F     INVxp33_ASAP7_75t_R        1  2.0    64    44     318    (-,-) 
  u_debug_module/g13510/Y                                    -       B->Y   F     OR2x2_ASAP7_75t_R          3  4.9    36    62     381    (-,-) 
  u_debug_module/g13434/Y                                    -       B->Y   F     OR2x2_ASAP7_75t_R          4  6.5    42    59     440    (-,-) 
  u_debug_module/g16037/Y                                    -       B->Y   R     NOR3x1_ASAP7_75t_R         2  3.1    74    42     481    (-,-) 
  u_debug_module/g13304/Y                                    -       A->Y   F     NAND3xp33_ASAP7_75t_R      2  3.3   106    73     555    (-,-) 
  u_debug_module/g13294/Y                                    -       B->Y   F     OR2x2_ASAP7_75t_R          3  5.5    41    73     627    (-,-) 
  u_debug_module/g13289/Y                                    -       B1->Y  R     OAI32xp33_ASAP7_75t_R      1  1.9   122    60     687    (-,-) 
  u_debug_module/cg_icg__RC_CG_HIER_INST499/RC_CGIC_INST/ENA -       -      R     ICGx1_ASAP7_75t_R          1    -     -     0     687    (-,-) 
#------------------------------------------------------------------------------------------------------------------------------------------------



Path 10: MET (3190 ps) Clock Gating Setup Check at cgic pin u_debug_module/cg_icg__RC_CG_HIER_INST497/RC_CGIC_INST/ENA
           View: view_ss
          Group: cg_enable_group_CLK_DBG
     Startpoint: (R) u_jtag_dtm/dmi_req_addr_reg[2]/CLK
          Clock: (R) CLK_TCK
       Endpoint: (F) u_debug_module/cg_icg__RC_CG_HIER_INST497/RC_CGIC_INST/ENA
          Clock: (R) CLK_DBG

                        Capture       Launch     
           Path Delay:+    4000            -     
          Src Latency:+     100          150     
          Net Latency:+       0 (I)        0 (I) 
        Capture Clock:+       0                  
              Arrival:=    4100          150     
                                                 
     Gate Check Setup:-      66                  
          Uncertainty:-     150                  
        Required Time:=    3884                  
         Launch Clock:-     150                  
            Data Path:-     544                  
                Slack:=    3190                  

Exceptions/Constraints:
  max_delay             4000            constraint.sdc_line_182   

#------------------------------------------------------------------------------------------------------------------------------------------------
#                       Timing Point                         Flags    Arc   Edge         Cell           Fanout Load Trans Delay Arrival Instance 
#                                                                                                              (fF)  (ps)  (ps)   (ps)  Location 
#------------------------------------------------------------------------------------------------------------------------------------------------
  u_jtag_dtm/dmi_req_addr_reg[2]/CLK                         -       -      R     (arrival)                 41    -    40     0     150    (-,-) 
  u_jtag_dtm/dmi_req_addr_reg[2]/Q                           -       CLK->Q F     DFFHQx4_ASAP7_75t_R        3  4.0    19   110     260    (-,-) 
  u_debug_module/g13559/Y                                    -       A->Y   R     INVxp33_ASAP7_75t_R        3  4.2   183    92     352    (-,-) 
  u_debug_module/g13433/Y                                    -       A->Y   F     NOR2xp33_ASAP7_75t_R       2  2.8   123   112     464    (-,-) 
  u_debug_module/g13381/Y                                    -       A->Y   R     INVxp33_ASAP7_75t_R        2  3.1   153   110     575    (-,-) 
  u_debug_module/g13307/Y                                    -       A->Y   R     OR2x2_ASAP7_75t_R          2  3.1    33    72     647    (-,-) 
  u_debug_module/g13297/Y                                    -       B2->Y  F     OAI32xp33_ASAP7_75t_R      1  1.9    84    48     694    (-,-) 
  u_debug_module/cg_icg__RC_CG_HIER_INST497/RC_CGIC_INST/ENA -       -      F     ICGx1_ASAP7_75t_R          1    -     -     0     694    (-,-) 
#------------------------------------------------------------------------------------------------------------------------------------------------



Path 11: MET (3232 ps) Clock Gating Setup Check at cgic pin u_debug_module/cg_icg__RC_CG_HIER_INST503/RC_CGIC_INST/ENA
           View: view_ss
          Group: cg_enable_group_CLK_DBG
     Startpoint: (R) u_jtag_dtm/dmi_req_addr_reg[1]/CLK
          Clock: (R) CLK_TCK
       Endpoint: (R) u_debug_module/cg_icg__RC_CG_HIER_INST503/RC_CGIC_INST/ENA
          Clock: (R) CLK_DBG

                        Capture       Launch     
           Path Delay:+    4000            -     
          Src Latency:+     100          150     
          Net Latency:+       0 (I)        0 (I) 
        Capture Clock:+       0                  
              Arrival:=    4100          150     
                                                 
     Gate Check Setup:-      88                  
          Uncertainty:-     150                  
        Required Time:=    3862                  
         Launch Clock:-     150                  
            Data Path:-     480                  
                Slack:=    3232                  

Exceptions/Constraints:
  max_delay             4000            constraint.sdc_line_182   

#------------------------------------------------------------------------------------------------------------------------------------------------
#                       Timing Point                         Flags    Arc   Edge         Cell           Fanout Load Trans Delay Arrival Instance 
#                                                                                                              (fF)  (ps)  (ps)   (ps)  Location 
#------------------------------------------------------------------------------------------------------------------------------------------------
  u_jtag_dtm/dmi_req_addr_reg[1]/CLK                         -       -      R     (arrival)                 41    -    40     0     150    (-,-) 
  u_jtag_dtm/dmi_req_addr_reg[1]/Q                           -       CLK->Q F     DFFHQx4_ASAP7_75t_R        4  5.8    23   113     263    (-,-) 
  u_debug_module/g13547/Y                                    -       A->Y   R     NOR2xp33_ASAP7_75t_R       2  3.0   132    71     334    (-,-) 
  u_debug_module/g13375/Y                                    -       A->Y   F     NAND3xp33_ASAP7_75t_R      2  3.1   114    87     421    (-,-) 
  u_debug_module/g13340/Y                                    -       A->Y   F     OR2x2_ASAP7_75t_R          3  5.1    38    69     490    (-,-) 
  u_debug_module/g13308/Y                                    -       B->Y   F     OR2x2_ASAP7_75t_R          5  7.3    46    62     552    (-,-) 
  u_debug_module/g16036/Y                                    -       B->Y   R     NOR2xp33_ASAP7_75t_R       2  3.0   136    78     630    (-,-) 
  u_debug_module/cg_icg__RC_CG_HIER_INST503/RC_CGIC_INST/ENA -       -      R     ICGx1_ASAP7_75t_R          2    -     -     0     630    (-,-) 
#------------------------------------------------------------------------------------------------------------------------------------------------



Path 12: MET (3275 ps) Clock Gating Setup Check at cgic pin u_dtm_axi_cg_icg__RC_CG_HIER_INST418/RC_CGIC_INST/ENA
           View: view_ss
          Group: cg_enable_group_CLK_DBG
     Startpoint: (R) u_dtm_axi_state_reg[0]/CLK
          Clock: (R) CLK_DBG
       Endpoint: (R) u_dtm_axi_cg_icg__RC_CG_HIER_INST418/RC_CGIC_INST/ENA
          Clock: (R) CLK_DBG

                     Capture       Launch     
        Clock Edge:+    4000            0     
       Src Latency:+     100          150     
       Net Latency:+       0 (I)        0 (I) 
           Arrival:=    4100          150     
                                              
  Gate Check Setup:-      81                  
       Uncertainty:-     150                  
     Required Time:=    3869                  
      Launch Clock:-     150                  
         Data Path:-     444                  
             Slack:=    3275                  

#----------------------------------------------------------------------------------------------------------------------------------------------
#                     Timing Point                      Flags    Arc    Edge          Cell            Fanout Load Trans Delay Arrival Instance 
#                                                                                                            (fF)  (ps)  (ps)   (ps)  Location 
#----------------------------------------------------------------------------------------------------------------------------------------------
  u_dtm_axi_state_reg[0]/CLK                            -       -       R     (arrival)                    3    -    40     0     150    (-,-) 
  u_dtm_axi_state_reg[0]/QN                             -       CLK->QN F     DFFASRHQNx1_ASAP7_75t_R      5  6.6    95   142     292    (-,-) 
  g203562/Y                                             -       A->Y    R     INVxp67_ASAP7_75t_R          3  4.1   105    78     369    (-,-) 
  g202033/Y                                             -       A->Y    F     NAND3xp33_ASAP7_75t_R        3  4.1   132    93     462    (-,-) 
  g201415/Y                                             -       B->Y    F     OR2x2_ASAP7_75t_R            4  5.2    39    76     538    (-,-) 
  g126586/Y                                             -       A->Y    R     INVxp33_ASAP7_75t_R          1  1.9    88    56     594    (-,-) 
  u_dtm_axi_cg_icg__RC_CG_HIER_INST418/RC_CGIC_INST/ENA -       -       R     ICGx1_ASAP7_75t_R            1    -     -     0     594    (-,-) 
#----------------------------------------------------------------------------------------------------------------------------------------------



Path 13: MET (3316 ps) Clock Gating Setup Check at cgic pin u_dtm_axi_cg_icg__RC_CG_HIER_INST417/RC_CGIC_INST/ENA
           View: view_ss
          Group: cg_enable_group_CLK_DBG
     Startpoint: (R) u_debug_module/axi_op_reg[0]/CLK
          Clock: (R) CLK_DBG
       Endpoint: (R) u_dtm_axi_cg_icg__RC_CG_HIER_INST417/RC_CGIC_INST/ENA
          Clock: (R) CLK_DBG

                     Capture       Launch     
        Clock Edge:+    4000            0     
       Src Latency:+     100          150     
       Net Latency:+       0 (I)        0 (I) 
           Arrival:=    4100          150     
                                              
  Gate Check Setup:-      82                  
       Uncertainty:-     150                  
     Required Time:=    3868                  
      Launch Clock:-     150                  
         Data Path:-     402                  
             Slack:=    3316                  

#--------------------------------------------------------------------------------------------------------------------------------------------
#                     Timing Point                      Flags    Arc    Edge         Cell           Fanout Load Trans Delay Arrival Instance 
#                                                                                                          (fF)  (ps)  (ps)   (ps)  Location 
#--------------------------------------------------------------------------------------------------------------------------------------------
  u_debug_module/axi_op_reg[0]/CLK                      -       -       R     (arrival)                 34    -    40     0     150    (-,-) 
  u_debug_module/axi_op_reg[0]/QN                       -       CLK->QN F     DFFHQNx1_ASAP7_75t_R       4  5.2    76   118     268    (-,-) 
  g203463/Y                                             -       A->Y    R     INVxp33_ASAP7_75t_R        1  1.8    92    68     336    (-,-) 
  g203249/Y                                             -       B->Y    F     NAND2xp33_ASAP7_75t_R      2  3.0    99    76     411    (-,-) 
  g201050/Y                                             -       B->Y    F     OR3x1_ASAP7_75t_R          3  4.0    52    81     493    (-,-) 
  g200789/Y                                             -       B->Y    R     NOR2xp33_ASAP7_75t_R       1  1.9    98    59     552    (-,-) 
  u_dtm_axi_cg_icg__RC_CG_HIER_INST417/RC_CGIC_INST/ENA -       -       R     ICGx1_ASAP7_75t_R          1    -     -     0     552    (-,-) 
#--------------------------------------------------------------------------------------------------------------------------------------------



Path 14: MET (3317 ps) Clock Gating Setup Check at cgic pin u_dtm_axi_cg_icg__RC_CG_HIER_INST419/RC_CGIC_INST/ENA
           View: view_ss
          Group: cg_enable_group_CLK_DBG
     Startpoint: (R) u_debug_module/axi_op_reg[1]/CLK
          Clock: (R) CLK_DBG
       Endpoint: (R) u_dtm_axi_cg_icg__RC_CG_HIER_INST419/RC_CGIC_INST/ENA
          Clock: (R) CLK_DBG

                     Capture       Launch     
        Clock Edge:+    4000            0     
       Src Latency:+     100          150     
       Net Latency:+       0 (I)        0 (I) 
           Arrival:=    4100          150     
                                              
  Gate Check Setup:-      82                  
       Uncertainty:-     150                  
     Required Time:=    3868                  
      Launch Clock:-     150                  
         Data Path:-     401                  
             Slack:=    3317                  

#-------------------------------------------------------------------------------------------------------------------------------------------
#                     Timing Point                      Flags    Arc    Edge         Cell          Fanout Load Trans Delay Arrival Instance 
#                                                                                                         (fF)  (ps)  (ps)   (ps)  Location 
#-------------------------------------------------------------------------------------------------------------------------------------------
  u_debug_module/axi_op_reg[1]/CLK                      -       -       R     (arrival)                34    -    40     0     150    (-,-) 
  u_debug_module/axi_op_reg[1]/QN                       -       CLK->QN F     DFFHQNx1_ASAP7_75t_R      4  4.9    74   116     266    (-,-) 
  g203466/Y                                             -       A->Y    R     INVxp33_ASAP7_75t_R       1  2.0    99    71     336    (-,-) 
  g203301/Y                                             -       B->Y    F     NAND2xp5_ASAP7_75t_R      3  4.3    97    75     412    (-,-) 
  g201051/Y                                             -       B->Y    F     OR3x1_ASAP7_75t_R         3  3.9    51    81     492    (-,-) 
  g200790/Y                                             -       B->Y    R     NOR2xp33_ASAP7_75t_R      1  1.9    98    59     551    (-,-) 
  u_dtm_axi_cg_icg__RC_CG_HIER_INST419/RC_CGIC_INST/ENA -       -       R     ICGx1_ASAP7_75t_R         1    -     -     0     551    (-,-) 
#-------------------------------------------------------------------------------------------------------------------------------------------



Path 15: MET (3346 ps) Clock Gating Setup Check at cgic pin u_debug_module/cg_icg__RC_CG_HIER_INST1776/RC_CGIC_INST/ENA
           View: view_ss
          Group: cg_enable_group_CLK_DBG
     Startpoint: (R) u_jtag_dtm/dmi_req_op_reg[0]/CLK
          Clock: (R) CLK_TCK
       Endpoint: (R) u_debug_module/cg_icg__RC_CG_HIER_INST1776/RC_CGIC_INST/ENA
          Clock: (R) CLK_DBG

                        Capture       Launch     
           Path Delay:+    4000            -     
          Src Latency:+     100          150     
          Net Latency:+       0 (I)        0 (I) 
        Capture Clock:+       0                  
              Arrival:=    4100          150     
                                                 
     Gate Check Setup:-      83                  
          Uncertainty:-     150                  
        Required Time:=    3867                  
         Launch Clock:-     150                  
            Data Path:-     371                  
                Slack:=    3346                  

Exceptions/Constraints:
  max_delay             4000            constraint.sdc_line_182   

#------------------------------------------------------------------------------------------------------------------------------------------------
#                        Timing Point                         Flags    Arc   Edge         Cell          Fanout Load Trans Delay Arrival Instance 
#                                                                                                              (fF)  (ps)  (ps)   (ps)  Location 
#------------------------------------------------------------------------------------------------------------------------------------------------
  u_jtag_dtm/dmi_req_op_reg[0]/CLK                            -       -      R     (arrival)                41    -    40     0     150    (-,-) 
  u_jtag_dtm/dmi_req_op_reg[0]/Q                              -       CLK->Q F     DFFHQx4_ASAP7_75t_R       2  2.9    17   108     258    (-,-) 
  u_debug_module/g13557/Y                                     -       A->Y   R     INVxp33_ASAP7_75t_R       1  2.0    90    49     307    (-,-) 
  u_debug_module/g13511/Y                                     -       B->Y   F     NAND2xp5_ASAP7_75t_R      3  4.2    93    72     379    (-,-) 
  u_debug_module/g13490/Y                                     -       A->Y   F     OR2x2_ASAP7_75t_R         9 11.0    65    82     461    (-,-) 
  u_debug_module/g13365/Y                                     -       A->Y   R     NOR2xp33_ASAP7_75t_R      1  1.9   103    60     521    (-,-) 
  u_debug_module/cg_icg__RC_CG_HIER_INST1776/RC_CGIC_INST/ENA -       -      R     ICGx1_ASAP7_75t_R         1    -     -     0     521    (-,-) 
#------------------------------------------------------------------------------------------------------------------------------------------------



Path 16: MET (3489 ps) Clock Gating Setup Check at cgic pin u_debug_module/cg_icg__RC_CG_HIER_INST1775/RC_CGIC_INST/ENA
           View: view_ss
          Group: cg_enable_group_CLK_DBG
     Startpoint: (R) u_debug_module/axi_req_reg/CLK
          Clock: (R) CLK_DBG
       Endpoint: (R) u_debug_module/cg_icg__RC_CG_HIER_INST1775/RC_CGIC_INST/ENA
          Clock: (R) CLK_DBG

                     Capture       Launch     
        Clock Edge:+    4000            0     
       Src Latency:+     100          150     
       Net Latency:+       0 (I)        0 (I) 
           Arrival:=    4100          150     
                                              
  Gate Check Setup:-      86                  
       Uncertainty:-     150                  
     Required Time:=    3864                  
      Launch Clock:-     150                  
         Data Path:-     225                  
             Slack:=    3489                  

#----------------------------------------------------------------------------------------------------------------------------------------------------
#                        Timing Point                         Flags    Arc    Edge          Cell            Fanout Load Trans Delay Arrival Instance 
#                                                                                                                  (fF)  (ps)  (ps)   (ps)  Location 
#----------------------------------------------------------------------------------------------------------------------------------------------------
  u_debug_module/axi_req_reg/CLK                              -       -       R     (arrival)                   30    -    40     0     150    (-,-) 
  u_debug_module/axi_req_reg/QN                               -       CLK->QN F     DFFASRHQNx1_ASAP7_75t_R      5  6.3    92   140     290    (-,-) 
  u_debug_module/g13560/Y                                     -       A->Y    R     INVxp67_ASAP7_75t_R          3  4.9   120    85     375    (-,-) 
  u_debug_module/cg_icg__RC_CG_HIER_INST1775/RC_CGIC_INST/ENA -       -       R     ICGx1_ASAP7_75t_R            3    -     -     0     375    (-,-) 
#----------------------------------------------------------------------------------------------------------------------------------------------------



Path 17: MET (3497 ps) Clock Gating Setup Check at cgic pin u_dtm_axi_cg_icg__RC_CG_HIER_INST1802/RC_CGIC_INST/ENA
           View: view_ss
          Group: cg_enable_group_CLK_DBG
     Startpoint: (R) u_dtm_axi_state_reg[0]/CLK
          Clock: (R) CLK_DBG
       Endpoint: (R) u_dtm_axi_cg_icg__RC_CG_HIER_INST1802/RC_CGIC_INST/ENA
          Clock: (R) CLK_DBG

                     Capture       Launch     
        Clock Edge:+    4000            0     
       Src Latency:+     100          150     
       Net Latency:+       0 (I)        0 (I) 
           Arrival:=    4100          150     
                                              
  Gate Check Setup:-      84                  
       Uncertainty:-     150                  
     Required Time:=    3866                  
      Launch Clock:-     150                  
         Data Path:-     219                  
             Slack:=    3497                  

#-----------------------------------------------------------------------------------------------------------------------------------------------
#                     Timing Point                       Flags    Arc    Edge          Cell            Fanout Load Trans Delay Arrival Instance 
#                                                                                                             (fF)  (ps)  (ps)   (ps)  Location 
#-----------------------------------------------------------------------------------------------------------------------------------------------
  u_dtm_axi_state_reg[0]/CLK                             -       -       R     (arrival)                    3    -    40     0     150    (-,-) 
  u_dtm_axi_state_reg[0]/QN                              -       CLK->QN F     DFFASRHQNx1_ASAP7_75t_R      5  6.6    95   142     292    (-,-) 
  g203562/Y                                              -       A->Y    R     INVxp67_ASAP7_75t_R          3  4.1   105    78     369    (-,-) 
  u_dtm_axi_cg_icg__RC_CG_HIER_INST1802/RC_CGIC_INST/ENA -       -       R     ICGx1_ASAP7_75t_R            3    -     -     0     369    (-,-) 
#-----------------------------------------------------------------------------------------------------------------------------------------------


