 ---------------------------------------------------------------------------------------------------------------------------------------------------------------------------------------------------------------------------------------- 
| Snapshot                    | WNS                  | TNS                  | Density (%) | Power estimated                                            | Hotspot                   | Resource               | DRVs       | Layer-OPT     |
|                             | HEPG (ns) | ALL (ns) | HEPG (ns) | ALL (ns) |             | Total (mW) | Leakage (mW) | Switching (mW) | Internal (mW) | Max (bins) | Total (bins) | Real (s) | Memory (MB) | Tran | Cap | M4  | M6 | M8 |
|-----------------------------+-----------+----------+-----------+----------+-------------+------------+--------------+----------------+---------------+------------+--------------+----------+-------------+------+-----+-----+----+----|
| initial_summary             |           |   -0.009 |           |       -0 |        0.33 |            |              |                |               |            |              | 0:00:00  |        7934 |    0 |   0 |     |    |    |
| route_type_refinement       |           |          |           |          |             |            |              |                |               |            |              | 0:00:00  |        7934 |      |     |  73 |  3 | 15 |
| force_downsizing_area_power |           |   -1.104 |           |     -370 |        0.32 |       0.53 |         0.00 |           0.26 |          0.27 |            |              | 0:00:01  |        7926 |      |     |     |    |    |
| simplify_netlist            |           |          |           |          |             |       0.49 |         0.00 |           0.25 |          0.24 |            |              | 0:00:02  |        8520 |      |     |     |    |    |
| drv_fixing                  |           |          |           |          |             |       0.49 |         0.00 |           0.25 |          0.24 |            |              | 0:00:01  |        8520 |      |     |     |    |    |
| area_reclaiming             |     0.000 |   -1.104 |         0 |     -370 |        0.32 |       0.49 |         0.00 |           0.25 |          0.24 |            |              | 0:00:02  |        8512 |      |     |  73 |  3 | 15 |
| drv_fixing_2                |     0.000 |   -0.771 |         0 |     -180 |        0.36 |       0.49 |         0.00 |           0.25 |          0.24 |            |              | 0:00:02  |        8767 |    0 |   0 |  70 | 36 | 28 |
| global_sizing               |           |          |           |          |             |       0.49 |         0.00 |           0.25 |          0.24 |            |              | 0:00:03  |        8909 |      |     |     |    |    |
| global_opt                  |           |    0.001 |           |        0 |        0.36 |       0.50 |         0.00 |           0.25 |          0.24 |            |              | 0:00:02  |        8992 |      |     | 150 | 34 | 25 |
| area_reclaiming_2           |     0.000 |    0.008 |         0 |        0 |        0.35 |       0.49 |         0.00 |           0.25 |          0.24 |            |              | 0:00:02  |        8979 |      |     |  35 | 16 | 17 |
| incremental_replacement     |           |   -0.217 |           |       -7 |             |            |              |                |               |       0.00 |         0.00 | 0:00:31  |        8987 |      |     |     |    |    |
| drv_fixing_3                |     0.000 |   -0.060 |         0 |       -2 |        0.36 |       0.50 |         0.00 |           0.26 |          0.24 |            |              | 0:00:02  |        9075 |    0 |   0 |  46 | 16 | 17 |
| tns_fixing                  |     0.000 |   -0.060 |         0 |       -2 |        0.36 |       0.50 |         0.00 |           0.26 |          0.24 |            |              | 0:00:02  |        9267 |      |     |  46 | 16 | 17 |
| wns_fixing                  |     0.000 |    0.006 |         0 |        0 |        0.36 |       0.50 |         0.00 |           0.26 |          0.24 |            |              | 0:00:04  |        9307 |      |     |  64 | 16 | 18 |
| area_reclaiming_3           |     0.000 |    0.003 |         0 |        0 |        0.35 |       0.49 |         0.00 |           0.26 |          0.24 |            |              | 0:00:02  |        9131 |      |     | 104 | 15 | 17 |
| area_reclaiming_4           |     0.000 |    0.005 |         0 |        0 |        0.35 |       0.49 |         0.00 |           0.25 |          0.23 |            |              | 0:00:02  |        9139 |      |     |  50 |  6 | 17 |
| drv_eco_fixing              |     0.000 |    0.005 |         0 |        0 |        0.35 |       0.49 |         0.00 |           0.25 |          0.24 |            |              | 0:00:01  |        9147 |    0 |   0 |  52 |  5 | 17 |
| power_reclaiming            |     0.000 |    0.005 |         0 |        0 |        0.35 |       0.50 |         0.00 |           0.26 |          0.24 |            |              | 0:00:00  |        9339 |      |     |  52 |  5 | 17 |
| power_reclaiming_2          |     0.000 |    0.001 |         0 |        0 |        0.35 |       0.50 |         0.00 |           0.26 |          0.24 |            |              | 0:00:01  |        9339 |      |     |  52 |  5 | 17 |
| final_summary               |           |    0.000 |           |        0 |        0.35 |            |              |                |               |            |              | 0:00:01  |        9035 |    0 |   0 |     |    |    |
 ---------------------------------------------------------------------------------------------------------------------------------------------------------------------------------------------------------------------------------------- 
