 ------------------------------------------------------------------------------------------------------------------------------------------------------------------------------------------------------------------------------------ 
| Snapshot                    | WNS                  | TNS                  | Density (%) | Power estimated                                            | Hotspot                   | Resource               | DRVs       | Layer-OPT |
|                             | HEPG (ns) | ALL (ns) | HEPG (ns) | ALL (ns) |             | Total (mW) | Leakage (mW) | Switching (mW) | Internal (mW) | Max (bins) | Total (bins) | Real (s) | Memory (MB) | Tran | Cap | M4  | M6  |
|-----------------------------+-----------+----------+-----------+----------+-------------+------------+--------------+----------------+---------------+------------+--------------+----------+-------------+------+-----+-----+-----|
| initial_summary             |           |   -0.006 |           |       -0 |        1.94 |            |              |                |               |            |              | 0:00:01  |        7890 |    0 |   0 |     |     |
| route_type_refinement       |           |          |           |          |             |            |              |                |               |            |              | 0:00:00  |        7890 |      |     |  50 |  20 |
| force_downsizing_area_power |           |   -1.209 |           |     -379 |        1.90 |       0.50 |         0.00 |           0.23 |          0.27 |            |              | 0:00:01  |        7920 |      |     |     |     |
| simplify_netlist            |           |          |           |          |             |       0.46 |         0.00 |           0.22 |          0.23 |            |              | 0:00:02  |        8485 |      |     |     |     |
| drv_fixing                  |           |          |           |          |             |       0.46 |         0.00 |           0.22 |          0.23 |            |              | 0:00:01  |        8485 |      |     |     |     |
| area_reclaiming             |     0.000 |   -1.209 |         0 |     -375 |        1.90 |       0.46 |         0.00 |           0.22 |          0.23 |            |              | 0:00:01  |        8477 |      |     |  49 |  20 |
| drv_fixing_2                |     0.000 |   -0.845 |         0 |     -225 |        2.11 |       0.46 |         0.00 |           0.23 |          0.23 |            |              | 0:00:02  |        8737 |    1 |   0 |  90 |  19 |
| global_sizing               |           |          |           |          |             |       0.46 |         0.00 |           0.23 |          0.24 |            |              | 0:00:03  |        8848 |      |     |     |     |
| global_opt                  |           |    0.002 |           |        0 |        2.13 |       0.47 |         0.00 |           0.23 |          0.24 |            |              | 0:00:03  |        8925 |      |     | 259 |  18 |
| area_reclaiming_2           |     0.000 |    0.006 |         0 |        0 |        2.02 |       0.46 |         0.00 |           0.23 |          0.24 |            |              | 0:00:02  |        8974 |      |     |  89 |  16 |
| incremental_replacement     |           |   -0.098 |           |       -1 |             |            |              |                |               |       0.00 |         0.00 | 0:00:27  |        8982 |      |     |     |     |
| drv_fixing_3                |     0.000 |   -0.024 |         0 |       -0 |        2.06 |       0.47 |         0.00 |           0.23 |          0.24 |            |              | 0:00:02  |        9022 |    0 |   0 | 101 |  16 |
| tns_fixing                  |     0.000 |   -0.024 |         0 |       -0 |        2.06 |       0.47 |         0.00 |           0.23 |          0.24 |            |              | 0:00:03  |        9214 |      |     | 101 |  16 |
| wns_fixing                  |     0.000 |    0.006 |         0 |        0 |        2.06 |       0.47 |         0.00 |           0.23 |          0.24 |            |              | 0:00:03  |        9238 |      |     | 108 |  17 |
| area_reclaiming_3           |     0.000 |   -0.002 |         0 |       -0 |        2.05 |       0.46 |         0.00 |           0.23 |          0.23 |            |              | 0:00:02  |        9078 |      |     | 166 |  16 |
| area_reclaiming_4           |     0.000 |   -0.001 |         0 |       -0 |        2.00 |       0.46 |         0.00 |           0.23 |          0.23 |            |              | 0:00:02  |        9078 |      |     |  57 |  16 |
| drv_eco_fixing              |     0.000 |   -0.001 |         0 |       -0 |        2.00 |       0.46 |         0.00 |           0.23 |          0.23 |            |              | 0:00:02  |        9086 |    0 |   0 |  59 |  16 |
| tns_eco_fixing              |     0.000 |    0.007 |         0 |        0 |        2.00 |       0.46 |         0.00 |           0.23 |          0.23 |            |              | 0:00:02  |        9278 |      |     |  60 |  16 |
| power_reclaiming            |     0.000 |    0.007 |         0 |        0 |        2.00 |       0.46 |         0.00 |           0.23 |          0.23 |            |              | 0:00:00  |        9278 |      |     |  60 |  16 |
| power_reclaiming_2          |     0.000 |    0.001 |         0 |        0 |        2.00 |       0.46 |         0.00 |           0.23 |          0.23 |            |              | 0:00:01  |        9278 |      |     |  60 |  16 |
| final_summary               |           |    0.001 |           |        0 |        2.00 |            |              |                |               |            |              | 0:00:01  |        8990 |    0 |   0 |     |     |
 ------------------------------------------------------------------------------------------------------------------------------------------------------------------------------------------------------------------------------------ 
