 -------------------------------------------------------------------------------------------------------------------------------------------------------------------------------------------------------------------------------- 
| Snapshot                | WNS                  | TNS                  | Density (%) | Power estimated                                            | Hotspot                   | Resource               | DRVs       | Layer-OPT |
|                         | HEPG (ns) | ALL (ns) | HEPG (ns) | ALL (ns) |             | Total (mW) | Leakage (mW) | Switching (mW) | Internal (mW) | Max (bins) | Total (bins) | Real (s) | Memory (MB) | Tran | Cap | M4        |
|-------------------------+-----------+----------+-----------+----------+-------------+------------+--------------+----------------+---------------+------------+--------------+----------+-------------+------+-----+-----------|
| initial_summary         |     5.917 |    3.756 |           |        0 |       71.78 |            |              |                |               |            |              | 0:00:04  |        7871 |    0 |   0 |           |
| route_type_refinement   |           |          |           |          |             |            |              |                |               |            |              | 0:00:00  |        7871 |      |     |         1 |
| simplify_netlist        |           |          |           |          |             |       1.02 |         0.00 |           0.24 |          0.78 |            |              | 0:00:02  |        7871 |      |     |           |
| excluded_clk_net_fixing |           |          |           |          |             |            |              |                |               |            |              | 0:00:00  |        7871 |      |     |           |
| global_opt              |           |    3.756 |           |        0 |       71.78 |       1.02 |         0.00 |           0.24 |          0.78 |            |              | 0:00:03  |        7871 |      |     |         1 |
| area_reclaiming         |     5.917 |    3.756 |         0 |        0 |       71.76 |       1.02 |         0.00 |           0.24 |          0.78 |            |              | 0:00:04  |        7871 |      |     |         1 |
| wns_fixing              |     5.917 |    3.756 |         0 |        0 |       71.76 |       1.02 |         0.00 |           0.24 |          0.78 |            |              | 0:00:02  |        7999 |      |     |         1 |
| area_reclaiming_2       |     5.904 |    3.756 |         0 |        0 |       71.73 |       1.02 |         0.00 |           0.24 |          0.78 |            |              | 0:00:12  |        7959 |      |     |         3 |
| area_reclaiming_3       |     5.874 |    3.756 |         0 |        0 |       71.72 |       1.02 |         0.00 |           0.24 |          0.78 |            |              | 0:00:04  |        7959 |      |     |         1 |
| power_reclaiming        |     5.875 |    3.756 |         0 |        0 |       71.72 |       1.02 |         0.00 |           0.24 |          0.78 |            |              | 0:00:02  |        8181 |      |     |         1 |
| local_wire_reclaim      |           |          |           |          |             |            |              |                |               |            |              | 0:00:14  |        8053 |      |     |           |
| global_route            |           |          |           |          |             |            |              |                |               |       0.00 |         0.00 | 0:00:02  |        7980 |      |     |           |
| route_type_refinement_2 |           |          |           |          |             |            |              |                |               |            |              | 0:00:01  |        7980 |      |     |         1 |
| drv_eco_fixing          |     5.877 |    3.756 |         0 |        0 |       71.76 |       1.02 |         0.00 |           0.24 |          0.78 |            |              | 0:00:02  |        8123 |    0 |   0 |         1 |
| power_reclaiming_2      |     5.864 |    3.756 |         0 |        0 |       71.75 |       1.02 |         0.00 |           0.24 |          0.78 |            |              | 0:00:08  |        8480 |      |     |         1 |
| final_summary           |     5.864 |    3.756 |           |        0 |       71.75 |            |              |                |               |       6.30 |         6.30 | 0:00:05  |        8422 |    0 |   0 |           |
 -------------------------------------------------------------------------------------------------------------------------------------------------------------------------------------------------------------------------------- 
