 ------------------------------------------------------------------------------------------------------------------------------------------------------------------------------------------------------------------------------------ 
| Snapshot                    | WNS                  | TNS                  | Density (%) | Power estimated                                            | Hotspot                   | Resource               | DRVs       | Layer-OPT |
|                             | HEPG (ns) | ALL (ns) | HEPG (ns) | ALL (ns) |             | Total (mW) | Leakage (mW) | Switching (mW) | Internal (mW) | Max (bins) | Total (bins) | Real (s) | Memory (MB) | Tran | Cap | M4        |
|-----------------------------+-----------+----------+-----------+----------+-------------+------------+--------------+----------------+---------------+------------+--------------+----------+-------------+------+-----+-----------|
| initial_summary             |           |    3.741 |           |        0 |       69.75 |            |              |                |               |            |              | 0:00:04  |        6564 |  500 | 264 |           |
| force_downsizing_area_power |           |    3.534 |           |        0 |       69.75 |       1.55 |         0.03 |           0.40 |          1.12 |            |              | 0:00:06  |        6564 |      |     |           |
| simplify_netlist            |           |          |           |          |             |       1.20 |         0.00 |           0.37 |          0.82 |            |              | 0:00:02  |        6583 |      |     |           |
| drv_fixing                  |     0.000 |    3.534 |         0 |        0 |       70.36 |       1.20 |         0.00 |           0.37 |          0.83 |            |              | 0:00:03  |        6671 |      |     |           |
| area_reclaiming             |     0.000 |    3.534 |         0 |        0 |       70.09 |       1.20 |         0.00 |           0.37 |          0.82 |            |              | 0:00:04  |        6711 |      |     |           |
| drv_fixing_2                |     0.000 |    3.728 |         0 |        0 |       72.01 |       1.15 |         0.00 |           0.37 |          0.77 |            |              | 0:00:07  |        6779 |    0 |   0 |        20 |
| global_sizing               |           |          |           |          |             |       1.15 |         0.00 |           0.37 |          0.77 |            |              | 0:00:02  |        6779 |      |     |           |
| global_opt                  |           |    3.728 |           |        0 |       72.01 |       1.15 |         0.00 |           0.37 |          0.77 |            |              | 0:00:02  |        6779 |      |     |        20 |
| area_reclaiming_2           |     0.000 |    3.744 |         0 |        0 |       71.69 |       1.15 |         0.00 |           0.37 |          0.77 |            |              | 0:00:08  |        6818 |      |     |           |
| incremental_replacement     |           |          |           |          |             |            |              |                |               |       7.08 |         7.08 | 0:00:32  |        7129 |      |     |           |
| area_reclaiming_3           |     6.101 |    3.757 |         0 |        0 |       71.60 |       1.15 |         0.00 |           0.37 |          0.77 |            |              | 0:00:14  |        7502 |      |     |         2 |
| area_reclaiming_4           |     6.101 |    3.764 |         0 |        0 |       71.59 |       1.15 |         0.00 |           0.37 |          0.77 |            |              | 0:00:04  |        7502 |      |     |           |
| drv_eco_fixing              |     6.101 |    3.764 |         0 |        0 |       71.62 |       1.15 |         0.00 |           0.37 |          0.77 |            |              | 0:00:02  |        7502 |    0 |   0 |         1 |
| power_reclaiming            |     6.101 |    3.764 |         0 |        0 |       71.62 |       1.15 |         0.00 |           0.37 |          0.77 |            |              | 0:00:02  |        7630 |      |     |         1 |
| power_reclaiming_2          |     6.101 |    3.761 |         0 |        0 |       71.61 |       1.15 |         0.00 |           0.37 |          0.77 |            |              | 0:00:03  |        7630 |      |     |         1 |
| final_summary               |     6.101 |    3.761 |           |        0 |       71.61 |            |              |                |               |            |              | 0:00:05  |        7430 |    0 |   0 |           |
 ------------------------------------------------------------------------------------------------------------------------------------------------------------------------------------------------------------------------------------ 
