-------------------------------------------------------------------------------
Name     : Shielded net name
Length   : Shielded net length
Shield   : Total length of shielding wire
Ratio    : Average shielding ratio
-------------------------------------------------------------------------------
Name          Length    Shield    Ratio   
                                         Layer:      Length     Shield  Ratio
-------------------------------------------------------------------------------
BPU/BTB/CTS_18:   preferred: M6 - M7
               304.5     442.2    0.726
                                             M2:       32.2       19.8  0.308
                                             M3:       91.0      124.2  0.682
                                             M4:       24.6       36.3  0.739
                                             M5:       10.8       12.2  0.567
                                             M6:       82.3      138.8  0.843
                                             M7:       63.6      110.9  0.871
BPU/BTB/CTS_27:   preferred: M6 - M7
               320.8     484.1    0.755
                                             M2:       47.3       41.6  0.439
                                             M3:      119.1      172.5  0.724
                                             M4:       26.9       30.6  0.570
                                             M5:       30.9       58.3  0.943
                                             M6:       43.3       82.6  0.953
                                             M7:       53.3       98.5  0.925
BPU/BTB/CTS_20:   preferred: M6 - M7
               282.8     434.3    0.768
                                             M2:       56.9       56.3  0.495
                                             M3:      132.8      203.6  0.767
                                             M4:       15.4       24.6  0.800
                                             M5:        8.1       14.0  0.863
                                             M6:       44.9       86.2  0.960
                                             M7:       24.8       49.5  1.000
BPU/BTB/CTS_12:   preferred: M6 - M7
               306.5     474.7    0.774
                                             M2:       49.3       43.4  0.440
                                             M3:      105.9      155.8  0.735
                                             M4:       27.9       41.3  0.742
                                             M5:       21.7       38.0  0.877
                                             M6:       49.3       91.4  0.926
                                             M7:       52.4      104.8  1.000
RF/CTS_6:   preferred: M6 - M7
               266.6     417.0    0.782
                                             M2:       48.4       55.9  0.577
                                             M3:       87.1      118.6  0.681
                                             M4:       23.5       37.0  0.788
                                             M5:       19.1       35.6  0.929
                                             M6:       46.4       90.5  0.975
                                             M7:       42.0       79.5  0.945
CTS_2:   preferred: M6 - M7
               312.9     489.6    0.782
                                             M2:       57.1       58.4  0.512
                                             M3:      102.3      153.5  0.750
                                             M4:       25.1       45.0  0.896
                                             M5:       11.6       17.1  0.734
                                             M6:       75.3      140.7  0.934
                                             M7:       41.5       74.9  0.903
BPU/BTB/CTS_21:   preferred: M6 - M7
               291.4     456.2    0.783
                                             M2:       48.3       45.0  0.466
                                             M3:      125.1      187.8  0.750
                                             M4:       15.8       25.3  0.804
                                             M5:       36.3       70.4  0.970
                                             M6:       49.8       95.4  0.958
                                             M7:       16.1       32.3  1.000
RF/CTS_2:   preferred: M6 - M7
               263.0     414.4    0.788
                                             M2:       55.0       58.9  0.535
                                             M3:      107.1      172.3  0.805
                                             M4:       23.8       34.4  0.722
                                             M5:       16.8       28.4  0.845
                                             M6:       44.4       88.7  0.998
                                             M7:       15.8       31.7  1.000
BPU/BTB/CTS_29:   preferred: M6 - M7
               309.2     492.5    0.796
                                             M2:       60.9       67.4  0.553
                                             M3:      121.4      185.3  0.763
                                             M4:       33.4       54.9  0.822
                                             M5:       19.6       38.6  0.984
                                             M6:       36.4       71.5  0.981
                                             M7:       37.4       74.9  1.000
BPU/BTB/CTS_28:   preferred: M6 - M7
               328.3     524.3    0.798
                                             M2:       42.0       30.0  0.357
                                             M3:      112.3      169.4  0.754
                                             M4:       29.2       47.9  0.822
                                             M5:       14.1       21.2  0.751
                                             M6:       74.2      142.9  0.963
                                             M7:       56.4      112.9  1.000
RF/CTS_5:   preferred: M6 - M7
               259.3     414.6    0.800
                                             M2:       49.7       56.7  0.571
                                             M3:       78.9      131.2  0.832
                                             M4:       23.5       38.0  0.808
                                             M5:       13.3       18.6  0.696
                                             M6:       40.8       67.8  0.831
                                             M7:       53.0      102.2  0.965
BPU/BTB/CTS_11:   preferred: M6 - M7
               289.0     462.9    0.801
                                             M2:       44.4       50.5  0.569
                                             M3:      131.6      201.5  0.765
                                             M4:       19.6       26.0  0.665
                                             M5:       17.1       32.6  0.955
                                             M6:       44.1       87.8  0.995
                                             M7:       32.3       64.5  1.000
BPU/BTB/CTS_3:   preferred: M6 - M7
               286.5     460.6    0.804
                                             M2:       43.1       41.7  0.483
                                             M3:      119.8      193.1  0.806
                                             M4:       28.3       47.9  0.846
                                             M5:       17.4       33.3  0.960
                                             M6:       40.5       69.8  0.862
                                             M7:       37.4       74.9  1.000
BPU/BTB/CTS_1:   preferred: M6 - M7
               308.7     496.7    0.805
                                             M2:       36.7       37.7  0.514
                                             M3:       88.3      124.6  0.706
                                             M4:       40.8       56.9  0.697
                                             M5:       45.6       86.4  0.948
                                             M6:       46.9       90.3  0.962
                                             M7:       50.4      100.8  1.000
BPU/BTB/CTS_7:   preferred: M6 - M7
               314.0     506.6    0.807
                                             M2:       53.3       55.3  0.519
                                             M3:      121.7      196.9  0.809
                                             M4:       12.8       19.5  0.761
                                             M5:       20.4       33.5  0.819
                                             M6:       64.6      119.3  0.924
                                             M7:       41.2       82.1  0.997
BPU/BTB/CTS_15:   preferred: M6 - M7
               304.5     493.3    0.810
                                             M2:       43.6       50.7  0.581
                                             M3:      118.8      176.1  0.741
                                             M4:       23.3       35.4  0.760
                                             M5:       14.1       25.3  0.894
                                             M6:       61.5      119.8  0.974
                                             M7:       43.2       86.1  0.996
BPU/BTB/CTS_2:   preferred: M6 - M7
               276.3     447.6    0.810
                                             M2:       41.0       40.1  0.489
                                             M3:       99.3      146.6  0.738
                                             M4:       16.3       29.2  0.893
                                             M5:       20.5       38.8  0.944
                                             M6:       44.6       84.0  0.941
                                             M7:       54.4      108.9  1.000
BPU/BTB/CTS_25:   preferred: M6 - M7
               307.5     504.2    0.820
                                             M2:       53.2       47.6  0.447
                                             M3:      133.7      226.9  0.849
                                             M4:       28.1       49.7  0.886
                                             M5:       14.1       25.4  0.896
                                             M6:       43.8       85.9  0.979
                                             M7:       34.6       68.7  0.994
BPU/BTB/CTS_23:   preferred: M6 - M7
               318.3     525.6    0.826
                                             M2:       58.3       58.2  0.499
                                             M3:      107.6      169.2  0.786
                                             M4:       13.5       24.1  0.890
                                             M5:       19.0       35.3  0.927
                                             M6:       55.4      109.8  0.992
                                             M7:       64.5      129.0  1.000
BPU/BTB/CTS_14:   preferred: M6 - M7
               313.3     520.1    0.830
                                             M2:       23.4       24.6  0.525
                                             M3:      117.4      168.8  0.719
                                             M4:       43.9       77.1  0.878
                                             M5:       20.7       35.1  0.846
                                             M6:       57.1      113.1  0.991
                                             M7:       50.7      101.4  1.000
BPU/BTB/CTS_17:   preferred: M6 - M7
               300.5     503.4    0.838
                                             M2:       51.9       50.2  0.483
                                             M3:      104.0      175.1  0.842
                                             M4:       26.5       45.5  0.858
                                             M5:       16.6       30.0  0.902
                                             M6:       54.2      108.1  0.997
                                             M7:       47.2       94.5  1.000
CTS_9:   preferred: M6 - M7
               273.0     460.0    0.843
                                             M2:       44.8       52.2  0.582
                                             M3:      117.4      190.0  0.809
                                             M4:       28.6       55.1  0.963
                                             M5:       15.4       29.8  0.969
                                             M6:       51.3      101.9  0.993
                                             M7:       15.6       31.1  1.000
CTS_23:   preferred: M6 - M7
               304.7     514.1    0.844
                                             M2:       33.4       30.8  0.461
                                             M3:      124.1      203.1  0.819
                                             M4:       22.7       32.5  0.717
                                             M5:       26.5       52.2  0.986
                                             M6:       77.0      153.3  0.995
                                             M7:       21.0       42.0  1.000
CTS_14:   preferred: M6 - M7
               323.6     547.1    0.845
                                             M2:       42.0       48.3  0.576
                                             M3:      120.6      186.6  0.774
                                             M4:       34.8       62.6  0.900
                                             M5:       19.4       36.3  0.937
                                             M6:       76.3      152.1  0.997
                                             M7:       30.5       61.1  1.000
BPU/BTB/CTS_10:   preferred: M6 - M7
               290.3     494.3    0.851
                                             M2:       61.3       67.1  0.547
                                             M3:      126.8      227.1  0.895
                                             M4:       13.8       23.6  0.858
                                             M5:       12.7       25.3  0.991
                                             M6:       52.1      104.0  0.999
                                             M7:       23.6       47.2  1.000
CTS_21:   preferred: M6 - M7
               291.7     496.9    0.852
                                             M2:       42.2       41.2  0.489
                                             M3:      116.4      205.0  0.881
                                             M4:       24.0       39.5  0.824
                                             M5:       14.4       24.7  0.859
                                             M6:       53.0      103.4  0.976
                                             M7:       41.8       83.1  0.995
BPU/BTB/CTS_8:   preferred: M6 - M7
               318.6     544.7    0.855
                                             M2:       43.7       43.2  0.493
                                             M3:      100.6      174.3  0.866
                                             M4:       46.9       80.2  0.856
                                             M5:       15.7       24.3  0.775
                                             M6:       65.1      129.5  0.995
                                             M7:       46.7       93.3  1.000
BPU/BTB/CTS_16:   preferred: M6 - M7
               309.4     531.5    0.859
                                             M2:       45.1       51.6  0.573
                                             M3:      123.0      209.9  0.853
                                             M4:       31.2       56.9  0.911
                                             M5:       15.2       27.4  0.902
                                             M6:       45.9       87.7  0.954
                                             M7:       49.0       97.9  1.000
BPU/BTB/CTS_22:   preferred: M6 - M7
               284.5     489.3    0.860
                                             M2:       40.9       46.3  0.567
                                             M3:       94.2      163.1  0.865
                                             M4:       22.0       33.0  0.749
                                             M5:       32.0       57.2  0.895
                                             M6:       73.0      144.7  0.991
                                             M7:       22.5       44.9  1.000
CTS_20:   preferred: M6 - M7
               311.1     535.3    0.860
                                             M2:       45.1       42.9  0.475
                                             M3:      100.3      169.5  0.845
                                             M4:       26.1       47.3  0.907
                                             M5:       16.9       32.9  0.975
                                             M6:       73.8      144.8  0.981
                                             M7:       49.0       97.9  1.000
BPU/BTB/CTS_9:   preferred: M6 - M7
               294.8     519.4    0.881
                                             M2:       33.5       31.6  0.473
                                             M3:      120.2      212.6  0.884
                                             M4:       28.2       53.5  0.950
                                             M5:       26.4       50.5  0.955
                                             M6:       56.8      111.8  0.984
                                             M7:       29.7       59.3  1.000
CTS_16:   preferred: M6 - M7
               323.0     572.3    0.886
                                             M2:       20.2       18.4  0.457
                                             M3:      110.9      186.3  0.840
                                             M4:       22.2       37.8  0.851
                                             M5:       19.2       36.6  0.953
                                             M6:       86.7      165.4  0.954
                                             M7:       63.9      127.9  1.000
CTS_15:   preferred: M6 - M7
               332.2     610.0    0.918
                                             M2:       30.0       36.9  0.616
                                             M3:       99.6      178.4  0.895
                                             M4:       43.0       76.6  0.891
                                             M5:       24.1       47.5  0.988
                                             M6:       88.9      177.3  0.997
                                             M7:       46.7       93.3  1.000
CTS_28:   preferred: M6 - M7
               388.5     750.6    0.966
                                             M2:        2.6        1.8  0.356
                                             M3:        5.5        3.9  0.350
                                             M4:        0.5        0.3  0.286
                                             M5:       17.8       34.3  0.965
                                             M6:      258.8      503.8  0.974
                                             M7:      103.4      206.4  0.998
CTS_24:   preferred: M6 - M7
               324.2     630.9    0.973
                                             M2:        3.0        2.2  0.373
                                             M3:        4.5        5.7  0.634
                                             M4:        2.1        2.2  0.532
                                             M5:        4.9        6.5  0.672
                                             M6:      131.8      258.3  0.980
                                             M7:      178.0      356.0  1.000
CTS_29:   preferred: M6 - M7
               185.4     364.4    0.983
                                             M2:        0.4        0.7  0.833
                                             M3:        1.5        1.0  0.336
                                             M4:        0.7        0.8  0.550
                                             M5:       12.9       25.6  0.993
                                             M6:       85.5      171.1  1.000
                                             M7:       84.4      165.2  0.979
CTS_12:   preferred: M6 - M7
               256.1     506.8    0.989
                                             M2:        0.9        0.4  0.250
                                             M3:        1.6        1.3  0.402
                                             M4:        0.4        0.3  0.400
                                             M5:        3.1        5.2  0.845
                                             M6:      122.9      244.9  0.996
                                             M7:      127.3      254.6  1.000
CTS_22:   preferred: M6 - M7
               335.0     664.7    0.992
                                             M2:        1.3        1.9  0.722
                                             M3:        1.7        2.8  0.803
                                             M4:       14.3       25.4  0.887
                                             M5:        1.7        3.3  0.972
                                             M6:      163.3      326.1  0.998
                                             M7:      152.6      305.3  1.000
clk:   preferred: M6 - M7
               479.6     956.6    0.997
                                             M2:        0.4        0.1  0.167
                                             M3:        0.6        0.1  0.111
                                             M4:        1.6        2.6  0.832
                                             M5:       10.5       20.8  0.989
                                             M6:      293.0      586.1  1.000
                                             M7:      173.4      346.8  1.000
-------------------------------------------------------------------------------

 Average ratio:                   0.848
                                             M2:         38.1       38.7  0.507
                                             M3:         94.7      150.6  0.795
                                             M4:         22.7       37.4  0.823
                                             M5:         17.9       32.5  0.910
                                             M6:         75.8      147.5  0.973
                                             M7:         55.7      110.2  0.989


