============================================================
  Generated by:           Genus(TM) Synthesis Solution 23.14-s090_1
  Generated on:           Jul 11 2026  10:41:13 pm
  Module:                 Multiplier32
  Operating conditions:   PVT_0P7V_25C (balanced_tree)
  Wireload mode:          enclosed
  Area mode:              timing library
============================================================

                                            
          Gate           Instances   Area                   Library                 
------------------------------------------------------------------------------------
A2O1A1Ixp33_ASAP7_75t_R          3    0.262    asap7sc7p5t_AO_RVT_TT_ccs_211120     
AND2x2_ASAP7_75t_R              15    1.312    asap7sc7p5t_SIMPLE_RVT_TT_ccs_211120 
AND2x4_ASAP7_75t_R               9    1.312    asap7sc7p5t_SIMPLE_RVT_TT_ccs_211120 
AND3x1_ASAP7_75t_R               2    0.175    asap7sc7p5t_SIMPLE_RVT_TT_ccs_211120 
AO21x1_ASAP7_75t_R               4    0.350    asap7sc7p5t_AO_RVT_TT_ccs_211120     
AO21x2_ASAP7_75t_R               2    0.204    asap7sc7p5t_AO_RVT_TT_ccs_211120     
AO22x1_ASAP7_75t_R              28    3.674    asap7sc7p5t_AO_RVT_TT_ccs_211120     
AOI211xp5_ASAP7_75t_R            2    0.175    asap7sc7p5t_AO_RVT_TT_ccs_211120     
AOI21x1_ASAP7_75t_R              1    0.117    asap7sc7p5t_AO_RVT_TT_ccs_211120     
AOI21xp33_ASAP7_75t_R            3    0.219    asap7sc7p5t_AO_RVT_TT_ccs_211120     
AOI21xp5_ASAP7_75t_R            43    3.135    asap7sc7p5t_AO_RVT_TT_ccs_211120     
AOI221xp5_ASAP7_75t_R            9    0.919    asap7sc7p5t_AO_RVT_TT_ccs_211120     
AOI22x1_ASAP7_75t_R             10    1.458    asap7sc7p5t_AO_RVT_TT_ccs_211120     
AOI22xp5_ASAP7_75t_R           470   41.116    asap7sc7p5t_AO_RVT_TT_ccs_211120     
AOI321xp33_ASAP7_75t_R           2    0.233    asap7sc7p5t_AO_RVT_TT_ccs_211120     
BUFx2_ASAP7_75t_R                9    0.656    asap7sc7p5t_INVBUF_RVT_TT_ccs_211120 
BUFx3_ASAP7_75t_R                6    0.525    asap7sc7p5t_INVBUF_RVT_TT_ccs_211120 
DFFASRHQNx1_ASAP7_75t_R         64   24.261    asap7sc7p5t_SEQ_RVT_TT_ccs_220123    
FAx1_ASAP7_75t_R                57   11.635    asap7sc7p5t_SIMPLE_RVT_TT_ccs_211120 
HAxp5_ASAP7_75t_R                9    1.181    asap7sc7p5t_SIMPLE_RVT_TT_ccs_211120 
HB1xp67_ASAP7_75t_R              2    0.117    asap7sc7p5t_INVBUF_RVT_TT_ccs_211120 
INVx11_ASAP7_75t_R               1    0.190    asap7sc7p5t_INVBUF_RVT_TT_ccs_211120 
INVx1_ASAP7_75t_R              190    8.311    asap7sc7p5t_INVBUF_RVT_TT_ccs_211120 
INVx2_ASAP7_75t_R               58    3.383    asap7sc7p5t_INVBUF_RVT_TT_ccs_211120 
INVx3_ASAP7_75t_R               18    1.312    asap7sc7p5t_INVBUF_RVT_TT_ccs_211120 
INVx4_ASAP7_75t_R               12    1.050    asap7sc7p5t_INVBUF_RVT_TT_ccs_211120 
INVx5_ASAP7_75t_R                2    0.204    asap7sc7p5t_INVBUF_RVT_TT_ccs_211120 
INVx6_ASAP7_75t_R                1    0.117    asap7sc7p5t_INVBUF_RVT_TT_ccs_211120 
INVx8_ASAP7_75t_R                5    0.729    asap7sc7p5t_INVBUF_RVT_TT_ccs_211120 
INVxp33_ASAP7_75t_R              9    0.394    asap7sc7p5t_INVBUF_RVT_TT_ccs_211120 
INVxp67_ASAP7_75t_R            270   11.810    asap7sc7p5t_INVBUF_RVT_TT_ccs_211120 
MAJIxp5_ASAP7_75t_R            314   32.047    asap7sc7p5t_SIMPLE_RVT_TT_ccs_211120 
MAJx2_ASAP7_75t_R              154   20.208    asap7sc7p5t_SIMPLE_RVT_TT_ccs_211120 
NAND2x1_ASAP7_75t_R              2    0.175    asap7sc7p5t_SIMPLE_RVT_TT_ccs_211120 
NAND2xp33_ASAP7_75t_R           27    1.575    asap7sc7p5t_SIMPLE_RVT_TT_ccs_211120 
NAND2xp5_ASAP7_75t_R           119    6.940    asap7sc7p5t_SIMPLE_RVT_TT_ccs_211120 
NAND3xp33_ASAP7_75t_R            8    0.583    asap7sc7p5t_SIMPLE_RVT_TT_ccs_211120 
NAND4xp25_ASAP7_75t_R            1    0.087    asap7sc7p5t_SIMPLE_RVT_TT_ccs_211120 
NAND4xp75_ASAP7_75t_R            1    0.204    asap7sc7p5t_SIMPLE_RVT_TT_ccs_211120 
NOR2x1_ASAP7_75t_R               1    0.087    asap7sc7p5t_SIMPLE_RVT_TT_ccs_211120 
NOR2x1p5_ASAP7_75t_R             1    0.117    asap7sc7p5t_SIMPLE_RVT_TT_ccs_211120 
NOR2xp33_ASAP7_75t_R            82    4.782    asap7sc7p5t_SIMPLE_RVT_TT_ccs_211120 
NOR2xp67_ASAP7_75t_R            10    0.875    asap7sc7p5t_SIMPLE_RVT_TT_ccs_211120 
NOR3xp33_ASAP7_75t_R             5    0.365    asap7sc7p5t_SIMPLE_RVT_TT_ccs_211120 
NOR4xp25_ASAP7_75t_R             1    0.087    asap7sc7p5t_SIMPLE_RVT_TT_ccs_211120 
O2A1O1Ixp33_ASAP7_75t_R          7    0.612    asap7sc7p5t_OA_RVT_TT_ccs_211120     
OA21x2_ASAP7_75t_R               4    0.408    asap7sc7p5t_OA_RVT_TT_ccs_211120     
OA22x2_ASAP7_75t_R               1    0.146    asap7sc7p5t_OA_RVT_TT_ccs_211120     
OAI211xp5_ASAP7_75t_R            8    0.700    asap7sc7p5t_OA_RVT_TT_ccs_211120     
OAI21x1_ASAP7_75t_R              1    0.117    asap7sc7p5t_OA_RVT_TT_ccs_211120     
OAI21xp33_ASAP7_75t_R            7    0.510    asap7sc7p5t_OA_RVT_TT_ccs_211120     
OAI21xp5_ASAP7_75t_R            80    5.832    asap7sc7p5t_OA_RVT_TT_ccs_211120     
OAI221xp5_ASAP7_75t_R            1    0.102    asap7sc7p5t_OA_RVT_TT_ccs_211120     
OAI22x1_ASAP7_75t_R              7    1.021    asap7sc7p5t_OA_RVT_TT_ccs_211120     
OAI22xp33_ASAP7_75t_R            3    0.262    asap7sc7p5t_OA_RVT_TT_ccs_211120     
OAI22xp5_ASAP7_75t_R           512   44.790    asap7sc7p5t_OA_RVT_TT_ccs_211120     
OAI311xp33_ASAP7_75t_R           1    0.102    asap7sc7p5t_OA_RVT_TT_ccs_211120     
OAI31xp33_ASAP7_75t_R            2    0.175    asap7sc7p5t_OA_RVT_TT_ccs_211120     
OR2x2_ASAP7_75t_R               12    1.050    asap7sc7p5t_SIMPLE_RVT_TT_ccs_211120 
OR2x4_ASAP7_75t_R                1    0.117    asap7sc7p5t_SIMPLE_RVT_TT_ccs_211120 
OR2x6_ASAP7_75t_R                1    0.175    asap7sc7p5t_SIMPLE_RVT_TT_ccs_211120 
OR3x1_ASAP7_75t_R                1    0.087    asap7sc7p5t_SIMPLE_RVT_TT_ccs_211120 
XNOR2x1_ASAP7_75t_R              1    0.175    asap7sc7p5t_SIMPLE_RVT_TT_ccs_211120 
XNOR2x2_ASAP7_75t_R              3    0.481    asap7sc7p5t_SIMPLE_RVT_TT_ccs_211120 
XNOR2xp5_ASAP7_75t_R           585   76.764    asap7sc7p5t_SIMPLE_RVT_TT_ccs_211120 
XOR2x1_ASAP7_75t_R               1    0.175    asap7sc7p5t_SIMPLE_RVT_TT_ccs_211120 
XOR2x2_ASAP7_75t_R               3    0.481    asap7sc7p5t_SIMPLE_RVT_TT_ccs_211120 
XOR2xp5_ASAP7_75t_R            320   41.990    asap7sc7p5t_SIMPLE_RVT_TT_ccs_211120 
------------------------------------------------------------------------------------
total                         3604  364.937                                         


               Library               Instances   Area  Instances % 
-------------------------------------------------------------------
asap7sc7p5t_AO_RVT_TT_ccs_211120           577  51.861        16.0 
asap7sc7p5t_INVBUF_RVT_TT_ccs_211120       583  28.796        16.2 
asap7sc7p5t_OA_RVT_TT_ccs_211120           634  54.777        17.6 
asap7sc7p5t_SEQ_RVT_TT_ccs_220123           64  24.261         1.8 
asap7sc7p5t_SIMPLE_RVT_TT_ccs_211120      1746 205.243        48.4 

                                        
     Type      Instances   Area  Area % 
----------------------------------------
sequential            64  24.261    6.6 
inverter             566  27.498    7.5 
buffer                17   1.298    0.4 
logic               2957 311.881   85.5 
physical_cells         0   0.000    0.0 
----------------------------------------
total               3604 364.937  100.0 

