============================================================
  Generated by:           Genus(TM) Synthesis Solution 23.14-s090_1
  Generated on:           Jul 11 2026  10:41:13 pm
  Module:                 Multiplier32
  Operating conditions:   PVT_0P7V_25C (balanced_tree)
  Wireload mode:          enclosed
  Area mode:              timing library
============================================================

Timing
--------

Analysis view Clock Period 
---------------------------
tt            CLK   1000.0 


Analysis   Cost   Critical        Violating 
  View    Group  Path Slack  TNS    Paths   
--------------------------------------------
tt           CLK        0.0  0.0          0 
         default   No paths  0.0          0 
--------------------------------------------
Total                       -0.0          0 
                                            

Instance Count
--------------
Leaf Instance Count             3604 
Physical Instance count            0 
Sequential Instance Count         64 
Combinational Instance Count    3540 
Hierarchical Instance Count        0 

Area
----
Cell Area                          364.937
Physical Cell Area                 0.000
Total Cell Area (Cell+Physical)    364.937
Net Area                           0.000
Total Area (Cell+Physical+Net)     364.937

Max Fanout                         64 (iclk)
Min Fanout                         0 (n_64)
Average Fanout                     2.6
Terms to net ratio                 3.5931
Terms to instance ratio            3.6798
Runtime                            92.47941299999994 seconds
Elapsed Runtime                    75 seconds
Genus peak memory usage            2822.11 
Innovus peak memory usage          no_value 
Hostname                           user1-EliteMini
