Status          Golden                            Revised                          CPU / Elapsed Time
-----------------------------------------------------------------------------------------------------
Equivalent    : sa_B_channel_MST_AMT4_OUTSTANDING_AMT4_MST_ID_W2_TRANS_MST_ID_W5_TRANS_SLV_ID_W7_TRANS_WR_RESP_W2_6  sa_B_channel_MST_AMT4_OUTSTANDING_AMT4_MST_ID_W2_TRANS_MST_ID_W5_TRANS_SLV_ID_W7_TRANS_WR_RESP_W2_6 0.03 sec  0 sec
Equivalent    : sa_R_channel_MST_AMT4_OUTSTANDING_AMT4_MST_ID_W2_DATA_WIDTH32_ADDR_WIDTH32_TRANS_MST_ID_W5_TRANS_SLV_ID_W7_DSP_RID_W5_1  sa_R_channel_MST_AMT4_OUTSTANDING_AMT4_MST_ID_W2_DATA_WIDTH32_ADDR_WIDTH32_TRANS_MST_ID_W5_TRANS_SLV_ID_W7_DSP_RID_W5_1 0.14 sec  0 sec
Equivalent    : tcm_SIZE_BYTES16384_HAS_FETCH_PORT1  tcm_SIZE_BYTES16384_HAS_FETCH_PORT1 0.06 sec  0 sec
Equivalent    : asap7_sram_1rw_ADDR_W11_DATA_W32_1  asap7_sram_1rw_ADDR_W11_DATA_W32_1 0.02 sec  0 sec
Equivalent    : sa_B_channel_MST_AMT4_OUTSTANDING_AMT4_MST_ID_W2_TRANS_MST_ID_W5_TRANS_SLV_ID_W7_TRANS_WR_RESP_W2_3  sa_B_channel_MST_AMT4_OUTSTANDING_AMT4_MST_ID_W2_TRANS_MST_ID_W5_TRANS_SLV_ID_W7_TRANS_WR_RESP_W2_3 0.03 sec  0 sec
Equivalent    : arbiter_iwrr_1cycle_P_REQUESTER_NUM4_P_REQUESTER_WEIGHTx00000005000000040000000300000001_P_NUM_GRANT_REQ_W1_7  arbiter_iwrr_1cycle_P_REQUESTER_NUM4_P_REQUESTER_WEIGHTx00000005000000040000000300000001_P_NUM_GRANT_REQ_W1_7 0.04 sec  0 sec
Equivalent    : asap7_sram_1rw_ADDR_W15_DATA_W32  asap7_sram_1rw_ADDR_W15_DATA_W32 0.27 sec  0 sec
Equivalent    : asap7_sram_1rw_ADDR_W12_DATA_W32  asap7_sram_1rw_ADDR_W12_DATA_W32 0.06 sec  0 sec
Equivalent    : ascon_core                        ascon_core                       0.52 sec  0 sec
Equivalent    : asap7_sram_1rw_ADDR_W11_DATA_W32_3  asap7_sram_1rw_ADDR_W11_DATA_W32_3 0.02 sec  0 sec
Equivalent    : sa_B_channel_MST_AMT4_OUTSTANDING_AMT4_MST_ID_W2_TRANS_MST_ID_W5_TRANS_SLV_ID_W7_TRANS_WR_RESP_W2_5  sa_B_channel_MST_AMT4_OUTSTANDING_AMT4_MST_ID_W2_TRANS_MST_ID_W5_TRANS_SLV_ID_W7_TRANS_WR_RESP_W2_5 0.03 sec  0 sec
Equivalent    : arbiter_iwrr_1cycle_P_REQUESTER_NUM4_P_REQUESTER_WEIGHTx00000005000000040000000300000001_P_NUM_GRANT_REQ_W1_11  arbiter_iwrr_1cycle_P_REQUESTER_NUM4_P_REQUESTER_WEIGHTx00000005000000040000000300000001_P_NUM_GRANT_REQ_W1_11 0.03 sec  0 sec
Equivalent    : arbiter_iwrr_1cycle_P_REQUESTER_NUM4_P_REQUESTER_WEIGHTx00000005000000040000000300000001_P_NUM_GRANT_REQ_W1_9  arbiter_iwrr_1cycle_P_REQUESTER_NUM4_P_REQUESTER_WEIGHTx00000005000000040000000300000001_P_NUM_GRANT_REQ_W1_9 0.03 sec  0 sec
Equivalent    : sa_B_channel_MST_AMT4_OUTSTANDING_AMT4_MST_ID_W2_TRANS_MST_ID_W5_TRANS_SLV_ID_W7_TRANS_WR_RESP_W2_2  sa_B_channel_MST_AMT4_OUTSTANDING_AMT4_MST_ID_W2_TRANS_MST_ID_W5_TRANS_SLV_ID_W7_TRANS_WR_RESP_W2_2 0.03 sec  0 sec
Equivalent    : sa_R_channel_MST_AMT4_OUTSTANDING_AMT4_MST_ID_W2_DATA_WIDTH32_ADDR_WIDTH32_TRANS_MST_ID_W5_TRANS_SLV_ID_W7_DSP_RID_W5  sa_R_channel_MST_AMT4_OUTSTANDING_AMT4_MST_ID_W2_DATA_WIDTH32_ADDR_WIDTH32_TRANS_MST_ID_W5_TRANS_SLV_ID_W7_DSP_RID_W5 0.13 sec  0 sec
Equivalent    : asap7_sram_1rw_ADDR_W11_DATA_W32_2  asap7_sram_1rw_ADDR_W11_DATA_W32_2 0.02 sec  0 sec
Equivalent    : asap7_sram_1rw_ADDR_W11_DATA_W32  asap7_sram_1rw_ADDR_W11_DATA_W32 0.02 sec  0 sec
Equivalent    : sa_R_channel_MST_AMT4_OUTSTANDING_AMT4_MST_ID_W2_DATA_WIDTH32_ADDR_WIDTH32_TRANS_MST_ID_W5_TRANS_SLV_ID_W7_DSP_RID_W5_5  sa_R_channel_MST_AMT4_OUTSTANDING_AMT4_MST_ID_W2_DATA_WIDTH32_ADDR_WIDTH32_TRANS_MST_ID_W5_TRANS_SLV_ID_W7_DSP_RID_W5_5 0.14 sec  0 sec
Equivalent    : axi_ram_ID_WIDTH7_ADDR_MASK32h0001ffff_MEM_DEPTH32768  axi_ram_ID_WIDTH7_ADDR_MASK32h0001ffff_MEM_DEPTH32768 0.10 sec  0 sec
Equivalent    : arbiter_iwrr_1cycle_P_REQUESTER_NUM4_P_REQUESTER_WEIGHTx00000005000000040000000300000001_P_NUM_GRANT_REQ_W1_5  arbiter_iwrr_1cycle_P_REQUESTER_NUM4_P_REQUESTER_WEIGHTx00000005000000040000000300000001_P_NUM_GRANT_REQ_W1_5 0.03 sec  0 sec
Equivalent    : rv_jtag_dtm                       rv_jtag_dtm                      0.06 sec  0 sec
Equivalent    : sa_B_channel_MST_AMT4_OUTSTANDING_AMT4_MST_ID_W2_TRANS_MST_ID_W5_TRANS_SLV_ID_W7_TRANS_WR_RESP_W2_4  sa_B_channel_MST_AMT4_OUTSTANDING_AMT4_MST_ID_W2_TRANS_MST_ID_W5_TRANS_SLV_ID_W7_TRANS_WR_RESP_W2_4 0.03 sec  0 sec
Equivalent    : arbiter_iwrr_1cycle_P_REQUESTER_NUM4_P_REQUESTER_WEIGHTx00000005000000040000000300000001_P_NUM_GRANT_REQ_W1_8  arbiter_iwrr_1cycle_P_REQUESTER_NUM4_P_REQUESTER_WEIGHTx00000005000000040000000300000001_P_NUM_GRANT_REQ_W1_8 0.03 sec  0 sec
Equivalent    : axi_ram_ID_WIDTH7_ADDR_MASK32h0001ffff_MEM_DEPTH32768_1  axi_ram_ID_WIDTH7_ADDR_MASK32h0001ffff_MEM_DEPTH32768_1 0.09 sec  0 sec
Equivalent    : sa_B_channel_MST_AMT4_OUTSTANDING_AMT4_MST_ID_W2_TRANS_MST_ID_W5_TRANS_SLV_ID_W7_TRANS_WR_RESP_W2_1  sa_B_channel_MST_AMT4_OUTSTANDING_AMT4_MST_ID_W2_TRANS_MST_ID_W5_TRANS_SLV_ID_W7_TRANS_WR_RESP_W2_1 0.03 sec  0 sec
Equivalent    : axi_rom_ID_WIDTH7_ADDR_MASK32h00007fff_MEM_DEPTH8192_INIT_FILE152h72746c2f6d656d6f72792f626f6f742e6d656d  axi_rom_ID_WIDTH7_ADDR_MASK32h00007fff_MEM_DEPTH8192_INIT_FILE152h72746c2f6d656d6f72792f626f6f742e6d656d 0.07 sec  0 sec
Equivalent    : sa_B_channel_MST_AMT4_OUTSTANDING_AMT4_MST_ID_W2_TRANS_MST_ID_W5_TRANS_SLV_ID_W7_TRANS_WR_RESP_W2  sa_B_channel_MST_AMT4_OUTSTANDING_AMT4_MST_ID_W2_TRANS_MST_ID_W5_TRANS_SLV_ID_W7_TRANS_WR_RESP_W2 0.03 sec  0 sec
Equivalent    : asap7_sram_1rw_ADDR_W12_DATA_W32_1  asap7_sram_1rw_ADDR_W12_DATA_W32_1 0.04 sec  1 sec
Equivalent    : asap7_sram_1rw_ADDR_W15_DATA_W32_1  asap7_sram_1rw_ADDR_W15_DATA_W32_1 0.26 sec  1 sec
Equivalent    : sa_R_channel_MST_AMT4_OUTSTANDING_AMT4_MST_ID_W2_DATA_WIDTH32_ADDR_WIDTH32_TRANS_MST_ID_W5_TRANS_SLV_ID_W7_DSP_RID_W5_4  sa_R_channel_MST_AMT4_OUTSTANDING_AMT4_MST_ID_W2_DATA_WIDTH32_ADDR_WIDTH32_TRANS_MST_ID_W5_TRANS_SLV_ID_W7_DSP_RID_W5_4 0.13 sec  1 sec
Equivalent    : top_soc                           top_soc                          68.79 sec  70 sec
Dyn-flattened (NEQ): data_cache_C_CACHE_SIZE16384_C_BLOCK_SIZE16_C_WAYS2_STORE_BUF_DEPTH4  data_cache_C_CACHE_SIZE16384_C_BLOCK_SIZE16_C_WAYS2_STORE_BUF_DEPTH4 55.22 sec 57 sec
Dyn-flattened (NEQ): apb_gpio                          apb_gpio                         0.15 sec 0 sec
Dyn-flattened (NEQ): apb_watchdog                      apb_watchdog                     0.05 sec 1 sec
Dyn-flattened (NEQ): instruction_cache_C_CACHE_SIZE16384_C_BLOCK_SIZE16_C_WAYS2  instruction_cache_C_CACHE_SIZE16384_C_BLOCK_SIZE16_C_WAYS2 1.23 sec 1 sec
Dyn-flattened (NEQ): apb_i2c                           apb_i2c                          0.15 sec 0 sec
Dyn-flattened (NEQ): arbiter_iwrr_1cycle_P_REQUESTER_NUM4_P_REQUESTER_WEIGHTx00000005000000040000000300000001_P_NUM_GRANT_REQ_W1_10  arbiter_iwrr_1cycle_P_REQUESTER_NUM4_P_REQUESTER_WEIGHTx00000005000000040000000300000001_P_NUM_GRANT_REQ_W1_10 0.03 sec 0 sec
Dyn-flattened (NEQ): rv_debug_module_sba               rv_debug_module_sba              0.13 sec 0 sec
Dyn-flattened (NEQ): arbiter_iwrr_1cycle_P_REQUESTER_NUM4_P_REQUESTER_WEIGHTx00000005000000040000000300000001_P_NUM_GRANT_REQ_W1_13  arbiter_iwrr_1cycle_P_REQUESTER_NUM4_P_REQUESTER_WEIGHTx00000005000000040000000300000001_P_NUM_GRANT_REQ_W1_13 0.03 sec 0 sec
Dyn-flattened (NEQ): dma_engine_N_CH4_N_CH_W2_ADDR_W32_LEN_W4_ID_W4_FIFO_DEPTH16_MAX_BURST64_BURST_W7_TOKEN_W4_OUT_W4_TIMEOUT_W12_PERIPH_NUM_W5_LEN_FIELD_W16_APB_ADDR_W14_DEF_TOKENS4_DEF_OUTS4  dma_engine_N_CH4_N_CH_W2_ADDR_W32_LEN_W4_ID_W4_FIFO_DEPTH16_MAX_BURST64_BURST_W7_TOKEN_W4_OUT_W4_TIMEOUT_W12_PERIPH_NUM_W5_LEN_FIELD_W16_APB_ADDR_W14_DEF_TOKENS4_DEF_OUTS4 47.76 sec 49 sec
Dyn-flattened (NEQ): clic_NUM_IRQ32_CTLBITS3_TRIG_EDGE_RST67108864  clic_NUM_IRQ32_CTLBITS3_TRIG_EDGE_RST67108864 0.83 sec 1 sec
Dyn-flattened (NEQ): arbiter_iwrr_1cycle_P_REQUESTER_NUM4_P_REQUESTER_WEIGHTx00000005000000040000000300000001_P_NUM_GRANT_REQ_W1_3  arbiter_iwrr_1cycle_P_REQUESTER_NUM4_P_REQUESTER_WEIGHTx00000005000000040000000300000001_P_NUM_GRANT_REQ_W1_3 0.03 sec 0 sec
Dyn-flattened (NEQ): riscv_pipeline                    riscv_pipeline                   13.79 sec 14 sec
Dyn-flattened (NEQ): sa_R_channel_MST_AMT4_OUTSTANDING_AMT4_MST_ID_W2_DATA_WIDTH32_ADDR_WIDTH32_TRANS_MST_ID_W5_TRANS_SLV_ID_W7_DSP_RID_W5_6  sa_R_channel_MST_AMT4_OUTSTANDING_AMT4_MST_ID_W2_DATA_WIDTH32_ADDR_WIDTH32_TRANS_MST_ID_W5_TRANS_SLV_ID_W7_DSP_RID_W5_6 1.26 sec 1 sec
Dyn-flattened (NEQ): apb_syscon                        apb_syscon                       0.05 sec 0 sec
Dyn-flattened (NEQ): tcm_SIZE_BYTES16384_HAS_FETCH_PORT0  tcm_SIZE_BYTES16384_HAS_FETCH_PORT0 0.06 sec 0 sec
================================================================================

Hierarchical compare : Equivalent 

