/Cadence/SSV/tools.lnx86/ssvtools/bin/64bit/voltus_rail -temp_directory_name /tmp/ssv_tmpdir_2240156_2669a1ca-5154-4963-848d-fd07d95685f6_SENY5Y -cmd /tmp/ssv_tmpdir_2240156_2669a1ca-5154-4963-848d-fd07d95685f6_SENY5Y/voltus_rail_2240156.cmd -machine user1-EliteMini -hbPort -1 
* voltus_rail
*	Version v23.15-s090_1 (07/17/2025 20:53:35)
*	Copyright 2007 - 2017 Cadence Design Systems, Inc.
*
*	Run by user1 on Sun Oct 11 12:55:56 2026

*	Executing 64 bit version on host: user1-EliteMini
*
* Current Process Limit (in bytes):
*    Data Size	: 18014398509481983k
*    File Size	: 18014398509481983k
*    Memory	: 18014398509481983k
*    Stack Size	: 59392k
*    Descriptors: 1024 
*
Executing: nga_dp_hosts max_cpu=1 mode=local time_out=3600 
Executing: layout_file /home/user1/Desktop/Script_Backend/Asap7/run_workspace/mcu/innovus/outputs/top_soc_pnr.def 
Executing: cell_library /home/user1/Desktop/Script_Backend/Asap7/run_workspace/mcu/voltus/outputs/rail_VSS/era_work/incremental_output0/pgv/techonly.cl 
Executing: use_cell_view type standard fast 
Executing: use_cell_view type macro fast_accurate 
Executing: use_cell_view type io fast_accurate 
Executing: nga_setvar nga_enable_new_transient_analysis true 
Executing: nga_setvar nga_current_redistribution true 
Executing: nga_setvar nga_protect_rail_simulation_time false 
Executing: layout_file -lef /home/user1/Desktop/Script_Backend/Asap7/asap7/asap7sc7p5t_28/techlef_misc/asap7_tech_1x_201209.fixed.lef 
Executing: layout_file -lef /home/user1/Desktop/asap7/asap7sc7p5t_28/LEF/asap7sc7p5t_28_R_1x_220121a.lef 
Executing: layout_file -lef /home/user1/Desktop/asap7/asap7sc7p5t_28/LEF/asap7sc7p5t_28_L_1x_220121a.lef 
Executing: layout_file -lef /home/user1/Desktop/Script_Backend/Asap7/asap7/asap7sc7p5t_28/techlef_misc/srambank_256x4x32_6t122.fixed.lef 
Executing: layout_file -lef /home/user1/Desktop/Script_Backend/Asap7/asap7/asap7sc7p5t_28/techlef_misc/srambank_128x4x20_6t122.fixed.lef 
Executing: net_voltage VDD 0.7 0.65 
Executing: power_pin_supply_tolerance 0.49 0.91 net=VDD 
Executing: net_voltage VSS 0 0.05 
Executing: power_pin_supply_tolerance 0 0.3 net=VSS 
Executing: power_pin VDD toplevel=true 
Executing: power_pin VSS toplevel=true 


Started Rail Analysis at 12:55:55 10/11/2026


Multi-CPU Configuration:
	#CPU: 1
	Mode: local
	Host: user1-EliteMini
Executing: analyze VSS 0 avg 0.05 ir tc rc iv rv vc pv pi 
*** Error: In processing command script
** ERROR: (VOLTUS_RAIL-1152): No instance or cell power file specified for power type avg.
Use the command "set_power_data" to specify the power file.

1 error was found while processing the file /tmp/ssv_tmpdir_2240156_2669a1ca-5154-4963-848d-fd07d95685f6_SENY5Y/voltus_rail_2240156.cmd
Executing: shutdown_launch_child 

Rail Analysis Statistics:
Warning messages:      0
Error messages:        1

Rail Analysis is unsuccessful due to errors.

Finished Rail Analysis at 12:55:56 10/11/2026 (cpu=0:00:00, real=0:00:01, peak mem=0.00MB)
Current Voltus resource usage: (total cpu=0:00:00, real=0:00:00, mem=0.00MB)
voltus_rail exited unsuccessfully.
